[13-Mar-2026 11:41:09 UTC] Successfully loaded .env from: C:\Users\Pablo\Documents\GitHub\nine-screen-canvas-flow/.env
[13-Mar-2026 11:41:09 UTC] syncClerkSession - Refreshing paid status for: ptrigol@gmail.com
[13-Mar-2026 11:41:10 UTC] Purchases database connection failed: SQLSTATE[HY000] [1045] Access denied for user 'alvarotrigo_alvarotrigo'@'79.117.116.182' (using password: YES)
[13-Mar-2026 11:41:10 UTC] Attempted connection to: host=nocn.noc-n.com, dbname=alvarotrigo_alvarotrigo, user=alvarotrigo_alvarotrigo
[13-Mar-2026 11:41:10 UTC] Error checking user paid status: Purchases database connection failed: SQLSTATE[HY000] [1045] Access denied for user 'alvarotrigo_alvarotrigo'@'79.117.116.182' (using password: YES)
[13-Mar-2026 11:41:10 UTC] MySQL select query: SELECT * FROM `users` WHERE `email` = :where_email_0 AND `pro_status_source` = :where_pro_status_source_1
[13-Mar-2026 11:41:10 UTC] MySQL select params: {"where_email_0":"ptrigol@gmail.com","where_pro_status_source_1":"polar"}
[13-Mar-2026 11:41:10 UTC] MySQL select returned 0 rows
[13-Mar-2026 11:41:10 UTC] MySQL select query: SELECT * FROM `subscriptions` WHERE `customer_email` = :where_customer_email_0 AND `status` = :where_status_1
[13-Mar-2026 11:41:10 UTC] MySQL select params: {"where_customer_email_0":"ptrigol@gmail.com","where_status_1":"active"}
[13-Mar-2026 11:41:10 UTC] MySQL select returned 0 rows
[13-Mar-2026 11:41:10 UTC] syncClerkSession - Paid status refreshed: is_paid=false
[13-Mar-2026 11:41:10 UTC] Successfully loaded .env from: C:\Users\Pablo\Documents\GitHub\nine-screen-canvas-flow/.env
[13-Mar-2026 11:46:12 UTC] Successfully loaded .env from: C:\Users\Pablo\Documents\GitHub\nine-screen-canvas-flow/.env
[13-Mar-2026 11:46:12 UTC] syncClerkSession - Refreshing paid status for: ptrigol@gmail.com
[13-Mar-2026 11:46:12 UTC] Purchases database connection failed: SQLSTATE[HY000] [1045] Access denied for user 'alvarotrigo_alvarotrigo'@'79.117.116.182' (using password: YES)
[13-Mar-2026 11:46:12 UTC] Attempted connection to: host=nocn.noc-n.com, dbname=alvarotrigo_alvarotrigo, user=alvarotrigo_alvarotrigo
[13-Mar-2026 11:46:12 UTC] Error checking user paid status: Purchases database connection failed: SQLSTATE[HY000] [1045] Access denied for user 'alvarotrigo_alvarotrigo'@'79.117.116.182' (using password: YES)
[13-Mar-2026 11:46:12 UTC] MySQL select query: SELECT * FROM `users` WHERE `email` = :where_email_0 AND `pro_status_source` = :where_pro_status_source_1
[13-Mar-2026 11:46:12 UTC] MySQL select params: {"where_email_0":"ptrigol@gmail.com","where_pro_status_source_1":"polar"}
[13-Mar-2026 11:46:12 UTC] MySQL select returned 0 rows
[13-Mar-2026 11:46:12 UTC] MySQL select query: SELECT * FROM `subscriptions` WHERE `customer_email` = :where_customer_email_0 AND `status` = :where_status_1
[13-Mar-2026 11:46:12 UTC] MySQL select params: {"where_customer_email_0":"ptrigol@gmail.com","where_status_1":"active"}
[13-Mar-2026 11:46:12 UTC] MySQL select returned 0 rows
[13-Mar-2026 11:46:12 UTC] syncClerkSession - Paid status refreshed: is_paid=false
[13-Mar-2026 11:46:12 UTC] Successfully loaded .env from: C:\Users\Pablo\Documents\GitHub\nine-screen-canvas-flow/.env
[13-Mar-2026 11:47:34 UTC] Successfully loaded .env from: C:\Users\Pablo\Documents\GitHub\nine-screen-canvas-flow/.env
[13-Mar-2026 11:47:34 UTC] Successfully loaded .env from: C:\Users\Pablo\Documents\GitHub\nine-screen-canvas-flow/.env
[13-Mar-2026 11:48:12 UTC] Successfully loaded .env from: C:\Users\Pablo\Documents\GitHub\nine-screen-canvas-flow/.env
[13-Mar-2026 11:48:12 UTC] MySQL select query: SELECT `id` FROM `users` WHERE `clerk_user_id` = :where_clerk_user_id_0
[13-Mar-2026 11:48:12 UTC] MySQL select params: {"where_clerk_user_id_0":"user_3AhnQJV5XslRK9dMtMXyCieGbiA"}
[13-Mar-2026 11:48:12 UTC] MySQL select returned 1 rows
[13-Mar-2026 11:48:12 UTC] MySQL select query: SELECT * FROM `user_pages` WHERE `id` = :where_id_0 AND `user_id` = :where_user_id_1
[13-Mar-2026 11:48:12 UTC] MySQL select params: {"where_id_0":"9c8ec1a8-1ecd-11f1-8378-d85ed359730c","where_user_id_1":2}
[13-Mar-2026 11:48:12 UTC] MySQL select returned 1 rows
[13-Mar-2026 11:48:13 UTC] Pages API - Incoming request - Method: GET, Payload size: 0 bytes (0 KB)
[13-Mar-2026 11:48:13 UTC] Pages API - Method: GET
[13-Mar-2026 11:48:13 UTC] Pages API - clerk_user_id from request: null
[13-Mar-2026 11:48:13 UTC] Pages API - clerk_user_id from session: user_3AhnQJV5XslRK9dMtMXyCieGbiA
[13-Mar-2026 11:48:13 UTC] Pages API - Using clerk_user_id: user_3AhnQJV5XslRK9dMtMXyCieGbiA
[13-Mar-2026 11:48:13 UTC] Pages API - Using clerk_user_id: user_3AhnQJV5XslRK9dMtMXyCieGbiA
[13-Mar-2026 11:48:13 UTC] MySQL select query: SELECT `id` FROM `users` WHERE `clerk_user_id` = :where_clerk_user_id_0
[13-Mar-2026 11:48:13 UTC] MySQL select params: {"where_clerk_user_id_0":"user_3AhnQJV5XslRK9dMtMXyCieGbiA"}
[13-Mar-2026 11:48:13 UTC] MySQL select returned 1 rows
[13-Mar-2026 11:48:13 UTC] getUserIdFromClerkId - Query result: [{"id":2}]
[13-Mar-2026 11:48:13 UTC] Pages API - User ID from database: 2
[13-Mar-2026 11:48:13 UTC] Pages API - Success! User ID: 2
[13-Mar-2026 11:48:13 UTC] MySQL select query: SELECT `id`, `title`, `thumbnail_url`, `is_favorite`, `is_public`, `share_token`, `share_slug`, `last_accessed`, `created_at`, `updated_at` FROM `user_pages` WHERE `user_id` = :where_user_id_0 ORDER BY COALESCE(`last_accessed`, '1970-01-01 00:00:00') DESC
[13-Mar-2026 11:48:13 UTC] MySQL select params: {"where_user_id_0":2}
[13-Mar-2026 11:48:13 UTC] MySQL select returned 4 rows
[13-Mar-2026 11:48:25 UTC] Pages API - Incoming request - Method: PUT, Payload size: 59,765 bytes (58.36 KB)
[13-Mar-2026 11:48:25 UTC] Pages API - Method: PUT
[13-Mar-2026 11:48:25 UTC] Pages API - clerk_user_id from request: user_3AhnQJV5XslRK9dMtMXyCieGbiA
[13-Mar-2026 11:48:25 UTC] Pages API - clerk_user_id from session: user_3AhnQJV5XslRK9dMtMXyCieGbiA
[13-Mar-2026 11:48:25 UTC] Pages API - Using clerk_user_id: user_3AhnQJV5XslRK9dMtMXyCieGbiA
[13-Mar-2026 11:48:25 UTC] Pages API - Using clerk_user_id: user_3AhnQJV5XslRK9dMtMXyCieGbiA
[13-Mar-2026 11:48:25 UTC] MySQL select query: SELECT `id` FROM `users` WHERE `clerk_user_id` = :where_clerk_user_id_0
[13-Mar-2026 11:48:25 UTC] MySQL select params: {"where_clerk_user_id_0":"user_3AhnQJV5XslRK9dMtMXyCieGbiA"}
[13-Mar-2026 11:48:25 UTC] MySQL select returned 1 rows
[13-Mar-2026 11:48:25 UTC] getUserIdFromClerkId - Query result: [{"id":2}]
[13-Mar-2026 11:48:25 UTC] Pages API - User ID from database: 2
[13-Mar-2026 11:48:25 UTC] Pages API - Success! User ID: 2
[13-Mar-2026 11:48:25 UTC] MySQL select query: SELECT `id`, `updated_at` FROM `user_pages` WHERE `id` = :where_id_0 AND `user_id` = :where_user_id_1
[13-Mar-2026 11:48:25 UTC] MySQL select params: {"where_id_0":"9c8ec1a8-1ecd-11f1-8378-d85ed359730c","where_user_id_1":2}
[13-Mar-2026 11:48:25 UTC] MySQL select returned 1 rows
[13-Mar-2026 11:48:25 UTC] MySQL update query: UPDATE `user_pages` SET `title` = :title, `data` = :data, `last_accessed` = :last_accessed, `updated_at` = :updated_at WHERE `id` = :where_id_0 AND `user_id` = :where_user_id_1
[13-Mar-2026 11:48:25 UTC] MySQL update params: {"title":"Pro Page","data":"{\"fullHtml\":\"\\n                <!-- NAV -->\\n\\n   ...[truncated]","last_accessed":"2026-03-13 11:48:25","updated_at":"2026-03-13 11:48:25","where_id_0":"9c8ec1a8-1ecd-11f1-8378-d85ed359730c","where_user_id_1":2}
[13-Mar-2026 11:48:25 UTC] MySQL update affected rows: 1
[13-Mar-2026 11:48:25 UTC] MySQL select query: SELECT * FROM `user_pages` WHERE `id` = :where_id_0 AND `user_id` = :where_user_id_1
[13-Mar-2026 11:48:25 UTC] MySQL select params: {"where_id_0":"9c8ec1a8-1ecd-11f1-8378-d85ed359730c","where_user_id_1":2}
[13-Mar-2026 11:48:25 UTC] MySQL select returned 1 rows
[13-Mar-2026 11:49:43 UTC] Successfully loaded .env from: C:\Users\Pablo\Documents\GitHub\nine-screen-canvas-flow/.env
[13-Mar-2026 11:49:43 UTC] MySQL select query: SELECT `id` FROM `users` WHERE `clerk_user_id` = :where_clerk_user_id_0
[13-Mar-2026 11:49:43 UTC] MySQL select params: {"where_clerk_user_id_0":"user_3AhnQJV5XslRK9dMtMXyCieGbiA"}
[13-Mar-2026 11:49:43 UTC] MySQL select returned 1 rows
[13-Mar-2026 11:49:43 UTC] MySQL select query: SELECT * FROM `user_pages` WHERE `id` = :where_id_0 AND `user_id` = :where_user_id_1
[13-Mar-2026 11:49:43 UTC] MySQL select params: {"where_id_0":"9c8ec1a8-1ecd-11f1-8378-d85ed359730c","where_user_id_1":2}
[13-Mar-2026 11:49:43 UTC] MySQL select returned 1 rows
[13-Mar-2026 11:49:44 UTC] Pages API - Incoming request - Method: GET, Payload size: 0 bytes (0 KB)
[13-Mar-2026 11:49:44 UTC] Pages API - Method: GET
[13-Mar-2026 11:49:44 UTC] Pages API - clerk_user_id from request: null
[13-Mar-2026 11:49:44 UTC] Pages API - clerk_user_id from session: user_3AhnQJV5XslRK9dMtMXyCieGbiA
[13-Mar-2026 11:49:44 UTC] Pages API - Using clerk_user_id: user_3AhnQJV5XslRK9dMtMXyCieGbiA
[13-Mar-2026 11:49:44 UTC] Pages API - Using clerk_user_id: user_3AhnQJV5XslRK9dMtMXyCieGbiA
[13-Mar-2026 11:49:44 UTC] MySQL select query: SELECT `id` FROM `users` WHERE `clerk_user_id` = :where_clerk_user_id_0
[13-Mar-2026 11:49:44 UTC] MySQL select params: {"where_clerk_user_id_0":"user_3AhnQJV5XslRK9dMtMXyCieGbiA"}
[13-Mar-2026 11:49:44 UTC] MySQL select returned 1 rows
[13-Mar-2026 11:49:44 UTC] getUserIdFromClerkId - Query result: [{"id":2}]
[13-Mar-2026 11:49:44 UTC] Pages API - User ID from database: 2
[13-Mar-2026 11:49:44 UTC] Pages API - Success! User ID: 2
[13-Mar-2026 11:49:44 UTC] MySQL select query: SELECT `id`, `title`, `thumbnail_url`, `is_favorite`, `is_public`, `share_token`, `share_slug`, `last_accessed`, `created_at`, `updated_at` FROM `user_pages` WHERE `user_id` = :where_user_id_0 ORDER BY COALESCE(`last_accessed`, '1970-01-01 00:00:00') DESC
[13-Mar-2026 11:49:44 UTC] MySQL select params: {"where_user_id_0":2}
[13-Mar-2026 11:49:44 UTC] MySQL select returned 4 rows
[13-Mar-2026 11:49:57 UTC] Pages API - Incoming request - Method: GET, Payload size: 0 bytes (0 KB)
[13-Mar-2026 11:49:57 UTC] Pages API - Method: GET
[13-Mar-2026 11:49:57 UTC] Pages API - clerk_user_id from request: null
[13-Mar-2026 11:49:57 UTC] Pages API - clerk_user_id from session: user_3AhnQJV5XslRK9dMtMXyCieGbiA
[13-Mar-2026 11:49:57 UTC] Pages API - Using clerk_user_id: user_3AhnQJV5XslRK9dMtMXyCieGbiA
[13-Mar-2026 11:49:57 UTC] Pages API - Using clerk_user_id: user_3AhnQJV5XslRK9dMtMXyCieGbiA
[13-Mar-2026 11:49:57 UTC] MySQL select query: SELECT `id` FROM `users` WHERE `clerk_user_id` = :where_clerk_user_id_0
[13-Mar-2026 11:49:57 UTC] MySQL select params: {"where_clerk_user_id_0":"user_3AhnQJV5XslRK9dMtMXyCieGbiA"}
[13-Mar-2026 11:49:57 UTC] MySQL select returned 1 rows
[13-Mar-2026 11:49:57 UTC] getUserIdFromClerkId - Query result: [{"id":2}]
[13-Mar-2026 11:49:57 UTC] Pages API - User ID from database: 2
[13-Mar-2026 11:49:57 UTC] Pages API - Success! User ID: 2
[13-Mar-2026 11:49:57 UTC] MySQL select query: SELECT `id`, `title`, `thumbnail_url`, `is_favorite`, `is_public`, `share_token`, `share_slug`, `last_accessed`, `created_at`, `updated_at` FROM `user_pages` WHERE `user_id` = :where_user_id_0 ORDER BY COALESCE(`last_accessed`, '1970-01-01 00:00:00') DESC
[13-Mar-2026 11:49:57 UTC] MySQL select params: {"where_user_id_0":2}
[13-Mar-2026 11:49:57 UTC] MySQL select returned 4 rows
[13-Mar-2026 11:50:05 UTC] Successfully loaded .env from: C:\Users\Pablo\Documents\GitHub\nine-screen-canvas-flow/.env
[13-Mar-2026 11:50:05 UTC] Successfully loaded .env from: C:\Users\Pablo\Documents\GitHub\nine-screen-canvas-flow/.env
[13-Mar-2026 13:25:24 UTC] Successfully loaded .env from: C:\Users\Pablo\Documents\GitHub\nine-screen-canvas-flow/.env
[13-Mar-2026 13:25:30 UTC] PHP Deprecated:  chr(): Providing a value not in-between 0 and 255 is deprecated, this is because a byte value must be in the [0, 255] interval. The value used will be constrained using % 256 in C:\Users\Pablo\Documents\GitHub\nine-screen-canvas-flow\vendor\phpseclib\phpseclib\phpseclib\Math\BigInteger\Engines\BCMath.php on line 157
[13-Mar-2026 13:25:30 UTC] PHP Deprecated:  chr(): Providing a value not in-between 0 and 255 is deprecated, this is because a byte value must be in the [0, 255] interval. The value used will be constrained using % 256 in C:\Users\Pablo\Documents\GitHub\nine-screen-canvas-flow\vendor\phpseclib\phpseclib\phpseclib\Math\BigInteger\Engines\BCMath.php on line 157
[13-Mar-2026 13:25:30 UTC] PHP Deprecated:  chr(): Providing a value not in-between 0 and 255 is deprecated, this is because a byte value must be in the [0, 255] interval. The value used will be constrained using % 256 in C:\Users\Pablo\Documents\GitHub\nine-screen-canvas-flow\vendor\phpseclib\phpseclib\phpseclib\Math\BigInteger\Engines\BCMath.php on line 157
[13-Mar-2026 13:25:30 UTC] PHP Deprecated:  chr(): Providing a value not in-between 0 and 255 is deprecated, this is because a byte value must be in the [0, 255] interval. The value used will be constrained using % 256 in C:\Users\Pablo\Documents\GitHub\nine-screen-canvas-flow\vendor\phpseclib\phpseclib\phpseclib\Math\BigInteger\Engines\BCMath.php on line 157
[13-Mar-2026 13:25:30 UTC] PHP Deprecated:  chr(): Providing a value not in-between 0 and 255 is deprecated, this is because a byte value must be in the [0, 255] interval. The value used will be constrained using % 256 in C:\Users\Pablo\Documents\GitHub\nine-screen-canvas-flow\vendor\phpseclib\phpseclib\phpseclib\Math\BigInteger\Engines\BCMath.php on line 157
[13-Mar-2026 13:25:30 UTC] PHP Deprecated:  chr(): Providing a value not in-between 0 and 255 is deprecated, this is because a byte value must be in the [0, 255] interval. The value used will be constrained using % 256 in C:\Users\Pablo\Documents\GitHub\nine-screen-canvas-flow\vendor\phpseclib\phpseclib\phpseclib\Math\BigInteger\Engines\BCMath.php on line 157
[13-Mar-2026 13:25:30 UTC] PHP Deprecated:  chr(): Providing a value not in-between 0 and 255 is deprecated, this is because a byte value must be in the [0, 255] interval. The value used will be constrained using % 256 in C:\Users\Pablo\Documents\GitHub\nine-screen-canvas-flow\vendor\phpseclib\phpseclib\phpseclib\Math\BigInteger\Engines\BCMath.php on line 157
[13-Mar-2026 13:25:30 UTC] PHP Deprecated:  chr(): Providing a value not in-between 0 and 255 is deprecated, this is because a byte value must be in the [0, 255] interval. The value used will be constrained using % 256 in C:\Users\Pablo\Documents\GitHub\nine-screen-canvas-flow\vendor\phpseclib\phpseclib\phpseclib\Math\BigInteger\Engines\BCMath.php on line 157
[13-Mar-2026 13:25:30 UTC] PHP Deprecated:  chr(): Providing a value not in-between 0 and 255 is deprecated, this is because a byte value must be in the [0, 255] interval. The value used will be constrained using % 256 in C:\Users\Pablo\Documents\GitHub\nine-screen-canvas-flow\vendor\phpseclib\phpseclib\phpseclib\Math\BigInteger\Engines\BCMath.php on line 157
[13-Mar-2026 13:25:30 UTC] PHP Deprecated:  chr(): Providing a value not in-between 0 and 255 is deprecated, this is because a byte value must be in the [0, 255] interval. The value used will be constrained using % 256 in C:\Users\Pablo\Documents\GitHub\nine-screen-canvas-flow\vendor\phpseclib\phpseclib\phpseclib\Math\BigInteger\Engines\BCMath.php on line 157
[13-Mar-2026 13:25:30 UTC] PHP Deprecated:  chr(): Providing a value not in-between 0 and 255 is deprecated, this is because a byte value must be in the [0, 255] interval. The value used will be constrained using % 256 in C:\Users\Pablo\Documents\GitHub\nine-screen-canvas-flow\vendor\phpseclib\phpseclib\phpseclib\Math\BigInteger\Engines\BCMath.php on line 157
[13-Mar-2026 13:25:30 UTC] PHP Deprecated:  chr(): Providing a value not in-between 0 and 255 is deprecated, this is because a byte value must be in the [0, 255] interval. The value used will be constrained using % 256 in C:\Users\Pablo\Documents\GitHub\nine-screen-canvas-flow\vendor\phpseclib\phpseclib\phpseclib\Math\BigInteger\Engines\BCMath.php on line 157
[13-Mar-2026 13:25:30 UTC] PHP Deprecated:  chr(): Providing a value not in-between 0 and 255 is deprecated, this is because a byte value must be in the [0, 255] interval. The value used will be constrained using % 256 in C:\Users\Pablo\Documents\GitHub\nine-screen-canvas-flow\vendor\phpseclib\phpseclib\phpseclib\Math\BigInteger\Engines\BCMath.php on line 157
[13-Mar-2026 13:25:30 UTC] PHP Deprecated:  chr(): Providing a value not in-between 0 and 255 is deprecated, this is because a byte value must be in the [0, 255] interval. The value used will be constrained using % 256 in C:\Users\Pablo\Documents\GitHub\nine-screen-canvas-flow\vendor\phpseclib\phpseclib\phpseclib\Math\BigInteger\Engines\BCMath.php on line 157
[13-Mar-2026 13:25:30 UTC] PHP Deprecated:  chr(): Providing a value not in-between 0 and 255 is deprecated, this is because a byte value must be in the [0, 255] interval. The value used will be constrained using % 256 in C:\Users\Pablo\Documents\GitHub\nine-screen-canvas-flow\vendor\phpseclib\phpseclib\phpseclib\Math\BigInteger\Engines\BCMath.php on line 157
[13-Mar-2026 13:25:30 UTC] PHP Deprecated:  chr(): Providing a value not in-between 0 and 255 is deprecated, this is because a byte value must be in the [0, 255] interval. The value used will be constrained using % 256 in C:\Users\Pablo\Documents\GitHub\nine-screen-canvas-flow\vendor\phpseclib\phpseclib\phpseclib\Math\BigInteger\Engines\BCMath.php on line 157
[13-Mar-2026 13:25:30 UTC] PHP Deprecated:  chr(): Providing a value not in-between 0 and 255 is deprecated, this is because a byte value must be in the [0, 255] interval. The value used will be constrained using % 256 in C:\Users\Pablo\Documents\GitHub\nine-screen-canvas-flow\vendor\phpseclib\phpseclib\phpseclib\Math\BigInteger\Engines\BCMath.php on line 157
[13-Mar-2026 13:25:30 UTC] PHP Deprecated:  chr(): Providing a value not in-between 0 and 255 is deprecated, this is because a byte value must be in the [0, 255] interval. The value used will be constrained using % 256 in C:\Users\Pablo\Documents\GitHub\nine-screen-canvas-flow\vendor\phpseclib\phpseclib\phpseclib\Math\BigInteger\Engines\BCMath.php on line 157
[13-Mar-2026 13:25:30 UTC] PHP Deprecated:  chr(): Providing a value not in-between 0 and 255 is deprecated, this is because a byte value must be in the [0, 255] interval. The value used will be constrained using % 256 in C:\Users\Pablo\Documents\GitHub\nine-screen-canvas-flow\vendor\phpseclib\phpseclib\phpseclib\Math\BigInteger\Engines\BCMath.php on line 157
[13-Mar-2026 13:25:30 UTC] PHP Deprecated:  chr(): Providing a value not in-between 0 and 255 is deprecated, this is because a byte value must be in the [0, 255] interval. The value used will be constrained using % 256 in C:\Users\Pablo\Documents\GitHub\nine-screen-canvas-flow\vendor\phpseclib\phpseclib\phpseclib\Math\BigInteger\Engines\BCMath.php on line 157
[13-Mar-2026 13:25:30 UTC] PHP Deprecated:  chr(): Providing a value not in-between 0 and 255 is deprecated, this is because a byte value must be in the [0, 255] interval. The value used will be constrained using % 256 in C:\Users\Pablo\Documents\GitHub\nine-screen-canvas-flow\vendor\phpseclib\phpseclib\phpseclib\Math\BigInteger\Engines\BCMath.php on line 157
[13-Mar-2026 13:25:30 UTC] PHP Deprecated:  chr(): Providing a value not in-between 0 and 255 is deprecated, this is because a byte value must be in the [0, 255] interval. The value used will be constrained using % 256 in C:\Users\Pablo\Documents\GitHub\nine-screen-canvas-flow\vendor\phpseclib\phpseclib\phpseclib\Math\BigInteger\Engines\BCMath.php on line 157
[13-Mar-2026 13:25:30 UTC] PHP Deprecated:  chr(): Providing a value not in-between 0 and 255 is deprecated, this is because a byte value must be in the [0, 255] interval. The value used will be constrained using % 256 in C:\Users\Pablo\Documents\GitHub\nine-screen-canvas-flow\vendor\phpseclib\phpseclib\phpseclib\Math\BigInteger\Engines\BCMath.php on line 157
[13-Mar-2026 13:25:30 UTC] PHP Deprecated:  chr(): Providing a value not in-between 0 and 255 is deprecated, this is because a byte value must be in the [0, 255] interval. The value used will be constrained using % 256 in C:\Users\Pablo\Documents\GitHub\nine-screen-canvas-flow\vendor\phpseclib\phpseclib\phpseclib\Math\BigInteger\Engines\BCMath.php on line 157
[13-Mar-2026 13:25:30 UTC] PHP Deprecated:  chr(): Providing a value not in-between 0 and 255 is deprecated, this is because a byte value must be in the [0, 255] interval. The value used will be constrained using % 256 in C:\Users\Pablo\Documents\GitHub\nine-screen-canvas-flow\vendor\phpseclib\phpseclib\phpseclib\Math\BigInteger\Engines\BCMath.php on line 157
[13-Mar-2026 13:25:30 UTC] PHP Deprecated:  chr(): Providing a value not in-between 0 and 255 is deprecated, this is because a byte value must be in the [0, 255] interval. The value used will be constrained using % 256 in C:\Users\Pablo\Documents\GitHub\nine-screen-canvas-flow\vendor\phpseclib\phpseclib\phpseclib\Math\BigInteger\Engines\BCMath.php on line 157
[13-Mar-2026 13:25:30 UTC] PHP Deprecated:  chr(): Providing a value not in-between 0 and 255 is deprecated, this is because a byte value must be in the [0, 255] interval. The value used will be constrained using % 256 in C:\Users\Pablo\Documents\GitHub\nine-screen-canvas-flow\vendor\phpseclib\phpseclib\phpseclib\Math\BigInteger\Engines\BCMath.php on line 157
[13-Mar-2026 13:25:30 UTC] PHP Deprecated:  chr(): Providing a value not in-between 0 and 255 is deprecated, this is because a byte value must be in the [0, 255] interval. The value used will be constrained using % 256 in C:\Users\Pablo\Documents\GitHub\nine-screen-canvas-flow\vendor\phpseclib\phpseclib\phpseclib\Math\BigInteger\Engines\BCMath.php on line 157
[13-Mar-2026 13:25:30 UTC] PHP Deprecated:  chr(): Providing a value not in-between 0 and 255 is deprecated, this is because a byte value must be in the [0, 255] interval. The value used will be constrained using % 256 in C:\Users\Pablo\Documents\GitHub\nine-screen-canvas-flow\vendor\phpseclib\phpseclib\phpseclib\Math\BigInteger\Engines\BCMath.php on line 157
[13-Mar-2026 13:25:30 UTC] PHP Deprecated:  chr(): Providing a value not in-between 0 and 255 is deprecated, this is because a byte value must be in the [0, 255] interval. The value used will be constrained using % 256 in C:\Users\Pablo\Documents\GitHub\nine-screen-canvas-flow\vendor\phpseclib\phpseclib\phpseclib\Math\BigInteger\Engines\BCMath.php on line 157
[13-Mar-2026 13:25:30 UTC] PHP Deprecated:  chr(): Providing a value not in-between 0 and 255 is deprecated, this is because a byte value must be in the [0, 255] interval. The value used will be constrained using % 256 in C:\Users\Pablo\Documents\GitHub\nine-screen-canvas-flow\vendor\phpseclib\phpseclib\phpseclib\Math\BigInteger\Engines\BCMath.php on line 157
[13-Mar-2026 13:25:30 UTC] PHP Deprecated:  chr(): Providing a value not in-between 0 and 255 is deprecated, this is because a byte value must be in the [0, 255] interval. The value used will be constrained using % 256 in C:\Users\Pablo\Documents\GitHub\nine-screen-canvas-flow\vendor\phpseclib\phpseclib\phpseclib\Math\BigInteger\Engines\BCMath.php on line 157
[13-Mar-2026 13:25:30 UTC] PHP Deprecated:  chr(): Providing a value not in-between 0 and 255 is deprecated, this is because a byte value must be in the [0, 255] interval. The value used will be constrained using % 256 in C:\Users\Pablo\Documents\GitHub\nine-screen-canvas-flow\vendor\phpseclib\phpseclib\phpseclib\Math\BigInteger\Engines\BCMath.php on line 157
[13-Mar-2026 13:25:30 UTC] PHP Deprecated:  chr(): Providing a value not in-between 0 and 255 is deprecated, this is because a byte value must be in the [0, 255] interval. The value used will be constrained using % 256 in C:\Users\Pablo\Documents\GitHub\nine-screen-canvas-flow\vendor\phpseclib\phpseclib\phpseclib\Math\BigInteger\Engines\BCMath.php on line 157
[13-Mar-2026 13:25:30 UTC] PHP Deprecated:  chr(): Providing a value not in-between 0 and 255 is deprecated, this is because a byte value must be in the [0, 255] interval. The value used will be constrained using % 256 in C:\Users\Pablo\Documents\GitHub\nine-screen-canvas-flow\vendor\phpseclib\phpseclib\phpseclib\Math\BigInteger\Engines\BCMath.php on line 157
[13-Mar-2026 13:25:30 UTC] PHP Deprecated:  chr(): Providing a value not in-between 0 and 255 is deprecated, this is because a byte value must be in the [0, 255] interval. The value used will be constrained using % 256 in C:\Users\Pablo\Documents\GitHub\nine-screen-canvas-flow\vendor\phpseclib\phpseclib\phpseclib\Math\BigInteger\Engines\BCMath.php on line 157
[13-Mar-2026 13:25:30 UTC] PHP Deprecated:  chr(): Providing a value not in-between 0 and 255 is deprecated, this is because a byte value must be in the [0, 255] interval. The value used will be constrained using % 256 in C:\Users\Pablo\Documents\GitHub\nine-screen-canvas-flow\vendor\phpseclib\phpseclib\phpseclib\Math\BigInteger\Engines\BCMath.php on line 157
[13-Mar-2026 13:25:30 UTC] PHP Deprecated:  chr(): Providing a value not in-between 0 and 255 is deprecated, this is because a byte value must be in the [0, 255] interval. The value used will be constrained using % 256 in C:\Users\Pablo\Documents\GitHub\nine-screen-canvas-flow\vendor\phpseclib\phpseclib\phpseclib\Math\BigInteger\Engines\BCMath.php on line 157
[13-Mar-2026 13:25:30 UTC] PHP Deprecated:  chr(): Providing a value not in-between 0 and 255 is deprecated, this is because a byte value must be in the [0, 255] interval. The value used will be constrained using % 256 in C:\Users\Pablo\Documents\GitHub\nine-screen-canvas-flow\vendor\phpseclib\phpseclib\phpseclib\Math\BigInteger\Engines\BCMath.php on line 157
[13-Mar-2026 13:25:30 UTC] PHP Deprecated:  chr(): Providing a value not in-between 0 and 255 is deprecated, this is because a byte value must be in the [0, 255] interval. The value used will be constrained using % 256 in C:\Users\Pablo\Documents\GitHub\nine-screen-canvas-flow\vendor\phpseclib\phpseclib\phpseclib\Math\BigInteger\Engines\BCMath.php on line 157
[13-Mar-2026 13:25:30 UTC] PHP Deprecated:  chr(): Providing a value not in-between 0 and 255 is deprecated, this is because a byte value must be in the [0, 255] interval. The value used will be constrained using % 256 in C:\Users\Pablo\Documents\GitHub\nine-screen-canvas-flow\vendor\phpseclib\phpseclib\phpseclib\Math\BigInteger\Engines\BCMath.php on line 157
[13-Mar-2026 13:25:30 UTC] PHP Deprecated:  chr(): Providing a value not in-between 0 and 255 is deprecated, this is because a byte value must be in the [0, 255] interval. The value used will be constrained using % 256 in C:\Users\Pablo\Documents\GitHub\nine-screen-canvas-flow\vendor\phpseclib\phpseclib\phpseclib\Math\BigInteger\Engines\BCMath.php on line 157
[13-Mar-2026 13:25:30 UTC] PHP Deprecated:  chr(): Providing a value not in-between 0 and 255 is deprecated, this is because a byte value must be in the [0, 255] interval. The value used will be constrained using % 256 in C:\Users\Pablo\Documents\GitHub\nine-screen-canvas-flow\vendor\phpseclib\phpseclib\phpseclib\Math\BigInteger\Engines\BCMath.php on line 157
[13-Mar-2026 13:25:30 UTC] PHP Deprecated:  chr(): Providing a value not in-between 0 and 255 is deprecated, this is because a byte value must be in the [0, 255] interval. The value used will be constrained using % 256 in C:\Users\Pablo\Documents\GitHub\nine-screen-canvas-flow\vendor\phpseclib\phpseclib\phpseclib\Math\BigInteger\Engines\BCMath.php on line 157
[13-Mar-2026 13:25:30 UTC] PHP Deprecated:  chr(): Providing a value not in-between 0 and 255 is deprecated, this is because a byte value must be in the [0, 255] interval. The value used will be constrained using % 256 in C:\Users\Pablo\Documents\GitHub\nine-screen-canvas-flow\vendor\phpseclib\phpseclib\phpseclib\Math\BigInteger\Engines\BCMath.php on line 157
[13-Mar-2026 13:25:30 UTC] PHP Deprecated:  chr(): Providing a value not in-between 0 and 255 is deprecated, this is because a byte value must be in the [0, 255] interval. The value used will be constrained using % 256 in C:\Users\Pablo\Documents\GitHub\nine-screen-canvas-flow\vendor\phpseclib\phpseclib\phpseclib\Math\BigInteger\Engines\BCMath.php on line 157
[13-Mar-2026 13:25:30 UTC] PHP Deprecated:  chr(): Providing a value not in-between 0 and 255 is deprecated, this is because a byte value must be in the [0, 255] interval. The value used will be constrained using % 256 in C:\Users\Pablo\Documents\GitHub\nine-screen-canvas-flow\vendor\phpseclib\phpseclib\phpseclib\Math\BigInteger\Engines\BCMath.php on line 157
[13-Mar-2026 13:25:30 UTC] PHP Deprecated:  chr(): Providing a value not in-between 0 and 255 is deprecated, this is because a byte value must be in the [0, 255] interval. The value used will be constrained using % 256 in C:\Users\Pablo\Documents\GitHub\nine-screen-canvas-flow\vendor\phpseclib\phpseclib\phpseclib\Math\BigInteger\Engines\BCMath.php on line 157
[13-Mar-2026 13:25:30 UTC] PHP Deprecated:  chr(): Providing a value not in-between 0 and 255 is deprecated, this is because a byte value must be in the [0, 255] interval. The value used will be constrained using % 256 in C:\Users\Pablo\Documents\GitHub\nine-screen-canvas-flow\vendor\phpseclib\phpseclib\phpseclib\Math\BigInteger\Engines\BCMath.php on line 157
[13-Mar-2026 13:25:30 UTC] PHP Deprecated:  chr(): Providing a value not in-between 0 and 255 is deprecated, this is because a byte value must be in the [0, 255] interval. The value used will be constrained using % 256 in C:\Users\Pablo\Documents\GitHub\nine-screen-canvas-flow\vendor\phpseclib\phpseclib\phpseclib\Math\BigInteger\Engines\BCMath.php on line 157
[13-Mar-2026 13:25:30 UTC] PHP Deprecated:  chr(): Providing a value not in-between 0 and 255 is deprecated, this is because a byte value must be in the [0, 255] interval. The value used will be constrained using % 256 in C:\Users\Pablo\Documents\GitHub\nine-screen-canvas-flow\vendor\phpseclib\phpseclib\phpseclib\Math\BigInteger\Engines\BCMath.php on line 157
[13-Mar-2026 13:25:30 UTC] PHP Deprecated:  chr(): Providing a value not in-between 0 and 255 is deprecated, this is because a byte value must be in the [0, 255] interval. The value used will be constrained using % 256 in C:\Users\Pablo\Documents\GitHub\nine-screen-canvas-flow\vendor\phpseclib\phpseclib\phpseclib\Math\BigInteger\Engines\BCMath.php on line 157
[13-Mar-2026 13:25:30 UTC] PHP Deprecated:  chr(): Providing a value not in-between 0 and 255 is deprecated, this is because a byte value must be in the [0, 255] interval. The value used will be constrained using % 256 in C:\Users\Pablo\Documents\GitHub\nine-screen-canvas-flow\vendor\phpseclib\phpseclib\phpseclib\Math\BigInteger\Engines\BCMath.php on line 157
[13-Mar-2026 13:25:30 UTC] PHP Deprecated:  chr(): Providing a value not in-between 0 and 255 is deprecated, this is because a byte value must be in the [0, 255] interval. The value used will be constrained using % 256 in C:\Users\Pablo\Documents\GitHub\nine-screen-canvas-flow\vendor\phpseclib\phpseclib\phpseclib\Math\BigInteger\Engines\BCMath.php on line 157
[13-Mar-2026 13:25:30 UTC] PHP Deprecated:  chr(): Providing a value not in-between 0 and 255 is deprecated, this is because a byte value must be in the [0, 255] interval. The value used will be constrained using % 256 in C:\Users\Pablo\Documents\GitHub\nine-screen-canvas-flow\vendor\phpseclib\phpseclib\phpseclib\Math\BigInteger\Engines\BCMath.php on line 157
[13-Mar-2026 13:25:30 UTC] PHP Deprecated:  chr(): Providing a value not in-between 0 and 255 is deprecated, this is because a byte value must be in the [0, 255] interval. The value used will be constrained using % 256 in C:\Users\Pablo\Documents\GitHub\nine-screen-canvas-flow\vendor\phpseclib\phpseclib\phpseclib\Math\BigInteger\Engines\BCMath.php on line 157
[13-Mar-2026 13:25:30 UTC] PHP Deprecated:  chr(): Providing a value not in-between 0 and 255 is deprecated, this is because a byte value must be in the [0, 255] interval. The value used will be constrained using % 256 in C:\Users\Pablo\Documents\GitHub\nine-screen-canvas-flow\vendor\phpseclib\phpseclib\phpseclib\Math\BigInteger\Engines\BCMath.php on line 157
[13-Mar-2026 13:25:30 UTC] PHP Deprecated:  chr(): Providing a value not in-between 0 and 255 is deprecated, this is because a byte value must be in the [0, 255] interval. The value used will be constrained using % 256 in C:\Users\Pablo\Documents\GitHub\nine-screen-canvas-flow\vendor\phpseclib\phpseclib\phpseclib\Math\BigInteger\Engines\BCMath.php on line 157
[13-Mar-2026 13:25:30 UTC] PHP Deprecated:  chr(): Providing a value not in-between 0 and 255 is deprecated, this is because a byte value must be in the [0, 255] interval. The value used will be constrained using % 256 in C:\Users\Pablo\Documents\GitHub\nine-screen-canvas-flow\vendor\phpseclib\phpseclib\phpseclib\Math\BigInteger\Engines\BCMath.php on line 157
[13-Mar-2026 13:25:30 UTC] PHP Deprecated:  chr(): Providing a value not in-between 0 and 255 is deprecated, this is because a byte value must be in the [0, 255] interval. The value used will be constrained using % 256 in C:\Users\Pablo\Documents\GitHub\nine-screen-canvas-flow\vendor\phpseclib\phpseclib\phpseclib\Math\BigInteger\Engines\BCMath.php on line 157
[13-Mar-2026 13:25:30 UTC] PHP Deprecated:  chr(): Providing a value not in-between 0 and 255 is deprecated, this is because a byte value must be in the [0, 255] interval. The value used will be constrained using % 256 in C:\Users\Pablo\Documents\GitHub\nine-screen-canvas-flow\vendor\phpseclib\phpseclib\phpseclib\Math\BigInteger\Engines\BCMath.php on line 157
[13-Mar-2026 13:25:30 UTC] PHP Deprecated:  chr(): Providing a value not in-between 0 and 255 is deprecated, this is because a byte value must be in the [0, 255] interval. The value used will be constrained using % 256 in C:\Users\Pablo\Documents\GitHub\nine-screen-canvas-flow\vendor\phpseclib\phpseclib\phpseclib\Math\BigInteger\Engines\BCMath.php on line 157
[13-Mar-2026 13:25:30 UTC] PHP Deprecated:  chr(): Providing a value not in-between 0 and 255 is deprecated, this is because a byte value must be in the [0, 255] interval. The value used will be constrained using % 256 in C:\Users\Pablo\Documents\GitHub\nine-screen-canvas-flow\vendor\phpseclib\phpseclib\phpseclib\Math\BigInteger\Engines\BCMath.php on line 157
[13-Mar-2026 13:25:30 UTC] PHP Deprecated:  chr(): Providing a value not in-between 0 and 255 is deprecated, this is because a byte value must be in the [0, 255] interval. The value used will be constrained using % 256 in C:\Users\Pablo\Documents\GitHub\nine-screen-canvas-flow\vendor\phpseclib\phpseclib\phpseclib\Math\BigInteger\Engines\BCMath.php on line 157
[13-Mar-2026 13:25:30 UTC] PHP Deprecated:  chr(): Providing a value not in-between 0 and 255 is deprecated, this is because a byte value must be in the [0, 255] interval. The value used will be constrained using % 256 in C:\Users\Pablo\Documents\GitHub\nine-screen-canvas-flow\vendor\phpseclib\phpseclib\phpseclib\Math\BigInteger\Engines\BCMath.php on line 157
[13-Mar-2026 13:25:30 UTC] PHP Deprecated:  chr(): Providing a value not in-between 0 and 255 is deprecated, this is because a byte value must be in the [0, 255] interval. The value used will be constrained using % 256 in C:\Users\Pablo\Documents\GitHub\nine-screen-canvas-flow\vendor\phpseclib\phpseclib\phpseclib\Math\BigInteger\Engines\BCMath.php on line 157
[13-Mar-2026 13:25:30 UTC] PHP Deprecated:  chr(): Providing a value not in-between 0 and 255 is deprecated, this is because a byte value must be in the [0, 255] interval. The value used will be constrained using % 256 in C:\Users\Pablo\Documents\GitHub\nine-screen-canvas-flow\vendor\phpseclib\phpseclib\phpseclib\Math\BigInteger\Engines\BCMath.php on line 157
[13-Mar-2026 13:25:30 UTC] PHP Deprecated:  chr(): Providing a value not in-between 0 and 255 is deprecated, this is because a byte value must be in the [0, 255] interval. The value used will be constrained using % 256 in C:\Users\Pablo\Documents\GitHub\nine-screen-canvas-flow\vendor\phpseclib\phpseclib\phpseclib\Math\BigInteger\Engines\BCMath.php on line 157
[13-Mar-2026 13:25:30 UTC] PHP Deprecated:  chr(): Providing a value not in-between 0 and 255 is deprecated, this is because a byte value must be in the [0, 255] interval. The value used will be constrained using % 256 in C:\Users\Pablo\Documents\GitHub\nine-screen-canvas-flow\vendor\phpseclib\phpseclib\phpseclib\Math\BigInteger\Engines\BCMath.php on line 157
[13-Mar-2026 13:25:30 UTC] PHP Deprecated:  chr(): Providing a value not in-between 0 and 255 is deprecated, this is because a byte value must be in the [0, 255] interval. The value used will be constrained using % 256 in C:\Users\Pablo\Documents\GitHub\nine-screen-canvas-flow\vendor\phpseclib\phpseclib\phpseclib\Math\BigInteger\Engines\BCMath.php on line 157
[13-Mar-2026 13:25:30 UTC] PHP Deprecated:  chr(): Providing a value not in-between 0 and 255 is deprecated, this is because a byte value must be in the [0, 255] interval. The value used will be constrained using % 256 in C:\Users\Pablo\Documents\GitHub\nine-screen-canvas-flow\vendor\phpseclib\phpseclib\phpseclib\Math\BigInteger\Engines\BCMath.php on line 157
[13-Mar-2026 13:25:30 UTC] PHP Deprecated:  chr(): Providing a value not in-between 0 and 255 is deprecated, this is because a byte value must be in the [0, 255] interval. The value used will be constrained using % 256 in C:\Users\Pablo\Documents\GitHub\nine-screen-canvas-flow\vendor\phpseclib\phpseclib\phpseclib\Math\BigInteger\Engines\BCMath.php on line 157
[13-Mar-2026 13:25:30 UTC] PHP Deprecated:  chr(): Providing a value not in-between 0 and 255 is deprecated, this is because a byte value must be in the [0, 255] interval. The value used will be constrained using % 256 in C:\Users\Pablo\Documents\GitHub\nine-screen-canvas-flow\vendor\phpseclib\phpseclib\phpseclib\Math\BigInteger\Engines\BCMath.php on line 157
[13-Mar-2026 13:25:30 UTC] PHP Deprecated:  chr(): Providing a value not in-between 0 and 255 is deprecated, this is because a byte value must be in the [0, 255] interval. The value used will be constrained using % 256 in C:\Users\Pablo\Documents\GitHub\nine-screen-canvas-flow\vendor\phpseclib\phpseclib\phpseclib\Math\BigInteger\Engines\BCMath.php on line 157
[13-Mar-2026 13:25:30 UTC] PHP Deprecated:  chr(): Providing a value not in-between 0 and 255 is deprecated, this is because a byte value must be in the [0, 255] interval. The value used will be constrained using % 256 in C:\Users\Pablo\Documents\GitHub\nine-screen-canvas-flow\vendor\phpseclib\phpseclib\phpseclib\Math\BigInteger\Engines\BCMath.php on line 157
[13-Mar-2026 13:25:30 UTC] PHP Deprecated:  chr(): Providing a value not in-between 0 and 255 is deprecated, this is because a byte value must be in the [0, 255] interval. The value used will be constrained using % 256 in C:\Users\Pablo\Documents\GitHub\nine-screen-canvas-flow\vendor\phpseclib\phpseclib\phpseclib\Math\BigInteger\Engines\BCMath.php on line 157
[13-Mar-2026 13:25:30 UTC] PHP Deprecated:  chr(): Providing a value not in-between 0 and 255 is deprecated, this is because a byte value must be in the [0, 255] interval. The value used will be constrained using % 256 in C:\Users\Pablo\Documents\GitHub\nine-screen-canvas-flow\vendor\phpseclib\phpseclib\phpseclib\Math\BigInteger\Engines\BCMath.php on line 157
[13-Mar-2026 13:25:30 UTC] PHP Deprecated:  chr(): Providing a value not in-between 0 and 255 is deprecated, this is because a byte value must be in the [0, 255] interval. The value used will be constrained using % 256 in C:\Users\Pablo\Documents\GitHub\nine-screen-canvas-flow\vendor\phpseclib\phpseclib\phpseclib\Math\BigInteger\Engines\BCMath.php on line 157
[13-Mar-2026 13:25:30 UTC] PHP Deprecated:  chr(): Providing a value not in-between 0 and 255 is deprecated, this is because a byte value must be in the [0, 255] interval. The value used will be constrained using % 256 in C:\Users\Pablo\Documents\GitHub\nine-screen-canvas-flow\vendor\phpseclib\phpseclib\phpseclib\Math\BigInteger\Engines\BCMath.php on line 157
[13-Mar-2026 13:25:30 UTC] PHP Deprecated:  chr(): Providing a value not in-between 0 and 255 is deprecated, this is because a byte value must be in the [0, 255] interval. The value used will be constrained using % 256 in C:\Users\Pablo\Documents\GitHub\nine-screen-canvas-flow\vendor\phpseclib\phpseclib\phpseclib\Math\BigInteger\Engines\BCMath.php on line 157
[13-Mar-2026 13:25:30 UTC] PHP Deprecated:  chr(): Providing a value not in-between 0 and 255 is deprecated, this is because a byte value must be in the [0, 255] interval. The value used will be constrained using % 256 in C:\Users\Pablo\Documents\GitHub\nine-screen-canvas-flow\vendor\phpseclib\phpseclib\phpseclib\Math\BigInteger\Engines\BCMath.php on line 157
[13-Mar-2026 13:25:30 UTC] PHP Deprecated:  chr(): Providing a value not in-between 0 and 255 is deprecated, this is because a byte value must be in the [0, 255] interval. The value used will be constrained using % 256 in C:\Users\Pablo\Documents\GitHub\nine-screen-canvas-flow\vendor\phpseclib\phpseclib\phpseclib\Math\BigInteger\Engines\BCMath.php on line 157
[13-Mar-2026 13:25:30 UTC] PHP Deprecated:  chr(): Providing a value not in-between 0 and 255 is deprecated, this is because a byte value must be in the [0, 255] interval. The value used will be constrained using % 256 in C:\Users\Pablo\Documents\GitHub\nine-screen-canvas-flow\vendor\phpseclib\phpseclib\phpseclib\Math\BigInteger\Engines\BCMath.php on line 157
[13-Mar-2026 13:25:30 UTC] PHP Deprecated:  chr(): Providing a value not in-between 0 and 255 is deprecated, this is because a byte value must be in the [0, 255] interval. The value used will be constrained using % 256 in C:\Users\Pablo\Documents\GitHub\nine-screen-canvas-flow\vendor\phpseclib\phpseclib\phpseclib\Math\BigInteger\Engines\BCMath.php on line 157
[13-Mar-2026 13:25:30 UTC] PHP Deprecated:  chr(): Providing a value not in-between 0 and 255 is deprecated, this is because a byte value must be in the [0, 255] interval. The value used will be constrained using % 256 in C:\Users\Pablo\Documents\GitHub\nine-screen-canvas-flow\vendor\phpseclib\phpseclib\phpseclib\Math\BigInteger\Engines\BCMath.php on line 157
[13-Mar-2026 13:25:30 UTC] PHP Deprecated:  chr(): Providing a value not in-between 0 and 255 is deprecated, this is because a byte value must be in the [0, 255] interval. The value used will be constrained using % 256 in C:\Users\Pablo\Documents\GitHub\nine-screen-canvas-flow\vendor\phpseclib\phpseclib\phpseclib\Math\BigInteger\Engines\BCMath.php on line 157
[13-Mar-2026 13:25:30 UTC] PHP Deprecated:  chr(): Providing a value not in-between 0 and 255 is deprecated, this is because a byte value must be in the [0, 255] interval. The value used will be constrained using % 256 in C:\Users\Pablo\Documents\GitHub\nine-screen-canvas-flow\vendor\phpseclib\phpseclib\phpseclib\Math\BigInteger\Engines\BCMath.php on line 157
[13-Mar-2026 13:25:30 UTC] PHP Deprecated:  chr(): Providing a value not in-between 0 and 255 is deprecated, this is because a byte value must be in the [0, 255] interval. The value used will be constrained using % 256 in C:\Users\Pablo\Documents\GitHub\nine-screen-canvas-flow\vendor\phpseclib\phpseclib\phpseclib\Math\BigInteger\Engines\BCMath.php on line 157
[13-Mar-2026 13:25:30 UTC] PHP Deprecated:  chr(): Providing a value not in-between 0 and 255 is deprecated, this is because a byte value must be in the [0, 255] interval. The value used will be constrained using % 256 in C:\Users\Pablo\Documents\GitHub\nine-screen-canvas-flow\vendor\phpseclib\phpseclib\phpseclib\Math\BigInteger\Engines\BCMath.php on line 157
[13-Mar-2026 13:25:30 UTC] PHP Deprecated:  chr(): Providing a value not in-between 0 and 255 is deprecated, this is because a byte value must be in the [0, 255] interval. The value used will be constrained using % 256 in C:\Users\Pablo\Documents\GitHub\nine-screen-canvas-flow\vendor\phpseclib\phpseclib\phpseclib\Math\BigInteger\Engines\BCMath.php on line 157
[13-Mar-2026 13:25:30 UTC] PHP Deprecated:  chr(): Providing a value not in-between 0 and 255 is deprecated, this is because a byte value must be in the [0, 255] interval. The value used will be constrained using % 256 in C:\Users\Pablo\Documents\GitHub\nine-screen-canvas-flow\vendor\phpseclib\phpseclib\phpseclib\Math\BigInteger\Engines\BCMath.php on line 157
[13-Mar-2026 13:25:30 UTC] PHP Deprecated:  chr(): Providing a value not in-between 0 and 255 is deprecated, this is because a byte value must be in the [0, 255] interval. The value used will be constrained using % 256 in C:\Users\Pablo\Documents\GitHub\nine-screen-canvas-flow\vendor\phpseclib\phpseclib\phpseclib\Math\BigInteger\Engines\BCMath.php on line 157
[13-Mar-2026 13:25:30 UTC] PHP Deprecated:  chr(): Providing a value not in-between 0 and 255 is deprecated, this is because a byte value must be in the [0, 255] interval. The value used will be constrained using % 256 in C:\Users\Pablo\Documents\GitHub\nine-screen-canvas-flow\vendor\phpseclib\phpseclib\phpseclib\Math\BigInteger\Engines\BCMath.php on line 157
[13-Mar-2026 13:25:30 UTC] PHP Deprecated:  chr(): Providing a value not in-between 0 and 255 is deprecated, this is because a byte value must be in the [0, 255] interval. The value used will be constrained using % 256 in C:\Users\Pablo\Documents\GitHub\nine-screen-canvas-flow\vendor\phpseclib\phpseclib\phpseclib\Math\BigInteger\Engines\BCMath.php on line 157
[13-Mar-2026 13:25:30 UTC] PHP Deprecated:  chr(): Providing a value not in-between 0 and 255 is deprecated, this is because a byte value must be in the [0, 255] interval. The value used will be constrained using % 256 in C:\Users\Pablo\Documents\GitHub\nine-screen-canvas-flow\vendor\phpseclib\phpseclib\phpseclib\Math\BigInteger\Engines\BCMath.php on line 157
[13-Mar-2026 13:25:30 UTC] PHP Deprecated:  chr(): Providing a value not in-between 0 and 255 is deprecated, this is because a byte value must be in the [0, 255] interval. The value used will be constrained using % 256 in C:\Users\Pablo\Documents\GitHub\nine-screen-canvas-flow\vendor\phpseclib\phpseclib\phpseclib\Math\BigInteger\Engines\BCMath.php on line 157
[13-Mar-2026 13:25:30 UTC] PHP Deprecated:  chr(): Providing a value not in-between 0 and 255 is deprecated, this is because a byte value must be in the [0, 255] interval. The value used will be constrained using % 256 in C:\Users\Pablo\Documents\GitHub\nine-screen-canvas-flow\vendor\phpseclib\phpseclib\phpseclib\Math\BigInteger\Engines\BCMath.php on line 157
[13-Mar-2026 13:25:30 UTC] PHP Deprecated:  chr(): Providing a value not in-between 0 and 255 is deprecated, this is because a byte value must be in the [0, 255] interval. The value used will be constrained using % 256 in C:\Users\Pablo\Documents\GitHub\nine-screen-canvas-flow\vendor\phpseclib\phpseclib\phpseclib\Math\BigInteger\Engines\BCMath.php on line 157
[13-Mar-2026 13:25:30 UTC] PHP Deprecated:  chr(): Providing a value not in-between 0 and 255 is deprecated, this is because a byte value must be in the [0, 255] interval. The value used will be constrained using % 256 in C:\Users\Pablo\Documents\GitHub\nine-screen-canvas-flow\vendor\phpseclib\phpseclib\phpseclib\Math\BigInteger\Engines\BCMath.php on line 157
[13-Mar-2026 13:25:30 UTC] PHP Deprecated:  chr(): Providing a value not in-between 0 and 255 is deprecated, this is because a byte value must be in the [0, 255] interval. The value used will be constrained using % 256 in C:\Users\Pablo\Documents\GitHub\nine-screen-canvas-flow\vendor\phpseclib\phpseclib\phpseclib\Math\BigInteger\Engines\BCMath.php on line 157
[13-Mar-2026 13:25:30 UTC] PHP Deprecated:  chr(): Providing a value not in-between 0 and 255 is deprecated, this is because a byte value must be in the [0, 255] interval. The value used will be constrained using % 256 in C:\Users\Pablo\Documents\GitHub\nine-screen-canvas-flow\vendor\phpseclib\phpseclib\phpseclib\Math\BigInteger\Engines\BCMath.php on line 157
[13-Mar-2026 13:25:30 UTC] PHP Deprecated:  chr(): Providing a value not in-between 0 and 255 is deprecated, this is because a byte value must be in the [0, 255] interval. The value used will be constrained using % 256 in C:\Users\Pablo\Documents\GitHub\nine-screen-canvas-flow\vendor\phpseclib\phpseclib\phpseclib\Math\BigInteger\Engines\BCMath.php on line 157
[13-Mar-2026 13:25:30 UTC] PHP Deprecated:  chr(): Providing a value not in-between 0 and 255 is deprecated, this is because a byte value must be in the [0, 255] interval. The value used will be constrained using % 256 in C:\Users\Pablo\Documents\GitHub\nine-screen-canvas-flow\vendor\phpseclib\phpseclib\phpseclib\Math\BigInteger\Engines\BCMath.php on line 157
[13-Mar-2026 13:25:30 UTC] PHP Deprecated:  chr(): Providing a value not in-between 0 and 255 is deprecated, this is because a byte value must be in the [0, 255] interval. The value used will be constrained using % 256 in C:\Users\Pablo\Documents\GitHub\nine-screen-canvas-flow\vendor\phpseclib\phpseclib\phpseclib\Math\BigInteger\Engines\BCMath.php on line 157
[13-Mar-2026 13:25:30 UTC] PHP Deprecated:  chr(): Providing a value not in-between 0 and 255 is deprecated, this is because a byte value must be in the [0, 255] interval. The value used will be constrained using % 256 in C:\Users\Pablo\Documents\GitHub\nine-screen-canvas-flow\vendor\phpseclib\phpseclib\phpseclib\Math\BigInteger\Engines\BCMath.php on line 157
[13-Mar-2026 13:25:30 UTC] PHP Deprecated:  chr(): Providing a value not in-between 0 and 255 is deprecated, this is because a byte value must be in the [0, 255] interval. The value used will be constrained using % 256 in C:\Users\Pablo\Documents\GitHub\nine-screen-canvas-flow\vendor\phpseclib\phpseclib\phpseclib\Math\BigInteger\Engines\BCMath.php on line 157
[13-Mar-2026 13:25:30 UTC] PHP Deprecated:  chr(): Providing a value not in-between 0 and 255 is deprecated, this is because a byte value must be in the [0, 255] interval. The value used will be constrained using % 256 in C:\Users\Pablo\Documents\GitHub\nine-screen-canvas-flow\vendor\phpseclib\phpseclib\phpseclib\Math\BigInteger\Engines\BCMath.php on line 157
[13-Mar-2026 13:25:30 UTC] PHP Deprecated:  chr(): Providing a value not in-between 0 and 255 is deprecated, this is because a byte value must be in the [0, 255] interval. The value used will be constrained using % 256 in C:\Users\Pablo\Documents\GitHub\nine-screen-canvas-flow\vendor\phpseclib\phpseclib\phpseclib\Math\BigInteger\Engines\BCMath.php on line 157
[13-Mar-2026 13:25:30 UTC] PHP Deprecated:  chr(): Providing a value not in-between 0 and 255 is deprecated, this is because a byte value must be in the [0, 255] interval. The value used will be constrained using % 256 in C:\Users\Pablo\Documents\GitHub\nine-screen-canvas-flow\vendor\phpseclib\phpseclib\phpseclib\Math\BigInteger\Engines\BCMath.php on line 157
[13-Mar-2026 13:25:30 UTC] PHP Deprecated:  chr(): Providing a value not in-between 0 and 255 is deprecated, this is because a byte value must be in the [0, 255] interval. The value used will be constrained using % 256 in C:\Users\Pablo\Documents\GitHub\nine-screen-canvas-flow\vendor\phpseclib\phpseclib\phpseclib\Math\BigInteger\Engines\BCMath.php on line 157
[13-Mar-2026 13:25:30 UTC] PHP Deprecated:  chr(): Providing a value not in-between 0 and 255 is deprecated, this is because a byte value must be in the [0, 255] interval. The value used will be constrained using % 256 in C:\Users\Pablo\Documents\GitHub\nine-screen-canvas-flow\vendor\phpseclib\phpseclib\phpseclib\Math\BigInteger\Engines\BCMath.php on line 157
[13-Mar-2026 13:25:30 UTC] PHP Deprecated:  chr(): Providing a value not in-between 0 and 255 is deprecated, this is because a byte value must be in the [0, 255] interval. The value used will be constrained using % 256 in C:\Users\Pablo\Documents\GitHub\nine-screen-canvas-flow\vendor\phpseclib\phpseclib\phpseclib\Math\BigInteger\Engines\BCMath.php on line 157
[13-Mar-2026 13:25:30 UTC] PHP Deprecated:  chr(): Providing a value not in-between 0 and 255 is deprecated, this is because a byte value must be in the [0, 255] interval. The value used will be constrained using % 256 in C:\Users\Pablo\Documents\GitHub\nine-screen-canvas-flow\vendor\phpseclib\phpseclib\phpseclib\Math\BigInteger\Engines\BCMath.php on line 157
[13-Mar-2026 13:25:30 UTC] PHP Deprecated:  chr(): Providing a value not in-between 0 and 255 is deprecated, this is because a byte value must be in the [0, 255] interval. The value used will be constrained using % 256 in C:\Users\Pablo\Documents\GitHub\nine-screen-canvas-flow\vendor\phpseclib\phpseclib\phpseclib\Math\BigInteger\Engines\BCMath.php on line 157
[13-Mar-2026 13:25:30 UTC] PHP Deprecated:  chr(): Providing a value not in-between 0 and 255 is deprecated, this is because a byte value must be in the [0, 255] interval. The value used will be constrained using % 256 in C:\Users\Pablo\Documents\GitHub\nine-screen-canvas-flow\vendor\phpseclib\phpseclib\phpseclib\Math\BigInteger\Engines\BCMath.php on line 157
[13-Mar-2026 13:25:30 UTC] PHP Deprecated:  chr(): Providing a value not in-between 0 and 255 is deprecated, this is because a byte value must be in the [0, 255] interval. The value used will be constrained using % 256 in C:\Users\Pablo\Documents\GitHub\nine-screen-canvas-flow\vendor\phpseclib\phpseclib\phpseclib\Math\BigInteger\Engines\BCMath.php on line 157
[13-Mar-2026 13:25:30 UTC] PHP Deprecated:  chr(): Providing a value not in-between 0 and 255 is deprecated, this is because a byte value must be in the [0, 255] interval. The value used will be constrained using % 256 in C:\Users\Pablo\Documents\GitHub\nine-screen-canvas-flow\vendor\phpseclib\phpseclib\phpseclib\Math\BigInteger\Engines\BCMath.php on line 157
[13-Mar-2026 13:25:30 UTC] PHP Deprecated:  chr(): Providing a value not in-between 0 and 255 is deprecated, this is because a byte value must be in the [0, 255] interval. The value used will be constrained using % 256 in C:\Users\Pablo\Documents\GitHub\nine-screen-canvas-flow\vendor\phpseclib\phpseclib\phpseclib\Math\BigInteger\Engines\BCMath.php on line 157
[13-Mar-2026 13:25:30 UTC] PHP Deprecated:  chr(): Providing a value not in-between 0 and 255 is deprecated, this is because a byte value must be in the [0, 255] interval. The value used will be constrained using % 256 in C:\Users\Pablo\Documents\GitHub\nine-screen-canvas-flow\vendor\phpseclib\phpseclib\phpseclib\Math\BigInteger\Engines\BCMath.php on line 157
[13-Mar-2026 13:25:30 UTC] PHP Deprecated:  chr(): Providing a value not in-between 0 and 255 is deprecated, this is because a byte value must be in the [0, 255] interval. The value used will be constrained using % 256 in C:\Users\Pablo\Documents\GitHub\nine-screen-canvas-flow\vendor\phpseclib\phpseclib\phpseclib\Math\BigInteger\Engines\BCMath.php on line 157
[13-Mar-2026 13:25:30 UTC] PHP Deprecated:  chr(): Providing a value not in-between 0 and 255 is deprecated, this is because a byte value must be in the [0, 255] interval. The value used will be constrained using % 256 in C:\Users\Pablo\Documents\GitHub\nine-screen-canvas-flow\vendor\phpseclib\phpseclib\phpseclib\Math\BigInteger\Engines\BCMath.php on line 157
[13-Mar-2026 13:25:30 UTC] PHP Deprecated:  chr(): Providing a value not in-between 0 and 255 is deprecated, this is because a byte value must be in the [0, 255] interval. The value used will be constrained using % 256 in C:\Users\Pablo\Documents\GitHub\nine-screen-canvas-flow\vendor\phpseclib\phpseclib\phpseclib\Math\BigInteger\Engines\BCMath.php on line 157
[13-Mar-2026 13:25:30 UTC] PHP Deprecated:  chr(): Providing a value not in-between 0 and 255 is deprecated, this is because a byte value must be in the [0, 255] interval. The value used will be constrained using % 256 in C:\Users\Pablo\Documents\GitHub\nine-screen-canvas-flow\vendor\phpseclib\phpseclib\phpseclib\Math\BigInteger\Engines\BCMath.php on line 157
[13-Mar-2026 13:25:30 UTC] PHP Deprecated:  chr(): Providing a value not in-between 0 and 255 is deprecated, this is because a byte value must be in the [0, 255] interval. The value used will be constrained using % 256 in C:\Users\Pablo\Documents\GitHub\nine-screen-canvas-flow\vendor\phpseclib\phpseclib\phpseclib\Math\BigInteger\Engines\BCMath.php on line 157
[13-Mar-2026 13:25:30 UTC] PHP Deprecated:  chr(): Providing a value not in-between 0 and 255 is deprecated, this is because a byte value must be in the [0, 255] interval. The value used will be constrained using % 256 in C:\Users\Pablo\Documents\GitHub\nine-screen-canvas-flow\vendor\phpseclib\phpseclib\phpseclib\Math\BigInteger\Engines\BCMath.php on line 157
[13-Mar-2026 13:25:30 UTC] PHP Deprecated:  chr(): Providing a value not in-between 0 and 255 is deprecated, this is because a byte value must be in the [0, 255] interval. The value used will be constrained using % 256 in C:\Users\Pablo\Documents\GitHub\nine-screen-canvas-flow\vendor\phpseclib\phpseclib\phpseclib\Math\BigInteger\Engines\BCMath.php on line 157
[13-Mar-2026 13:25:30 UTC] PHP Deprecated:  chr(): Providing a value not in-between 0 and 255 is deprecated, this is because a byte value must be in the [0, 255] interval. The value used will be constrained using % 256 in C:\Users\Pablo\Documents\GitHub\nine-screen-canvas-flow\vendor\phpseclib\phpseclib\phpseclib\Math\BigInteger\Engines\BCMath.php on line 157
[13-Mar-2026 13:25:30 UTC] PHP Deprecated:  chr(): Providing a value not in-between 0 and 255 is deprecated, this is because a byte value must be in the [0, 255] interval. The value used will be constrained using % 256 in C:\Users\Pablo\Documents\GitHub\nine-screen-canvas-flow\vendor\phpseclib\phpseclib\phpseclib\Math\BigInteger\Engines\BCMath.php on line 157
[13-Mar-2026 13:25:30 UTC] PHP Deprecated:  chr(): Providing a value not in-between 0 and 255 is deprecated, this is because a byte value must be in the [0, 255] interval. The value used will be constrained using % 256 in C:\Users\Pablo\Documents\GitHub\nine-screen-canvas-flow\vendor\phpseclib\phpseclib\phpseclib\Math\BigInteger\Engines\BCMath.php on line 157
[13-Mar-2026 13:25:30 UTC] PHP Deprecated:  chr(): Providing a value not in-between 0 and 255 is deprecated, this is because a byte value must be in the [0, 255] interval. The value used will be constrained using % 256 in C:\Users\Pablo\Documents\GitHub\nine-screen-canvas-flow\vendor\phpseclib\phpseclib\phpseclib\Math\BigInteger\Engines\BCMath.php on line 157
[13-Mar-2026 13:25:30 UTC] PHP Deprecated:  chr(): Providing a value not in-between 0 and 255 is deprecated, this is because a byte value must be in the [0, 255] interval. The value used will be constrained using % 256 in C:\Users\Pablo\Documents\GitHub\nine-screen-canvas-flow\vendor\phpseclib\phpseclib\phpseclib\Math\BigInteger\Engines\BCMath.php on line 157
[13-Mar-2026 13:25:30 UTC] PHP Deprecated:  chr(): Providing a value not in-between 0 and 255 is deprecated, this is because a byte value must be in the [0, 255] interval. The value used will be constrained using % 256 in C:\Users\Pablo\Documents\GitHub\nine-screen-canvas-flow\vendor\phpseclib\phpseclib\phpseclib\Math\BigInteger\Engines\BCMath.php on line 157
[13-Mar-2026 13:25:30 UTC] PHP Deprecated:  chr(): Providing a value not in-between 0 and 255 is deprecated, this is because a byte value must be in the [0, 255] interval. The value used will be constrained using % 256 in C:\Users\Pablo\Documents\GitHub\nine-screen-canvas-flow\vendor\phpseclib\phpseclib\phpseclib\Math\BigInteger\Engines\BCMath.php on line 157
[13-Mar-2026 13:25:30 UTC] PHP Deprecated:  chr(): Providing a value not in-between 0 and 255 is deprecated, this is because a byte value must be in the [0, 255] interval. The value used will be constrained using % 256 in C:\Users\Pablo\Documents\GitHub\nine-screen-canvas-flow\vendor\phpseclib\phpseclib\phpseclib\Math\BigInteger\Engines\BCMath.php on line 157
[13-Mar-2026 13:25:30 UTC] PHP Deprecated:  chr(): Providing a value not in-between 0 and 255 is deprecated, this is because a byte value must be in the [0, 255] interval. The value used will be constrained using % 256 in C:\Users\Pablo\Documents\GitHub\nine-screen-canvas-flow\vendor\phpseclib\phpseclib\phpseclib\Math\BigInteger\Engines\BCMath.php on line 157
[13-Mar-2026 13:25:30 UTC] PHP Deprecated:  chr(): Providing a value not in-between 0 and 255 is deprecated, this is because a byte value must be in the [0, 255] interval. The value used will be constrained using % 256 in C:\Users\Pablo\Documents\GitHub\nine-screen-canvas-flow\vendor\phpseclib\phpseclib\phpseclib\Math\BigInteger\Engines\BCMath.php on line 157
[13-Mar-2026 13:25:30 UTC] PHP Deprecated:  chr(): Providing a value not in-between 0 and 255 is deprecated, this is because a byte value must be in the [0, 255] interval. The value used will be constrained using % 256 in C:\Users\Pablo\Documents\GitHub\nine-screen-canvas-flow\vendor\phpseclib\phpseclib\phpseclib\Math\BigInteger\Engines\BCMath.php on line 157
[13-Mar-2026 13:25:30 UTC] PHP Deprecated:  chr(): Providing a value not in-between 0 and 255 is deprecated, this is because a byte value must be in the [0, 255] interval. The value used will be constrained using % 256 in C:\Users\Pablo\Documents\GitHub\nine-screen-canvas-flow\vendor\phpseclib\phpseclib\phpseclib\Math\BigInteger\Engines\BCMath.php on line 157
[13-Mar-2026 13:25:30 UTC] PHP Deprecated:  chr(): Providing a value not in-between 0 and 255 is deprecated, this is because a byte value must be in the [0, 255] interval. The value used will be constrained using % 256 in C:\Users\Pablo\Documents\GitHub\nine-screen-canvas-flow\vendor\phpseclib\phpseclib\phpseclib\Math\BigInteger\Engines\BCMath.php on line 157
[13-Mar-2026 13:25:30 UTC] PHP Deprecated:  chr(): Providing a value not in-between 0 and 255 is deprecated, this is because a byte value must be in the [0, 255] interval. The value used will be constrained using % 256 in C:\Users\Pablo\Documents\GitHub\nine-screen-canvas-flow\vendor\phpseclib\phpseclib\phpseclib\Math\BigInteger\Engines\BCMath.php on line 157
[13-Mar-2026 13:25:30 UTC] PHP Deprecated:  chr(): Providing a value not in-between 0 and 255 is deprecated, this is because a byte value must be in the [0, 255] interval. The value used will be constrained using % 256 in C:\Users\Pablo\Documents\GitHub\nine-screen-canvas-flow\vendor\phpseclib\phpseclib\phpseclib\Math\BigInteger\Engines\BCMath.php on line 157
[13-Mar-2026 13:25:30 UTC] PHP Deprecated:  chr(): Providing a value not in-between 0 and 255 is deprecated, this is because a byte value must be in the [0, 255] interval. The value used will be constrained using % 256 in C:\Users\Pablo\Documents\GitHub\nine-screen-canvas-flow\vendor\phpseclib\phpseclib\phpseclib\Math\BigInteger\Engines\BCMath.php on line 157
[13-Mar-2026 13:25:30 UTC] PHP Deprecated:  chr(): Providing a value not in-between 0 and 255 is deprecated, this is because a byte value must be in the [0, 255] interval. The value used will be constrained using % 256 in C:\Users\Pablo\Documents\GitHub\nine-screen-canvas-flow\vendor\phpseclib\phpseclib\phpseclib\Math\BigInteger\Engines\BCMath.php on line 157
[13-Mar-2026 13:25:30 UTC] PHP Deprecated:  chr(): Providing a value not in-between 0 and 255 is deprecated, this is because a byte value must be in the [0, 255] interval. The value used will be constrained using % 256 in C:\Users\Pablo\Documents\GitHub\nine-screen-canvas-flow\vendor\phpseclib\phpseclib\phpseclib\Math\BigInteger\Engines\BCMath.php on line 157
[13-Mar-2026 13:25:30 UTC] PHP Deprecated:  chr(): Providing a value not in-between 0 and 255 is deprecated, this is because a byte value must be in the [0, 255] interval. The value used will be constrained using % 256 in C:\Users\Pablo\Documents\GitHub\nine-screen-canvas-flow\vendor\phpseclib\phpseclib\phpseclib\Math\BigInteger\Engines\BCMath.php on line 157
[13-Mar-2026 13:25:30 UTC] PHP Deprecated:  chr(): Providing a value not in-between 0 and 255 is deprecated, this is because a byte value must be in the [0, 255] interval. The value used will be constrained using % 256 in C:\Users\Pablo\Documents\GitHub\nine-screen-canvas-flow\vendor\phpseclib\phpseclib\phpseclib\Math\BigInteger\Engines\BCMath.php on line 157
[13-Mar-2026 13:25:30 UTC] PHP Deprecated:  chr(): Providing a value not in-between 0 and 255 is deprecated, this is because a byte value must be in the [0, 255] interval. The value used will be constrained using % 256 in C:\Users\Pablo\Documents\GitHub\nine-screen-canvas-flow\vendor\phpseclib\phpseclib\phpseclib\Math\BigInteger\Engines\BCMath.php on line 157
[13-Mar-2026 13:25:30 UTC] PHP Deprecated:  chr(): Providing a value not in-between 0 and 255 is deprecated, this is because a byte value must be in the [0, 255] interval. The value used will be constrained using % 256 in C:\Users\Pablo\Documents\GitHub\nine-screen-canvas-flow\vendor\phpseclib\phpseclib\phpseclib\Math\BigInteger\Engines\BCMath.php on line 157
[13-Mar-2026 13:25:30 UTC] PHP Deprecated:  chr(): Providing a value not in-between 0 and 255 is deprecated, this is because a byte value must be in the [0, 255] interval. The value used will be constrained using % 256 in C:\Users\Pablo\Documents\GitHub\nine-screen-canvas-flow\vendor\phpseclib\phpseclib\phpseclib\Math\BigInteger\Engines\BCMath.php on line 157
[13-Mar-2026 13:25:30 UTC] PHP Deprecated:  chr(): Providing a value not in-between 0 and 255 is deprecated, this is because a byte value must be in the [0, 255] interval. The value used will be constrained using % 256 in C:\Users\Pablo\Documents\GitHub\nine-screen-canvas-flow\vendor\phpseclib\phpseclib\phpseclib\Math\BigInteger\Engines\BCMath.php on line 157
[13-Mar-2026 13:25:30 UTC] PHP Deprecated:  chr(): Providing a value not in-between 0 and 255 is deprecated, this is because a byte value must be in the [0, 255] interval. The value used will be constrained using % 256 in C:\Users\Pablo\Documents\GitHub\nine-screen-canvas-flow\vendor\phpseclib\phpseclib\phpseclib\Math\BigInteger\Engines\BCMath.php on line 157
[13-Mar-2026 13:25:30 UTC] PHP Deprecated:  chr(): Providing a value not in-between 0 and 255 is deprecated, this is because a byte value must be in the [0, 255] interval. The value used will be constrained using % 256 in C:\Users\Pablo\Documents\GitHub\nine-screen-canvas-flow\vendor\phpseclib\phpseclib\phpseclib\Math\BigInteger\Engines\BCMath.php on line 157
[13-Mar-2026 13:25:30 UTC] PHP Deprecated:  chr(): Providing a value not in-between 0 and 255 is deprecated, this is because a byte value must be in the [0, 255] interval. The value used will be constrained using % 256 in C:\Users\Pablo\Documents\GitHub\nine-screen-canvas-flow\vendor\phpseclib\phpseclib\phpseclib\Math\BigInteger\Engines\BCMath.php on line 157
[13-Mar-2026 13:25:30 UTC] PHP Deprecated:  chr(): Providing a value not in-between 0 and 255 is deprecated, this is because a byte value must be in the [0, 255] interval. The value used will be constrained using % 256 in C:\Users\Pablo\Documents\GitHub\nine-screen-canvas-flow\vendor\phpseclib\phpseclib\phpseclib\Math\BigInteger\Engines\BCMath.php on line 157
[13-Mar-2026 13:25:30 UTC] PHP Deprecated:  chr(): Providing a value not in-between 0 and 255 is deprecated, this is because a byte value must be in the [0, 255] interval. The value used will be constrained using % 256 in C:\Users\Pablo\Documents\GitHub\nine-screen-canvas-flow\vendor\phpseclib\phpseclib\phpseclib\Math\BigInteger\Engines\BCMath.php on line 157
[13-Mar-2026 13:25:30 UTC] PHP Deprecated:  chr(): Providing a value not in-between 0 and 255 is deprecated, this is because a byte value must be in the [0, 255] interval. The value used will be constrained using % 256 in C:\Users\Pablo\Documents\GitHub\nine-screen-canvas-flow\vendor\phpseclib\phpseclib\phpseclib\Math\BigInteger\Engines\BCMath.php on line 157
[13-Mar-2026 13:25:30 UTC] PHP Deprecated:  chr(): Providing a value not in-between 0 and 255 is deprecated, this is because a byte value must be in the [0, 255] interval. The value used will be constrained using % 256 in C:\Users\Pablo\Documents\GitHub\nine-screen-canvas-flow\vendor\phpseclib\phpseclib\phpseclib\Math\BigInteger\Engines\BCMath.php on line 157
[13-Mar-2026 13:25:30 UTC] PHP Deprecated:  chr(): Providing a value not in-between 0 and 255 is deprecated, this is because a byte value must be in the [0, 255] interval. The value used will be constrained using % 256 in C:\Users\Pablo\Documents\GitHub\nine-screen-canvas-flow\vendor\phpseclib\phpseclib\phpseclib\Math\BigInteger\Engines\BCMath.php on line 157
[13-Mar-2026 13:25:30 UTC] PHP Deprecated:  chr(): Providing a value not in-between 0 and 255 is deprecated, this is because a byte value must be in the [0, 255] interval. The value used will be constrained using % 256 in C:\Users\Pablo\Documents\GitHub\nine-screen-canvas-flow\vendor\phpseclib\phpseclib\phpseclib\Math\BigInteger\Engines\BCMath.php on line 157
[13-Mar-2026 13:25:30 UTC] PHP Deprecated:  chr(): Providing a value not in-between 0 and 255 is deprecated, this is because a byte value must be in the [0, 255] interval. The value used will be constrained using % 256 in C:\Users\Pablo\Documents\GitHub\nine-screen-canvas-flow\vendor\phpseclib\phpseclib\phpseclib\Math\BigInteger\Engines\BCMath.php on line 157
[13-Mar-2026 13:25:30 UTC] PHP Deprecated:  chr(): Providing a value not in-between 0 and 255 is deprecated, this is because a byte value must be in the [0, 255] interval. The value used will be constrained using % 256 in C:\Users\Pablo\Documents\GitHub\nine-screen-canvas-flow\vendor\phpseclib\phpseclib\phpseclib\Math\BigInteger\Engines\BCMath.php on line 157
[13-Mar-2026 13:25:30 UTC] PHP Deprecated:  chr(): Providing a value not in-between 0 and 255 is deprecated, this is because a byte value must be in the [0, 255] interval. The value used will be constrained using % 256 in C:\Users\Pablo\Documents\GitHub\nine-screen-canvas-flow\vendor\phpseclib\phpseclib\phpseclib\Math\BigInteger\Engines\BCMath.php on line 157
[13-Mar-2026 13:25:30 UTC] PHP Deprecated:  chr(): Providing a value not in-between 0 and 255 is deprecated, this is because a byte value must be in the [0, 255] interval. The value used will be constrained using % 256 in C:\Users\Pablo\Documents\GitHub\nine-screen-canvas-flow\vendor\phpseclib\phpseclib\phpseclib\Math\BigInteger\Engines\BCMath.php on line 157
[13-Mar-2026 13:25:30 UTC] PHP Deprecated:  chr(): Providing a value not in-between 0 and 255 is deprecated, this is because a byte value must be in the [0, 255] interval. The value used will be constrained using % 256 in C:\Users\Pablo\Documents\GitHub\nine-screen-canvas-flow\vendor\phpseclib\phpseclib\phpseclib\Math\BigInteger\Engines\BCMath.php on line 157
[13-Mar-2026 13:25:30 UTC] PHP Deprecated:  chr(): Providing a value not in-between 0 and 255 is deprecated, this is because a byte value must be in the [0, 255] interval. The value used will be constrained using % 256 in C:\Users\Pablo\Documents\GitHub\nine-screen-canvas-flow\vendor\phpseclib\phpseclib\phpseclib\Math\BigInteger\Engines\BCMath.php on line 157
[13-Mar-2026 13:25:30 UTC] PHP Deprecated:  chr(): Providing a value not in-between 0 and 255 is deprecated, this is because a byte value must be in the [0, 255] interval. The value used will be constrained using % 256 in C:\Users\Pablo\Documents\GitHub\nine-screen-canvas-flow\vendor\phpseclib\phpseclib\phpseclib\Math\BigInteger\Engines\BCMath.php on line 157
[13-Mar-2026 13:25:30 UTC] PHP Deprecated:  chr(): Providing a value not in-between 0 and 255 is deprecated, this is because a byte value must be in the [0, 255] interval. The value used will be constrained using % 256 in C:\Users\Pablo\Documents\GitHub\nine-screen-canvas-flow\vendor\phpseclib\phpseclib\phpseclib\Math\BigInteger\Engines\BCMath.php on line 157
[13-Mar-2026 13:25:30 UTC] PHP Deprecated:  chr(): Providing a value not in-between 0 and 255 is deprecated, this is because a byte value must be in the [0, 255] interval. The value used will be constrained using % 256 in C:\Users\Pablo\Documents\GitHub\nine-screen-canvas-flow\vendor\phpseclib\phpseclib\phpseclib\Math\BigInteger\Engines\BCMath.php on line 157
[13-Mar-2026 13:25:30 UTC] PHP Deprecated:  chr(): Providing a value not in-between 0 and 255 is deprecated, this is because a byte value must be in the [0, 255] interval. The value used will be constrained using % 256 in C:\Users\Pablo\Documents\GitHub\nine-screen-canvas-flow\vendor\phpseclib\phpseclib\phpseclib\Math\BigInteger\Engines\BCMath.php on line 157
[13-Mar-2026 13:25:30 UTC] PHP Deprecated:  chr(): Providing a value not in-between 0 and 255 is deprecated, this is because a byte value must be in the [0, 255] interval. The value used will be constrained using % 256 in C:\Users\Pablo\Documents\GitHub\nine-screen-canvas-flow\vendor\phpseclib\phpseclib\phpseclib\Math\BigInteger\Engines\BCMath.php on line 157
[13-Mar-2026 13:25:30 UTC] PHP Deprecated:  chr(): Providing a value not in-between 0 and 255 is deprecated, this is because a byte value must be in the [0, 255] interval. The value used will be constrained using % 256 in C:\Users\Pablo\Documents\GitHub\nine-screen-canvas-flow\vendor\phpseclib\phpseclib\phpseclib\Math\BigInteger\Engines\BCMath.php on line 157
[13-Mar-2026 13:25:30 UTC] PHP Deprecated:  chr(): Providing a value not in-between 0 and 255 is deprecated, this is because a byte value must be in the [0, 255] interval. The value used will be constrained using % 256 in C:\Users\Pablo\Documents\GitHub\nine-screen-canvas-flow\vendor\phpseclib\phpseclib\phpseclib\Math\BigInteger\Engines\BCMath.php on line 157
[13-Mar-2026 13:25:30 UTC] PHP Deprecated:  chr(): Providing a value not in-between 0 and 255 is deprecated, this is because a byte value must be in the [0, 255] interval. The value used will be constrained using % 256 in C:\Users\Pablo\Documents\GitHub\nine-screen-canvas-flow\vendor\phpseclib\phpseclib\phpseclib\Math\BigInteger\Engines\BCMath.php on line 157
[13-Mar-2026 13:25:30 UTC] PHP Deprecated:  chr(): Providing a value not in-between 0 and 255 is deprecated, this is because a byte value must be in the [0, 255] interval. The value used will be constrained using % 256 in C:\Users\Pablo\Documents\GitHub\nine-screen-canvas-flow\vendor\phpseclib\phpseclib\phpseclib\Math\BigInteger\Engines\BCMath.php on line 157
[13-Mar-2026 13:25:30 UTC] PHP Deprecated:  chr(): Providing a value not in-between 0 and 255 is deprecated, this is because a byte value must be in the [0, 255] interval. The value used will be constrained using % 256 in C:\Users\Pablo\Documents\GitHub\nine-screen-canvas-flow\vendor\phpseclib\phpseclib\phpseclib\Math\BigInteger\Engines\BCMath.php on line 157
[13-Mar-2026 13:25:30 UTC] PHP Deprecated:  chr(): Providing a value not in-between 0 and 255 is deprecated, this is because a byte value must be in the [0, 255] interval. The value used will be constrained using % 256 in C:\Users\Pablo\Documents\GitHub\nine-screen-canvas-flow\vendor\phpseclib\phpseclib\phpseclib\Math\BigInteger\Engines\BCMath.php on line 157
[13-Mar-2026 13:25:30 UTC] PHP Deprecated:  chr(): Providing a value not in-between 0 and 255 is deprecated, this is because a byte value must be in the [0, 255] interval. The value used will be constrained using % 256 in C:\Users\Pablo\Documents\GitHub\nine-screen-canvas-flow\vendor\phpseclib\phpseclib\phpseclib\Math\BigInteger\Engines\BCMath.php on line 157
[13-Mar-2026 13:25:30 UTC] PHP Deprecated:  chr(): Providing a value not in-between 0 and 255 is deprecated, this is because a byte value must be in the [0, 255] interval. The value used will be constrained using % 256 in C:\Users\Pablo\Documents\GitHub\nine-screen-canvas-flow\vendor\phpseclib\phpseclib\phpseclib\Math\BigInteger\Engines\BCMath.php on line 157
[13-Mar-2026 13:25:30 UTC] PHP Deprecated:  chr(): Providing a value not in-between 0 and 255 is deprecated, this is because a byte value must be in the [0, 255] interval. The value used will be constrained using % 256 in C:\Users\Pablo\Documents\GitHub\nine-screen-canvas-flow\vendor\phpseclib\phpseclib\phpseclib\Math\BigInteger\Engines\BCMath.php on line 157
[13-Mar-2026 13:25:30 UTC] PHP Deprecated:  chr(): Providing a value not in-between 0 and 255 is deprecated, this is because a byte value must be in the [0, 255] interval. The value used will be constrained using % 256 in C:\Users\Pablo\Documents\GitHub\nine-screen-canvas-flow\vendor\phpseclib\phpseclib\phpseclib\Math\BigInteger\Engines\BCMath.php on line 157
[13-Mar-2026 13:25:30 UTC] PHP Deprecated:  chr(): Providing a value not in-between 0 and 255 is deprecated, this is because a byte value must be in the [0, 255] interval. The value used will be constrained using % 256 in C:\Users\Pablo\Documents\GitHub\nine-screen-canvas-flow\vendor\phpseclib\phpseclib\phpseclib\Math\BigInteger\Engines\BCMath.php on line 157
[13-Mar-2026 13:25:30 UTC] PHP Deprecated:  chr(): Providing a value not in-between 0 and 255 is deprecated, this is because a byte value must be in the [0, 255] interval. The value used will be constrained using % 256 in C:\Users\Pablo\Documents\GitHub\nine-screen-canvas-flow\vendor\phpseclib\phpseclib\phpseclib\Math\BigInteger\Engines\BCMath.php on line 157
[13-Mar-2026 13:25:30 UTC] PHP Deprecated:  chr(): Providing a value not in-between 0 and 255 is deprecated, this is because a byte value must be in the [0, 255] interval. The value used will be constrained using % 256 in C:\Users\Pablo\Documents\GitHub\nine-screen-canvas-flow\vendor\phpseclib\phpseclib\phpseclib\Math\BigInteger\Engines\BCMath.php on line 157
[13-Mar-2026 13:25:30 UTC] PHP Deprecated:  chr(): Providing a value not in-between 0 and 255 is deprecated, this is because a byte value must be in the [0, 255] interval. The value used will be constrained using % 256 in C:\Users\Pablo\Documents\GitHub\nine-screen-canvas-flow\vendor\phpseclib\phpseclib\phpseclib\Math\BigInteger\Engines\BCMath.php on line 157
[13-Mar-2026 13:25:30 UTC] PHP Deprecated:  chr(): Providing a value not in-between 0 and 255 is deprecated, this is because a byte value must be in the [0, 255] interval. The value used will be constrained using % 256 in C:\Users\Pablo\Documents\GitHub\nine-screen-canvas-flow\vendor\phpseclib\phpseclib\phpseclib\Math\BigInteger\Engines\BCMath.php on line 157
[13-Mar-2026 13:25:30 UTC] PHP Deprecated:  chr(): Providing a value not in-between 0 and 255 is deprecated, this is because a byte value must be in the [0, 255] interval. The value used will be constrained using % 256 in C:\Users\Pablo\Documents\GitHub\nine-screen-canvas-flow\vendor\phpseclib\phpseclib\phpseclib\Math\BigInteger\Engines\BCMath.php on line 157
[13-Mar-2026 13:25:30 UTC] PHP Deprecated:  chr(): Providing a value not in-between 0 and 255 is deprecated, this is because a byte value must be in the [0, 255] interval. The value used will be constrained using % 256 in C:\Users\Pablo\Documents\GitHub\nine-screen-canvas-flow\vendor\phpseclib\phpseclib\phpseclib\Math\BigInteger\Engines\BCMath.php on line 157
[13-Mar-2026 13:25:30 UTC] PHP Deprecated:  chr(): Providing a value not in-between 0 and 255 is deprecated, this is because a byte value must be in the [0, 255] interval. The value used will be constrained using % 256 in C:\Users\Pablo\Documents\GitHub\nine-screen-canvas-flow\vendor\phpseclib\phpseclib\phpseclib\Math\BigInteger\Engines\BCMath.php on line 157
[13-Mar-2026 13:25:30 UTC] PHP Deprecated:  chr(): Providing a value not in-between 0 and 255 is deprecated, this is because a byte value must be in the [0, 255] interval. The value used will be constrained using % 256 in C:\Users\Pablo\Documents\GitHub\nine-screen-canvas-flow\vendor\phpseclib\phpseclib\phpseclib\Math\BigInteger\Engines\BCMath.php on line 157
[13-Mar-2026 13:25:30 UTC] PHP Deprecated:  chr(): Providing a value not in-between 0 and 255 is deprecated, this is because a byte value must be in the [0, 255] interval. The value used will be constrained using % 256 in C:\Users\Pablo\Documents\GitHub\nine-screen-canvas-flow\vendor\phpseclib\phpseclib\phpseclib\Math\BigInteger\Engines\BCMath.php on line 157
[13-Mar-2026 13:25:30 UTC] PHP Deprecated:  chr(): Providing a value not in-between 0 and 255 is deprecated, this is because a byte value must be in the [0, 255] interval. The value used will be constrained using % 256 in C:\Users\Pablo\Documents\GitHub\nine-screen-canvas-flow\vendor\phpseclib\phpseclib\phpseclib\Math\BigInteger\Engines\BCMath.php on line 157
[13-Mar-2026 13:25:30 UTC] PHP Deprecated:  chr(): Providing a value not in-between 0 and 255 is deprecated, this is because a byte value must be in the [0, 255] interval. The value used will be constrained using % 256 in C:\Users\Pablo\Documents\GitHub\nine-screen-canvas-flow\vendor\phpseclib\phpseclib\phpseclib\Math\BigInteger\Engines\BCMath.php on line 157
[13-Mar-2026 13:25:30 UTC] PHP Deprecated:  chr(): Providing a value not in-between 0 and 255 is deprecated, this is because a byte value must be in the [0, 255] interval. The value used will be constrained using % 256 in C:\Users\Pablo\Documents\GitHub\nine-screen-canvas-flow\vendor\phpseclib\phpseclib\phpseclib\Math\BigInteger\Engines\BCMath.php on line 157
[13-Mar-2026 13:25:30 UTC] PHP Deprecated:  chr(): Providing a value not in-between 0 and 255 is deprecated, this is because a byte value must be in the [0, 255] interval. The value used will be constrained using % 256 in C:\Users\Pablo\Documents\GitHub\nine-screen-canvas-flow\vendor\phpseclib\phpseclib\phpseclib\Math\BigInteger\Engines\BCMath.php on line 157
[13-Mar-2026 13:25:30 UTC] PHP Deprecated:  chr(): Providing a value not in-between 0 and 255 is deprecated, this is because a byte value must be in the [0, 255] interval. The value used will be constrained using % 256 in C:\Users\Pablo\Documents\GitHub\nine-screen-canvas-flow\vendor\phpseclib\phpseclib\phpseclib\Math\BigInteger\Engines\BCMath.php on line 157
[13-Mar-2026 13:25:30 UTC] PHP Deprecated:  chr(): Providing a value not in-between 0 and 255 is deprecated, this is because a byte value must be in the [0, 255] interval. The value used will be constrained using % 256 in C:\Users\Pablo\Documents\GitHub\nine-screen-canvas-flow\vendor\phpseclib\phpseclib\phpseclib\Math\BigInteger\Engines\BCMath.php on line 157
[13-Mar-2026 13:25:30 UTC] PHP Deprecated:  chr(): Providing a value not in-between 0 and 255 is deprecated, this is because a byte value must be in the [0, 255] interval. The value used will be constrained using % 256 in C:\Users\Pablo\Documents\GitHub\nine-screen-canvas-flow\vendor\phpseclib\phpseclib\phpseclib\Math\BigInteger\Engines\BCMath.php on line 157
[13-Mar-2026 13:25:30 UTC] PHP Deprecated:  chr(): Providing a value not in-between 0 and 255 is deprecated, this is because a byte value must be in the [0, 255] interval. The value used will be constrained using % 256 in C:\Users\Pablo\Documents\GitHub\nine-screen-canvas-flow\vendor\phpseclib\phpseclib\phpseclib\Math\BigInteger\Engines\BCMath.php on line 157
[13-Mar-2026 13:25:30 UTC] PHP Deprecated:  chr(): Providing a value not in-between 0 and 255 is deprecated, this is because a byte value must be in the [0, 255] interval. The value used will be constrained using % 256 in C:\Users\Pablo\Documents\GitHub\nine-screen-canvas-flow\vendor\phpseclib\phpseclib\phpseclib\Math\BigInteger\Engines\BCMath.php on line 157
[13-Mar-2026 13:25:30 UTC] PHP Deprecated:  chr(): Providing a value not in-between 0 and 255 is deprecated, this is because a byte value must be in the [0, 255] interval. The value used will be constrained using % 256 in C:\Users\Pablo\Documents\GitHub\nine-screen-canvas-flow\vendor\phpseclib\phpseclib\phpseclib\Math\BigInteger\Engines\BCMath.php on line 157
[13-Mar-2026 13:25:30 UTC] PHP Deprecated:  chr(): Providing a value not in-between 0 and 255 is deprecated, this is because a byte value must be in the [0, 255] interval. The value used will be constrained using % 256 in C:\Users\Pablo\Documents\GitHub\nine-screen-canvas-flow\vendor\phpseclib\phpseclib\phpseclib\Math\BigInteger\Engines\BCMath.php on line 157
[13-Mar-2026 13:25:30 UTC] PHP Deprecated:  chr(): Providing a value not in-between 0 and 255 is deprecated, this is because a byte value must be in the [0, 255] interval. The value used will be constrained using % 256 in C:\Users\Pablo\Documents\GitHub\nine-screen-canvas-flow\vendor\phpseclib\phpseclib\phpseclib\Math\BigInteger\Engines\BCMath.php on line 157
[13-Mar-2026 13:25:30 UTC] PHP Deprecated:  chr(): Providing a value not in-between 0 and 255 is deprecated, this is because a byte value must be in the [0, 255] interval. The value used will be constrained using % 256 in C:\Users\Pablo\Documents\GitHub\nine-screen-canvas-flow\vendor\phpseclib\phpseclib\phpseclib\Math\BigInteger\Engines\BCMath.php on line 157
[13-Mar-2026 13:25:30 UTC] PHP Deprecated:  chr(): Providing a value not in-between 0 and 255 is deprecated, this is because a byte value must be in the [0, 255] interval. The value used will be constrained using % 256 in C:\Users\Pablo\Documents\GitHub\nine-screen-canvas-flow\vendor\phpseclib\phpseclib\phpseclib\Math\BigInteger\Engines\BCMath.php on line 157
[13-Mar-2026 13:25:30 UTC] PHP Deprecated:  chr(): Providing a value not in-between 0 and 255 is deprecated, this is because a byte value must be in the [0, 255] interval. The value used will be constrained using % 256 in C:\Users\Pablo\Documents\GitHub\nine-screen-canvas-flow\vendor\phpseclib\phpseclib\phpseclib\Math\BigInteger\Engines\BCMath.php on line 157
[13-Mar-2026 13:25:30 UTC] PHP Deprecated:  chr(): Providing a value not in-between 0 and 255 is deprecated, this is because a byte value must be in the [0, 255] interval. The value used will be constrained using % 256 in C:\Users\Pablo\Documents\GitHub\nine-screen-canvas-flow\vendor\phpseclib\phpseclib\phpseclib\Math\BigInteger\Engines\BCMath.php on line 157
[13-Mar-2026 13:25:30 UTC] PHP Deprecated:  chr(): Providing a value not in-between 0 and 255 is deprecated, this is because a byte value must be in the [0, 255] interval. The value used will be constrained using % 256 in C:\Users\Pablo\Documents\GitHub\nine-screen-canvas-flow\vendor\phpseclib\phpseclib\phpseclib\Math\BigInteger\Engines\BCMath.php on line 157
[13-Mar-2026 13:25:30 UTC] PHP Deprecated:  chr(): Providing a value not in-between 0 and 255 is deprecated, this is because a byte value must be in the [0, 255] interval. The value used will be constrained using % 256 in C:\Users\Pablo\Documents\GitHub\nine-screen-canvas-flow\vendor\phpseclib\phpseclib\phpseclib\Math\BigInteger\Engines\BCMath.php on line 157
[13-Mar-2026 13:25:30 UTC] PHP Deprecated:  chr(): Providing a value not in-between 0 and 255 is deprecated, this is because a byte value must be in the [0, 255] interval. The value used will be constrained using % 256 in C:\Users\Pablo\Documents\GitHub\nine-screen-canvas-flow\vendor\phpseclib\phpseclib\phpseclib\Math\BigInteger\Engines\BCMath.php on line 157
[13-Mar-2026 13:25:30 UTC] PHP Deprecated:  chr(): Providing a value not in-between 0 and 255 is deprecated, this is because a byte value must be in the [0, 255] interval. The value used will be constrained using % 256 in C:\Users\Pablo\Documents\GitHub\nine-screen-canvas-flow\vendor\phpseclib\phpseclib\phpseclib\Math\BigInteger\Engines\BCMath.php on line 157
[13-Mar-2026 13:25:30 UTC] PHP Deprecated:  chr(): Providing a value not in-between 0 and 255 is deprecated, this is because a byte value must be in the [0, 255] interval. The value used will be constrained using % 256 in C:\Users\Pablo\Documents\GitHub\nine-screen-canvas-flow\vendor\phpseclib\phpseclib\phpseclib\Math\BigInteger\Engines\BCMath.php on line 157
[13-Mar-2026 13:25:30 UTC] PHP Deprecated:  chr(): Providing a value not in-between 0 and 255 is deprecated, this is because a byte value must be in the [0, 255] interval. The value used will be constrained using % 256 in C:\Users\Pablo\Documents\GitHub\nine-screen-canvas-flow\vendor\phpseclib\phpseclib\phpseclib\Math\BigInteger\Engines\BCMath.php on line 157
[13-Mar-2026 13:25:30 UTC] PHP Deprecated:  chr(): Providing a value not in-between 0 and 255 is deprecated, this is because a byte value must be in the [0, 255] interval. The value used will be constrained using % 256 in C:\Users\Pablo\Documents\GitHub\nine-screen-canvas-flow\vendor\phpseclib\phpseclib\phpseclib\Math\BigInteger\Engines\BCMath.php on line 157
[13-Mar-2026 13:25:30 UTC] PHP Deprecated:  chr(): Providing a value not in-between 0 and 255 is deprecated, this is because a byte value must be in the [0, 255] interval. The value used will be constrained using % 256 in C:\Users\Pablo\Documents\GitHub\nine-screen-canvas-flow\vendor\phpseclib\phpseclib\phpseclib\Math\BigInteger\Engines\BCMath.php on line 157
[13-Mar-2026 13:25:30 UTC] PHP Deprecated:  chr(): Providing a value not in-between 0 and 255 is deprecated, this is because a byte value must be in the [0, 255] interval. The value used will be constrained using % 256 in C:\Users\Pablo\Documents\GitHub\nine-screen-canvas-flow\vendor\phpseclib\phpseclib\phpseclib\Math\BigInteger\Engines\BCMath.php on line 157
[13-Mar-2026 13:25:30 UTC] PHP Deprecated:  chr(): Providing a value not in-between 0 and 255 is deprecated, this is because a byte value must be in the [0, 255] interval. The value used will be constrained using % 256 in C:\Users\Pablo\Documents\GitHub\nine-screen-canvas-flow\vendor\phpseclib\phpseclib\phpseclib\Math\BigInteger\Engines\BCMath.php on line 157
[13-Mar-2026 13:25:30 UTC] PHP Deprecated:  chr(): Providing a value not in-between 0 and 255 is deprecated, this is because a byte value must be in the [0, 255] interval. The value used will be constrained using % 256 in C:\Users\Pablo\Documents\GitHub\nine-screen-canvas-flow\vendor\phpseclib\phpseclib\phpseclib\Math\BigInteger\Engines\BCMath.php on line 157
[13-Mar-2026 13:25:30 UTC] PHP Deprecated:  chr(): Providing a value not in-between 0 and 255 is deprecated, this is because a byte value must be in the [0, 255] interval. The value used will be constrained using % 256 in C:\Users\Pablo\Documents\GitHub\nine-screen-canvas-flow\vendor\phpseclib\phpseclib\phpseclib\Math\BigInteger\Engines\BCMath.php on line 157
[13-Mar-2026 13:25:30 UTC] PHP Deprecated:  chr(): Providing a value not in-between 0 and 255 is deprecated, this is because a byte value must be in the [0, 255] interval. The value used will be constrained using % 256 in C:\Users\Pablo\Documents\GitHub\nine-screen-canvas-flow\vendor\phpseclib\phpseclib\phpseclib\Math\BigInteger\Engines\BCMath.php on line 157
[13-Mar-2026 13:25:30 UTC] PHP Deprecated:  chr(): Providing a value not in-between 0 and 255 is deprecated, this is because a byte value must be in the [0, 255] interval. The value used will be constrained using % 256 in C:\Users\Pablo\Documents\GitHub\nine-screen-canvas-flow\vendor\phpseclib\phpseclib\phpseclib\Math\BigInteger\Engines\BCMath.php on line 157
[13-Mar-2026 13:25:30 UTC] PHP Deprecated:  chr(): Providing a value not in-between 0 and 255 is deprecated, this is because a byte value must be in the [0, 255] interval. The value used will be constrained using % 256 in C:\Users\Pablo\Documents\GitHub\nine-screen-canvas-flow\vendor\phpseclib\phpseclib\phpseclib\Math\BigInteger\Engines\BCMath.php on line 157
[13-Mar-2026 13:25:30 UTC] PHP Deprecated:  chr(): Providing a value not in-between 0 and 255 is deprecated, this is because a byte value must be in the [0, 255] interval. The value used will be constrained using % 256 in C:\Users\Pablo\Documents\GitHub\nine-screen-canvas-flow\vendor\phpseclib\phpseclib\phpseclib\Math\BigInteger\Engines\BCMath.php on line 157
[13-Mar-2026 13:25:30 UTC] PHP Deprecated:  chr(): Providing a value not in-between 0 and 255 is deprecated, this is because a byte value must be in the [0, 255] interval. The value used will be constrained using % 256 in C:\Users\Pablo\Documents\GitHub\nine-screen-canvas-flow\vendor\phpseclib\phpseclib\phpseclib\Math\BigInteger\Engines\BCMath.php on line 157
[13-Mar-2026 13:25:30 UTC] PHP Deprecated:  chr(): Providing a value not in-between 0 and 255 is deprecated, this is because a byte value must be in the [0, 255] interval. The value used will be constrained using % 256 in C:\Users\Pablo\Documents\GitHub\nine-screen-canvas-flow\vendor\phpseclib\phpseclib\phpseclib\Math\BigInteger\Engines\BCMath.php on line 157
[13-Mar-2026 13:25:30 UTC] PHP Deprecated:  chr(): Providing a value not in-between 0 and 255 is deprecated, this is because a byte value must be in the [0, 255] interval. The value used will be constrained using % 256 in C:\Users\Pablo\Documents\GitHub\nine-screen-canvas-flow\vendor\phpseclib\phpseclib\phpseclib\Math\BigInteger\Engines\BCMath.php on line 157
[13-Mar-2026 13:25:30 UTC] PHP Deprecated:  chr(): Providing a value not in-between 0 and 255 is deprecated, this is because a byte value must be in the [0, 255] interval. The value used will be constrained using % 256 in C:\Users\Pablo\Documents\GitHub\nine-screen-canvas-flow\vendor\phpseclib\phpseclib\phpseclib\Math\BigInteger\Engines\BCMath.php on line 157
[13-Mar-2026 13:25:30 UTC] PHP Deprecated:  chr(): Providing a value not in-between 0 and 255 is deprecated, this is because a byte value must be in the [0, 255] interval. The value used will be constrained using % 256 in C:\Users\Pablo\Documents\GitHub\nine-screen-canvas-flow\vendor\phpseclib\phpseclib\phpseclib\Math\BigInteger\Engines\BCMath.php on line 157
[13-Mar-2026 13:25:30 UTC] PHP Deprecated:  chr(): Providing a value not in-between 0 and 255 is deprecated, this is because a byte value must be in the [0, 255] interval. The value used will be constrained using % 256 in C:\Users\Pablo\Documents\GitHub\nine-screen-canvas-flow\vendor\phpseclib\phpseclib\phpseclib\Math\BigInteger\Engines\BCMath.php on line 157
[13-Mar-2026 13:25:30 UTC] PHP Deprecated:  chr(): Providing a value not in-between 0 and 255 is deprecated, this is because a byte value must be in the [0, 255] interval. The value used will be constrained using % 256 in C:\Users\Pablo\Documents\GitHub\nine-screen-canvas-flow\vendor\phpseclib\phpseclib\phpseclib\Math\BigInteger\Engines\BCMath.php on line 157
[13-Mar-2026 13:25:30 UTC] PHP Deprecated:  chr(): Providing a value not in-between 0 and 255 is deprecated, this is because a byte value must be in the [0, 255] interval. The value used will be constrained using % 256 in C:\Users\Pablo\Documents\GitHub\nine-screen-canvas-flow\vendor\phpseclib\phpseclib\phpseclib\Math\BigInteger\Engines\BCMath.php on line 157
[13-Mar-2026 13:25:30 UTC] PHP Deprecated:  chr(): Providing a value not in-between 0 and 255 is deprecated, this is because a byte value must be in the [0, 255] interval. The value used will be constrained using % 256 in C:\Users\Pablo\Documents\GitHub\nine-screen-canvas-flow\vendor\phpseclib\phpseclib\phpseclib\Math\BigInteger\Engines\BCMath.php on line 157
[13-Mar-2026 13:25:30 UTC] PHP Deprecated:  chr(): Providing a value not in-between 0 and 255 is deprecated, this is because a byte value must be in the [0, 255] interval. The value used will be constrained using % 256 in C:\Users\Pablo\Documents\GitHub\nine-screen-canvas-flow\vendor\phpseclib\phpseclib\phpseclib\Math\BigInteger\Engines\BCMath.php on line 157
[13-Mar-2026 13:25:30 UTC] PHP Deprecated:  chr(): Providing a value not in-between 0 and 255 is deprecated, this is because a byte value must be in the [0, 255] interval. The value used will be constrained using % 256 in C:\Users\Pablo\Documents\GitHub\nine-screen-canvas-flow\vendor\phpseclib\phpseclib\phpseclib\Math\BigInteger\Engines\BCMath.php on line 157
[13-Mar-2026 13:25:30 UTC] PHP Deprecated:  chr(): Providing a value not in-between 0 and 255 is deprecated, this is because a byte value must be in the [0, 255] interval. The value used will be constrained using % 256 in C:\Users\Pablo\Documents\GitHub\nine-screen-canvas-flow\vendor\phpseclib\phpseclib\phpseclib\Math\BigInteger\Engines\BCMath.php on line 157
[13-Mar-2026 13:25:30 UTC] PHP Deprecated:  chr(): Providing a value not in-between 0 and 255 is deprecated, this is because a byte value must be in the [0, 255] interval. The value used will be constrained using % 256 in C:\Users\Pablo\Documents\GitHub\nine-screen-canvas-flow\vendor\phpseclib\phpseclib\phpseclib\Math\BigInteger\Engines\BCMath.php on line 157
[13-Mar-2026 13:25:30 UTC] PHP Deprecated:  chr(): Providing a value not in-between 0 and 255 is deprecated, this is because a byte value must be in the [0, 255] interval. The value used will be constrained using % 256 in C:\Users\Pablo\Documents\GitHub\nine-screen-canvas-flow\vendor\phpseclib\phpseclib\phpseclib\Math\BigInteger\Engines\BCMath.php on line 157
[13-Mar-2026 13:25:30 UTC] PHP Deprecated:  chr(): Providing a value not in-between 0 and 255 is deprecated, this is because a byte value must be in the [0, 255] interval. The value used will be constrained using % 256 in C:\Users\Pablo\Documents\GitHub\nine-screen-canvas-flow\vendor\phpseclib\phpseclib\phpseclib\Math\BigInteger\Engines\BCMath.php on line 157
[13-Mar-2026 13:25:30 UTC] PHP Deprecated:  chr(): Providing a value not in-between 0 and 255 is deprecated, this is because a byte value must be in the [0, 255] interval. The value used will be constrained using % 256 in C:\Users\Pablo\Documents\GitHub\nine-screen-canvas-flow\vendor\phpseclib\phpseclib\phpseclib\Math\BigInteger\Engines\BCMath.php on line 157
[13-Mar-2026 13:25:30 UTC] PHP Deprecated:  chr(): Providing a value not in-between 0 and 255 is deprecated, this is because a byte value must be in the [0, 255] interval. The value used will be constrained using % 256 in C:\Users\Pablo\Documents\GitHub\nine-screen-canvas-flow\vendor\phpseclib\phpseclib\phpseclib\Math\BigInteger\Engines\BCMath.php on line 157
[13-Mar-2026 13:25:30 UTC] PHP Deprecated:  chr(): Providing a value not in-between 0 and 255 is deprecated, this is because a byte value must be in the [0, 255] interval. The value used will be constrained using % 256 in C:\Users\Pablo\Documents\GitHub\nine-screen-canvas-flow\vendor\phpseclib\phpseclib\phpseclib\Math\BigInteger\Engines\BCMath.php on line 157
[13-Mar-2026 13:25:30 UTC] PHP Deprecated:  chr(): Providing a value not in-between 0 and 255 is deprecated, this is because a byte value must be in the [0, 255] interval. The value used will be constrained using % 256 in C:\Users\Pablo\Documents\GitHub\nine-screen-canvas-flow\vendor\phpseclib\phpseclib\phpseclib\Math\BigInteger\Engines\BCMath.php on line 157
[13-Mar-2026 13:25:30 UTC] PHP Deprecated:  chr(): Providing a value not in-between 0 and 255 is deprecated, this is because a byte value must be in the [0, 255] interval. The value used will be constrained using % 256 in C:\Users\Pablo\Documents\GitHub\nine-screen-canvas-flow\vendor\phpseclib\phpseclib\phpseclib\Math\BigInteger\Engines\BCMath.php on line 157
[13-Mar-2026 13:25:30 UTC] PHP Deprecated:  chr(): Providing a value not in-between 0 and 255 is deprecated, this is because a byte value must be in the [0, 255] interval. The value used will be constrained using % 256 in C:\Users\Pablo\Documents\GitHub\nine-screen-canvas-flow\vendor\phpseclib\phpseclib\phpseclib\Math\BigInteger\Engines\BCMath.php on line 157
[13-Mar-2026 13:25:30 UTC] PHP Deprecated:  chr(): Providing a value not in-between 0 and 255 is deprecated, this is because a byte value must be in the [0, 255] interval. The value used will be constrained using % 256 in C:\Users\Pablo\Documents\GitHub\nine-screen-canvas-flow\vendor\phpseclib\phpseclib\phpseclib\Math\BigInteger\Engines\BCMath.php on line 157
[13-Mar-2026 13:25:30 UTC] PHP Deprecated:  chr(): Providing a value not in-between 0 and 255 is deprecated, this is because a byte value must be in the [0, 255] interval. The value used will be constrained using % 256 in C:\Users\Pablo\Documents\GitHub\nine-screen-canvas-flow\vendor\phpseclib\phpseclib\phpseclib\Math\BigInteger\Engines\BCMath.php on line 157
[13-Mar-2026 13:25:30 UTC] PHP Deprecated:  chr(): Providing a value not in-between 0 and 255 is deprecated, this is because a byte value must be in the [0, 255] interval. The value used will be constrained using % 256 in C:\Users\Pablo\Documents\GitHub\nine-screen-canvas-flow\vendor\phpseclib\phpseclib\phpseclib\Math\BigInteger\Engines\BCMath.php on line 157
[13-Mar-2026 13:25:30 UTC] PHP Deprecated:  chr(): Providing a value not in-between 0 and 255 is deprecated, this is because a byte value must be in the [0, 255] interval. The value used will be constrained using % 256 in C:\Users\Pablo\Documents\GitHub\nine-screen-canvas-flow\vendor\phpseclib\phpseclib\phpseclib\Math\BigInteger\Engines\BCMath.php on line 157
[13-Mar-2026 13:25:30 UTC] PHP Deprecated:  chr(): Providing a value not in-between 0 and 255 is deprecated, this is because a byte value must be in the [0, 255] interval. The value used will be constrained using % 256 in C:\Users\Pablo\Documents\GitHub\nine-screen-canvas-flow\vendor\phpseclib\phpseclib\phpseclib\Math\BigInteger\Engines\BCMath.php on line 157
[13-Mar-2026 13:25:30 UTC] PHP Deprecated:  chr(): Providing a value not in-between 0 and 255 is deprecated, this is because a byte value must be in the [0, 255] interval. The value used will be constrained using % 256 in C:\Users\Pablo\Documents\GitHub\nine-screen-canvas-flow\vendor\phpseclib\phpseclib\phpseclib\Math\BigInteger\Engines\BCMath.php on line 157
[13-Mar-2026 13:25:30 UTC] PHP Deprecated:  chr(): Providing a value not in-between 0 and 255 is deprecated, this is because a byte value must be in the [0, 255] interval. The value used will be constrained using % 256 in C:\Users\Pablo\Documents\GitHub\nine-screen-canvas-flow\vendor\phpseclib\phpseclib\phpseclib\Math\BigInteger\Engines\BCMath.php on line 157
[13-Mar-2026 13:25:30 UTC] PHP Deprecated:  chr(): Providing a value not in-between 0 and 255 is deprecated, this is because a byte value must be in the [0, 255] interval. The value used will be constrained using % 256 in C:\Users\Pablo\Documents\GitHub\nine-screen-canvas-flow\vendor\phpseclib\phpseclib\phpseclib\Math\BigInteger\Engines\BCMath.php on line 157
[13-Mar-2026 13:25:30 UTC] PHP Deprecated:  chr(): Providing a value not in-between 0 and 255 is deprecated, this is because a byte value must be in the [0, 255] interval. The value used will be constrained using % 256 in C:\Users\Pablo\Documents\GitHub\nine-screen-canvas-flow\vendor\phpseclib\phpseclib\phpseclib\Math\BigInteger\Engines\BCMath.php on line 157
[13-Mar-2026 13:25:30 UTC] PHP Deprecated:  chr(): Providing a value not in-between 0 and 255 is deprecated, this is because a byte value must be in the [0, 255] interval. The value used will be constrained using % 256 in C:\Users\Pablo\Documents\GitHub\nine-screen-canvas-flow\vendor\phpseclib\phpseclib\phpseclib\Math\BigInteger\Engines\BCMath.php on line 157
[13-Mar-2026 13:25:30 UTC] PHP Deprecated:  chr(): Providing a value not in-between 0 and 255 is deprecated, this is because a byte value must be in the [0, 255] interval. The value used will be constrained using % 256 in C:\Users\Pablo\Documents\GitHub\nine-screen-canvas-flow\vendor\phpseclib\phpseclib\phpseclib\Math\BigInteger\Engines\BCMath.php on line 157
[13-Mar-2026 13:25:30 UTC] PHP Deprecated:  chr(): Providing a value not in-between 0 and 255 is deprecated, this is because a byte value must be in the [0, 255] interval. The value used will be constrained using % 256 in C:\Users\Pablo\Documents\GitHub\nine-screen-canvas-flow\vendor\phpseclib\phpseclib\phpseclib\Math\BigInteger\Engines\BCMath.php on line 157
[13-Mar-2026 13:25:30 UTC] PHP Deprecated:  chr(): Providing a value not in-between 0 and 255 is deprecated, this is because a byte value must be in the [0, 255] interval. The value used will be constrained using % 256 in C:\Users\Pablo\Documents\GitHub\nine-screen-canvas-flow\vendor\phpseclib\phpseclib\phpseclib\Math\BigInteger\Engines\BCMath.php on line 157
[13-Mar-2026 13:25:30 UTC] PHP Deprecated:  chr(): Providing a value not in-between 0 and 255 is deprecated, this is because a byte value must be in the [0, 255] interval. The value used will be constrained using % 256 in C:\Users\Pablo\Documents\GitHub\nine-screen-canvas-flow\vendor\phpseclib\phpseclib\phpseclib\Math\BigInteger\Engines\BCMath.php on line 157
[13-Mar-2026 13:25:30 UTC] PHP Deprecated:  chr(): Providing a value not in-between 0 and 255 is deprecated, this is because a byte value must be in the [0, 255] interval. The value used will be constrained using % 256 in C:\Users\Pablo\Documents\GitHub\nine-screen-canvas-flow\vendor\phpseclib\phpseclib\phpseclib\Math\BigInteger\Engines\BCMath.php on line 157
[13-Mar-2026 13:25:30 UTC] PHP Deprecated:  chr(): Providing a value not in-between 0 and 255 is deprecated, this is because a byte value must be in the [0, 255] interval. The value used will be constrained using % 256 in C:\Users\Pablo\Documents\GitHub\nine-screen-canvas-flow\vendor\phpseclib\phpseclib\phpseclib\Math\BigInteger\Engines\BCMath.php on line 157
[13-Mar-2026 13:25:30 UTC] PHP Deprecated:  chr(): Providing a value not in-between 0 and 255 is deprecated, this is because a byte value must be in the [0, 255] interval. The value used will be constrained using % 256 in C:\Users\Pablo\Documents\GitHub\nine-screen-canvas-flow\vendor\phpseclib\phpseclib\phpseclib\Math\BigInteger\Engines\BCMath.php on line 157
[13-Mar-2026 13:25:30 UTC] PHP Deprecated:  chr(): Providing a value not in-between 0 and 255 is deprecated, this is because a byte value must be in the [0, 255] interval. The value used will be constrained using % 256 in C:\Users\Pablo\Documents\GitHub\nine-screen-canvas-flow\vendor\phpseclib\phpseclib\phpseclib\Math\BigInteger\Engines\BCMath.php on line 157
[13-Mar-2026 13:25:30 UTC] PHP Deprecated:  chr(): Providing a value not in-between 0 and 255 is deprecated, this is because a byte value must be in the [0, 255] interval. The value used will be constrained using % 256 in C:\Users\Pablo\Documents\GitHub\nine-screen-canvas-flow\vendor\phpseclib\phpseclib\phpseclib\Math\BigInteger\Engines\BCMath.php on line 157
[13-Mar-2026 13:25:30 UTC] PHP Deprecated:  chr(): Providing a value not in-between 0 and 255 is deprecated, this is because a byte value must be in the [0, 255] interval. The value used will be constrained using % 256 in C:\Users\Pablo\Documents\GitHub\nine-screen-canvas-flow\vendor\phpseclib\phpseclib\phpseclib\Math\BigInteger\Engines\BCMath.php on line 157
[13-Mar-2026 13:25:30 UTC] PHP Deprecated:  chr(): Providing a value not in-between 0 and 255 is deprecated, this is because a byte value must be in the [0, 255] interval. The value used will be constrained using % 256 in C:\Users\Pablo\Documents\GitHub\nine-screen-canvas-flow\vendor\phpseclib\phpseclib\phpseclib\Math\BigInteger\Engines\BCMath.php on line 157
[13-Mar-2026 13:25:30 UTC] PHP Deprecated:  chr(): Providing a value not in-between 0 and 255 is deprecated, this is because a byte value must be in the [0, 255] interval. The value used will be constrained using % 256 in C:\Users\Pablo\Documents\GitHub\nine-screen-canvas-flow\vendor\phpseclib\phpseclib\phpseclib\Math\BigInteger\Engines\BCMath.php on line 157
[13-Mar-2026 13:25:30 UTC] PHP Deprecated:  chr(): Providing a value not in-between 0 and 255 is deprecated, this is because a byte value must be in the [0, 255] interval. The value used will be constrained using % 256 in C:\Users\Pablo\Documents\GitHub\nine-screen-canvas-flow\vendor\phpseclib\phpseclib\phpseclib\Math\BigInteger\Engines\BCMath.php on line 157
[13-Mar-2026 13:25:30 UTC] PHP Deprecated:  chr(): Providing a value not in-between 0 and 255 is deprecated, this is because a byte value must be in the [0, 255] interval. The value used will be constrained using % 256 in C:\Users\Pablo\Documents\GitHub\nine-screen-canvas-flow\vendor\phpseclib\phpseclib\phpseclib\Math\BigInteger\Engines\BCMath.php on line 157
[13-Mar-2026 13:25:30 UTC] PHP Deprecated:  chr(): Providing a value not in-between 0 and 255 is deprecated, this is because a byte value must be in the [0, 255] interval. The value used will be constrained using % 256 in C:\Users\Pablo\Documents\GitHub\nine-screen-canvas-flow\vendor\phpseclib\phpseclib\phpseclib\Math\BigInteger\Engines\BCMath.php on line 157
[13-Mar-2026 13:25:30 UTC] PHP Deprecated:  chr(): Providing a value not in-between 0 and 255 is deprecated, this is because a byte value must be in the [0, 255] interval. The value used will be constrained using % 256 in C:\Users\Pablo\Documents\GitHub\nine-screen-canvas-flow\vendor\phpseclib\phpseclib\phpseclib\Math\BigInteger\Engines\BCMath.php on line 157
[13-Mar-2026 13:25:30 UTC] PHP Deprecated:  chr(): Providing a value not in-between 0 and 255 is deprecated, this is because a byte value must be in the [0, 255] interval. The value used will be constrained using % 256 in C:\Users\Pablo\Documents\GitHub\nine-screen-canvas-flow\vendor\phpseclib\phpseclib\phpseclib\Math\BigInteger\Engines\BCMath.php on line 157
[13-Mar-2026 13:25:30 UTC] PHP Deprecated:  chr(): Providing a value not in-between 0 and 255 is deprecated, this is because a byte value must be in the [0, 255] interval. The value used will be constrained using % 256 in C:\Users\Pablo\Documents\GitHub\nine-screen-canvas-flow\vendor\phpseclib\phpseclib\phpseclib\Math\BigInteger\Engines\BCMath.php on line 157
[13-Mar-2026 13:25:30 UTC] PHP Deprecated:  chr(): Providing a value not in-between 0 and 255 is deprecated, this is because a byte value must be in the [0, 255] interval. The value used will be constrained using % 256 in C:\Users\Pablo\Documents\GitHub\nine-screen-canvas-flow\vendor\phpseclib\phpseclib\phpseclib\Math\BigInteger\Engines\BCMath.php on line 157
[13-Mar-2026 13:25:30 UTC] PHP Deprecated:  chr(): Providing a value not in-between 0 and 255 is deprecated, this is because a byte value must be in the [0, 255] interval. The value used will be constrained using % 256 in C:\Users\Pablo\Documents\GitHub\nine-screen-canvas-flow\vendor\phpseclib\phpseclib\phpseclib\Math\BigInteger\Engines\BCMath.php on line 157
[13-Mar-2026 13:25:30 UTC] PHP Deprecated:  chr(): Providing a value not in-between 0 and 255 is deprecated, this is because a byte value must be in the [0, 255] interval. The value used will be constrained using % 256 in C:\Users\Pablo\Documents\GitHub\nine-screen-canvas-flow\vendor\phpseclib\phpseclib\phpseclib\Math\BigInteger\Engines\BCMath.php on line 157
[13-Mar-2026 13:25:30 UTC] PHP Deprecated:  chr(): Providing a value not in-between 0 and 255 is deprecated, this is because a byte value must be in the [0, 255] interval. The value used will be constrained using % 256 in C:\Users\Pablo\Documents\GitHub\nine-screen-canvas-flow\vendor\phpseclib\phpseclib\phpseclib\Math\BigInteger\Engines\BCMath.php on line 157
[13-Mar-2026 13:25:30 UTC] PHP Deprecated:  chr(): Providing a value not in-between 0 and 255 is deprecated, this is because a byte value must be in the [0, 255] interval. The value used will be constrained using % 256 in C:\Users\Pablo\Documents\GitHub\nine-screen-canvas-flow\vendor\phpseclib\phpseclib\phpseclib\Math\BigInteger\Engines\BCMath.php on line 157
[13-Mar-2026 13:25:30 UTC] PHP Deprecated:  chr(): Providing a value not in-between 0 and 255 is deprecated, this is because a byte value must be in the [0, 255] interval. The value used will be constrained using % 256 in C:\Users\Pablo\Documents\GitHub\nine-screen-canvas-flow\vendor\phpseclib\phpseclib\phpseclib\Math\BigInteger\Engines\BCMath.php on line 157
[13-Mar-2026 13:25:30 UTC] PHP Deprecated:  chr(): Providing a value not in-between 0 and 255 is deprecated, this is because a byte value must be in the [0, 255] interval. The value used will be constrained using % 256 in C:\Users\Pablo\Documents\GitHub\nine-screen-canvas-flow\vendor\phpseclib\phpseclib\phpseclib\Math\BigInteger\Engines\BCMath.php on line 157
[13-Mar-2026 13:25:30 UTC] PHP Deprecated:  chr(): Providing a value not in-between 0 and 255 is deprecated, this is because a byte value must be in the [0, 255] interval. The value used will be constrained using % 256 in C:\Users\Pablo\Documents\GitHub\nine-screen-canvas-flow\vendor\phpseclib\phpseclib\phpseclib\Math\BigInteger\Engines\BCMath.php on line 157
[13-Mar-2026 13:25:30 UTC] PHP Deprecated:  chr(): Providing a value not in-between 0 and 255 is deprecated, this is because a byte value must be in the [0, 255] interval. The value used will be constrained using % 256 in C:\Users\Pablo\Documents\GitHub\nine-screen-canvas-flow\vendor\phpseclib\phpseclib\phpseclib\Math\BigInteger\Engines\BCMath.php on line 157
[13-Mar-2026 13:25:30 UTC] PHP Deprecated:  chr(): Providing a value not in-between 0 and 255 is deprecated, this is because a byte value must be in the [0, 255] interval. The value used will be constrained using % 256 in C:\Users\Pablo\Documents\GitHub\nine-screen-canvas-flow\vendor\phpseclib\phpseclib\phpseclib\Math\BigInteger\Engines\BCMath.php on line 157
[13-Mar-2026 13:25:30 UTC] PHP Deprecated:  chr(): Providing a value not in-between 0 and 255 is deprecated, this is because a byte value must be in the [0, 255] interval. The value used will be constrained using % 256 in C:\Users\Pablo\Documents\GitHub\nine-screen-canvas-flow\vendor\phpseclib\phpseclib\phpseclib\Math\BigInteger\Engines\BCMath.php on line 157
[13-Mar-2026 13:25:30 UTC] PHP Deprecated:  chr(): Providing a value not in-between 0 and 255 is deprecated, this is because a byte value must be in the [0, 255] interval. The value used will be constrained using % 256 in C:\Users\Pablo\Documents\GitHub\nine-screen-canvas-flow\vendor\phpseclib\phpseclib\phpseclib\Math\BigInteger\Engines\BCMath.php on line 157
[13-Mar-2026 13:25:30 UTC] PHP Deprecated:  chr(): Providing a value not in-between 0 and 255 is deprecated, this is because a byte value must be in the [0, 255] interval. The value used will be constrained using % 256 in C:\Users\Pablo\Documents\GitHub\nine-screen-canvas-flow\vendor\phpseclib\phpseclib\phpseclib\Math\BigInteger\Engines\BCMath.php on line 157
[13-Mar-2026 13:25:30 UTC] PHP Deprecated:  chr(): Providing a value not in-between 0 and 255 is deprecated, this is because a byte value must be in the [0, 255] interval. The value used will be constrained using % 256 in C:\Users\Pablo\Documents\GitHub\nine-screen-canvas-flow\vendor\phpseclib\phpseclib\phpseclib\Math\BigInteger\Engines\BCMath.php on line 157
[13-Mar-2026 13:25:30 UTC] PHP Deprecated:  chr(): Providing a value not in-between 0 and 255 is deprecated, this is because a byte value must be in the [0, 255] interval. The value used will be constrained using % 256 in C:\Users\Pablo\Documents\GitHub\nine-screen-canvas-flow\vendor\phpseclib\phpseclib\phpseclib\Math\BigInteger\Engines\BCMath.php on line 157
[13-Mar-2026 13:25:30 UTC] PHP Deprecated:  chr(): Providing a value not in-between 0 and 255 is deprecated, this is because a byte value must be in the [0, 255] interval. The value used will be constrained using % 256 in C:\Users\Pablo\Documents\GitHub\nine-screen-canvas-flow\vendor\phpseclib\phpseclib\phpseclib\Math\BigInteger\Engines\BCMath.php on line 157
[13-Mar-2026 13:25:30 UTC] PHP Deprecated:  chr(): Providing a value not in-between 0 and 255 is deprecated, this is because a byte value must be in the [0, 255] interval. The value used will be constrained using % 256 in C:\Users\Pablo\Documents\GitHub\nine-screen-canvas-flow\vendor\phpseclib\phpseclib\phpseclib\Math\BigInteger\Engines\BCMath.php on line 157
[13-Mar-2026 13:25:30 UTC] PHP Deprecated:  chr(): Providing a value not in-between 0 and 255 is deprecated, this is because a byte value must be in the [0, 255] interval. The value used will be constrained using % 256 in C:\Users\Pablo\Documents\GitHub\nine-screen-canvas-flow\vendor\phpseclib\phpseclib\phpseclib\Math\BigInteger\Engines\BCMath.php on line 157
[13-Mar-2026 13:25:30 UTC] PHP Deprecated:  chr(): Providing a value not in-between 0 and 255 is deprecated, this is because a byte value must be in the [0, 255] interval. The value used will be constrained using % 256 in C:\Users\Pablo\Documents\GitHub\nine-screen-canvas-flow\vendor\phpseclib\phpseclib\phpseclib\Math\BigInteger\Engines\BCMath.php on line 157
[13-Mar-2026 13:25:30 UTC] PHP Deprecated:  chr(): Providing a value not in-between 0 and 255 is deprecated, this is because a byte value must be in the [0, 255] interval. The value used will be constrained using % 256 in C:\Users\Pablo\Documents\GitHub\nine-screen-canvas-flow\vendor\phpseclib\phpseclib\phpseclib\Math\BigInteger\Engines\BCMath.php on line 157
[13-Mar-2026 13:25:30 UTC] PHP Deprecated:  chr(): Providing a value not in-between 0 and 255 is deprecated, this is because a byte value must be in the [0, 255] interval. The value used will be constrained using % 256 in C:\Users\Pablo\Documents\GitHub\nine-screen-canvas-flow\vendor\phpseclib\phpseclib\phpseclib\Math\BigInteger\Engines\BCMath.php on line 157
[13-Mar-2026 13:25:30 UTC] PHP Deprecated:  chr(): Providing a value not in-between 0 and 255 is deprecated, this is because a byte value must be in the [0, 255] interval. The value used will be constrained using % 256 in C:\Users\Pablo\Documents\GitHub\nine-screen-canvas-flow\vendor\phpseclib\phpseclib\phpseclib\Math\BigInteger\Engines\BCMath.php on line 157
[13-Mar-2026 13:25:30 UTC] PHP Deprecated:  chr(): Providing a value not in-between 0 and 255 is deprecated, this is because a byte value must be in the [0, 255] interval. The value used will be constrained using % 256 in C:\Users\Pablo\Documents\GitHub\nine-screen-canvas-flow\vendor\phpseclib\phpseclib\phpseclib\Math\BigInteger\Engines\BCMath.php on line 157
[13-Mar-2026 13:25:30 UTC] PHP Deprecated:  chr(): Providing a value not in-between 0 and 255 is deprecated, this is because a byte value must be in the [0, 255] interval. The value used will be constrained using % 256 in C:\Users\Pablo\Documents\GitHub\nine-screen-canvas-flow\vendor\phpseclib\phpseclib\phpseclib\Math\BigInteger\Engines\BCMath.php on line 157
[13-Mar-2026 13:25:30 UTC] PHP Deprecated:  chr(): Providing a value not in-between 0 and 255 is deprecated, this is because a byte value must be in the [0, 255] interval. The value used will be constrained using % 256 in C:\Users\Pablo\Documents\GitHub\nine-screen-canvas-flow\vendor\phpseclib\phpseclib\phpseclib\Math\BigInteger\Engines\BCMath.php on line 157
[13-Mar-2026 13:25:30 UTC] PHP Deprecated:  chr(): Providing a value not in-between 0 and 255 is deprecated, this is because a byte value must be in the [0, 255] interval. The value used will be constrained using % 256 in C:\Users\Pablo\Documents\GitHub\nine-screen-canvas-flow\vendor\phpseclib\phpseclib\phpseclib\Math\BigInteger\Engines\BCMath.php on line 157
[13-Mar-2026 13:25:30 UTC] PHP Deprecated:  chr(): Providing a value not in-between 0 and 255 is deprecated, this is because a byte value must be in the [0, 255] interval. The value used will be constrained using % 256 in C:\Users\Pablo\Documents\GitHub\nine-screen-canvas-flow\vendor\phpseclib\phpseclib\phpseclib\Math\BigInteger\Engines\BCMath.php on line 157
[13-Mar-2026 13:25:30 UTC] PHP Deprecated:  chr(): Providing a value not in-between 0 and 255 is deprecated, this is because a byte value must be in the [0, 255] interval. The value used will be constrained using % 256 in C:\Users\Pablo\Documents\GitHub\nine-screen-canvas-flow\vendor\phpseclib\phpseclib\phpseclib\Math\BigInteger\Engines\BCMath.php on line 157
[13-Mar-2026 13:25:30 UTC] PHP Deprecated:  chr(): Providing a value not in-between 0 and 255 is deprecated, this is because a byte value must be in the [0, 255] interval. The value used will be constrained using % 256 in C:\Users\Pablo\Documents\GitHub\nine-screen-canvas-flow\vendor\phpseclib\phpseclib\phpseclib\Math\BigInteger\Engines\BCMath.php on line 157
[13-Mar-2026 13:25:30 UTC] PHP Deprecated:  chr(): Providing a value not in-between 0 and 255 is deprecated, this is because a byte value must be in the [0, 255] interval. The value used will be constrained using % 256 in C:\Users\Pablo\Documents\GitHub\nine-screen-canvas-flow\vendor\phpseclib\phpseclib\phpseclib\Math\BigInteger\Engines\BCMath.php on line 157
[13-Mar-2026 13:25:30 UTC] PHP Deprecated:  chr(): Providing a value not in-between 0 and 255 is deprecated, this is because a byte value must be in the [0, 255] interval. The value used will be constrained using % 256 in C:\Users\Pablo\Documents\GitHub\nine-screen-canvas-flow\vendor\phpseclib\phpseclib\phpseclib\Math\BigInteger\Engines\BCMath.php on line 157
[13-Mar-2026 13:25:30 UTC] PHP Deprecated:  chr(): Providing a value not in-between 0 and 255 is deprecated, this is because a byte value must be in the [0, 255] interval. The value used will be constrained using % 256 in C:\Users\Pablo\Documents\GitHub\nine-screen-canvas-flow\vendor\phpseclib\phpseclib\phpseclib\Math\BigInteger\Engines\BCMath.php on line 157
[13-Mar-2026 13:25:30 UTC] PHP Deprecated:  chr(): Providing a value not in-between 0 and 255 is deprecated, this is because a byte value must be in the [0, 255] interval. The value used will be constrained using % 256 in C:\Users\Pablo\Documents\GitHub\nine-screen-canvas-flow\vendor\phpseclib\phpseclib\phpseclib\Math\BigInteger\Engines\BCMath.php on line 157
[13-Mar-2026 13:25:30 UTC] PHP Deprecated:  chr(): Providing a value not in-between 0 and 255 is deprecated, this is because a byte value must be in the [0, 255] interval. The value used will be constrained using % 256 in C:\Users\Pablo\Documents\GitHub\nine-screen-canvas-flow\vendor\phpseclib\phpseclib\phpseclib\Math\BigInteger\Engines\BCMath.php on line 157
[13-Mar-2026 13:25:30 UTC] PHP Deprecated:  chr(): Providing a value not in-between 0 and 255 is deprecated, this is because a byte value must be in the [0, 255] interval. The value used will be constrained using % 256 in C:\Users\Pablo\Documents\GitHub\nine-screen-canvas-flow\vendor\phpseclib\phpseclib\phpseclib\Math\BigInteger\Engines\BCMath.php on line 157
[13-Mar-2026 13:25:30 UTC] PHP Deprecated:  chr(): Providing a value not in-between 0 and 255 is deprecated, this is because a byte value must be in the [0, 255] interval. The value used will be constrained using % 256 in C:\Users\Pablo\Documents\GitHub\nine-screen-canvas-flow\vendor\phpseclib\phpseclib\phpseclib\Math\BigInteger\Engines\BCMath.php on line 157
[13-Mar-2026 13:25:30 UTC] PHP Deprecated:  chr(): Providing a value not in-between 0 and 255 is deprecated, this is because a byte value must be in the [0, 255] interval. The value used will be constrained using % 256 in C:\Users\Pablo\Documents\GitHub\nine-screen-canvas-flow\vendor\phpseclib\phpseclib\phpseclib\Math\BigInteger\Engines\BCMath.php on line 157
[13-Mar-2026 13:25:30 UTC] PHP Deprecated:  chr(): Providing a value not in-between 0 and 255 is deprecated, this is because a byte value must be in the [0, 255] interval. The value used will be constrained using % 256 in C:\Users\Pablo\Documents\GitHub\nine-screen-canvas-flow\vendor\phpseclib\phpseclib\phpseclib\Math\BigInteger\Engines\BCMath.php on line 157
[13-Mar-2026 13:25:30 UTC] PHP Deprecated:  chr(): Providing a value not in-between 0 and 255 is deprecated, this is because a byte value must be in the [0, 255] interval. The value used will be constrained using % 256 in C:\Users\Pablo\Documents\GitHub\nine-screen-canvas-flow\vendor\phpseclib\phpseclib\phpseclib\Math\BigInteger\Engines\BCMath.php on line 157
[13-Mar-2026 13:25:30 UTC] PHP Deprecated:  chr(): Providing a value not in-between 0 and 255 is deprecated, this is because a byte value must be in the [0, 255] interval. The value used will be constrained using % 256 in C:\Users\Pablo\Documents\GitHub\nine-screen-canvas-flow\vendor\phpseclib\phpseclib\phpseclib\Math\BigInteger\Engines\BCMath.php on line 157
[13-Mar-2026 13:25:30 UTC] PHP Deprecated:  chr(): Providing a value not in-between 0 and 255 is deprecated, this is because a byte value must be in the [0, 255] interval. The value used will be constrained using % 256 in C:\Users\Pablo\Documents\GitHub\nine-screen-canvas-flow\vendor\phpseclib\phpseclib\phpseclib\Math\BigInteger\Engines\BCMath.php on line 157
[13-Mar-2026 13:25:30 UTC] PHP Deprecated:  chr(): Providing a value not in-between 0 and 255 is deprecated, this is because a byte value must be in the [0, 255] interval. The value used will be constrained using % 256 in C:\Users\Pablo\Documents\GitHub\nine-screen-canvas-flow\vendor\phpseclib\phpseclib\phpseclib\Math\BigInteger\Engines\BCMath.php on line 157
[13-Mar-2026 13:25:30 UTC] PHP Deprecated:  chr(): Providing a value not in-between 0 and 255 is deprecated, this is because a byte value must be in the [0, 255] interval. The value used will be constrained using % 256 in C:\Users\Pablo\Documents\GitHub\nine-screen-canvas-flow\vendor\phpseclib\phpseclib\phpseclib\Math\BigInteger\Engines\BCMath.php on line 157
[13-Mar-2026 13:25:30 UTC] PHP Deprecated:  chr(): Providing a value not in-between 0 and 255 is deprecated, this is because a byte value must be in the [0, 255] interval. The value used will be constrained using % 256 in C:\Users\Pablo\Documents\GitHub\nine-screen-canvas-flow\vendor\phpseclib\phpseclib\phpseclib\Math\BigInteger\Engines\BCMath.php on line 157
[13-Mar-2026 13:25:30 UTC] PHP Deprecated:  chr(): Providing a value not in-between 0 and 255 is deprecated, this is because a byte value must be in the [0, 255] interval. The value used will be constrained using % 256 in C:\Users\Pablo\Documents\GitHub\nine-screen-canvas-flow\vendor\phpseclib\phpseclib\phpseclib\Math\BigInteger\Engines\BCMath.php on line 157
[13-Mar-2026 13:25:30 UTC] PHP Deprecated:  chr(): Providing a value not in-between 0 and 255 is deprecated, this is because a byte value must be in the [0, 255] interval. The value used will be constrained using % 256 in C:\Users\Pablo\Documents\GitHub\nine-screen-canvas-flow\vendor\phpseclib\phpseclib\phpseclib\Math\BigInteger\Engines\BCMath.php on line 157
[13-Mar-2026 13:25:30 UTC] PHP Deprecated:  chr(): Providing a value not in-between 0 and 255 is deprecated, this is because a byte value must be in the [0, 255] interval. The value used will be constrained using % 256 in C:\Users\Pablo\Documents\GitHub\nine-screen-canvas-flow\vendor\phpseclib\phpseclib\phpseclib\Math\BigInteger\Engines\BCMath.php on line 157
[13-Mar-2026 13:25:30 UTC] PHP Deprecated:  chr(): Providing a value not in-between 0 and 255 is deprecated, this is because a byte value must be in the [0, 255] interval. The value used will be constrained using % 256 in C:\Users\Pablo\Documents\GitHub\nine-screen-canvas-flow\vendor\phpseclib\phpseclib\phpseclib\Math\BigInteger\Engines\BCMath.php on line 157
[13-Mar-2026 13:25:30 UTC] PHP Deprecated:  chr(): Providing a value not in-between 0 and 255 is deprecated, this is because a byte value must be in the [0, 255] interval. The value used will be constrained using % 256 in C:\Users\Pablo\Documents\GitHub\nine-screen-canvas-flow\vendor\phpseclib\phpseclib\phpseclib\Math\BigInteger\Engines\BCMath.php on line 157
[13-Mar-2026 13:25:30 UTC] PHP Deprecated:  chr(): Providing a value not in-between 0 and 255 is deprecated, this is because a byte value must be in the [0, 255] interval. The value used will be constrained using % 256 in C:\Users\Pablo\Documents\GitHub\nine-screen-canvas-flow\vendor\phpseclib\phpseclib\phpseclib\Math\BigInteger\Engines\BCMath.php on line 157
[13-Mar-2026 13:25:30 UTC] PHP Deprecated:  chr(): Providing a value not in-between 0 and 255 is deprecated, this is because a byte value must be in the [0, 255] interval. The value used will be constrained using % 256 in C:\Users\Pablo\Documents\GitHub\nine-screen-canvas-flow\vendor\phpseclib\phpseclib\phpseclib\Math\BigInteger\Engines\BCMath.php on line 157
[13-Mar-2026 13:25:30 UTC] PHP Deprecated:  chr(): Providing a value not in-between 0 and 255 is deprecated, this is because a byte value must be in the [0, 255] interval. The value used will be constrained using % 256 in C:\Users\Pablo\Documents\GitHub\nine-screen-canvas-flow\vendor\phpseclib\phpseclib\phpseclib\Math\BigInteger\Engines\BCMath.php on line 157
[13-Mar-2026 13:25:30 UTC] PHP Deprecated:  chr(): Providing a value not in-between 0 and 255 is deprecated, this is because a byte value must be in the [0, 255] interval. The value used will be constrained using % 256 in C:\Users\Pablo\Documents\GitHub\nine-screen-canvas-flow\vendor\phpseclib\phpseclib\phpseclib\Math\BigInteger\Engines\BCMath.php on line 157
[13-Mar-2026 13:25:30 UTC] PHP Deprecated:  chr(): Providing a value not in-between 0 and 255 is deprecated, this is because a byte value must be in the [0, 255] interval. The value used will be constrained using % 256 in C:\Users\Pablo\Documents\GitHub\nine-screen-canvas-flow\vendor\phpseclib\phpseclib\phpseclib\Math\BigInteger\Engines\BCMath.php on line 157
[13-Mar-2026 13:25:30 UTC] PHP Deprecated:  chr(): Providing a value not in-between 0 and 255 is deprecated, this is because a byte value must be in the [0, 255] interval. The value used will be constrained using % 256 in C:\Users\Pablo\Documents\GitHub\nine-screen-canvas-flow\vendor\phpseclib\phpseclib\phpseclib\Math\BigInteger\Engines\BCMath.php on line 157
[13-Mar-2026 13:25:30 UTC] PHP Deprecated:  chr(): Providing a value not in-between 0 and 255 is deprecated, this is because a byte value must be in the [0, 255] interval. The value used will be constrained using % 256 in C:\Users\Pablo\Documents\GitHub\nine-screen-canvas-flow\vendor\phpseclib\phpseclib\phpseclib\Math\BigInteger\Engines\BCMath.php on line 157
[13-Mar-2026 13:25:30 UTC] PHP Deprecated:  chr(): Providing a value not in-between 0 and 255 is deprecated, this is because a byte value must be in the [0, 255] interval. The value used will be constrained using % 256 in C:\Users\Pablo\Documents\GitHub\nine-screen-canvas-flow\vendor\phpseclib\phpseclib\phpseclib\Math\BigInteger\Engines\BCMath.php on line 157
[13-Mar-2026 13:25:30 UTC] PHP Deprecated:  chr(): Providing a value not in-between 0 and 255 is deprecated, this is because a byte value must be in the [0, 255] interval. The value used will be constrained using % 256 in C:\Users\Pablo\Documents\GitHub\nine-screen-canvas-flow\vendor\phpseclib\phpseclib\phpseclib\Math\BigInteger\Engines\BCMath.php on line 157
[13-Mar-2026 13:25:30 UTC] PHP Deprecated:  chr(): Providing a value not in-between 0 and 255 is deprecated, this is because a byte value must be in the [0, 255] interval. The value used will be constrained using % 256 in C:\Users\Pablo\Documents\GitHub\nine-screen-canvas-flow\vendor\phpseclib\phpseclib\phpseclib\Math\BigInteger\Engines\BCMath.php on line 157
[13-Mar-2026 13:25:30 UTC] PHP Deprecated:  chr(): Providing a value not in-between 0 and 255 is deprecated, this is because a byte value must be in the [0, 255] interval. The value used will be constrained using % 256 in C:\Users\Pablo\Documents\GitHub\nine-screen-canvas-flow\vendor\phpseclib\phpseclib\phpseclib\Math\BigInteger\Engines\BCMath.php on line 157
[13-Mar-2026 13:25:30 UTC] PHP Deprecated:  chr(): Providing a value not in-between 0 and 255 is deprecated, this is because a byte value must be in the [0, 255] interval. The value used will be constrained using % 256 in C:\Users\Pablo\Documents\GitHub\nine-screen-canvas-flow\vendor\phpseclib\phpseclib\phpseclib\Math\BigInteger\Engines\BCMath.php on line 157
[13-Mar-2026 13:25:30 UTC] PHP Deprecated:  chr(): Providing a value not in-between 0 and 255 is deprecated, this is because a byte value must be in the [0, 255] interval. The value used will be constrained using % 256 in C:\Users\Pablo\Documents\GitHub\nine-screen-canvas-flow\vendor\phpseclib\phpseclib\phpseclib\Math\BigInteger\Engines\BCMath.php on line 157
[13-Mar-2026 13:25:30 UTC] PHP Deprecated:  chr(): Providing a value not in-between 0 and 255 is deprecated, this is because a byte value must be in the [0, 255] interval. The value used will be constrained using % 256 in C:\Users\Pablo\Documents\GitHub\nine-screen-canvas-flow\vendor\phpseclib\phpseclib\phpseclib\Math\BigInteger\Engines\BCMath.php on line 157
[13-Mar-2026 13:25:30 UTC] PHP Deprecated:  chr(): Providing a value not in-between 0 and 255 is deprecated, this is because a byte value must be in the [0, 255] interval. The value used will be constrained using % 256 in C:\Users\Pablo\Documents\GitHub\nine-screen-canvas-flow\vendor\phpseclib\phpseclib\phpseclib\Math\BigInteger\Engines\BCMath.php on line 157
[13-Mar-2026 13:25:30 UTC] PHP Deprecated:  chr(): Providing a value not in-between 0 and 255 is deprecated, this is because a byte value must be in the [0, 255] interval. The value used will be constrained using % 256 in C:\Users\Pablo\Documents\GitHub\nine-screen-canvas-flow\vendor\phpseclib\phpseclib\phpseclib\Math\BigInteger\Engines\BCMath.php on line 157
[13-Mar-2026 13:25:30 UTC] PHP Deprecated:  chr(): Providing a value not in-between 0 and 255 is deprecated, this is because a byte value must be in the [0, 255] interval. The value used will be constrained using % 256 in C:\Users\Pablo\Documents\GitHub\nine-screen-canvas-flow\vendor\phpseclib\phpseclib\phpseclib\Math\BigInteger\Engines\BCMath.php on line 157
[13-Mar-2026 13:25:30 UTC] PHP Deprecated:  chr(): Providing a value not in-between 0 and 255 is deprecated, this is because a byte value must be in the [0, 255] interval. The value used will be constrained using % 256 in C:\Users\Pablo\Documents\GitHub\nine-screen-canvas-flow\vendor\phpseclib\phpseclib\phpseclib\Math\BigInteger\Engines\BCMath.php on line 157
[13-Mar-2026 13:25:30 UTC] PHP Deprecated:  chr(): Providing a value not in-between 0 and 255 is deprecated, this is because a byte value must be in the [0, 255] interval. The value used will be constrained using % 256 in C:\Users\Pablo\Documents\GitHub\nine-screen-canvas-flow\vendor\phpseclib\phpseclib\phpseclib\Math\BigInteger\Engines\BCMath.php on line 157
[13-Mar-2026 13:25:30 UTC] PHP Deprecated:  chr(): Providing a value not in-between 0 and 255 is deprecated, this is because a byte value must be in the [0, 255] interval. The value used will be constrained using % 256 in C:\Users\Pablo\Documents\GitHub\nine-screen-canvas-flow\vendor\phpseclib\phpseclib\phpseclib\Math\BigInteger\Engines\BCMath.php on line 157
[13-Mar-2026 13:25:30 UTC] PHP Deprecated:  chr(): Providing a value not in-between 0 and 255 is deprecated, this is because a byte value must be in the [0, 255] interval. The value used will be constrained using % 256 in C:\Users\Pablo\Documents\GitHub\nine-screen-canvas-flow\vendor\phpseclib\phpseclib\phpseclib\Math\BigInteger\Engines\BCMath.php on line 157
[13-Mar-2026 13:25:30 UTC] PHP Deprecated:  chr(): Providing a value not in-between 0 and 255 is deprecated, this is because a byte value must be in the [0, 255] interval. The value used will be constrained using % 256 in C:\Users\Pablo\Documents\GitHub\nine-screen-canvas-flow\vendor\phpseclib\phpseclib\phpseclib\Math\BigInteger\Engines\BCMath.php on line 157
[13-Mar-2026 13:25:30 UTC] PHP Deprecated:  chr(): Providing a value not in-between 0 and 255 is deprecated, this is because a byte value must be in the [0, 255] interval. The value used will be constrained using % 256 in C:\Users\Pablo\Documents\GitHub\nine-screen-canvas-flow\vendor\phpseclib\phpseclib\phpseclib\Math\BigInteger\Engines\BCMath.php on line 157
[13-Mar-2026 13:25:30 UTC] PHP Deprecated:  chr(): Providing a value not in-between 0 and 255 is deprecated, this is because a byte value must be in the [0, 255] interval. The value used will be constrained using % 256 in C:\Users\Pablo\Documents\GitHub\nine-screen-canvas-flow\vendor\phpseclib\phpseclib\phpseclib\Math\BigInteger\Engines\BCMath.php on line 157
[13-Mar-2026 13:25:30 UTC] PHP Deprecated:  chr(): Providing a value not in-between 0 and 255 is deprecated, this is because a byte value must be in the [0, 255] interval. The value used will be constrained using % 256 in C:\Users\Pablo\Documents\GitHub\nine-screen-canvas-flow\vendor\phpseclib\phpseclib\phpseclib\Math\BigInteger\Engines\BCMath.php on line 157
[13-Mar-2026 13:25:30 UTC] PHP Deprecated:  chr(): Providing a value not in-between 0 and 255 is deprecated, this is because a byte value must be in the [0, 255] interval. The value used will be constrained using % 256 in C:\Users\Pablo\Documents\GitHub\nine-screen-canvas-flow\vendor\phpseclib\phpseclib\phpseclib\Math\BigInteger\Engines\BCMath.php on line 157
[13-Mar-2026 13:25:30 UTC] PHP Deprecated:  chr(): Providing a value not in-between 0 and 255 is deprecated, this is because a byte value must be in the [0, 255] interval. The value used will be constrained using % 256 in C:\Users\Pablo\Documents\GitHub\nine-screen-canvas-flow\vendor\phpseclib\phpseclib\phpseclib\Math\BigInteger\Engines\BCMath.php on line 157
[13-Mar-2026 13:25:30 UTC] PHP Deprecated:  chr(): Providing a value not in-between 0 and 255 is deprecated, this is because a byte value must be in the [0, 255] interval. The value used will be constrained using % 256 in C:\Users\Pablo\Documents\GitHub\nine-screen-canvas-flow\vendor\phpseclib\phpseclib\phpseclib\Math\BigInteger\Engines\BCMath.php on line 157
[13-Mar-2026 13:25:30 UTC] PHP Deprecated:  chr(): Providing a value not in-between 0 and 255 is deprecated, this is because a byte value must be in the [0, 255] interval. The value used will be constrained using % 256 in C:\Users\Pablo\Documents\GitHub\nine-screen-canvas-flow\vendor\phpseclib\phpseclib\phpseclib\Math\BigInteger\Engines\BCMath.php on line 157
[13-Mar-2026 13:25:30 UTC] PHP Deprecated:  chr(): Providing a value not in-between 0 and 255 is deprecated, this is because a byte value must be in the [0, 255] interval. The value used will be constrained using % 256 in C:\Users\Pablo\Documents\GitHub\nine-screen-canvas-flow\vendor\phpseclib\phpseclib\phpseclib\Math\BigInteger\Engines\BCMath.php on line 157
[13-Mar-2026 13:25:30 UTC] PHP Deprecated:  chr(): Providing a value not in-between 0 and 255 is deprecated, this is because a byte value must be in the [0, 255] interval. The value used will be constrained using % 256 in C:\Users\Pablo\Documents\GitHub\nine-screen-canvas-flow\vendor\phpseclib\phpseclib\phpseclib\Math\BigInteger\Engines\BCMath.php on line 157
[13-Mar-2026 13:25:30 UTC] PHP Deprecated:  chr(): Providing a value not in-between 0 and 255 is deprecated, this is because a byte value must be in the [0, 255] interval. The value used will be constrained using % 256 in C:\Users\Pablo\Documents\GitHub\nine-screen-canvas-flow\vendor\phpseclib\phpseclib\phpseclib\Math\BigInteger\Engines\BCMath.php on line 157
[13-Mar-2026 13:25:30 UTC] PHP Deprecated:  chr(): Providing a value not in-between 0 and 255 is deprecated, this is because a byte value must be in the [0, 255] interval. The value used will be constrained using % 256 in C:\Users\Pablo\Documents\GitHub\nine-screen-canvas-flow\vendor\phpseclib\phpseclib\phpseclib\Math\BigInteger\Engines\BCMath.php on line 157
[13-Mar-2026 13:25:30 UTC] PHP Deprecated:  chr(): Providing a value not in-between 0 and 255 is deprecated, this is because a byte value must be in the [0, 255] interval. The value used will be constrained using % 256 in C:\Users\Pablo\Documents\GitHub\nine-screen-canvas-flow\vendor\phpseclib\phpseclib\phpseclib\Math\BigInteger\Engines\BCMath.php on line 157
[13-Mar-2026 13:25:30 UTC] PHP Deprecated:  chr(): Providing a value not in-between 0 and 255 is deprecated, this is because a byte value must be in the [0, 255] interval. The value used will be constrained using % 256 in C:\Users\Pablo\Documents\GitHub\nine-screen-canvas-flow\vendor\phpseclib\phpseclib\phpseclib\Math\BigInteger\Engines\BCMath.php on line 157
[13-Mar-2026 13:25:30 UTC] PHP Deprecated:  chr(): Providing a value not in-between 0 and 255 is deprecated, this is because a byte value must be in the [0, 255] interval. The value used will be constrained using % 256 in C:\Users\Pablo\Documents\GitHub\nine-screen-canvas-flow\vendor\phpseclib\phpseclib\phpseclib\Math\BigInteger\Engines\BCMath.php on line 157
[13-Mar-2026 13:25:30 UTC] PHP Deprecated:  chr(): Providing a value not in-between 0 and 255 is deprecated, this is because a byte value must be in the [0, 255] interval. The value used will be constrained using % 256 in C:\Users\Pablo\Documents\GitHub\nine-screen-canvas-flow\vendor\phpseclib\phpseclib\phpseclib\Math\BigInteger\Engines\BCMath.php on line 157
[13-Mar-2026 13:25:30 UTC] PHP Deprecated:  chr(): Providing a value not in-between 0 and 255 is deprecated, this is because a byte value must be in the [0, 255] interval. The value used will be constrained using % 256 in C:\Users\Pablo\Documents\GitHub\nine-screen-canvas-flow\vendor\phpseclib\phpseclib\phpseclib\Math\BigInteger\Engines\BCMath.php on line 157
[13-Mar-2026 13:25:30 UTC] PHP Deprecated:  chr(): Providing a value not in-between 0 and 255 is deprecated, this is because a byte value must be in the [0, 255] interval. The value used will be constrained using % 256 in C:\Users\Pablo\Documents\GitHub\nine-screen-canvas-flow\vendor\phpseclib\phpseclib\phpseclib\Math\BigInteger\Engines\BCMath.php on line 157
[13-Mar-2026 13:25:30 UTC] PHP Deprecated:  chr(): Providing a value not in-between 0 and 255 is deprecated, this is because a byte value must be in the [0, 255] interval. The value used will be constrained using % 256 in C:\Users\Pablo\Documents\GitHub\nine-screen-canvas-flow\vendor\phpseclib\phpseclib\phpseclib\Math\BigInteger\Engines\BCMath.php on line 157
[13-Mar-2026 13:25:30 UTC] PHP Deprecated:  chr(): Providing a value not in-between 0 and 255 is deprecated, this is because a byte value must be in the [0, 255] interval. The value used will be constrained using % 256 in C:\Users\Pablo\Documents\GitHub\nine-screen-canvas-flow\vendor\phpseclib\phpseclib\phpseclib\Math\BigInteger\Engines\BCMath.php on line 157
[13-Mar-2026 13:25:30 UTC] PHP Deprecated:  chr(): Providing a value not in-between 0 and 255 is deprecated, this is because a byte value must be in the [0, 255] interval. The value used will be constrained using % 256 in C:\Users\Pablo\Documents\GitHub\nine-screen-canvas-flow\vendor\phpseclib\phpseclib\phpseclib\Math\BigInteger\Engines\BCMath.php on line 157
[13-Mar-2026 13:25:30 UTC] PHP Deprecated:  chr(): Providing a value not in-between 0 and 255 is deprecated, this is because a byte value must be in the [0, 255] interval. The value used will be constrained using % 256 in C:\Users\Pablo\Documents\GitHub\nine-screen-canvas-flow\vendor\phpseclib\phpseclib\phpseclib\Math\BigInteger\Engines\BCMath.php on line 157
[13-Mar-2026 13:25:30 UTC] PHP Deprecated:  chr(): Providing a value not in-between 0 and 255 is deprecated, this is because a byte value must be in the [0, 255] interval. The value used will be constrained using % 256 in C:\Users\Pablo\Documents\GitHub\nine-screen-canvas-flow\vendor\phpseclib\phpseclib\phpseclib\Math\BigInteger\Engines\BCMath.php on line 157
[13-Mar-2026 13:25:30 UTC] PHP Deprecated:  chr(): Providing a value not in-between 0 and 255 is deprecated, this is because a byte value must be in the [0, 255] interval. The value used will be constrained using % 256 in C:\Users\Pablo\Documents\GitHub\nine-screen-canvas-flow\vendor\phpseclib\phpseclib\phpseclib\Math\BigInteger\Engines\BCMath.php on line 157
[13-Mar-2026 13:25:30 UTC] PHP Deprecated:  chr(): Providing a value not in-between 0 and 255 is deprecated, this is because a byte value must be in the [0, 255] interval. The value used will be constrained using % 256 in C:\Users\Pablo\Documents\GitHub\nine-screen-canvas-flow\vendor\phpseclib\phpseclib\phpseclib\Math\BigInteger\Engines\BCMath.php on line 157
[13-Mar-2026 13:25:30 UTC] PHP Deprecated:  chr(): Providing a value not in-between 0 and 255 is deprecated, this is because a byte value must be in the [0, 255] interval. The value used will be constrained using % 256 in C:\Users\Pablo\Documents\GitHub\nine-screen-canvas-flow\vendor\phpseclib\phpseclib\phpseclib\Math\BigInteger\Engines\BCMath.php on line 157
[13-Mar-2026 13:25:30 UTC] PHP Deprecated:  chr(): Providing a value not in-between 0 and 255 is deprecated, this is because a byte value must be in the [0, 255] interval. The value used will be constrained using % 256 in C:\Users\Pablo\Documents\GitHub\nine-screen-canvas-flow\vendor\phpseclib\phpseclib\phpseclib\Math\BigInteger\Engines\BCMath.php on line 157
[13-Mar-2026 13:25:30 UTC] PHP Deprecated:  chr(): Providing a value not in-between 0 and 255 is deprecated, this is because a byte value must be in the [0, 255] interval. The value used will be constrained using % 256 in C:\Users\Pablo\Documents\GitHub\nine-screen-canvas-flow\vendor\phpseclib\phpseclib\phpseclib\Math\BigInteger\Engines\BCMath.php on line 157
[13-Mar-2026 13:25:30 UTC] PHP Deprecated:  chr(): Providing a value not in-between 0 and 255 is deprecated, this is because a byte value must be in the [0, 255] interval. The value used will be constrained using % 256 in C:\Users\Pablo\Documents\GitHub\nine-screen-canvas-flow\vendor\phpseclib\phpseclib\phpseclib\Math\BigInteger\Engines\BCMath.php on line 157
[13-Mar-2026 13:25:30 UTC] PHP Deprecated:  chr(): Providing a value not in-between 0 and 255 is deprecated, this is because a byte value must be in the [0, 255] interval. The value used will be constrained using % 256 in C:\Users\Pablo\Documents\GitHub\nine-screen-canvas-flow\vendor\phpseclib\phpseclib\phpseclib\Math\BigInteger\Engines\BCMath.php on line 157
[13-Mar-2026 13:25:30 UTC] PHP Deprecated:  chr(): Providing a value not in-between 0 and 255 is deprecated, this is because a byte value must be in the [0, 255] interval. The value used will be constrained using % 256 in C:\Users\Pablo\Documents\GitHub\nine-screen-canvas-flow\vendor\phpseclib\phpseclib\phpseclib\Math\BigInteger\Engines\BCMath.php on line 157
[13-Mar-2026 13:25:30 UTC] PHP Deprecated:  chr(): Providing a value not in-between 0 and 255 is deprecated, this is because a byte value must be in the [0, 255] interval. The value used will be constrained using % 256 in C:\Users\Pablo\Documents\GitHub\nine-screen-canvas-flow\vendor\phpseclib\phpseclib\phpseclib\Math\BigInteger\Engines\BCMath.php on line 157
[13-Mar-2026 13:25:30 UTC] PHP Deprecated:  chr(): Providing a value not in-between 0 and 255 is deprecated, this is because a byte value must be in the [0, 255] interval. The value used will be constrained using % 256 in C:\Users\Pablo\Documents\GitHub\nine-screen-canvas-flow\vendor\phpseclib\phpseclib\phpseclib\Math\BigInteger\Engines\BCMath.php on line 157
[13-Mar-2026 13:25:30 UTC] PHP Deprecated:  chr(): Providing a value not in-between 0 and 255 is deprecated, this is because a byte value must be in the [0, 255] interval. The value used will be constrained using % 256 in C:\Users\Pablo\Documents\GitHub\nine-screen-canvas-flow\vendor\phpseclib\phpseclib\phpseclib\Math\BigInteger\Engines\BCMath.php on line 157
[13-Mar-2026 13:25:30 UTC] PHP Deprecated:  chr(): Providing a value not in-between 0 and 255 is deprecated, this is because a byte value must be in the [0, 255] interval. The value used will be constrained using % 256 in C:\Users\Pablo\Documents\GitHub\nine-screen-canvas-flow\vendor\phpseclib\phpseclib\phpseclib\Math\BigInteger\Engines\BCMath.php on line 157
[13-Mar-2026 13:25:30 UTC] PHP Deprecated:  chr(): Providing a value not in-between 0 and 255 is deprecated, this is because a byte value must be in the [0, 255] interval. The value used will be constrained using % 256 in C:\Users\Pablo\Documents\GitHub\nine-screen-canvas-flow\vendor\phpseclib\phpseclib\phpseclib\Math\BigInteger\Engines\BCMath.php on line 157
[13-Mar-2026 13:25:30 UTC] PHP Deprecated:  chr(): Providing a value not in-between 0 and 255 is deprecated, this is because a byte value must be in the [0, 255] interval. The value used will be constrained using % 256 in C:\Users\Pablo\Documents\GitHub\nine-screen-canvas-flow\vendor\phpseclib\phpseclib\phpseclib\Math\BigInteger\Engines\BCMath.php on line 157
[13-Mar-2026 13:25:30 UTC] PHP Deprecated:  chr(): Providing a value not in-between 0 and 255 is deprecated, this is because a byte value must be in the [0, 255] interval. The value used will be constrained using % 256 in C:\Users\Pablo\Documents\GitHub\nine-screen-canvas-flow\vendor\phpseclib\phpseclib\phpseclib\Math\BigInteger\Engines\BCMath.php on line 157
[13-Mar-2026 13:25:30 UTC] PHP Deprecated:  chr(): Providing a value not in-between 0 and 255 is deprecated, this is because a byte value must be in the [0, 255] interval. The value used will be constrained using % 256 in C:\Users\Pablo\Documents\GitHub\nine-screen-canvas-flow\vendor\phpseclib\phpseclib\phpseclib\Math\BigInteger\Engines\BCMath.php on line 157
[13-Mar-2026 13:25:30 UTC] PHP Deprecated:  chr(): Providing a value not in-between 0 and 255 is deprecated, this is because a byte value must be in the [0, 255] interval. The value used will be constrained using % 256 in C:\Users\Pablo\Documents\GitHub\nine-screen-canvas-flow\vendor\phpseclib\phpseclib\phpseclib\Math\BigInteger\Engines\BCMath.php on line 157
[13-Mar-2026 13:25:30 UTC] PHP Deprecated:  chr(): Providing a value not in-between 0 and 255 is deprecated, this is because a byte value must be in the [0, 255] interval. The value used will be constrained using % 256 in C:\Users\Pablo\Documents\GitHub\nine-screen-canvas-flow\vendor\phpseclib\phpseclib\phpseclib\Math\BigInteger\Engines\BCMath.php on line 157
[13-Mar-2026 13:25:30 UTC] PHP Deprecated:  chr(): Providing a value not in-between 0 and 255 is deprecated, this is because a byte value must be in the [0, 255] interval. The value used will be constrained using % 256 in C:\Users\Pablo\Documents\GitHub\nine-screen-canvas-flow\vendor\phpseclib\phpseclib\phpseclib\Math\BigInteger\Engines\BCMath.php on line 157
[13-Mar-2026 13:25:30 UTC] PHP Deprecated:  chr(): Providing a value not in-between 0 and 255 is deprecated, this is because a byte value must be in the [0, 255] interval. The value used will be constrained using % 256 in C:\Users\Pablo\Documents\GitHub\nine-screen-canvas-flow\vendor\phpseclib\phpseclib\phpseclib\Math\BigInteger\Engines\BCMath.php on line 157
[13-Mar-2026 13:25:30 UTC] PHP Deprecated:  chr(): Providing a value not in-between 0 and 255 is deprecated, this is because a byte value must be in the [0, 255] interval. The value used will be constrained using % 256 in C:\Users\Pablo\Documents\GitHub\nine-screen-canvas-flow\vendor\phpseclib\phpseclib\phpseclib\Math\BigInteger\Engines\BCMath.php on line 157
[13-Mar-2026 13:25:30 UTC] PHP Deprecated:  chr(): Providing a value not in-between 0 and 255 is deprecated, this is because a byte value must be in the [0, 255] interval. The value used will be constrained using % 256 in C:\Users\Pablo\Documents\GitHub\nine-screen-canvas-flow\vendor\phpseclib\phpseclib\phpseclib\Math\BigInteger\Engines\BCMath.php on line 157
[13-Mar-2026 13:25:30 UTC] PHP Deprecated:  chr(): Providing a value not in-between 0 and 255 is deprecated, this is because a byte value must be in the [0, 255] interval. The value used will be constrained using % 256 in C:\Users\Pablo\Documents\GitHub\nine-screen-canvas-flow\vendor\phpseclib\phpseclib\phpseclib\Math\BigInteger\Engines\BCMath.php on line 157
[13-Mar-2026 13:25:30 UTC] PHP Deprecated:  chr(): Providing a value not in-between 0 and 255 is deprecated, this is because a byte value must be in the [0, 255] interval. The value used will be constrained using % 256 in C:\Users\Pablo\Documents\GitHub\nine-screen-canvas-flow\vendor\phpseclib\phpseclib\phpseclib\Math\BigInteger\Engines\BCMath.php on line 157
[13-Mar-2026 13:25:30 UTC] PHP Deprecated:  chr(): Providing a value not in-between 0 and 255 is deprecated, this is because a byte value must be in the [0, 255] interval. The value used will be constrained using % 256 in C:\Users\Pablo\Documents\GitHub\nine-screen-canvas-flow\vendor\phpseclib\phpseclib\phpseclib\Math\BigInteger\Engines\BCMath.php on line 157
[13-Mar-2026 13:25:30 UTC] PHP Deprecated:  chr(): Providing a value not in-between 0 and 255 is deprecated, this is because a byte value must be in the [0, 255] interval. The value used will be constrained using % 256 in C:\Users\Pablo\Documents\GitHub\nine-screen-canvas-flow\vendor\phpseclib\phpseclib\phpseclib\Math\BigInteger\Engines\BCMath.php on line 157
[13-Mar-2026 13:25:30 UTC] PHP Deprecated:  chr(): Providing a value not in-between 0 and 255 is deprecated, this is because a byte value must be in the [0, 255] interval. The value used will be constrained using % 256 in C:\Users\Pablo\Documents\GitHub\nine-screen-canvas-flow\vendor\phpseclib\phpseclib\phpseclib\Math\BigInteger\Engines\BCMath.php on line 157
[13-Mar-2026 13:25:30 UTC] PHP Deprecated:  chr(): Providing a value not in-between 0 and 255 is deprecated, this is because a byte value must be in the [0, 255] interval. The value used will be constrained using % 256 in C:\Users\Pablo\Documents\GitHub\nine-screen-canvas-flow\vendor\phpseclib\phpseclib\phpseclib\Math\BigInteger\Engines\BCMath.php on line 157
[13-Mar-2026 13:25:30 UTC] PHP Deprecated:  chr(): Providing a value not in-between 0 and 255 is deprecated, this is because a byte value must be in the [0, 255] interval. The value used will be constrained using % 256 in C:\Users\Pablo\Documents\GitHub\nine-screen-canvas-flow\vendor\phpseclib\phpseclib\phpseclib\Math\BigInteger\Engines\BCMath.php on line 157
[13-Mar-2026 13:25:30 UTC] PHP Deprecated:  chr(): Providing a value not in-between 0 and 255 is deprecated, this is because a byte value must be in the [0, 255] interval. The value used will be constrained using % 256 in C:\Users\Pablo\Documents\GitHub\nine-screen-canvas-flow\vendor\phpseclib\phpseclib\phpseclib\Math\BigInteger\Engines\BCMath.php on line 157
[13-Mar-2026 13:25:30 UTC] PHP Deprecated:  chr(): Providing a value not in-between 0 and 255 is deprecated, this is because a byte value must be in the [0, 255] interval. The value used will be constrained using % 256 in C:\Users\Pablo\Documents\GitHub\nine-screen-canvas-flow\vendor\phpseclib\phpseclib\phpseclib\Math\BigInteger\Engines\BCMath.php on line 157
[13-Mar-2026 13:25:30 UTC] PHP Deprecated:  chr(): Providing a value not in-between 0 and 255 is deprecated, this is because a byte value must be in the [0, 255] interval. The value used will be constrained using % 256 in C:\Users\Pablo\Documents\GitHub\nine-screen-canvas-flow\vendor\phpseclib\phpseclib\phpseclib\Math\BigInteger\Engines\BCMath.php on line 157
[13-Mar-2026 13:25:30 UTC] PHP Deprecated:  chr(): Providing a value not in-between 0 and 255 is deprecated, this is because a byte value must be in the [0, 255] interval. The value used will be constrained using % 256 in C:\Users\Pablo\Documents\GitHub\nine-screen-canvas-flow\vendor\phpseclib\phpseclib\phpseclib\Math\BigInteger\Engines\BCMath.php on line 157
[13-Mar-2026 13:25:30 UTC] PHP Deprecated:  chr(): Providing a value not in-between 0 and 255 is deprecated, this is because a byte value must be in the [0, 255] interval. The value used will be constrained using % 256 in C:\Users\Pablo\Documents\GitHub\nine-screen-canvas-flow\vendor\phpseclib\phpseclib\phpseclib\Math\BigInteger\Engines\BCMath.php on line 157
[13-Mar-2026 13:25:30 UTC] PHP Deprecated:  chr(): Providing a value not in-between 0 and 255 is deprecated, this is because a byte value must be in the [0, 255] interval. The value used will be constrained using % 256 in C:\Users\Pablo\Documents\GitHub\nine-screen-canvas-flow\vendor\phpseclib\phpseclib\phpseclib\Math\BigInteger\Engines\BCMath.php on line 157
[13-Mar-2026 13:25:30 UTC] PHP Deprecated:  chr(): Providing a value not in-between 0 and 255 is deprecated, this is because a byte value must be in the [0, 255] interval. The value used will be constrained using % 256 in C:\Users\Pablo\Documents\GitHub\nine-screen-canvas-flow\vendor\phpseclib\phpseclib\phpseclib\Math\BigInteger\Engines\BCMath.php on line 157
[13-Mar-2026 13:25:30 UTC] PHP Deprecated:  chr(): Providing a value not in-between 0 and 255 is deprecated, this is because a byte value must be in the [0, 255] interval. The value used will be constrained using % 256 in C:\Users\Pablo\Documents\GitHub\nine-screen-canvas-flow\vendor\phpseclib\phpseclib\phpseclib\Math\BigInteger\Engines\BCMath.php on line 157
[13-Mar-2026 13:25:30 UTC] PHP Deprecated:  chr(): Providing a value not in-between 0 and 255 is deprecated, this is because a byte value must be in the [0, 255] interval. The value used will be constrained using % 256 in C:\Users\Pablo\Documents\GitHub\nine-screen-canvas-flow\vendor\phpseclib\phpseclib\phpseclib\Math\BigInteger\Engines\BCMath.php on line 157
[13-Mar-2026 13:25:30 UTC] PHP Deprecated:  chr(): Providing a value not in-between 0 and 255 is deprecated, this is because a byte value must be in the [0, 255] interval. The value used will be constrained using % 256 in C:\Users\Pablo\Documents\GitHub\nine-screen-canvas-flow\vendor\phpseclib\phpseclib\phpseclib\Math\BigInteger\Engines\BCMath.php on line 157
[13-Mar-2026 13:25:30 UTC] PHP Deprecated:  chr(): Providing a value not in-between 0 and 255 is deprecated, this is because a byte value must be in the [0, 255] interval. The value used will be constrained using % 256 in C:\Users\Pablo\Documents\GitHub\nine-screen-canvas-flow\vendor\phpseclib\phpseclib\phpseclib\Math\BigInteger\Engines\BCMath.php on line 157
[13-Mar-2026 13:25:30 UTC] PHP Deprecated:  chr(): Providing a value not in-between 0 and 255 is deprecated, this is because a byte value must be in the [0, 255] interval. The value used will be constrained using % 256 in C:\Users\Pablo\Documents\GitHub\nine-screen-canvas-flow\vendor\phpseclib\phpseclib\phpseclib\Math\BigInteger\Engines\BCMath.php on line 157
[13-Mar-2026 13:25:30 UTC] PHP Deprecated:  chr(): Providing a value not in-between 0 and 255 is deprecated, this is because a byte value must be in the [0, 255] interval. The value used will be constrained using % 256 in C:\Users\Pablo\Documents\GitHub\nine-screen-canvas-flow\vendor\phpseclib\phpseclib\phpseclib\Math\BigInteger\Engines\BCMath.php on line 157
[13-Mar-2026 13:25:30 UTC] PHP Deprecated:  chr(): Providing a value not in-between 0 and 255 is deprecated, this is because a byte value must be in the [0, 255] interval. The value used will be constrained using % 256 in C:\Users\Pablo\Documents\GitHub\nine-screen-canvas-flow\vendor\phpseclib\phpseclib\phpseclib\Math\BigInteger\Engines\BCMath.php on line 157
[13-Mar-2026 13:25:30 UTC] PHP Deprecated:  chr(): Providing a value not in-between 0 and 255 is deprecated, this is because a byte value must be in the [0, 255] interval. The value used will be constrained using % 256 in C:\Users\Pablo\Documents\GitHub\nine-screen-canvas-flow\vendor\phpseclib\phpseclib\phpseclib\Math\BigInteger\Engines\BCMath.php on line 157
[13-Mar-2026 13:25:30 UTC] PHP Deprecated:  chr(): Providing a value not in-between 0 and 255 is deprecated, this is because a byte value must be in the [0, 255] interval. The value used will be constrained using % 256 in C:\Users\Pablo\Documents\GitHub\nine-screen-canvas-flow\vendor\phpseclib\phpseclib\phpseclib\Math\BigInteger\Engines\BCMath.php on line 157
[13-Mar-2026 13:25:30 UTC] PHP Deprecated:  chr(): Providing a value not in-between 0 and 255 is deprecated, this is because a byte value must be in the [0, 255] interval. The value used will be constrained using % 256 in C:\Users\Pablo\Documents\GitHub\nine-screen-canvas-flow\vendor\phpseclib\phpseclib\phpseclib\Math\BigInteger\Engines\BCMath.php on line 157
[13-Mar-2026 13:25:30 UTC] PHP Deprecated:  chr(): Providing a value not in-between 0 and 255 is deprecated, this is because a byte value must be in the [0, 255] interval. The value used will be constrained using % 256 in C:\Users\Pablo\Documents\GitHub\nine-screen-canvas-flow\vendor\phpseclib\phpseclib\phpseclib\Math\BigInteger\Engines\BCMath.php on line 157
[13-Mar-2026 13:25:30 UTC] PHP Deprecated:  chr(): Providing a value not in-between 0 and 255 is deprecated, this is because a byte value must be in the [0, 255] interval. The value used will be constrained using % 256 in C:\Users\Pablo\Documents\GitHub\nine-screen-canvas-flow\vendor\phpseclib\phpseclib\phpseclib\Math\BigInteger\Engines\BCMath.php on line 157
[13-Mar-2026 13:25:30 UTC] PHP Deprecated:  chr(): Providing a value not in-between 0 and 255 is deprecated, this is because a byte value must be in the [0, 255] interval. The value used will be constrained using % 256 in C:\Users\Pablo\Documents\GitHub\nine-screen-canvas-flow\vendor\phpseclib\phpseclib\phpseclib\Math\BigInteger\Engines\BCMath.php on line 157
[13-Mar-2026 13:25:30 UTC] PHP Deprecated:  chr(): Providing a value not in-between 0 and 255 is deprecated, this is because a byte value must be in the [0, 255] interval. The value used will be constrained using % 256 in C:\Users\Pablo\Documents\GitHub\nine-screen-canvas-flow\vendor\phpseclib\phpseclib\phpseclib\Math\BigInteger\Engines\BCMath.php on line 157
[13-Mar-2026 13:25:30 UTC] PHP Deprecated:  chr(): Providing a value not in-between 0 and 255 is deprecated, this is because a byte value must be in the [0, 255] interval. The value used will be constrained using % 256 in C:\Users\Pablo\Documents\GitHub\nine-screen-canvas-flow\vendor\phpseclib\phpseclib\phpseclib\Math\BigInteger\Engines\BCMath.php on line 157
[13-Mar-2026 13:25:30 UTC] PHP Deprecated:  chr(): Providing a value not in-between 0 and 255 is deprecated, this is because a byte value must be in the [0, 255] interval. The value used will be constrained using % 256 in C:\Users\Pablo\Documents\GitHub\nine-screen-canvas-flow\vendor\phpseclib\phpseclib\phpseclib\Math\BigInteger\Engines\BCMath.php on line 157
[13-Mar-2026 13:25:30 UTC] PHP Deprecated:  chr(): Providing a value not in-between 0 and 255 is deprecated, this is because a byte value must be in the [0, 255] interval. The value used will be constrained using % 256 in C:\Users\Pablo\Documents\GitHub\nine-screen-canvas-flow\vendor\phpseclib\phpseclib\phpseclib\Math\BigInteger\Engines\BCMath.php on line 157
[13-Mar-2026 13:25:30 UTC] PHP Deprecated:  chr(): Providing a value not in-between 0 and 255 is deprecated, this is because a byte value must be in the [0, 255] interval. The value used will be constrained using % 256 in C:\Users\Pablo\Documents\GitHub\nine-screen-canvas-flow\vendor\phpseclib\phpseclib\phpseclib\Math\BigInteger\Engines\BCMath.php on line 157
[13-Mar-2026 13:25:30 UTC] PHP Deprecated:  chr(): Providing a value not in-between 0 and 255 is deprecated, this is because a byte value must be in the [0, 255] interval. The value used will be constrained using % 256 in C:\Users\Pablo\Documents\GitHub\nine-screen-canvas-flow\vendor\phpseclib\phpseclib\phpseclib\Math\BigInteger\Engines\BCMath.php on line 157
[13-Mar-2026 13:25:30 UTC] PHP Deprecated:  chr(): Providing a value not in-between 0 and 255 is deprecated, this is because a byte value must be in the [0, 255] interval. The value used will be constrained using % 256 in C:\Users\Pablo\Documents\GitHub\nine-screen-canvas-flow\vendor\phpseclib\phpseclib\phpseclib\Math\BigInteger\Engines\BCMath.php on line 157
[13-Mar-2026 13:25:30 UTC] PHP Deprecated:  chr(): Providing a value not in-between 0 and 255 is deprecated, this is because a byte value must be in the [0, 255] interval. The value used will be constrained using % 256 in C:\Users\Pablo\Documents\GitHub\nine-screen-canvas-flow\vendor\phpseclib\phpseclib\phpseclib\Math\BigInteger\Engines\BCMath.php on line 157
[13-Mar-2026 13:25:30 UTC] PHP Deprecated:  chr(): Providing a value not in-between 0 and 255 is deprecated, this is because a byte value must be in the [0, 255] interval. The value used will be constrained using % 256 in C:\Users\Pablo\Documents\GitHub\nine-screen-canvas-flow\vendor\phpseclib\phpseclib\phpseclib\Math\BigInteger\Engines\BCMath.php on line 157
[13-Mar-2026 13:25:30 UTC] PHP Deprecated:  chr(): Providing a value not in-between 0 and 255 is deprecated, this is because a byte value must be in the [0, 255] interval. The value used will be constrained using % 256 in C:\Users\Pablo\Documents\GitHub\nine-screen-canvas-flow\vendor\phpseclib\phpseclib\phpseclib\Math\BigInteger\Engines\BCMath.php on line 157
[13-Mar-2026 13:25:30 UTC] PHP Deprecated:  chr(): Providing a value not in-between 0 and 255 is deprecated, this is because a byte value must be in the [0, 255] interval. The value used will be constrained using % 256 in C:\Users\Pablo\Documents\GitHub\nine-screen-canvas-flow\vendor\phpseclib\phpseclib\phpseclib\Math\BigInteger\Engines\BCMath.php on line 157
[13-Mar-2026 13:25:30 UTC] PHP Deprecated:  chr(): Providing a value not in-between 0 and 255 is deprecated, this is because a byte value must be in the [0, 255] interval. The value used will be constrained using % 256 in C:\Users\Pablo\Documents\GitHub\nine-screen-canvas-flow\vendor\phpseclib\phpseclib\phpseclib\Math\BigInteger\Engines\BCMath.php on line 157
[13-Mar-2026 13:25:30 UTC] PHP Deprecated:  chr(): Providing a value not in-between 0 and 255 is deprecated, this is because a byte value must be in the [0, 255] interval. The value used will be constrained using % 256 in C:\Users\Pablo\Documents\GitHub\nine-screen-canvas-flow\vendor\phpseclib\phpseclib\phpseclib\Math\BigInteger\Engines\BCMath.php on line 157
[13-Mar-2026 13:25:30 UTC] PHP Deprecated:  chr(): Providing a value not in-between 0 and 255 is deprecated, this is because a byte value must be in the [0, 255] interval. The value used will be constrained using % 256 in C:\Users\Pablo\Documents\GitHub\nine-screen-canvas-flow\vendor\phpseclib\phpseclib\phpseclib\Math\BigInteger\Engines\BCMath.php on line 157
[13-Mar-2026 13:25:30 UTC] PHP Deprecated:  chr(): Providing a value not in-between 0 and 255 is deprecated, this is because a byte value must be in the [0, 255] interval. The value used will be constrained using % 256 in C:\Users\Pablo\Documents\GitHub\nine-screen-canvas-flow\vendor\phpseclib\phpseclib\phpseclib\Math\BigInteger\Engines\BCMath.php on line 157
[13-Mar-2026 13:25:30 UTC] PHP Deprecated:  chr(): Providing a value not in-between 0 and 255 is deprecated, this is because a byte value must be in the [0, 255] interval. The value used will be constrained using % 256 in C:\Users\Pablo\Documents\GitHub\nine-screen-canvas-flow\vendor\phpseclib\phpseclib\phpseclib\Math\BigInteger\Engines\BCMath.php on line 157
[13-Mar-2026 13:25:30 UTC] PHP Deprecated:  chr(): Providing a value not in-between 0 and 255 is deprecated, this is because a byte value must be in the [0, 255] interval. The value used will be constrained using % 256 in C:\Users\Pablo\Documents\GitHub\nine-screen-canvas-flow\vendor\phpseclib\phpseclib\phpseclib\Math\BigInteger\Engines\BCMath.php on line 157
[13-Mar-2026 13:25:30 UTC] PHP Deprecated:  chr(): Providing a value not in-between 0 and 255 is deprecated, this is because a byte value must be in the [0, 255] interval. The value used will be constrained using % 256 in C:\Users\Pablo\Documents\GitHub\nine-screen-canvas-flow\vendor\phpseclib\phpseclib\phpseclib\Math\BigInteger\Engines\BCMath.php on line 157
[13-Mar-2026 13:25:30 UTC] PHP Deprecated:  chr(): Providing a value not in-between 0 and 255 is deprecated, this is because a byte value must be in the [0, 255] interval. The value used will be constrained using % 256 in C:\Users\Pablo\Documents\GitHub\nine-screen-canvas-flow\vendor\phpseclib\phpseclib\phpseclib\Math\BigInteger\Engines\BCMath.php on line 157
[13-Mar-2026 13:25:30 UTC] PHP Deprecated:  chr(): Providing a value not in-between 0 and 255 is deprecated, this is because a byte value must be in the [0, 255] interval. The value used will be constrained using % 256 in C:\Users\Pablo\Documents\GitHub\nine-screen-canvas-flow\vendor\phpseclib\phpseclib\phpseclib\Math\BigInteger\Engines\BCMath.php on line 157
[13-Mar-2026 13:25:30 UTC] PHP Deprecated:  chr(): Providing a value not in-between 0 and 255 is deprecated, this is because a byte value must be in the [0, 255] interval. The value used will be constrained using % 256 in C:\Users\Pablo\Documents\GitHub\nine-screen-canvas-flow\vendor\phpseclib\phpseclib\phpseclib\Math\BigInteger\Engines\BCMath.php on line 157
[13-Mar-2026 13:25:30 UTC] PHP Deprecated:  chr(): Providing a value not in-between 0 and 255 is deprecated, this is because a byte value must be in the [0, 255] interval. The value used will be constrained using % 256 in C:\Users\Pablo\Documents\GitHub\nine-screen-canvas-flow\vendor\phpseclib\phpseclib\phpseclib\Math\BigInteger\Engines\BCMath.php on line 157
[13-Mar-2026 13:25:30 UTC] PHP Deprecated:  chr(): Providing a value not in-between 0 and 255 is deprecated, this is because a byte value must be in the [0, 255] interval. The value used will be constrained using % 256 in C:\Users\Pablo\Documents\GitHub\nine-screen-canvas-flow\vendor\phpseclib\phpseclib\phpseclib\Math\BigInteger\Engines\BCMath.php on line 157
[13-Mar-2026 13:25:30 UTC] PHP Deprecated:  chr(): Providing a value not in-between 0 and 255 is deprecated, this is because a byte value must be in the [0, 255] interval. The value used will be constrained using % 256 in C:\Users\Pablo\Documents\GitHub\nine-screen-canvas-flow\vendor\phpseclib\phpseclib\phpseclib\Math\BigInteger\Engines\BCMath.php on line 157
[13-Mar-2026 13:25:30 UTC] PHP Deprecated:  chr(): Providing a value not in-between 0 and 255 is deprecated, this is because a byte value must be in the [0, 255] interval. The value used will be constrained using % 256 in C:\Users\Pablo\Documents\GitHub\nine-screen-canvas-flow\vendor\phpseclib\phpseclib\phpseclib\Math\BigInteger\Engines\BCMath.php on line 157
[13-Mar-2026 13:25:30 UTC] PHP Deprecated:  chr(): Providing a value not in-between 0 and 255 is deprecated, this is because a byte value must be in the [0, 255] interval. The value used will be constrained using % 256 in C:\Users\Pablo\Documents\GitHub\nine-screen-canvas-flow\vendor\phpseclib\phpseclib\phpseclib\Math\BigInteger\Engines\BCMath.php on line 157
[13-Mar-2026 13:25:30 UTC] PHP Deprecated:  chr(): Providing a value not in-between 0 and 255 is deprecated, this is because a byte value must be in the [0, 255] interval. The value used will be constrained using % 256 in C:\Users\Pablo\Documents\GitHub\nine-screen-canvas-flow\vendor\phpseclib\phpseclib\phpseclib\Math\BigInteger\Engines\BCMath.php on line 157
[13-Mar-2026 13:25:30 UTC] PHP Deprecated:  chr(): Providing a value not in-between 0 and 255 is deprecated, this is because a byte value must be in the [0, 255] interval. The value used will be constrained using % 256 in C:\Users\Pablo\Documents\GitHub\nine-screen-canvas-flow\vendor\phpseclib\phpseclib\phpseclib\Math\BigInteger\Engines\BCMath.php on line 157
[13-Mar-2026 13:25:30 UTC] PHP Deprecated:  chr(): Providing a value not in-between 0 and 255 is deprecated, this is because a byte value must be in the [0, 255] interval. The value used will be constrained using % 256 in C:\Users\Pablo\Documents\GitHub\nine-screen-canvas-flow\vendor\phpseclib\phpseclib\phpseclib\Math\BigInteger\Engines\BCMath.php on line 157
[13-Mar-2026 13:25:30 UTC] PHP Deprecated:  chr(): Providing a value not in-between 0 and 255 is deprecated, this is because a byte value must be in the [0, 255] interval. The value used will be constrained using % 256 in C:\Users\Pablo\Documents\GitHub\nine-screen-canvas-flow\vendor\phpseclib\phpseclib\phpseclib\Math\BigInteger\Engines\BCMath.php on line 157
[13-Mar-2026 13:25:30 UTC] PHP Deprecated:  chr(): Providing a value not in-between 0 and 255 is deprecated, this is because a byte value must be in the [0, 255] interval. The value used will be constrained using % 256 in C:\Users\Pablo\Documents\GitHub\nine-screen-canvas-flow\vendor\phpseclib\phpseclib\phpseclib\Math\BigInteger\Engines\BCMath.php on line 157
[13-Mar-2026 13:25:30 UTC] PHP Deprecated:  chr(): Providing a value not in-between 0 and 255 is deprecated, this is because a byte value must be in the [0, 255] interval. The value used will be constrained using % 256 in C:\Users\Pablo\Documents\GitHub\nine-screen-canvas-flow\vendor\phpseclib\phpseclib\phpseclib\Math\BigInteger\Engines\BCMath.php on line 157
[13-Mar-2026 13:25:30 UTC] PHP Deprecated:  chr(): Providing a value not in-between 0 and 255 is deprecated, this is because a byte value must be in the [0, 255] interval. The value used will be constrained using % 256 in C:\Users\Pablo\Documents\GitHub\nine-screen-canvas-flow\vendor\phpseclib\phpseclib\phpseclib\Math\BigInteger\Engines\BCMath.php on line 157
[13-Mar-2026 13:25:30 UTC] PHP Deprecated:  chr(): Providing a value not in-between 0 and 255 is deprecated, this is because a byte value must be in the [0, 255] interval. The value used will be constrained using % 256 in C:\Users\Pablo\Documents\GitHub\nine-screen-canvas-flow\vendor\phpseclib\phpseclib\phpseclib\Math\BigInteger\Engines\BCMath.php on line 157
[13-Mar-2026 13:25:30 UTC] PHP Deprecated:  chr(): Providing a value not in-between 0 and 255 is deprecated, this is because a byte value must be in the [0, 255] interval. The value used will be constrained using % 256 in C:\Users\Pablo\Documents\GitHub\nine-screen-canvas-flow\vendor\phpseclib\phpseclib\phpseclib\Math\BigInteger\Engines\BCMath.php on line 157
[13-Mar-2026 13:25:30 UTC] PHP Deprecated:  chr(): Providing a value not in-between 0 and 255 is deprecated, this is because a byte value must be in the [0, 255] interval. The value used will be constrained using % 256 in C:\Users\Pablo\Documents\GitHub\nine-screen-canvas-flow\vendor\phpseclib\phpseclib\phpseclib\Math\BigInteger\Engines\BCMath.php on line 157
[13-Mar-2026 13:25:30 UTC] PHP Deprecated:  chr(): Providing a value not in-between 0 and 255 is deprecated, this is because a byte value must be in the [0, 255] interval. The value used will be constrained using % 256 in C:\Users\Pablo\Documents\GitHub\nine-screen-canvas-flow\vendor\phpseclib\phpseclib\phpseclib\Math\BigInteger\Engines\BCMath.php on line 157
[13-Mar-2026 13:25:30 UTC] PHP Deprecated:  chr(): Providing a value not in-between 0 and 255 is deprecated, this is because a byte value must be in the [0, 255] interval. The value used will be constrained using % 256 in C:\Users\Pablo\Documents\GitHub\nine-screen-canvas-flow\vendor\phpseclib\phpseclib\phpseclib\Math\BigInteger\Engines\BCMath.php on line 157
[13-Mar-2026 13:25:30 UTC] PHP Deprecated:  chr(): Providing a value not in-between 0 and 255 is deprecated, this is because a byte value must be in the [0, 255] interval. The value used will be constrained using % 256 in C:\Users\Pablo\Documents\GitHub\nine-screen-canvas-flow\vendor\phpseclib\phpseclib\phpseclib\Math\BigInteger\Engines\BCMath.php on line 157
[13-Mar-2026 13:25:30 UTC] PHP Deprecated:  chr(): Providing a value not in-between 0 and 255 is deprecated, this is because a byte value must be in the [0, 255] interval. The value used will be constrained using % 256 in C:\Users\Pablo\Documents\GitHub\nine-screen-canvas-flow\vendor\phpseclib\phpseclib\phpseclib\Math\BigInteger\Engines\BCMath.php on line 157
[13-Mar-2026 13:25:30 UTC] PHP Deprecated:  chr(): Providing a value not in-between 0 and 255 is deprecated, this is because a byte value must be in the [0, 255] interval. The value used will be constrained using % 256 in C:\Users\Pablo\Documents\GitHub\nine-screen-canvas-flow\vendor\phpseclib\phpseclib\phpseclib\Math\BigInteger\Engines\BCMath.php on line 157
[13-Mar-2026 13:25:30 UTC] PHP Deprecated:  chr(): Providing a value not in-between 0 and 255 is deprecated, this is because a byte value must be in the [0, 255] interval. The value used will be constrained using % 256 in C:\Users\Pablo\Documents\GitHub\nine-screen-canvas-flow\vendor\phpseclib\phpseclib\phpseclib\Math\BigInteger\Engines\BCMath.php on line 157
[13-Mar-2026 13:25:30 UTC] PHP Deprecated:  chr(): Providing a value not in-between 0 and 255 is deprecated, this is because a byte value must be in the [0, 255] interval. The value used will be constrained using % 256 in C:\Users\Pablo\Documents\GitHub\nine-screen-canvas-flow\vendor\phpseclib\phpseclib\phpseclib\Math\BigInteger\Engines\BCMath.php on line 157
[13-Mar-2026 13:25:30 UTC] PHP Deprecated:  chr(): Providing a value not in-between 0 and 255 is deprecated, this is because a byte value must be in the [0, 255] interval. The value used will be constrained using % 256 in C:\Users\Pablo\Documents\GitHub\nine-screen-canvas-flow\vendor\phpseclib\phpseclib\phpseclib\Math\BigInteger\Engines\BCMath.php on line 157
[13-Mar-2026 13:25:30 UTC] PHP Deprecated:  chr(): Providing a value not in-between 0 and 255 is deprecated, this is because a byte value must be in the [0, 255] interval. The value used will be constrained using % 256 in C:\Users\Pablo\Documents\GitHub\nine-screen-canvas-flow\vendor\phpseclib\phpseclib\phpseclib\Math\BigInteger\Engines\BCMath.php on line 157
[13-Mar-2026 13:25:30 UTC] PHP Deprecated:  chr(): Providing a value not in-between 0 and 255 is deprecated, this is because a byte value must be in the [0, 255] interval. The value used will be constrained using % 256 in C:\Users\Pablo\Documents\GitHub\nine-screen-canvas-flow\vendor\phpseclib\phpseclib\phpseclib\Math\BigInteger\Engines\BCMath.php on line 157
[13-Mar-2026 13:25:30 UTC] PHP Deprecated:  chr(): Providing a value not in-between 0 and 255 is deprecated, this is because a byte value must be in the [0, 255] interval. The value used will be constrained using % 256 in C:\Users\Pablo\Documents\GitHub\nine-screen-canvas-flow\vendor\phpseclib\phpseclib\phpseclib\Math\BigInteger\Engines\BCMath.php on line 157
[13-Mar-2026 13:25:30 UTC] PHP Deprecated:  chr(): Providing a value not in-between 0 and 255 is deprecated, this is because a byte value must be in the [0, 255] interval. The value used will be constrained using % 256 in C:\Users\Pablo\Documents\GitHub\nine-screen-canvas-flow\vendor\phpseclib\phpseclib\phpseclib\Math\BigInteger\Engines\BCMath.php on line 157
[13-Mar-2026 13:25:30 UTC] PHP Deprecated:  chr(): Providing a value not in-between 0 and 255 is deprecated, this is because a byte value must be in the [0, 255] interval. The value used will be constrained using % 256 in C:\Users\Pablo\Documents\GitHub\nine-screen-canvas-flow\vendor\phpseclib\phpseclib\phpseclib\Math\BigInteger\Engines\BCMath.php on line 157
[13-Mar-2026 13:25:30 UTC] PHP Deprecated:  chr(): Providing a value not in-between 0 and 255 is deprecated, this is because a byte value must be in the [0, 255] interval. The value used will be constrained using % 256 in C:\Users\Pablo\Documents\GitHub\nine-screen-canvas-flow\vendor\phpseclib\phpseclib\phpseclib\Math\BigInteger\Engines\BCMath.php on line 157
[13-Mar-2026 13:25:30 UTC] PHP Deprecated:  chr(): Providing a value not in-between 0 and 255 is deprecated, this is because a byte value must be in the [0, 255] interval. The value used will be constrained using % 256 in C:\Users\Pablo\Documents\GitHub\nine-screen-canvas-flow\vendor\phpseclib\phpseclib\phpseclib\Math\BigInteger\Engines\BCMath.php on line 157
[13-Mar-2026 13:25:30 UTC] PHP Deprecated:  chr(): Providing a value not in-between 0 and 255 is deprecated, this is because a byte value must be in the [0, 255] interval. The value used will be constrained using % 256 in C:\Users\Pablo\Documents\GitHub\nine-screen-canvas-flow\vendor\phpseclib\phpseclib\phpseclib\Math\BigInteger\Engines\BCMath.php on line 157
[13-Mar-2026 13:25:30 UTC] PHP Deprecated:  chr(): Providing a value not in-between 0 and 255 is deprecated, this is because a byte value must be in the [0, 255] interval. The value used will be constrained using % 256 in C:\Users\Pablo\Documents\GitHub\nine-screen-canvas-flow\vendor\phpseclib\phpseclib\phpseclib\Math\BigInteger\Engines\BCMath.php on line 157
[13-Mar-2026 13:25:30 UTC] PHP Deprecated:  chr(): Providing a value not in-between 0 and 255 is deprecated, this is because a byte value must be in the [0, 255] interval. The value used will be constrained using % 256 in C:\Users\Pablo\Documents\GitHub\nine-screen-canvas-flow\vendor\phpseclib\phpseclib\phpseclib\Math\BigInteger\Engines\BCMath.php on line 157
[13-Mar-2026 13:25:30 UTC] PHP Deprecated:  chr(): Providing a value not in-between 0 and 255 is deprecated, this is because a byte value must be in the [0, 255] interval. The value used will be constrained using % 256 in C:\Users\Pablo\Documents\GitHub\nine-screen-canvas-flow\vendor\phpseclib\phpseclib\phpseclib\Math\BigInteger\Engines\BCMath.php on line 157
[13-Mar-2026 13:25:30 UTC] PHP Deprecated:  chr(): Providing a value not in-between 0 and 255 is deprecated, this is because a byte value must be in the [0, 255] interval. The value used will be constrained using % 256 in C:\Users\Pablo\Documents\GitHub\nine-screen-canvas-flow\vendor\phpseclib\phpseclib\phpseclib\Math\BigInteger\Engines\BCMath.php on line 157
[13-Mar-2026 13:25:30 UTC] PHP Deprecated:  chr(): Providing a value not in-between 0 and 255 is deprecated, this is because a byte value must be in the [0, 255] interval. The value used will be constrained using % 256 in C:\Users\Pablo\Documents\GitHub\nine-screen-canvas-flow\vendor\phpseclib\phpseclib\phpseclib\Math\BigInteger\Engines\BCMath.php on line 157
[13-Mar-2026 13:25:30 UTC] PHP Deprecated:  chr(): Providing a value not in-between 0 and 255 is deprecated, this is because a byte value must be in the [0, 255] interval. The value used will be constrained using % 256 in C:\Users\Pablo\Documents\GitHub\nine-screen-canvas-flow\vendor\phpseclib\phpseclib\phpseclib\Math\BigInteger\Engines\BCMath.php on line 157
[13-Mar-2026 13:25:30 UTC] PHP Deprecated:  chr(): Providing a value not in-between 0 and 255 is deprecated, this is because a byte value must be in the [0, 255] interval. The value used will be constrained using % 256 in C:\Users\Pablo\Documents\GitHub\nine-screen-canvas-flow\vendor\phpseclib\phpseclib\phpseclib\Math\BigInteger\Engines\BCMath.php on line 157
[13-Mar-2026 13:25:30 UTC] PHP Deprecated:  chr(): Providing a value not in-between 0 and 255 is deprecated, this is because a byte value must be in the [0, 255] interval. The value used will be constrained using % 256 in C:\Users\Pablo\Documents\GitHub\nine-screen-canvas-flow\vendor\phpseclib\phpseclib\phpseclib\Math\BigInteger\Engines\BCMath.php on line 157
[13-Mar-2026 13:25:30 UTC] PHP Deprecated:  chr(): Providing a value not in-between 0 and 255 is deprecated, this is because a byte value must be in the [0, 255] interval. The value used will be constrained using % 256 in C:\Users\Pablo\Documents\GitHub\nine-screen-canvas-flow\vendor\phpseclib\phpseclib\phpseclib\Math\BigInteger\Engines\BCMath.php on line 157
[13-Mar-2026 13:25:30 UTC] PHP Deprecated:  chr(): Providing a value not in-between 0 and 255 is deprecated, this is because a byte value must be in the [0, 255] interval. The value used will be constrained using % 256 in C:\Users\Pablo\Documents\GitHub\nine-screen-canvas-flow\vendor\phpseclib\phpseclib\phpseclib\Math\BigInteger\Engines\BCMath.php on line 157
[13-Mar-2026 13:25:30 UTC] PHP Deprecated:  chr(): Providing a value not in-between 0 and 255 is deprecated, this is because a byte value must be in the [0, 255] interval. The value used will be constrained using % 256 in C:\Users\Pablo\Documents\GitHub\nine-screen-canvas-flow\vendor\phpseclib\phpseclib\phpseclib\Math\BigInteger\Engines\BCMath.php on line 157
[13-Mar-2026 13:25:30 UTC] PHP Deprecated:  chr(): Providing a value not in-between 0 and 255 is deprecated, this is because a byte value must be in the [0, 255] interval. The value used will be constrained using % 256 in C:\Users\Pablo\Documents\GitHub\nine-screen-canvas-flow\vendor\phpseclib\phpseclib\phpseclib\Math\BigInteger\Engines\BCMath.php on line 157
[13-Mar-2026 13:25:30 UTC] PHP Deprecated:  chr(): Providing a value not in-between 0 and 255 is deprecated, this is because a byte value must be in the [0, 255] interval. The value used will be constrained using % 256 in C:\Users\Pablo\Documents\GitHub\nine-screen-canvas-flow\vendor\phpseclib\phpseclib\phpseclib\Math\BigInteger\Engines\BCMath.php on line 157
[13-Mar-2026 13:25:30 UTC] PHP Deprecated:  chr(): Providing a value not in-between 0 and 255 is deprecated, this is because a byte value must be in the [0, 255] interval. The value used will be constrained using % 256 in C:\Users\Pablo\Documents\GitHub\nine-screen-canvas-flow\vendor\phpseclib\phpseclib\phpseclib\Math\BigInteger\Engines\BCMath.php on line 157
[13-Mar-2026 13:25:30 UTC] PHP Deprecated:  chr(): Providing a value not in-between 0 and 255 is deprecated, this is because a byte value must be in the [0, 255] interval. The value used will be constrained using % 256 in C:\Users\Pablo\Documents\GitHub\nine-screen-canvas-flow\vendor\phpseclib\phpseclib\phpseclib\Math\BigInteger\Engines\BCMath.php on line 157
[13-Mar-2026 13:25:30 UTC] PHP Deprecated:  chr(): Providing a value not in-between 0 and 255 is deprecated, this is because a byte value must be in the [0, 255] interval. The value used will be constrained using % 256 in C:\Users\Pablo\Documents\GitHub\nine-screen-canvas-flow\vendor\phpseclib\phpseclib\phpseclib\Math\BigInteger\Engines\BCMath.php on line 157
[13-Mar-2026 13:25:30 UTC] PHP Deprecated:  chr(): Providing a value not in-between 0 and 255 is deprecated, this is because a byte value must be in the [0, 255] interval. The value used will be constrained using % 256 in C:\Users\Pablo\Documents\GitHub\nine-screen-canvas-flow\vendor\phpseclib\phpseclib\phpseclib\Math\BigInteger\Engines\BCMath.php on line 157
[13-Mar-2026 13:25:30 UTC] PHP Deprecated:  chr(): Providing a value not in-between 0 and 255 is deprecated, this is because a byte value must be in the [0, 255] interval. The value used will be constrained using % 256 in C:\Users\Pablo\Documents\GitHub\nine-screen-canvas-flow\vendor\phpseclib\phpseclib\phpseclib\Math\BigInteger\Engines\BCMath.php on line 157
[13-Mar-2026 13:25:30 UTC] PHP Deprecated:  chr(): Providing a value not in-between 0 and 255 is deprecated, this is because a byte value must be in the [0, 255] interval. The value used will be constrained using % 256 in C:\Users\Pablo\Documents\GitHub\nine-screen-canvas-flow\vendor\phpseclib\phpseclib\phpseclib\Math\BigInteger\Engines\BCMath.php on line 157
[13-Mar-2026 13:25:30 UTC] PHP Deprecated:  chr(): Providing a value not in-between 0 and 255 is deprecated, this is because a byte value must be in the [0, 255] interval. The value used will be constrained using % 256 in C:\Users\Pablo\Documents\GitHub\nine-screen-canvas-flow\vendor\phpseclib\phpseclib\phpseclib\Math\BigInteger\Engines\BCMath.php on line 157
[13-Mar-2026 13:25:30 UTC] PHP Deprecated:  chr(): Providing a value not in-between 0 and 255 is deprecated, this is because a byte value must be in the [0, 255] interval. The value used will be constrained using % 256 in C:\Users\Pablo\Documents\GitHub\nine-screen-canvas-flow\vendor\phpseclib\phpseclib\phpseclib\Math\BigInteger\Engines\BCMath.php on line 157
[13-Mar-2026 13:25:30 UTC] PHP Deprecated:  chr(): Providing a value not in-between 0 and 255 is deprecated, this is because a byte value must be in the [0, 255] interval. The value used will be constrained using % 256 in C:\Users\Pablo\Documents\GitHub\nine-screen-canvas-flow\vendor\phpseclib\phpseclib\phpseclib\Math\BigInteger\Engines\BCMath.php on line 157
[13-Mar-2026 13:25:30 UTC] PHP Deprecated:  chr(): Providing a value not in-between 0 and 255 is deprecated, this is because a byte value must be in the [0, 255] interval. The value used will be constrained using % 256 in C:\Users\Pablo\Documents\GitHub\nine-screen-canvas-flow\vendor\phpseclib\phpseclib\phpseclib\Math\BigInteger\Engines\BCMath.php on line 157
[13-Mar-2026 13:25:30 UTC] PHP Deprecated:  chr(): Providing a value not in-between 0 and 255 is deprecated, this is because a byte value must be in the [0, 255] interval. The value used will be constrained using % 256 in C:\Users\Pablo\Documents\GitHub\nine-screen-canvas-flow\vendor\phpseclib\phpseclib\phpseclib\Math\BigInteger\Engines\BCMath.php on line 157
[13-Mar-2026 13:25:30 UTC] PHP Deprecated:  chr(): Providing a value not in-between 0 and 255 is deprecated, this is because a byte value must be in the [0, 255] interval. The value used will be constrained using % 256 in C:\Users\Pablo\Documents\GitHub\nine-screen-canvas-flow\vendor\phpseclib\phpseclib\phpseclib\Math\BigInteger\Engines\BCMath.php on line 157
[13-Mar-2026 13:25:30 UTC] PHP Deprecated:  chr(): Providing a value not in-between 0 and 255 is deprecated, this is because a byte value must be in the [0, 255] interval. The value used will be constrained using % 256 in C:\Users\Pablo\Documents\GitHub\nine-screen-canvas-flow\vendor\phpseclib\phpseclib\phpseclib\Math\BigInteger\Engines\BCMath.php on line 157
[13-Mar-2026 13:25:30 UTC] PHP Deprecated:  chr(): Providing a value not in-between 0 and 255 is deprecated, this is because a byte value must be in the [0, 255] interval. The value used will be constrained using % 256 in C:\Users\Pablo\Documents\GitHub\nine-screen-canvas-flow\vendor\phpseclib\phpseclib\phpseclib\Math\BigInteger\Engines\BCMath.php on line 157
[13-Mar-2026 13:25:30 UTC] PHP Deprecated:  chr(): Providing a value not in-between 0 and 255 is deprecated, this is because a byte value must be in the [0, 255] interval. The value used will be constrained using % 256 in C:\Users\Pablo\Documents\GitHub\nine-screen-canvas-flow\vendor\phpseclib\phpseclib\phpseclib\Math\BigInteger\Engines\BCMath.php on line 157
[13-Mar-2026 13:25:30 UTC] PHP Deprecated:  chr(): Providing a value not in-between 0 and 255 is deprecated, this is because a byte value must be in the [0, 255] interval. The value used will be constrained using % 256 in C:\Users\Pablo\Documents\GitHub\nine-screen-canvas-flow\vendor\phpseclib\phpseclib\phpseclib\Math\BigInteger\Engines\BCMath.php on line 157
[13-Mar-2026 13:25:30 UTC] PHP Deprecated:  chr(): Providing a value not in-between 0 and 255 is deprecated, this is because a byte value must be in the [0, 255] interval. The value used will be constrained using % 256 in C:\Users\Pablo\Documents\GitHub\nine-screen-canvas-flow\vendor\phpseclib\phpseclib\phpseclib\Math\BigInteger\Engines\BCMath.php on line 157
[13-Mar-2026 13:25:30 UTC] PHP Deprecated:  chr(): Providing a value not in-between 0 and 255 is deprecated, this is because a byte value must be in the [0, 255] interval. The value used will be constrained using % 256 in C:\Users\Pablo\Documents\GitHub\nine-screen-canvas-flow\vendor\phpseclib\phpseclib\phpseclib\Math\BigInteger\Engines\BCMath.php on line 157
[13-Mar-2026 13:25:30 UTC] PHP Deprecated:  chr(): Providing a value not in-between 0 and 255 is deprecated, this is because a byte value must be in the [0, 255] interval. The value used will be constrained using % 256 in C:\Users\Pablo\Documents\GitHub\nine-screen-canvas-flow\vendor\phpseclib\phpseclib\phpseclib\Math\BigInteger\Engines\BCMath.php on line 157
[13-Mar-2026 13:25:30 UTC] PHP Deprecated:  chr(): Providing a value not in-between 0 and 255 is deprecated, this is because a byte value must be in the [0, 255] interval. The value used will be constrained using % 256 in C:\Users\Pablo\Documents\GitHub\nine-screen-canvas-flow\vendor\phpseclib\phpseclib\phpseclib\Math\BigInteger\Engines\BCMath.php on line 157
[13-Mar-2026 13:25:30 UTC] PHP Deprecated:  chr(): Providing a value not in-between 0 and 255 is deprecated, this is because a byte value must be in the [0, 255] interval. The value used will be constrained using % 256 in C:\Users\Pablo\Documents\GitHub\nine-screen-canvas-flow\vendor\phpseclib\phpseclib\phpseclib\Math\BigInteger\Engines\BCMath.php on line 157
[13-Mar-2026 13:25:30 UTC] PHP Deprecated:  chr(): Providing a value not in-between 0 and 255 is deprecated, this is because a byte value must be in the [0, 255] interval. The value used will be constrained using % 256 in C:\Users\Pablo\Documents\GitHub\nine-screen-canvas-flow\vendor\phpseclib\phpseclib\phpseclib\Math\BigInteger\Engines\BCMath.php on line 157
[13-Mar-2026 13:25:30 UTC] PHP Deprecated:  chr(): Providing a value not in-between 0 and 255 is deprecated, this is because a byte value must be in the [0, 255] interval. The value used will be constrained using % 256 in C:\Users\Pablo\Documents\GitHub\nine-screen-canvas-flow\vendor\phpseclib\phpseclib\phpseclib\Math\BigInteger\Engines\BCMath.php on line 157
[13-Mar-2026 13:25:30 UTC] PHP Deprecated:  chr(): Providing a value not in-between 0 and 255 is deprecated, this is because a byte value must be in the [0, 255] interval. The value used will be constrained using % 256 in C:\Users\Pablo\Documents\GitHub\nine-screen-canvas-flow\vendor\phpseclib\phpseclib\phpseclib\Math\BigInteger\Engines\BCMath.php on line 157
[13-Mar-2026 13:25:30 UTC] PHP Deprecated:  chr(): Providing a value not in-between 0 and 255 is deprecated, this is because a byte value must be in the [0, 255] interval. The value used will be constrained using % 256 in C:\Users\Pablo\Documents\GitHub\nine-screen-canvas-flow\vendor\phpseclib\phpseclib\phpseclib\Math\BigInteger\Engines\BCMath.php on line 157
[13-Mar-2026 13:25:30 UTC] PHP Deprecated:  chr(): Providing a value not in-between 0 and 255 is deprecated, this is because a byte value must be in the [0, 255] interval. The value used will be constrained using % 256 in C:\Users\Pablo\Documents\GitHub\nine-screen-canvas-flow\vendor\phpseclib\phpseclib\phpseclib\Math\BigInteger\Engines\BCMath.php on line 157
[13-Mar-2026 13:25:30 UTC] PHP Deprecated:  chr(): Providing a value not in-between 0 and 255 is deprecated, this is because a byte value must be in the [0, 255] interval. The value used will be constrained using % 256 in C:\Users\Pablo\Documents\GitHub\nine-screen-canvas-flow\vendor\phpseclib\phpseclib\phpseclib\Math\BigInteger\Engines\BCMath.php on line 157
[13-Mar-2026 13:25:30 UTC] PHP Deprecated:  chr(): Providing a value not in-between 0 and 255 is deprecated, this is because a byte value must be in the [0, 255] interval. The value used will be constrained using % 256 in C:\Users\Pablo\Documents\GitHub\nine-screen-canvas-flow\vendor\phpseclib\phpseclib\phpseclib\Math\BigInteger\Engines\BCMath.php on line 157
[13-Mar-2026 13:25:30 UTC] PHP Deprecated:  chr(): Providing a value not in-between 0 and 255 is deprecated, this is because a byte value must be in the [0, 255] interval. The value used will be constrained using % 256 in C:\Users\Pablo\Documents\GitHub\nine-screen-canvas-flow\vendor\phpseclib\phpseclib\phpseclib\Math\BigInteger\Engines\BCMath.php on line 157
[13-Mar-2026 13:25:30 UTC] PHP Deprecated:  chr(): Providing a value not in-between 0 and 255 is deprecated, this is because a byte value must be in the [0, 255] interval. The value used will be constrained using % 256 in C:\Users\Pablo\Documents\GitHub\nine-screen-canvas-flow\vendor\phpseclib\phpseclib\phpseclib\Math\BigInteger\Engines\BCMath.php on line 157
[13-Mar-2026 13:25:30 UTC] PHP Deprecated:  chr(): Providing a value not in-between 0 and 255 is deprecated, this is because a byte value must be in the [0, 255] interval. The value used will be constrained using % 256 in C:\Users\Pablo\Documents\GitHub\nine-screen-canvas-flow\vendor\phpseclib\phpseclib\phpseclib\Math\BigInteger\Engines\BCMath.php on line 157
[13-Mar-2026 13:25:30 UTC] PHP Deprecated:  chr(): Providing a value not in-between 0 and 255 is deprecated, this is because a byte value must be in the [0, 255] interval. The value used will be constrained using % 256 in C:\Users\Pablo\Documents\GitHub\nine-screen-canvas-flow\vendor\phpseclib\phpseclib\phpseclib\Math\BigInteger\Engines\BCMath.php on line 157
[13-Mar-2026 13:25:30 UTC] PHP Deprecated:  chr(): Providing a value not in-between 0 and 255 is deprecated, this is because a byte value must be in the [0, 255] interval. The value used will be constrained using % 256 in C:\Users\Pablo\Documents\GitHub\nine-screen-canvas-flow\vendor\phpseclib\phpseclib\phpseclib\Math\BigInteger\Engines\BCMath.php on line 157
[13-Mar-2026 13:25:30 UTC] PHP Deprecated:  chr(): Providing a value not in-between 0 and 255 is deprecated, this is because a byte value must be in the [0, 255] interval. The value used will be constrained using % 256 in C:\Users\Pablo\Documents\GitHub\nine-screen-canvas-flow\vendor\phpseclib\phpseclib\phpseclib\Math\BigInteger\Engines\BCMath.php on line 157
[13-Mar-2026 13:25:30 UTC] PHP Deprecated:  chr(): Providing a value not in-between 0 and 255 is deprecated, this is because a byte value must be in the [0, 255] interval. The value used will be constrained using % 256 in C:\Users\Pablo\Documents\GitHub\nine-screen-canvas-flow\vendor\phpseclib\phpseclib\phpseclib\Math\BigInteger\Engines\BCMath.php on line 157
[13-Mar-2026 13:25:30 UTC] PHP Deprecated:  chr(): Providing a value not in-between 0 and 255 is deprecated, this is because a byte value must be in the [0, 255] interval. The value used will be constrained using % 256 in C:\Users\Pablo\Documents\GitHub\nine-screen-canvas-flow\vendor\phpseclib\phpseclib\phpseclib\Math\BigInteger\Engines\BCMath.php on line 157
[13-Mar-2026 13:25:30 UTC] PHP Deprecated:  chr(): Providing a value not in-between 0 and 255 is deprecated, this is because a byte value must be in the [0, 255] interval. The value used will be constrained using % 256 in C:\Users\Pablo\Documents\GitHub\nine-screen-canvas-flow\vendor\phpseclib\phpseclib\phpseclib\Math\BigInteger\Engines\BCMath.php on line 157
[13-Mar-2026 13:25:30 UTC] PHP Deprecated:  chr(): Providing a value not in-between 0 and 255 is deprecated, this is because a byte value must be in the [0, 255] interval. The value used will be constrained using % 256 in C:\Users\Pablo\Documents\GitHub\nine-screen-canvas-flow\vendor\phpseclib\phpseclib\phpseclib\Math\BigInteger\Engines\BCMath.php on line 157
[13-Mar-2026 13:25:30 UTC] PHP Deprecated:  chr(): Providing a value not in-between 0 and 255 is deprecated, this is because a byte value must be in the [0, 255] interval. The value used will be constrained using % 256 in C:\Users\Pablo\Documents\GitHub\nine-screen-canvas-flow\vendor\phpseclib\phpseclib\phpseclib\Math\BigInteger\Engines\BCMath.php on line 157
[13-Mar-2026 13:25:30 UTC] PHP Deprecated:  chr(): Providing a value not in-between 0 and 255 is deprecated, this is because a byte value must be in the [0, 255] interval. The value used will be constrained using % 256 in C:\Users\Pablo\Documents\GitHub\nine-screen-canvas-flow\vendor\phpseclib\phpseclib\phpseclib\Math\BigInteger\Engines\BCMath.php on line 157
[13-Mar-2026 13:25:30 UTC] PHP Deprecated:  chr(): Providing a value not in-between 0 and 255 is deprecated, this is because a byte value must be in the [0, 255] interval. The value used will be constrained using % 256 in C:\Users\Pablo\Documents\GitHub\nine-screen-canvas-flow\vendor\phpseclib\phpseclib\phpseclib\Math\BigInteger\Engines\BCMath.php on line 157
[13-Mar-2026 13:25:30 UTC] PHP Deprecated:  chr(): Providing a value not in-between 0 and 255 is deprecated, this is because a byte value must be in the [0, 255] interval. The value used will be constrained using % 256 in C:\Users\Pablo\Documents\GitHub\nine-screen-canvas-flow\vendor\phpseclib\phpseclib\phpseclib\Math\BigInteger\Engines\BCMath.php on line 157
[13-Mar-2026 13:25:30 UTC] PHP Deprecated:  chr(): Providing a value not in-between 0 and 255 is deprecated, this is because a byte value must be in the [0, 255] interval. The value used will be constrained using % 256 in C:\Users\Pablo\Documents\GitHub\nine-screen-canvas-flow\vendor\phpseclib\phpseclib\phpseclib\Math\BigInteger\Engines\BCMath.php on line 157
[13-Mar-2026 13:25:30 UTC] PHP Deprecated:  chr(): Providing a value not in-between 0 and 255 is deprecated, this is because a byte value must be in the [0, 255] interval. The value used will be constrained using % 256 in C:\Users\Pablo\Documents\GitHub\nine-screen-canvas-flow\vendor\phpseclib\phpseclib\phpseclib\Math\BigInteger\Engines\BCMath.php on line 157
[13-Mar-2026 13:25:30 UTC] PHP Deprecated:  chr(): Providing a value not in-between 0 and 255 is deprecated, this is because a byte value must be in the [0, 255] interval. The value used will be constrained using % 256 in C:\Users\Pablo\Documents\GitHub\nine-screen-canvas-flow\vendor\phpseclib\phpseclib\phpseclib\Math\BigInteger\Engines\BCMath.php on line 157
[13-Mar-2026 13:25:30 UTC] PHP Deprecated:  chr(): Providing a value not in-between 0 and 255 is deprecated, this is because a byte value must be in the [0, 255] interval. The value used will be constrained using % 256 in C:\Users\Pablo\Documents\GitHub\nine-screen-canvas-flow\vendor\phpseclib\phpseclib\phpseclib\Math\BigInteger\Engines\BCMath.php on line 157
[13-Mar-2026 13:25:30 UTC] PHP Deprecated:  chr(): Providing a value not in-between 0 and 255 is deprecated, this is because a byte value must be in the [0, 255] interval. The value used will be constrained using % 256 in C:\Users\Pablo\Documents\GitHub\nine-screen-canvas-flow\vendor\phpseclib\phpseclib\phpseclib\Math\BigInteger\Engines\BCMath.php on line 157
[13-Mar-2026 13:25:30 UTC] PHP Deprecated:  chr(): Providing a value not in-between 0 and 255 is deprecated, this is because a byte value must be in the [0, 255] interval. The value used will be constrained using % 256 in C:\Users\Pablo\Documents\GitHub\nine-screen-canvas-flow\vendor\phpseclib\phpseclib\phpseclib\Math\BigInteger\Engines\BCMath.php on line 157
[13-Mar-2026 13:25:30 UTC] PHP Deprecated:  chr(): Providing a value not in-between 0 and 255 is deprecated, this is because a byte value must be in the [0, 255] interval. The value used will be constrained using % 256 in C:\Users\Pablo\Documents\GitHub\nine-screen-canvas-flow\vendor\phpseclib\phpseclib\phpseclib\Math\BigInteger\Engines\BCMath.php on line 157
[13-Mar-2026 13:25:30 UTC] PHP Deprecated:  chr(): Providing a value not in-between 0 and 255 is deprecated, this is because a byte value must be in the [0, 255] interval. The value used will be constrained using % 256 in C:\Users\Pablo\Documents\GitHub\nine-screen-canvas-flow\vendor\phpseclib\phpseclib\phpseclib\Math\BigInteger\Engines\BCMath.php on line 157
[13-Mar-2026 13:25:30 UTC] PHP Deprecated:  chr(): Providing a value not in-between 0 and 255 is deprecated, this is because a byte value must be in the [0, 255] interval. The value used will be constrained using % 256 in C:\Users\Pablo\Documents\GitHub\nine-screen-canvas-flow\vendor\phpseclib\phpseclib\phpseclib\Math\BigInteger\Engines\BCMath.php on line 157
[13-Mar-2026 13:25:30 UTC] PHP Deprecated:  chr(): Providing a value not in-between 0 and 255 is deprecated, this is because a byte value must be in the [0, 255] interval. The value used will be constrained using % 256 in C:\Users\Pablo\Documents\GitHub\nine-screen-canvas-flow\vendor\phpseclib\phpseclib\phpseclib\Math\BigInteger\Engines\BCMath.php on line 157
[13-Mar-2026 13:25:30 UTC] PHP Deprecated:  chr(): Providing a value not in-between 0 and 255 is deprecated, this is because a byte value must be in the [0, 255] interval. The value used will be constrained using % 256 in C:\Users\Pablo\Documents\GitHub\nine-screen-canvas-flow\vendor\phpseclib\phpseclib\phpseclib\Math\BigInteger\Engines\BCMath.php on line 157
[13-Mar-2026 13:25:30 UTC] PHP Deprecated:  chr(): Providing a value not in-between 0 and 255 is deprecated, this is because a byte value must be in the [0, 255] interval. The value used will be constrained using % 256 in C:\Users\Pablo\Documents\GitHub\nine-screen-canvas-flow\vendor\phpseclib\phpseclib\phpseclib\Math\BigInteger\Engines\BCMath.php on line 157
[13-Mar-2026 13:25:30 UTC] PHP Deprecated:  chr(): Providing a value not in-between 0 and 255 is deprecated, this is because a byte value must be in the [0, 255] interval. The value used will be constrained using % 256 in C:\Users\Pablo\Documents\GitHub\nine-screen-canvas-flow\vendor\phpseclib\phpseclib\phpseclib\Math\BigInteger\Engines\BCMath.php on line 157
[13-Mar-2026 13:25:30 UTC] PHP Deprecated:  chr(): Providing a value not in-between 0 and 255 is deprecated, this is because a byte value must be in the [0, 255] interval. The value used will be constrained using % 256 in C:\Users\Pablo\Documents\GitHub\nine-screen-canvas-flow\vendor\phpseclib\phpseclib\phpseclib\Math\BigInteger\Engines\BCMath.php on line 157
[13-Mar-2026 13:25:30 UTC] PHP Deprecated:  chr(): Providing a value not in-between 0 and 255 is deprecated, this is because a byte value must be in the [0, 255] interval. The value used will be constrained using % 256 in C:\Users\Pablo\Documents\GitHub\nine-screen-canvas-flow\vendor\phpseclib\phpseclib\phpseclib\Math\BigInteger\Engines\BCMath.php on line 157
[13-Mar-2026 13:25:30 UTC] PHP Deprecated:  chr(): Providing a value not in-between 0 and 255 is deprecated, this is because a byte value must be in the [0, 255] interval. The value used will be constrained using % 256 in C:\Users\Pablo\Documents\GitHub\nine-screen-canvas-flow\vendor\phpseclib\phpseclib\phpseclib\Math\BigInteger\Engines\BCMath.php on line 157
[13-Mar-2026 13:25:30 UTC] PHP Deprecated:  chr(): Providing a value not in-between 0 and 255 is deprecated, this is because a byte value must be in the [0, 255] interval. The value used will be constrained using % 256 in C:\Users\Pablo\Documents\GitHub\nine-screen-canvas-flow\vendor\phpseclib\phpseclib\phpseclib\Math\BigInteger\Engines\BCMath.php on line 157
[13-Mar-2026 13:25:30 UTC] PHP Deprecated:  chr(): Providing a value not in-between 0 and 255 is deprecated, this is because a byte value must be in the [0, 255] interval. The value used will be constrained using % 256 in C:\Users\Pablo\Documents\GitHub\nine-screen-canvas-flow\vendor\phpseclib\phpseclib\phpseclib\Math\BigInteger\Engines\BCMath.php on line 157
[13-Mar-2026 13:25:30 UTC] PHP Deprecated:  chr(): Providing a value not in-between 0 and 255 is deprecated, this is because a byte value must be in the [0, 255] interval. The value used will be constrained using % 256 in C:\Users\Pablo\Documents\GitHub\nine-screen-canvas-flow\vendor\phpseclib\phpseclib\phpseclib\Math\BigInteger\Engines\BCMath.php on line 157
[13-Mar-2026 13:25:30 UTC] PHP Deprecated:  chr(): Providing a value not in-between 0 and 255 is deprecated, this is because a byte value must be in the [0, 255] interval. The value used will be constrained using % 256 in C:\Users\Pablo\Documents\GitHub\nine-screen-canvas-flow\vendor\phpseclib\phpseclib\phpseclib\Math\BigInteger\Engines\BCMath.php on line 157
[13-Mar-2026 13:25:30 UTC] PHP Deprecated:  chr(): Providing a value not in-between 0 and 255 is deprecated, this is because a byte value must be in the [0, 255] interval. The value used will be constrained using % 256 in C:\Users\Pablo\Documents\GitHub\nine-screen-canvas-flow\vendor\phpseclib\phpseclib\phpseclib\Math\BigInteger\Engines\BCMath.php on line 157
[13-Mar-2026 13:25:30 UTC] PHP Deprecated:  chr(): Providing a value not in-between 0 and 255 is deprecated, this is because a byte value must be in the [0, 255] interval. The value used will be constrained using % 256 in C:\Users\Pablo\Documents\GitHub\nine-screen-canvas-flow\vendor\phpseclib\phpseclib\phpseclib\Math\BigInteger\Engines\BCMath.php on line 157
[13-Mar-2026 13:25:30 UTC] PHP Deprecated:  chr(): Providing a value not in-between 0 and 255 is deprecated, this is because a byte value must be in the [0, 255] interval. The value used will be constrained using % 256 in C:\Users\Pablo\Documents\GitHub\nine-screen-canvas-flow\vendor\phpseclib\phpseclib\phpseclib\Math\BigInteger\Engines\BCMath.php on line 157
[13-Mar-2026 13:25:30 UTC] PHP Deprecated:  chr(): Providing a value not in-between 0 and 255 is deprecated, this is because a byte value must be in the [0, 255] interval. The value used will be constrained using % 256 in C:\Users\Pablo\Documents\GitHub\nine-screen-canvas-flow\vendor\phpseclib\phpseclib\phpseclib\Math\BigInteger\Engines\BCMath.php on line 157
[13-Mar-2026 13:25:30 UTC] PHP Deprecated:  chr(): Providing a value not in-between 0 and 255 is deprecated, this is because a byte value must be in the [0, 255] interval. The value used will be constrained using % 256 in C:\Users\Pablo\Documents\GitHub\nine-screen-canvas-flow\vendor\phpseclib\phpseclib\phpseclib\Math\BigInteger\Engines\BCMath.php on line 157
[13-Mar-2026 13:25:30 UTC] PHP Deprecated:  chr(): Providing a value not in-between 0 and 255 is deprecated, this is because a byte value must be in the [0, 255] interval. The value used will be constrained using % 256 in C:\Users\Pablo\Documents\GitHub\nine-screen-canvas-flow\vendor\phpseclib\phpseclib\phpseclib\Math\BigInteger\Engines\BCMath.php on line 157
[13-Mar-2026 13:25:30 UTC] PHP Deprecated:  chr(): Providing a value not in-between 0 and 255 is deprecated, this is because a byte value must be in the [0, 255] interval. The value used will be constrained using % 256 in C:\Users\Pablo\Documents\GitHub\nine-screen-canvas-flow\vendor\phpseclib\phpseclib\phpseclib\Math\BigInteger\Engines\BCMath.php on line 157
[13-Mar-2026 13:25:30 UTC] PHP Deprecated:  chr(): Providing a value not in-between 0 and 255 is deprecated, this is because a byte value must be in the [0, 255] interval. The value used will be constrained using % 256 in C:\Users\Pablo\Documents\GitHub\nine-screen-canvas-flow\vendor\phpseclib\phpseclib\phpseclib\Math\BigInteger\Engines\BCMath.php on line 157
[13-Mar-2026 13:25:30 UTC] PHP Deprecated:  chr(): Providing a value not in-between 0 and 255 is deprecated, this is because a byte value must be in the [0, 255] interval. The value used will be constrained using % 256 in C:\Users\Pablo\Documents\GitHub\nine-screen-canvas-flow\vendor\phpseclib\phpseclib\phpseclib\Math\BigInteger\Engines\BCMath.php on line 157
[13-Mar-2026 13:25:30 UTC] PHP Deprecated:  chr(): Providing a value not in-between 0 and 255 is deprecated, this is because a byte value must be in the [0, 255] interval. The value used will be constrained using % 256 in C:\Users\Pablo\Documents\GitHub\nine-screen-canvas-flow\vendor\phpseclib\phpseclib\phpseclib\Math\BigInteger\Engines\BCMath.php on line 157
[13-Mar-2026 13:25:30 UTC] PHP Deprecated:  chr(): Providing a value not in-between 0 and 255 is deprecated, this is because a byte value must be in the [0, 255] interval. The value used will be constrained using % 256 in C:\Users\Pablo\Documents\GitHub\nine-screen-canvas-flow\vendor\phpseclib\phpseclib\phpseclib\Math\BigInteger\Engines\BCMath.php on line 157
[13-Mar-2026 13:25:30 UTC] PHP Deprecated:  chr(): Providing a value not in-between 0 and 255 is deprecated, this is because a byte value must be in the [0, 255] interval. The value used will be constrained using % 256 in C:\Users\Pablo\Documents\GitHub\nine-screen-canvas-flow\vendor\phpseclib\phpseclib\phpseclib\Math\BigInteger\Engines\BCMath.php on line 157
[13-Mar-2026 13:25:30 UTC] PHP Deprecated:  chr(): Providing a value not in-between 0 and 255 is deprecated, this is because a byte value must be in the [0, 255] interval. The value used will be constrained using % 256 in C:\Users\Pablo\Documents\GitHub\nine-screen-canvas-flow\vendor\phpseclib\phpseclib\phpseclib\Math\BigInteger\Engines\BCMath.php on line 157
[13-Mar-2026 13:25:30 UTC] PHP Deprecated:  chr(): Providing a value not in-between 0 and 255 is deprecated, this is because a byte value must be in the [0, 255] interval. The value used will be constrained using % 256 in C:\Users\Pablo\Documents\GitHub\nine-screen-canvas-flow\vendor\phpseclib\phpseclib\phpseclib\Math\BigInteger\Engines\BCMath.php on line 157
[13-Mar-2026 13:25:30 UTC] PHP Deprecated:  chr(): Providing a value not in-between 0 and 255 is deprecated, this is because a byte value must be in the [0, 255] interval. The value used will be constrained using % 256 in C:\Users\Pablo\Documents\GitHub\nine-screen-canvas-flow\vendor\phpseclib\phpseclib\phpseclib\Math\BigInteger\Engines\BCMath.php on line 157
[13-Mar-2026 13:25:30 UTC] PHP Deprecated:  chr(): Providing a value not in-between 0 and 255 is deprecated, this is because a byte value must be in the [0, 255] interval. The value used will be constrained using % 256 in C:\Users\Pablo\Documents\GitHub\nine-screen-canvas-flow\vendor\phpseclib\phpseclib\phpseclib\Math\BigInteger\Engines\BCMath.php on line 157
[13-Mar-2026 13:25:30 UTC] PHP Deprecated:  chr(): Providing a value not in-between 0 and 255 is deprecated, this is because a byte value must be in the [0, 255] interval. The value used will be constrained using % 256 in C:\Users\Pablo\Documents\GitHub\nine-screen-canvas-flow\vendor\phpseclib\phpseclib\phpseclib\Math\BigInteger\Engines\BCMath.php on line 157
[13-Mar-2026 13:25:30 UTC] PHP Deprecated:  chr(): Providing a value not in-between 0 and 255 is deprecated, this is because a byte value must be in the [0, 255] interval. The value used will be constrained using % 256 in C:\Users\Pablo\Documents\GitHub\nine-screen-canvas-flow\vendor\phpseclib\phpseclib\phpseclib\Math\BigInteger\Engines\BCMath.php on line 157
[13-Mar-2026 13:25:30 UTC] PHP Deprecated:  chr(): Providing a value not in-between 0 and 255 is deprecated, this is because a byte value must be in the [0, 255] interval. The value used will be constrained using % 256 in C:\Users\Pablo\Documents\GitHub\nine-screen-canvas-flow\vendor\phpseclib\phpseclib\phpseclib\Math\BigInteger\Engines\BCMath.php on line 157
[13-Mar-2026 13:25:30 UTC] PHP Deprecated:  chr(): Providing a value not in-between 0 and 255 is deprecated, this is because a byte value must be in the [0, 255] interval. The value used will be constrained using % 256 in C:\Users\Pablo\Documents\GitHub\nine-screen-canvas-flow\vendor\phpseclib\phpseclib\phpseclib\Math\BigInteger\Engines\BCMath.php on line 157
[13-Mar-2026 13:25:30 UTC] PHP Deprecated:  chr(): Providing a value not in-between 0 and 255 is deprecated, this is because a byte value must be in the [0, 255] interval. The value used will be constrained using % 256 in C:\Users\Pablo\Documents\GitHub\nine-screen-canvas-flow\vendor\phpseclib\phpseclib\phpseclib\Math\BigInteger\Engines\BCMath.php on line 157
[13-Mar-2026 13:25:30 UTC] PHP Deprecated:  chr(): Providing a value not in-between 0 and 255 is deprecated, this is because a byte value must be in the [0, 255] interval. The value used will be constrained using % 256 in C:\Users\Pablo\Documents\GitHub\nine-screen-canvas-flow\vendor\phpseclib\phpseclib\phpseclib\Math\BigInteger\Engines\BCMath.php on line 157
[13-Mar-2026 13:25:30 UTC] PHP Deprecated:  chr(): Providing a value not in-between 0 and 255 is deprecated, this is because a byte value must be in the [0, 255] interval. The value used will be constrained using % 256 in C:\Users\Pablo\Documents\GitHub\nine-screen-canvas-flow\vendor\phpseclib\phpseclib\phpseclib\Math\BigInteger\Engines\BCMath.php on line 157
[13-Mar-2026 13:25:30 UTC] PHP Deprecated:  chr(): Providing a value not in-between 0 and 255 is deprecated, this is because a byte value must be in the [0, 255] interval. The value used will be constrained using % 256 in C:\Users\Pablo\Documents\GitHub\nine-screen-canvas-flow\vendor\phpseclib\phpseclib\phpseclib\Math\BigInteger\Engines\BCMath.php on line 157
[13-Mar-2026 13:25:30 UTC] PHP Deprecated:  chr(): Providing a value not in-between 0 and 255 is deprecated, this is because a byte value must be in the [0, 255] interval. The value used will be constrained using % 256 in C:\Users\Pablo\Documents\GitHub\nine-screen-canvas-flow\vendor\phpseclib\phpseclib\phpseclib\Math\BigInteger\Engines\BCMath.php on line 157
[13-Mar-2026 13:25:30 UTC] PHP Deprecated:  chr(): Providing a value not in-between 0 and 255 is deprecated, this is because a byte value must be in the [0, 255] interval. The value used will be constrained using % 256 in C:\Users\Pablo\Documents\GitHub\nine-screen-canvas-flow\vendor\phpseclib\phpseclib\phpseclib\Math\BigInteger\Engines\BCMath.php on line 157
[13-Mar-2026 13:25:30 UTC] PHP Deprecated:  chr(): Providing a value not in-between 0 and 255 is deprecated, this is because a byte value must be in the [0, 255] interval. The value used will be constrained using % 256 in C:\Users\Pablo\Documents\GitHub\nine-screen-canvas-flow\vendor\phpseclib\phpseclib\phpseclib\Math\BigInteger\Engines\BCMath.php on line 157
[13-Mar-2026 13:25:30 UTC] PHP Deprecated:  chr(): Providing a value not in-between 0 and 255 is deprecated, this is because a byte value must be in the [0, 255] interval. The value used will be constrained using % 256 in C:\Users\Pablo\Documents\GitHub\nine-screen-canvas-flow\vendor\phpseclib\phpseclib\phpseclib\Math\BigInteger\Engines\BCMath.php on line 157
[13-Mar-2026 13:25:30 UTC] PHP Deprecated:  chr(): Providing a value not in-between 0 and 255 is deprecated, this is because a byte value must be in the [0, 255] interval. The value used will be constrained using % 256 in C:\Users\Pablo\Documents\GitHub\nine-screen-canvas-flow\vendor\phpseclib\phpseclib\phpseclib\Math\BigInteger\Engines\BCMath.php on line 157
[13-Mar-2026 13:25:30 UTC] PHP Deprecated:  chr(): Providing a value not in-between 0 and 255 is deprecated, this is because a byte value must be in the [0, 255] interval. The value used will be constrained using % 256 in C:\Users\Pablo\Documents\GitHub\nine-screen-canvas-flow\vendor\phpseclib\phpseclib\phpseclib\Math\BigInteger\Engines\BCMath.php on line 157
[13-Mar-2026 13:25:30 UTC] PHP Deprecated:  chr(): Providing a value not in-between 0 and 255 is deprecated, this is because a byte value must be in the [0, 255] interval. The value used will be constrained using % 256 in C:\Users\Pablo\Documents\GitHub\nine-screen-canvas-flow\vendor\phpseclib\phpseclib\phpseclib\Math\BigInteger\Engines\BCMath.php on line 157
[13-Mar-2026 13:25:30 UTC] PHP Deprecated:  chr(): Providing a value not in-between 0 and 255 is deprecated, this is because a byte value must be in the [0, 255] interval. The value used will be constrained using % 256 in C:\Users\Pablo\Documents\GitHub\nine-screen-canvas-flow\vendor\phpseclib\phpseclib\phpseclib\Math\BigInteger\Engines\BCMath.php on line 157
[13-Mar-2026 13:25:30 UTC] PHP Deprecated:  chr(): Providing a value not in-between 0 and 255 is deprecated, this is because a byte value must be in the [0, 255] interval. The value used will be constrained using % 256 in C:\Users\Pablo\Documents\GitHub\nine-screen-canvas-flow\vendor\phpseclib\phpseclib\phpseclib\Math\BigInteger\Engines\BCMath.php on line 157
[13-Mar-2026 13:25:30 UTC] PHP Deprecated:  chr(): Providing a value not in-between 0 and 255 is deprecated, this is because a byte value must be in the [0, 255] interval. The value used will be constrained using % 256 in C:\Users\Pablo\Documents\GitHub\nine-screen-canvas-flow\vendor\phpseclib\phpseclib\phpseclib\Math\BigInteger\Engines\BCMath.php on line 157
[13-Mar-2026 13:25:30 UTC] PHP Deprecated:  chr(): Providing a value not in-between 0 and 255 is deprecated, this is because a byte value must be in the [0, 255] interval. The value used will be constrained using % 256 in C:\Users\Pablo\Documents\GitHub\nine-screen-canvas-flow\vendor\phpseclib\phpseclib\phpseclib\Math\BigInteger\Engines\BCMath.php on line 157
[13-Mar-2026 13:25:30 UTC] PHP Deprecated:  chr(): Providing a value not in-between 0 and 255 is deprecated, this is because a byte value must be in the [0, 255] interval. The value used will be constrained using % 256 in C:\Users\Pablo\Documents\GitHub\nine-screen-canvas-flow\vendor\phpseclib\phpseclib\phpseclib\Math\BigInteger\Engines\BCMath.php on line 157
[13-Mar-2026 13:25:30 UTC] PHP Deprecated:  chr(): Providing a value not in-between 0 and 255 is deprecated, this is because a byte value must be in the [0, 255] interval. The value used will be constrained using % 256 in C:\Users\Pablo\Documents\GitHub\nine-screen-canvas-flow\vendor\phpseclib\phpseclib\phpseclib\Math\BigInteger\Engines\BCMath.php on line 157
[13-Mar-2026 13:25:30 UTC] PHP Deprecated:  chr(): Providing a value not in-between 0 and 255 is deprecated, this is because a byte value must be in the [0, 255] interval. The value used will be constrained using % 256 in C:\Users\Pablo\Documents\GitHub\nine-screen-canvas-flow\vendor\phpseclib\phpseclib\phpseclib\Math\BigInteger\Engines\BCMath.php on line 157
[13-Mar-2026 13:25:30 UTC] PHP Deprecated:  chr(): Providing a value not in-between 0 and 255 is deprecated, this is because a byte value must be in the [0, 255] interval. The value used will be constrained using % 256 in C:\Users\Pablo\Documents\GitHub\nine-screen-canvas-flow\vendor\phpseclib\phpseclib\phpseclib\Math\BigInteger\Engines\BCMath.php on line 157
[13-Mar-2026 13:25:30 UTC] PHP Deprecated:  chr(): Providing a value not in-between 0 and 255 is deprecated, this is because a byte value must be in the [0, 255] interval. The value used will be constrained using % 256 in C:\Users\Pablo\Documents\GitHub\nine-screen-canvas-flow\vendor\phpseclib\phpseclib\phpseclib\Math\BigInteger\Engines\BCMath.php on line 157
[13-Mar-2026 13:25:30 UTC] PHP Deprecated:  chr(): Providing a value not in-between 0 and 255 is deprecated, this is because a byte value must be in the [0, 255] interval. The value used will be constrained using % 256 in C:\Users\Pablo\Documents\GitHub\nine-screen-canvas-flow\vendor\phpseclib\phpseclib\phpseclib\Math\BigInteger\Engines\BCMath.php on line 157
[13-Mar-2026 13:25:30 UTC] PHP Deprecated:  chr(): Providing a value not in-between 0 and 255 is deprecated, this is because a byte value must be in the [0, 255] interval. The value used will be constrained using % 256 in C:\Users\Pablo\Documents\GitHub\nine-screen-canvas-flow\vendor\phpseclib\phpseclib\phpseclib\Math\BigInteger\Engines\BCMath.php on line 157
[13-Mar-2026 13:25:30 UTC] PHP Deprecated:  chr(): Providing a value not in-between 0 and 255 is deprecated, this is because a byte value must be in the [0, 255] interval. The value used will be constrained using % 256 in C:\Users\Pablo\Documents\GitHub\nine-screen-canvas-flow\vendor\phpseclib\phpseclib\phpseclib\Math\BigInteger\Engines\BCMath.php on line 157
[13-Mar-2026 13:25:30 UTC] PHP Deprecated:  chr(): Providing a value not in-between 0 and 255 is deprecated, this is because a byte value must be in the [0, 255] interval. The value used will be constrained using % 256 in C:\Users\Pablo\Documents\GitHub\nine-screen-canvas-flow\vendor\phpseclib\phpseclib\phpseclib\Math\BigInteger\Engines\BCMath.php on line 157
[13-Mar-2026 13:25:30 UTC] PHP Deprecated:  chr(): Providing a value not in-between 0 and 255 is deprecated, this is because a byte value must be in the [0, 255] interval. The value used will be constrained using % 256 in C:\Users\Pablo\Documents\GitHub\nine-screen-canvas-flow\vendor\phpseclib\phpseclib\phpseclib\Math\BigInteger\Engines\BCMath.php on line 157
[13-Mar-2026 13:25:30 UTC] PHP Deprecated:  chr(): Providing a value not in-between 0 and 255 is deprecated, this is because a byte value must be in the [0, 255] interval. The value used will be constrained using % 256 in C:\Users\Pablo\Documents\GitHub\nine-screen-canvas-flow\vendor\phpseclib\phpseclib\phpseclib\Math\BigInteger\Engines\BCMath.php on line 157
[13-Mar-2026 13:25:30 UTC] PHP Deprecated:  chr(): Providing a value not in-between 0 and 255 is deprecated, this is because a byte value must be in the [0, 255] interval. The value used will be constrained using % 256 in C:\Users\Pablo\Documents\GitHub\nine-screen-canvas-flow\vendor\phpseclib\phpseclib\phpseclib\Math\BigInteger\Engines\BCMath.php on line 157
[13-Mar-2026 13:25:30 UTC] PHP Deprecated:  chr(): Providing a value not in-between 0 and 255 is deprecated, this is because a byte value must be in the [0, 255] interval. The value used will be constrained using % 256 in C:\Users\Pablo\Documents\GitHub\nine-screen-canvas-flow\vendor\phpseclib\phpseclib\phpseclib\Math\BigInteger\Engines\BCMath.php on line 157
[13-Mar-2026 13:25:30 UTC] PHP Deprecated:  chr(): Providing a value not in-between 0 and 255 is deprecated, this is because a byte value must be in the [0, 255] interval. The value used will be constrained using % 256 in C:\Users\Pablo\Documents\GitHub\nine-screen-canvas-flow\vendor\phpseclib\phpseclib\phpseclib\Math\BigInteger\Engines\BCMath.php on line 157
[13-Mar-2026 13:25:30 UTC] PHP Deprecated:  chr(): Providing a value not in-between 0 and 255 is deprecated, this is because a byte value must be in the [0, 255] interval. The value used will be constrained using % 256 in C:\Users\Pablo\Documents\GitHub\nine-screen-canvas-flow\vendor\phpseclib\phpseclib\phpseclib\Math\BigInteger\Engines\BCMath.php on line 157
[13-Mar-2026 13:25:31 UTC] PHP Deprecated:  chr(): Providing a value not in-between 0 and 255 is deprecated, this is because a byte value must be in the [0, 255] interval. The value used will be constrained using % 256 in C:\Users\Pablo\Documents\GitHub\nine-screen-canvas-flow\vendor\phpseclib\phpseclib\phpseclib\Math\BigInteger\Engines\BCMath.php on line 157
[13-Mar-2026 13:25:31 UTC] PHP Deprecated:  chr(): Providing a value not in-between 0 and 255 is deprecated, this is because a byte value must be in the [0, 255] interval. The value used will be constrained using % 256 in C:\Users\Pablo\Documents\GitHub\nine-screen-canvas-flow\vendor\phpseclib\phpseclib\phpseclib\Math\BigInteger\Engines\BCMath.php on line 157
[13-Mar-2026 13:25:31 UTC] PHP Deprecated:  chr(): Providing a value not in-between 0 and 255 is deprecated, this is because a byte value must be in the [0, 255] interval. The value used will be constrained using % 256 in C:\Users\Pablo\Documents\GitHub\nine-screen-canvas-flow\vendor\phpseclib\phpseclib\phpseclib\Math\BigInteger\Engines\BCMath.php on line 157
[13-Mar-2026 13:25:31 UTC] PHP Deprecated:  chr(): Providing a value not in-between 0 and 255 is deprecated, this is because a byte value must be in the [0, 255] interval. The value used will be constrained using % 256 in C:\Users\Pablo\Documents\GitHub\nine-screen-canvas-flow\vendor\phpseclib\phpseclib\phpseclib\Math\BigInteger\Engines\BCMath.php on line 157
[13-Mar-2026 13:25:31 UTC] PHP Deprecated:  chr(): Providing a value not in-between 0 and 255 is deprecated, this is because a byte value must be in the [0, 255] interval. The value used will be constrained using % 256 in C:\Users\Pablo\Documents\GitHub\nine-screen-canvas-flow\vendor\phpseclib\phpseclib\phpseclib\Math\BigInteger\Engines\BCMath.php on line 157
[13-Mar-2026 13:25:31 UTC] PHP Deprecated:  chr(): Providing a value not in-between 0 and 255 is deprecated, this is because a byte value must be in the [0, 255] interval. The value used will be constrained using % 256 in C:\Users\Pablo\Documents\GitHub\nine-screen-canvas-flow\vendor\phpseclib\phpseclib\phpseclib\Math\BigInteger\Engines\BCMath.php on line 157
[13-Mar-2026 13:25:31 UTC] PHP Deprecated:  chr(): Providing a value not in-between 0 and 255 is deprecated, this is because a byte value must be in the [0, 255] interval. The value used will be constrained using % 256 in C:\Users\Pablo\Documents\GitHub\nine-screen-canvas-flow\vendor\phpseclib\phpseclib\phpseclib\Math\BigInteger\Engines\BCMath.php on line 157
[13-Mar-2026 13:25:31 UTC] PHP Deprecated:  chr(): Providing a value not in-between 0 and 255 is deprecated, this is because a byte value must be in the [0, 255] interval. The value used will be constrained using % 256 in C:\Users\Pablo\Documents\GitHub\nine-screen-canvas-flow\vendor\phpseclib\phpseclib\phpseclib\Math\BigInteger\Engines\BCMath.php on line 157
[13-Mar-2026 13:25:31 UTC] PHP Deprecated:  chr(): Providing a value not in-between 0 and 255 is deprecated, this is because a byte value must be in the [0, 255] interval. The value used will be constrained using % 256 in C:\Users\Pablo\Documents\GitHub\nine-screen-canvas-flow\vendor\phpseclib\phpseclib\phpseclib\Math\BigInteger\Engines\BCMath.php on line 157
[13-Mar-2026 13:25:31 UTC] PHP Deprecated:  chr(): Providing a value not in-between 0 and 255 is deprecated, this is because a byte value must be in the [0, 255] interval. The value used will be constrained using % 256 in C:\Users\Pablo\Documents\GitHub\nine-screen-canvas-flow\vendor\phpseclib\phpseclib\phpseclib\Math\BigInteger\Engines\BCMath.php on line 157
[13-Mar-2026 13:25:31 UTC] PHP Deprecated:  chr(): Providing a value not in-between 0 and 255 is deprecated, this is because a byte value must be in the [0, 255] interval. The value used will be constrained using % 256 in C:\Users\Pablo\Documents\GitHub\nine-screen-canvas-flow\vendor\phpseclib\phpseclib\phpseclib\Math\BigInteger\Engines\BCMath.php on line 157
[13-Mar-2026 13:25:31 UTC] PHP Deprecated:  chr(): Providing a value not in-between 0 and 255 is deprecated, this is because a byte value must be in the [0, 255] interval. The value used will be constrained using % 256 in C:\Users\Pablo\Documents\GitHub\nine-screen-canvas-flow\vendor\phpseclib\phpseclib\phpseclib\Math\BigInteger\Engines\BCMath.php on line 157
[13-Mar-2026 13:25:31 UTC] PHP Deprecated:  chr(): Providing a value not in-between 0 and 255 is deprecated, this is because a byte value must be in the [0, 255] interval. The value used will be constrained using % 256 in C:\Users\Pablo\Documents\GitHub\nine-screen-canvas-flow\vendor\phpseclib\phpseclib\phpseclib\Math\BigInteger\Engines\BCMath.php on line 157
[13-Mar-2026 13:25:31 UTC] PHP Deprecated:  chr(): Providing a value not in-between 0 and 255 is deprecated, this is because a byte value must be in the [0, 255] interval. The value used will be constrained using % 256 in C:\Users\Pablo\Documents\GitHub\nine-screen-canvas-flow\vendor\phpseclib\phpseclib\phpseclib\Math\BigInteger\Engines\BCMath.php on line 157
[13-Mar-2026 13:25:31 UTC] PHP Deprecated:  chr(): Providing a value not in-between 0 and 255 is deprecated, this is because a byte value must be in the [0, 255] interval. The value used will be constrained using % 256 in C:\Users\Pablo\Documents\GitHub\nine-screen-canvas-flow\vendor\phpseclib\phpseclib\phpseclib\Math\BigInteger\Engines\BCMath.php on line 157
[13-Mar-2026 13:25:31 UTC] PHP Deprecated:  chr(): Providing a value not in-between 0 and 255 is deprecated, this is because a byte value must be in the [0, 255] interval. The value used will be constrained using % 256 in C:\Users\Pablo\Documents\GitHub\nine-screen-canvas-flow\vendor\phpseclib\phpseclib\phpseclib\Math\BigInteger\Engines\BCMath.php on line 157
[13-Mar-2026 13:25:31 UTC] PHP Deprecated:  chr(): Providing a value not in-between 0 and 255 is deprecated, this is because a byte value must be in the [0, 255] interval. The value used will be constrained using % 256 in C:\Users\Pablo\Documents\GitHub\nine-screen-canvas-flow\vendor\phpseclib\phpseclib\phpseclib\Math\BigInteger\Engines\BCMath.php on line 157
[13-Mar-2026 13:25:31 UTC] PHP Deprecated:  chr(): Providing a value not in-between 0 and 255 is deprecated, this is because a byte value must be in the [0, 255] interval. The value used will be constrained using % 256 in C:\Users\Pablo\Documents\GitHub\nine-screen-canvas-flow\vendor\phpseclib\phpseclib\phpseclib\Math\BigInteger\Engines\BCMath.php on line 157
[13-Mar-2026 13:25:31 UTC] PHP Deprecated:  chr(): Providing a value not in-between 0 and 255 is deprecated, this is because a byte value must be in the [0, 255] interval. The value used will be constrained using % 256 in C:\Users\Pablo\Documents\GitHub\nine-screen-canvas-flow\vendor\phpseclib\phpseclib\phpseclib\Math\BigInteger\Engines\BCMath.php on line 157
[13-Mar-2026 13:25:31 UTC] PHP Deprecated:  chr(): Providing a value not in-between 0 and 255 is deprecated, this is because a byte value must be in the [0, 255] interval. The value used will be constrained using % 256 in C:\Users\Pablo\Documents\GitHub\nine-screen-canvas-flow\vendor\phpseclib\phpseclib\phpseclib\Math\BigInteger\Engines\BCMath.php on line 157
[13-Mar-2026 13:25:31 UTC] PHP Deprecated:  chr(): Providing a value not in-between 0 and 255 is deprecated, this is because a byte value must be in the [0, 255] interval. The value used will be constrained using % 256 in C:\Users\Pablo\Documents\GitHub\nine-screen-canvas-flow\vendor\phpseclib\phpseclib\phpseclib\Math\BigInteger\Engines\BCMath.php on line 157
[13-Mar-2026 13:25:31 UTC] PHP Deprecated:  chr(): Providing a value not in-between 0 and 255 is deprecated, this is because a byte value must be in the [0, 255] interval. The value used will be constrained using % 256 in C:\Users\Pablo\Documents\GitHub\nine-screen-canvas-flow\vendor\phpseclib\phpseclib\phpseclib\Math\BigInteger\Engines\BCMath.php on line 157
[13-Mar-2026 13:25:31 UTC] PHP Deprecated:  chr(): Providing a value not in-between 0 and 255 is deprecated, this is because a byte value must be in the [0, 255] interval. The value used will be constrained using % 256 in C:\Users\Pablo\Documents\GitHub\nine-screen-canvas-flow\vendor\phpseclib\phpseclib\phpseclib\Math\BigInteger\Engines\BCMath.php on line 157
[13-Mar-2026 13:25:31 UTC] PHP Deprecated:  chr(): Providing a value not in-between 0 and 255 is deprecated, this is because a byte value must be in the [0, 255] interval. The value used will be constrained using % 256 in C:\Users\Pablo\Documents\GitHub\nine-screen-canvas-flow\vendor\phpseclib\phpseclib\phpseclib\Math\BigInteger\Engines\BCMath.php on line 157
[13-Mar-2026 13:25:31 UTC] PHP Deprecated:  chr(): Providing a value not in-between 0 and 255 is deprecated, this is because a byte value must be in the [0, 255] interval. The value used will be constrained using % 256 in C:\Users\Pablo\Documents\GitHub\nine-screen-canvas-flow\vendor\phpseclib\phpseclib\phpseclib\Math\BigInteger\Engines\BCMath.php on line 157
[13-Mar-2026 13:25:31 UTC] PHP Deprecated:  chr(): Providing a value not in-between 0 and 255 is deprecated, this is because a byte value must be in the [0, 255] interval. The value used will be constrained using % 256 in C:\Users\Pablo\Documents\GitHub\nine-screen-canvas-flow\vendor\phpseclib\phpseclib\phpseclib\Math\BigInteger\Engines\BCMath.php on line 157
[13-Mar-2026 13:25:31 UTC] PHP Deprecated:  chr(): Providing a value not in-between 0 and 255 is deprecated, this is because a byte value must be in the [0, 255] interval. The value used will be constrained using % 256 in C:\Users\Pablo\Documents\GitHub\nine-screen-canvas-flow\vendor\phpseclib\phpseclib\phpseclib\Math\BigInteger\Engines\BCMath.php on line 157
[13-Mar-2026 13:25:31 UTC] PHP Deprecated:  chr(): Providing a value not in-between 0 and 255 is deprecated, this is because a byte value must be in the [0, 255] interval. The value used will be constrained using % 256 in C:\Users\Pablo\Documents\GitHub\nine-screen-canvas-flow\vendor\phpseclib\phpseclib\phpseclib\Math\BigInteger\Engines\BCMath.php on line 157
[13-Mar-2026 13:25:31 UTC] PHP Deprecated:  chr(): Providing a value not in-between 0 and 255 is deprecated, this is because a byte value must be in the [0, 255] interval. The value used will be constrained using % 256 in C:\Users\Pablo\Documents\GitHub\nine-screen-canvas-flow\vendor\phpseclib\phpseclib\phpseclib\Math\BigInteger\Engines\BCMath.php on line 157
[13-Mar-2026 13:25:31 UTC] PHP Deprecated:  chr(): Providing a value not in-between 0 and 255 is deprecated, this is because a byte value must be in the [0, 255] interval. The value used will be constrained using % 256 in C:\Users\Pablo\Documents\GitHub\nine-screen-canvas-flow\vendor\phpseclib\phpseclib\phpseclib\Math\BigInteger\Engines\BCMath.php on line 157
[13-Mar-2026 13:25:31 UTC] PHP Deprecated:  chr(): Providing a value not in-between 0 and 255 is deprecated, this is because a byte value must be in the [0, 255] interval. The value used will be constrained using % 256 in C:\Users\Pablo\Documents\GitHub\nine-screen-canvas-flow\vendor\phpseclib\phpseclib\phpseclib\Math\BigInteger\Engines\BCMath.php on line 157
[13-Mar-2026 13:25:31 UTC] PHP Deprecated:  chr(): Providing a value not in-between 0 and 255 is deprecated, this is because a byte value must be in the [0, 255] interval. The value used will be constrained using % 256 in C:\Users\Pablo\Documents\GitHub\nine-screen-canvas-flow\vendor\phpseclib\phpseclib\phpseclib\Math\BigInteger\Engines\BCMath.php on line 157
[13-Mar-2026 13:25:31 UTC] PHP Deprecated:  chr(): Providing a value not in-between 0 and 255 is deprecated, this is because a byte value must be in the [0, 255] interval. The value used will be constrained using % 256 in C:\Users\Pablo\Documents\GitHub\nine-screen-canvas-flow\vendor\phpseclib\phpseclib\phpseclib\Math\BigInteger\Engines\BCMath.php on line 157
[13-Mar-2026 13:25:31 UTC] PHP Deprecated:  chr(): Providing a value not in-between 0 and 255 is deprecated, this is because a byte value must be in the [0, 255] interval. The value used will be constrained using % 256 in C:\Users\Pablo\Documents\GitHub\nine-screen-canvas-flow\vendor\phpseclib\phpseclib\phpseclib\Math\BigInteger\Engines\BCMath.php on line 157
[13-Mar-2026 13:25:31 UTC] PHP Deprecated:  chr(): Providing a value not in-between 0 and 255 is deprecated, this is because a byte value must be in the [0, 255] interval. The value used will be constrained using % 256 in C:\Users\Pablo\Documents\GitHub\nine-screen-canvas-flow\vendor\phpseclib\phpseclib\phpseclib\Math\BigInteger\Engines\BCMath.php on line 157
[13-Mar-2026 13:25:31 UTC] PHP Deprecated:  chr(): Providing a value not in-between 0 and 255 is deprecated, this is because a byte value must be in the [0, 255] interval. The value used will be constrained using % 256 in C:\Users\Pablo\Documents\GitHub\nine-screen-canvas-flow\vendor\phpseclib\phpseclib\phpseclib\Math\BigInteger\Engines\BCMath.php on line 157
[13-Mar-2026 13:25:31 UTC] PHP Deprecated:  chr(): Providing a value not in-between 0 and 255 is deprecated, this is because a byte value must be in the [0, 255] interval. The value used will be constrained using % 256 in C:\Users\Pablo\Documents\GitHub\nine-screen-canvas-flow\vendor\phpseclib\phpseclib\phpseclib\Math\BigInteger\Engines\BCMath.php on line 157
[13-Mar-2026 13:25:31 UTC] PHP Deprecated:  chr(): Providing a value not in-between 0 and 255 is deprecated, this is because a byte value must be in the [0, 255] interval. The value used will be constrained using % 256 in C:\Users\Pablo\Documents\GitHub\nine-screen-canvas-flow\vendor\phpseclib\phpseclib\phpseclib\Math\BigInteger\Engines\BCMath.php on line 157
[13-Mar-2026 13:25:31 UTC] PHP Deprecated:  chr(): Providing a value not in-between 0 and 255 is deprecated, this is because a byte value must be in the [0, 255] interval. The value used will be constrained using % 256 in C:\Users\Pablo\Documents\GitHub\nine-screen-canvas-flow\vendor\phpseclib\phpseclib\phpseclib\Math\BigInteger\Engines\BCMath.php on line 157
[13-Mar-2026 13:25:31 UTC] PHP Deprecated:  chr(): Providing a value not in-between 0 and 255 is deprecated, this is because a byte value must be in the [0, 255] interval. The value used will be constrained using % 256 in C:\Users\Pablo\Documents\GitHub\nine-screen-canvas-flow\vendor\phpseclib\phpseclib\phpseclib\Math\BigInteger\Engines\BCMath.php on line 157
[13-Mar-2026 13:25:31 UTC] PHP Deprecated:  chr(): Providing a value not in-between 0 and 255 is deprecated, this is because a byte value must be in the [0, 255] interval. The value used will be constrained using % 256 in C:\Users\Pablo\Documents\GitHub\nine-screen-canvas-flow\vendor\phpseclib\phpseclib\phpseclib\Math\BigInteger\Engines\BCMath.php on line 157
[13-Mar-2026 13:25:31 UTC] PHP Deprecated:  chr(): Providing a value not in-between 0 and 255 is deprecated, this is because a byte value must be in the [0, 255] interval. The value used will be constrained using % 256 in C:\Users\Pablo\Documents\GitHub\nine-screen-canvas-flow\vendor\phpseclib\phpseclib\phpseclib\Math\BigInteger\Engines\BCMath.php on line 157
[13-Mar-2026 13:25:31 UTC] PHP Deprecated:  chr(): Providing a value not in-between 0 and 255 is deprecated, this is because a byte value must be in the [0, 255] interval. The value used will be constrained using % 256 in C:\Users\Pablo\Documents\GitHub\nine-screen-canvas-flow\vendor\phpseclib\phpseclib\phpseclib\Math\BigInteger\Engines\BCMath.php on line 157
[13-Mar-2026 13:25:31 UTC] PHP Deprecated:  chr(): Providing a value not in-between 0 and 255 is deprecated, this is because a byte value must be in the [0, 255] interval. The value used will be constrained using % 256 in C:\Users\Pablo\Documents\GitHub\nine-screen-canvas-flow\vendor\phpseclib\phpseclib\phpseclib\Math\BigInteger\Engines\BCMath.php on line 157
[13-Mar-2026 13:25:31 UTC] PHP Deprecated:  chr(): Providing a value not in-between 0 and 255 is deprecated, this is because a byte value must be in the [0, 255] interval. The value used will be constrained using % 256 in C:\Users\Pablo\Documents\GitHub\nine-screen-canvas-flow\vendor\phpseclib\phpseclib\phpseclib\Math\BigInteger\Engines\BCMath.php on line 157
[13-Mar-2026 13:25:31 UTC] PHP Deprecated:  chr(): Providing a value not in-between 0 and 255 is deprecated, this is because a byte value must be in the [0, 255] interval. The value used will be constrained using % 256 in C:\Users\Pablo\Documents\GitHub\nine-screen-canvas-flow\vendor\phpseclib\phpseclib\phpseclib\Math\BigInteger\Engines\BCMath.php on line 157
[13-Mar-2026 13:25:31 UTC] PHP Deprecated:  chr(): Providing a value not in-between 0 and 255 is deprecated, this is because a byte value must be in the [0, 255] interval. The value used will be constrained using % 256 in C:\Users\Pablo\Documents\GitHub\nine-screen-canvas-flow\vendor\phpseclib\phpseclib\phpseclib\Math\BigInteger\Engines\BCMath.php on line 157
[13-Mar-2026 13:25:31 UTC] PHP Deprecated:  chr(): Providing a value not in-between 0 and 255 is deprecated, this is because a byte value must be in the [0, 255] interval. The value used will be constrained using % 256 in C:\Users\Pablo\Documents\GitHub\nine-screen-canvas-flow\vendor\phpseclib\phpseclib\phpseclib\Math\BigInteger\Engines\BCMath.php on line 157
[13-Mar-2026 13:25:31 UTC] PHP Deprecated:  chr(): Providing a value not in-between 0 and 255 is deprecated, this is because a byte value must be in the [0, 255] interval. The value used will be constrained using % 256 in C:\Users\Pablo\Documents\GitHub\nine-screen-canvas-flow\vendor\phpseclib\phpseclib\phpseclib\Math\BigInteger\Engines\BCMath.php on line 157
[13-Mar-2026 13:25:31 UTC] PHP Deprecated:  chr(): Providing a value not in-between 0 and 255 is deprecated, this is because a byte value must be in the [0, 255] interval. The value used will be constrained using % 256 in C:\Users\Pablo\Documents\GitHub\nine-screen-canvas-flow\vendor\phpseclib\phpseclib\phpseclib\Math\BigInteger\Engines\BCMath.php on line 157
[13-Mar-2026 13:25:31 UTC] PHP Deprecated:  chr(): Providing a value not in-between 0 and 255 is deprecated, this is because a byte value must be in the [0, 255] interval. The value used will be constrained using % 256 in C:\Users\Pablo\Documents\GitHub\nine-screen-canvas-flow\vendor\phpseclib\phpseclib\phpseclib\Math\BigInteger\Engines\BCMath.php on line 157
[13-Mar-2026 13:25:31 UTC] PHP Deprecated:  chr(): Providing a value not in-between 0 and 255 is deprecated, this is because a byte value must be in the [0, 255] interval. The value used will be constrained using % 256 in C:\Users\Pablo\Documents\GitHub\nine-screen-canvas-flow\vendor\phpseclib\phpseclib\phpseclib\Math\BigInteger\Engines\BCMath.php on line 157
[13-Mar-2026 13:25:31 UTC] PHP Deprecated:  chr(): Providing a value not in-between 0 and 255 is deprecated, this is because a byte value must be in the [0, 255] interval. The value used will be constrained using % 256 in C:\Users\Pablo\Documents\GitHub\nine-screen-canvas-flow\vendor\phpseclib\phpseclib\phpseclib\Math\BigInteger\Engines\BCMath.php on line 157
[13-Mar-2026 13:25:31 UTC] PHP Deprecated:  chr(): Providing a value not in-between 0 and 255 is deprecated, this is because a byte value must be in the [0, 255] interval. The value used will be constrained using % 256 in C:\Users\Pablo\Documents\GitHub\nine-screen-canvas-flow\vendor\phpseclib\phpseclib\phpseclib\Math\BigInteger\Engines\BCMath.php on line 157
[13-Mar-2026 13:25:31 UTC] PHP Deprecated:  chr(): Providing a value not in-between 0 and 255 is deprecated, this is because a byte value must be in the [0, 255] interval. The value used will be constrained using % 256 in C:\Users\Pablo\Documents\GitHub\nine-screen-canvas-flow\vendor\phpseclib\phpseclib\phpseclib\Math\BigInteger\Engines\BCMath.php on line 157
[13-Mar-2026 13:25:31 UTC] PHP Deprecated:  chr(): Providing a value not in-between 0 and 255 is deprecated, this is because a byte value must be in the [0, 255] interval. The value used will be constrained using % 256 in C:\Users\Pablo\Documents\GitHub\nine-screen-canvas-flow\vendor\phpseclib\phpseclib\phpseclib\Math\BigInteger\Engines\BCMath.php on line 157
[13-Mar-2026 13:25:31 UTC] PHP Deprecated:  chr(): Providing a value not in-between 0 and 255 is deprecated, this is because a byte value must be in the [0, 255] interval. The value used will be constrained using % 256 in C:\Users\Pablo\Documents\GitHub\nine-screen-canvas-flow\vendor\phpseclib\phpseclib\phpseclib\Math\BigInteger\Engines\BCMath.php on line 157
[13-Mar-2026 13:25:31 UTC] PHP Deprecated:  chr(): Providing a value not in-between 0 and 255 is deprecated, this is because a byte value must be in the [0, 255] interval. The value used will be constrained using % 256 in C:\Users\Pablo\Documents\GitHub\nine-screen-canvas-flow\vendor\phpseclib\phpseclib\phpseclib\Math\BigInteger\Engines\BCMath.php on line 157
[13-Mar-2026 13:25:31 UTC] PHP Deprecated:  chr(): Providing a value not in-between 0 and 255 is deprecated, this is because a byte value must be in the [0, 255] interval. The value used will be constrained using % 256 in C:\Users\Pablo\Documents\GitHub\nine-screen-canvas-flow\vendor\phpseclib\phpseclib\phpseclib\Math\BigInteger\Engines\BCMath.php on line 157
[13-Mar-2026 13:25:31 UTC] PHP Deprecated:  chr(): Providing a value not in-between 0 and 255 is deprecated, this is because a byte value must be in the [0, 255] interval. The value used will be constrained using % 256 in C:\Users\Pablo\Documents\GitHub\nine-screen-canvas-flow\vendor\phpseclib\phpseclib\phpseclib\Math\BigInteger\Engines\BCMath.php on line 157
[13-Mar-2026 13:25:31 UTC] PHP Deprecated:  chr(): Providing a value not in-between 0 and 255 is deprecated, this is because a byte value must be in the [0, 255] interval. The value used will be constrained using % 256 in C:\Users\Pablo\Documents\GitHub\nine-screen-canvas-flow\vendor\phpseclib\phpseclib\phpseclib\Math\BigInteger\Engines\BCMath.php on line 157
[13-Mar-2026 13:25:31 UTC] PHP Deprecated:  chr(): Providing a value not in-between 0 and 255 is deprecated, this is because a byte value must be in the [0, 255] interval. The value used will be constrained using % 256 in C:\Users\Pablo\Documents\GitHub\nine-screen-canvas-flow\vendor\phpseclib\phpseclib\phpseclib\Math\BigInteger\Engines\BCMath.php on line 157
[13-Mar-2026 13:25:31 UTC] PHP Deprecated:  chr(): Providing a value not in-between 0 and 255 is deprecated, this is because a byte value must be in the [0, 255] interval. The value used will be constrained using % 256 in C:\Users\Pablo\Documents\GitHub\nine-screen-canvas-flow\vendor\phpseclib\phpseclib\phpseclib\Math\BigInteger\Engines\BCMath.php on line 157
[13-Mar-2026 13:25:31 UTC] PHP Deprecated:  chr(): Providing a value not in-between 0 and 255 is deprecated, this is because a byte value must be in the [0, 255] interval. The value used will be constrained using % 256 in C:\Users\Pablo\Documents\GitHub\nine-screen-canvas-flow\vendor\phpseclib\phpseclib\phpseclib\Math\BigInteger\Engines\BCMath.php on line 157
[13-Mar-2026 13:25:31 UTC] PHP Deprecated:  chr(): Providing a value not in-between 0 and 255 is deprecated, this is because a byte value must be in the [0, 255] interval. The value used will be constrained using % 256 in C:\Users\Pablo\Documents\GitHub\nine-screen-canvas-flow\vendor\phpseclib\phpseclib\phpseclib\Math\BigInteger\Engines\BCMath.php on line 157
[13-Mar-2026 13:25:31 UTC] PHP Deprecated:  chr(): Providing a value not in-between 0 and 255 is deprecated, this is because a byte value must be in the [0, 255] interval. The value used will be constrained using % 256 in C:\Users\Pablo\Documents\GitHub\nine-screen-canvas-flow\vendor\phpseclib\phpseclib\phpseclib\Math\BigInteger\Engines\BCMath.php on line 157
[13-Mar-2026 13:25:31 UTC] PHP Deprecated:  chr(): Providing a value not in-between 0 and 255 is deprecated, this is because a byte value must be in the [0, 255] interval. The value used will be constrained using % 256 in C:\Users\Pablo\Documents\GitHub\nine-screen-canvas-flow\vendor\phpseclib\phpseclib\phpseclib\Math\BigInteger\Engines\BCMath.php on line 157
[13-Mar-2026 13:25:31 UTC] PHP Deprecated:  chr(): Providing a value not in-between 0 and 255 is deprecated, this is because a byte value must be in the [0, 255] interval. The value used will be constrained using % 256 in C:\Users\Pablo\Documents\GitHub\nine-screen-canvas-flow\vendor\phpseclib\phpseclib\phpseclib\Math\BigInteger\Engines\BCMath.php on line 157
[13-Mar-2026 13:25:31 UTC] PHP Deprecated:  chr(): Providing a value not in-between 0 and 255 is deprecated, this is because a byte value must be in the [0, 255] interval. The value used will be constrained using % 256 in C:\Users\Pablo\Documents\GitHub\nine-screen-canvas-flow\vendor\phpseclib\phpseclib\phpseclib\Math\BigInteger\Engines\BCMath.php on line 157
[13-Mar-2026 13:25:31 UTC] PHP Deprecated:  chr(): Providing a value not in-between 0 and 255 is deprecated, this is because a byte value must be in the [0, 255] interval. The value used will be constrained using % 256 in C:\Users\Pablo\Documents\GitHub\nine-screen-canvas-flow\vendor\phpseclib\phpseclib\phpseclib\Math\BigInteger\Engines\BCMath.php on line 157
[13-Mar-2026 13:25:31 UTC] PHP Deprecated:  chr(): Providing a value not in-between 0 and 255 is deprecated, this is because a byte value must be in the [0, 255] interval. The value used will be constrained using % 256 in C:\Users\Pablo\Documents\GitHub\nine-screen-canvas-flow\vendor\phpseclib\phpseclib\phpseclib\Math\BigInteger\Engines\BCMath.php on line 157
[13-Mar-2026 13:25:31 UTC] PHP Deprecated:  chr(): Providing a value not in-between 0 and 255 is deprecated, this is because a byte value must be in the [0, 255] interval. The value used will be constrained using % 256 in C:\Users\Pablo\Documents\GitHub\nine-screen-canvas-flow\vendor\phpseclib\phpseclib\phpseclib\Math\BigInteger\Engines\BCMath.php on line 157
[13-Mar-2026 13:25:31 UTC] PHP Deprecated:  chr(): Providing a value not in-between 0 and 255 is deprecated, this is because a byte value must be in the [0, 255] interval. The value used will be constrained using % 256 in C:\Users\Pablo\Documents\GitHub\nine-screen-canvas-flow\vendor\phpseclib\phpseclib\phpseclib\Math\BigInteger\Engines\BCMath.php on line 157
[13-Mar-2026 13:25:31 UTC] PHP Deprecated:  chr(): Providing a value not in-between 0 and 255 is deprecated, this is because a byte value must be in the [0, 255] interval. The value used will be constrained using % 256 in C:\Users\Pablo\Documents\GitHub\nine-screen-canvas-flow\vendor\phpseclib\phpseclib\phpseclib\Math\BigInteger\Engines\BCMath.php on line 157
[13-Mar-2026 13:25:31 UTC] PHP Deprecated:  chr(): Providing a value not in-between 0 and 255 is deprecated, this is because a byte value must be in the [0, 255] interval. The value used will be constrained using % 256 in C:\Users\Pablo\Documents\GitHub\nine-screen-canvas-flow\vendor\phpseclib\phpseclib\phpseclib\Math\BigInteger\Engines\BCMath.php on line 157
[13-Mar-2026 13:25:31 UTC] PHP Deprecated:  chr(): Providing a value not in-between 0 and 255 is deprecated, this is because a byte value must be in the [0, 255] interval. The value used will be constrained using % 256 in C:\Users\Pablo\Documents\GitHub\nine-screen-canvas-flow\vendor\phpseclib\phpseclib\phpseclib\Math\BigInteger\Engines\BCMath.php on line 157
[13-Mar-2026 13:25:31 UTC] PHP Deprecated:  chr(): Providing a value not in-between 0 and 255 is deprecated, this is because a byte value must be in the [0, 255] interval. The value used will be constrained using % 256 in C:\Users\Pablo\Documents\GitHub\nine-screen-canvas-flow\vendor\phpseclib\phpseclib\phpseclib\Math\BigInteger\Engines\BCMath.php on line 157
[13-Mar-2026 13:25:31 UTC] PHP Deprecated:  chr(): Providing a value not in-between 0 and 255 is deprecated, this is because a byte value must be in the [0, 255] interval. The value used will be constrained using % 256 in C:\Users\Pablo\Documents\GitHub\nine-screen-canvas-flow\vendor\phpseclib\phpseclib\phpseclib\Math\BigInteger\Engines\BCMath.php on line 157
[13-Mar-2026 13:25:31 UTC] PHP Deprecated:  chr(): Providing a value not in-between 0 and 255 is deprecated, this is because a byte value must be in the [0, 255] interval. The value used will be constrained using % 256 in C:\Users\Pablo\Documents\GitHub\nine-screen-canvas-flow\vendor\phpseclib\phpseclib\phpseclib\Math\BigInteger\Engines\BCMath.php on line 157
[13-Mar-2026 13:25:31 UTC] PHP Deprecated:  chr(): Providing a value not in-between 0 and 255 is deprecated, this is because a byte value must be in the [0, 255] interval. The value used will be constrained using % 256 in C:\Users\Pablo\Documents\GitHub\nine-screen-canvas-flow\vendor\phpseclib\phpseclib\phpseclib\Math\BigInteger\Engines\BCMath.php on line 157
[13-Mar-2026 13:25:31 UTC] PHP Deprecated:  chr(): Providing a value not in-between 0 and 255 is deprecated, this is because a byte value must be in the [0, 255] interval. The value used will be constrained using % 256 in C:\Users\Pablo\Documents\GitHub\nine-screen-canvas-flow\vendor\phpseclib\phpseclib\phpseclib\Math\BigInteger\Engines\BCMath.php on line 157
[13-Mar-2026 13:25:31 UTC] PHP Deprecated:  chr(): Providing a value not in-between 0 and 255 is deprecated, this is because a byte value must be in the [0, 255] interval. The value used will be constrained using % 256 in C:\Users\Pablo\Documents\GitHub\nine-screen-canvas-flow\vendor\phpseclib\phpseclib\phpseclib\Math\BigInteger\Engines\BCMath.php on line 157
[13-Mar-2026 13:25:31 UTC] PHP Deprecated:  chr(): Providing a value not in-between 0 and 255 is deprecated, this is because a byte value must be in the [0, 255] interval. The value used will be constrained using % 256 in C:\Users\Pablo\Documents\GitHub\nine-screen-canvas-flow\vendor\phpseclib\phpseclib\phpseclib\Math\BigInteger\Engines\BCMath.php on line 157
[13-Mar-2026 13:25:31 UTC] PHP Deprecated:  chr(): Providing a value not in-between 0 and 255 is deprecated, this is because a byte value must be in the [0, 255] interval. The value used will be constrained using % 256 in C:\Users\Pablo\Documents\GitHub\nine-screen-canvas-flow\vendor\phpseclib\phpseclib\phpseclib\Math\BigInteger\Engines\BCMath.php on line 157
[13-Mar-2026 13:25:31 UTC] PHP Deprecated:  chr(): Providing a value not in-between 0 and 255 is deprecated, this is because a byte value must be in the [0, 255] interval. The value used will be constrained using % 256 in C:\Users\Pablo\Documents\GitHub\nine-screen-canvas-flow\vendor\phpseclib\phpseclib\phpseclib\Math\BigInteger\Engines\BCMath.php on line 157
[13-Mar-2026 13:25:31 UTC] PHP Deprecated:  chr(): Providing a value not in-between 0 and 255 is deprecated, this is because a byte value must be in the [0, 255] interval. The value used will be constrained using % 256 in C:\Users\Pablo\Documents\GitHub\nine-screen-canvas-flow\vendor\phpseclib\phpseclib\phpseclib\Math\BigInteger\Engines\BCMath.php on line 157
[13-Mar-2026 13:25:31 UTC] PHP Deprecated:  chr(): Providing a value not in-between 0 and 255 is deprecated, this is because a byte value must be in the [0, 255] interval. The value used will be constrained using % 256 in C:\Users\Pablo\Documents\GitHub\nine-screen-canvas-flow\vendor\phpseclib\phpseclib\phpseclib\Math\BigInteger\Engines\BCMath.php on line 157
[13-Mar-2026 13:25:31 UTC] PHP Deprecated:  chr(): Providing a value not in-between 0 and 255 is deprecated, this is because a byte value must be in the [0, 255] interval. The value used will be constrained using % 256 in C:\Users\Pablo\Documents\GitHub\nine-screen-canvas-flow\vendor\phpseclib\phpseclib\phpseclib\Math\BigInteger\Engines\BCMath.php on line 157
[13-Mar-2026 13:25:31 UTC] PHP Deprecated:  chr(): Providing a value not in-between 0 and 255 is deprecated, this is because a byte value must be in the [0, 255] interval. The value used will be constrained using % 256 in C:\Users\Pablo\Documents\GitHub\nine-screen-canvas-flow\vendor\phpseclib\phpseclib\phpseclib\Math\BigInteger\Engines\BCMath.php on line 157
[13-Mar-2026 13:25:31 UTC] PHP Deprecated:  chr(): Providing a value not in-between 0 and 255 is deprecated, this is because a byte value must be in the [0, 255] interval. The value used will be constrained using % 256 in C:\Users\Pablo\Documents\GitHub\nine-screen-canvas-flow\vendor\phpseclib\phpseclib\phpseclib\Math\BigInteger\Engines\BCMath.php on line 157
[13-Mar-2026 13:25:31 UTC] PHP Deprecated:  chr(): Providing a value not in-between 0 and 255 is deprecated, this is because a byte value must be in the [0, 255] interval. The value used will be constrained using % 256 in C:\Users\Pablo\Documents\GitHub\nine-screen-canvas-flow\vendor\phpseclib\phpseclib\phpseclib\Math\BigInteger\Engines\BCMath.php on line 157
[13-Mar-2026 13:25:31 UTC] PHP Deprecated:  chr(): Providing a value not in-between 0 and 255 is deprecated, this is because a byte value must be in the [0, 255] interval. The value used will be constrained using % 256 in C:\Users\Pablo\Documents\GitHub\nine-screen-canvas-flow\vendor\phpseclib\phpseclib\phpseclib\Math\BigInteger\Engines\BCMath.php on line 157
[13-Mar-2026 13:25:31 UTC] PHP Deprecated:  chr(): Providing a value not in-between 0 and 255 is deprecated, this is because a byte value must be in the [0, 255] interval. The value used will be constrained using % 256 in C:\Users\Pablo\Documents\GitHub\nine-screen-canvas-flow\vendor\phpseclib\phpseclib\phpseclib\Math\BigInteger\Engines\BCMath.php on line 157
[13-Mar-2026 13:25:31 UTC] PHP Deprecated:  chr(): Providing a value not in-between 0 and 255 is deprecated, this is because a byte value must be in the [0, 255] interval. The value used will be constrained using % 256 in C:\Users\Pablo\Documents\GitHub\nine-screen-canvas-flow\vendor\phpseclib\phpseclib\phpseclib\Math\BigInteger\Engines\BCMath.php on line 157
[13-Mar-2026 13:25:31 UTC] PHP Deprecated:  chr(): Providing a value not in-between 0 and 255 is deprecated, this is because a byte value must be in the [0, 255] interval. The value used will be constrained using % 256 in C:\Users\Pablo\Documents\GitHub\nine-screen-canvas-flow\vendor\phpseclib\phpseclib\phpseclib\Math\BigInteger\Engines\BCMath.php on line 157
[13-Mar-2026 13:25:31 UTC] PHP Deprecated:  chr(): Providing a value not in-between 0 and 255 is deprecated, this is because a byte value must be in the [0, 255] interval. The value used will be constrained using % 256 in C:\Users\Pablo\Documents\GitHub\nine-screen-canvas-flow\vendor\phpseclib\phpseclib\phpseclib\Math\BigInteger\Engines\BCMath.php on line 157
[13-Mar-2026 13:25:31 UTC] PHP Deprecated:  chr(): Providing a value not in-between 0 and 255 is deprecated, this is because a byte value must be in the [0, 255] interval. The value used will be constrained using % 256 in C:\Users\Pablo\Documents\GitHub\nine-screen-canvas-flow\vendor\phpseclib\phpseclib\phpseclib\Math\BigInteger\Engines\BCMath.php on line 157
[13-Mar-2026 13:25:31 UTC] PHP Deprecated:  chr(): Providing a value not in-between 0 and 255 is deprecated, this is because a byte value must be in the [0, 255] interval. The value used will be constrained using % 256 in C:\Users\Pablo\Documents\GitHub\nine-screen-canvas-flow\vendor\phpseclib\phpseclib\phpseclib\Math\BigInteger\Engines\BCMath.php on line 157
[13-Mar-2026 13:25:31 UTC] PHP Warning:  Cannot modify header information - headers already sent by (output started at C:\Users\Pablo\Documents\GitHub\nine-screen-canvas-flow\vendor\phpseclib\phpseclib\phpseclib\Math\BigInteger\Engines\BCMath.php:157) in C:\Users\Pablo\Documents\GitHub\nine-screen-canvas-flow\app.php on line 58
[13-Mar-2026 13:25:40 UTC] Successfully loaded .env from: C:\Users\Pablo\Documents\GitHub\nine-screen-canvas-flow/.env
[13-Mar-2026 13:25:40 UTC] PHP Deprecated:  chr(): Providing a value not in-between 0 and 255 is deprecated, this is because a byte value must be in the [0, 255] interval. The value used will be constrained using % 256 in C:\Users\Pablo\Documents\GitHub\nine-screen-canvas-flow\vendor\phpseclib\phpseclib\phpseclib\Math\BigInteger\Engines\BCMath.php on line 157
[13-Mar-2026 13:25:40 UTC] PHP Deprecated:  chr(): Providing a value not in-between 0 and 255 is deprecated, this is because a byte value must be in the [0, 255] interval. The value used will be constrained using % 256 in C:\Users\Pablo\Documents\GitHub\nine-screen-canvas-flow\vendor\phpseclib\phpseclib\phpseclib\Math\BigInteger\Engines\BCMath.php on line 157
[13-Mar-2026 13:25:40 UTC] PHP Deprecated:  chr(): Providing a value not in-between 0 and 255 is deprecated, this is because a byte value must be in the [0, 255] interval. The value used will be constrained using % 256 in C:\Users\Pablo\Documents\GitHub\nine-screen-canvas-flow\vendor\phpseclib\phpseclib\phpseclib\Math\BigInteger\Engines\BCMath.php on line 157
[13-Mar-2026 13:25:40 UTC] PHP Deprecated:  chr(): Providing a value not in-between 0 and 255 is deprecated, this is because a byte value must be in the [0, 255] interval. The value used will be constrained using % 256 in C:\Users\Pablo\Documents\GitHub\nine-screen-canvas-flow\vendor\phpseclib\phpseclib\phpseclib\Math\BigInteger\Engines\BCMath.php on line 157
[13-Mar-2026 13:25:40 UTC] PHP Deprecated:  chr(): Providing a value not in-between 0 and 255 is deprecated, this is because a byte value must be in the [0, 255] interval. The value used will be constrained using % 256 in C:\Users\Pablo\Documents\GitHub\nine-screen-canvas-flow\vendor\phpseclib\phpseclib\phpseclib\Math\BigInteger\Engines\BCMath.php on line 157
[13-Mar-2026 13:25:40 UTC] PHP Deprecated:  chr(): Providing a value not in-between 0 and 255 is deprecated, this is because a byte value must be in the [0, 255] interval. The value used will be constrained using % 256 in C:\Users\Pablo\Documents\GitHub\nine-screen-canvas-flow\vendor\phpseclib\phpseclib\phpseclib\Math\BigInteger\Engines\BCMath.php on line 157
[13-Mar-2026 13:25:40 UTC] PHP Deprecated:  chr(): Providing a value not in-between 0 and 255 is deprecated, this is because a byte value must be in the [0, 255] interval. The value used will be constrained using % 256 in C:\Users\Pablo\Documents\GitHub\nine-screen-canvas-flow\vendor\phpseclib\phpseclib\phpseclib\Math\BigInteger\Engines\BCMath.php on line 157
[13-Mar-2026 13:25:40 UTC] PHP Deprecated:  chr(): Providing a value not in-between 0 and 255 is deprecated, this is because a byte value must be in the [0, 255] interval. The value used will be constrained using % 256 in C:\Users\Pablo\Documents\GitHub\nine-screen-canvas-flow\vendor\phpseclib\phpseclib\phpseclib\Math\BigInteger\Engines\BCMath.php on line 157
[13-Mar-2026 13:25:40 UTC] PHP Deprecated:  chr(): Providing a value not in-between 0 and 255 is deprecated, this is because a byte value must be in the [0, 255] interval. The value used will be constrained using % 256 in C:\Users\Pablo\Documents\GitHub\nine-screen-canvas-flow\vendor\phpseclib\phpseclib\phpseclib\Math\BigInteger\Engines\BCMath.php on line 157
[13-Mar-2026 13:25:40 UTC] PHP Deprecated:  chr(): Providing a value not in-between 0 and 255 is deprecated, this is because a byte value must be in the [0, 255] interval. The value used will be constrained using % 256 in C:\Users\Pablo\Documents\GitHub\nine-screen-canvas-flow\vendor\phpseclib\phpseclib\phpseclib\Math\BigInteger\Engines\BCMath.php on line 157
[13-Mar-2026 13:25:40 UTC] PHP Deprecated:  chr(): Providing a value not in-between 0 and 255 is deprecated, this is because a byte value must be in the [0, 255] interval. The value used will be constrained using % 256 in C:\Users\Pablo\Documents\GitHub\nine-screen-canvas-flow\vendor\phpseclib\phpseclib\phpseclib\Math\BigInteger\Engines\BCMath.php on line 157
[13-Mar-2026 13:25:40 UTC] PHP Deprecated:  chr(): Providing a value not in-between 0 and 255 is deprecated, this is because a byte value must be in the [0, 255] interval. The value used will be constrained using % 256 in C:\Users\Pablo\Documents\GitHub\nine-screen-canvas-flow\vendor\phpseclib\phpseclib\phpseclib\Math\BigInteger\Engines\BCMath.php on line 157
[13-Mar-2026 13:25:40 UTC] PHP Deprecated:  chr(): Providing a value not in-between 0 and 255 is deprecated, this is because a byte value must be in the [0, 255] interval. The value used will be constrained using % 256 in C:\Users\Pablo\Documents\GitHub\nine-screen-canvas-flow\vendor\phpseclib\phpseclib\phpseclib\Math\BigInteger\Engines\BCMath.php on line 157
[13-Mar-2026 13:25:40 UTC] PHP Deprecated:  chr(): Providing a value not in-between 0 and 255 is deprecated, this is because a byte value must be in the [0, 255] interval. The value used will be constrained using % 256 in C:\Users\Pablo\Documents\GitHub\nine-screen-canvas-flow\vendor\phpseclib\phpseclib\phpseclib\Math\BigInteger\Engines\BCMath.php on line 157
[13-Mar-2026 13:25:40 UTC] PHP Deprecated:  chr(): Providing a value not in-between 0 and 255 is deprecated, this is because a byte value must be in the [0, 255] interval. The value used will be constrained using % 256 in C:\Users\Pablo\Documents\GitHub\nine-screen-canvas-flow\vendor\phpseclib\phpseclib\phpseclib\Math\BigInteger\Engines\BCMath.php on line 157
[13-Mar-2026 13:25:40 UTC] PHP Deprecated:  chr(): Providing a value not in-between 0 and 255 is deprecated, this is because a byte value must be in the [0, 255] interval. The value used will be constrained using % 256 in C:\Users\Pablo\Documents\GitHub\nine-screen-canvas-flow\vendor\phpseclib\phpseclib\phpseclib\Math\BigInteger\Engines\BCMath.php on line 157
[13-Mar-2026 13:25:40 UTC] PHP Deprecated:  chr(): Providing a value not in-between 0 and 255 is deprecated, this is because a byte value must be in the [0, 255] interval. The value used will be constrained using % 256 in C:\Users\Pablo\Documents\GitHub\nine-screen-canvas-flow\vendor\phpseclib\phpseclib\phpseclib\Math\BigInteger\Engines\BCMath.php on line 157
[13-Mar-2026 13:25:40 UTC] PHP Deprecated:  chr(): Providing a value not in-between 0 and 255 is deprecated, this is because a byte value must be in the [0, 255] interval. The value used will be constrained using % 256 in C:\Users\Pablo\Documents\GitHub\nine-screen-canvas-flow\vendor\phpseclib\phpseclib\phpseclib\Math\BigInteger\Engines\BCMath.php on line 157
[13-Mar-2026 13:25:40 UTC] PHP Deprecated:  chr(): Providing a value not in-between 0 and 255 is deprecated, this is because a byte value must be in the [0, 255] interval. The value used will be constrained using % 256 in C:\Users\Pablo\Documents\GitHub\nine-screen-canvas-flow\vendor\phpseclib\phpseclib\phpseclib\Math\BigInteger\Engines\BCMath.php on line 157
[13-Mar-2026 13:25:40 UTC] PHP Deprecated:  chr(): Providing a value not in-between 0 and 255 is deprecated, this is because a byte value must be in the [0, 255] interval. The value used will be constrained using % 256 in C:\Users\Pablo\Documents\GitHub\nine-screen-canvas-flow\vendor\phpseclib\phpseclib\phpseclib\Math\BigInteger\Engines\BCMath.php on line 157
[13-Mar-2026 13:25:40 UTC] PHP Deprecated:  chr(): Providing a value not in-between 0 and 255 is deprecated, this is because a byte value must be in the [0, 255] interval. The value used will be constrained using % 256 in C:\Users\Pablo\Documents\GitHub\nine-screen-canvas-flow\vendor\phpseclib\phpseclib\phpseclib\Math\BigInteger\Engines\BCMath.php on line 157
[13-Mar-2026 13:25:40 UTC] PHP Deprecated:  chr(): Providing a value not in-between 0 and 255 is deprecated, this is because a byte value must be in the [0, 255] interval. The value used will be constrained using % 256 in C:\Users\Pablo\Documents\GitHub\nine-screen-canvas-flow\vendor\phpseclib\phpseclib\phpseclib\Math\BigInteger\Engines\BCMath.php on line 157
[13-Mar-2026 13:25:40 UTC] PHP Deprecated:  chr(): Providing a value not in-between 0 and 255 is deprecated, this is because a byte value must be in the [0, 255] interval. The value used will be constrained using % 256 in C:\Users\Pablo\Documents\GitHub\nine-screen-canvas-flow\vendor\phpseclib\phpseclib\phpseclib\Math\BigInteger\Engines\BCMath.php on line 157
[13-Mar-2026 13:25:40 UTC] PHP Deprecated:  chr(): Providing a value not in-between 0 and 255 is deprecated, this is because a byte value must be in the [0, 255] interval. The value used will be constrained using % 256 in C:\Users\Pablo\Documents\GitHub\nine-screen-canvas-flow\vendor\phpseclib\phpseclib\phpseclib\Math\BigInteger\Engines\BCMath.php on line 157
[13-Mar-2026 13:25:40 UTC] PHP Deprecated:  chr(): Providing a value not in-between 0 and 255 is deprecated, this is because a byte value must be in the [0, 255] interval. The value used will be constrained using % 256 in C:\Users\Pablo\Documents\GitHub\nine-screen-canvas-flow\vendor\phpseclib\phpseclib\phpseclib\Math\BigInteger\Engines\BCMath.php on line 157
[13-Mar-2026 13:25:40 UTC] PHP Deprecated:  chr(): Providing a value not in-between 0 and 255 is deprecated, this is because a byte value must be in the [0, 255] interval. The value used will be constrained using % 256 in C:\Users\Pablo\Documents\GitHub\nine-screen-canvas-flow\vendor\phpseclib\phpseclib\phpseclib\Math\BigInteger\Engines\BCMath.php on line 157
[13-Mar-2026 13:25:40 UTC] PHP Deprecated:  chr(): Providing a value not in-between 0 and 255 is deprecated, this is because a byte value must be in the [0, 255] interval. The value used will be constrained using % 256 in C:\Users\Pablo\Documents\GitHub\nine-screen-canvas-flow\vendor\phpseclib\phpseclib\phpseclib\Math\BigInteger\Engines\BCMath.php on line 157
[13-Mar-2026 13:25:40 UTC] PHP Deprecated:  chr(): Providing a value not in-between 0 and 255 is deprecated, this is because a byte value must be in the [0, 255] interval. The value used will be constrained using % 256 in C:\Users\Pablo\Documents\GitHub\nine-screen-canvas-flow\vendor\phpseclib\phpseclib\phpseclib\Math\BigInteger\Engines\BCMath.php on line 157
[13-Mar-2026 13:25:40 UTC] PHP Deprecated:  chr(): Providing a value not in-between 0 and 255 is deprecated, this is because a byte value must be in the [0, 255] interval. The value used will be constrained using % 256 in C:\Users\Pablo\Documents\GitHub\nine-screen-canvas-flow\vendor\phpseclib\phpseclib\phpseclib\Math\BigInteger\Engines\BCMath.php on line 157
[13-Mar-2026 13:25:40 UTC] PHP Deprecated:  chr(): Providing a value not in-between 0 and 255 is deprecated, this is because a byte value must be in the [0, 255] interval. The value used will be constrained using % 256 in C:\Users\Pablo\Documents\GitHub\nine-screen-canvas-flow\vendor\phpseclib\phpseclib\phpseclib\Math\BigInteger\Engines\BCMath.php on line 157
[13-Mar-2026 13:25:40 UTC] PHP Deprecated:  chr(): Providing a value not in-between 0 and 255 is deprecated, this is because a byte value must be in the [0, 255] interval. The value used will be constrained using % 256 in C:\Users\Pablo\Documents\GitHub\nine-screen-canvas-flow\vendor\phpseclib\phpseclib\phpseclib\Math\BigInteger\Engines\BCMath.php on line 157
[13-Mar-2026 13:25:40 UTC] PHP Deprecated:  chr(): Providing a value not in-between 0 and 255 is deprecated, this is because a byte value must be in the [0, 255] interval. The value used will be constrained using % 256 in C:\Users\Pablo\Documents\GitHub\nine-screen-canvas-flow\vendor\phpseclib\phpseclib\phpseclib\Math\BigInteger\Engines\BCMath.php on line 157
[13-Mar-2026 13:25:40 UTC] PHP Deprecated:  chr(): Providing a value not in-between 0 and 255 is deprecated, this is because a byte value must be in the [0, 255] interval. The value used will be constrained using % 256 in C:\Users\Pablo\Documents\GitHub\nine-screen-canvas-flow\vendor\phpseclib\phpseclib\phpseclib\Math\BigInteger\Engines\BCMath.php on line 157
[13-Mar-2026 13:25:40 UTC] PHP Deprecated:  chr(): Providing a value not in-between 0 and 255 is deprecated, this is because a byte value must be in the [0, 255] interval. The value used will be constrained using % 256 in C:\Users\Pablo\Documents\GitHub\nine-screen-canvas-flow\vendor\phpseclib\phpseclib\phpseclib\Math\BigInteger\Engines\BCMath.php on line 157
[13-Mar-2026 13:25:40 UTC] PHP Deprecated:  chr(): Providing a value not in-between 0 and 255 is deprecated, this is because a byte value must be in the [0, 255] interval. The value used will be constrained using % 256 in C:\Users\Pablo\Documents\GitHub\nine-screen-canvas-flow\vendor\phpseclib\phpseclib\phpseclib\Math\BigInteger\Engines\BCMath.php on line 157
[13-Mar-2026 13:25:40 UTC] PHP Deprecated:  chr(): Providing a value not in-between 0 and 255 is deprecated, this is because a byte value must be in the [0, 255] interval. The value used will be constrained using % 256 in C:\Users\Pablo\Documents\GitHub\nine-screen-canvas-flow\vendor\phpseclib\phpseclib\phpseclib\Math\BigInteger\Engines\BCMath.php on line 157
[13-Mar-2026 13:25:40 UTC] PHP Deprecated:  chr(): Providing a value not in-between 0 and 255 is deprecated, this is because a byte value must be in the [0, 255] interval. The value used will be constrained using % 256 in C:\Users\Pablo\Documents\GitHub\nine-screen-canvas-flow\vendor\phpseclib\phpseclib\phpseclib\Math\BigInteger\Engines\BCMath.php on line 157
[13-Mar-2026 13:25:40 UTC] PHP Deprecated:  chr(): Providing a value not in-between 0 and 255 is deprecated, this is because a byte value must be in the [0, 255] interval. The value used will be constrained using % 256 in C:\Users\Pablo\Documents\GitHub\nine-screen-canvas-flow\vendor\phpseclib\phpseclib\phpseclib\Math\BigInteger\Engines\BCMath.php on line 157
[13-Mar-2026 13:25:40 UTC] PHP Deprecated:  chr(): Providing a value not in-between 0 and 255 is deprecated, this is because a byte value must be in the [0, 255] interval. The value used will be constrained using % 256 in C:\Users\Pablo\Documents\GitHub\nine-screen-canvas-flow\vendor\phpseclib\phpseclib\phpseclib\Math\BigInteger\Engines\BCMath.php on line 157
[13-Mar-2026 13:25:40 UTC] PHP Deprecated:  chr(): Providing a value not in-between 0 and 255 is deprecated, this is because a byte value must be in the [0, 255] interval. The value used will be constrained using % 256 in C:\Users\Pablo\Documents\GitHub\nine-screen-canvas-flow\vendor\phpseclib\phpseclib\phpseclib\Math\BigInteger\Engines\BCMath.php on line 157
[13-Mar-2026 13:25:40 UTC] PHP Deprecated:  chr(): Providing a value not in-between 0 and 255 is deprecated, this is because a byte value must be in the [0, 255] interval. The value used will be constrained using % 256 in C:\Users\Pablo\Documents\GitHub\nine-screen-canvas-flow\vendor\phpseclib\phpseclib\phpseclib\Math\BigInteger\Engines\BCMath.php on line 157
[13-Mar-2026 13:25:40 UTC] PHP Deprecated:  chr(): Providing a value not in-between 0 and 255 is deprecated, this is because a byte value must be in the [0, 255] interval. The value used will be constrained using % 256 in C:\Users\Pablo\Documents\GitHub\nine-screen-canvas-flow\vendor\phpseclib\phpseclib\phpseclib\Math\BigInteger\Engines\BCMath.php on line 157
[13-Mar-2026 13:25:40 UTC] PHP Deprecated:  chr(): Providing a value not in-between 0 and 255 is deprecated, this is because a byte value must be in the [0, 255] interval. The value used will be constrained using % 256 in C:\Users\Pablo\Documents\GitHub\nine-screen-canvas-flow\vendor\phpseclib\phpseclib\phpseclib\Math\BigInteger\Engines\BCMath.php on line 157
[13-Mar-2026 13:25:40 UTC] PHP Deprecated:  chr(): Providing a value not in-between 0 and 255 is deprecated, this is because a byte value must be in the [0, 255] interval. The value used will be constrained using % 256 in C:\Users\Pablo\Documents\GitHub\nine-screen-canvas-flow\vendor\phpseclib\phpseclib\phpseclib\Math\BigInteger\Engines\BCMath.php on line 157
[13-Mar-2026 13:25:40 UTC] PHP Deprecated:  chr(): Providing a value not in-between 0 and 255 is deprecated, this is because a byte value must be in the [0, 255] interval. The value used will be constrained using % 256 in C:\Users\Pablo\Documents\GitHub\nine-screen-canvas-flow\vendor\phpseclib\phpseclib\phpseclib\Math\BigInteger\Engines\BCMath.php on line 157
[13-Mar-2026 13:25:40 UTC] PHP Deprecated:  chr(): Providing a value not in-between 0 and 255 is deprecated, this is because a byte value must be in the [0, 255] interval. The value used will be constrained using % 256 in C:\Users\Pablo\Documents\GitHub\nine-screen-canvas-flow\vendor\phpseclib\phpseclib\phpseclib\Math\BigInteger\Engines\BCMath.php on line 157
[13-Mar-2026 13:25:40 UTC] PHP Deprecated:  chr(): Providing a value not in-between 0 and 255 is deprecated, this is because a byte value must be in the [0, 255] interval. The value used will be constrained using % 256 in C:\Users\Pablo\Documents\GitHub\nine-screen-canvas-flow\vendor\phpseclib\phpseclib\phpseclib\Math\BigInteger\Engines\BCMath.php on line 157
[13-Mar-2026 13:25:40 UTC] PHP Deprecated:  chr(): Providing a value not in-between 0 and 255 is deprecated, this is because a byte value must be in the [0, 255] interval. The value used will be constrained using % 256 in C:\Users\Pablo\Documents\GitHub\nine-screen-canvas-flow\vendor\phpseclib\phpseclib\phpseclib\Math\BigInteger\Engines\BCMath.php on line 157
[13-Mar-2026 13:25:40 UTC] PHP Deprecated:  chr(): Providing a value not in-between 0 and 255 is deprecated, this is because a byte value must be in the [0, 255] interval. The value used will be constrained using % 256 in C:\Users\Pablo\Documents\GitHub\nine-screen-canvas-flow\vendor\phpseclib\phpseclib\phpseclib\Math\BigInteger\Engines\BCMath.php on line 157
[13-Mar-2026 13:25:40 UTC] PHP Deprecated:  chr(): Providing a value not in-between 0 and 255 is deprecated, this is because a byte value must be in the [0, 255] interval. The value used will be constrained using % 256 in C:\Users\Pablo\Documents\GitHub\nine-screen-canvas-flow\vendor\phpseclib\phpseclib\phpseclib\Math\BigInteger\Engines\BCMath.php on line 157
[13-Mar-2026 13:25:40 UTC] PHP Deprecated:  chr(): Providing a value not in-between 0 and 255 is deprecated, this is because a byte value must be in the [0, 255] interval. The value used will be constrained using % 256 in C:\Users\Pablo\Documents\GitHub\nine-screen-canvas-flow\vendor\phpseclib\phpseclib\phpseclib\Math\BigInteger\Engines\BCMath.php on line 157
[13-Mar-2026 13:25:40 UTC] PHP Deprecated:  chr(): Providing a value not in-between 0 and 255 is deprecated, this is because a byte value must be in the [0, 255] interval. The value used will be constrained using % 256 in C:\Users\Pablo\Documents\GitHub\nine-screen-canvas-flow\vendor\phpseclib\phpseclib\phpseclib\Math\BigInteger\Engines\BCMath.php on line 157
[13-Mar-2026 13:25:40 UTC] PHP Deprecated:  chr(): Providing a value not in-between 0 and 255 is deprecated, this is because a byte value must be in the [0, 255] interval. The value used will be constrained using % 256 in C:\Users\Pablo\Documents\GitHub\nine-screen-canvas-flow\vendor\phpseclib\phpseclib\phpseclib\Math\BigInteger\Engines\BCMath.php on line 157
[13-Mar-2026 13:25:40 UTC] PHP Deprecated:  chr(): Providing a value not in-between 0 and 255 is deprecated, this is because a byte value must be in the [0, 255] interval. The value used will be constrained using % 256 in C:\Users\Pablo\Documents\GitHub\nine-screen-canvas-flow\vendor\phpseclib\phpseclib\phpseclib\Math\BigInteger\Engines\BCMath.php on line 157
[13-Mar-2026 13:25:40 UTC] PHP Deprecated:  chr(): Providing a value not in-between 0 and 255 is deprecated, this is because a byte value must be in the [0, 255] interval. The value used will be constrained using % 256 in C:\Users\Pablo\Documents\GitHub\nine-screen-canvas-flow\vendor\phpseclib\phpseclib\phpseclib\Math\BigInteger\Engines\BCMath.php on line 157
[13-Mar-2026 13:25:40 UTC] PHP Deprecated:  chr(): Providing a value not in-between 0 and 255 is deprecated, this is because a byte value must be in the [0, 255] interval. The value used will be constrained using % 256 in C:\Users\Pablo\Documents\GitHub\nine-screen-canvas-flow\vendor\phpseclib\phpseclib\phpseclib\Math\BigInteger\Engines\BCMath.php on line 157
[13-Mar-2026 13:25:40 UTC] PHP Deprecated:  chr(): Providing a value not in-between 0 and 255 is deprecated, this is because a byte value must be in the [0, 255] interval. The value used will be constrained using % 256 in C:\Users\Pablo\Documents\GitHub\nine-screen-canvas-flow\vendor\phpseclib\phpseclib\phpseclib\Math\BigInteger\Engines\BCMath.php on line 157
[13-Mar-2026 13:25:40 UTC] PHP Deprecated:  chr(): Providing a value not in-between 0 and 255 is deprecated, this is because a byte value must be in the [0, 255] interval. The value used will be constrained using % 256 in C:\Users\Pablo\Documents\GitHub\nine-screen-canvas-flow\vendor\phpseclib\phpseclib\phpseclib\Math\BigInteger\Engines\BCMath.php on line 157
[13-Mar-2026 13:25:40 UTC] PHP Deprecated:  chr(): Providing a value not in-between 0 and 255 is deprecated, this is because a byte value must be in the [0, 255] interval. The value used will be constrained using % 256 in C:\Users\Pablo\Documents\GitHub\nine-screen-canvas-flow\vendor\phpseclib\phpseclib\phpseclib\Math\BigInteger\Engines\BCMath.php on line 157
[13-Mar-2026 13:25:40 UTC] PHP Deprecated:  chr(): Providing a value not in-between 0 and 255 is deprecated, this is because a byte value must be in the [0, 255] interval. The value used will be constrained using % 256 in C:\Users\Pablo\Documents\GitHub\nine-screen-canvas-flow\vendor\phpseclib\phpseclib\phpseclib\Math\BigInteger\Engines\BCMath.php on line 157
[13-Mar-2026 13:25:40 UTC] PHP Deprecated:  chr(): Providing a value not in-between 0 and 255 is deprecated, this is because a byte value must be in the [0, 255] interval. The value used will be constrained using % 256 in C:\Users\Pablo\Documents\GitHub\nine-screen-canvas-flow\vendor\phpseclib\phpseclib\phpseclib\Math\BigInteger\Engines\BCMath.php on line 157
[13-Mar-2026 13:25:40 UTC] PHP Deprecated:  chr(): Providing a value not in-between 0 and 255 is deprecated, this is because a byte value must be in the [0, 255] interval. The value used will be constrained using % 256 in C:\Users\Pablo\Documents\GitHub\nine-screen-canvas-flow\vendor\phpseclib\phpseclib\phpseclib\Math\BigInteger\Engines\BCMath.php on line 157
[13-Mar-2026 13:25:40 UTC] PHP Deprecated:  chr(): Providing a value not in-between 0 and 255 is deprecated, this is because a byte value must be in the [0, 255] interval. The value used will be constrained using % 256 in C:\Users\Pablo\Documents\GitHub\nine-screen-canvas-flow\vendor\phpseclib\phpseclib\phpseclib\Math\BigInteger\Engines\BCMath.php on line 157
[13-Mar-2026 13:25:40 UTC] PHP Deprecated:  chr(): Providing a value not in-between 0 and 255 is deprecated, this is because a byte value must be in the [0, 255] interval. The value used will be constrained using % 256 in C:\Users\Pablo\Documents\GitHub\nine-screen-canvas-flow\vendor\phpseclib\phpseclib\phpseclib\Math\BigInteger\Engines\BCMath.php on line 157
[13-Mar-2026 13:25:40 UTC] PHP Deprecated:  chr(): Providing a value not in-between 0 and 255 is deprecated, this is because a byte value must be in the [0, 255] interval. The value used will be constrained using % 256 in C:\Users\Pablo\Documents\GitHub\nine-screen-canvas-flow\vendor\phpseclib\phpseclib\phpseclib\Math\BigInteger\Engines\BCMath.php on line 157
[13-Mar-2026 13:25:40 UTC] PHP Deprecated:  chr(): Providing a value not in-between 0 and 255 is deprecated, this is because a byte value must be in the [0, 255] interval. The value used will be constrained using % 256 in C:\Users\Pablo\Documents\GitHub\nine-screen-canvas-flow\vendor\phpseclib\phpseclib\phpseclib\Math\BigInteger\Engines\BCMath.php on line 157
[13-Mar-2026 13:25:40 UTC] PHP Deprecated:  chr(): Providing a value not in-between 0 and 255 is deprecated, this is because a byte value must be in the [0, 255] interval. The value used will be constrained using % 256 in C:\Users\Pablo\Documents\GitHub\nine-screen-canvas-flow\vendor\phpseclib\phpseclib\phpseclib\Math\BigInteger\Engines\BCMath.php on line 157
[13-Mar-2026 13:25:40 UTC] PHP Deprecated:  chr(): Providing a value not in-between 0 and 255 is deprecated, this is because a byte value must be in the [0, 255] interval. The value used will be constrained using % 256 in C:\Users\Pablo\Documents\GitHub\nine-screen-canvas-flow\vendor\phpseclib\phpseclib\phpseclib\Math\BigInteger\Engines\BCMath.php on line 157
[13-Mar-2026 13:25:40 UTC] PHP Deprecated:  chr(): Providing a value not in-between 0 and 255 is deprecated, this is because a byte value must be in the [0, 255] interval. The value used will be constrained using % 256 in C:\Users\Pablo\Documents\GitHub\nine-screen-canvas-flow\vendor\phpseclib\phpseclib\phpseclib\Math\BigInteger\Engines\BCMath.php on line 157
[13-Mar-2026 13:25:40 UTC] PHP Deprecated:  chr(): Providing a value not in-between 0 and 255 is deprecated, this is because a byte value must be in the [0, 255] interval. The value used will be constrained using % 256 in C:\Users\Pablo\Documents\GitHub\nine-screen-canvas-flow\vendor\phpseclib\phpseclib\phpseclib\Math\BigInteger\Engines\BCMath.php on line 157
[13-Mar-2026 13:25:40 UTC] PHP Deprecated:  chr(): Providing a value not in-between 0 and 255 is deprecated, this is because a byte value must be in the [0, 255] interval. The value used will be constrained using % 256 in C:\Users\Pablo\Documents\GitHub\nine-screen-canvas-flow\vendor\phpseclib\phpseclib\phpseclib\Math\BigInteger\Engines\BCMath.php on line 157
[13-Mar-2026 13:25:40 UTC] PHP Deprecated:  chr(): Providing a value not in-between 0 and 255 is deprecated, this is because a byte value must be in the [0, 255] interval. The value used will be constrained using % 256 in C:\Users\Pablo\Documents\GitHub\nine-screen-canvas-flow\vendor\phpseclib\phpseclib\phpseclib\Math\BigInteger\Engines\BCMath.php on line 157
[13-Mar-2026 13:25:40 UTC] PHP Deprecated:  chr(): Providing a value not in-between 0 and 255 is deprecated, this is because a byte value must be in the [0, 255] interval. The value used will be constrained using % 256 in C:\Users\Pablo\Documents\GitHub\nine-screen-canvas-flow\vendor\phpseclib\phpseclib\phpseclib\Math\BigInteger\Engines\BCMath.php on line 157
[13-Mar-2026 13:25:40 UTC] PHP Deprecated:  chr(): Providing a value not in-between 0 and 255 is deprecated, this is because a byte value must be in the [0, 255] interval. The value used will be constrained using % 256 in C:\Users\Pablo\Documents\GitHub\nine-screen-canvas-flow\vendor\phpseclib\phpseclib\phpseclib\Math\BigInteger\Engines\BCMath.php on line 157
[13-Mar-2026 13:25:40 UTC] PHP Deprecated:  chr(): Providing a value not in-between 0 and 255 is deprecated, this is because a byte value must be in the [0, 255] interval. The value used will be constrained using % 256 in C:\Users\Pablo\Documents\GitHub\nine-screen-canvas-flow\vendor\phpseclib\phpseclib\phpseclib\Math\BigInteger\Engines\BCMath.php on line 157
[13-Mar-2026 13:25:40 UTC] PHP Deprecated:  chr(): Providing a value not in-between 0 and 255 is deprecated, this is because a byte value must be in the [0, 255] interval. The value used will be constrained using % 256 in C:\Users\Pablo\Documents\GitHub\nine-screen-canvas-flow\vendor\phpseclib\phpseclib\phpseclib\Math\BigInteger\Engines\BCMath.php on line 157
[13-Mar-2026 13:25:40 UTC] PHP Deprecated:  chr(): Providing a value not in-between 0 and 255 is deprecated, this is because a byte value must be in the [0, 255] interval. The value used will be constrained using % 256 in C:\Users\Pablo\Documents\GitHub\nine-screen-canvas-flow\vendor\phpseclib\phpseclib\phpseclib\Math\BigInteger\Engines\BCMath.php on line 157
[13-Mar-2026 13:25:40 UTC] PHP Deprecated:  chr(): Providing a value not in-between 0 and 255 is deprecated, this is because a byte value must be in the [0, 255] interval. The value used will be constrained using % 256 in C:\Users\Pablo\Documents\GitHub\nine-screen-canvas-flow\vendor\phpseclib\phpseclib\phpseclib\Math\BigInteger\Engines\BCMath.php on line 157
[13-Mar-2026 13:25:40 UTC] PHP Deprecated:  chr(): Providing a value not in-between 0 and 255 is deprecated, this is because a byte value must be in the [0, 255] interval. The value used will be constrained using % 256 in C:\Users\Pablo\Documents\GitHub\nine-screen-canvas-flow\vendor\phpseclib\phpseclib\phpseclib\Math\BigInteger\Engines\BCMath.php on line 157
[13-Mar-2026 13:25:40 UTC] PHP Deprecated:  chr(): Providing a value not in-between 0 and 255 is deprecated, this is because a byte value must be in the [0, 255] interval. The value used will be constrained using % 256 in C:\Users\Pablo\Documents\GitHub\nine-screen-canvas-flow\vendor\phpseclib\phpseclib\phpseclib\Math\BigInteger\Engines\BCMath.php on line 157
[13-Mar-2026 13:25:40 UTC] PHP Deprecated:  chr(): Providing a value not in-between 0 and 255 is deprecated, this is because a byte value must be in the [0, 255] interval. The value used will be constrained using % 256 in C:\Users\Pablo\Documents\GitHub\nine-screen-canvas-flow\vendor\phpseclib\phpseclib\phpseclib\Math\BigInteger\Engines\BCMath.php on line 157
[13-Mar-2026 13:25:40 UTC] PHP Deprecated:  chr(): Providing a value not in-between 0 and 255 is deprecated, this is because a byte value must be in the [0, 255] interval. The value used will be constrained using % 256 in C:\Users\Pablo\Documents\GitHub\nine-screen-canvas-flow\vendor\phpseclib\phpseclib\phpseclib\Math\BigInteger\Engines\BCMath.php on line 157
[13-Mar-2026 13:25:40 UTC] PHP Deprecated:  chr(): Providing a value not in-between 0 and 255 is deprecated, this is because a byte value must be in the [0, 255] interval. The value used will be constrained using % 256 in C:\Users\Pablo\Documents\GitHub\nine-screen-canvas-flow\vendor\phpseclib\phpseclib\phpseclib\Math\BigInteger\Engines\BCMath.php on line 157
[13-Mar-2026 13:25:40 UTC] PHP Deprecated:  chr(): Providing a value not in-between 0 and 255 is deprecated, this is because a byte value must be in the [0, 255] interval. The value used will be constrained using % 256 in C:\Users\Pablo\Documents\GitHub\nine-screen-canvas-flow\vendor\phpseclib\phpseclib\phpseclib\Math\BigInteger\Engines\BCMath.php on line 157
[13-Mar-2026 13:25:40 UTC] PHP Deprecated:  chr(): Providing a value not in-between 0 and 255 is deprecated, this is because a byte value must be in the [0, 255] interval. The value used will be constrained using % 256 in C:\Users\Pablo\Documents\GitHub\nine-screen-canvas-flow\vendor\phpseclib\phpseclib\phpseclib\Math\BigInteger\Engines\BCMath.php on line 157
[13-Mar-2026 13:25:40 UTC] PHP Deprecated:  chr(): Providing a value not in-between 0 and 255 is deprecated, this is because a byte value must be in the [0, 255] interval. The value used will be constrained using % 256 in C:\Users\Pablo\Documents\GitHub\nine-screen-canvas-flow\vendor\phpseclib\phpseclib\phpseclib\Math\BigInteger\Engines\BCMath.php on line 157
[13-Mar-2026 13:25:40 UTC] PHP Deprecated:  chr(): Providing a value not in-between 0 and 255 is deprecated, this is because a byte value must be in the [0, 255] interval. The value used will be constrained using % 256 in C:\Users\Pablo\Documents\GitHub\nine-screen-canvas-flow\vendor\phpseclib\phpseclib\phpseclib\Math\BigInteger\Engines\BCMath.php on line 157
[13-Mar-2026 13:25:40 UTC] PHP Deprecated:  chr(): Providing a value not in-between 0 and 255 is deprecated, this is because a byte value must be in the [0, 255] interval. The value used will be constrained using % 256 in C:\Users\Pablo\Documents\GitHub\nine-screen-canvas-flow\vendor\phpseclib\phpseclib\phpseclib\Math\BigInteger\Engines\BCMath.php on line 157
[13-Mar-2026 13:25:40 UTC] PHP Deprecated:  chr(): Providing a value not in-between 0 and 255 is deprecated, this is because a byte value must be in the [0, 255] interval. The value used will be constrained using % 256 in C:\Users\Pablo\Documents\GitHub\nine-screen-canvas-flow\vendor\phpseclib\phpseclib\phpseclib\Math\BigInteger\Engines\BCMath.php on line 157
[13-Mar-2026 13:25:40 UTC] PHP Deprecated:  chr(): Providing a value not in-between 0 and 255 is deprecated, this is because a byte value must be in the [0, 255] interval. The value used will be constrained using % 256 in C:\Users\Pablo\Documents\GitHub\nine-screen-canvas-flow\vendor\phpseclib\phpseclib\phpseclib\Math\BigInteger\Engines\BCMath.php on line 157
[13-Mar-2026 13:25:40 UTC] PHP Deprecated:  chr(): Providing a value not in-between 0 and 255 is deprecated, this is because a byte value must be in the [0, 255] interval. The value used will be constrained using % 256 in C:\Users\Pablo\Documents\GitHub\nine-screen-canvas-flow\vendor\phpseclib\phpseclib\phpseclib\Math\BigInteger\Engines\BCMath.php on line 157
[13-Mar-2026 13:25:40 UTC] PHP Deprecated:  chr(): Providing a value not in-between 0 and 255 is deprecated, this is because a byte value must be in the [0, 255] interval. The value used will be constrained using % 256 in C:\Users\Pablo\Documents\GitHub\nine-screen-canvas-flow\vendor\phpseclib\phpseclib\phpseclib\Math\BigInteger\Engines\BCMath.php on line 157
[13-Mar-2026 13:25:40 UTC] PHP Deprecated:  chr(): Providing a value not in-between 0 and 255 is deprecated, this is because a byte value must be in the [0, 255] interval. The value used will be constrained using % 256 in C:\Users\Pablo\Documents\GitHub\nine-screen-canvas-flow\vendor\phpseclib\phpseclib\phpseclib\Math\BigInteger\Engines\BCMath.php on line 157
[13-Mar-2026 13:25:40 UTC] PHP Deprecated:  chr(): Providing a value not in-between 0 and 255 is deprecated, this is because a byte value must be in the [0, 255] interval. The value used will be constrained using % 256 in C:\Users\Pablo\Documents\GitHub\nine-screen-canvas-flow\vendor\phpseclib\phpseclib\phpseclib\Math\BigInteger\Engines\BCMath.php on line 157
[13-Mar-2026 13:25:40 UTC] PHP Deprecated:  chr(): Providing a value not in-between 0 and 255 is deprecated, this is because a byte value must be in the [0, 255] interval. The value used will be constrained using % 256 in C:\Users\Pablo\Documents\GitHub\nine-screen-canvas-flow\vendor\phpseclib\phpseclib\phpseclib\Math\BigInteger\Engines\BCMath.php on line 157
[13-Mar-2026 13:25:40 UTC] PHP Deprecated:  chr(): Providing a value not in-between 0 and 255 is deprecated, this is because a byte value must be in the [0, 255] interval. The value used will be constrained using % 256 in C:\Users\Pablo\Documents\GitHub\nine-screen-canvas-flow\vendor\phpseclib\phpseclib\phpseclib\Math\BigInteger\Engines\BCMath.php on line 157
[13-Mar-2026 13:25:40 UTC] PHP Deprecated:  chr(): Providing a value not in-between 0 and 255 is deprecated, this is because a byte value must be in the [0, 255] interval. The value used will be constrained using % 256 in C:\Users\Pablo\Documents\GitHub\nine-screen-canvas-flow\vendor\phpseclib\phpseclib\phpseclib\Math\BigInteger\Engines\BCMath.php on line 157
[13-Mar-2026 13:25:40 UTC] PHP Deprecated:  chr(): Providing a value not in-between 0 and 255 is deprecated, this is because a byte value must be in the [0, 255] interval. The value used will be constrained using % 256 in C:\Users\Pablo\Documents\GitHub\nine-screen-canvas-flow\vendor\phpseclib\phpseclib\phpseclib\Math\BigInteger\Engines\BCMath.php on line 157
[13-Mar-2026 13:25:40 UTC] PHP Deprecated:  chr(): Providing a value not in-between 0 and 255 is deprecated, this is because a byte value must be in the [0, 255] interval. The value used will be constrained using % 256 in C:\Users\Pablo\Documents\GitHub\nine-screen-canvas-flow\vendor\phpseclib\phpseclib\phpseclib\Math\BigInteger\Engines\BCMath.php on line 157
[13-Mar-2026 13:25:40 UTC] PHP Deprecated:  chr(): Providing a value not in-between 0 and 255 is deprecated, this is because a byte value must be in the [0, 255] interval. The value used will be constrained using % 256 in C:\Users\Pablo\Documents\GitHub\nine-screen-canvas-flow\vendor\phpseclib\phpseclib\phpseclib\Math\BigInteger\Engines\BCMath.php on line 157
[13-Mar-2026 13:25:40 UTC] PHP Deprecated:  chr(): Providing a value not in-between 0 and 255 is deprecated, this is because a byte value must be in the [0, 255] interval. The value used will be constrained using % 256 in C:\Users\Pablo\Documents\GitHub\nine-screen-canvas-flow\vendor\phpseclib\phpseclib\phpseclib\Math\BigInteger\Engines\BCMath.php on line 157
[13-Mar-2026 13:25:40 UTC] PHP Deprecated:  chr(): Providing a value not in-between 0 and 255 is deprecated, this is because a byte value must be in the [0, 255] interval. The value used will be constrained using % 256 in C:\Users\Pablo\Documents\GitHub\nine-screen-canvas-flow\vendor\phpseclib\phpseclib\phpseclib\Math\BigInteger\Engines\BCMath.php on line 157
[13-Mar-2026 13:25:40 UTC] PHP Deprecated:  chr(): Providing a value not in-between 0 and 255 is deprecated, this is because a byte value must be in the [0, 255] interval. The value used will be constrained using % 256 in C:\Users\Pablo\Documents\GitHub\nine-screen-canvas-flow\vendor\phpseclib\phpseclib\phpseclib\Math\BigInteger\Engines\BCMath.php on line 157
[13-Mar-2026 13:25:40 UTC] PHP Deprecated:  chr(): Providing a value not in-between 0 and 255 is deprecated, this is because a byte value must be in the [0, 255] interval. The value used will be constrained using % 256 in C:\Users\Pablo\Documents\GitHub\nine-screen-canvas-flow\vendor\phpseclib\phpseclib\phpseclib\Math\BigInteger\Engines\BCMath.php on line 157
[13-Mar-2026 13:25:40 UTC] PHP Deprecated:  chr(): Providing a value not in-between 0 and 255 is deprecated, this is because a byte value must be in the [0, 255] interval. The value used will be constrained using % 256 in C:\Users\Pablo\Documents\GitHub\nine-screen-canvas-flow\vendor\phpseclib\phpseclib\phpseclib\Math\BigInteger\Engines\BCMath.php on line 157
[13-Mar-2026 13:25:40 UTC] PHP Deprecated:  chr(): Providing a value not in-between 0 and 255 is deprecated, this is because a byte value must be in the [0, 255] interval. The value used will be constrained using % 256 in C:\Users\Pablo\Documents\GitHub\nine-screen-canvas-flow\vendor\phpseclib\phpseclib\phpseclib\Math\BigInteger\Engines\BCMath.php on line 157
[13-Mar-2026 13:25:40 UTC] PHP Deprecated:  chr(): Providing a value not in-between 0 and 255 is deprecated, this is because a byte value must be in the [0, 255] interval. The value used will be constrained using % 256 in C:\Users\Pablo\Documents\GitHub\nine-screen-canvas-flow\vendor\phpseclib\phpseclib\phpseclib\Math\BigInteger\Engines\BCMath.php on line 157
[13-Mar-2026 13:25:40 UTC] PHP Deprecated:  chr(): Providing a value not in-between 0 and 255 is deprecated, this is because a byte value must be in the [0, 255] interval. The value used will be constrained using % 256 in C:\Users\Pablo\Documents\GitHub\nine-screen-canvas-flow\vendor\phpseclib\phpseclib\phpseclib\Math\BigInteger\Engines\BCMath.php on line 157
[13-Mar-2026 13:25:40 UTC] PHP Deprecated:  chr(): Providing a value not in-between 0 and 255 is deprecated, this is because a byte value must be in the [0, 255] interval. The value used will be constrained using % 256 in C:\Users\Pablo\Documents\GitHub\nine-screen-canvas-flow\vendor\phpseclib\phpseclib\phpseclib\Math\BigInteger\Engines\BCMath.php on line 157
[13-Mar-2026 13:25:40 UTC] PHP Deprecated:  chr(): Providing a value not in-between 0 and 255 is deprecated, this is because a byte value must be in the [0, 255] interval. The value used will be constrained using % 256 in C:\Users\Pablo\Documents\GitHub\nine-screen-canvas-flow\vendor\phpseclib\phpseclib\phpseclib\Math\BigInteger\Engines\BCMath.php on line 157
[13-Mar-2026 13:25:40 UTC] PHP Deprecated:  chr(): Providing a value not in-between 0 and 255 is deprecated, this is because a byte value must be in the [0, 255] interval. The value used will be constrained using % 256 in C:\Users\Pablo\Documents\GitHub\nine-screen-canvas-flow\vendor\phpseclib\phpseclib\phpseclib\Math\BigInteger\Engines\BCMath.php on line 157
[13-Mar-2026 13:25:40 UTC] PHP Deprecated:  chr(): Providing a value not in-between 0 and 255 is deprecated, this is because a byte value must be in the [0, 255] interval. The value used will be constrained using % 256 in C:\Users\Pablo\Documents\GitHub\nine-screen-canvas-flow\vendor\phpseclib\phpseclib\phpseclib\Math\BigInteger\Engines\BCMath.php on line 157
[13-Mar-2026 13:25:40 UTC] PHP Deprecated:  chr(): Providing a value not in-between 0 and 255 is deprecated, this is because a byte value must be in the [0, 255] interval. The value used will be constrained using % 256 in C:\Users\Pablo\Documents\GitHub\nine-screen-canvas-flow\vendor\phpseclib\phpseclib\phpseclib\Math\BigInteger\Engines\BCMath.php on line 157
[13-Mar-2026 13:25:40 UTC] PHP Deprecated:  chr(): Providing a value not in-between 0 and 255 is deprecated, this is because a byte value must be in the [0, 255] interval. The value used will be constrained using % 256 in C:\Users\Pablo\Documents\GitHub\nine-screen-canvas-flow\vendor\phpseclib\phpseclib\phpseclib\Math\BigInteger\Engines\BCMath.php on line 157
[13-Mar-2026 13:25:40 UTC] PHP Deprecated:  chr(): Providing a value not in-between 0 and 255 is deprecated, this is because a byte value must be in the [0, 255] interval. The value used will be constrained using % 256 in C:\Users\Pablo\Documents\GitHub\nine-screen-canvas-flow\vendor\phpseclib\phpseclib\phpseclib\Math\BigInteger\Engines\BCMath.php on line 157
[13-Mar-2026 13:25:40 UTC] PHP Deprecated:  chr(): Providing a value not in-between 0 and 255 is deprecated, this is because a byte value must be in the [0, 255] interval. The value used will be constrained using % 256 in C:\Users\Pablo\Documents\GitHub\nine-screen-canvas-flow\vendor\phpseclib\phpseclib\phpseclib\Math\BigInteger\Engines\BCMath.php on line 157
[13-Mar-2026 13:25:40 UTC] PHP Deprecated:  chr(): Providing a value not in-between 0 and 255 is deprecated, this is because a byte value must be in the [0, 255] interval. The value used will be constrained using % 256 in C:\Users\Pablo\Documents\GitHub\nine-screen-canvas-flow\vendor\phpseclib\phpseclib\phpseclib\Math\BigInteger\Engines\BCMath.php on line 157
[13-Mar-2026 13:25:40 UTC] PHP Deprecated:  chr(): Providing a value not in-between 0 and 255 is deprecated, this is because a byte value must be in the [0, 255] interval. The value used will be constrained using % 256 in C:\Users\Pablo\Documents\GitHub\nine-screen-canvas-flow\vendor\phpseclib\phpseclib\phpseclib\Math\BigInteger\Engines\BCMath.php on line 157
[13-Mar-2026 13:25:40 UTC] PHP Deprecated:  chr(): Providing a value not in-between 0 and 255 is deprecated, this is because a byte value must be in the [0, 255] interval. The value used will be constrained using % 256 in C:\Users\Pablo\Documents\GitHub\nine-screen-canvas-flow\vendor\phpseclib\phpseclib\phpseclib\Math\BigInteger\Engines\BCMath.php on line 157
[13-Mar-2026 13:25:40 UTC] PHP Deprecated:  chr(): Providing a value not in-between 0 and 255 is deprecated, this is because a byte value must be in the [0, 255] interval. The value used will be constrained using % 256 in C:\Users\Pablo\Documents\GitHub\nine-screen-canvas-flow\vendor\phpseclib\phpseclib\phpseclib\Math\BigInteger\Engines\BCMath.php on line 157
[13-Mar-2026 13:25:40 UTC] PHP Deprecated:  chr(): Providing a value not in-between 0 and 255 is deprecated, this is because a byte value must be in the [0, 255] interval. The value used will be constrained using % 256 in C:\Users\Pablo\Documents\GitHub\nine-screen-canvas-flow\vendor\phpseclib\phpseclib\phpseclib\Math\BigInteger\Engines\BCMath.php on line 157
[13-Mar-2026 13:25:40 UTC] PHP Deprecated:  chr(): Providing a value not in-between 0 and 255 is deprecated, this is because a byte value must be in the [0, 255] interval. The value used will be constrained using % 256 in C:\Users\Pablo\Documents\GitHub\nine-screen-canvas-flow\vendor\phpseclib\phpseclib\phpseclib\Math\BigInteger\Engines\BCMath.php on line 157
[13-Mar-2026 13:25:40 UTC] PHP Deprecated:  chr(): Providing a value not in-between 0 and 255 is deprecated, this is because a byte value must be in the [0, 255] interval. The value used will be constrained using % 256 in C:\Users\Pablo\Documents\GitHub\nine-screen-canvas-flow\vendor\phpseclib\phpseclib\phpseclib\Math\BigInteger\Engines\BCMath.php on line 157
[13-Mar-2026 13:25:40 UTC] PHP Deprecated:  chr(): Providing a value not in-between 0 and 255 is deprecated, this is because a byte value must be in the [0, 255] interval. The value used will be constrained using % 256 in C:\Users\Pablo\Documents\GitHub\nine-screen-canvas-flow\vendor\phpseclib\phpseclib\phpseclib\Math\BigInteger\Engines\BCMath.php on line 157
[13-Mar-2026 13:25:40 UTC] PHP Deprecated:  chr(): Providing a value not in-between 0 and 255 is deprecated, this is because a byte value must be in the [0, 255] interval. The value used will be constrained using % 256 in C:\Users\Pablo\Documents\GitHub\nine-screen-canvas-flow\vendor\phpseclib\phpseclib\phpseclib\Math\BigInteger\Engines\BCMath.php on line 157
[13-Mar-2026 13:25:40 UTC] PHP Deprecated:  chr(): Providing a value not in-between 0 and 255 is deprecated, this is because a byte value must be in the [0, 255] interval. The value used will be constrained using % 256 in C:\Users\Pablo\Documents\GitHub\nine-screen-canvas-flow\vendor\phpseclib\phpseclib\phpseclib\Math\BigInteger\Engines\BCMath.php on line 157
[13-Mar-2026 13:25:40 UTC] PHP Deprecated:  chr(): Providing a value not in-between 0 and 255 is deprecated, this is because a byte value must be in the [0, 255] interval. The value used will be constrained using % 256 in C:\Users\Pablo\Documents\GitHub\nine-screen-canvas-flow\vendor\phpseclib\phpseclib\phpseclib\Math\BigInteger\Engines\BCMath.php on line 157
[13-Mar-2026 13:25:40 UTC] PHP Deprecated:  chr(): Providing a value not in-between 0 and 255 is deprecated, this is because a byte value must be in the [0, 255] interval. The value used will be constrained using % 256 in C:\Users\Pablo\Documents\GitHub\nine-screen-canvas-flow\vendor\phpseclib\phpseclib\phpseclib\Math\BigInteger\Engines\BCMath.php on line 157
[13-Mar-2026 13:25:40 UTC] PHP Deprecated:  chr(): Providing a value not in-between 0 and 255 is deprecated, this is because a byte value must be in the [0, 255] interval. The value used will be constrained using % 256 in C:\Users\Pablo\Documents\GitHub\nine-screen-canvas-flow\vendor\phpseclib\phpseclib\phpseclib\Math\BigInteger\Engines\BCMath.php on line 157
[13-Mar-2026 13:25:40 UTC] PHP Deprecated:  chr(): Providing a value not in-between 0 and 255 is deprecated, this is because a byte value must be in the [0, 255] interval. The value used will be constrained using % 256 in C:\Users\Pablo\Documents\GitHub\nine-screen-canvas-flow\vendor\phpseclib\phpseclib\phpseclib\Math\BigInteger\Engines\BCMath.php on line 157
[13-Mar-2026 13:25:40 UTC] PHP Deprecated:  chr(): Providing a value not in-between 0 and 255 is deprecated, this is because a byte value must be in the [0, 255] interval. The value used will be constrained using % 256 in C:\Users\Pablo\Documents\GitHub\nine-screen-canvas-flow\vendor\phpseclib\phpseclib\phpseclib\Math\BigInteger\Engines\BCMath.php on line 157
[13-Mar-2026 13:25:40 UTC] PHP Deprecated:  chr(): Providing a value not in-between 0 and 255 is deprecated, this is because a byte value must be in the [0, 255] interval. The value used will be constrained using % 256 in C:\Users\Pablo\Documents\GitHub\nine-screen-canvas-flow\vendor\phpseclib\phpseclib\phpseclib\Math\BigInteger\Engines\BCMath.php on line 157
[13-Mar-2026 13:25:40 UTC] PHP Deprecated:  chr(): Providing a value not in-between 0 and 255 is deprecated, this is because a byte value must be in the [0, 255] interval. The value used will be constrained using % 256 in C:\Users\Pablo\Documents\GitHub\nine-screen-canvas-flow\vendor\phpseclib\phpseclib\phpseclib\Math\BigInteger\Engines\BCMath.php on line 157
[13-Mar-2026 13:25:40 UTC] PHP Deprecated:  chr(): Providing a value not in-between 0 and 255 is deprecated, this is because a byte value must be in the [0, 255] interval. The value used will be constrained using % 256 in C:\Users\Pablo\Documents\GitHub\nine-screen-canvas-flow\vendor\phpseclib\phpseclib\phpseclib\Math\BigInteger\Engines\BCMath.php on line 157
[13-Mar-2026 13:25:40 UTC] PHP Deprecated:  chr(): Providing a value not in-between 0 and 255 is deprecated, this is because a byte value must be in the [0, 255] interval. The value used will be constrained using % 256 in C:\Users\Pablo\Documents\GitHub\nine-screen-canvas-flow\vendor\phpseclib\phpseclib\phpseclib\Math\BigInteger\Engines\BCMath.php on line 157
[13-Mar-2026 13:25:40 UTC] PHP Deprecated:  chr(): Providing a value not in-between 0 and 255 is deprecated, this is because a byte value must be in the [0, 255] interval. The value used will be constrained using % 256 in C:\Users\Pablo\Documents\GitHub\nine-screen-canvas-flow\vendor\phpseclib\phpseclib\phpseclib\Math\BigInteger\Engines\BCMath.php on line 157
[13-Mar-2026 13:25:40 UTC] PHP Deprecated:  chr(): Providing a value not in-between 0 and 255 is deprecated, this is because a byte value must be in the [0, 255] interval. The value used will be constrained using % 256 in C:\Users\Pablo\Documents\GitHub\nine-screen-canvas-flow\vendor\phpseclib\phpseclib\phpseclib\Math\BigInteger\Engines\BCMath.php on line 157
[13-Mar-2026 13:25:40 UTC] PHP Deprecated:  chr(): Providing a value not in-between 0 and 255 is deprecated, this is because a byte value must be in the [0, 255] interval. The value used will be constrained using % 256 in C:\Users\Pablo\Documents\GitHub\nine-screen-canvas-flow\vendor\phpseclib\phpseclib\phpseclib\Math\BigInteger\Engines\BCMath.php on line 157
[13-Mar-2026 13:25:40 UTC] PHP Deprecated:  chr(): Providing a value not in-between 0 and 255 is deprecated, this is because a byte value must be in the [0, 255] interval. The value used will be constrained using % 256 in C:\Users\Pablo\Documents\GitHub\nine-screen-canvas-flow\vendor\phpseclib\phpseclib\phpseclib\Math\BigInteger\Engines\BCMath.php on line 157
[13-Mar-2026 13:25:40 UTC] PHP Deprecated:  chr(): Providing a value not in-between 0 and 255 is deprecated, this is because a byte value must be in the [0, 255] interval. The value used will be constrained using % 256 in C:\Users\Pablo\Documents\GitHub\nine-screen-canvas-flow\vendor\phpseclib\phpseclib\phpseclib\Math\BigInteger\Engines\BCMath.php on line 157
[13-Mar-2026 13:25:40 UTC] PHP Deprecated:  chr(): Providing a value not in-between 0 and 255 is deprecated, this is because a byte value must be in the [0, 255] interval. The value used will be constrained using % 256 in C:\Users\Pablo\Documents\GitHub\nine-screen-canvas-flow\vendor\phpseclib\phpseclib\phpseclib\Math\BigInteger\Engines\BCMath.php on line 157
[13-Mar-2026 13:25:40 UTC] PHP Deprecated:  chr(): Providing a value not in-between 0 and 255 is deprecated, this is because a byte value must be in the [0, 255] interval. The value used will be constrained using % 256 in C:\Users\Pablo\Documents\GitHub\nine-screen-canvas-flow\vendor\phpseclib\phpseclib\phpseclib\Math\BigInteger\Engines\BCMath.php on line 157
[13-Mar-2026 13:25:40 UTC] PHP Deprecated:  chr(): Providing a value not in-between 0 and 255 is deprecated, this is because a byte value must be in the [0, 255] interval. The value used will be constrained using % 256 in C:\Users\Pablo\Documents\GitHub\nine-screen-canvas-flow\vendor\phpseclib\phpseclib\phpseclib\Math\BigInteger\Engines\BCMath.php on line 157
[13-Mar-2026 13:25:40 UTC] PHP Deprecated:  chr(): Providing a value not in-between 0 and 255 is deprecated, this is because a byte value must be in the [0, 255] interval. The value used will be constrained using % 256 in C:\Users\Pablo\Documents\GitHub\nine-screen-canvas-flow\vendor\phpseclib\phpseclib\phpseclib\Math\BigInteger\Engines\BCMath.php on line 157
[13-Mar-2026 13:25:40 UTC] PHP Deprecated:  chr(): Providing a value not in-between 0 and 255 is deprecated, this is because a byte value must be in the [0, 255] interval. The value used will be constrained using % 256 in C:\Users\Pablo\Documents\GitHub\nine-screen-canvas-flow\vendor\phpseclib\phpseclib\phpseclib\Math\BigInteger\Engines\BCMath.php on line 157
[13-Mar-2026 13:25:40 UTC] PHP Deprecated:  chr(): Providing a value not in-between 0 and 255 is deprecated, this is because a byte value must be in the [0, 255] interval. The value used will be constrained using % 256 in C:\Users\Pablo\Documents\GitHub\nine-screen-canvas-flow\vendor\phpseclib\phpseclib\phpseclib\Math\BigInteger\Engines\BCMath.php on line 157
[13-Mar-2026 13:25:40 UTC] PHP Deprecated:  chr(): Providing a value not in-between 0 and 255 is deprecated, this is because a byte value must be in the [0, 255] interval. The value used will be constrained using % 256 in C:\Users\Pablo\Documents\GitHub\nine-screen-canvas-flow\vendor\phpseclib\phpseclib\phpseclib\Math\BigInteger\Engines\BCMath.php on line 157
[13-Mar-2026 13:25:40 UTC] PHP Deprecated:  chr(): Providing a value not in-between 0 and 255 is deprecated, this is because a byte value must be in the [0, 255] interval. The value used will be constrained using % 256 in C:\Users\Pablo\Documents\GitHub\nine-screen-canvas-flow\vendor\phpseclib\phpseclib\phpseclib\Math\BigInteger\Engines\BCMath.php on line 157
[13-Mar-2026 13:25:40 UTC] PHP Deprecated:  chr(): Providing a value not in-between 0 and 255 is deprecated, this is because a byte value must be in the [0, 255] interval. The value used will be constrained using % 256 in C:\Users\Pablo\Documents\GitHub\nine-screen-canvas-flow\vendor\phpseclib\phpseclib\phpseclib\Math\BigInteger\Engines\BCMath.php on line 157
[13-Mar-2026 13:25:40 UTC] PHP Deprecated:  chr(): Providing a value not in-between 0 and 255 is deprecated, this is because a byte value must be in the [0, 255] interval. The value used will be constrained using % 256 in C:\Users\Pablo\Documents\GitHub\nine-screen-canvas-flow\vendor\phpseclib\phpseclib\phpseclib\Math\BigInteger\Engines\BCMath.php on line 157
[13-Mar-2026 13:25:40 UTC] PHP Deprecated:  chr(): Providing a value not in-between 0 and 255 is deprecated, this is because a byte value must be in the [0, 255] interval. The value used will be constrained using % 256 in C:\Users\Pablo\Documents\GitHub\nine-screen-canvas-flow\vendor\phpseclib\phpseclib\phpseclib\Math\BigInteger\Engines\BCMath.php on line 157
[13-Mar-2026 13:25:40 UTC] PHP Deprecated:  chr(): Providing a value not in-between 0 and 255 is deprecated, this is because a byte value must be in the [0, 255] interval. The value used will be constrained using % 256 in C:\Users\Pablo\Documents\GitHub\nine-screen-canvas-flow\vendor\phpseclib\phpseclib\phpseclib\Math\BigInteger\Engines\BCMath.php on line 157
[13-Mar-2026 13:25:40 UTC] PHP Deprecated:  chr(): Providing a value not in-between 0 and 255 is deprecated, this is because a byte value must be in the [0, 255] interval. The value used will be constrained using % 256 in C:\Users\Pablo\Documents\GitHub\nine-screen-canvas-flow\vendor\phpseclib\phpseclib\phpseclib\Math\BigInteger\Engines\BCMath.php on line 157
[13-Mar-2026 13:25:40 UTC] PHP Deprecated:  chr(): Providing a value not in-between 0 and 255 is deprecated, this is because a byte value must be in the [0, 255] interval. The value used will be constrained using % 256 in C:\Users\Pablo\Documents\GitHub\nine-screen-canvas-flow\vendor\phpseclib\phpseclib\phpseclib\Math\BigInteger\Engines\BCMath.php on line 157
[13-Mar-2026 13:25:40 UTC] PHP Deprecated:  chr(): Providing a value not in-between 0 and 255 is deprecated, this is because a byte value must be in the [0, 255] interval. The value used will be constrained using % 256 in C:\Users\Pablo\Documents\GitHub\nine-screen-canvas-flow\vendor\phpseclib\phpseclib\phpseclib\Math\BigInteger\Engines\BCMath.php on line 157
[13-Mar-2026 13:25:40 UTC] PHP Deprecated:  chr(): Providing a value not in-between 0 and 255 is deprecated, this is because a byte value must be in the [0, 255] interval. The value used will be constrained using % 256 in C:\Users\Pablo\Documents\GitHub\nine-screen-canvas-flow\vendor\phpseclib\phpseclib\phpseclib\Math\BigInteger\Engines\BCMath.php on line 157
[13-Mar-2026 13:25:40 UTC] PHP Deprecated:  chr(): Providing a value not in-between 0 and 255 is deprecated, this is because a byte value must be in the [0, 255] interval. The value used will be constrained using % 256 in C:\Users\Pablo\Documents\GitHub\nine-screen-canvas-flow\vendor\phpseclib\phpseclib\phpseclib\Math\BigInteger\Engines\BCMath.php on line 157
[13-Mar-2026 13:25:40 UTC] PHP Deprecated:  chr(): Providing a value not in-between 0 and 255 is deprecated, this is because a byte value must be in the [0, 255] interval. The value used will be constrained using % 256 in C:\Users\Pablo\Documents\GitHub\nine-screen-canvas-flow\vendor\phpseclib\phpseclib\phpseclib\Math\BigInteger\Engines\BCMath.php on line 157
[13-Mar-2026 13:25:40 UTC] PHP Deprecated:  chr(): Providing a value not in-between 0 and 255 is deprecated, this is because a byte value must be in the [0, 255] interval. The value used will be constrained using % 256 in C:\Users\Pablo\Documents\GitHub\nine-screen-canvas-flow\vendor\phpseclib\phpseclib\phpseclib\Math\BigInteger\Engines\BCMath.php on line 157
[13-Mar-2026 13:25:40 UTC] PHP Deprecated:  chr(): Providing a value not in-between 0 and 255 is deprecated, this is because a byte value must be in the [0, 255] interval. The value used will be constrained using % 256 in C:\Users\Pablo\Documents\GitHub\nine-screen-canvas-flow\vendor\phpseclib\phpseclib\phpseclib\Math\BigInteger\Engines\BCMath.php on line 157
[13-Mar-2026 13:25:40 UTC] PHP Deprecated:  chr(): Providing a value not in-between 0 and 255 is deprecated, this is because a byte value must be in the [0, 255] interval. The value used will be constrained using % 256 in C:\Users\Pablo\Documents\GitHub\nine-screen-canvas-flow\vendor\phpseclib\phpseclib\phpseclib\Math\BigInteger\Engines\BCMath.php on line 157
[13-Mar-2026 13:25:40 UTC] PHP Deprecated:  chr(): Providing a value not in-between 0 and 255 is deprecated, this is because a byte value must be in the [0, 255] interval. The value used will be constrained using % 256 in C:\Users\Pablo\Documents\GitHub\nine-screen-canvas-flow\vendor\phpseclib\phpseclib\phpseclib\Math\BigInteger\Engines\BCMath.php on line 157
[13-Mar-2026 13:25:40 UTC] PHP Deprecated:  chr(): Providing a value not in-between 0 and 255 is deprecated, this is because a byte value must be in the [0, 255] interval. The value used will be constrained using % 256 in C:\Users\Pablo\Documents\GitHub\nine-screen-canvas-flow\vendor\phpseclib\phpseclib\phpseclib\Math\BigInteger\Engines\BCMath.php on line 157
[13-Mar-2026 13:25:40 UTC] PHP Deprecated:  chr(): Providing a value not in-between 0 and 255 is deprecated, this is because a byte value must be in the [0, 255] interval. The value used will be constrained using % 256 in C:\Users\Pablo\Documents\GitHub\nine-screen-canvas-flow\vendor\phpseclib\phpseclib\phpseclib\Math\BigInteger\Engines\BCMath.php on line 157
[13-Mar-2026 13:25:40 UTC] PHP Deprecated:  chr(): Providing a value not in-between 0 and 255 is deprecated, this is because a byte value must be in the [0, 255] interval. The value used will be constrained using % 256 in C:\Users\Pablo\Documents\GitHub\nine-screen-canvas-flow\vendor\phpseclib\phpseclib\phpseclib\Math\BigInteger\Engines\BCMath.php on line 157
[13-Mar-2026 13:25:40 UTC] PHP Deprecated:  chr(): Providing a value not in-between 0 and 255 is deprecated, this is because a byte value must be in the [0, 255] interval. The value used will be constrained using % 256 in C:\Users\Pablo\Documents\GitHub\nine-screen-canvas-flow\vendor\phpseclib\phpseclib\phpseclib\Math\BigInteger\Engines\BCMath.php on line 157
[13-Mar-2026 13:25:40 UTC] PHP Deprecated:  chr(): Providing a value not in-between 0 and 255 is deprecated, this is because a byte value must be in the [0, 255] interval. The value used will be constrained using % 256 in C:\Users\Pablo\Documents\GitHub\nine-screen-canvas-flow\vendor\phpseclib\phpseclib\phpseclib\Math\BigInteger\Engines\BCMath.php on line 157
[13-Mar-2026 13:25:40 UTC] PHP Deprecated:  chr(): Providing a value not in-between 0 and 255 is deprecated, this is because a byte value must be in the [0, 255] interval. The value used will be constrained using % 256 in C:\Users\Pablo\Documents\GitHub\nine-screen-canvas-flow\vendor\phpseclib\phpseclib\phpseclib\Math\BigInteger\Engines\BCMath.php on line 157
[13-Mar-2026 13:25:40 UTC] PHP Deprecated:  chr(): Providing a value not in-between 0 and 255 is deprecated, this is because a byte value must be in the [0, 255] interval. The value used will be constrained using % 256 in C:\Users\Pablo\Documents\GitHub\nine-screen-canvas-flow\vendor\phpseclib\phpseclib\phpseclib\Math\BigInteger\Engines\BCMath.php on line 157
[13-Mar-2026 13:25:40 UTC] PHP Deprecated:  chr(): Providing a value not in-between 0 and 255 is deprecated, this is because a byte value must be in the [0, 255] interval. The value used will be constrained using % 256 in C:\Users\Pablo\Documents\GitHub\nine-screen-canvas-flow\vendor\phpseclib\phpseclib\phpseclib\Math\BigInteger\Engines\BCMath.php on line 157
[13-Mar-2026 13:25:40 UTC] PHP Deprecated:  chr(): Providing a value not in-between 0 and 255 is deprecated, this is because a byte value must be in the [0, 255] interval. The value used will be constrained using % 256 in C:\Users\Pablo\Documents\GitHub\nine-screen-canvas-flow\vendor\phpseclib\phpseclib\phpseclib\Math\BigInteger\Engines\BCMath.php on line 157
[13-Mar-2026 13:25:40 UTC] PHP Deprecated:  chr(): Providing a value not in-between 0 and 255 is deprecated, this is because a byte value must be in the [0, 255] interval. The value used will be constrained using % 256 in C:\Users\Pablo\Documents\GitHub\nine-screen-canvas-flow\vendor\phpseclib\phpseclib\phpseclib\Math\BigInteger\Engines\BCMath.php on line 157
[13-Mar-2026 13:25:40 UTC] PHP Deprecated:  chr(): Providing a value not in-between 0 and 255 is deprecated, this is because a byte value must be in the [0, 255] interval. The value used will be constrained using % 256 in C:\Users\Pablo\Documents\GitHub\nine-screen-canvas-flow\vendor\phpseclib\phpseclib\phpseclib\Math\BigInteger\Engines\BCMath.php on line 157
[13-Mar-2026 13:25:40 UTC] PHP Deprecated:  chr(): Providing a value not in-between 0 and 255 is deprecated, this is because a byte value must be in the [0, 255] interval. The value used will be constrained using % 256 in C:\Users\Pablo\Documents\GitHub\nine-screen-canvas-flow\vendor\phpseclib\phpseclib\phpseclib\Math\BigInteger\Engines\BCMath.php on line 157
[13-Mar-2026 13:25:40 UTC] PHP Deprecated:  chr(): Providing a value not in-between 0 and 255 is deprecated, this is because a byte value must be in the [0, 255] interval. The value used will be constrained using % 256 in C:\Users\Pablo\Documents\GitHub\nine-screen-canvas-flow\vendor\phpseclib\phpseclib\phpseclib\Math\BigInteger\Engines\BCMath.php on line 157
[13-Mar-2026 13:25:40 UTC] PHP Deprecated:  chr(): Providing a value not in-between 0 and 255 is deprecated, this is because a byte value must be in the [0, 255] interval. The value used will be constrained using % 256 in C:\Users\Pablo\Documents\GitHub\nine-screen-canvas-flow\vendor\phpseclib\phpseclib\phpseclib\Math\BigInteger\Engines\BCMath.php on line 157
[13-Mar-2026 13:25:40 UTC] PHP Deprecated:  chr(): Providing a value not in-between 0 and 255 is deprecated, this is because a byte value must be in the [0, 255] interval. The value used will be constrained using % 256 in C:\Users\Pablo\Documents\GitHub\nine-screen-canvas-flow\vendor\phpseclib\phpseclib\phpseclib\Math\BigInteger\Engines\BCMath.php on line 157
[13-Mar-2026 13:25:40 UTC] PHP Deprecated:  chr(): Providing a value not in-between 0 and 255 is deprecated, this is because a byte value must be in the [0, 255] interval. The value used will be constrained using % 256 in C:\Users\Pablo\Documents\GitHub\nine-screen-canvas-flow\vendor\phpseclib\phpseclib\phpseclib\Math\BigInteger\Engines\BCMath.php on line 157
[13-Mar-2026 13:25:40 UTC] PHP Deprecated:  chr(): Providing a value not in-between 0 and 255 is deprecated, this is because a byte value must be in the [0, 255] interval. The value used will be constrained using % 256 in C:\Users\Pablo\Documents\GitHub\nine-screen-canvas-flow\vendor\phpseclib\phpseclib\phpseclib\Math\BigInteger\Engines\BCMath.php on line 157
[13-Mar-2026 13:25:40 UTC] PHP Deprecated:  chr(): Providing a value not in-between 0 and 255 is deprecated, this is because a byte value must be in the [0, 255] interval. The value used will be constrained using % 256 in C:\Users\Pablo\Documents\GitHub\nine-screen-canvas-flow\vendor\phpseclib\phpseclib\phpseclib\Math\BigInteger\Engines\BCMath.php on line 157
[13-Mar-2026 13:25:40 UTC] PHP Deprecated:  chr(): Providing a value not in-between 0 and 255 is deprecated, this is because a byte value must be in the [0, 255] interval. The value used will be constrained using % 256 in C:\Users\Pablo\Documents\GitHub\nine-screen-canvas-flow\vendor\phpseclib\phpseclib\phpseclib\Math\BigInteger\Engines\BCMath.php on line 157
[13-Mar-2026 13:25:40 UTC] PHP Deprecated:  chr(): Providing a value not in-between 0 and 255 is deprecated, this is because a byte value must be in the [0, 255] interval. The value used will be constrained using % 256 in C:\Users\Pablo\Documents\GitHub\nine-screen-canvas-flow\vendor\phpseclib\phpseclib\phpseclib\Math\BigInteger\Engines\BCMath.php on line 157
[13-Mar-2026 13:25:40 UTC] PHP Deprecated:  chr(): Providing a value not in-between 0 and 255 is deprecated, this is because a byte value must be in the [0, 255] interval. The value used will be constrained using % 256 in C:\Users\Pablo\Documents\GitHub\nine-screen-canvas-flow\vendor\phpseclib\phpseclib\phpseclib\Math\BigInteger\Engines\BCMath.php on line 157
[13-Mar-2026 13:25:40 UTC] PHP Deprecated:  chr(): Providing a value not in-between 0 and 255 is deprecated, this is because a byte value must be in the [0, 255] interval. The value used will be constrained using % 256 in C:\Users\Pablo\Documents\GitHub\nine-screen-canvas-flow\vendor\phpseclib\phpseclib\phpseclib\Math\BigInteger\Engines\BCMath.php on line 157
[13-Mar-2026 13:25:40 UTC] PHP Deprecated:  chr(): Providing a value not in-between 0 and 255 is deprecated, this is because a byte value must be in the [0, 255] interval. The value used will be constrained using % 256 in C:\Users\Pablo\Documents\GitHub\nine-screen-canvas-flow\vendor\phpseclib\phpseclib\phpseclib\Math\BigInteger\Engines\BCMath.php on line 157
[13-Mar-2026 13:25:40 UTC] PHP Deprecated:  chr(): Providing a value not in-between 0 and 255 is deprecated, this is because a byte value must be in the [0, 255] interval. The value used will be constrained using % 256 in C:\Users\Pablo\Documents\GitHub\nine-screen-canvas-flow\vendor\phpseclib\phpseclib\phpseclib\Math\BigInteger\Engines\BCMath.php on line 157
[13-Mar-2026 13:25:40 UTC] PHP Deprecated:  chr(): Providing a value not in-between 0 and 255 is deprecated, this is because a byte value must be in the [0, 255] interval. The value used will be constrained using % 256 in C:\Users\Pablo\Documents\GitHub\nine-screen-canvas-flow\vendor\phpseclib\phpseclib\phpseclib\Math\BigInteger\Engines\BCMath.php on line 157
[13-Mar-2026 13:25:40 UTC] PHP Deprecated:  chr(): Providing a value not in-between 0 and 255 is deprecated, this is because a byte value must be in the [0, 255] interval. The value used will be constrained using % 256 in C:\Users\Pablo\Documents\GitHub\nine-screen-canvas-flow\vendor\phpseclib\phpseclib\phpseclib\Math\BigInteger\Engines\BCMath.php on line 157
[13-Mar-2026 13:25:40 UTC] PHP Deprecated:  chr(): Providing a value not in-between 0 and 255 is deprecated, this is because a byte value must be in the [0, 255] interval. The value used will be constrained using % 256 in C:\Users\Pablo\Documents\GitHub\nine-screen-canvas-flow\vendor\phpseclib\phpseclib\phpseclib\Math\BigInteger\Engines\BCMath.php on line 157
[13-Mar-2026 13:25:40 UTC] PHP Deprecated:  chr(): Providing a value not in-between 0 and 255 is deprecated, this is because a byte value must be in the [0, 255] interval. The value used will be constrained using % 256 in C:\Users\Pablo\Documents\GitHub\nine-screen-canvas-flow\vendor\phpseclib\phpseclib\phpseclib\Math\BigInteger\Engines\BCMath.php on line 157
[13-Mar-2026 13:25:40 UTC] PHP Deprecated:  chr(): Providing a value not in-between 0 and 255 is deprecated, this is because a byte value must be in the [0, 255] interval. The value used will be constrained using % 256 in C:\Users\Pablo\Documents\GitHub\nine-screen-canvas-flow\vendor\phpseclib\phpseclib\phpseclib\Math\BigInteger\Engines\BCMath.php on line 157
[13-Mar-2026 13:25:40 UTC] PHP Deprecated:  chr(): Providing a value not in-between 0 and 255 is deprecated, this is because a byte value must be in the [0, 255] interval. The value used will be constrained using % 256 in C:\Users\Pablo\Documents\GitHub\nine-screen-canvas-flow\vendor\phpseclib\phpseclib\phpseclib\Math\BigInteger\Engines\BCMath.php on line 157
[13-Mar-2026 13:25:40 UTC] PHP Deprecated:  chr(): Providing a value not in-between 0 and 255 is deprecated, this is because a byte value must be in the [0, 255] interval. The value used will be constrained using % 256 in C:\Users\Pablo\Documents\GitHub\nine-screen-canvas-flow\vendor\phpseclib\phpseclib\phpseclib\Math\BigInteger\Engines\BCMath.php on line 157
[13-Mar-2026 13:25:40 UTC] PHP Deprecated:  chr(): Providing a value not in-between 0 and 255 is deprecated, this is because a byte value must be in the [0, 255] interval. The value used will be constrained using % 256 in C:\Users\Pablo\Documents\GitHub\nine-screen-canvas-flow\vendor\phpseclib\phpseclib\phpseclib\Math\BigInteger\Engines\BCMath.php on line 157
[13-Mar-2026 13:25:40 UTC] PHP Deprecated:  chr(): Providing a value not in-between 0 and 255 is deprecated, this is because a byte value must be in the [0, 255] interval. The value used will be constrained using % 256 in C:\Users\Pablo\Documents\GitHub\nine-screen-canvas-flow\vendor\phpseclib\phpseclib\phpseclib\Math\BigInteger\Engines\BCMath.php on line 157
[13-Mar-2026 13:25:40 UTC] PHP Deprecated:  chr(): Providing a value not in-between 0 and 255 is deprecated, this is because a byte value must be in the [0, 255] interval. The value used will be constrained using % 256 in C:\Users\Pablo\Documents\GitHub\nine-screen-canvas-flow\vendor\phpseclib\phpseclib\phpseclib\Math\BigInteger\Engines\BCMath.php on line 157
[13-Mar-2026 13:25:40 UTC] PHP Deprecated:  chr(): Providing a value not in-between 0 and 255 is deprecated, this is because a byte value must be in the [0, 255] interval. The value used will be constrained using % 256 in C:\Users\Pablo\Documents\GitHub\nine-screen-canvas-flow\vendor\phpseclib\phpseclib\phpseclib\Math\BigInteger\Engines\BCMath.php on line 157
[13-Mar-2026 13:25:40 UTC] PHP Deprecated:  chr(): Providing a value not in-between 0 and 255 is deprecated, this is because a byte value must be in the [0, 255] interval. The value used will be constrained using % 256 in C:\Users\Pablo\Documents\GitHub\nine-screen-canvas-flow\vendor\phpseclib\phpseclib\phpseclib\Math\BigInteger\Engines\BCMath.php on line 157
[13-Mar-2026 13:25:40 UTC] PHP Deprecated:  chr(): Providing a value not in-between 0 and 255 is deprecated, this is because a byte value must be in the [0, 255] interval. The value used will be constrained using % 256 in C:\Users\Pablo\Documents\GitHub\nine-screen-canvas-flow\vendor\phpseclib\phpseclib\phpseclib\Math\BigInteger\Engines\BCMath.php on line 157
[13-Mar-2026 13:25:40 UTC] PHP Deprecated:  chr(): Providing a value not in-between 0 and 255 is deprecated, this is because a byte value must be in the [0, 255] interval. The value used will be constrained using % 256 in C:\Users\Pablo\Documents\GitHub\nine-screen-canvas-flow\vendor\phpseclib\phpseclib\phpseclib\Math\BigInteger\Engines\BCMath.php on line 157
[13-Mar-2026 13:25:40 UTC] PHP Deprecated:  chr(): Providing a value not in-between 0 and 255 is deprecated, this is because a byte value must be in the [0, 255] interval. The value used will be constrained using % 256 in C:\Users\Pablo\Documents\GitHub\nine-screen-canvas-flow\vendor\phpseclib\phpseclib\phpseclib\Math\BigInteger\Engines\BCMath.php on line 157
[13-Mar-2026 13:25:40 UTC] PHP Deprecated:  chr(): Providing a value not in-between 0 and 255 is deprecated, this is because a byte value must be in the [0, 255] interval. The value used will be constrained using % 256 in C:\Users\Pablo\Documents\GitHub\nine-screen-canvas-flow\vendor\phpseclib\phpseclib\phpseclib\Math\BigInteger\Engines\BCMath.php on line 157
[13-Mar-2026 13:25:40 UTC] PHP Deprecated:  chr(): Providing a value not in-between 0 and 255 is deprecated, this is because a byte value must be in the [0, 255] interval. The value used will be constrained using % 256 in C:\Users\Pablo\Documents\GitHub\nine-screen-canvas-flow\vendor\phpseclib\phpseclib\phpseclib\Math\BigInteger\Engines\BCMath.php on line 157
[13-Mar-2026 13:25:40 UTC] PHP Deprecated:  chr(): Providing a value not in-between 0 and 255 is deprecated, this is because a byte value must be in the [0, 255] interval. The value used will be constrained using % 256 in C:\Users\Pablo\Documents\GitHub\nine-screen-canvas-flow\vendor\phpseclib\phpseclib\phpseclib\Math\BigInteger\Engines\BCMath.php on line 157
[13-Mar-2026 13:25:40 UTC] PHP Deprecated:  chr(): Providing a value not in-between 0 and 255 is deprecated, this is because a byte value must be in the [0, 255] interval. The value used will be constrained using % 256 in C:\Users\Pablo\Documents\GitHub\nine-screen-canvas-flow\vendor\phpseclib\phpseclib\phpseclib\Math\BigInteger\Engines\BCMath.php on line 157
[13-Mar-2026 13:25:40 UTC] PHP Deprecated:  chr(): Providing a value not in-between 0 and 255 is deprecated, this is because a byte value must be in the [0, 255] interval. The value used will be constrained using % 256 in C:\Users\Pablo\Documents\GitHub\nine-screen-canvas-flow\vendor\phpseclib\phpseclib\phpseclib\Math\BigInteger\Engines\BCMath.php on line 157
[13-Mar-2026 13:25:40 UTC] PHP Deprecated:  chr(): Providing a value not in-between 0 and 255 is deprecated, this is because a byte value must be in the [0, 255] interval. The value used will be constrained using % 256 in C:\Users\Pablo\Documents\GitHub\nine-screen-canvas-flow\vendor\phpseclib\phpseclib\phpseclib\Math\BigInteger\Engines\BCMath.php on line 157
[13-Mar-2026 13:25:40 UTC] PHP Deprecated:  chr(): Providing a value not in-between 0 and 255 is deprecated, this is because a byte value must be in the [0, 255] interval. The value used will be constrained using % 256 in C:\Users\Pablo\Documents\GitHub\nine-screen-canvas-flow\vendor\phpseclib\phpseclib\phpseclib\Math\BigInteger\Engines\BCMath.php on line 157
[13-Mar-2026 13:25:40 UTC] PHP Deprecated:  chr(): Providing a value not in-between 0 and 255 is deprecated, this is because a byte value must be in the [0, 255] interval. The value used will be constrained using % 256 in C:\Users\Pablo\Documents\GitHub\nine-screen-canvas-flow\vendor\phpseclib\phpseclib\phpseclib\Math\BigInteger\Engines\BCMath.php on line 157
[13-Mar-2026 13:25:40 UTC] PHP Deprecated:  chr(): Providing a value not in-between 0 and 255 is deprecated, this is because a byte value must be in the [0, 255] interval. The value used will be constrained using % 256 in C:\Users\Pablo\Documents\GitHub\nine-screen-canvas-flow\vendor\phpseclib\phpseclib\phpseclib\Math\BigInteger\Engines\BCMath.php on line 157
[13-Mar-2026 13:25:40 UTC] PHP Deprecated:  chr(): Providing a value not in-between 0 and 255 is deprecated, this is because a byte value must be in the [0, 255] interval. The value used will be constrained using % 256 in C:\Users\Pablo\Documents\GitHub\nine-screen-canvas-flow\vendor\phpseclib\phpseclib\phpseclib\Math\BigInteger\Engines\BCMath.php on line 157
[13-Mar-2026 13:25:40 UTC] PHP Deprecated:  chr(): Providing a value not in-between 0 and 255 is deprecated, this is because a byte value must be in the [0, 255] interval. The value used will be constrained using % 256 in C:\Users\Pablo\Documents\GitHub\nine-screen-canvas-flow\vendor\phpseclib\phpseclib\phpseclib\Math\BigInteger\Engines\BCMath.php on line 157
[13-Mar-2026 13:25:40 UTC] PHP Deprecated:  chr(): Providing a value not in-between 0 and 255 is deprecated, this is because a byte value must be in the [0, 255] interval. The value used will be constrained using % 256 in C:\Users\Pablo\Documents\GitHub\nine-screen-canvas-flow\vendor\phpseclib\phpseclib\phpseclib\Math\BigInteger\Engines\BCMath.php on line 157
[13-Mar-2026 13:25:40 UTC] PHP Deprecated:  chr(): Providing a value not in-between 0 and 255 is deprecated, this is because a byte value must be in the [0, 255] interval. The value used will be constrained using % 256 in C:\Users\Pablo\Documents\GitHub\nine-screen-canvas-flow\vendor\phpseclib\phpseclib\phpseclib\Math\BigInteger\Engines\BCMath.php on line 157
[13-Mar-2026 13:25:40 UTC] PHP Deprecated:  chr(): Providing a value not in-between 0 and 255 is deprecated, this is because a byte value must be in the [0, 255] interval. The value used will be constrained using % 256 in C:\Users\Pablo\Documents\GitHub\nine-screen-canvas-flow\vendor\phpseclib\phpseclib\phpseclib\Math\BigInteger\Engines\BCMath.php on line 157
[13-Mar-2026 13:25:40 UTC] PHP Deprecated:  chr(): Providing a value not in-between 0 and 255 is deprecated, this is because a byte value must be in the [0, 255] interval. The value used will be constrained using % 256 in C:\Users\Pablo\Documents\GitHub\nine-screen-canvas-flow\vendor\phpseclib\phpseclib\phpseclib\Math\BigInteger\Engines\BCMath.php on line 157
[13-Mar-2026 13:25:40 UTC] PHP Deprecated:  chr(): Providing a value not in-between 0 and 255 is deprecated, this is because a byte value must be in the [0, 255] interval. The value used will be constrained using % 256 in C:\Users\Pablo\Documents\GitHub\nine-screen-canvas-flow\vendor\phpseclib\phpseclib\phpseclib\Math\BigInteger\Engines\BCMath.php on line 157
[13-Mar-2026 13:25:40 UTC] PHP Deprecated:  chr(): Providing a value not in-between 0 and 255 is deprecated, this is because a byte value must be in the [0, 255] interval. The value used will be constrained using % 256 in C:\Users\Pablo\Documents\GitHub\nine-screen-canvas-flow\vendor\phpseclib\phpseclib\phpseclib\Math\BigInteger\Engines\BCMath.php on line 157
[13-Mar-2026 13:25:40 UTC] PHP Deprecated:  chr(): Providing a value not in-between 0 and 255 is deprecated, this is because a byte value must be in the [0, 255] interval. The value used will be constrained using % 256 in C:\Users\Pablo\Documents\GitHub\nine-screen-canvas-flow\vendor\phpseclib\phpseclib\phpseclib\Math\BigInteger\Engines\BCMath.php on line 157
[13-Mar-2026 13:25:40 UTC] PHP Deprecated:  chr(): Providing a value not in-between 0 and 255 is deprecated, this is because a byte value must be in the [0, 255] interval. The value used will be constrained using % 256 in C:\Users\Pablo\Documents\GitHub\nine-screen-canvas-flow\vendor\phpseclib\phpseclib\phpseclib\Math\BigInteger\Engines\BCMath.php on line 157
[13-Mar-2026 13:25:40 UTC] PHP Deprecated:  chr(): Providing a value not in-between 0 and 255 is deprecated, this is because a byte value must be in the [0, 255] interval. The value used will be constrained using % 256 in C:\Users\Pablo\Documents\GitHub\nine-screen-canvas-flow\vendor\phpseclib\phpseclib\phpseclib\Math\BigInteger\Engines\BCMath.php on line 157
[13-Mar-2026 13:25:40 UTC] PHP Deprecated:  chr(): Providing a value not in-between 0 and 255 is deprecated, this is because a byte value must be in the [0, 255] interval. The value used will be constrained using % 256 in C:\Users\Pablo\Documents\GitHub\nine-screen-canvas-flow\vendor\phpseclib\phpseclib\phpseclib\Math\BigInteger\Engines\BCMath.php on line 157
[13-Mar-2026 13:25:40 UTC] PHP Deprecated:  chr(): Providing a value not in-between 0 and 255 is deprecated, this is because a byte value must be in the [0, 255] interval. The value used will be constrained using % 256 in C:\Users\Pablo\Documents\GitHub\nine-screen-canvas-flow\vendor\phpseclib\phpseclib\phpseclib\Math\BigInteger\Engines\BCMath.php on line 157
[13-Mar-2026 13:25:40 UTC] PHP Deprecated:  chr(): Providing a value not in-between 0 and 255 is deprecated, this is because a byte value must be in the [0, 255] interval. The value used will be constrained using % 256 in C:\Users\Pablo\Documents\GitHub\nine-screen-canvas-flow\vendor\phpseclib\phpseclib\phpseclib\Math\BigInteger\Engines\BCMath.php on line 157
[13-Mar-2026 13:25:40 UTC] PHP Deprecated:  chr(): Providing a value not in-between 0 and 255 is deprecated, this is because a byte value must be in the [0, 255] interval. The value used will be constrained using % 256 in C:\Users\Pablo\Documents\GitHub\nine-screen-canvas-flow\vendor\phpseclib\phpseclib\phpseclib\Math\BigInteger\Engines\BCMath.php on line 157
[13-Mar-2026 13:25:40 UTC] PHP Deprecated:  chr(): Providing a value not in-between 0 and 255 is deprecated, this is because a byte value must be in the [0, 255] interval. The value used will be constrained using % 256 in C:\Users\Pablo\Documents\GitHub\nine-screen-canvas-flow\vendor\phpseclib\phpseclib\phpseclib\Math\BigInteger\Engines\BCMath.php on line 157
[13-Mar-2026 13:25:40 UTC] PHP Deprecated:  chr(): Providing a value not in-between 0 and 255 is deprecated, this is because a byte value must be in the [0, 255] interval. The value used will be constrained using % 256 in C:\Users\Pablo\Documents\GitHub\nine-screen-canvas-flow\vendor\phpseclib\phpseclib\phpseclib\Math\BigInteger\Engines\BCMath.php on line 157
[13-Mar-2026 13:25:40 UTC] PHP Deprecated:  chr(): Providing a value not in-between 0 and 255 is deprecated, this is because a byte value must be in the [0, 255] interval. The value used will be constrained using % 256 in C:\Users\Pablo\Documents\GitHub\nine-screen-canvas-flow\vendor\phpseclib\phpseclib\phpseclib\Math\BigInteger\Engines\BCMath.php on line 157
[13-Mar-2026 13:25:40 UTC] PHP Deprecated:  chr(): Providing a value not in-between 0 and 255 is deprecated, this is because a byte value must be in the [0, 255] interval. The value used will be constrained using % 256 in C:\Users\Pablo\Documents\GitHub\nine-screen-canvas-flow\vendor\phpseclib\phpseclib\phpseclib\Math\BigInteger\Engines\BCMath.php on line 157
[13-Mar-2026 13:25:40 UTC] PHP Deprecated:  chr(): Providing a value not in-between 0 and 255 is deprecated, this is because a byte value must be in the [0, 255] interval. The value used will be constrained using % 256 in C:\Users\Pablo\Documents\GitHub\nine-screen-canvas-flow\vendor\phpseclib\phpseclib\phpseclib\Math\BigInteger\Engines\BCMath.php on line 157
[13-Mar-2026 13:25:40 UTC] PHP Deprecated:  chr(): Providing a value not in-between 0 and 255 is deprecated, this is because a byte value must be in the [0, 255] interval. The value used will be constrained using % 256 in C:\Users\Pablo\Documents\GitHub\nine-screen-canvas-flow\vendor\phpseclib\phpseclib\phpseclib\Math\BigInteger\Engines\BCMath.php on line 157
[13-Mar-2026 13:25:40 UTC] PHP Deprecated:  chr(): Providing a value not in-between 0 and 255 is deprecated, this is because a byte value must be in the [0, 255] interval. The value used will be constrained using % 256 in C:\Users\Pablo\Documents\GitHub\nine-screen-canvas-flow\vendor\phpseclib\phpseclib\phpseclib\Math\BigInteger\Engines\BCMath.php on line 157
[13-Mar-2026 13:25:40 UTC] PHP Deprecated:  chr(): Providing a value not in-between 0 and 255 is deprecated, this is because a byte value must be in the [0, 255] interval. The value used will be constrained using % 256 in C:\Users\Pablo\Documents\GitHub\nine-screen-canvas-flow\vendor\phpseclib\phpseclib\phpseclib\Math\BigInteger\Engines\BCMath.php on line 157
[13-Mar-2026 13:25:40 UTC] PHP Deprecated:  chr(): Providing a value not in-between 0 and 255 is deprecated, this is because a byte value must be in the [0, 255] interval. The value used will be constrained using % 256 in C:\Users\Pablo\Documents\GitHub\nine-screen-canvas-flow\vendor\phpseclib\phpseclib\phpseclib\Math\BigInteger\Engines\BCMath.php on line 157
[13-Mar-2026 13:25:40 UTC] PHP Deprecated:  chr(): Providing a value not in-between 0 and 255 is deprecated, this is because a byte value must be in the [0, 255] interval. The value used will be constrained using % 256 in C:\Users\Pablo\Documents\GitHub\nine-screen-canvas-flow\vendor\phpseclib\phpseclib\phpseclib\Math\BigInteger\Engines\BCMath.php on line 157
[13-Mar-2026 13:25:40 UTC] PHP Deprecated:  chr(): Providing a value not in-between 0 and 255 is deprecated, this is because a byte value must be in the [0, 255] interval. The value used will be constrained using % 256 in C:\Users\Pablo\Documents\GitHub\nine-screen-canvas-flow\vendor\phpseclib\phpseclib\phpseclib\Math\BigInteger\Engines\BCMath.php on line 157
[13-Mar-2026 13:25:40 UTC] PHP Deprecated:  chr(): Providing a value not in-between 0 and 255 is deprecated, this is because a byte value must be in the [0, 255] interval. The value used will be constrained using % 256 in C:\Users\Pablo\Documents\GitHub\nine-screen-canvas-flow\vendor\phpseclib\phpseclib\phpseclib\Math\BigInteger\Engines\BCMath.php on line 157
[13-Mar-2026 13:25:40 UTC] PHP Deprecated:  chr(): Providing a value not in-between 0 and 255 is deprecated, this is because a byte value must be in the [0, 255] interval. The value used will be constrained using % 256 in C:\Users\Pablo\Documents\GitHub\nine-screen-canvas-flow\vendor\phpseclib\phpseclib\phpseclib\Math\BigInteger\Engines\BCMath.php on line 157
[13-Mar-2026 13:25:40 UTC] PHP Deprecated:  chr(): Providing a value not in-between 0 and 255 is deprecated, this is because a byte value must be in the [0, 255] interval. The value used will be constrained using % 256 in C:\Users\Pablo\Documents\GitHub\nine-screen-canvas-flow\vendor\phpseclib\phpseclib\phpseclib\Math\BigInteger\Engines\BCMath.php on line 157
[13-Mar-2026 13:25:40 UTC] PHP Deprecated:  chr(): Providing a value not in-between 0 and 255 is deprecated, this is because a byte value must be in the [0, 255] interval. The value used will be constrained using % 256 in C:\Users\Pablo\Documents\GitHub\nine-screen-canvas-flow\vendor\phpseclib\phpseclib\phpseclib\Math\BigInteger\Engines\BCMath.php on line 157
[13-Mar-2026 13:25:40 UTC] PHP Deprecated:  chr(): Providing a value not in-between 0 and 255 is deprecated, this is because a byte value must be in the [0, 255] interval. The value used will be constrained using % 256 in C:\Users\Pablo\Documents\GitHub\nine-screen-canvas-flow\vendor\phpseclib\phpseclib\phpseclib\Math\BigInteger\Engines\BCMath.php on line 157
[13-Mar-2026 13:25:40 UTC] PHP Deprecated:  chr(): Providing a value not in-between 0 and 255 is deprecated, this is because a byte value must be in the [0, 255] interval. The value used will be constrained using % 256 in C:\Users\Pablo\Documents\GitHub\nine-screen-canvas-flow\vendor\phpseclib\phpseclib\phpseclib\Math\BigInteger\Engines\BCMath.php on line 157
[13-Mar-2026 13:25:40 UTC] PHP Deprecated:  chr(): Providing a value not in-between 0 and 255 is deprecated, this is because a byte value must be in the [0, 255] interval. The value used will be constrained using % 256 in C:\Users\Pablo\Documents\GitHub\nine-screen-canvas-flow\vendor\phpseclib\phpseclib\phpseclib\Math\BigInteger\Engines\BCMath.php on line 157
[13-Mar-2026 13:25:40 UTC] PHP Deprecated:  chr(): Providing a value not in-between 0 and 255 is deprecated, this is because a byte value must be in the [0, 255] interval. The value used will be constrained using % 256 in C:\Users\Pablo\Documents\GitHub\nine-screen-canvas-flow\vendor\phpseclib\phpseclib\phpseclib\Math\BigInteger\Engines\BCMath.php on line 157
[13-Mar-2026 13:25:40 UTC] PHP Deprecated:  chr(): Providing a value not in-between 0 and 255 is deprecated, this is because a byte value must be in the [0, 255] interval. The value used will be constrained using % 256 in C:\Users\Pablo\Documents\GitHub\nine-screen-canvas-flow\vendor\phpseclib\phpseclib\phpseclib\Math\BigInteger\Engines\BCMath.php on line 157
[13-Mar-2026 13:25:40 UTC] PHP Deprecated:  chr(): Providing a value not in-between 0 and 255 is deprecated, this is because a byte value must be in the [0, 255] interval. The value used will be constrained using % 256 in C:\Users\Pablo\Documents\GitHub\nine-screen-canvas-flow\vendor\phpseclib\phpseclib\phpseclib\Math\BigInteger\Engines\BCMath.php on line 157
[13-Mar-2026 13:25:40 UTC] PHP Deprecated:  chr(): Providing a value not in-between 0 and 255 is deprecated, this is because a byte value must be in the [0, 255] interval. The value used will be constrained using % 256 in C:\Users\Pablo\Documents\GitHub\nine-screen-canvas-flow\vendor\phpseclib\phpseclib\phpseclib\Math\BigInteger\Engines\BCMath.php on line 157
[13-Mar-2026 13:25:40 UTC] PHP Deprecated:  chr(): Providing a value not in-between 0 and 255 is deprecated, this is because a byte value must be in the [0, 255] interval. The value used will be constrained using % 256 in C:\Users\Pablo\Documents\GitHub\nine-screen-canvas-flow\vendor\phpseclib\phpseclib\phpseclib\Math\BigInteger\Engines\BCMath.php on line 157
[13-Mar-2026 13:25:40 UTC] PHP Deprecated:  chr(): Providing a value not in-between 0 and 255 is deprecated, this is because a byte value must be in the [0, 255] interval. The value used will be constrained using % 256 in C:\Users\Pablo\Documents\GitHub\nine-screen-canvas-flow\vendor\phpseclib\phpseclib\phpseclib\Math\BigInteger\Engines\BCMath.php on line 157
[13-Mar-2026 13:25:40 UTC] PHP Deprecated:  chr(): Providing a value not in-between 0 and 255 is deprecated, this is because a byte value must be in the [0, 255] interval. The value used will be constrained using % 256 in C:\Users\Pablo\Documents\GitHub\nine-screen-canvas-flow\vendor\phpseclib\phpseclib\phpseclib\Math\BigInteger\Engines\BCMath.php on line 157
[13-Mar-2026 13:25:40 UTC] PHP Deprecated:  chr(): Providing a value not in-between 0 and 255 is deprecated, this is because a byte value must be in the [0, 255] interval. The value used will be constrained using % 256 in C:\Users\Pablo\Documents\GitHub\nine-screen-canvas-flow\vendor\phpseclib\phpseclib\phpseclib\Math\BigInteger\Engines\BCMath.php on line 157
[13-Mar-2026 13:25:40 UTC] PHP Deprecated:  chr(): Providing a value not in-between 0 and 255 is deprecated, this is because a byte value must be in the [0, 255] interval. The value used will be constrained using % 256 in C:\Users\Pablo\Documents\GitHub\nine-screen-canvas-flow\vendor\phpseclib\phpseclib\phpseclib\Math\BigInteger\Engines\BCMath.php on line 157
[13-Mar-2026 13:25:40 UTC] PHP Deprecated:  chr(): Providing a value not in-between 0 and 255 is deprecated, this is because a byte value must be in the [0, 255] interval. The value used will be constrained using % 256 in C:\Users\Pablo\Documents\GitHub\nine-screen-canvas-flow\vendor\phpseclib\phpseclib\phpseclib\Math\BigInteger\Engines\BCMath.php on line 157
[13-Mar-2026 13:25:40 UTC] PHP Deprecated:  chr(): Providing a value not in-between 0 and 255 is deprecated, this is because a byte value must be in the [0, 255] interval. The value used will be constrained using % 256 in C:\Users\Pablo\Documents\GitHub\nine-screen-canvas-flow\vendor\phpseclib\phpseclib\phpseclib\Math\BigInteger\Engines\BCMath.php on line 157
[13-Mar-2026 13:25:40 UTC] PHP Deprecated:  chr(): Providing a value not in-between 0 and 255 is deprecated, this is because a byte value must be in the [0, 255] interval. The value used will be constrained using % 256 in C:\Users\Pablo\Documents\GitHub\nine-screen-canvas-flow\vendor\phpseclib\phpseclib\phpseclib\Math\BigInteger\Engines\BCMath.php on line 157
[13-Mar-2026 13:25:40 UTC] PHP Deprecated:  chr(): Providing a value not in-between 0 and 255 is deprecated, this is because a byte value must be in the [0, 255] interval. The value used will be constrained using % 256 in C:\Users\Pablo\Documents\GitHub\nine-screen-canvas-flow\vendor\phpseclib\phpseclib\phpseclib\Math\BigInteger\Engines\BCMath.php on line 157
[13-Mar-2026 13:25:40 UTC] PHP Deprecated:  chr(): Providing a value not in-between 0 and 255 is deprecated, this is because a byte value must be in the [0, 255] interval. The value used will be constrained using % 256 in C:\Users\Pablo\Documents\GitHub\nine-screen-canvas-flow\vendor\phpseclib\phpseclib\phpseclib\Math\BigInteger\Engines\BCMath.php on line 157
[13-Mar-2026 13:25:40 UTC] PHP Deprecated:  chr(): Providing a value not in-between 0 and 255 is deprecated, this is because a byte value must be in the [0, 255] interval. The value used will be constrained using % 256 in C:\Users\Pablo\Documents\GitHub\nine-screen-canvas-flow\vendor\phpseclib\phpseclib\phpseclib\Math\BigInteger\Engines\BCMath.php on line 157
[13-Mar-2026 13:25:40 UTC] PHP Deprecated:  chr(): Providing a value not in-between 0 and 255 is deprecated, this is because a byte value must be in the [0, 255] interval. The value used will be constrained using % 256 in C:\Users\Pablo\Documents\GitHub\nine-screen-canvas-flow\vendor\phpseclib\phpseclib\phpseclib\Math\BigInteger\Engines\BCMath.php on line 157
[13-Mar-2026 13:25:40 UTC] PHP Deprecated:  chr(): Providing a value not in-between 0 and 255 is deprecated, this is because a byte value must be in the [0, 255] interval. The value used will be constrained using % 256 in C:\Users\Pablo\Documents\GitHub\nine-screen-canvas-flow\vendor\phpseclib\phpseclib\phpseclib\Math\BigInteger\Engines\BCMath.php on line 157
[13-Mar-2026 13:25:40 UTC] PHP Deprecated:  chr(): Providing a value not in-between 0 and 255 is deprecated, this is because a byte value must be in the [0, 255] interval. The value used will be constrained using % 256 in C:\Users\Pablo\Documents\GitHub\nine-screen-canvas-flow\vendor\phpseclib\phpseclib\phpseclib\Math\BigInteger\Engines\BCMath.php on line 157
[13-Mar-2026 13:25:40 UTC] PHP Deprecated:  chr(): Providing a value not in-between 0 and 255 is deprecated, this is because a byte value must be in the [0, 255] interval. The value used will be constrained using % 256 in C:\Users\Pablo\Documents\GitHub\nine-screen-canvas-flow\vendor\phpseclib\phpseclib\phpseclib\Math\BigInteger\Engines\BCMath.php on line 157
[13-Mar-2026 13:25:40 UTC] PHP Deprecated:  chr(): Providing a value not in-between 0 and 255 is deprecated, this is because a byte value must be in the [0, 255] interval. The value used will be constrained using % 256 in C:\Users\Pablo\Documents\GitHub\nine-screen-canvas-flow\vendor\phpseclib\phpseclib\phpseclib\Math\BigInteger\Engines\BCMath.php on line 157
[13-Mar-2026 13:25:40 UTC] PHP Deprecated:  chr(): Providing a value not in-between 0 and 255 is deprecated, this is because a byte value must be in the [0, 255] interval. The value used will be constrained using % 256 in C:\Users\Pablo\Documents\GitHub\nine-screen-canvas-flow\vendor\phpseclib\phpseclib\phpseclib\Math\BigInteger\Engines\BCMath.php on line 157
[13-Mar-2026 13:25:40 UTC] PHP Deprecated:  chr(): Providing a value not in-between 0 and 255 is deprecated, this is because a byte value must be in the [0, 255] interval. The value used will be constrained using % 256 in C:\Users\Pablo\Documents\GitHub\nine-screen-canvas-flow\vendor\phpseclib\phpseclib\phpseclib\Math\BigInteger\Engines\BCMath.php on line 157
[13-Mar-2026 13:25:40 UTC] PHP Deprecated:  chr(): Providing a value not in-between 0 and 255 is deprecated, this is because a byte value must be in the [0, 255] interval. The value used will be constrained using % 256 in C:\Users\Pablo\Documents\GitHub\nine-screen-canvas-flow\vendor\phpseclib\phpseclib\phpseclib\Math\BigInteger\Engines\BCMath.php on line 157
[13-Mar-2026 13:25:40 UTC] PHP Deprecated:  chr(): Providing a value not in-between 0 and 255 is deprecated, this is because a byte value must be in the [0, 255] interval. The value used will be constrained using % 256 in C:\Users\Pablo\Documents\GitHub\nine-screen-canvas-flow\vendor\phpseclib\phpseclib\phpseclib\Math\BigInteger\Engines\BCMath.php on line 157
[13-Mar-2026 13:25:40 UTC] PHP Deprecated:  chr(): Providing a value not in-between 0 and 255 is deprecated, this is because a byte value must be in the [0, 255] interval. The value used will be constrained using % 256 in C:\Users\Pablo\Documents\GitHub\nine-screen-canvas-flow\vendor\phpseclib\phpseclib\phpseclib\Math\BigInteger\Engines\BCMath.php on line 157
[13-Mar-2026 13:25:40 UTC] PHP Deprecated:  chr(): Providing a value not in-between 0 and 255 is deprecated, this is because a byte value must be in the [0, 255] interval. The value used will be constrained using % 256 in C:\Users\Pablo\Documents\GitHub\nine-screen-canvas-flow\vendor\phpseclib\phpseclib\phpseclib\Math\BigInteger\Engines\BCMath.php on line 157
[13-Mar-2026 13:25:40 UTC] PHP Deprecated:  chr(): Providing a value not in-between 0 and 255 is deprecated, this is because a byte value must be in the [0, 255] interval. The value used will be constrained using % 256 in C:\Users\Pablo\Documents\GitHub\nine-screen-canvas-flow\vendor\phpseclib\phpseclib\phpseclib\Math\BigInteger\Engines\BCMath.php on line 157
[13-Mar-2026 13:25:40 UTC] PHP Deprecated:  chr(): Providing a value not in-between 0 and 255 is deprecated, this is because a byte value must be in the [0, 255] interval. The value used will be constrained using % 256 in C:\Users\Pablo\Documents\GitHub\nine-screen-canvas-flow\vendor\phpseclib\phpseclib\phpseclib\Math\BigInteger\Engines\BCMath.php on line 157
[13-Mar-2026 13:25:40 UTC] PHP Deprecated:  chr(): Providing a value not in-between 0 and 255 is deprecated, this is because a byte value must be in the [0, 255] interval. The value used will be constrained using % 256 in C:\Users\Pablo\Documents\GitHub\nine-screen-canvas-flow\vendor\phpseclib\phpseclib\phpseclib\Math\BigInteger\Engines\BCMath.php on line 157
[13-Mar-2026 13:25:40 UTC] PHP Deprecated:  chr(): Providing a value not in-between 0 and 255 is deprecated, this is because a byte value must be in the [0, 255] interval. The value used will be constrained using % 256 in C:\Users\Pablo\Documents\GitHub\nine-screen-canvas-flow\vendor\phpseclib\phpseclib\phpseclib\Math\BigInteger\Engines\BCMath.php on line 157
[13-Mar-2026 13:25:40 UTC] PHP Deprecated:  chr(): Providing a value not in-between 0 and 255 is deprecated, this is because a byte value must be in the [0, 255] interval. The value used will be constrained using % 256 in C:\Users\Pablo\Documents\GitHub\nine-screen-canvas-flow\vendor\phpseclib\phpseclib\phpseclib\Math\BigInteger\Engines\BCMath.php on line 157
[13-Mar-2026 13:25:40 UTC] PHP Deprecated:  chr(): Providing a value not in-between 0 and 255 is deprecated, this is because a byte value must be in the [0, 255] interval. The value used will be constrained using % 256 in C:\Users\Pablo\Documents\GitHub\nine-screen-canvas-flow\vendor\phpseclib\phpseclib\phpseclib\Math\BigInteger\Engines\BCMath.php on line 157
[13-Mar-2026 13:25:40 UTC] PHP Deprecated:  chr(): Providing a value not in-between 0 and 255 is deprecated, this is because a byte value must be in the [0, 255] interval. The value used will be constrained using % 256 in C:\Users\Pablo\Documents\GitHub\nine-screen-canvas-flow\vendor\phpseclib\phpseclib\phpseclib\Math\BigInteger\Engines\BCMath.php on line 157
[13-Mar-2026 13:25:40 UTC] PHP Deprecated:  chr(): Providing a value not in-between 0 and 255 is deprecated, this is because a byte value must be in the [0, 255] interval. The value used will be constrained using % 256 in C:\Users\Pablo\Documents\GitHub\nine-screen-canvas-flow\vendor\phpseclib\phpseclib\phpseclib\Math\BigInteger\Engines\BCMath.php on line 157
[13-Mar-2026 13:25:40 UTC] PHP Deprecated:  chr(): Providing a value not in-between 0 and 255 is deprecated, this is because a byte value must be in the [0, 255] interval. The value used will be constrained using % 256 in C:\Users\Pablo\Documents\GitHub\nine-screen-canvas-flow\vendor\phpseclib\phpseclib\phpseclib\Math\BigInteger\Engines\BCMath.php on line 157
[13-Mar-2026 13:25:40 UTC] PHP Deprecated:  chr(): Providing a value not in-between 0 and 255 is deprecated, this is because a byte value must be in the [0, 255] interval. The value used will be constrained using % 256 in C:\Users\Pablo\Documents\GitHub\nine-screen-canvas-flow\vendor\phpseclib\phpseclib\phpseclib\Math\BigInteger\Engines\BCMath.php on line 157
[13-Mar-2026 13:25:40 UTC] PHP Deprecated:  chr(): Providing a value not in-between 0 and 255 is deprecated, this is because a byte value must be in the [0, 255] interval. The value used will be constrained using % 256 in C:\Users\Pablo\Documents\GitHub\nine-screen-canvas-flow\vendor\phpseclib\phpseclib\phpseclib\Math\BigInteger\Engines\BCMath.php on line 157
[13-Mar-2026 13:25:40 UTC] PHP Deprecated:  chr(): Providing a value not in-between 0 and 255 is deprecated, this is because a byte value must be in the [0, 255] interval. The value used will be constrained using % 256 in C:\Users\Pablo\Documents\GitHub\nine-screen-canvas-flow\vendor\phpseclib\phpseclib\phpseclib\Math\BigInteger\Engines\BCMath.php on line 157
[13-Mar-2026 13:25:40 UTC] PHP Deprecated:  chr(): Providing a value not in-between 0 and 255 is deprecated, this is because a byte value must be in the [0, 255] interval. The value used will be constrained using % 256 in C:\Users\Pablo\Documents\GitHub\nine-screen-canvas-flow\vendor\phpseclib\phpseclib\phpseclib\Math\BigInteger\Engines\BCMath.php on line 157
[13-Mar-2026 13:25:40 UTC] PHP Deprecated:  chr(): Providing a value not in-between 0 and 255 is deprecated, this is because a byte value must be in the [0, 255] interval. The value used will be constrained using % 256 in C:\Users\Pablo\Documents\GitHub\nine-screen-canvas-flow\vendor\phpseclib\phpseclib\phpseclib\Math\BigInteger\Engines\BCMath.php on line 157
[13-Mar-2026 13:25:40 UTC] PHP Deprecated:  chr(): Providing a value not in-between 0 and 255 is deprecated, this is because a byte value must be in the [0, 255] interval. The value used will be constrained using % 256 in C:\Users\Pablo\Documents\GitHub\nine-screen-canvas-flow\vendor\phpseclib\phpseclib\phpseclib\Math\BigInteger\Engines\BCMath.php on line 157
[13-Mar-2026 13:25:40 UTC] PHP Deprecated:  chr(): Providing a value not in-between 0 and 255 is deprecated, this is because a byte value must be in the [0, 255] interval. The value used will be constrained using % 256 in C:\Users\Pablo\Documents\GitHub\nine-screen-canvas-flow\vendor\phpseclib\phpseclib\phpseclib\Math\BigInteger\Engines\BCMath.php on line 157
[13-Mar-2026 13:25:40 UTC] PHP Deprecated:  chr(): Providing a value not in-between 0 and 255 is deprecated, this is because a byte value must be in the [0, 255] interval. The value used will be constrained using % 256 in C:\Users\Pablo\Documents\GitHub\nine-screen-canvas-flow\vendor\phpseclib\phpseclib\phpseclib\Math\BigInteger\Engines\BCMath.php on line 157
[13-Mar-2026 13:25:40 UTC] PHP Deprecated:  chr(): Providing a value not in-between 0 and 255 is deprecated, this is because a byte value must be in the [0, 255] interval. The value used will be constrained using % 256 in C:\Users\Pablo\Documents\GitHub\nine-screen-canvas-flow\vendor\phpseclib\phpseclib\phpseclib\Math\BigInteger\Engines\BCMath.php on line 157
[13-Mar-2026 13:25:40 UTC] PHP Deprecated:  chr(): Providing a value not in-between 0 and 255 is deprecated, this is because a byte value must be in the [0, 255] interval. The value used will be constrained using % 256 in C:\Users\Pablo\Documents\GitHub\nine-screen-canvas-flow\vendor\phpseclib\phpseclib\phpseclib\Math\BigInteger\Engines\BCMath.php on line 157
[13-Mar-2026 13:25:40 UTC] PHP Deprecated:  chr(): Providing a value not in-between 0 and 255 is deprecated, this is because a byte value must be in the [0, 255] interval. The value used will be constrained using % 256 in C:\Users\Pablo\Documents\GitHub\nine-screen-canvas-flow\vendor\phpseclib\phpseclib\phpseclib\Math\BigInteger\Engines\BCMath.php on line 157
[13-Mar-2026 13:25:40 UTC] PHP Deprecated:  chr(): Providing a value not in-between 0 and 255 is deprecated, this is because a byte value must be in the [0, 255] interval. The value used will be constrained using % 256 in C:\Users\Pablo\Documents\GitHub\nine-screen-canvas-flow\vendor\phpseclib\phpseclib\phpseclib\Math\BigInteger\Engines\BCMath.php on line 157
[13-Mar-2026 13:25:40 UTC] PHP Deprecated:  chr(): Providing a value not in-between 0 and 255 is deprecated, this is because a byte value must be in the [0, 255] interval. The value used will be constrained using % 256 in C:\Users\Pablo\Documents\GitHub\nine-screen-canvas-flow\vendor\phpseclib\phpseclib\phpseclib\Math\BigInteger\Engines\BCMath.php on line 157
[13-Mar-2026 13:25:40 UTC] PHP Deprecated:  chr(): Providing a value not in-between 0 and 255 is deprecated, this is because a byte value must be in the [0, 255] interval. The value used will be constrained using % 256 in C:\Users\Pablo\Documents\GitHub\nine-screen-canvas-flow\vendor\phpseclib\phpseclib\phpseclib\Math\BigInteger\Engines\BCMath.php on line 157
[13-Mar-2026 13:25:40 UTC] PHP Deprecated:  chr(): Providing a value not in-between 0 and 255 is deprecated, this is because a byte value must be in the [0, 255] interval. The value used will be constrained using % 256 in C:\Users\Pablo\Documents\GitHub\nine-screen-canvas-flow\vendor\phpseclib\phpseclib\phpseclib\Math\BigInteger\Engines\BCMath.php on line 157
[13-Mar-2026 13:25:40 UTC] PHP Deprecated:  chr(): Providing a value not in-between 0 and 255 is deprecated, this is because a byte value must be in the [0, 255] interval. The value used will be constrained using % 256 in C:\Users\Pablo\Documents\GitHub\nine-screen-canvas-flow\vendor\phpseclib\phpseclib\phpseclib\Math\BigInteger\Engines\BCMath.php on line 157
[13-Mar-2026 13:25:40 UTC] PHP Deprecated:  chr(): Providing a value not in-between 0 and 255 is deprecated, this is because a byte value must be in the [0, 255] interval. The value used will be constrained using % 256 in C:\Users\Pablo\Documents\GitHub\nine-screen-canvas-flow\vendor\phpseclib\phpseclib\phpseclib\Math\BigInteger\Engines\BCMath.php on line 157
[13-Mar-2026 13:25:40 UTC] PHP Deprecated:  chr(): Providing a value not in-between 0 and 255 is deprecated, this is because a byte value must be in the [0, 255] interval. The value used will be constrained using % 256 in C:\Users\Pablo\Documents\GitHub\nine-screen-canvas-flow\vendor\phpseclib\phpseclib\phpseclib\Math\BigInteger\Engines\BCMath.php on line 157
[13-Mar-2026 13:25:40 UTC] PHP Deprecated:  chr(): Providing a value not in-between 0 and 255 is deprecated, this is because a byte value must be in the [0, 255] interval. The value used will be constrained using % 256 in C:\Users\Pablo\Documents\GitHub\nine-screen-canvas-flow\vendor\phpseclib\phpseclib\phpseclib\Math\BigInteger\Engines\BCMath.php on line 157
[13-Mar-2026 13:25:40 UTC] PHP Deprecated:  chr(): Providing a value not in-between 0 and 255 is deprecated, this is because a byte value must be in the [0, 255] interval. The value used will be constrained using % 256 in C:\Users\Pablo\Documents\GitHub\nine-screen-canvas-flow\vendor\phpseclib\phpseclib\phpseclib\Math\BigInteger\Engines\BCMath.php on line 157
[13-Mar-2026 13:25:40 UTC] PHP Deprecated:  chr(): Providing a value not in-between 0 and 255 is deprecated, this is because a byte value must be in the [0, 255] interval. The value used will be constrained using % 256 in C:\Users\Pablo\Documents\GitHub\nine-screen-canvas-flow\vendor\phpseclib\phpseclib\phpseclib\Math\BigInteger\Engines\BCMath.php on line 157
[13-Mar-2026 13:25:40 UTC] PHP Deprecated:  chr(): Providing a value not in-between 0 and 255 is deprecated, this is because a byte value must be in the [0, 255] interval. The value used will be constrained using % 256 in C:\Users\Pablo\Documents\GitHub\nine-screen-canvas-flow\vendor\phpseclib\phpseclib\phpseclib\Math\BigInteger\Engines\BCMath.php on line 157
[13-Mar-2026 13:25:40 UTC] PHP Deprecated:  chr(): Providing a value not in-between 0 and 255 is deprecated, this is because a byte value must be in the [0, 255] interval. The value used will be constrained using % 256 in C:\Users\Pablo\Documents\GitHub\nine-screen-canvas-flow\vendor\phpseclib\phpseclib\phpseclib\Math\BigInteger\Engines\BCMath.php on line 157
[13-Mar-2026 13:25:40 UTC] PHP Deprecated:  chr(): Providing a value not in-between 0 and 255 is deprecated, this is because a byte value must be in the [0, 255] interval. The value used will be constrained using % 256 in C:\Users\Pablo\Documents\GitHub\nine-screen-canvas-flow\vendor\phpseclib\phpseclib\phpseclib\Math\BigInteger\Engines\BCMath.php on line 157
[13-Mar-2026 13:25:40 UTC] PHP Deprecated:  chr(): Providing a value not in-between 0 and 255 is deprecated, this is because a byte value must be in the [0, 255] interval. The value used will be constrained using % 256 in C:\Users\Pablo\Documents\GitHub\nine-screen-canvas-flow\vendor\phpseclib\phpseclib\phpseclib\Math\BigInteger\Engines\BCMath.php on line 157
[13-Mar-2026 13:25:40 UTC] PHP Deprecated:  chr(): Providing a value not in-between 0 and 255 is deprecated, this is because a byte value must be in the [0, 255] interval. The value used will be constrained using % 256 in C:\Users\Pablo\Documents\GitHub\nine-screen-canvas-flow\vendor\phpseclib\phpseclib\phpseclib\Math\BigInteger\Engines\BCMath.php on line 157
[13-Mar-2026 13:25:40 UTC] PHP Deprecated:  chr(): Providing a value not in-between 0 and 255 is deprecated, this is because a byte value must be in the [0, 255] interval. The value used will be constrained using % 256 in C:\Users\Pablo\Documents\GitHub\nine-screen-canvas-flow\vendor\phpseclib\phpseclib\phpseclib\Math\BigInteger\Engines\BCMath.php on line 157
[13-Mar-2026 13:25:40 UTC] PHP Deprecated:  chr(): Providing a value not in-between 0 and 255 is deprecated, this is because a byte value must be in the [0, 255] interval. The value used will be constrained using % 256 in C:\Users\Pablo\Documents\GitHub\nine-screen-canvas-flow\vendor\phpseclib\phpseclib\phpseclib\Math\BigInteger\Engines\BCMath.php on line 157
[13-Mar-2026 13:25:40 UTC] PHP Deprecated:  chr(): Providing a value not in-between 0 and 255 is deprecated, this is because a byte value must be in the [0, 255] interval. The value used will be constrained using % 256 in C:\Users\Pablo\Documents\GitHub\nine-screen-canvas-flow\vendor\phpseclib\phpseclib\phpseclib\Math\BigInteger\Engines\BCMath.php on line 157
[13-Mar-2026 13:25:40 UTC] PHP Deprecated:  chr(): Providing a value not in-between 0 and 255 is deprecated, this is because a byte value must be in the [0, 255] interval. The value used will be constrained using % 256 in C:\Users\Pablo\Documents\GitHub\nine-screen-canvas-flow\vendor\phpseclib\phpseclib\phpseclib\Math\BigInteger\Engines\BCMath.php on line 157
[13-Mar-2026 13:25:40 UTC] PHP Deprecated:  chr(): Providing a value not in-between 0 and 255 is deprecated, this is because a byte value must be in the [0, 255] interval. The value used will be constrained using % 256 in C:\Users\Pablo\Documents\GitHub\nine-screen-canvas-flow\vendor\phpseclib\phpseclib\phpseclib\Math\BigInteger\Engines\BCMath.php on line 157
[13-Mar-2026 13:25:40 UTC] PHP Deprecated:  chr(): Providing a value not in-between 0 and 255 is deprecated, this is because a byte value must be in the [0, 255] interval. The value used will be constrained using % 256 in C:\Users\Pablo\Documents\GitHub\nine-screen-canvas-flow\vendor\phpseclib\phpseclib\phpseclib\Math\BigInteger\Engines\BCMath.php on line 157
[13-Mar-2026 13:25:40 UTC] PHP Deprecated:  chr(): Providing a value not in-between 0 and 255 is deprecated, this is because a byte value must be in the [0, 255] interval. The value used will be constrained using % 256 in C:\Users\Pablo\Documents\GitHub\nine-screen-canvas-flow\vendor\phpseclib\phpseclib\phpseclib\Math\BigInteger\Engines\BCMath.php on line 157
[13-Mar-2026 13:25:40 UTC] PHP Deprecated:  chr(): Providing a value not in-between 0 and 255 is deprecated, this is because a byte value must be in the [0, 255] interval. The value used will be constrained using % 256 in C:\Users\Pablo\Documents\GitHub\nine-screen-canvas-flow\vendor\phpseclib\phpseclib\phpseclib\Math\BigInteger\Engines\BCMath.php on line 157
[13-Mar-2026 13:25:40 UTC] PHP Deprecated:  chr(): Providing a value not in-between 0 and 255 is deprecated, this is because a byte value must be in the [0, 255] interval. The value used will be constrained using % 256 in C:\Users\Pablo\Documents\GitHub\nine-screen-canvas-flow\vendor\phpseclib\phpseclib\phpseclib\Math\BigInteger\Engines\BCMath.php on line 157
[13-Mar-2026 13:25:40 UTC] PHP Deprecated:  chr(): Providing a value not in-between 0 and 255 is deprecated, this is because a byte value must be in the [0, 255] interval. The value used will be constrained using % 256 in C:\Users\Pablo\Documents\GitHub\nine-screen-canvas-flow\vendor\phpseclib\phpseclib\phpseclib\Math\BigInteger\Engines\BCMath.php on line 157
[13-Mar-2026 13:25:40 UTC] PHP Deprecated:  chr(): Providing a value not in-between 0 and 255 is deprecated, this is because a byte value must be in the [0, 255] interval. The value used will be constrained using % 256 in C:\Users\Pablo\Documents\GitHub\nine-screen-canvas-flow\vendor\phpseclib\phpseclib\phpseclib\Math\BigInteger\Engines\BCMath.php on line 157
[13-Mar-2026 13:25:40 UTC] PHP Deprecated:  chr(): Providing a value not in-between 0 and 255 is deprecated, this is because a byte value must be in the [0, 255] interval. The value used will be constrained using % 256 in C:\Users\Pablo\Documents\GitHub\nine-screen-canvas-flow\vendor\phpseclib\phpseclib\phpseclib\Math\BigInteger\Engines\BCMath.php on line 157
[13-Mar-2026 13:25:40 UTC] PHP Deprecated:  chr(): Providing a value not in-between 0 and 255 is deprecated, this is because a byte value must be in the [0, 255] interval. The value used will be constrained using % 256 in C:\Users\Pablo\Documents\GitHub\nine-screen-canvas-flow\vendor\phpseclib\phpseclib\phpseclib\Math\BigInteger\Engines\BCMath.php on line 157
[13-Mar-2026 13:25:40 UTC] PHP Deprecated:  chr(): Providing a value not in-between 0 and 255 is deprecated, this is because a byte value must be in the [0, 255] interval. The value used will be constrained using % 256 in C:\Users\Pablo\Documents\GitHub\nine-screen-canvas-flow\vendor\phpseclib\phpseclib\phpseclib\Math\BigInteger\Engines\BCMath.php on line 157
[13-Mar-2026 13:25:40 UTC] PHP Deprecated:  chr(): Providing a value not in-between 0 and 255 is deprecated, this is because a byte value must be in the [0, 255] interval. The value used will be constrained using % 256 in C:\Users\Pablo\Documents\GitHub\nine-screen-canvas-flow\vendor\phpseclib\phpseclib\phpseclib\Math\BigInteger\Engines\BCMath.php on line 157
[13-Mar-2026 13:25:40 UTC] PHP Deprecated:  chr(): Providing a value not in-between 0 and 255 is deprecated, this is because a byte value must be in the [0, 255] interval. The value used will be constrained using % 256 in C:\Users\Pablo\Documents\GitHub\nine-screen-canvas-flow\vendor\phpseclib\phpseclib\phpseclib\Math\BigInteger\Engines\BCMath.php on line 157
[13-Mar-2026 13:25:40 UTC] PHP Deprecated:  chr(): Providing a value not in-between 0 and 255 is deprecated, this is because a byte value must be in the [0, 255] interval. The value used will be constrained using % 256 in C:\Users\Pablo\Documents\GitHub\nine-screen-canvas-flow\vendor\phpseclib\phpseclib\phpseclib\Math\BigInteger\Engines\BCMath.php on line 157
[13-Mar-2026 13:25:40 UTC] PHP Deprecated:  chr(): Providing a value not in-between 0 and 255 is deprecated, this is because a byte value must be in the [0, 255] interval. The value used will be constrained using % 256 in C:\Users\Pablo\Documents\GitHub\nine-screen-canvas-flow\vendor\phpseclib\phpseclib\phpseclib\Math\BigInteger\Engines\BCMath.php on line 157
[13-Mar-2026 13:25:40 UTC] PHP Deprecated:  chr(): Providing a value not in-between 0 and 255 is deprecated, this is because a byte value must be in the [0, 255] interval. The value used will be constrained using % 256 in C:\Users\Pablo\Documents\GitHub\nine-screen-canvas-flow\vendor\phpseclib\phpseclib\phpseclib\Math\BigInteger\Engines\BCMath.php on line 157
[13-Mar-2026 13:25:40 UTC] PHP Deprecated:  chr(): Providing a value not in-between 0 and 255 is deprecated, this is because a byte value must be in the [0, 255] interval. The value used will be constrained using % 256 in C:\Users\Pablo\Documents\GitHub\nine-screen-canvas-flow\vendor\phpseclib\phpseclib\phpseclib\Math\BigInteger\Engines\BCMath.php on line 157
[13-Mar-2026 13:25:40 UTC] PHP Deprecated:  chr(): Providing a value not in-between 0 and 255 is deprecated, this is because a byte value must be in the [0, 255] interval. The value used will be constrained using % 256 in C:\Users\Pablo\Documents\GitHub\nine-screen-canvas-flow\vendor\phpseclib\phpseclib\phpseclib\Math\BigInteger\Engines\BCMath.php on line 157
[13-Mar-2026 13:25:40 UTC] PHP Deprecated:  chr(): Providing a value not in-between 0 and 255 is deprecated, this is because a byte value must be in the [0, 255] interval. The value used will be constrained using % 256 in C:\Users\Pablo\Documents\GitHub\nine-screen-canvas-flow\vendor\phpseclib\phpseclib\phpseclib\Math\BigInteger\Engines\BCMath.php on line 157
[13-Mar-2026 13:25:40 UTC] PHP Deprecated:  chr(): Providing a value not in-between 0 and 255 is deprecated, this is because a byte value must be in the [0, 255] interval. The value used will be constrained using % 256 in C:\Users\Pablo\Documents\GitHub\nine-screen-canvas-flow\vendor\phpseclib\phpseclib\phpseclib\Math\BigInteger\Engines\BCMath.php on line 157
[13-Mar-2026 13:25:40 UTC] PHP Deprecated:  chr(): Providing a value not in-between 0 and 255 is deprecated, this is because a byte value must be in the [0, 255] interval. The value used will be constrained using % 256 in C:\Users\Pablo\Documents\GitHub\nine-screen-canvas-flow\vendor\phpseclib\phpseclib\phpseclib\Math\BigInteger\Engines\BCMath.php on line 157
[13-Mar-2026 13:25:40 UTC] PHP Deprecated:  chr(): Providing a value not in-between 0 and 255 is deprecated, this is because a byte value must be in the [0, 255] interval. The value used will be constrained using % 256 in C:\Users\Pablo\Documents\GitHub\nine-screen-canvas-flow\vendor\phpseclib\phpseclib\phpseclib\Math\BigInteger\Engines\BCMath.php on line 157
[13-Mar-2026 13:25:40 UTC] PHP Deprecated:  chr(): Providing a value not in-between 0 and 255 is deprecated, this is because a byte value must be in the [0, 255] interval. The value used will be constrained using % 256 in C:\Users\Pablo\Documents\GitHub\nine-screen-canvas-flow\vendor\phpseclib\phpseclib\phpseclib\Math\BigInteger\Engines\BCMath.php on line 157
[13-Mar-2026 13:25:40 UTC] PHP Deprecated:  chr(): Providing a value not in-between 0 and 255 is deprecated, this is because a byte value must be in the [0, 255] interval. The value used will be constrained using % 256 in C:\Users\Pablo\Documents\GitHub\nine-screen-canvas-flow\vendor\phpseclib\phpseclib\phpseclib\Math\BigInteger\Engines\BCMath.php on line 157
[13-Mar-2026 13:25:40 UTC] PHP Deprecated:  chr(): Providing a value not in-between 0 and 255 is deprecated, this is because a byte value must be in the [0, 255] interval. The value used will be constrained using % 256 in C:\Users\Pablo\Documents\GitHub\nine-screen-canvas-flow\vendor\phpseclib\phpseclib\phpseclib\Math\BigInteger\Engines\BCMath.php on line 157
[13-Mar-2026 13:25:40 UTC] PHP Deprecated:  chr(): Providing a value not in-between 0 and 255 is deprecated, this is because a byte value must be in the [0, 255] interval. The value used will be constrained using % 256 in C:\Users\Pablo\Documents\GitHub\nine-screen-canvas-flow\vendor\phpseclib\phpseclib\phpseclib\Math\BigInteger\Engines\BCMath.php on line 157
[13-Mar-2026 13:25:40 UTC] PHP Deprecated:  chr(): Providing a value not in-between 0 and 255 is deprecated, this is because a byte value must be in the [0, 255] interval. The value used will be constrained using % 256 in C:\Users\Pablo\Documents\GitHub\nine-screen-canvas-flow\vendor\phpseclib\phpseclib\phpseclib\Math\BigInteger\Engines\BCMath.php on line 157
[13-Mar-2026 13:25:40 UTC] PHP Deprecated:  chr(): Providing a value not in-between 0 and 255 is deprecated, this is because a byte value must be in the [0, 255] interval. The value used will be constrained using % 256 in C:\Users\Pablo\Documents\GitHub\nine-screen-canvas-flow\vendor\phpseclib\phpseclib\phpseclib\Math\BigInteger\Engines\BCMath.php on line 157
[13-Mar-2026 13:25:40 UTC] PHP Deprecated:  chr(): Providing a value not in-between 0 and 255 is deprecated, this is because a byte value must be in the [0, 255] interval. The value used will be constrained using % 256 in C:\Users\Pablo\Documents\GitHub\nine-screen-canvas-flow\vendor\phpseclib\phpseclib\phpseclib\Math\BigInteger\Engines\BCMath.php on line 157
[13-Mar-2026 13:25:40 UTC] PHP Deprecated:  chr(): Providing a value not in-between 0 and 255 is deprecated, this is because a byte value must be in the [0, 255] interval. The value used will be constrained using % 256 in C:\Users\Pablo\Documents\GitHub\nine-screen-canvas-flow\vendor\phpseclib\phpseclib\phpseclib\Math\BigInteger\Engines\BCMath.php on line 157
[13-Mar-2026 13:25:40 UTC] PHP Deprecated:  chr(): Providing a value not in-between 0 and 255 is deprecated, this is because a byte value must be in the [0, 255] interval. The value used will be constrained using % 256 in C:\Users\Pablo\Documents\GitHub\nine-screen-canvas-flow\vendor\phpseclib\phpseclib\phpseclib\Math\BigInteger\Engines\BCMath.php on line 157
[13-Mar-2026 13:25:40 UTC] PHP Deprecated:  chr(): Providing a value not in-between 0 and 255 is deprecated, this is because a byte value must be in the [0, 255] interval. The value used will be constrained using % 256 in C:\Users\Pablo\Documents\GitHub\nine-screen-canvas-flow\vendor\phpseclib\phpseclib\phpseclib\Math\BigInteger\Engines\BCMath.php on line 157
[13-Mar-2026 13:25:40 UTC] PHP Deprecated:  chr(): Providing a value not in-between 0 and 255 is deprecated, this is because a byte value must be in the [0, 255] interval. The value used will be constrained using % 256 in C:\Users\Pablo\Documents\GitHub\nine-screen-canvas-flow\vendor\phpseclib\phpseclib\phpseclib\Math\BigInteger\Engines\BCMath.php on line 157
[13-Mar-2026 13:25:40 UTC] PHP Deprecated:  chr(): Providing a value not in-between 0 and 255 is deprecated, this is because a byte value must be in the [0, 255] interval. The value used will be constrained using % 256 in C:\Users\Pablo\Documents\GitHub\nine-screen-canvas-flow\vendor\phpseclib\phpseclib\phpseclib\Math\BigInteger\Engines\BCMath.php on line 157
[13-Mar-2026 13:25:40 UTC] PHP Deprecated:  chr(): Providing a value not in-between 0 and 255 is deprecated, this is because a byte value must be in the [0, 255] interval. The value used will be constrained using % 256 in C:\Users\Pablo\Documents\GitHub\nine-screen-canvas-flow\vendor\phpseclib\phpseclib\phpseclib\Math\BigInteger\Engines\BCMath.php on line 157
[13-Mar-2026 13:25:40 UTC] PHP Deprecated:  chr(): Providing a value not in-between 0 and 255 is deprecated, this is because a byte value must be in the [0, 255] interval. The value used will be constrained using % 256 in C:\Users\Pablo\Documents\GitHub\nine-screen-canvas-flow\vendor\phpseclib\phpseclib\phpseclib\Math\BigInteger\Engines\BCMath.php on line 157
[13-Mar-2026 13:25:40 UTC] PHP Deprecated:  chr(): Providing a value not in-between 0 and 255 is deprecated, this is because a byte value must be in the [0, 255] interval. The value used will be constrained using % 256 in C:\Users\Pablo\Documents\GitHub\nine-screen-canvas-flow\vendor\phpseclib\phpseclib\phpseclib\Math\BigInteger\Engines\BCMath.php on line 157
[13-Mar-2026 13:25:40 UTC] PHP Deprecated:  chr(): Providing a value not in-between 0 and 255 is deprecated, this is because a byte value must be in the [0, 255] interval. The value used will be constrained using % 256 in C:\Users\Pablo\Documents\GitHub\nine-screen-canvas-flow\vendor\phpseclib\phpseclib\phpseclib\Math\BigInteger\Engines\BCMath.php on line 157
[13-Mar-2026 13:25:40 UTC] PHP Deprecated:  chr(): Providing a value not in-between 0 and 255 is deprecated, this is because a byte value must be in the [0, 255] interval. The value used will be constrained using % 256 in C:\Users\Pablo\Documents\GitHub\nine-screen-canvas-flow\vendor\phpseclib\phpseclib\phpseclib\Math\BigInteger\Engines\BCMath.php on line 157
[13-Mar-2026 13:25:40 UTC] PHP Deprecated:  chr(): Providing a value not in-between 0 and 255 is deprecated, this is because a byte value must be in the [0, 255] interval. The value used will be constrained using % 256 in C:\Users\Pablo\Documents\GitHub\nine-screen-canvas-flow\vendor\phpseclib\phpseclib\phpseclib\Math\BigInteger\Engines\BCMath.php on line 157
[13-Mar-2026 13:25:40 UTC] PHP Deprecated:  chr(): Providing a value not in-between 0 and 255 is deprecated, this is because a byte value must be in the [0, 255] interval. The value used will be constrained using % 256 in C:\Users\Pablo\Documents\GitHub\nine-screen-canvas-flow\vendor\phpseclib\phpseclib\phpseclib\Math\BigInteger\Engines\BCMath.php on line 157
[13-Mar-2026 13:25:40 UTC] PHP Deprecated:  chr(): Providing a value not in-between 0 and 255 is deprecated, this is because a byte value must be in the [0, 255] interval. The value used will be constrained using % 256 in C:\Users\Pablo\Documents\GitHub\nine-screen-canvas-flow\vendor\phpseclib\phpseclib\phpseclib\Math\BigInteger\Engines\BCMath.php on line 157
[13-Mar-2026 13:25:40 UTC] PHP Deprecated:  chr(): Providing a value not in-between 0 and 255 is deprecated, this is because a byte value must be in the [0, 255] interval. The value used will be constrained using % 256 in C:\Users\Pablo\Documents\GitHub\nine-screen-canvas-flow\vendor\phpseclib\phpseclib\phpseclib\Math\BigInteger\Engines\BCMath.php on line 157
[13-Mar-2026 13:25:40 UTC] PHP Deprecated:  chr(): Providing a value not in-between 0 and 255 is deprecated, this is because a byte value must be in the [0, 255] interval. The value used will be constrained using % 256 in C:\Users\Pablo\Documents\GitHub\nine-screen-canvas-flow\vendor\phpseclib\phpseclib\phpseclib\Math\BigInteger\Engines\BCMath.php on line 157
[13-Mar-2026 13:25:40 UTC] PHP Deprecated:  chr(): Providing a value not in-between 0 and 255 is deprecated, this is because a byte value must be in the [0, 255] interval. The value used will be constrained using % 256 in C:\Users\Pablo\Documents\GitHub\nine-screen-canvas-flow\vendor\phpseclib\phpseclib\phpseclib\Math\BigInteger\Engines\BCMath.php on line 157
[13-Mar-2026 13:25:40 UTC] PHP Deprecated:  chr(): Providing a value not in-between 0 and 255 is deprecated, this is because a byte value must be in the [0, 255] interval. The value used will be constrained using % 256 in C:\Users\Pablo\Documents\GitHub\nine-screen-canvas-flow\vendor\phpseclib\phpseclib\phpseclib\Math\BigInteger\Engines\BCMath.php on line 157
[13-Mar-2026 13:25:40 UTC] PHP Deprecated:  chr(): Providing a value not in-between 0 and 255 is deprecated, this is because a byte value must be in the [0, 255] interval. The value used will be constrained using % 256 in C:\Users\Pablo\Documents\GitHub\nine-screen-canvas-flow\vendor\phpseclib\phpseclib\phpseclib\Math\BigInteger\Engines\BCMath.php on line 157
[13-Mar-2026 13:25:40 UTC] PHP Deprecated:  chr(): Providing a value not in-between 0 and 255 is deprecated, this is because a byte value must be in the [0, 255] interval. The value used will be constrained using % 256 in C:\Users\Pablo\Documents\GitHub\nine-screen-canvas-flow\vendor\phpseclib\phpseclib\phpseclib\Math\BigInteger\Engines\BCMath.php on line 157
[13-Mar-2026 13:25:40 UTC] PHP Deprecated:  chr(): Providing a value not in-between 0 and 255 is deprecated, this is because a byte value must be in the [0, 255] interval. The value used will be constrained using % 256 in C:\Users\Pablo\Documents\GitHub\nine-screen-canvas-flow\vendor\phpseclib\phpseclib\phpseclib\Math\BigInteger\Engines\BCMath.php on line 157
[13-Mar-2026 13:25:40 UTC] PHP Deprecated:  chr(): Providing a value not in-between 0 and 255 is deprecated, this is because a byte value must be in the [0, 255] interval. The value used will be constrained using % 256 in C:\Users\Pablo\Documents\GitHub\nine-screen-canvas-flow\vendor\phpseclib\phpseclib\phpseclib\Math\BigInteger\Engines\BCMath.php on line 157
[13-Mar-2026 13:25:40 UTC] PHP Deprecated:  chr(): Providing a value not in-between 0 and 255 is deprecated, this is because a byte value must be in the [0, 255] interval. The value used will be constrained using % 256 in C:\Users\Pablo\Documents\GitHub\nine-screen-canvas-flow\vendor\phpseclib\phpseclib\phpseclib\Math\BigInteger\Engines\BCMath.php on line 157
[13-Mar-2026 13:25:40 UTC] PHP Deprecated:  chr(): Providing a value not in-between 0 and 255 is deprecated, this is because a byte value must be in the [0, 255] interval. The value used will be constrained using % 256 in C:\Users\Pablo\Documents\GitHub\nine-screen-canvas-flow\vendor\phpseclib\phpseclib\phpseclib\Math\BigInteger\Engines\BCMath.php on line 157
[13-Mar-2026 13:25:40 UTC] PHP Deprecated:  chr(): Providing a value not in-between 0 and 255 is deprecated, this is because a byte value must be in the [0, 255] interval. The value used will be constrained using % 256 in C:\Users\Pablo\Documents\GitHub\nine-screen-canvas-flow\vendor\phpseclib\phpseclib\phpseclib\Math\BigInteger\Engines\BCMath.php on line 157
[13-Mar-2026 13:25:40 UTC] PHP Deprecated:  chr(): Providing a value not in-between 0 and 255 is deprecated, this is because a byte value must be in the [0, 255] interval. The value used will be constrained using % 256 in C:\Users\Pablo\Documents\GitHub\nine-screen-canvas-flow\vendor\phpseclib\phpseclib\phpseclib\Math\BigInteger\Engines\BCMath.php on line 157
[13-Mar-2026 13:25:40 UTC] PHP Deprecated:  chr(): Providing a value not in-between 0 and 255 is deprecated, this is because a byte value must be in the [0, 255] interval. The value used will be constrained using % 256 in C:\Users\Pablo\Documents\GitHub\nine-screen-canvas-flow\vendor\phpseclib\phpseclib\phpseclib\Math\BigInteger\Engines\BCMath.php on line 157
[13-Mar-2026 13:25:40 UTC] PHP Deprecated:  chr(): Providing a value not in-between 0 and 255 is deprecated, this is because a byte value must be in the [0, 255] interval. The value used will be constrained using % 256 in C:\Users\Pablo\Documents\GitHub\nine-screen-canvas-flow\vendor\phpseclib\phpseclib\phpseclib\Math\BigInteger\Engines\BCMath.php on line 157
[13-Mar-2026 13:25:40 UTC] PHP Deprecated:  chr(): Providing a value not in-between 0 and 255 is deprecated, this is because a byte value must be in the [0, 255] interval. The value used will be constrained using % 256 in C:\Users\Pablo\Documents\GitHub\nine-screen-canvas-flow\vendor\phpseclib\phpseclib\phpseclib\Math\BigInteger\Engines\BCMath.php on line 157
[13-Mar-2026 13:25:40 UTC] PHP Deprecated:  chr(): Providing a value not in-between 0 and 255 is deprecated, this is because a byte value must be in the [0, 255] interval. The value used will be constrained using % 256 in C:\Users\Pablo\Documents\GitHub\nine-screen-canvas-flow\vendor\phpseclib\phpseclib\phpseclib\Math\BigInteger\Engines\BCMath.php on line 157
[13-Mar-2026 13:25:40 UTC] PHP Deprecated:  chr(): Providing a value not in-between 0 and 255 is deprecated, this is because a byte value must be in the [0, 255] interval. The value used will be constrained using % 256 in C:\Users\Pablo\Documents\GitHub\nine-screen-canvas-flow\vendor\phpseclib\phpseclib\phpseclib\Math\BigInteger\Engines\BCMath.php on line 157
[13-Mar-2026 13:25:40 UTC] PHP Deprecated:  chr(): Providing a value not in-between 0 and 255 is deprecated, this is because a byte value must be in the [0, 255] interval. The value used will be constrained using % 256 in C:\Users\Pablo\Documents\GitHub\nine-screen-canvas-flow\vendor\phpseclib\phpseclib\phpseclib\Math\BigInteger\Engines\BCMath.php on line 157
[13-Mar-2026 13:25:40 UTC] PHP Deprecated:  chr(): Providing a value not in-between 0 and 255 is deprecated, this is because a byte value must be in the [0, 255] interval. The value used will be constrained using % 256 in C:\Users\Pablo\Documents\GitHub\nine-screen-canvas-flow\vendor\phpseclib\phpseclib\phpseclib\Math\BigInteger\Engines\BCMath.php on line 157
[13-Mar-2026 13:25:40 UTC] PHP Deprecated:  chr(): Providing a value not in-between 0 and 255 is deprecated, this is because a byte value must be in the [0, 255] interval. The value used will be constrained using % 256 in C:\Users\Pablo\Documents\GitHub\nine-screen-canvas-flow\vendor\phpseclib\phpseclib\phpseclib\Math\BigInteger\Engines\BCMath.php on line 157
[13-Mar-2026 13:25:40 UTC] PHP Deprecated:  chr(): Providing a value not in-between 0 and 255 is deprecated, this is because a byte value must be in the [0, 255] interval. The value used will be constrained using % 256 in C:\Users\Pablo\Documents\GitHub\nine-screen-canvas-flow\vendor\phpseclib\phpseclib\phpseclib\Math\BigInteger\Engines\BCMath.php on line 157
[13-Mar-2026 13:25:40 UTC] PHP Deprecated:  chr(): Providing a value not in-between 0 and 255 is deprecated, this is because a byte value must be in the [0, 255] interval. The value used will be constrained using % 256 in C:\Users\Pablo\Documents\GitHub\nine-screen-canvas-flow\vendor\phpseclib\phpseclib\phpseclib\Math\BigInteger\Engines\BCMath.php on line 157
[13-Mar-2026 13:25:40 UTC] PHP Deprecated:  chr(): Providing a value not in-between 0 and 255 is deprecated, this is because a byte value must be in the [0, 255] interval. The value used will be constrained using % 256 in C:\Users\Pablo\Documents\GitHub\nine-screen-canvas-flow\vendor\phpseclib\phpseclib\phpseclib\Math\BigInteger\Engines\BCMath.php on line 157
[13-Mar-2026 13:25:40 UTC] PHP Deprecated:  chr(): Providing a value not in-between 0 and 255 is deprecated, this is because a byte value must be in the [0, 255] interval. The value used will be constrained using % 256 in C:\Users\Pablo\Documents\GitHub\nine-screen-canvas-flow\vendor\phpseclib\phpseclib\phpseclib\Math\BigInteger\Engines\BCMath.php on line 157
[13-Mar-2026 13:25:40 UTC] PHP Deprecated:  chr(): Providing a value not in-between 0 and 255 is deprecated, this is because a byte value must be in the [0, 255] interval. The value used will be constrained using % 256 in C:\Users\Pablo\Documents\GitHub\nine-screen-canvas-flow\vendor\phpseclib\phpseclib\phpseclib\Math\BigInteger\Engines\BCMath.php on line 157
[13-Mar-2026 13:25:40 UTC] PHP Deprecated:  chr(): Providing a value not in-between 0 and 255 is deprecated, this is because a byte value must be in the [0, 255] interval. The value used will be constrained using % 256 in C:\Users\Pablo\Documents\GitHub\nine-screen-canvas-flow\vendor\phpseclib\phpseclib\phpseclib\Math\BigInteger\Engines\BCMath.php on line 157
[13-Mar-2026 13:25:40 UTC] PHP Deprecated:  chr(): Providing a value not in-between 0 and 255 is deprecated, this is because a byte value must be in the [0, 255] interval. The value used will be constrained using % 256 in C:\Users\Pablo\Documents\GitHub\nine-screen-canvas-flow\vendor\phpseclib\phpseclib\phpseclib\Math\BigInteger\Engines\BCMath.php on line 157
[13-Mar-2026 13:25:40 UTC] PHP Deprecated:  chr(): Providing a value not in-between 0 and 255 is deprecated, this is because a byte value must be in the [0, 255] interval. The value used will be constrained using % 256 in C:\Users\Pablo\Documents\GitHub\nine-screen-canvas-flow\vendor\phpseclib\phpseclib\phpseclib\Math\BigInteger\Engines\BCMath.php on line 157
[13-Mar-2026 13:25:40 UTC] PHP Deprecated:  chr(): Providing a value not in-between 0 and 255 is deprecated, this is because a byte value must be in the [0, 255] interval. The value used will be constrained using % 256 in C:\Users\Pablo\Documents\GitHub\nine-screen-canvas-flow\vendor\phpseclib\phpseclib\phpseclib\Math\BigInteger\Engines\BCMath.php on line 157
[13-Mar-2026 13:25:40 UTC] PHP Deprecated:  chr(): Providing a value not in-between 0 and 255 is deprecated, this is because a byte value must be in the [0, 255] interval. The value used will be constrained using % 256 in C:\Users\Pablo\Documents\GitHub\nine-screen-canvas-flow\vendor\phpseclib\phpseclib\phpseclib\Math\BigInteger\Engines\BCMath.php on line 157
[13-Mar-2026 13:25:40 UTC] PHP Deprecated:  chr(): Providing a value not in-between 0 and 255 is deprecated, this is because a byte value must be in the [0, 255] interval. The value used will be constrained using % 256 in C:\Users\Pablo\Documents\GitHub\nine-screen-canvas-flow\vendor\phpseclib\phpseclib\phpseclib\Math\BigInteger\Engines\BCMath.php on line 157
[13-Mar-2026 13:25:40 UTC] PHP Deprecated:  chr(): Providing a value not in-between 0 and 255 is deprecated, this is because a byte value must be in the [0, 255] interval. The value used will be constrained using % 256 in C:\Users\Pablo\Documents\GitHub\nine-screen-canvas-flow\vendor\phpseclib\phpseclib\phpseclib\Math\BigInteger\Engines\BCMath.php on line 157
[13-Mar-2026 13:25:40 UTC] PHP Deprecated:  chr(): Providing a value not in-between 0 and 255 is deprecated, this is because a byte value must be in the [0, 255] interval. The value used will be constrained using % 256 in C:\Users\Pablo\Documents\GitHub\nine-screen-canvas-flow\vendor\phpseclib\phpseclib\phpseclib\Math\BigInteger\Engines\BCMath.php on line 157
[13-Mar-2026 13:25:40 UTC] PHP Deprecated:  chr(): Providing a value not in-between 0 and 255 is deprecated, this is because a byte value must be in the [0, 255] interval. The value used will be constrained using % 256 in C:\Users\Pablo\Documents\GitHub\nine-screen-canvas-flow\vendor\phpseclib\phpseclib\phpseclib\Math\BigInteger\Engines\BCMath.php on line 157
[13-Mar-2026 13:25:40 UTC] PHP Deprecated:  chr(): Providing a value not in-between 0 and 255 is deprecated, this is because a byte value must be in the [0, 255] interval. The value used will be constrained using % 256 in C:\Users\Pablo\Documents\GitHub\nine-screen-canvas-flow\vendor\phpseclib\phpseclib\phpseclib\Math\BigInteger\Engines\BCMath.php on line 157
[13-Mar-2026 13:25:40 UTC] PHP Deprecated:  chr(): Providing a value not in-between 0 and 255 is deprecated, this is because a byte value must be in the [0, 255] interval. The value used will be constrained using % 256 in C:\Users\Pablo\Documents\GitHub\nine-screen-canvas-flow\vendor\phpseclib\phpseclib\phpseclib\Math\BigInteger\Engines\BCMath.php on line 157
[13-Mar-2026 13:25:40 UTC] PHP Deprecated:  chr(): Providing a value not in-between 0 and 255 is deprecated, this is because a byte value must be in the [0, 255] interval. The value used will be constrained using % 256 in C:\Users\Pablo\Documents\GitHub\nine-screen-canvas-flow\vendor\phpseclib\phpseclib\phpseclib\Math\BigInteger\Engines\BCMath.php on line 157
[13-Mar-2026 13:25:40 UTC] PHP Deprecated:  chr(): Providing a value not in-between 0 and 255 is deprecated, this is because a byte value must be in the [0, 255] interval. The value used will be constrained using % 256 in C:\Users\Pablo\Documents\GitHub\nine-screen-canvas-flow\vendor\phpseclib\phpseclib\phpseclib\Math\BigInteger\Engines\BCMath.php on line 157
[13-Mar-2026 13:25:40 UTC] PHP Deprecated:  chr(): Providing a value not in-between 0 and 255 is deprecated, this is because a byte value must be in the [0, 255] interval. The value used will be constrained using % 256 in C:\Users\Pablo\Documents\GitHub\nine-screen-canvas-flow\vendor\phpseclib\phpseclib\phpseclib\Math\BigInteger\Engines\BCMath.php on line 157
[13-Mar-2026 13:25:40 UTC] PHP Deprecated:  chr(): Providing a value not in-between 0 and 255 is deprecated, this is because a byte value must be in the [0, 255] interval. The value used will be constrained using % 256 in C:\Users\Pablo\Documents\GitHub\nine-screen-canvas-flow\vendor\phpseclib\phpseclib\phpseclib\Math\BigInteger\Engines\BCMath.php on line 157
[13-Mar-2026 13:25:40 UTC] PHP Deprecated:  chr(): Providing a value not in-between 0 and 255 is deprecated, this is because a byte value must be in the [0, 255] interval. The value used will be constrained using % 256 in C:\Users\Pablo\Documents\GitHub\nine-screen-canvas-flow\vendor\phpseclib\phpseclib\phpseclib\Math\BigInteger\Engines\BCMath.php on line 157
[13-Mar-2026 13:25:40 UTC] PHP Deprecated:  chr(): Providing a value not in-between 0 and 255 is deprecated, this is because a byte value must be in the [0, 255] interval. The value used will be constrained using % 256 in C:\Users\Pablo\Documents\GitHub\nine-screen-canvas-flow\vendor\phpseclib\phpseclib\phpseclib\Math\BigInteger\Engines\BCMath.php on line 157
[13-Mar-2026 13:25:40 UTC] PHP Deprecated:  chr(): Providing a value not in-between 0 and 255 is deprecated, this is because a byte value must be in the [0, 255] interval. The value used will be constrained using % 256 in C:\Users\Pablo\Documents\GitHub\nine-screen-canvas-flow\vendor\phpseclib\phpseclib\phpseclib\Math\BigInteger\Engines\BCMath.php on line 157
[13-Mar-2026 13:25:40 UTC] PHP Deprecated:  chr(): Providing a value not in-between 0 and 255 is deprecated, this is because a byte value must be in the [0, 255] interval. The value used will be constrained using % 256 in C:\Users\Pablo\Documents\GitHub\nine-screen-canvas-flow\vendor\phpseclib\phpseclib\phpseclib\Math\BigInteger\Engines\BCMath.php on line 157
[13-Mar-2026 13:25:40 UTC] PHP Deprecated:  chr(): Providing a value not in-between 0 and 255 is deprecated, this is because a byte value must be in the [0, 255] interval. The value used will be constrained using % 256 in C:\Users\Pablo\Documents\GitHub\nine-screen-canvas-flow\vendor\phpseclib\phpseclib\phpseclib\Math\BigInteger\Engines\BCMath.php on line 157
[13-Mar-2026 13:25:40 UTC] PHP Deprecated:  chr(): Providing a value not in-between 0 and 255 is deprecated, this is because a byte value must be in the [0, 255] interval. The value used will be constrained using % 256 in C:\Users\Pablo\Documents\GitHub\nine-screen-canvas-flow\vendor\phpseclib\phpseclib\phpseclib\Math\BigInteger\Engines\BCMath.php on line 157
[13-Mar-2026 13:25:40 UTC] PHP Deprecated:  chr(): Providing a value not in-between 0 and 255 is deprecated, this is because a byte value must be in the [0, 255] interval. The value used will be constrained using % 256 in C:\Users\Pablo\Documents\GitHub\nine-screen-canvas-flow\vendor\phpseclib\phpseclib\phpseclib\Math\BigInteger\Engines\BCMath.php on line 157
[13-Mar-2026 13:25:40 UTC] PHP Deprecated:  chr(): Providing a value not in-between 0 and 255 is deprecated, this is because a byte value must be in the [0, 255] interval. The value used will be constrained using % 256 in C:\Users\Pablo\Documents\GitHub\nine-screen-canvas-flow\vendor\phpseclib\phpseclib\phpseclib\Math\BigInteger\Engines\BCMath.php on line 157
[13-Mar-2026 13:25:40 UTC] PHP Deprecated:  chr(): Providing a value not in-between 0 and 255 is deprecated, this is because a byte value must be in the [0, 255] interval. The value used will be constrained using % 256 in C:\Users\Pablo\Documents\GitHub\nine-screen-canvas-flow\vendor\phpseclib\phpseclib\phpseclib\Math\BigInteger\Engines\BCMath.php on line 157
[13-Mar-2026 13:25:40 UTC] PHP Deprecated:  chr(): Providing a value not in-between 0 and 255 is deprecated, this is because a byte value must be in the [0, 255] interval. The value used will be constrained using % 256 in C:\Users\Pablo\Documents\GitHub\nine-screen-canvas-flow\vendor\phpseclib\phpseclib\phpseclib\Math\BigInteger\Engines\BCMath.php on line 157
[13-Mar-2026 13:25:40 UTC] PHP Deprecated:  chr(): Providing a value not in-between 0 and 255 is deprecated, this is because a byte value must be in the [0, 255] interval. The value used will be constrained using % 256 in C:\Users\Pablo\Documents\GitHub\nine-screen-canvas-flow\vendor\phpseclib\phpseclib\phpseclib\Math\BigInteger\Engines\BCMath.php on line 157
[13-Mar-2026 13:25:40 UTC] PHP Deprecated:  chr(): Providing a value not in-between 0 and 255 is deprecated, this is because a byte value must be in the [0, 255] interval. The value used will be constrained using % 256 in C:\Users\Pablo\Documents\GitHub\nine-screen-canvas-flow\vendor\phpseclib\phpseclib\phpseclib\Math\BigInteger\Engines\BCMath.php on line 157
[13-Mar-2026 13:25:40 UTC] PHP Deprecated:  chr(): Providing a value not in-between 0 and 255 is deprecated, this is because a byte value must be in the [0, 255] interval. The value used will be constrained using % 256 in C:\Users\Pablo\Documents\GitHub\nine-screen-canvas-flow\vendor\phpseclib\phpseclib\phpseclib\Math\BigInteger\Engines\BCMath.php on line 157
[13-Mar-2026 13:25:40 UTC] PHP Deprecated:  chr(): Providing a value not in-between 0 and 255 is deprecated, this is because a byte value must be in the [0, 255] interval. The value used will be constrained using % 256 in C:\Users\Pablo\Documents\GitHub\nine-screen-canvas-flow\vendor\phpseclib\phpseclib\phpseclib\Math\BigInteger\Engines\BCMath.php on line 157
[13-Mar-2026 13:25:40 UTC] PHP Deprecated:  chr(): Providing a value not in-between 0 and 255 is deprecated, this is because a byte value must be in the [0, 255] interval. The value used will be constrained using % 256 in C:\Users\Pablo\Documents\GitHub\nine-screen-canvas-flow\vendor\phpseclib\phpseclib\phpseclib\Math\BigInteger\Engines\BCMath.php on line 157
[13-Mar-2026 13:25:40 UTC] PHP Deprecated:  chr(): Providing a value not in-between 0 and 255 is deprecated, this is because a byte value must be in the [0, 255] interval. The value used will be constrained using % 256 in C:\Users\Pablo\Documents\GitHub\nine-screen-canvas-flow\vendor\phpseclib\phpseclib\phpseclib\Math\BigInteger\Engines\BCMath.php on line 157
[13-Mar-2026 13:25:40 UTC] PHP Deprecated:  chr(): Providing a value not in-between 0 and 255 is deprecated, this is because a byte value must be in the [0, 255] interval. The value used will be constrained using % 256 in C:\Users\Pablo\Documents\GitHub\nine-screen-canvas-flow\vendor\phpseclib\phpseclib\phpseclib\Math\BigInteger\Engines\BCMath.php on line 157
[13-Mar-2026 13:25:40 UTC] PHP Deprecated:  chr(): Providing a value not in-between 0 and 255 is deprecated, this is because a byte value must be in the [0, 255] interval. The value used will be constrained using % 256 in C:\Users\Pablo\Documents\GitHub\nine-screen-canvas-flow\vendor\phpseclib\phpseclib\phpseclib\Math\BigInteger\Engines\BCMath.php on line 157
[13-Mar-2026 13:25:40 UTC] PHP Deprecated:  chr(): Providing a value not in-between 0 and 255 is deprecated, this is because a byte value must be in the [0, 255] interval. The value used will be constrained using % 256 in C:\Users\Pablo\Documents\GitHub\nine-screen-canvas-flow\vendor\phpseclib\phpseclib\phpseclib\Math\BigInteger\Engines\BCMath.php on line 157
[13-Mar-2026 13:25:40 UTC] PHP Deprecated:  chr(): Providing a value not in-between 0 and 255 is deprecated, this is because a byte value must be in the [0, 255] interval. The value used will be constrained using % 256 in C:\Users\Pablo\Documents\GitHub\nine-screen-canvas-flow\vendor\phpseclib\phpseclib\phpseclib\Math\BigInteger\Engines\BCMath.php on line 157
[13-Mar-2026 13:25:40 UTC] PHP Deprecated:  chr(): Providing a value not in-between 0 and 255 is deprecated, this is because a byte value must be in the [0, 255] interval. The value used will be constrained using % 256 in C:\Users\Pablo\Documents\GitHub\nine-screen-canvas-flow\vendor\phpseclib\phpseclib\phpseclib\Math\BigInteger\Engines\BCMath.php on line 157
[13-Mar-2026 13:25:40 UTC] PHP Deprecated:  chr(): Providing a value not in-between 0 and 255 is deprecated, this is because a byte value must be in the [0, 255] interval. The value used will be constrained using % 256 in C:\Users\Pablo\Documents\GitHub\nine-screen-canvas-flow\vendor\phpseclib\phpseclib\phpseclib\Math\BigInteger\Engines\BCMath.php on line 157
[13-Mar-2026 13:25:40 UTC] PHP Deprecated:  chr(): Providing a value not in-between 0 and 255 is deprecated, this is because a byte value must be in the [0, 255] interval. The value used will be constrained using % 256 in C:\Users\Pablo\Documents\GitHub\nine-screen-canvas-flow\vendor\phpseclib\phpseclib\phpseclib\Math\BigInteger\Engines\BCMath.php on line 157
[13-Mar-2026 13:25:40 UTC] PHP Deprecated:  chr(): Providing a value not in-between 0 and 255 is deprecated, this is because a byte value must be in the [0, 255] interval. The value used will be constrained using % 256 in C:\Users\Pablo\Documents\GitHub\nine-screen-canvas-flow\vendor\phpseclib\phpseclib\phpseclib\Math\BigInteger\Engines\BCMath.php on line 157
[13-Mar-2026 13:25:40 UTC] PHP Deprecated:  chr(): Providing a value not in-between 0 and 255 is deprecated, this is because a byte value must be in the [0, 255] interval. The value used will be constrained using % 256 in C:\Users\Pablo\Documents\GitHub\nine-screen-canvas-flow\vendor\phpseclib\phpseclib\phpseclib\Math\BigInteger\Engines\BCMath.php on line 157
[13-Mar-2026 13:25:40 UTC] PHP Deprecated:  chr(): Providing a value not in-between 0 and 255 is deprecated, this is because a byte value must be in the [0, 255] interval. The value used will be constrained using % 256 in C:\Users\Pablo\Documents\GitHub\nine-screen-canvas-flow\vendor\phpseclib\phpseclib\phpseclib\Math\BigInteger\Engines\BCMath.php on line 157
[13-Mar-2026 13:25:40 UTC] PHP Deprecated:  chr(): Providing a value not in-between 0 and 255 is deprecated, this is because a byte value must be in the [0, 255] interval. The value used will be constrained using % 256 in C:\Users\Pablo\Documents\GitHub\nine-screen-canvas-flow\vendor\phpseclib\phpseclib\phpseclib\Math\BigInteger\Engines\BCMath.php on line 157
[13-Mar-2026 13:25:40 UTC] PHP Deprecated:  chr(): Providing a value not in-between 0 and 255 is deprecated, this is because a byte value must be in the [0, 255] interval. The value used will be constrained using % 256 in C:\Users\Pablo\Documents\GitHub\nine-screen-canvas-flow\vendor\phpseclib\phpseclib\phpseclib\Math\BigInteger\Engines\BCMath.php on line 157
[13-Mar-2026 13:25:40 UTC] PHP Deprecated:  chr(): Providing a value not in-between 0 and 255 is deprecated, this is because a byte value must be in the [0, 255] interval. The value used will be constrained using % 256 in C:\Users\Pablo\Documents\GitHub\nine-screen-canvas-flow\vendor\phpseclib\phpseclib\phpseclib\Math\BigInteger\Engines\BCMath.php on line 157
[13-Mar-2026 13:25:40 UTC] PHP Deprecated:  chr(): Providing a value not in-between 0 and 255 is deprecated, this is because a byte value must be in the [0, 255] interval. The value used will be constrained using % 256 in C:\Users\Pablo\Documents\GitHub\nine-screen-canvas-flow\vendor\phpseclib\phpseclib\phpseclib\Math\BigInteger\Engines\BCMath.php on line 157
[13-Mar-2026 13:25:40 UTC] PHP Deprecated:  chr(): Providing a value not in-between 0 and 255 is deprecated, this is because a byte value must be in the [0, 255] interval. The value used will be constrained using % 256 in C:\Users\Pablo\Documents\GitHub\nine-screen-canvas-flow\vendor\phpseclib\phpseclib\phpseclib\Math\BigInteger\Engines\BCMath.php on line 157
[13-Mar-2026 13:25:40 UTC] PHP Deprecated:  chr(): Providing a value not in-between 0 and 255 is deprecated, this is because a byte value must be in the [0, 255] interval. The value used will be constrained using % 256 in C:\Users\Pablo\Documents\GitHub\nine-screen-canvas-flow\vendor\phpseclib\phpseclib\phpseclib\Math\BigInteger\Engines\BCMath.php on line 157
[13-Mar-2026 13:25:40 UTC] PHP Deprecated:  chr(): Providing a value not in-between 0 and 255 is deprecated, this is because a byte value must be in the [0, 255] interval. The value used will be constrained using % 256 in C:\Users\Pablo\Documents\GitHub\nine-screen-canvas-flow\vendor\phpseclib\phpseclib\phpseclib\Math\BigInteger\Engines\BCMath.php on line 157
[13-Mar-2026 13:25:40 UTC] PHP Deprecated:  chr(): Providing a value not in-between 0 and 255 is deprecated, this is because a byte value must be in the [0, 255] interval. The value used will be constrained using % 256 in C:\Users\Pablo\Documents\GitHub\nine-screen-canvas-flow\vendor\phpseclib\phpseclib\phpseclib\Math\BigInteger\Engines\BCMath.php on line 157
[13-Mar-2026 13:25:40 UTC] PHP Deprecated:  chr(): Providing a value not in-between 0 and 255 is deprecated, this is because a byte value must be in the [0, 255] interval. The value used will be constrained using % 256 in C:\Users\Pablo\Documents\GitHub\nine-screen-canvas-flow\vendor\phpseclib\phpseclib\phpseclib\Math\BigInteger\Engines\BCMath.php on line 157
[13-Mar-2026 13:25:40 UTC] PHP Deprecated:  chr(): Providing a value not in-between 0 and 255 is deprecated, this is because a byte value must be in the [0, 255] interval. The value used will be constrained using % 256 in C:\Users\Pablo\Documents\GitHub\nine-screen-canvas-flow\vendor\phpseclib\phpseclib\phpseclib\Math\BigInteger\Engines\BCMath.php on line 157
[13-Mar-2026 13:25:40 UTC] PHP Deprecated:  chr(): Providing a value not in-between 0 and 255 is deprecated, this is because a byte value must be in the [0, 255] interval. The value used will be constrained using % 256 in C:\Users\Pablo\Documents\GitHub\nine-screen-canvas-flow\vendor\phpseclib\phpseclib\phpseclib\Math\BigInteger\Engines\BCMath.php on line 157
[13-Mar-2026 13:25:40 UTC] PHP Deprecated:  chr(): Providing a value not in-between 0 and 255 is deprecated, this is because a byte value must be in the [0, 255] interval. The value used will be constrained using % 256 in C:\Users\Pablo\Documents\GitHub\nine-screen-canvas-flow\vendor\phpseclib\phpseclib\phpseclib\Math\BigInteger\Engines\BCMath.php on line 157
[13-Mar-2026 13:25:40 UTC] PHP Deprecated:  chr(): Providing a value not in-between 0 and 255 is deprecated, this is because a byte value must be in the [0, 255] interval. The value used will be constrained using % 256 in C:\Users\Pablo\Documents\GitHub\nine-screen-canvas-flow\vendor\phpseclib\phpseclib\phpseclib\Math\BigInteger\Engines\BCMath.php on line 157
[13-Mar-2026 13:25:40 UTC] PHP Deprecated:  chr(): Providing a value not in-between 0 and 255 is deprecated, this is because a byte value must be in the [0, 255] interval. The value used will be constrained using % 256 in C:\Users\Pablo\Documents\GitHub\nine-screen-canvas-flow\vendor\phpseclib\phpseclib\phpseclib\Math\BigInteger\Engines\BCMath.php on line 157
[13-Mar-2026 13:25:40 UTC] PHP Deprecated:  chr(): Providing a value not in-between 0 and 255 is deprecated, this is because a byte value must be in the [0, 255] interval. The value used will be constrained using % 256 in C:\Users\Pablo\Documents\GitHub\nine-screen-canvas-flow\vendor\phpseclib\phpseclib\phpseclib\Math\BigInteger\Engines\BCMath.php on line 157
[13-Mar-2026 13:25:40 UTC] PHP Deprecated:  chr(): Providing a value not in-between 0 and 255 is deprecated, this is because a byte value must be in the [0, 255] interval. The value used will be constrained using % 256 in C:\Users\Pablo\Documents\GitHub\nine-screen-canvas-flow\vendor\phpseclib\phpseclib\phpseclib\Math\BigInteger\Engines\BCMath.php on line 157
[13-Mar-2026 13:25:40 UTC] PHP Deprecated:  chr(): Providing a value not in-between 0 and 255 is deprecated, this is because a byte value must be in the [0, 255] interval. The value used will be constrained using % 256 in C:\Users\Pablo\Documents\GitHub\nine-screen-canvas-flow\vendor\phpseclib\phpseclib\phpseclib\Math\BigInteger\Engines\BCMath.php on line 157
[13-Mar-2026 13:25:40 UTC] PHP Deprecated:  chr(): Providing a value not in-between 0 and 255 is deprecated, this is because a byte value must be in the [0, 255] interval. The value used will be constrained using % 256 in C:\Users\Pablo\Documents\GitHub\nine-screen-canvas-flow\vendor\phpseclib\phpseclib\phpseclib\Math\BigInteger\Engines\BCMath.php on line 157
[13-Mar-2026 13:25:40 UTC] PHP Deprecated:  chr(): Providing a value not in-between 0 and 255 is deprecated, this is because a byte value must be in the [0, 255] interval. The value used will be constrained using % 256 in C:\Users\Pablo\Documents\GitHub\nine-screen-canvas-flow\vendor\phpseclib\phpseclib\phpseclib\Math\BigInteger\Engines\BCMath.php on line 157
[13-Mar-2026 13:25:40 UTC] PHP Deprecated:  chr(): Providing a value not in-between 0 and 255 is deprecated, this is because a byte value must be in the [0, 255] interval. The value used will be constrained using % 256 in C:\Users\Pablo\Documents\GitHub\nine-screen-canvas-flow\vendor\phpseclib\phpseclib\phpseclib\Math\BigInteger\Engines\BCMath.php on line 157
[13-Mar-2026 13:25:40 UTC] PHP Deprecated:  chr(): Providing a value not in-between 0 and 255 is deprecated, this is because a byte value must be in the [0, 255] interval. The value used will be constrained using % 256 in C:\Users\Pablo\Documents\GitHub\nine-screen-canvas-flow\vendor\phpseclib\phpseclib\phpseclib\Math\BigInteger\Engines\BCMath.php on line 157
[13-Mar-2026 13:25:40 UTC] PHP Deprecated:  chr(): Providing a value not in-between 0 and 255 is deprecated, this is because a byte value must be in the [0, 255] interval. The value used will be constrained using % 256 in C:\Users\Pablo\Documents\GitHub\nine-screen-canvas-flow\vendor\phpseclib\phpseclib\phpseclib\Math\BigInteger\Engines\BCMath.php on line 157
[13-Mar-2026 13:25:40 UTC] PHP Deprecated:  chr(): Providing a value not in-between 0 and 255 is deprecated, this is because a byte value must be in the [0, 255] interval. The value used will be constrained using % 256 in C:\Users\Pablo\Documents\GitHub\nine-screen-canvas-flow\vendor\phpseclib\phpseclib\phpseclib\Math\BigInteger\Engines\BCMath.php on line 157
[13-Mar-2026 13:25:40 UTC] PHP Deprecated:  chr(): Providing a value not in-between 0 and 255 is deprecated, this is because a byte value must be in the [0, 255] interval. The value used will be constrained using % 256 in C:\Users\Pablo\Documents\GitHub\nine-screen-canvas-flow\vendor\phpseclib\phpseclib\phpseclib\Math\BigInteger\Engines\BCMath.php on line 157
[13-Mar-2026 13:25:40 UTC] PHP Deprecated:  chr(): Providing a value not in-between 0 and 255 is deprecated, this is because a byte value must be in the [0, 255] interval. The value used will be constrained using % 256 in C:\Users\Pablo\Documents\GitHub\nine-screen-canvas-flow\vendor\phpseclib\phpseclib\phpseclib\Math\BigInteger\Engines\BCMath.php on line 157
[13-Mar-2026 13:25:40 UTC] PHP Deprecated:  chr(): Providing a value not in-between 0 and 255 is deprecated, this is because a byte value must be in the [0, 255] interval. The value used will be constrained using % 256 in C:\Users\Pablo\Documents\GitHub\nine-screen-canvas-flow\vendor\phpseclib\phpseclib\phpseclib\Math\BigInteger\Engines\BCMath.php on line 157
[13-Mar-2026 13:25:40 UTC] PHP Deprecated:  chr(): Providing a value not in-between 0 and 255 is deprecated, this is because a byte value must be in the [0, 255] interval. The value used will be constrained using % 256 in C:\Users\Pablo\Documents\GitHub\nine-screen-canvas-flow\vendor\phpseclib\phpseclib\phpseclib\Math\BigInteger\Engines\BCMath.php on line 157
[13-Mar-2026 13:25:40 UTC] PHP Deprecated:  chr(): Providing a value not in-between 0 and 255 is deprecated, this is because a byte value must be in the [0, 255] interval. The value used will be constrained using % 256 in C:\Users\Pablo\Documents\GitHub\nine-screen-canvas-flow\vendor\phpseclib\phpseclib\phpseclib\Math\BigInteger\Engines\BCMath.php on line 157
[13-Mar-2026 13:25:40 UTC] PHP Deprecated:  chr(): Providing a value not in-between 0 and 255 is deprecated, this is because a byte value must be in the [0, 255] interval. The value used will be constrained using % 256 in C:\Users\Pablo\Documents\GitHub\nine-screen-canvas-flow\vendor\phpseclib\phpseclib\phpseclib\Math\BigInteger\Engines\BCMath.php on line 157
[13-Mar-2026 13:25:40 UTC] PHP Deprecated:  chr(): Providing a value not in-between 0 and 255 is deprecated, this is because a byte value must be in the [0, 255] interval. The value used will be constrained using % 256 in C:\Users\Pablo\Documents\GitHub\nine-screen-canvas-flow\vendor\phpseclib\phpseclib\phpseclib\Math\BigInteger\Engines\BCMath.php on line 157
[13-Mar-2026 13:25:40 UTC] PHP Deprecated:  chr(): Providing a value not in-between 0 and 255 is deprecated, this is because a byte value must be in the [0, 255] interval. The value used will be constrained using % 256 in C:\Users\Pablo\Documents\GitHub\nine-screen-canvas-flow\vendor\phpseclib\phpseclib\phpseclib\Math\BigInteger\Engines\BCMath.php on line 157
[13-Mar-2026 13:25:40 UTC] PHP Deprecated:  chr(): Providing a value not in-between 0 and 255 is deprecated, this is because a byte value must be in the [0, 255] interval. The value used will be constrained using % 256 in C:\Users\Pablo\Documents\GitHub\nine-screen-canvas-flow\vendor\phpseclib\phpseclib\phpseclib\Math\BigInteger\Engines\BCMath.php on line 157
[13-Mar-2026 13:25:40 UTC] PHP Deprecated:  chr(): Providing a value not in-between 0 and 255 is deprecated, this is because a byte value must be in the [0, 255] interval. The value used will be constrained using % 256 in C:\Users\Pablo\Documents\GitHub\nine-screen-canvas-flow\vendor\phpseclib\phpseclib\phpseclib\Math\BigInteger\Engines\BCMath.php on line 157
[13-Mar-2026 13:25:40 UTC] PHP Deprecated:  chr(): Providing a value not in-between 0 and 255 is deprecated, this is because a byte value must be in the [0, 255] interval. The value used will be constrained using % 256 in C:\Users\Pablo\Documents\GitHub\nine-screen-canvas-flow\vendor\phpseclib\phpseclib\phpseclib\Math\BigInteger\Engines\BCMath.php on line 157
[13-Mar-2026 13:25:40 UTC] PHP Deprecated:  chr(): Providing a value not in-between 0 and 255 is deprecated, this is because a byte value must be in the [0, 255] interval. The value used will be constrained using % 256 in C:\Users\Pablo\Documents\GitHub\nine-screen-canvas-flow\vendor\phpseclib\phpseclib\phpseclib\Math\BigInteger\Engines\BCMath.php on line 157
[13-Mar-2026 13:25:40 UTC] PHP Deprecated:  chr(): Providing a value not in-between 0 and 255 is deprecated, this is because a byte value must be in the [0, 255] interval. The value used will be constrained using % 256 in C:\Users\Pablo\Documents\GitHub\nine-screen-canvas-flow\vendor\phpseclib\phpseclib\phpseclib\Math\BigInteger\Engines\BCMath.php on line 157
[13-Mar-2026 13:25:40 UTC] PHP Deprecated:  chr(): Providing a value not in-between 0 and 255 is deprecated, this is because a byte value must be in the [0, 255] interval. The value used will be constrained using % 256 in C:\Users\Pablo\Documents\GitHub\nine-screen-canvas-flow\vendor\phpseclib\phpseclib\phpseclib\Math\BigInteger\Engines\BCMath.php on line 157
[13-Mar-2026 13:25:40 UTC] PHP Deprecated:  chr(): Providing a value not in-between 0 and 255 is deprecated, this is because a byte value must be in the [0, 255] interval. The value used will be constrained using % 256 in C:\Users\Pablo\Documents\GitHub\nine-screen-canvas-flow\vendor\phpseclib\phpseclib\phpseclib\Math\BigInteger\Engines\BCMath.php on line 157
[13-Mar-2026 13:25:40 UTC] PHP Deprecated:  chr(): Providing a value not in-between 0 and 255 is deprecated, this is because a byte value must be in the [0, 255] interval. The value used will be constrained using % 256 in C:\Users\Pablo\Documents\GitHub\nine-screen-canvas-flow\vendor\phpseclib\phpseclib\phpseclib\Math\BigInteger\Engines\BCMath.php on line 157
[13-Mar-2026 13:25:40 UTC] PHP Deprecated:  chr(): Providing a value not in-between 0 and 255 is deprecated, this is because a byte value must be in the [0, 255] interval. The value used will be constrained using % 256 in C:\Users\Pablo\Documents\GitHub\nine-screen-canvas-flow\vendor\phpseclib\phpseclib\phpseclib\Math\BigInteger\Engines\BCMath.php on line 157
[13-Mar-2026 13:25:40 UTC] PHP Deprecated:  chr(): Providing a value not in-between 0 and 255 is deprecated, this is because a byte value must be in the [0, 255] interval. The value used will be constrained using % 256 in C:\Users\Pablo\Documents\GitHub\nine-screen-canvas-flow\vendor\phpseclib\phpseclib\phpseclib\Math\BigInteger\Engines\BCMath.php on line 157
[13-Mar-2026 13:25:40 UTC] PHP Deprecated:  chr(): Providing a value not in-between 0 and 255 is deprecated, this is because a byte value must be in the [0, 255] interval. The value used will be constrained using % 256 in C:\Users\Pablo\Documents\GitHub\nine-screen-canvas-flow\vendor\phpseclib\phpseclib\phpseclib\Math\BigInteger\Engines\BCMath.php on line 157
[13-Mar-2026 13:25:40 UTC] PHP Deprecated:  chr(): Providing a value not in-between 0 and 255 is deprecated, this is because a byte value must be in the [0, 255] interval. The value used will be constrained using % 256 in C:\Users\Pablo\Documents\GitHub\nine-screen-canvas-flow\vendor\phpseclib\phpseclib\phpseclib\Math\BigInteger\Engines\BCMath.php on line 157
[13-Mar-2026 13:25:40 UTC] PHP Deprecated:  chr(): Providing a value not in-between 0 and 255 is deprecated, this is because a byte value must be in the [0, 255] interval. The value used will be constrained using % 256 in C:\Users\Pablo\Documents\GitHub\nine-screen-canvas-flow\vendor\phpseclib\phpseclib\phpseclib\Math\BigInteger\Engines\BCMath.php on line 157
[13-Mar-2026 13:25:40 UTC] PHP Deprecated:  chr(): Providing a value not in-between 0 and 255 is deprecated, this is because a byte value must be in the [0, 255] interval. The value used will be constrained using % 256 in C:\Users\Pablo\Documents\GitHub\nine-screen-canvas-flow\vendor\phpseclib\phpseclib\phpseclib\Math\BigInteger\Engines\BCMath.php on line 157
[13-Mar-2026 13:25:40 UTC] PHP Deprecated:  chr(): Providing a value not in-between 0 and 255 is deprecated, this is because a byte value must be in the [0, 255] interval. The value used will be constrained using % 256 in C:\Users\Pablo\Documents\GitHub\nine-screen-canvas-flow\vendor\phpseclib\phpseclib\phpseclib\Math\BigInteger\Engines\BCMath.php on line 157
[13-Mar-2026 13:25:40 UTC] PHP Deprecated:  chr(): Providing a value not in-between 0 and 255 is deprecated, this is because a byte value must be in the [0, 255] interval. The value used will be constrained using % 256 in C:\Users\Pablo\Documents\GitHub\nine-screen-canvas-flow\vendor\phpseclib\phpseclib\phpseclib\Math\BigInteger\Engines\BCMath.php on line 157
[13-Mar-2026 13:25:40 UTC] PHP Deprecated:  chr(): Providing a value not in-between 0 and 255 is deprecated, this is because a byte value must be in the [0, 255] interval. The value used will be constrained using % 256 in C:\Users\Pablo\Documents\GitHub\nine-screen-canvas-flow\vendor\phpseclib\phpseclib\phpseclib\Math\BigInteger\Engines\BCMath.php on line 157
[13-Mar-2026 13:25:40 UTC] PHP Deprecated:  chr(): Providing a value not in-between 0 and 255 is deprecated, this is because a byte value must be in the [0, 255] interval. The value used will be constrained using % 256 in C:\Users\Pablo\Documents\GitHub\nine-screen-canvas-flow\vendor\phpseclib\phpseclib\phpseclib\Math\BigInteger\Engines\BCMath.php on line 157
[13-Mar-2026 13:25:40 UTC] PHP Deprecated:  chr(): Providing a value not in-between 0 and 255 is deprecated, this is because a byte value must be in the [0, 255] interval. The value used will be constrained using % 256 in C:\Users\Pablo\Documents\GitHub\nine-screen-canvas-flow\vendor\phpseclib\phpseclib\phpseclib\Math\BigInteger\Engines\BCMath.php on line 157
[13-Mar-2026 13:25:40 UTC] PHP Deprecated:  chr(): Providing a value not in-between 0 and 255 is deprecated, this is because a byte value must be in the [0, 255] interval. The value used will be constrained using % 256 in C:\Users\Pablo\Documents\GitHub\nine-screen-canvas-flow\vendor\phpseclib\phpseclib\phpseclib\Math\BigInteger\Engines\BCMath.php on line 157
[13-Mar-2026 13:25:40 UTC] PHP Deprecated:  chr(): Providing a value not in-between 0 and 255 is deprecated, this is because a byte value must be in the [0, 255] interval. The value used will be constrained using % 256 in C:\Users\Pablo\Documents\GitHub\nine-screen-canvas-flow\vendor\phpseclib\phpseclib\phpseclib\Math\BigInteger\Engines\BCMath.php on line 157
[13-Mar-2026 13:25:40 UTC] PHP Deprecated:  chr(): Providing a value not in-between 0 and 255 is deprecated, this is because a byte value must be in the [0, 255] interval. The value used will be constrained using % 256 in C:\Users\Pablo\Documents\GitHub\nine-screen-canvas-flow\vendor\phpseclib\phpseclib\phpseclib\Math\BigInteger\Engines\BCMath.php on line 157
[13-Mar-2026 13:25:40 UTC] PHP Deprecated:  chr(): Providing a value not in-between 0 and 255 is deprecated, this is because a byte value must be in the [0, 255] interval. The value used will be constrained using % 256 in C:\Users\Pablo\Documents\GitHub\nine-screen-canvas-flow\vendor\phpseclib\phpseclib\phpseclib\Math\BigInteger\Engines\BCMath.php on line 157
[13-Mar-2026 13:25:40 UTC] PHP Deprecated:  chr(): Providing a value not in-between 0 and 255 is deprecated, this is because a byte value must be in the [0, 255] interval. The value used will be constrained using % 256 in C:\Users\Pablo\Documents\GitHub\nine-screen-canvas-flow\vendor\phpseclib\phpseclib\phpseclib\Math\BigInteger\Engines\BCMath.php on line 157
[13-Mar-2026 13:25:40 UTC] PHP Deprecated:  chr(): Providing a value not in-between 0 and 255 is deprecated, this is because a byte value must be in the [0, 255] interval. The value used will be constrained using % 256 in C:\Users\Pablo\Documents\GitHub\nine-screen-canvas-flow\vendor\phpseclib\phpseclib\phpseclib\Math\BigInteger\Engines\BCMath.php on line 157
[13-Mar-2026 13:25:40 UTC] PHP Deprecated:  chr(): Providing a value not in-between 0 and 255 is deprecated, this is because a byte value must be in the [0, 255] interval. The value used will be constrained using % 256 in C:\Users\Pablo\Documents\GitHub\nine-screen-canvas-flow\vendor\phpseclib\phpseclib\phpseclib\Math\BigInteger\Engines\BCMath.php on line 157
[13-Mar-2026 13:25:40 UTC] PHP Deprecated:  chr(): Providing a value not in-between 0 and 255 is deprecated, this is because a byte value must be in the [0, 255] interval. The value used will be constrained using % 256 in C:\Users\Pablo\Documents\GitHub\nine-screen-canvas-flow\vendor\phpseclib\phpseclib\phpseclib\Math\BigInteger\Engines\BCMath.php on line 157
[13-Mar-2026 13:25:40 UTC] PHP Deprecated:  chr(): Providing a value not in-between 0 and 255 is deprecated, this is because a byte value must be in the [0, 255] interval. The value used will be constrained using % 256 in C:\Users\Pablo\Documents\GitHub\nine-screen-canvas-flow\vendor\phpseclib\phpseclib\phpseclib\Math\BigInteger\Engines\BCMath.php on line 157
[13-Mar-2026 13:25:40 UTC] PHP Deprecated:  chr(): Providing a value not in-between 0 and 255 is deprecated, this is because a byte value must be in the [0, 255] interval. The value used will be constrained using % 256 in C:\Users\Pablo\Documents\GitHub\nine-screen-canvas-flow\vendor\phpseclib\phpseclib\phpseclib\Math\BigInteger\Engines\BCMath.php on line 157
[13-Mar-2026 13:25:40 UTC] PHP Deprecated:  chr(): Providing a value not in-between 0 and 255 is deprecated, this is because a byte value must be in the [0, 255] interval. The value used will be constrained using % 256 in C:\Users\Pablo\Documents\GitHub\nine-screen-canvas-flow\vendor\phpseclib\phpseclib\phpseclib\Math\BigInteger\Engines\BCMath.php on line 157
[13-Mar-2026 13:25:40 UTC] PHP Deprecated:  chr(): Providing a value not in-between 0 and 255 is deprecated, this is because a byte value must be in the [0, 255] interval. The value used will be constrained using % 256 in C:\Users\Pablo\Documents\GitHub\nine-screen-canvas-flow\vendor\phpseclib\phpseclib\phpseclib\Math\BigInteger\Engines\BCMath.php on line 157
[13-Mar-2026 13:25:40 UTC] PHP Deprecated:  chr(): Providing a value not in-between 0 and 255 is deprecated, this is because a byte value must be in the [0, 255] interval. The value used will be constrained using % 256 in C:\Users\Pablo\Documents\GitHub\nine-screen-canvas-flow\vendor\phpseclib\phpseclib\phpseclib\Math\BigInteger\Engines\BCMath.php on line 157
[13-Mar-2026 13:25:40 UTC] PHP Deprecated:  chr(): Providing a value not in-between 0 and 255 is deprecated, this is because a byte value must be in the [0, 255] interval. The value used will be constrained using % 256 in C:\Users\Pablo\Documents\GitHub\nine-screen-canvas-flow\vendor\phpseclib\phpseclib\phpseclib\Math\BigInteger\Engines\BCMath.php on line 157
[13-Mar-2026 13:25:40 UTC] PHP Deprecated:  chr(): Providing a value not in-between 0 and 255 is deprecated, this is because a byte value must be in the [0, 255] interval. The value used will be constrained using % 256 in C:\Users\Pablo\Documents\GitHub\nine-screen-canvas-flow\vendor\phpseclib\phpseclib\phpseclib\Math\BigInteger\Engines\BCMath.php on line 157
[13-Mar-2026 13:25:40 UTC] PHP Deprecated:  chr(): Providing a value not in-between 0 and 255 is deprecated, this is because a byte value must be in the [0, 255] interval. The value used will be constrained using % 256 in C:\Users\Pablo\Documents\GitHub\nine-screen-canvas-flow\vendor\phpseclib\phpseclib\phpseclib\Math\BigInteger\Engines\BCMath.php on line 157
[13-Mar-2026 13:25:40 UTC] PHP Deprecated:  chr(): Providing a value not in-between 0 and 255 is deprecated, this is because a byte value must be in the [0, 255] interval. The value used will be constrained using % 256 in C:\Users\Pablo\Documents\GitHub\nine-screen-canvas-flow\vendor\phpseclib\phpseclib\phpseclib\Math\BigInteger\Engines\BCMath.php on line 157
[13-Mar-2026 13:25:40 UTC] PHP Deprecated:  chr(): Providing a value not in-between 0 and 255 is deprecated, this is because a byte value must be in the [0, 255] interval. The value used will be constrained using % 256 in C:\Users\Pablo\Documents\GitHub\nine-screen-canvas-flow\vendor\phpseclib\phpseclib\phpseclib\Math\BigInteger\Engines\BCMath.php on line 157
[13-Mar-2026 13:25:40 UTC] PHP Deprecated:  chr(): Providing a value not in-between 0 and 255 is deprecated, this is because a byte value must be in the [0, 255] interval. The value used will be constrained using % 256 in C:\Users\Pablo\Documents\GitHub\nine-screen-canvas-flow\vendor\phpseclib\phpseclib\phpseclib\Math\BigInteger\Engines\BCMath.php on line 157
[13-Mar-2026 13:25:40 UTC] PHP Deprecated:  chr(): Providing a value not in-between 0 and 255 is deprecated, this is because a byte value must be in the [0, 255] interval. The value used will be constrained using % 256 in C:\Users\Pablo\Documents\GitHub\nine-screen-canvas-flow\vendor\phpseclib\phpseclib\phpseclib\Math\BigInteger\Engines\BCMath.php on line 157
[13-Mar-2026 13:25:40 UTC] PHP Deprecated:  chr(): Providing a value not in-between 0 and 255 is deprecated, this is because a byte value must be in the [0, 255] interval. The value used will be constrained using % 256 in C:\Users\Pablo\Documents\GitHub\nine-screen-canvas-flow\vendor\phpseclib\phpseclib\phpseclib\Math\BigInteger\Engines\BCMath.php on line 157
[13-Mar-2026 13:25:40 UTC] PHP Deprecated:  chr(): Providing a value not in-between 0 and 255 is deprecated, this is because a byte value must be in the [0, 255] interval. The value used will be constrained using % 256 in C:\Users\Pablo\Documents\GitHub\nine-screen-canvas-flow\vendor\phpseclib\phpseclib\phpseclib\Math\BigInteger\Engines\BCMath.php on line 157
[13-Mar-2026 13:25:40 UTC] PHP Deprecated:  chr(): Providing a value not in-between 0 and 255 is deprecated, this is because a byte value must be in the [0, 255] interval. The value used will be constrained using % 256 in C:\Users\Pablo\Documents\GitHub\nine-screen-canvas-flow\vendor\phpseclib\phpseclib\phpseclib\Math\BigInteger\Engines\BCMath.php on line 157
[13-Mar-2026 13:25:40 UTC] PHP Deprecated:  chr(): Providing a value not in-between 0 and 255 is deprecated, this is because a byte value must be in the [0, 255] interval. The value used will be constrained using % 256 in C:\Users\Pablo\Documents\GitHub\nine-screen-canvas-flow\vendor\phpseclib\phpseclib\phpseclib\Math\BigInteger\Engines\BCMath.php on line 157
[13-Mar-2026 13:25:40 UTC] PHP Deprecated:  chr(): Providing a value not in-between 0 and 255 is deprecated, this is because a byte value must be in the [0, 255] interval. The value used will be constrained using % 256 in C:\Users\Pablo\Documents\GitHub\nine-screen-canvas-flow\vendor\phpseclib\phpseclib\phpseclib\Math\BigInteger\Engines\BCMath.php on line 157
[13-Mar-2026 13:25:40 UTC] PHP Deprecated:  chr(): Providing a value not in-between 0 and 255 is deprecated, this is because a byte value must be in the [0, 255] interval. The value used will be constrained using % 256 in C:\Users\Pablo\Documents\GitHub\nine-screen-canvas-flow\vendor\phpseclib\phpseclib\phpseclib\Math\BigInteger\Engines\BCMath.php on line 157
[13-Mar-2026 13:25:40 UTC] PHP Deprecated:  chr(): Providing a value not in-between 0 and 255 is deprecated, this is because a byte value must be in the [0, 255] interval. The value used will be constrained using % 256 in C:\Users\Pablo\Documents\GitHub\nine-screen-canvas-flow\vendor\phpseclib\phpseclib\phpseclib\Math\BigInteger\Engines\BCMath.php on line 157
[13-Mar-2026 13:25:40 UTC] PHP Deprecated:  chr(): Providing a value not in-between 0 and 255 is deprecated, this is because a byte value must be in the [0, 255] interval. The value used will be constrained using % 256 in C:\Users\Pablo\Documents\GitHub\nine-screen-canvas-flow\vendor\phpseclib\phpseclib\phpseclib\Math\BigInteger\Engines\BCMath.php on line 157
[13-Mar-2026 13:25:40 UTC] PHP Deprecated:  chr(): Providing a value not in-between 0 and 255 is deprecated, this is because a byte value must be in the [0, 255] interval. The value used will be constrained using % 256 in C:\Users\Pablo\Documents\GitHub\nine-screen-canvas-flow\vendor\phpseclib\phpseclib\phpseclib\Math\BigInteger\Engines\BCMath.php on line 157
[13-Mar-2026 13:25:40 UTC] PHP Deprecated:  chr(): Providing a value not in-between 0 and 255 is deprecated, this is because a byte value must be in the [0, 255] interval. The value used will be constrained using % 256 in C:\Users\Pablo\Documents\GitHub\nine-screen-canvas-flow\vendor\phpseclib\phpseclib\phpseclib\Math\BigInteger\Engines\BCMath.php on line 157
[13-Mar-2026 13:25:40 UTC] PHP Deprecated:  chr(): Providing a value not in-between 0 and 255 is deprecated, this is because a byte value must be in the [0, 255] interval. The value used will be constrained using % 256 in C:\Users\Pablo\Documents\GitHub\nine-screen-canvas-flow\vendor\phpseclib\phpseclib\phpseclib\Math\BigInteger\Engines\BCMath.php on line 157
[13-Mar-2026 13:25:40 UTC] PHP Deprecated:  chr(): Providing a value not in-between 0 and 255 is deprecated, this is because a byte value must be in the [0, 255] interval. The value used will be constrained using % 256 in C:\Users\Pablo\Documents\GitHub\nine-screen-canvas-flow\vendor\phpseclib\phpseclib\phpseclib\Math\BigInteger\Engines\BCMath.php on line 157
[13-Mar-2026 13:25:40 UTC] PHP Deprecated:  chr(): Providing a value not in-between 0 and 255 is deprecated, this is because a byte value must be in the [0, 255] interval. The value used will be constrained using % 256 in C:\Users\Pablo\Documents\GitHub\nine-screen-canvas-flow\vendor\phpseclib\phpseclib\phpseclib\Math\BigInteger\Engines\BCMath.php on line 157
[13-Mar-2026 13:25:40 UTC] PHP Deprecated:  chr(): Providing a value not in-between 0 and 255 is deprecated, this is because a byte value must be in the [0, 255] interval. The value used will be constrained using % 256 in C:\Users\Pablo\Documents\GitHub\nine-screen-canvas-flow\vendor\phpseclib\phpseclib\phpseclib\Math\BigInteger\Engines\BCMath.php on line 157
[13-Mar-2026 13:25:40 UTC] PHP Deprecated:  chr(): Providing a value not in-between 0 and 255 is deprecated, this is because a byte value must be in the [0, 255] interval. The value used will be constrained using % 256 in C:\Users\Pablo\Documents\GitHub\nine-screen-canvas-flow\vendor\phpseclib\phpseclib\phpseclib\Math\BigInteger\Engines\BCMath.php on line 157
[13-Mar-2026 13:25:40 UTC] PHP Deprecated:  chr(): Providing a value not in-between 0 and 255 is deprecated, this is because a byte value must be in the [0, 255] interval. The value used will be constrained using % 256 in C:\Users\Pablo\Documents\GitHub\nine-screen-canvas-flow\vendor\phpseclib\phpseclib\phpseclib\Math\BigInteger\Engines\BCMath.php on line 157
[13-Mar-2026 13:25:40 UTC] PHP Deprecated:  chr(): Providing a value not in-between 0 and 255 is deprecated, this is because a byte value must be in the [0, 255] interval. The value used will be constrained using % 256 in C:\Users\Pablo\Documents\GitHub\nine-screen-canvas-flow\vendor\phpseclib\phpseclib\phpseclib\Math\BigInteger\Engines\BCMath.php on line 157
[13-Mar-2026 13:25:40 UTC] PHP Deprecated:  chr(): Providing a value not in-between 0 and 255 is deprecated, this is because a byte value must be in the [0, 255] interval. The value used will be constrained using % 256 in C:\Users\Pablo\Documents\GitHub\nine-screen-canvas-flow\vendor\phpseclib\phpseclib\phpseclib\Math\BigInteger\Engines\BCMath.php on line 157
[13-Mar-2026 13:25:40 UTC] PHP Deprecated:  chr(): Providing a value not in-between 0 and 255 is deprecated, this is because a byte value must be in the [0, 255] interval. The value used will be constrained using % 256 in C:\Users\Pablo\Documents\GitHub\nine-screen-canvas-flow\vendor\phpseclib\phpseclib\phpseclib\Math\BigInteger\Engines\BCMath.php on line 157
[13-Mar-2026 13:25:40 UTC] PHP Deprecated:  chr(): Providing a value not in-between 0 and 255 is deprecated, this is because a byte value must be in the [0, 255] interval. The value used will be constrained using % 256 in C:\Users\Pablo\Documents\GitHub\nine-screen-canvas-flow\vendor\phpseclib\phpseclib\phpseclib\Math\BigInteger\Engines\BCMath.php on line 157
[13-Mar-2026 13:25:40 UTC] PHP Deprecated:  chr(): Providing a value not in-between 0 and 255 is deprecated, this is because a byte value must be in the [0, 255] interval. The value used will be constrained using % 256 in C:\Users\Pablo\Documents\GitHub\nine-screen-canvas-flow\vendor\phpseclib\phpseclib\phpseclib\Math\BigInteger\Engines\BCMath.php on line 157
[13-Mar-2026 13:25:40 UTC] PHP Deprecated:  chr(): Providing a value not in-between 0 and 255 is deprecated, this is because a byte value must be in the [0, 255] interval. The value used will be constrained using % 256 in C:\Users\Pablo\Documents\GitHub\nine-screen-canvas-flow\vendor\phpseclib\phpseclib\phpseclib\Math\BigInteger\Engines\BCMath.php on line 157
[13-Mar-2026 13:25:40 UTC] PHP Deprecated:  chr(): Providing a value not in-between 0 and 255 is deprecated, this is because a byte value must be in the [0, 255] interval. The value used will be constrained using % 256 in C:\Users\Pablo\Documents\GitHub\nine-screen-canvas-flow\vendor\phpseclib\phpseclib\phpseclib\Math\BigInteger\Engines\BCMath.php on line 157
[13-Mar-2026 13:25:40 UTC] PHP Deprecated:  chr(): Providing a value not in-between 0 and 255 is deprecated, this is because a byte value must be in the [0, 255] interval. The value used will be constrained using % 256 in C:\Users\Pablo\Documents\GitHub\nine-screen-canvas-flow\vendor\phpseclib\phpseclib\phpseclib\Math\BigInteger\Engines\BCMath.php on line 157
[13-Mar-2026 13:25:40 UTC] PHP Deprecated:  chr(): Providing a value not in-between 0 and 255 is deprecated, this is because a byte value must be in the [0, 255] interval. The value used will be constrained using % 256 in C:\Users\Pablo\Documents\GitHub\nine-screen-canvas-flow\vendor\phpseclib\phpseclib\phpseclib\Math\BigInteger\Engines\BCMath.php on line 157
[13-Mar-2026 13:25:40 UTC] PHP Deprecated:  chr(): Providing a value not in-between 0 and 255 is deprecated, this is because a byte value must be in the [0, 255] interval. The value used will be constrained using % 256 in C:\Users\Pablo\Documents\GitHub\nine-screen-canvas-flow\vendor\phpseclib\phpseclib\phpseclib\Math\BigInteger\Engines\BCMath.php on line 157
[13-Mar-2026 13:25:40 UTC] PHP Deprecated:  chr(): Providing a value not in-between 0 and 255 is deprecated, this is because a byte value must be in the [0, 255] interval. The value used will be constrained using % 256 in C:\Users\Pablo\Documents\GitHub\nine-screen-canvas-flow\vendor\phpseclib\phpseclib\phpseclib\Math\BigInteger\Engines\BCMath.php on line 157
[13-Mar-2026 13:25:40 UTC] PHP Deprecated:  chr(): Providing a value not in-between 0 and 255 is deprecated, this is because a byte value must be in the [0, 255] interval. The value used will be constrained using % 256 in C:\Users\Pablo\Documents\GitHub\nine-screen-canvas-flow\vendor\phpseclib\phpseclib\phpseclib\Math\BigInteger\Engines\BCMath.php on line 157
[13-Mar-2026 13:25:40 UTC] PHP Deprecated:  chr(): Providing a value not in-between 0 and 255 is deprecated, this is because a byte value must be in the [0, 255] interval. The value used will be constrained using % 256 in C:\Users\Pablo\Documents\GitHub\nine-screen-canvas-flow\vendor\phpseclib\phpseclib\phpseclib\Math\BigInteger\Engines\BCMath.php on line 157
[13-Mar-2026 13:25:40 UTC] PHP Deprecated:  chr(): Providing a value not in-between 0 and 255 is deprecated, this is because a byte value must be in the [0, 255] interval. The value used will be constrained using % 256 in C:\Users\Pablo\Documents\GitHub\nine-screen-canvas-flow\vendor\phpseclib\phpseclib\phpseclib\Math\BigInteger\Engines\BCMath.php on line 157
[13-Mar-2026 13:25:40 UTC] PHP Deprecated:  chr(): Providing a value not in-between 0 and 255 is deprecated, this is because a byte value must be in the [0, 255] interval. The value used will be constrained using % 256 in C:\Users\Pablo\Documents\GitHub\nine-screen-canvas-flow\vendor\phpseclib\phpseclib\phpseclib\Math\BigInteger\Engines\BCMath.php on line 157
[13-Mar-2026 13:25:40 UTC] PHP Deprecated:  chr(): Providing a value not in-between 0 and 255 is deprecated, this is because a byte value must be in the [0, 255] interval. The value used will be constrained using % 256 in C:\Users\Pablo\Documents\GitHub\nine-screen-canvas-flow\vendor\phpseclib\phpseclib\phpseclib\Math\BigInteger\Engines\BCMath.php on line 157
[13-Mar-2026 13:25:40 UTC] PHP Deprecated:  chr(): Providing a value not in-between 0 and 255 is deprecated, this is because a byte value must be in the [0, 255] interval. The value used will be constrained using % 256 in C:\Users\Pablo\Documents\GitHub\nine-screen-canvas-flow\vendor\phpseclib\phpseclib\phpseclib\Math\BigInteger\Engines\BCMath.php on line 157
[13-Mar-2026 13:25:40 UTC] PHP Deprecated:  chr(): Providing a value not in-between 0 and 255 is deprecated, this is because a byte value must be in the [0, 255] interval. The value used will be constrained using % 256 in C:\Users\Pablo\Documents\GitHub\nine-screen-canvas-flow\vendor\phpseclib\phpseclib\phpseclib\Math\BigInteger\Engines\BCMath.php on line 157
[13-Mar-2026 13:25:40 UTC] PHP Deprecated:  chr(): Providing a value not in-between 0 and 255 is deprecated, this is because a byte value must be in the [0, 255] interval. The value used will be constrained using % 256 in C:\Users\Pablo\Documents\GitHub\nine-screen-canvas-flow\vendor\phpseclib\phpseclib\phpseclib\Math\BigInteger\Engines\BCMath.php on line 157
[13-Mar-2026 13:25:40 UTC] PHP Deprecated:  chr(): Providing a value not in-between 0 and 255 is deprecated, this is because a byte value must be in the [0, 255] interval. The value used will be constrained using % 256 in C:\Users\Pablo\Documents\GitHub\nine-screen-canvas-flow\vendor\phpseclib\phpseclib\phpseclib\Math\BigInteger\Engines\BCMath.php on line 157
[13-Mar-2026 13:25:40 UTC] PHP Deprecated:  chr(): Providing a value not in-between 0 and 255 is deprecated, this is because a byte value must be in the [0, 255] interval. The value used will be constrained using % 256 in C:\Users\Pablo\Documents\GitHub\nine-screen-canvas-flow\vendor\phpseclib\phpseclib\phpseclib\Math\BigInteger\Engines\BCMath.php on line 157
[13-Mar-2026 13:25:40 UTC] PHP Deprecated:  chr(): Providing a value not in-between 0 and 255 is deprecated, this is because a byte value must be in the [0, 255] interval. The value used will be constrained using % 256 in C:\Users\Pablo\Documents\GitHub\nine-screen-canvas-flow\vendor\phpseclib\phpseclib\phpseclib\Math\BigInteger\Engines\BCMath.php on line 157
[13-Mar-2026 13:25:40 UTC] PHP Deprecated:  chr(): Providing a value not in-between 0 and 255 is deprecated, this is because a byte value must be in the [0, 255] interval. The value used will be constrained using % 256 in C:\Users\Pablo\Documents\GitHub\nine-screen-canvas-flow\vendor\phpseclib\phpseclib\phpseclib\Math\BigInteger\Engines\BCMath.php on line 157
[13-Mar-2026 13:25:40 UTC] PHP Deprecated:  chr(): Providing a value not in-between 0 and 255 is deprecated, this is because a byte value must be in the [0, 255] interval. The value used will be constrained using % 256 in C:\Users\Pablo\Documents\GitHub\nine-screen-canvas-flow\vendor\phpseclib\phpseclib\phpseclib\Math\BigInteger\Engines\BCMath.php on line 157
[13-Mar-2026 13:25:40 UTC] PHP Deprecated:  chr(): Providing a value not in-between 0 and 255 is deprecated, this is because a byte value must be in the [0, 255] interval. The value used will be constrained using % 256 in C:\Users\Pablo\Documents\GitHub\nine-screen-canvas-flow\vendor\phpseclib\phpseclib\phpseclib\Math\BigInteger\Engines\BCMath.php on line 157
[13-Mar-2026 13:25:40 UTC] PHP Deprecated:  chr(): Providing a value not in-between 0 and 255 is deprecated, this is because a byte value must be in the [0, 255] interval. The value used will be constrained using % 256 in C:\Users\Pablo\Documents\GitHub\nine-screen-canvas-flow\vendor\phpseclib\phpseclib\phpseclib\Math\BigInteger\Engines\BCMath.php on line 157
[13-Mar-2026 13:25:40 UTC] PHP Deprecated:  chr(): Providing a value not in-between 0 and 255 is deprecated, this is because a byte value must be in the [0, 255] interval. The value used will be constrained using % 256 in C:\Users\Pablo\Documents\GitHub\nine-screen-canvas-flow\vendor\phpseclib\phpseclib\phpseclib\Math\BigInteger\Engines\BCMath.php on line 157
[13-Mar-2026 13:25:40 UTC] PHP Deprecated:  chr(): Providing a value not in-between 0 and 255 is deprecated, this is because a byte value must be in the [0, 255] interval. The value used will be constrained using % 256 in C:\Users\Pablo\Documents\GitHub\nine-screen-canvas-flow\vendor\phpseclib\phpseclib\phpseclib\Math\BigInteger\Engines\BCMath.php on line 157
[13-Mar-2026 13:25:40 UTC] PHP Deprecated:  chr(): Providing a value not in-between 0 and 255 is deprecated, this is because a byte value must be in the [0, 255] interval. The value used will be constrained using % 256 in C:\Users\Pablo\Documents\GitHub\nine-screen-canvas-flow\vendor\phpseclib\phpseclib\phpseclib\Math\BigInteger\Engines\BCMath.php on line 157
[13-Mar-2026 13:25:40 UTC] PHP Deprecated:  chr(): Providing a value not in-between 0 and 255 is deprecated, this is because a byte value must be in the [0, 255] interval. The value used will be constrained using % 256 in C:\Users\Pablo\Documents\GitHub\nine-screen-canvas-flow\vendor\phpseclib\phpseclib\phpseclib\Math\BigInteger\Engines\BCMath.php on line 157
[13-Mar-2026 13:25:40 UTC] PHP Deprecated:  chr(): Providing a value not in-between 0 and 255 is deprecated, this is because a byte value must be in the [0, 255] interval. The value used will be constrained using % 256 in C:\Users\Pablo\Documents\GitHub\nine-screen-canvas-flow\vendor\phpseclib\phpseclib\phpseclib\Math\BigInteger\Engines\BCMath.php on line 157
[13-Mar-2026 13:25:40 UTC] PHP Deprecated:  chr(): Providing a value not in-between 0 and 255 is deprecated, this is because a byte value must be in the [0, 255] interval. The value used will be constrained using % 256 in C:\Users\Pablo\Documents\GitHub\nine-screen-canvas-flow\vendor\phpseclib\phpseclib\phpseclib\Math\BigInteger\Engines\BCMath.php on line 157
[13-Mar-2026 13:25:40 UTC] PHP Deprecated:  chr(): Providing a value not in-between 0 and 255 is deprecated, this is because a byte value must be in the [0, 255] interval. The value used will be constrained using % 256 in C:\Users\Pablo\Documents\GitHub\nine-screen-canvas-flow\vendor\phpseclib\phpseclib\phpseclib\Math\BigInteger\Engines\BCMath.php on line 157
[13-Mar-2026 13:25:40 UTC] PHP Deprecated:  chr(): Providing a value not in-between 0 and 255 is deprecated, this is because a byte value must be in the [0, 255] interval. The value used will be constrained using % 256 in C:\Users\Pablo\Documents\GitHub\nine-screen-canvas-flow\vendor\phpseclib\phpseclib\phpseclib\Math\BigInteger\Engines\BCMath.php on line 157
[13-Mar-2026 13:25:40 UTC] PHP Deprecated:  chr(): Providing a value not in-between 0 and 255 is deprecated, this is because a byte value must be in the [0, 255] interval. The value used will be constrained using % 256 in C:\Users\Pablo\Documents\GitHub\nine-screen-canvas-flow\vendor\phpseclib\phpseclib\phpseclib\Math\BigInteger\Engines\BCMath.php on line 157
[13-Mar-2026 13:25:40 UTC] PHP Deprecated:  chr(): Providing a value not in-between 0 and 255 is deprecated, this is because a byte value must be in the [0, 255] interval. The value used will be constrained using % 256 in C:\Users\Pablo\Documents\GitHub\nine-screen-canvas-flow\vendor\phpseclib\phpseclib\phpseclib\Math\BigInteger\Engines\BCMath.php on line 157
[13-Mar-2026 13:25:40 UTC] PHP Deprecated:  chr(): Providing a value not in-between 0 and 255 is deprecated, this is because a byte value must be in the [0, 255] interval. The value used will be constrained using % 256 in C:\Users\Pablo\Documents\GitHub\nine-screen-canvas-flow\vendor\phpseclib\phpseclib\phpseclib\Math\BigInteger\Engines\BCMath.php on line 157
[13-Mar-2026 13:25:40 UTC] PHP Deprecated:  chr(): Providing a value not in-between 0 and 255 is deprecated, this is because a byte value must be in the [0, 255] interval. The value used will be constrained using % 256 in C:\Users\Pablo\Documents\GitHub\nine-screen-canvas-flow\vendor\phpseclib\phpseclib\phpseclib\Math\BigInteger\Engines\BCMath.php on line 157
[13-Mar-2026 13:25:40 UTC] PHP Deprecated:  chr(): Providing a value not in-between 0 and 255 is deprecated, this is because a byte value must be in the [0, 255] interval. The value used will be constrained using % 256 in C:\Users\Pablo\Documents\GitHub\nine-screen-canvas-flow\vendor\phpseclib\phpseclib\phpseclib\Math\BigInteger\Engines\BCMath.php on line 157
[13-Mar-2026 13:25:40 UTC] PHP Deprecated:  chr(): Providing a value not in-between 0 and 255 is deprecated, this is because a byte value must be in the [0, 255] interval. The value used will be constrained using % 256 in C:\Users\Pablo\Documents\GitHub\nine-screen-canvas-flow\vendor\phpseclib\phpseclib\phpseclib\Math\BigInteger\Engines\BCMath.php on line 157
[13-Mar-2026 13:25:40 UTC] PHP Deprecated:  chr(): Providing a value not in-between 0 and 255 is deprecated, this is because a byte value must be in the [0, 255] interval. The value used will be constrained using % 256 in C:\Users\Pablo\Documents\GitHub\nine-screen-canvas-flow\vendor\phpseclib\phpseclib\phpseclib\Math\BigInteger\Engines\BCMath.php on line 157
[13-Mar-2026 13:25:41 UTC] PHP Deprecated:  chr(): Providing a value not in-between 0 and 255 is deprecated, this is because a byte value must be in the [0, 255] interval. The value used will be constrained using % 256 in C:\Users\Pablo\Documents\GitHub\nine-screen-canvas-flow\vendor\phpseclib\phpseclib\phpseclib\Math\BigInteger\Engines\BCMath.php on line 157
[13-Mar-2026 13:25:41 UTC] PHP Deprecated:  chr(): Providing a value not in-between 0 and 255 is deprecated, this is because a byte value must be in the [0, 255] interval. The value used will be constrained using % 256 in C:\Users\Pablo\Documents\GitHub\nine-screen-canvas-flow\vendor\phpseclib\phpseclib\phpseclib\Math\BigInteger\Engines\BCMath.php on line 157
[13-Mar-2026 13:25:41 UTC] PHP Deprecated:  chr(): Providing a value not in-between 0 and 255 is deprecated, this is because a byte value must be in the [0, 255] interval. The value used will be constrained using % 256 in C:\Users\Pablo\Documents\GitHub\nine-screen-canvas-flow\vendor\phpseclib\phpseclib\phpseclib\Math\BigInteger\Engines\BCMath.php on line 157
[13-Mar-2026 13:25:41 UTC] PHP Deprecated:  chr(): Providing a value not in-between 0 and 255 is deprecated, this is because a byte value must be in the [0, 255] interval. The value used will be constrained using % 256 in C:\Users\Pablo\Documents\GitHub\nine-screen-canvas-flow\vendor\phpseclib\phpseclib\phpseclib\Math\BigInteger\Engines\BCMath.php on line 157
[13-Mar-2026 13:25:41 UTC] PHP Deprecated:  chr(): Providing a value not in-between 0 and 255 is deprecated, this is because a byte value must be in the [0, 255] interval. The value used will be constrained using % 256 in C:\Users\Pablo\Documents\GitHub\nine-screen-canvas-flow\vendor\phpseclib\phpseclib\phpseclib\Math\BigInteger\Engines\BCMath.php on line 157
[13-Mar-2026 13:25:41 UTC] PHP Deprecated:  chr(): Providing a value not in-between 0 and 255 is deprecated, this is because a byte value must be in the [0, 255] interval. The value used will be constrained using % 256 in C:\Users\Pablo\Documents\GitHub\nine-screen-canvas-flow\vendor\phpseclib\phpseclib\phpseclib\Math\BigInteger\Engines\BCMath.php on line 157
[13-Mar-2026 13:25:41 UTC] PHP Deprecated:  chr(): Providing a value not in-between 0 and 255 is deprecated, this is because a byte value must be in the [0, 255] interval. The value used will be constrained using % 256 in C:\Users\Pablo\Documents\GitHub\nine-screen-canvas-flow\vendor\phpseclib\phpseclib\phpseclib\Math\BigInteger\Engines\BCMath.php on line 157
[13-Mar-2026 13:25:41 UTC] PHP Deprecated:  chr(): Providing a value not in-between 0 and 255 is deprecated, this is because a byte value must be in the [0, 255] interval. The value used will be constrained using % 256 in C:\Users\Pablo\Documents\GitHub\nine-screen-canvas-flow\vendor\phpseclib\phpseclib\phpseclib\Math\BigInteger\Engines\BCMath.php on line 157
[13-Mar-2026 13:25:41 UTC] PHP Deprecated:  chr(): Providing a value not in-between 0 and 255 is deprecated, this is because a byte value must be in the [0, 255] interval. The value used will be constrained using % 256 in C:\Users\Pablo\Documents\GitHub\nine-screen-canvas-flow\vendor\phpseclib\phpseclib\phpseclib\Math\BigInteger\Engines\BCMath.php on line 157
[13-Mar-2026 13:25:41 UTC] PHP Deprecated:  chr(): Providing a value not in-between 0 and 255 is deprecated, this is because a byte value must be in the [0, 255] interval. The value used will be constrained using % 256 in C:\Users\Pablo\Documents\GitHub\nine-screen-canvas-flow\vendor\phpseclib\phpseclib\phpseclib\Math\BigInteger\Engines\BCMath.php on line 157
[13-Mar-2026 13:25:41 UTC] PHP Deprecated:  chr(): Providing a value not in-between 0 and 255 is deprecated, this is because a byte value must be in the [0, 255] interval. The value used will be constrained using % 256 in C:\Users\Pablo\Documents\GitHub\nine-screen-canvas-flow\vendor\phpseclib\phpseclib\phpseclib\Math\BigInteger\Engines\BCMath.php on line 157
[13-Mar-2026 13:25:41 UTC] PHP Deprecated:  chr(): Providing a value not in-between 0 and 255 is deprecated, this is because a byte value must be in the [0, 255] interval. The value used will be constrained using % 256 in C:\Users\Pablo\Documents\GitHub\nine-screen-canvas-flow\vendor\phpseclib\phpseclib\phpseclib\Math\BigInteger\Engines\BCMath.php on line 157
[13-Mar-2026 13:25:41 UTC] PHP Deprecated:  chr(): Providing a value not in-between 0 and 255 is deprecated, this is because a byte value must be in the [0, 255] interval. The value used will be constrained using % 256 in C:\Users\Pablo\Documents\GitHub\nine-screen-canvas-flow\vendor\phpseclib\phpseclib\phpseclib\Math\BigInteger\Engines\BCMath.php on line 157
[13-Mar-2026 13:25:41 UTC] PHP Deprecated:  chr(): Providing a value not in-between 0 and 255 is deprecated, this is because a byte value must be in the [0, 255] interval. The value used will be constrained using % 256 in C:\Users\Pablo\Documents\GitHub\nine-screen-canvas-flow\vendor\phpseclib\phpseclib\phpseclib\Math\BigInteger\Engines\BCMath.php on line 157
[13-Mar-2026 13:25:41 UTC] PHP Deprecated:  chr(): Providing a value not in-between 0 and 255 is deprecated, this is because a byte value must be in the [0, 255] interval. The value used will be constrained using % 256 in C:\Users\Pablo\Documents\GitHub\nine-screen-canvas-flow\vendor\phpseclib\phpseclib\phpseclib\Math\BigInteger\Engines\BCMath.php on line 157
[13-Mar-2026 13:25:41 UTC] PHP Deprecated:  chr(): Providing a value not in-between 0 and 255 is deprecated, this is because a byte value must be in the [0, 255] interval. The value used will be constrained using % 256 in C:\Users\Pablo\Documents\GitHub\nine-screen-canvas-flow\vendor\phpseclib\phpseclib\phpseclib\Math\BigInteger\Engines\BCMath.php on line 157
[13-Mar-2026 13:25:41 UTC] PHP Deprecated:  chr(): Providing a value not in-between 0 and 255 is deprecated, this is because a byte value must be in the [0, 255] interval. The value used will be constrained using % 256 in C:\Users\Pablo\Documents\GitHub\nine-screen-canvas-flow\vendor\phpseclib\phpseclib\phpseclib\Math\BigInteger\Engines\BCMath.php on line 157
[13-Mar-2026 13:25:41 UTC] PHP Deprecated:  chr(): Providing a value not in-between 0 and 255 is deprecated, this is because a byte value must be in the [0, 255] interval. The value used will be constrained using % 256 in C:\Users\Pablo\Documents\GitHub\nine-screen-canvas-flow\vendor\phpseclib\phpseclib\phpseclib\Math\BigInteger\Engines\BCMath.php on line 157
[13-Mar-2026 13:25:41 UTC] PHP Deprecated:  chr(): Providing a value not in-between 0 and 255 is deprecated, this is because a byte value must be in the [0, 255] interval. The value used will be constrained using % 256 in C:\Users\Pablo\Documents\GitHub\nine-screen-canvas-flow\vendor\phpseclib\phpseclib\phpseclib\Math\BigInteger\Engines\BCMath.php on line 157
[13-Mar-2026 13:25:41 UTC] PHP Deprecated:  chr(): Providing a value not in-between 0 and 255 is deprecated, this is because a byte value must be in the [0, 255] interval. The value used will be constrained using % 256 in C:\Users\Pablo\Documents\GitHub\nine-screen-canvas-flow\vendor\phpseclib\phpseclib\phpseclib\Math\BigInteger\Engines\BCMath.php on line 157
[13-Mar-2026 13:25:41 UTC] PHP Deprecated:  chr(): Providing a value not in-between 0 and 255 is deprecated, this is because a byte value must be in the [0, 255] interval. The value used will be constrained using % 256 in C:\Users\Pablo\Documents\GitHub\nine-screen-canvas-flow\vendor\phpseclib\phpseclib\phpseclib\Math\BigInteger\Engines\BCMath.php on line 157
[13-Mar-2026 13:25:41 UTC] PHP Deprecated:  chr(): Providing a value not in-between 0 and 255 is deprecated, this is because a byte value must be in the [0, 255] interval. The value used will be constrained using % 256 in C:\Users\Pablo\Documents\GitHub\nine-screen-canvas-flow\vendor\phpseclib\phpseclib\phpseclib\Math\BigInteger\Engines\BCMath.php on line 157
[13-Mar-2026 13:25:41 UTC] PHP Deprecated:  chr(): Providing a value not in-between 0 and 255 is deprecated, this is because a byte value must be in the [0, 255] interval. The value used will be constrained using % 256 in C:\Users\Pablo\Documents\GitHub\nine-screen-canvas-flow\vendor\phpseclib\phpseclib\phpseclib\Math\BigInteger\Engines\BCMath.php on line 157
[13-Mar-2026 13:25:41 UTC] PHP Deprecated:  chr(): Providing a value not in-between 0 and 255 is deprecated, this is because a byte value must be in the [0, 255] interval. The value used will be constrained using % 256 in C:\Users\Pablo\Documents\GitHub\nine-screen-canvas-flow\vendor\phpseclib\phpseclib\phpseclib\Math\BigInteger\Engines\BCMath.php on line 157
[13-Mar-2026 13:25:41 UTC] PHP Deprecated:  chr(): Providing a value not in-between 0 and 255 is deprecated, this is because a byte value must be in the [0, 255] interval. The value used will be constrained using % 256 in C:\Users\Pablo\Documents\GitHub\nine-screen-canvas-flow\vendor\phpseclib\phpseclib\phpseclib\Math\BigInteger\Engines\BCMath.php on line 157
[13-Mar-2026 13:25:41 UTC] PHP Deprecated:  chr(): Providing a value not in-between 0 and 255 is deprecated, this is because a byte value must be in the [0, 255] interval. The value used will be constrained using % 256 in C:\Users\Pablo\Documents\GitHub\nine-screen-canvas-flow\vendor\phpseclib\phpseclib\phpseclib\Math\BigInteger\Engines\BCMath.php on line 157
[13-Mar-2026 13:25:41 UTC] PHP Deprecated:  chr(): Providing a value not in-between 0 and 255 is deprecated, this is because a byte value must be in the [0, 255] interval. The value used will be constrained using % 256 in C:\Users\Pablo\Documents\GitHub\nine-screen-canvas-flow\vendor\phpseclib\phpseclib\phpseclib\Math\BigInteger\Engines\BCMath.php on line 157
[13-Mar-2026 13:25:41 UTC] PHP Deprecated:  chr(): Providing a value not in-between 0 and 255 is deprecated, this is because a byte value must be in the [0, 255] interval. The value used will be constrained using % 256 in C:\Users\Pablo\Documents\GitHub\nine-screen-canvas-flow\vendor\phpseclib\phpseclib\phpseclib\Math\BigInteger\Engines\BCMath.php on line 157
[13-Mar-2026 13:25:41 UTC] PHP Deprecated:  chr(): Providing a value not in-between 0 and 255 is deprecated, this is because a byte value must be in the [0, 255] interval. The value used will be constrained using % 256 in C:\Users\Pablo\Documents\GitHub\nine-screen-canvas-flow\vendor\phpseclib\phpseclib\phpseclib\Math\BigInteger\Engines\BCMath.php on line 157
[13-Mar-2026 13:25:41 UTC] PHP Deprecated:  chr(): Providing a value not in-between 0 and 255 is deprecated, this is because a byte value must be in the [0, 255] interval. The value used will be constrained using % 256 in C:\Users\Pablo\Documents\GitHub\nine-screen-canvas-flow\vendor\phpseclib\phpseclib\phpseclib\Math\BigInteger\Engines\BCMath.php on line 157
[13-Mar-2026 13:25:41 UTC] PHP Deprecated:  chr(): Providing a value not in-between 0 and 255 is deprecated, this is because a byte value must be in the [0, 255] interval. The value used will be constrained using % 256 in C:\Users\Pablo\Documents\GitHub\nine-screen-canvas-flow\vendor\phpseclib\phpseclib\phpseclib\Math\BigInteger\Engines\BCMath.php on line 157
[13-Mar-2026 13:25:41 UTC] PHP Deprecated:  chr(): Providing a value not in-between 0 and 255 is deprecated, this is because a byte value must be in the [0, 255] interval. The value used will be constrained using % 256 in C:\Users\Pablo\Documents\GitHub\nine-screen-canvas-flow\vendor\phpseclib\phpseclib\phpseclib\Math\BigInteger\Engines\BCMath.php on line 157
[13-Mar-2026 13:25:41 UTC] PHP Deprecated:  chr(): Providing a value not in-between 0 and 255 is deprecated, this is because a byte value must be in the [0, 255] interval. The value used will be constrained using % 256 in C:\Users\Pablo\Documents\GitHub\nine-screen-canvas-flow\vendor\phpseclib\phpseclib\phpseclib\Math\BigInteger\Engines\BCMath.php on line 157
[13-Mar-2026 13:25:41 UTC] PHP Deprecated:  chr(): Providing a value not in-between 0 and 255 is deprecated, this is because a byte value must be in the [0, 255] interval. The value used will be constrained using % 256 in C:\Users\Pablo\Documents\GitHub\nine-screen-canvas-flow\vendor\phpseclib\phpseclib\phpseclib\Math\BigInteger\Engines\BCMath.php on line 157
[13-Mar-2026 13:25:41 UTC] PHP Deprecated:  chr(): Providing a value not in-between 0 and 255 is deprecated, this is because a byte value must be in the [0, 255] interval. The value used will be constrained using % 256 in C:\Users\Pablo\Documents\GitHub\nine-screen-canvas-flow\vendor\phpseclib\phpseclib\phpseclib\Math\BigInteger\Engines\BCMath.php on line 157
[13-Mar-2026 13:25:41 UTC] PHP Deprecated:  chr(): Providing a value not in-between 0 and 255 is deprecated, this is because a byte value must be in the [0, 255] interval. The value used will be constrained using % 256 in C:\Users\Pablo\Documents\GitHub\nine-screen-canvas-flow\vendor\phpseclib\phpseclib\phpseclib\Math\BigInteger\Engines\BCMath.php on line 157
[13-Mar-2026 13:25:41 UTC] PHP Deprecated:  chr(): Providing a value not in-between 0 and 255 is deprecated, this is because a byte value must be in the [0, 255] interval. The value used will be constrained using % 256 in C:\Users\Pablo\Documents\GitHub\nine-screen-canvas-flow\vendor\phpseclib\phpseclib\phpseclib\Math\BigInteger\Engines\BCMath.php on line 157
[13-Mar-2026 13:25:41 UTC] PHP Deprecated:  chr(): Providing a value not in-between 0 and 255 is deprecated, this is because a byte value must be in the [0, 255] interval. The value used will be constrained using % 256 in C:\Users\Pablo\Documents\GitHub\nine-screen-canvas-flow\vendor\phpseclib\phpseclib\phpseclib\Math\BigInteger\Engines\BCMath.php on line 157
[13-Mar-2026 13:25:41 UTC] PHP Deprecated:  chr(): Providing a value not in-between 0 and 255 is deprecated, this is because a byte value must be in the [0, 255] interval. The value used will be constrained using % 256 in C:\Users\Pablo\Documents\GitHub\nine-screen-canvas-flow\vendor\phpseclib\phpseclib\phpseclib\Math\BigInteger\Engines\BCMath.php on line 157
[13-Mar-2026 13:25:41 UTC] PHP Deprecated:  chr(): Providing a value not in-between 0 and 255 is deprecated, this is because a byte value must be in the [0, 255] interval. The value used will be constrained using % 256 in C:\Users\Pablo\Documents\GitHub\nine-screen-canvas-flow\vendor\phpseclib\phpseclib\phpseclib\Math\BigInteger\Engines\BCMath.php on line 157
[13-Mar-2026 13:25:41 UTC] PHP Deprecated:  chr(): Providing a value not in-between 0 and 255 is deprecated, this is because a byte value must be in the [0, 255] interval. The value used will be constrained using % 256 in C:\Users\Pablo\Documents\GitHub\nine-screen-canvas-flow\vendor\phpseclib\phpseclib\phpseclib\Math\BigInteger\Engines\BCMath.php on line 157
[13-Mar-2026 13:25:41 UTC] PHP Deprecated:  chr(): Providing a value not in-between 0 and 255 is deprecated, this is because a byte value must be in the [0, 255] interval. The value used will be constrained using % 256 in C:\Users\Pablo\Documents\GitHub\nine-screen-canvas-flow\vendor\phpseclib\phpseclib\phpseclib\Math\BigInteger\Engines\BCMath.php on line 157
[13-Mar-2026 13:25:41 UTC] PHP Deprecated:  chr(): Providing a value not in-between 0 and 255 is deprecated, this is because a byte value must be in the [0, 255] interval. The value used will be constrained using % 256 in C:\Users\Pablo\Documents\GitHub\nine-screen-canvas-flow\vendor\phpseclib\phpseclib\phpseclib\Math\BigInteger\Engines\BCMath.php on line 157
[13-Mar-2026 13:25:41 UTC] PHP Deprecated:  chr(): Providing a value not in-between 0 and 255 is deprecated, this is because a byte value must be in the [0, 255] interval. The value used will be constrained using % 256 in C:\Users\Pablo\Documents\GitHub\nine-screen-canvas-flow\vendor\phpseclib\phpseclib\phpseclib\Math\BigInteger\Engines\BCMath.php on line 157
[13-Mar-2026 13:25:41 UTC] PHP Deprecated:  chr(): Providing a value not in-between 0 and 255 is deprecated, this is because a byte value must be in the [0, 255] interval. The value used will be constrained using % 256 in C:\Users\Pablo\Documents\GitHub\nine-screen-canvas-flow\vendor\phpseclib\phpseclib\phpseclib\Math\BigInteger\Engines\BCMath.php on line 157
[13-Mar-2026 13:25:41 UTC] PHP Deprecated:  chr(): Providing a value not in-between 0 and 255 is deprecated, this is because a byte value must be in the [0, 255] interval. The value used will be constrained using % 256 in C:\Users\Pablo\Documents\GitHub\nine-screen-canvas-flow\vendor\phpseclib\phpseclib\phpseclib\Math\BigInteger\Engines\BCMath.php on line 157
[13-Mar-2026 13:25:41 UTC] PHP Deprecated:  chr(): Providing a value not in-between 0 and 255 is deprecated, this is because a byte value must be in the [0, 255] interval. The value used will be constrained using % 256 in C:\Users\Pablo\Documents\GitHub\nine-screen-canvas-flow\vendor\phpseclib\phpseclib\phpseclib\Math\BigInteger\Engines\BCMath.php on line 157
[13-Mar-2026 13:25:41 UTC] PHP Deprecated:  chr(): Providing a value not in-between 0 and 255 is deprecated, this is because a byte value must be in the [0, 255] interval. The value used will be constrained using % 256 in C:\Users\Pablo\Documents\GitHub\nine-screen-canvas-flow\vendor\phpseclib\phpseclib\phpseclib\Math\BigInteger\Engines\BCMath.php on line 157
[13-Mar-2026 13:25:41 UTC] PHP Deprecated:  chr(): Providing a value not in-between 0 and 255 is deprecated, this is because a byte value must be in the [0, 255] interval. The value used will be constrained using % 256 in C:\Users\Pablo\Documents\GitHub\nine-screen-canvas-flow\vendor\phpseclib\phpseclib\phpseclib\Math\BigInteger\Engines\BCMath.php on line 157
[13-Mar-2026 13:25:41 UTC] PHP Deprecated:  chr(): Providing a value not in-between 0 and 255 is deprecated, this is because a byte value must be in the [0, 255] interval. The value used will be constrained using % 256 in C:\Users\Pablo\Documents\GitHub\nine-screen-canvas-flow\vendor\phpseclib\phpseclib\phpseclib\Math\BigInteger\Engines\BCMath.php on line 157
[13-Mar-2026 13:25:41 UTC] PHP Deprecated:  chr(): Providing a value not in-between 0 and 255 is deprecated, this is because a byte value must be in the [0, 255] interval. The value used will be constrained using % 256 in C:\Users\Pablo\Documents\GitHub\nine-screen-canvas-flow\vendor\phpseclib\phpseclib\phpseclib\Math\BigInteger\Engines\BCMath.php on line 157
[13-Mar-2026 13:25:41 UTC] PHP Deprecated:  chr(): Providing a value not in-between 0 and 255 is deprecated, this is because a byte value must be in the [0, 255] interval. The value used will be constrained using % 256 in C:\Users\Pablo\Documents\GitHub\nine-screen-canvas-flow\vendor\phpseclib\phpseclib\phpseclib\Math\BigInteger\Engines\BCMath.php on line 157
[13-Mar-2026 13:25:41 UTC] PHP Deprecated:  chr(): Providing a value not in-between 0 and 255 is deprecated, this is because a byte value must be in the [0, 255] interval. The value used will be constrained using % 256 in C:\Users\Pablo\Documents\GitHub\nine-screen-canvas-flow\vendor\phpseclib\phpseclib\phpseclib\Math\BigInteger\Engines\BCMath.php on line 157
[13-Mar-2026 13:25:41 UTC] PHP Deprecated:  chr(): Providing a value not in-between 0 and 255 is deprecated, this is because a byte value must be in the [0, 255] interval. The value used will be constrained using % 256 in C:\Users\Pablo\Documents\GitHub\nine-screen-canvas-flow\vendor\phpseclib\phpseclib\phpseclib\Math\BigInteger\Engines\BCMath.php on line 157
[13-Mar-2026 13:25:41 UTC] PHP Deprecated:  chr(): Providing a value not in-between 0 and 255 is deprecated, this is because a byte value must be in the [0, 255] interval. The value used will be constrained using % 256 in C:\Users\Pablo\Documents\GitHub\nine-screen-canvas-flow\vendor\phpseclib\phpseclib\phpseclib\Math\BigInteger\Engines\BCMath.php on line 157
[13-Mar-2026 13:25:41 UTC] PHP Deprecated:  chr(): Providing a value not in-between 0 and 255 is deprecated, this is because a byte value must be in the [0, 255] interval. The value used will be constrained using % 256 in C:\Users\Pablo\Documents\GitHub\nine-screen-canvas-flow\vendor\phpseclib\phpseclib\phpseclib\Math\BigInteger\Engines\BCMath.php on line 157
[13-Mar-2026 13:25:41 UTC] PHP Deprecated:  chr(): Providing a value not in-between 0 and 255 is deprecated, this is because a byte value must be in the [0, 255] interval. The value used will be constrained using % 256 in C:\Users\Pablo\Documents\GitHub\nine-screen-canvas-flow\vendor\phpseclib\phpseclib\phpseclib\Math\BigInteger\Engines\BCMath.php on line 157
[13-Mar-2026 13:25:41 UTC] PHP Deprecated:  chr(): Providing a value not in-between 0 and 255 is deprecated, this is because a byte value must be in the [0, 255] interval. The value used will be constrained using % 256 in C:\Users\Pablo\Documents\GitHub\nine-screen-canvas-flow\vendor\phpseclib\phpseclib\phpseclib\Math\BigInteger\Engines\BCMath.php on line 157
[13-Mar-2026 13:25:41 UTC] PHP Deprecated:  chr(): Providing a value not in-between 0 and 255 is deprecated, this is because a byte value must be in the [0, 255] interval. The value used will be constrained using % 256 in C:\Users\Pablo\Documents\GitHub\nine-screen-canvas-flow\vendor\phpseclib\phpseclib\phpseclib\Math\BigInteger\Engines\BCMath.php on line 157
[13-Mar-2026 13:25:41 UTC] PHP Deprecated:  chr(): Providing a value not in-between 0 and 255 is deprecated, this is because a byte value must be in the [0, 255] interval. The value used will be constrained using % 256 in C:\Users\Pablo\Documents\GitHub\nine-screen-canvas-flow\vendor\phpseclib\phpseclib\phpseclib\Math\BigInteger\Engines\BCMath.php on line 157
[13-Mar-2026 13:25:41 UTC] PHP Deprecated:  chr(): Providing a value not in-between 0 and 255 is deprecated, this is because a byte value must be in the [0, 255] interval. The value used will be constrained using % 256 in C:\Users\Pablo\Documents\GitHub\nine-screen-canvas-flow\vendor\phpseclib\phpseclib\phpseclib\Math\BigInteger\Engines\BCMath.php on line 157
[13-Mar-2026 13:25:41 UTC] PHP Deprecated:  chr(): Providing a value not in-between 0 and 255 is deprecated, this is because a byte value must be in the [0, 255] interval. The value used will be constrained using % 256 in C:\Users\Pablo\Documents\GitHub\nine-screen-canvas-flow\vendor\phpseclib\phpseclib\phpseclib\Math\BigInteger\Engines\BCMath.php on line 157
[13-Mar-2026 13:25:41 UTC] PHP Deprecated:  chr(): Providing a value not in-between 0 and 255 is deprecated, this is because a byte value must be in the [0, 255] interval. The value used will be constrained using % 256 in C:\Users\Pablo\Documents\GitHub\nine-screen-canvas-flow\vendor\phpseclib\phpseclib\phpseclib\Math\BigInteger\Engines\BCMath.php on line 157
[13-Mar-2026 13:25:41 UTC] PHP Deprecated:  chr(): Providing a value not in-between 0 and 255 is deprecated, this is because a byte value must be in the [0, 255] interval. The value used will be constrained using % 256 in C:\Users\Pablo\Documents\GitHub\nine-screen-canvas-flow\vendor\phpseclib\phpseclib\phpseclib\Math\BigInteger\Engines\BCMath.php on line 157
[13-Mar-2026 13:25:41 UTC] PHP Deprecated:  chr(): Providing a value not in-between 0 and 255 is deprecated, this is because a byte value must be in the [0, 255] interval. The value used will be constrained using % 256 in C:\Users\Pablo\Documents\GitHub\nine-screen-canvas-flow\vendor\phpseclib\phpseclib\phpseclib\Math\BigInteger\Engines\BCMath.php on line 157
[13-Mar-2026 13:25:41 UTC] PHP Deprecated:  chr(): Providing a value not in-between 0 and 255 is deprecated, this is because a byte value must be in the [0, 255] interval. The value used will be constrained using % 256 in C:\Users\Pablo\Documents\GitHub\nine-screen-canvas-flow\vendor\phpseclib\phpseclib\phpseclib\Math\BigInteger\Engines\BCMath.php on line 157
[13-Mar-2026 13:25:41 UTC] PHP Deprecated:  chr(): Providing a value not in-between 0 and 255 is deprecated, this is because a byte value must be in the [0, 255] interval. The value used will be constrained using % 256 in C:\Users\Pablo\Documents\GitHub\nine-screen-canvas-flow\vendor\phpseclib\phpseclib\phpseclib\Math\BigInteger\Engines\BCMath.php on line 157
[13-Mar-2026 13:25:41 UTC] PHP Deprecated:  chr(): Providing a value not in-between 0 and 255 is deprecated, this is because a byte value must be in the [0, 255] interval. The value used will be constrained using % 256 in C:\Users\Pablo\Documents\GitHub\nine-screen-canvas-flow\vendor\phpseclib\phpseclib\phpseclib\Math\BigInteger\Engines\BCMath.php on line 157
[13-Mar-2026 13:25:41 UTC] PHP Deprecated:  chr(): Providing a value not in-between 0 and 255 is deprecated, this is because a byte value must be in the [0, 255] interval. The value used will be constrained using % 256 in C:\Users\Pablo\Documents\GitHub\nine-screen-canvas-flow\vendor\phpseclib\phpseclib\phpseclib\Math\BigInteger\Engines\BCMath.php on line 157
[13-Mar-2026 13:25:41 UTC] PHP Deprecated:  chr(): Providing a value not in-between 0 and 255 is deprecated, this is because a byte value must be in the [0, 255] interval. The value used will be constrained using % 256 in C:\Users\Pablo\Documents\GitHub\nine-screen-canvas-flow\vendor\phpseclib\phpseclib\phpseclib\Math\BigInteger\Engines\BCMath.php on line 157
[13-Mar-2026 13:25:41 UTC] PHP Deprecated:  chr(): Providing a value not in-between 0 and 255 is deprecated, this is because a byte value must be in the [0, 255] interval. The value used will be constrained using % 256 in C:\Users\Pablo\Documents\GitHub\nine-screen-canvas-flow\vendor\phpseclib\phpseclib\phpseclib\Math\BigInteger\Engines\BCMath.php on line 157
[13-Mar-2026 13:25:41 UTC] PHP Deprecated:  chr(): Providing a value not in-between 0 and 255 is deprecated, this is because a byte value must be in the [0, 255] interval. The value used will be constrained using % 256 in C:\Users\Pablo\Documents\GitHub\nine-screen-canvas-flow\vendor\phpseclib\phpseclib\phpseclib\Math\BigInteger\Engines\BCMath.php on line 157
[13-Mar-2026 13:25:41 UTC] PHP Deprecated:  chr(): Providing a value not in-between 0 and 255 is deprecated, this is because a byte value must be in the [0, 255] interval. The value used will be constrained using % 256 in C:\Users\Pablo\Documents\GitHub\nine-screen-canvas-flow\vendor\phpseclib\phpseclib\phpseclib\Math\BigInteger\Engines\BCMath.php on line 157
[13-Mar-2026 13:25:41 UTC] PHP Deprecated:  chr(): Providing a value not in-between 0 and 255 is deprecated, this is because a byte value must be in the [0, 255] interval. The value used will be constrained using % 256 in C:\Users\Pablo\Documents\GitHub\nine-screen-canvas-flow\vendor\phpseclib\phpseclib\phpseclib\Math\BigInteger\Engines\BCMath.php on line 157
[13-Mar-2026 13:25:41 UTC] PHP Deprecated:  chr(): Providing a value not in-between 0 and 255 is deprecated, this is because a byte value must be in the [0, 255] interval. The value used will be constrained using % 256 in C:\Users\Pablo\Documents\GitHub\nine-screen-canvas-flow\vendor\phpseclib\phpseclib\phpseclib\Math\BigInteger\Engines\BCMath.php on line 157
[13-Mar-2026 13:25:41 UTC] PHP Deprecated:  chr(): Providing a value not in-between 0 and 255 is deprecated, this is because a byte value must be in the [0, 255] interval. The value used will be constrained using % 256 in C:\Users\Pablo\Documents\GitHub\nine-screen-canvas-flow\vendor\phpseclib\phpseclib\phpseclib\Math\BigInteger\Engines\BCMath.php on line 157
[13-Mar-2026 13:25:41 UTC] PHP Deprecated:  chr(): Providing a value not in-between 0 and 255 is deprecated, this is because a byte value must be in the [0, 255] interval. The value used will be constrained using % 256 in C:\Users\Pablo\Documents\GitHub\nine-screen-canvas-flow\vendor\phpseclib\phpseclib\phpseclib\Math\BigInteger\Engines\BCMath.php on line 157
[13-Mar-2026 13:25:41 UTC] PHP Deprecated:  chr(): Providing a value not in-between 0 and 255 is deprecated, this is because a byte value must be in the [0, 255] interval. The value used will be constrained using % 256 in C:\Users\Pablo\Documents\GitHub\nine-screen-canvas-flow\vendor\phpseclib\phpseclib\phpseclib\Math\BigInteger\Engines\BCMath.php on line 157
[13-Mar-2026 13:25:41 UTC] PHP Deprecated:  chr(): Providing a value not in-between 0 and 255 is deprecated, this is because a byte value must be in the [0, 255] interval. The value used will be constrained using % 256 in C:\Users\Pablo\Documents\GitHub\nine-screen-canvas-flow\vendor\phpseclib\phpseclib\phpseclib\Math\BigInteger\Engines\BCMath.php on line 157
[13-Mar-2026 13:25:41 UTC] PHP Deprecated:  chr(): Providing a value not in-between 0 and 255 is deprecated, this is because a byte value must be in the [0, 255] interval. The value used will be constrained using % 256 in C:\Users\Pablo\Documents\GitHub\nine-screen-canvas-flow\vendor\phpseclib\phpseclib\phpseclib\Math\BigInteger\Engines\BCMath.php on line 157
[13-Mar-2026 13:25:41 UTC] PHP Deprecated:  chr(): Providing a value not in-between 0 and 255 is deprecated, this is because a byte value must be in the [0, 255] interval. The value used will be constrained using % 256 in C:\Users\Pablo\Documents\GitHub\nine-screen-canvas-flow\vendor\phpseclib\phpseclib\phpseclib\Math\BigInteger\Engines\BCMath.php on line 157
[13-Mar-2026 13:25:41 UTC] PHP Deprecated:  chr(): Providing a value not in-between 0 and 255 is deprecated, this is because a byte value must be in the [0, 255] interval. The value used will be constrained using % 256 in C:\Users\Pablo\Documents\GitHub\nine-screen-canvas-flow\vendor\phpseclib\phpseclib\phpseclib\Math\BigInteger\Engines\BCMath.php on line 157
[13-Mar-2026 13:25:41 UTC] PHP Deprecated:  chr(): Providing a value not in-between 0 and 255 is deprecated, this is because a byte value must be in the [0, 255] interval. The value used will be constrained using % 256 in C:\Users\Pablo\Documents\GitHub\nine-screen-canvas-flow\vendor\phpseclib\phpseclib\phpseclib\Math\BigInteger\Engines\BCMath.php on line 157
[13-Mar-2026 13:25:41 UTC] PHP Deprecated:  chr(): Providing a value not in-between 0 and 255 is deprecated, this is because a byte value must be in the [0, 255] interval. The value used will be constrained using % 256 in C:\Users\Pablo\Documents\GitHub\nine-screen-canvas-flow\vendor\phpseclib\phpseclib\phpseclib\Math\BigInteger\Engines\BCMath.php on line 157
[13-Mar-2026 13:25:41 UTC] PHP Deprecated:  chr(): Providing a value not in-between 0 and 255 is deprecated, this is because a byte value must be in the [0, 255] interval. The value used will be constrained using % 256 in C:\Users\Pablo\Documents\GitHub\nine-screen-canvas-flow\vendor\phpseclib\phpseclib\phpseclib\Math\BigInteger\Engines\BCMath.php on line 157
[13-Mar-2026 13:25:41 UTC] PHP Deprecated:  chr(): Providing a value not in-between 0 and 255 is deprecated, this is because a byte value must be in the [0, 255] interval. The value used will be constrained using % 256 in C:\Users\Pablo\Documents\GitHub\nine-screen-canvas-flow\vendor\phpseclib\phpseclib\phpseclib\Math\BigInteger\Engines\BCMath.php on line 157
[13-Mar-2026 13:25:41 UTC] PHP Deprecated:  chr(): Providing a value not in-between 0 and 255 is deprecated, this is because a byte value must be in the [0, 255] interval. The value used will be constrained using % 256 in C:\Users\Pablo\Documents\GitHub\nine-screen-canvas-flow\vendor\phpseclib\phpseclib\phpseclib\Math\BigInteger\Engines\BCMath.php on line 157
[13-Mar-2026 13:25:41 UTC] PHP Deprecated:  chr(): Providing a value not in-between 0 and 255 is deprecated, this is because a byte value must be in the [0, 255] interval. The value used will be constrained using % 256 in C:\Users\Pablo\Documents\GitHub\nine-screen-canvas-flow\vendor\phpseclib\phpseclib\phpseclib\Math\BigInteger\Engines\BCMath.php on line 157
[13-Mar-2026 13:25:41 UTC] PHP Deprecated:  chr(): Providing a value not in-between 0 and 255 is deprecated, this is because a byte value must be in the [0, 255] interval. The value used will be constrained using % 256 in C:\Users\Pablo\Documents\GitHub\nine-screen-canvas-flow\vendor\phpseclib\phpseclib\phpseclib\Math\BigInteger\Engines\BCMath.php on line 157
[13-Mar-2026 13:25:41 UTC] PHP Deprecated:  chr(): Providing a value not in-between 0 and 255 is deprecated, this is because a byte value must be in the [0, 255] interval. The value used will be constrained using % 256 in C:\Users\Pablo\Documents\GitHub\nine-screen-canvas-flow\vendor\phpseclib\phpseclib\phpseclib\Math\BigInteger\Engines\BCMath.php on line 157
[13-Mar-2026 13:25:41 UTC] PHP Deprecated:  chr(): Providing a value not in-between 0 and 255 is deprecated, this is because a byte value must be in the [0, 255] interval. The value used will be constrained using % 256 in C:\Users\Pablo\Documents\GitHub\nine-screen-canvas-flow\vendor\phpseclib\phpseclib\phpseclib\Math\BigInteger\Engines\BCMath.php on line 157
[13-Mar-2026 13:25:41 UTC] PHP Deprecated:  chr(): Providing a value not in-between 0 and 255 is deprecated, this is because a byte value must be in the [0, 255] interval. The value used will be constrained using % 256 in C:\Users\Pablo\Documents\GitHub\nine-screen-canvas-flow\vendor\phpseclib\phpseclib\phpseclib\Math\BigInteger\Engines\BCMath.php on line 157
[13-Mar-2026 13:25:41 UTC] PHP Deprecated:  chr(): Providing a value not in-between 0 and 255 is deprecated, this is because a byte value must be in the [0, 255] interval. The value used will be constrained using % 256 in C:\Users\Pablo\Documents\GitHub\nine-screen-canvas-flow\vendor\phpseclib\phpseclib\phpseclib\Math\BigInteger\Engines\BCMath.php on line 157
[13-Mar-2026 13:25:41 UTC] PHP Deprecated:  chr(): Providing a value not in-between 0 and 255 is deprecated, this is because a byte value must be in the [0, 255] interval. The value used will be constrained using % 256 in C:\Users\Pablo\Documents\GitHub\nine-screen-canvas-flow\vendor\phpseclib\phpseclib\phpseclib\Math\BigInteger\Engines\BCMath.php on line 157
[13-Mar-2026 13:25:41 UTC] PHP Deprecated:  chr(): Providing a value not in-between 0 and 255 is deprecated, this is because a byte value must be in the [0, 255] interval. The value used will be constrained using % 256 in C:\Users\Pablo\Documents\GitHub\nine-screen-canvas-flow\vendor\phpseclib\phpseclib\phpseclib\Math\BigInteger\Engines\BCMath.php on line 157
[13-Mar-2026 13:25:41 UTC] PHP Deprecated:  chr(): Providing a value not in-between 0 and 255 is deprecated, this is because a byte value must be in the [0, 255] interval. The value used will be constrained using % 256 in C:\Users\Pablo\Documents\GitHub\nine-screen-canvas-flow\vendor\phpseclib\phpseclib\phpseclib\Math\BigInteger\Engines\BCMath.php on line 157
[13-Mar-2026 13:25:41 UTC] PHP Deprecated:  chr(): Providing a value not in-between 0 and 255 is deprecated, this is because a byte value must be in the [0, 255] interval. The value used will be constrained using % 256 in C:\Users\Pablo\Documents\GitHub\nine-screen-canvas-flow\vendor\phpseclib\phpseclib\phpseclib\Math\BigInteger\Engines\BCMath.php on line 157
[13-Mar-2026 13:25:41 UTC] PHP Deprecated:  chr(): Providing a value not in-between 0 and 255 is deprecated, this is because a byte value must be in the [0, 255] interval. The value used will be constrained using % 256 in C:\Users\Pablo\Documents\GitHub\nine-screen-canvas-flow\vendor\phpseclib\phpseclib\phpseclib\Math\BigInteger\Engines\BCMath.php on line 157
[13-Mar-2026 13:25:41 UTC] PHP Deprecated:  chr(): Providing a value not in-between 0 and 255 is deprecated, this is because a byte value must be in the [0, 255] interval. The value used will be constrained using % 256 in C:\Users\Pablo\Documents\GitHub\nine-screen-canvas-flow\vendor\phpseclib\phpseclib\phpseclib\Math\BigInteger\Engines\BCMath.php on line 157
[13-Mar-2026 13:25:41 UTC] PHP Deprecated:  chr(): Providing a value not in-between 0 and 255 is deprecated, this is because a byte value must be in the [0, 255] interval. The value used will be constrained using % 256 in C:\Users\Pablo\Documents\GitHub\nine-screen-canvas-flow\vendor\phpseclib\phpseclib\phpseclib\Math\BigInteger\Engines\BCMath.php on line 157
[13-Mar-2026 13:25:41 UTC] PHP Deprecated:  chr(): Providing a value not in-between 0 and 255 is deprecated, this is because a byte value must be in the [0, 255] interval. The value used will be constrained using % 256 in C:\Users\Pablo\Documents\GitHub\nine-screen-canvas-flow\vendor\phpseclib\phpseclib\phpseclib\Math\BigInteger\Engines\BCMath.php on line 157
[13-Mar-2026 13:25:41 UTC] PHP Deprecated:  chr(): Providing a value not in-between 0 and 255 is deprecated, this is because a byte value must be in the [0, 255] interval. The value used will be constrained using % 256 in C:\Users\Pablo\Documents\GitHub\nine-screen-canvas-flow\vendor\phpseclib\phpseclib\phpseclib\Math\BigInteger\Engines\BCMath.php on line 157
[13-Mar-2026 13:25:41 UTC] PHP Deprecated:  chr(): Providing a value not in-between 0 and 255 is deprecated, this is because a byte value must be in the [0, 255] interval. The value used will be constrained using % 256 in C:\Users\Pablo\Documents\GitHub\nine-screen-canvas-flow\vendor\phpseclib\phpseclib\phpseclib\Math\BigInteger\Engines\BCMath.php on line 157
[13-Mar-2026 13:25:41 UTC] PHP Deprecated:  chr(): Providing a value not in-between 0 and 255 is deprecated, this is because a byte value must be in the [0, 255] interval. The value used will be constrained using % 256 in C:\Users\Pablo\Documents\GitHub\nine-screen-canvas-flow\vendor\phpseclib\phpseclib\phpseclib\Math\BigInteger\Engines\BCMath.php on line 157
[13-Mar-2026 13:25:41 UTC] PHP Deprecated:  chr(): Providing a value not in-between 0 and 255 is deprecated, this is because a byte value must be in the [0, 255] interval. The value used will be constrained using % 256 in C:\Users\Pablo\Documents\GitHub\nine-screen-canvas-flow\vendor\phpseclib\phpseclib\phpseclib\Math\BigInteger\Engines\BCMath.php on line 157
[13-Mar-2026 13:25:41 UTC] PHP Deprecated:  chr(): Providing a value not in-between 0 and 255 is deprecated, this is because a byte value must be in the [0, 255] interval. The value used will be constrained using % 256 in C:\Users\Pablo\Documents\GitHub\nine-screen-canvas-flow\vendor\phpseclib\phpseclib\phpseclib\Math\BigInteger\Engines\BCMath.php on line 157
[13-Mar-2026 13:25:41 UTC] PHP Deprecated:  chr(): Providing a value not in-between 0 and 255 is deprecated, this is because a byte value must be in the [0, 255] interval. The value used will be constrained using % 256 in C:\Users\Pablo\Documents\GitHub\nine-screen-canvas-flow\vendor\phpseclib\phpseclib\phpseclib\Math\BigInteger\Engines\BCMath.php on line 157
[13-Mar-2026 13:25:41 UTC] PHP Deprecated:  chr(): Providing a value not in-between 0 and 255 is deprecated, this is because a byte value must be in the [0, 255] interval. The value used will be constrained using % 256 in C:\Users\Pablo\Documents\GitHub\nine-screen-canvas-flow\vendor\phpseclib\phpseclib\phpseclib\Math\BigInteger\Engines\BCMath.php on line 157
[13-Mar-2026 13:25:41 UTC] PHP Deprecated:  chr(): Providing a value not in-between 0 and 255 is deprecated, this is because a byte value must be in the [0, 255] interval. The value used will be constrained using % 256 in C:\Users\Pablo\Documents\GitHub\nine-screen-canvas-flow\vendor\phpseclib\phpseclib\phpseclib\Math\BigInteger\Engines\BCMath.php on line 157
[13-Mar-2026 13:25:41 UTC] PHP Deprecated:  chr(): Providing a value not in-between 0 and 255 is deprecated, this is because a byte value must be in the [0, 255] interval. The value used will be constrained using % 256 in C:\Users\Pablo\Documents\GitHub\nine-screen-canvas-flow\vendor\phpseclib\phpseclib\phpseclib\Math\BigInteger\Engines\BCMath.php on line 157
[13-Mar-2026 13:25:41 UTC] PHP Deprecated:  chr(): Providing a value not in-between 0 and 255 is deprecated, this is because a byte value must be in the [0, 255] interval. The value used will be constrained using % 256 in C:\Users\Pablo\Documents\GitHub\nine-screen-canvas-flow\vendor\phpseclib\phpseclib\phpseclib\Math\BigInteger\Engines\BCMath.php on line 157
[13-Mar-2026 13:25:41 UTC] PHP Deprecated:  chr(): Providing a value not in-between 0 and 255 is deprecated, this is because a byte value must be in the [0, 255] interval. The value used will be constrained using % 256 in C:\Users\Pablo\Documents\GitHub\nine-screen-canvas-flow\vendor\phpseclib\phpseclib\phpseclib\Math\BigInteger\Engines\BCMath.php on line 157
[13-Mar-2026 13:25:41 UTC] PHP Deprecated:  chr(): Providing a value not in-between 0 and 255 is deprecated, this is because a byte value must be in the [0, 255] interval. The value used will be constrained using % 256 in C:\Users\Pablo\Documents\GitHub\nine-screen-canvas-flow\vendor\phpseclib\phpseclib\phpseclib\Math\BigInteger\Engines\BCMath.php on line 157
[13-Mar-2026 13:25:41 UTC] PHP Deprecated:  chr(): Providing a value not in-between 0 and 255 is deprecated, this is because a byte value must be in the [0, 255] interval. The value used will be constrained using % 256 in C:\Users\Pablo\Documents\GitHub\nine-screen-canvas-flow\vendor\phpseclib\phpseclib\phpseclib\Math\BigInteger\Engines\BCMath.php on line 157
[13-Mar-2026 13:25:41 UTC] PHP Deprecated:  chr(): Providing a value not in-between 0 and 255 is deprecated, this is because a byte value must be in the [0, 255] interval. The value used will be constrained using % 256 in C:\Users\Pablo\Documents\GitHub\nine-screen-canvas-flow\vendor\phpseclib\phpseclib\phpseclib\Math\BigInteger\Engines\BCMath.php on line 157
[13-Mar-2026 13:25:41 UTC] PHP Deprecated:  chr(): Providing a value not in-between 0 and 255 is deprecated, this is because a byte value must be in the [0, 255] interval. The value used will be constrained using % 256 in C:\Users\Pablo\Documents\GitHub\nine-screen-canvas-flow\vendor\phpseclib\phpseclib\phpseclib\Math\BigInteger\Engines\BCMath.php on line 157
[13-Mar-2026 13:25:41 UTC] PHP Deprecated:  chr(): Providing a value not in-between 0 and 255 is deprecated, this is because a byte value must be in the [0, 255] interval. The value used will be constrained using % 256 in C:\Users\Pablo\Documents\GitHub\nine-screen-canvas-flow\vendor\phpseclib\phpseclib\phpseclib\Math\BigInteger\Engines\BCMath.php on line 157
[13-Mar-2026 13:25:41 UTC] PHP Deprecated:  chr(): Providing a value not in-between 0 and 255 is deprecated, this is because a byte value must be in the [0, 255] interval. The value used will be constrained using % 256 in C:\Users\Pablo\Documents\GitHub\nine-screen-canvas-flow\vendor\phpseclib\phpseclib\phpseclib\Math\BigInteger\Engines\BCMath.php on line 157
[13-Mar-2026 13:25:41 UTC] PHP Deprecated:  chr(): Providing a value not in-between 0 and 255 is deprecated, this is because a byte value must be in the [0, 255] interval. The value used will be constrained using % 256 in C:\Users\Pablo\Documents\GitHub\nine-screen-canvas-flow\vendor\phpseclib\phpseclib\phpseclib\Math\BigInteger\Engines\BCMath.php on line 157
[13-Mar-2026 13:25:41 UTC] PHP Deprecated:  chr(): Providing a value not in-between 0 and 255 is deprecated, this is because a byte value must be in the [0, 255] interval. The value used will be constrained using % 256 in C:\Users\Pablo\Documents\GitHub\nine-screen-canvas-flow\vendor\phpseclib\phpseclib\phpseclib\Math\BigInteger\Engines\BCMath.php on line 157
[13-Mar-2026 13:25:41 UTC] PHP Deprecated:  chr(): Providing a value not in-between 0 and 255 is deprecated, this is because a byte value must be in the [0, 255] interval. The value used will be constrained using % 256 in C:\Users\Pablo\Documents\GitHub\nine-screen-canvas-flow\vendor\phpseclib\phpseclib\phpseclib\Math\BigInteger\Engines\BCMath.php on line 157
[13-Mar-2026 13:25:41 UTC] PHP Deprecated:  chr(): Providing a value not in-between 0 and 255 is deprecated, this is because a byte value must be in the [0, 255] interval. The value used will be constrained using % 256 in C:\Users\Pablo\Documents\GitHub\nine-screen-canvas-flow\vendor\phpseclib\phpseclib\phpseclib\Math\BigInteger\Engines\BCMath.php on line 157
[13-Mar-2026 13:25:41 UTC] PHP Deprecated:  chr(): Providing a value not in-between 0 and 255 is deprecated, this is because a byte value must be in the [0, 255] interval. The value used will be constrained using % 256 in C:\Users\Pablo\Documents\GitHub\nine-screen-canvas-flow\vendor\phpseclib\phpseclib\phpseclib\Math\BigInteger\Engines\BCMath.php on line 157
[13-Mar-2026 13:25:41 UTC] PHP Deprecated:  chr(): Providing a value not in-between 0 and 255 is deprecated, this is because a byte value must be in the [0, 255] interval. The value used will be constrained using % 256 in C:\Users\Pablo\Documents\GitHub\nine-screen-canvas-flow\vendor\phpseclib\phpseclib\phpseclib\Math\BigInteger\Engines\BCMath.php on line 157
[13-Mar-2026 13:25:41 UTC] PHP Deprecated:  chr(): Providing a value not in-between 0 and 255 is deprecated, this is because a byte value must be in the [0, 255] interval. The value used will be constrained using % 256 in C:\Users\Pablo\Documents\GitHub\nine-screen-canvas-flow\vendor\phpseclib\phpseclib\phpseclib\Math\BigInteger\Engines\BCMath.php on line 157
[13-Mar-2026 13:25:41 UTC] PHP Deprecated:  chr(): Providing a value not in-between 0 and 255 is deprecated, this is because a byte value must be in the [0, 255] interval. The value used will be constrained using % 256 in C:\Users\Pablo\Documents\GitHub\nine-screen-canvas-flow\vendor\phpseclib\phpseclib\phpseclib\Math\BigInteger\Engines\BCMath.php on line 157
[13-Mar-2026 13:25:41 UTC] PHP Deprecated:  chr(): Providing a value not in-between 0 and 255 is deprecated, this is because a byte value must be in the [0, 255] interval. The value used will be constrained using % 256 in C:\Users\Pablo\Documents\GitHub\nine-screen-canvas-flow\vendor\phpseclib\phpseclib\phpseclib\Math\BigInteger\Engines\BCMath.php on line 157
[13-Mar-2026 13:25:41 UTC] PHP Deprecated:  chr(): Providing a value not in-between 0 and 255 is deprecated, this is because a byte value must be in the [0, 255] interval. The value used will be constrained using % 256 in C:\Users\Pablo\Documents\GitHub\nine-screen-canvas-flow\vendor\phpseclib\phpseclib\phpseclib\Math\BigInteger\Engines\BCMath.php on line 157
[13-Mar-2026 13:25:41 UTC] PHP Deprecated:  chr(): Providing a value not in-between 0 and 255 is deprecated, this is because a byte value must be in the [0, 255] interval. The value used will be constrained using % 256 in C:\Users\Pablo\Documents\GitHub\nine-screen-canvas-flow\vendor\phpseclib\phpseclib\phpseclib\Math\BigInteger\Engines\BCMath.php on line 157
[13-Mar-2026 13:25:41 UTC] PHP Deprecated:  chr(): Providing a value not in-between 0 and 255 is deprecated, this is because a byte value must be in the [0, 255] interval. The value used will be constrained using % 256 in C:\Users\Pablo\Documents\GitHub\nine-screen-canvas-flow\vendor\phpseclib\phpseclib\phpseclib\Math\BigInteger\Engines\BCMath.php on line 157
[13-Mar-2026 13:25:41 UTC] PHP Deprecated:  chr(): Providing a value not in-between 0 and 255 is deprecated, this is because a byte value must be in the [0, 255] interval. The value used will be constrained using % 256 in C:\Users\Pablo\Documents\GitHub\nine-screen-canvas-flow\vendor\phpseclib\phpseclib\phpseclib\Math\BigInteger\Engines\BCMath.php on line 157
[13-Mar-2026 13:25:41 UTC] PHP Deprecated:  chr(): Providing a value not in-between 0 and 255 is deprecated, this is because a byte value must be in the [0, 255] interval. The value used will be constrained using % 256 in C:\Users\Pablo\Documents\GitHub\nine-screen-canvas-flow\vendor\phpseclib\phpseclib\phpseclib\Math\BigInteger\Engines\BCMath.php on line 157
[13-Mar-2026 13:25:41 UTC] PHP Deprecated:  chr(): Providing a value not in-between 0 and 255 is deprecated, this is because a byte value must be in the [0, 255] interval. The value used will be constrained using % 256 in C:\Users\Pablo\Documents\GitHub\nine-screen-canvas-flow\vendor\phpseclib\phpseclib\phpseclib\Math\BigInteger\Engines\BCMath.php on line 157
[13-Mar-2026 13:25:41 UTC] PHP Deprecated:  chr(): Providing a value not in-between 0 and 255 is deprecated, this is because a byte value must be in the [0, 255] interval. The value used will be constrained using % 256 in C:\Users\Pablo\Documents\GitHub\nine-screen-canvas-flow\vendor\phpseclib\phpseclib\phpseclib\Math\BigInteger\Engines\BCMath.php on line 157
[13-Mar-2026 13:25:41 UTC] PHP Deprecated:  chr(): Providing a value not in-between 0 and 255 is deprecated, this is because a byte value must be in the [0, 255] interval. The value used will be constrained using % 256 in C:\Users\Pablo\Documents\GitHub\nine-screen-canvas-flow\vendor\phpseclib\phpseclib\phpseclib\Math\BigInteger\Engines\BCMath.php on line 157
[13-Mar-2026 13:25:41 UTC] PHP Deprecated:  chr(): Providing a value not in-between 0 and 255 is deprecated, this is because a byte value must be in the [0, 255] interval. The value used will be constrained using % 256 in C:\Users\Pablo\Documents\GitHub\nine-screen-canvas-flow\vendor\phpseclib\phpseclib\phpseclib\Math\BigInteger\Engines\BCMath.php on line 157
[13-Mar-2026 13:25:41 UTC] PHP Deprecated:  chr(): Providing a value not in-between 0 and 255 is deprecated, this is because a byte value must be in the [0, 255] interval. The value used will be constrained using % 256 in C:\Users\Pablo\Documents\GitHub\nine-screen-canvas-flow\vendor\phpseclib\phpseclib\phpseclib\Math\BigInteger\Engines\BCMath.php on line 157
[13-Mar-2026 13:25:41 UTC] PHP Deprecated:  chr(): Providing a value not in-between 0 and 255 is deprecated, this is because a byte value must be in the [0, 255] interval. The value used will be constrained using % 256 in C:\Users\Pablo\Documents\GitHub\nine-screen-canvas-flow\vendor\phpseclib\phpseclib\phpseclib\Math\BigInteger\Engines\BCMath.php on line 157
[13-Mar-2026 13:25:41 UTC] PHP Deprecated:  chr(): Providing a value not in-between 0 and 255 is deprecated, this is because a byte value must be in the [0, 255] interval. The value used will be constrained using % 256 in C:\Users\Pablo\Documents\GitHub\nine-screen-canvas-flow\vendor\phpseclib\phpseclib\phpseclib\Math\BigInteger\Engines\BCMath.php on line 157
[13-Mar-2026 13:25:41 UTC] PHP Deprecated:  chr(): Providing a value not in-between 0 and 255 is deprecated, this is because a byte value must be in the [0, 255] interval. The value used will be constrained using % 256 in C:\Users\Pablo\Documents\GitHub\nine-screen-canvas-flow\vendor\phpseclib\phpseclib\phpseclib\Math\BigInteger\Engines\BCMath.php on line 157
[13-Mar-2026 13:25:41 UTC] PHP Deprecated:  chr(): Providing a value not in-between 0 and 255 is deprecated, this is because a byte value must be in the [0, 255] interval. The value used will be constrained using % 256 in C:\Users\Pablo\Documents\GitHub\nine-screen-canvas-flow\vendor\phpseclib\phpseclib\phpseclib\Math\BigInteger\Engines\BCMath.php on line 157
[13-Mar-2026 13:25:41 UTC] PHP Deprecated:  chr(): Providing a value not in-between 0 and 255 is deprecated, this is because a byte value must be in the [0, 255] interval. The value used will be constrained using % 256 in C:\Users\Pablo\Documents\GitHub\nine-screen-canvas-flow\vendor\phpseclib\phpseclib\phpseclib\Math\BigInteger\Engines\BCMath.php on line 157
[13-Mar-2026 13:25:41 UTC] PHP Deprecated:  chr(): Providing a value not in-between 0 and 255 is deprecated, this is because a byte value must be in the [0, 255] interval. The value used will be constrained using % 256 in C:\Users\Pablo\Documents\GitHub\nine-screen-canvas-flow\vendor\phpseclib\phpseclib\phpseclib\Math\BigInteger\Engines\BCMath.php on line 157
[13-Mar-2026 13:25:41 UTC] PHP Deprecated:  chr(): Providing a value not in-between 0 and 255 is deprecated, this is because a byte value must be in the [0, 255] interval. The value used will be constrained using % 256 in C:\Users\Pablo\Documents\GitHub\nine-screen-canvas-flow\vendor\phpseclib\phpseclib\phpseclib\Math\BigInteger\Engines\BCMath.php on line 157
[13-Mar-2026 13:25:41 UTC] PHP Deprecated:  chr(): Providing a value not in-between 0 and 255 is deprecated, this is because a byte value must be in the [0, 255] interval. The value used will be constrained using % 256 in C:\Users\Pablo\Documents\GitHub\nine-screen-canvas-flow\vendor\phpseclib\phpseclib\phpseclib\Math\BigInteger\Engines\BCMath.php on line 157
[13-Mar-2026 13:25:41 UTC] PHP Deprecated:  chr(): Providing a value not in-between 0 and 255 is deprecated, this is because a byte value must be in the [0, 255] interval. The value used will be constrained using % 256 in C:\Users\Pablo\Documents\GitHub\nine-screen-canvas-flow\vendor\phpseclib\phpseclib\phpseclib\Math\BigInteger\Engines\BCMath.php on line 157
[13-Mar-2026 13:25:41 UTC] PHP Warning:  Cannot modify header information - headers already sent by (output started at C:\Users\Pablo\Documents\GitHub\nine-screen-canvas-flow\vendor\phpseclib\phpseclib\phpseclib\Math\BigInteger\Engines\BCMath.php:157) in C:\Users\Pablo\Documents\GitHub\nine-screen-canvas-flow\app.php on line 58
[13-Mar-2026 13:25:59 UTC] Successfully loaded .env from: C:\Users\Pablo\Documents\GitHub\nine-screen-canvas-flow/.env
[13-Mar-2026 13:25:59 UTC] PHP Deprecated:  chr(): Providing a value not in-between 0 and 255 is deprecated, this is because a byte value must be in the [0, 255] interval. The value used will be constrained using % 256 in C:\Users\Pablo\Documents\GitHub\nine-screen-canvas-flow\vendor\phpseclib\phpseclib\phpseclib\Math\BigInteger\Engines\BCMath.php on line 157
[13-Mar-2026 13:25:59 UTC] PHP Deprecated:  chr(): Providing a value not in-between 0 and 255 is deprecated, this is because a byte value must be in the [0, 255] interval. The value used will be constrained using % 256 in C:\Users\Pablo\Documents\GitHub\nine-screen-canvas-flow\vendor\phpseclib\phpseclib\phpseclib\Math\BigInteger\Engines\BCMath.php on line 157
[13-Mar-2026 13:25:59 UTC] PHP Deprecated:  chr(): Providing a value not in-between 0 and 255 is deprecated, this is because a byte value must be in the [0, 255] interval. The value used will be constrained using % 256 in C:\Users\Pablo\Documents\GitHub\nine-screen-canvas-flow\vendor\phpseclib\phpseclib\phpseclib\Math\BigInteger\Engines\BCMath.php on line 157
[13-Mar-2026 13:25:59 UTC] PHP Deprecated:  chr(): Providing a value not in-between 0 and 255 is deprecated, this is because a byte value must be in the [0, 255] interval. The value used will be constrained using % 256 in C:\Users\Pablo\Documents\GitHub\nine-screen-canvas-flow\vendor\phpseclib\phpseclib\phpseclib\Math\BigInteger\Engines\BCMath.php on line 157
[13-Mar-2026 13:25:59 UTC] PHP Deprecated:  chr(): Providing a value not in-between 0 and 255 is deprecated, this is because a byte value must be in the [0, 255] interval. The value used will be constrained using % 256 in C:\Users\Pablo\Documents\GitHub\nine-screen-canvas-flow\vendor\phpseclib\phpseclib\phpseclib\Math\BigInteger\Engines\BCMath.php on line 157
[13-Mar-2026 13:25:59 UTC] PHP Deprecated:  chr(): Providing a value not in-between 0 and 255 is deprecated, this is because a byte value must be in the [0, 255] interval. The value used will be constrained using % 256 in C:\Users\Pablo\Documents\GitHub\nine-screen-canvas-flow\vendor\phpseclib\phpseclib\phpseclib\Math\BigInteger\Engines\BCMath.php on line 157
[13-Mar-2026 13:25:59 UTC] PHP Deprecated:  chr(): Providing a value not in-between 0 and 255 is deprecated, this is because a byte value must be in the [0, 255] interval. The value used will be constrained using % 256 in C:\Users\Pablo\Documents\GitHub\nine-screen-canvas-flow\vendor\phpseclib\phpseclib\phpseclib\Math\BigInteger\Engines\BCMath.php on line 157
[13-Mar-2026 13:25:59 UTC] PHP Deprecated:  chr(): Providing a value not in-between 0 and 255 is deprecated, this is because a byte value must be in the [0, 255] interval. The value used will be constrained using % 256 in C:\Users\Pablo\Documents\GitHub\nine-screen-canvas-flow\vendor\phpseclib\phpseclib\phpseclib\Math\BigInteger\Engines\BCMath.php on line 157
[13-Mar-2026 13:25:59 UTC] PHP Deprecated:  chr(): Providing a value not in-between 0 and 255 is deprecated, this is because a byte value must be in the [0, 255] interval. The value used will be constrained using % 256 in C:\Users\Pablo\Documents\GitHub\nine-screen-canvas-flow\vendor\phpseclib\phpseclib\phpseclib\Math\BigInteger\Engines\BCMath.php on line 157
[13-Mar-2026 13:25:59 UTC] PHP Deprecated:  chr(): Providing a value not in-between 0 and 255 is deprecated, this is because a byte value must be in the [0, 255] interval. The value used will be constrained using % 256 in C:\Users\Pablo\Documents\GitHub\nine-screen-canvas-flow\vendor\phpseclib\phpseclib\phpseclib\Math\BigInteger\Engines\BCMath.php on line 157
[13-Mar-2026 13:25:59 UTC] PHP Deprecated:  chr(): Providing a value not in-between 0 and 255 is deprecated, this is because a byte value must be in the [0, 255] interval. The value used will be constrained using % 256 in C:\Users\Pablo\Documents\GitHub\nine-screen-canvas-flow\vendor\phpseclib\phpseclib\phpseclib\Math\BigInteger\Engines\BCMath.php on line 157
[13-Mar-2026 13:25:59 UTC] PHP Deprecated:  chr(): Providing a value not in-between 0 and 255 is deprecated, this is because a byte value must be in the [0, 255] interval. The value used will be constrained using % 256 in C:\Users\Pablo\Documents\GitHub\nine-screen-canvas-flow\vendor\phpseclib\phpseclib\phpseclib\Math\BigInteger\Engines\BCMath.php on line 157
[13-Mar-2026 13:25:59 UTC] PHP Deprecated:  chr(): Providing a value not in-between 0 and 255 is deprecated, this is because a byte value must be in the [0, 255] interval. The value used will be constrained using % 256 in C:\Users\Pablo\Documents\GitHub\nine-screen-canvas-flow\vendor\phpseclib\phpseclib\phpseclib\Math\BigInteger\Engines\BCMath.php on line 157
[13-Mar-2026 13:25:59 UTC] PHP Deprecated:  chr(): Providing a value not in-between 0 and 255 is deprecated, this is because a byte value must be in the [0, 255] interval. The value used will be constrained using % 256 in C:\Users\Pablo\Documents\GitHub\nine-screen-canvas-flow\vendor\phpseclib\phpseclib\phpseclib\Math\BigInteger\Engines\BCMath.php on line 157
[13-Mar-2026 13:25:59 UTC] PHP Deprecated:  chr(): Providing a value not in-between 0 and 255 is deprecated, this is because a byte value must be in the [0, 255] interval. The value used will be constrained using % 256 in C:\Users\Pablo\Documents\GitHub\nine-screen-canvas-flow\vendor\phpseclib\phpseclib\phpseclib\Math\BigInteger\Engines\BCMath.php on line 157
[13-Mar-2026 13:25:59 UTC] PHP Deprecated:  chr(): Providing a value not in-between 0 and 255 is deprecated, this is because a byte value must be in the [0, 255] interval. The value used will be constrained using % 256 in C:\Users\Pablo\Documents\GitHub\nine-screen-canvas-flow\vendor\phpseclib\phpseclib\phpseclib\Math\BigInteger\Engines\BCMath.php on line 157
[13-Mar-2026 13:25:59 UTC] PHP Deprecated:  chr(): Providing a value not in-between 0 and 255 is deprecated, this is because a byte value must be in the [0, 255] interval. The value used will be constrained using % 256 in C:\Users\Pablo\Documents\GitHub\nine-screen-canvas-flow\vendor\phpseclib\phpseclib\phpseclib\Math\BigInteger\Engines\BCMath.php on line 157
[13-Mar-2026 13:25:59 UTC] PHP Deprecated:  chr(): Providing a value not in-between 0 and 255 is deprecated, this is because a byte value must be in the [0, 255] interval. The value used will be constrained using % 256 in C:\Users\Pablo\Documents\GitHub\nine-screen-canvas-flow\vendor\phpseclib\phpseclib\phpseclib\Math\BigInteger\Engines\BCMath.php on line 157
[13-Mar-2026 13:25:59 UTC] PHP Deprecated:  chr(): Providing a value not in-between 0 and 255 is deprecated, this is because a byte value must be in the [0, 255] interval. The value used will be constrained using % 256 in C:\Users\Pablo\Documents\GitHub\nine-screen-canvas-flow\vendor\phpseclib\phpseclib\phpseclib\Math\BigInteger\Engines\BCMath.php on line 157
[13-Mar-2026 13:25:59 UTC] PHP Deprecated:  chr(): Providing a value not in-between 0 and 255 is deprecated, this is because a byte value must be in the [0, 255] interval. The value used will be constrained using % 256 in C:\Users\Pablo\Documents\GitHub\nine-screen-canvas-flow\vendor\phpseclib\phpseclib\phpseclib\Math\BigInteger\Engines\BCMath.php on line 157
[13-Mar-2026 13:25:59 UTC] PHP Deprecated:  chr(): Providing a value not in-between 0 and 255 is deprecated, this is because a byte value must be in the [0, 255] interval. The value used will be constrained using % 256 in C:\Users\Pablo\Documents\GitHub\nine-screen-canvas-flow\vendor\phpseclib\phpseclib\phpseclib\Math\BigInteger\Engines\BCMath.php on line 157
[13-Mar-2026 13:25:59 UTC] PHP Deprecated:  chr(): Providing a value not in-between 0 and 255 is deprecated, this is because a byte value must be in the [0, 255] interval. The value used will be constrained using % 256 in C:\Users\Pablo\Documents\GitHub\nine-screen-canvas-flow\vendor\phpseclib\phpseclib\phpseclib\Math\BigInteger\Engines\BCMath.php on line 157
[13-Mar-2026 13:25:59 UTC] PHP Deprecated:  chr(): Providing a value not in-between 0 and 255 is deprecated, this is because a byte value must be in the [0, 255] interval. The value used will be constrained using % 256 in C:\Users\Pablo\Documents\GitHub\nine-screen-canvas-flow\vendor\phpseclib\phpseclib\phpseclib\Math\BigInteger\Engines\BCMath.php on line 157
[13-Mar-2026 13:25:59 UTC] PHP Deprecated:  chr(): Providing a value not in-between 0 and 255 is deprecated, this is because a byte value must be in the [0, 255] interval. The value used will be constrained using % 256 in C:\Users\Pablo\Documents\GitHub\nine-screen-canvas-flow\vendor\phpseclib\phpseclib\phpseclib\Math\BigInteger\Engines\BCMath.php on line 157
[13-Mar-2026 13:25:59 UTC] PHP Deprecated:  chr(): Providing a value not in-between 0 and 255 is deprecated, this is because a byte value must be in the [0, 255] interval. The value used will be constrained using % 256 in C:\Users\Pablo\Documents\GitHub\nine-screen-canvas-flow\vendor\phpseclib\phpseclib\phpseclib\Math\BigInteger\Engines\BCMath.php on line 157
[13-Mar-2026 13:25:59 UTC] PHP Deprecated:  chr(): Providing a value not in-between 0 and 255 is deprecated, this is because a byte value must be in the [0, 255] interval. The value used will be constrained using % 256 in C:\Users\Pablo\Documents\GitHub\nine-screen-canvas-flow\vendor\phpseclib\phpseclib\phpseclib\Math\BigInteger\Engines\BCMath.php on line 157
[13-Mar-2026 13:25:59 UTC] PHP Deprecated:  chr(): Providing a value not in-between 0 and 255 is deprecated, this is because a byte value must be in the [0, 255] interval. The value used will be constrained using % 256 in C:\Users\Pablo\Documents\GitHub\nine-screen-canvas-flow\vendor\phpseclib\phpseclib\phpseclib\Math\BigInteger\Engines\BCMath.php on line 157
[13-Mar-2026 13:25:59 UTC] PHP Deprecated:  chr(): Providing a value not in-between 0 and 255 is deprecated, this is because a byte value must be in the [0, 255] interval. The value used will be constrained using % 256 in C:\Users\Pablo\Documents\GitHub\nine-screen-canvas-flow\vendor\phpseclib\phpseclib\phpseclib\Math\BigInteger\Engines\BCMath.php on line 157
[13-Mar-2026 13:25:59 UTC] PHP Deprecated:  chr(): Providing a value not in-between 0 and 255 is deprecated, this is because a byte value must be in the [0, 255] interval. The value used will be constrained using % 256 in C:\Users\Pablo\Documents\GitHub\nine-screen-canvas-flow\vendor\phpseclib\phpseclib\phpseclib\Math\BigInteger\Engines\BCMath.php on line 157
[13-Mar-2026 13:25:59 UTC] PHP Deprecated:  chr(): Providing a value not in-between 0 and 255 is deprecated, this is because a byte value must be in the [0, 255] interval. The value used will be constrained using % 256 in C:\Users\Pablo\Documents\GitHub\nine-screen-canvas-flow\vendor\phpseclib\phpseclib\phpseclib\Math\BigInteger\Engines\BCMath.php on line 157
[13-Mar-2026 13:25:59 UTC] PHP Deprecated:  chr(): Providing a value not in-between 0 and 255 is deprecated, this is because a byte value must be in the [0, 255] interval. The value used will be constrained using % 256 in C:\Users\Pablo\Documents\GitHub\nine-screen-canvas-flow\vendor\phpseclib\phpseclib\phpseclib\Math\BigInteger\Engines\BCMath.php on line 157
[13-Mar-2026 13:25:59 UTC] PHP Deprecated:  chr(): Providing a value not in-between 0 and 255 is deprecated, this is because a byte value must be in the [0, 255] interval. The value used will be constrained using % 256 in C:\Users\Pablo\Documents\GitHub\nine-screen-canvas-flow\vendor\phpseclib\phpseclib\phpseclib\Math\BigInteger\Engines\BCMath.php on line 157
[13-Mar-2026 13:25:59 UTC] PHP Deprecated:  chr(): Providing a value not in-between 0 and 255 is deprecated, this is because a byte value must be in the [0, 255] interval. The value used will be constrained using % 256 in C:\Users\Pablo\Documents\GitHub\nine-screen-canvas-flow\vendor\phpseclib\phpseclib\phpseclib\Math\BigInteger\Engines\BCMath.php on line 157
[13-Mar-2026 13:25:59 UTC] PHP Deprecated:  chr(): Providing a value not in-between 0 and 255 is deprecated, this is because a byte value must be in the [0, 255] interval. The value used will be constrained using % 256 in C:\Users\Pablo\Documents\GitHub\nine-screen-canvas-flow\vendor\phpseclib\phpseclib\phpseclib\Math\BigInteger\Engines\BCMath.php on line 157
[13-Mar-2026 13:25:59 UTC] PHP Deprecated:  chr(): Providing a value not in-between 0 and 255 is deprecated, this is because a byte value must be in the [0, 255] interval. The value used will be constrained using % 256 in C:\Users\Pablo\Documents\GitHub\nine-screen-canvas-flow\vendor\phpseclib\phpseclib\phpseclib\Math\BigInteger\Engines\BCMath.php on line 157
[13-Mar-2026 13:25:59 UTC] PHP Deprecated:  chr(): Providing a value not in-between 0 and 255 is deprecated, this is because a byte value must be in the [0, 255] interval. The value used will be constrained using % 256 in C:\Users\Pablo\Documents\GitHub\nine-screen-canvas-flow\vendor\phpseclib\phpseclib\phpseclib\Math\BigInteger\Engines\BCMath.php on line 157
[13-Mar-2026 13:25:59 UTC] PHP Deprecated:  chr(): Providing a value not in-between 0 and 255 is deprecated, this is because a byte value must be in the [0, 255] interval. The value used will be constrained using % 256 in C:\Users\Pablo\Documents\GitHub\nine-screen-canvas-flow\vendor\phpseclib\phpseclib\phpseclib\Math\BigInteger\Engines\BCMath.php on line 157
[13-Mar-2026 13:25:59 UTC] PHP Deprecated:  chr(): Providing a value not in-between 0 and 255 is deprecated, this is because a byte value must be in the [0, 255] interval. The value used will be constrained using % 256 in C:\Users\Pablo\Documents\GitHub\nine-screen-canvas-flow\vendor\phpseclib\phpseclib\phpseclib\Math\BigInteger\Engines\BCMath.php on line 157
[13-Mar-2026 13:25:59 UTC] PHP Deprecated:  chr(): Providing a value not in-between 0 and 255 is deprecated, this is because a byte value must be in the [0, 255] interval. The value used will be constrained using % 256 in C:\Users\Pablo\Documents\GitHub\nine-screen-canvas-flow\vendor\phpseclib\phpseclib\phpseclib\Math\BigInteger\Engines\BCMath.php on line 157
[13-Mar-2026 13:25:59 UTC] PHP Deprecated:  chr(): Providing a value not in-between 0 and 255 is deprecated, this is because a byte value must be in the [0, 255] interval. The value used will be constrained using % 256 in C:\Users\Pablo\Documents\GitHub\nine-screen-canvas-flow\vendor\phpseclib\phpseclib\phpseclib\Math\BigInteger\Engines\BCMath.php on line 157
[13-Mar-2026 13:25:59 UTC] PHP Deprecated:  chr(): Providing a value not in-between 0 and 255 is deprecated, this is because a byte value must be in the [0, 255] interval. The value used will be constrained using % 256 in C:\Users\Pablo\Documents\GitHub\nine-screen-canvas-flow\vendor\phpseclib\phpseclib\phpseclib\Math\BigInteger\Engines\BCMath.php on line 157
[13-Mar-2026 13:25:59 UTC] PHP Deprecated:  chr(): Providing a value not in-between 0 and 255 is deprecated, this is because a byte value must be in the [0, 255] interval. The value used will be constrained using % 256 in C:\Users\Pablo\Documents\GitHub\nine-screen-canvas-flow\vendor\phpseclib\phpseclib\phpseclib\Math\BigInteger\Engines\BCMath.php on line 157
[13-Mar-2026 13:25:59 UTC] PHP Deprecated:  chr(): Providing a value not in-between 0 and 255 is deprecated, this is because a byte value must be in the [0, 255] interval. The value used will be constrained using % 256 in C:\Users\Pablo\Documents\GitHub\nine-screen-canvas-flow\vendor\phpseclib\phpseclib\phpseclib\Math\BigInteger\Engines\BCMath.php on line 157
[13-Mar-2026 13:25:59 UTC] PHP Deprecated:  chr(): Providing a value not in-between 0 and 255 is deprecated, this is because a byte value must be in the [0, 255] interval. The value used will be constrained using % 256 in C:\Users\Pablo\Documents\GitHub\nine-screen-canvas-flow\vendor\phpseclib\phpseclib\phpseclib\Math\BigInteger\Engines\BCMath.php on line 157
[13-Mar-2026 13:25:59 UTC] PHP Deprecated:  chr(): Providing a value not in-between 0 and 255 is deprecated, this is because a byte value must be in the [0, 255] interval. The value used will be constrained using % 256 in C:\Users\Pablo\Documents\GitHub\nine-screen-canvas-flow\vendor\phpseclib\phpseclib\phpseclib\Math\BigInteger\Engines\BCMath.php on line 157
[13-Mar-2026 13:25:59 UTC] PHP Deprecated:  chr(): Providing a value not in-between 0 and 255 is deprecated, this is because a byte value must be in the [0, 255] interval. The value used will be constrained using % 256 in C:\Users\Pablo\Documents\GitHub\nine-screen-canvas-flow\vendor\phpseclib\phpseclib\phpseclib\Math\BigInteger\Engines\BCMath.php on line 157
[13-Mar-2026 13:25:59 UTC] PHP Deprecated:  chr(): Providing a value not in-between 0 and 255 is deprecated, this is because a byte value must be in the [0, 255] interval. The value used will be constrained using % 256 in C:\Users\Pablo\Documents\GitHub\nine-screen-canvas-flow\vendor\phpseclib\phpseclib\phpseclib\Math\BigInteger\Engines\BCMath.php on line 157
[13-Mar-2026 13:25:59 UTC] PHP Deprecated:  chr(): Providing a value not in-between 0 and 255 is deprecated, this is because a byte value must be in the [0, 255] interval. The value used will be constrained using % 256 in C:\Users\Pablo\Documents\GitHub\nine-screen-canvas-flow\vendor\phpseclib\phpseclib\phpseclib\Math\BigInteger\Engines\BCMath.php on line 157
[13-Mar-2026 13:25:59 UTC] PHP Deprecated:  chr(): Providing a value not in-between 0 and 255 is deprecated, this is because a byte value must be in the [0, 255] interval. The value used will be constrained using % 256 in C:\Users\Pablo\Documents\GitHub\nine-screen-canvas-flow\vendor\phpseclib\phpseclib\phpseclib\Math\BigInteger\Engines\BCMath.php on line 157
[13-Mar-2026 13:25:59 UTC] PHP Deprecated:  chr(): Providing a value not in-between 0 and 255 is deprecated, this is because a byte value must be in the [0, 255] interval. The value used will be constrained using % 256 in C:\Users\Pablo\Documents\GitHub\nine-screen-canvas-flow\vendor\phpseclib\phpseclib\phpseclib\Math\BigInteger\Engines\BCMath.php on line 157
[13-Mar-2026 13:25:59 UTC] PHP Deprecated:  chr(): Providing a value not in-between 0 and 255 is deprecated, this is because a byte value must be in the [0, 255] interval. The value used will be constrained using % 256 in C:\Users\Pablo\Documents\GitHub\nine-screen-canvas-flow\vendor\phpseclib\phpseclib\phpseclib\Math\BigInteger\Engines\BCMath.php on line 157
[13-Mar-2026 13:25:59 UTC] PHP Deprecated:  chr(): Providing a value not in-between 0 and 255 is deprecated, this is because a byte value must be in the [0, 255] interval. The value used will be constrained using % 256 in C:\Users\Pablo\Documents\GitHub\nine-screen-canvas-flow\vendor\phpseclib\phpseclib\phpseclib\Math\BigInteger\Engines\BCMath.php on line 157
[13-Mar-2026 13:25:59 UTC] PHP Deprecated:  chr(): Providing a value not in-between 0 and 255 is deprecated, this is because a byte value must be in the [0, 255] interval. The value used will be constrained using % 256 in C:\Users\Pablo\Documents\GitHub\nine-screen-canvas-flow\vendor\phpseclib\phpseclib\phpseclib\Math\BigInteger\Engines\BCMath.php on line 157
[13-Mar-2026 13:25:59 UTC] PHP Deprecated:  chr(): Providing a value not in-between 0 and 255 is deprecated, this is because a byte value must be in the [0, 255] interval. The value used will be constrained using % 256 in C:\Users\Pablo\Documents\GitHub\nine-screen-canvas-flow\vendor\phpseclib\phpseclib\phpseclib\Math\BigInteger\Engines\BCMath.php on line 157
[13-Mar-2026 13:25:59 UTC] PHP Deprecated:  chr(): Providing a value not in-between 0 and 255 is deprecated, this is because a byte value must be in the [0, 255] interval. The value used will be constrained using % 256 in C:\Users\Pablo\Documents\GitHub\nine-screen-canvas-flow\vendor\phpseclib\phpseclib\phpseclib\Math\BigInteger\Engines\BCMath.php on line 157
[13-Mar-2026 13:25:59 UTC] PHP Deprecated:  chr(): Providing a value not in-between 0 and 255 is deprecated, this is because a byte value must be in the [0, 255] interval. The value used will be constrained using % 256 in C:\Users\Pablo\Documents\GitHub\nine-screen-canvas-flow\vendor\phpseclib\phpseclib\phpseclib\Math\BigInteger\Engines\BCMath.php on line 157
[13-Mar-2026 13:25:59 UTC] PHP Deprecated:  chr(): Providing a value not in-between 0 and 255 is deprecated, this is because a byte value must be in the [0, 255] interval. The value used will be constrained using % 256 in C:\Users\Pablo\Documents\GitHub\nine-screen-canvas-flow\vendor\phpseclib\phpseclib\phpseclib\Math\BigInteger\Engines\BCMath.php on line 157
[13-Mar-2026 13:25:59 UTC] PHP Deprecated:  chr(): Providing a value not in-between 0 and 255 is deprecated, this is because a byte value must be in the [0, 255] interval. The value used will be constrained using % 256 in C:\Users\Pablo\Documents\GitHub\nine-screen-canvas-flow\vendor\phpseclib\phpseclib\phpseclib\Math\BigInteger\Engines\BCMath.php on line 157
[13-Mar-2026 13:25:59 UTC] PHP Deprecated:  chr(): Providing a value not in-between 0 and 255 is deprecated, this is because a byte value must be in the [0, 255] interval. The value used will be constrained using % 256 in C:\Users\Pablo\Documents\GitHub\nine-screen-canvas-flow\vendor\phpseclib\phpseclib\phpseclib\Math\BigInteger\Engines\BCMath.php on line 157
[13-Mar-2026 13:25:59 UTC] PHP Deprecated:  chr(): Providing a value not in-between 0 and 255 is deprecated, this is because a byte value must be in the [0, 255] interval. The value used will be constrained using % 256 in C:\Users\Pablo\Documents\GitHub\nine-screen-canvas-flow\vendor\phpseclib\phpseclib\phpseclib\Math\BigInteger\Engines\BCMath.php on line 157
[13-Mar-2026 13:25:59 UTC] PHP Deprecated:  chr(): Providing a value not in-between 0 and 255 is deprecated, this is because a byte value must be in the [0, 255] interval. The value used will be constrained using % 256 in C:\Users\Pablo\Documents\GitHub\nine-screen-canvas-flow\vendor\phpseclib\phpseclib\phpseclib\Math\BigInteger\Engines\BCMath.php on line 157
[13-Mar-2026 13:25:59 UTC] PHP Deprecated:  chr(): Providing a value not in-between 0 and 255 is deprecated, this is because a byte value must be in the [0, 255] interval. The value used will be constrained using % 256 in C:\Users\Pablo\Documents\GitHub\nine-screen-canvas-flow\vendor\phpseclib\phpseclib\phpseclib\Math\BigInteger\Engines\BCMath.php on line 157
[13-Mar-2026 13:25:59 UTC] PHP Deprecated:  chr(): Providing a value not in-between 0 and 255 is deprecated, this is because a byte value must be in the [0, 255] interval. The value used will be constrained using % 256 in C:\Users\Pablo\Documents\GitHub\nine-screen-canvas-flow\vendor\phpseclib\phpseclib\phpseclib\Math\BigInteger\Engines\BCMath.php on line 157
[13-Mar-2026 13:25:59 UTC] PHP Deprecated:  chr(): Providing a value not in-between 0 and 255 is deprecated, this is because a byte value must be in the [0, 255] interval. The value used will be constrained using % 256 in C:\Users\Pablo\Documents\GitHub\nine-screen-canvas-flow\vendor\phpseclib\phpseclib\phpseclib\Math\BigInteger\Engines\BCMath.php on line 157
[13-Mar-2026 13:25:59 UTC] PHP Deprecated:  chr(): Providing a value not in-between 0 and 255 is deprecated, this is because a byte value must be in the [0, 255] interval. The value used will be constrained using % 256 in C:\Users\Pablo\Documents\GitHub\nine-screen-canvas-flow\vendor\phpseclib\phpseclib\phpseclib\Math\BigInteger\Engines\BCMath.php on line 157
[13-Mar-2026 13:25:59 UTC] PHP Deprecated:  chr(): Providing a value not in-between 0 and 255 is deprecated, this is because a byte value must be in the [0, 255] interval. The value used will be constrained using % 256 in C:\Users\Pablo\Documents\GitHub\nine-screen-canvas-flow\vendor\phpseclib\phpseclib\phpseclib\Math\BigInteger\Engines\BCMath.php on line 157
[13-Mar-2026 13:25:59 UTC] PHP Deprecated:  chr(): Providing a value not in-between 0 and 255 is deprecated, this is because a byte value must be in the [0, 255] interval. The value used will be constrained using % 256 in C:\Users\Pablo\Documents\GitHub\nine-screen-canvas-flow\vendor\phpseclib\phpseclib\phpseclib\Math\BigInteger\Engines\BCMath.php on line 157
[13-Mar-2026 13:25:59 UTC] PHP Deprecated:  chr(): Providing a value not in-between 0 and 255 is deprecated, this is because a byte value must be in the [0, 255] interval. The value used will be constrained using % 256 in C:\Users\Pablo\Documents\GitHub\nine-screen-canvas-flow\vendor\phpseclib\phpseclib\phpseclib\Math\BigInteger\Engines\BCMath.php on line 157
[13-Mar-2026 13:25:59 UTC] PHP Deprecated:  chr(): Providing a value not in-between 0 and 255 is deprecated, this is because a byte value must be in the [0, 255] interval. The value used will be constrained using % 256 in C:\Users\Pablo\Documents\GitHub\nine-screen-canvas-flow\vendor\phpseclib\phpseclib\phpseclib\Math\BigInteger\Engines\BCMath.php on line 157
[13-Mar-2026 13:25:59 UTC] PHP Deprecated:  chr(): Providing a value not in-between 0 and 255 is deprecated, this is because a byte value must be in the [0, 255] interval. The value used will be constrained using % 256 in C:\Users\Pablo\Documents\GitHub\nine-screen-canvas-flow\vendor\phpseclib\phpseclib\phpseclib\Math\BigInteger\Engines\BCMath.php on line 157
[13-Mar-2026 13:25:59 UTC] PHP Deprecated:  chr(): Providing a value not in-between 0 and 255 is deprecated, this is because a byte value must be in the [0, 255] interval. The value used will be constrained using % 256 in C:\Users\Pablo\Documents\GitHub\nine-screen-canvas-flow\vendor\phpseclib\phpseclib\phpseclib\Math\BigInteger\Engines\BCMath.php on line 157
[13-Mar-2026 13:25:59 UTC] PHP Deprecated:  chr(): Providing a value not in-between 0 and 255 is deprecated, this is because a byte value must be in the [0, 255] interval. The value used will be constrained using % 256 in C:\Users\Pablo\Documents\GitHub\nine-screen-canvas-flow\vendor\phpseclib\phpseclib\phpseclib\Math\BigInteger\Engines\BCMath.php on line 157
[13-Mar-2026 13:25:59 UTC] PHP Deprecated:  chr(): Providing a value not in-between 0 and 255 is deprecated, this is because a byte value must be in the [0, 255] interval. The value used will be constrained using % 256 in C:\Users\Pablo\Documents\GitHub\nine-screen-canvas-flow\vendor\phpseclib\phpseclib\phpseclib\Math\BigInteger\Engines\BCMath.php on line 157
[13-Mar-2026 13:25:59 UTC] PHP Deprecated:  chr(): Providing a value not in-between 0 and 255 is deprecated, this is because a byte value must be in the [0, 255] interval. The value used will be constrained using % 256 in C:\Users\Pablo\Documents\GitHub\nine-screen-canvas-flow\vendor\phpseclib\phpseclib\phpseclib\Math\BigInteger\Engines\BCMath.php on line 157
[13-Mar-2026 13:25:59 UTC] PHP Deprecated:  chr(): Providing a value not in-between 0 and 255 is deprecated, this is because a byte value must be in the [0, 255] interval. The value used will be constrained using % 256 in C:\Users\Pablo\Documents\GitHub\nine-screen-canvas-flow\vendor\phpseclib\phpseclib\phpseclib\Math\BigInteger\Engines\BCMath.php on line 157
[13-Mar-2026 13:25:59 UTC] PHP Deprecated:  chr(): Providing a value not in-between 0 and 255 is deprecated, this is because a byte value must be in the [0, 255] interval. The value used will be constrained using % 256 in C:\Users\Pablo\Documents\GitHub\nine-screen-canvas-flow\vendor\phpseclib\phpseclib\phpseclib\Math\BigInteger\Engines\BCMath.php on line 157
[13-Mar-2026 13:25:59 UTC] PHP Deprecated:  chr(): Providing a value not in-between 0 and 255 is deprecated, this is because a byte value must be in the [0, 255] interval. The value used will be constrained using % 256 in C:\Users\Pablo\Documents\GitHub\nine-screen-canvas-flow\vendor\phpseclib\phpseclib\phpseclib\Math\BigInteger\Engines\BCMath.php on line 157
[13-Mar-2026 13:25:59 UTC] PHP Deprecated:  chr(): Providing a value not in-between 0 and 255 is deprecated, this is because a byte value must be in the [0, 255] interval. The value used will be constrained using % 256 in C:\Users\Pablo\Documents\GitHub\nine-screen-canvas-flow\vendor\phpseclib\phpseclib\phpseclib\Math\BigInteger\Engines\BCMath.php on line 157
[13-Mar-2026 13:25:59 UTC] PHP Deprecated:  chr(): Providing a value not in-between 0 and 255 is deprecated, this is because a byte value must be in the [0, 255] interval. The value used will be constrained using % 256 in C:\Users\Pablo\Documents\GitHub\nine-screen-canvas-flow\vendor\phpseclib\phpseclib\phpseclib\Math\BigInteger\Engines\BCMath.php on line 157
[13-Mar-2026 13:25:59 UTC] PHP Deprecated:  chr(): Providing a value not in-between 0 and 255 is deprecated, this is because a byte value must be in the [0, 255] interval. The value used will be constrained using % 256 in C:\Users\Pablo\Documents\GitHub\nine-screen-canvas-flow\vendor\phpseclib\phpseclib\phpseclib\Math\BigInteger\Engines\BCMath.php on line 157
[13-Mar-2026 13:25:59 UTC] PHP Deprecated:  chr(): Providing a value not in-between 0 and 255 is deprecated, this is because a byte value must be in the [0, 255] interval. The value used will be constrained using % 256 in C:\Users\Pablo\Documents\GitHub\nine-screen-canvas-flow\vendor\phpseclib\phpseclib\phpseclib\Math\BigInteger\Engines\BCMath.php on line 157
[13-Mar-2026 13:25:59 UTC] PHP Deprecated:  chr(): Providing a value not in-between 0 and 255 is deprecated, this is because a byte value must be in the [0, 255] interval. The value used will be constrained using % 256 in C:\Users\Pablo\Documents\GitHub\nine-screen-canvas-flow\vendor\phpseclib\phpseclib\phpseclib\Math\BigInteger\Engines\BCMath.php on line 157
[13-Mar-2026 13:25:59 UTC] PHP Deprecated:  chr(): Providing a value not in-between 0 and 255 is deprecated, this is because a byte value must be in the [0, 255] interval. The value used will be constrained using % 256 in C:\Users\Pablo\Documents\GitHub\nine-screen-canvas-flow\vendor\phpseclib\phpseclib\phpseclib\Math\BigInteger\Engines\BCMath.php on line 157
[13-Mar-2026 13:25:59 UTC] PHP Deprecated:  chr(): Providing a value not in-between 0 and 255 is deprecated, this is because a byte value must be in the [0, 255] interval. The value used will be constrained using % 256 in C:\Users\Pablo\Documents\GitHub\nine-screen-canvas-flow\vendor\phpseclib\phpseclib\phpseclib\Math\BigInteger\Engines\BCMath.php on line 157
[13-Mar-2026 13:25:59 UTC] PHP Deprecated:  chr(): Providing a value not in-between 0 and 255 is deprecated, this is because a byte value must be in the [0, 255] interval. The value used will be constrained using % 256 in C:\Users\Pablo\Documents\GitHub\nine-screen-canvas-flow\vendor\phpseclib\phpseclib\phpseclib\Math\BigInteger\Engines\BCMath.php on line 157
[13-Mar-2026 13:25:59 UTC] PHP Deprecated:  chr(): Providing a value not in-between 0 and 255 is deprecated, this is because a byte value must be in the [0, 255] interval. The value used will be constrained using % 256 in C:\Users\Pablo\Documents\GitHub\nine-screen-canvas-flow\vendor\phpseclib\phpseclib\phpseclib\Math\BigInteger\Engines\BCMath.php on line 157
[13-Mar-2026 13:25:59 UTC] PHP Deprecated:  chr(): Providing a value not in-between 0 and 255 is deprecated, this is because a byte value must be in the [0, 255] interval. The value used will be constrained using % 256 in C:\Users\Pablo\Documents\GitHub\nine-screen-canvas-flow\vendor\phpseclib\phpseclib\phpseclib\Math\BigInteger\Engines\BCMath.php on line 157
[13-Mar-2026 13:25:59 UTC] PHP Deprecated:  chr(): Providing a value not in-between 0 and 255 is deprecated, this is because a byte value must be in the [0, 255] interval. The value used will be constrained using % 256 in C:\Users\Pablo\Documents\GitHub\nine-screen-canvas-flow\vendor\phpseclib\phpseclib\phpseclib\Math\BigInteger\Engines\BCMath.php on line 157
[13-Mar-2026 13:25:59 UTC] PHP Deprecated:  chr(): Providing a value not in-between 0 and 255 is deprecated, this is because a byte value must be in the [0, 255] interval. The value used will be constrained using % 256 in C:\Users\Pablo\Documents\GitHub\nine-screen-canvas-flow\vendor\phpseclib\phpseclib\phpseclib\Math\BigInteger\Engines\BCMath.php on line 157
[13-Mar-2026 13:25:59 UTC] PHP Deprecated:  chr(): Providing a value not in-between 0 and 255 is deprecated, this is because a byte value must be in the [0, 255] interval. The value used will be constrained using % 256 in C:\Users\Pablo\Documents\GitHub\nine-screen-canvas-flow\vendor\phpseclib\phpseclib\phpseclib\Math\BigInteger\Engines\BCMath.php on line 157
[13-Mar-2026 13:25:59 UTC] PHP Deprecated:  chr(): Providing a value not in-between 0 and 255 is deprecated, this is because a byte value must be in the [0, 255] interval. The value used will be constrained using % 256 in C:\Users\Pablo\Documents\GitHub\nine-screen-canvas-flow\vendor\phpseclib\phpseclib\phpseclib\Math\BigInteger\Engines\BCMath.php on line 157
[13-Mar-2026 13:25:59 UTC] PHP Deprecated:  chr(): Providing a value not in-between 0 and 255 is deprecated, this is because a byte value must be in the [0, 255] interval. The value used will be constrained using % 256 in C:\Users\Pablo\Documents\GitHub\nine-screen-canvas-flow\vendor\phpseclib\phpseclib\phpseclib\Math\BigInteger\Engines\BCMath.php on line 157
[13-Mar-2026 13:25:59 UTC] PHP Deprecated:  chr(): Providing a value not in-between 0 and 255 is deprecated, this is because a byte value must be in the [0, 255] interval. The value used will be constrained using % 256 in C:\Users\Pablo\Documents\GitHub\nine-screen-canvas-flow\vendor\phpseclib\phpseclib\phpseclib\Math\BigInteger\Engines\BCMath.php on line 157
[13-Mar-2026 13:25:59 UTC] PHP Deprecated:  chr(): Providing a value not in-between 0 and 255 is deprecated, this is because a byte value must be in the [0, 255] interval. The value used will be constrained using % 256 in C:\Users\Pablo\Documents\GitHub\nine-screen-canvas-flow\vendor\phpseclib\phpseclib\phpseclib\Math\BigInteger\Engines\BCMath.php on line 157
[13-Mar-2026 13:25:59 UTC] PHP Deprecated:  chr(): Providing a value not in-between 0 and 255 is deprecated, this is because a byte value must be in the [0, 255] interval. The value used will be constrained using % 256 in C:\Users\Pablo\Documents\GitHub\nine-screen-canvas-flow\vendor\phpseclib\phpseclib\phpseclib\Math\BigInteger\Engines\BCMath.php on line 157
[13-Mar-2026 13:25:59 UTC] PHP Deprecated:  chr(): Providing a value not in-between 0 and 255 is deprecated, this is because a byte value must be in the [0, 255] interval. The value used will be constrained using % 256 in C:\Users\Pablo\Documents\GitHub\nine-screen-canvas-flow\vendor\phpseclib\phpseclib\phpseclib\Math\BigInteger\Engines\BCMath.php on line 157
[13-Mar-2026 13:25:59 UTC] PHP Deprecated:  chr(): Providing a value not in-between 0 and 255 is deprecated, this is because a byte value must be in the [0, 255] interval. The value used will be constrained using % 256 in C:\Users\Pablo\Documents\GitHub\nine-screen-canvas-flow\vendor\phpseclib\phpseclib\phpseclib\Math\BigInteger\Engines\BCMath.php on line 157
[13-Mar-2026 13:25:59 UTC] PHP Deprecated:  chr(): Providing a value not in-between 0 and 255 is deprecated, this is because a byte value must be in the [0, 255] interval. The value used will be constrained using % 256 in C:\Users\Pablo\Documents\GitHub\nine-screen-canvas-flow\vendor\phpseclib\phpseclib\phpseclib\Math\BigInteger\Engines\BCMath.php on line 157
[13-Mar-2026 13:25:59 UTC] PHP Deprecated:  chr(): Providing a value not in-between 0 and 255 is deprecated, this is because a byte value must be in the [0, 255] interval. The value used will be constrained using % 256 in C:\Users\Pablo\Documents\GitHub\nine-screen-canvas-flow\vendor\phpseclib\phpseclib\phpseclib\Math\BigInteger\Engines\BCMath.php on line 157
[13-Mar-2026 13:25:59 UTC] PHP Deprecated:  chr(): Providing a value not in-between 0 and 255 is deprecated, this is because a byte value must be in the [0, 255] interval. The value used will be constrained using % 256 in C:\Users\Pablo\Documents\GitHub\nine-screen-canvas-flow\vendor\phpseclib\phpseclib\phpseclib\Math\BigInteger\Engines\BCMath.php on line 157
[13-Mar-2026 13:25:59 UTC] PHP Deprecated:  chr(): Providing a value not in-between 0 and 255 is deprecated, this is because a byte value must be in the [0, 255] interval. The value used will be constrained using % 256 in C:\Users\Pablo\Documents\GitHub\nine-screen-canvas-flow\vendor\phpseclib\phpseclib\phpseclib\Math\BigInteger\Engines\BCMath.php on line 157
[13-Mar-2026 13:25:59 UTC] PHP Deprecated:  chr(): Providing a value not in-between 0 and 255 is deprecated, this is because a byte value must be in the [0, 255] interval. The value used will be constrained using % 256 in C:\Users\Pablo\Documents\GitHub\nine-screen-canvas-flow\vendor\phpseclib\phpseclib\phpseclib\Math\BigInteger\Engines\BCMath.php on line 157
[13-Mar-2026 13:25:59 UTC] PHP Deprecated:  chr(): Providing a value not in-between 0 and 255 is deprecated, this is because a byte value must be in the [0, 255] interval. The value used will be constrained using % 256 in C:\Users\Pablo\Documents\GitHub\nine-screen-canvas-flow\vendor\phpseclib\phpseclib\phpseclib\Math\BigInteger\Engines\BCMath.php on line 157
[13-Mar-2026 13:25:59 UTC] PHP Deprecated:  chr(): Providing a value not in-between 0 and 255 is deprecated, this is because a byte value must be in the [0, 255] interval. The value used will be constrained using % 256 in C:\Users\Pablo\Documents\GitHub\nine-screen-canvas-flow\vendor\phpseclib\phpseclib\phpseclib\Math\BigInteger\Engines\BCMath.php on line 157
[13-Mar-2026 13:25:59 UTC] PHP Deprecated:  chr(): Providing a value not in-between 0 and 255 is deprecated, this is because a byte value must be in the [0, 255] interval. The value used will be constrained using % 256 in C:\Users\Pablo\Documents\GitHub\nine-screen-canvas-flow\vendor\phpseclib\phpseclib\phpseclib\Math\BigInteger\Engines\BCMath.php on line 157
[13-Mar-2026 13:25:59 UTC] PHP Deprecated:  chr(): Providing a value not in-between 0 and 255 is deprecated, this is because a byte value must be in the [0, 255] interval. The value used will be constrained using % 256 in C:\Users\Pablo\Documents\GitHub\nine-screen-canvas-flow\vendor\phpseclib\phpseclib\phpseclib\Math\BigInteger\Engines\BCMath.php on line 157
[13-Mar-2026 13:25:59 UTC] PHP Deprecated:  chr(): Providing a value not in-between 0 and 255 is deprecated, this is because a byte value must be in the [0, 255] interval. The value used will be constrained using % 256 in C:\Users\Pablo\Documents\GitHub\nine-screen-canvas-flow\vendor\phpseclib\phpseclib\phpseclib\Math\BigInteger\Engines\BCMath.php on line 157
[13-Mar-2026 13:25:59 UTC] PHP Deprecated:  chr(): Providing a value not in-between 0 and 255 is deprecated, this is because a byte value must be in the [0, 255] interval. The value used will be constrained using % 256 in C:\Users\Pablo\Documents\GitHub\nine-screen-canvas-flow\vendor\phpseclib\phpseclib\phpseclib\Math\BigInteger\Engines\BCMath.php on line 157
[13-Mar-2026 13:25:59 UTC] PHP Deprecated:  chr(): Providing a value not in-between 0 and 255 is deprecated, this is because a byte value must be in the [0, 255] interval. The value used will be constrained using % 256 in C:\Users\Pablo\Documents\GitHub\nine-screen-canvas-flow\vendor\phpseclib\phpseclib\phpseclib\Math\BigInteger\Engines\BCMath.php on line 157
[13-Mar-2026 13:25:59 UTC] PHP Deprecated:  chr(): Providing a value not in-between 0 and 255 is deprecated, this is because a byte value must be in the [0, 255] interval. The value used will be constrained using % 256 in C:\Users\Pablo\Documents\GitHub\nine-screen-canvas-flow\vendor\phpseclib\phpseclib\phpseclib\Math\BigInteger\Engines\BCMath.php on line 157
[13-Mar-2026 13:25:59 UTC] PHP Deprecated:  chr(): Providing a value not in-between 0 and 255 is deprecated, this is because a byte value must be in the [0, 255] interval. The value used will be constrained using % 256 in C:\Users\Pablo\Documents\GitHub\nine-screen-canvas-flow\vendor\phpseclib\phpseclib\phpseclib\Math\BigInteger\Engines\BCMath.php on line 157
[13-Mar-2026 13:25:59 UTC] PHP Deprecated:  chr(): Providing a value not in-between 0 and 255 is deprecated, this is because a byte value must be in the [0, 255] interval. The value used will be constrained using % 256 in C:\Users\Pablo\Documents\GitHub\nine-screen-canvas-flow\vendor\phpseclib\phpseclib\phpseclib\Math\BigInteger\Engines\BCMath.php on line 157
[13-Mar-2026 13:25:59 UTC] PHP Deprecated:  chr(): Providing a value not in-between 0 and 255 is deprecated, this is because a byte value must be in the [0, 255] interval. The value used will be constrained using % 256 in C:\Users\Pablo\Documents\GitHub\nine-screen-canvas-flow\vendor\phpseclib\phpseclib\phpseclib\Math\BigInteger\Engines\BCMath.php on line 157
[13-Mar-2026 13:25:59 UTC] PHP Deprecated:  chr(): Providing a value not in-between 0 and 255 is deprecated, this is because a byte value must be in the [0, 255] interval. The value used will be constrained using % 256 in C:\Users\Pablo\Documents\GitHub\nine-screen-canvas-flow\vendor\phpseclib\phpseclib\phpseclib\Math\BigInteger\Engines\BCMath.php on line 157
[13-Mar-2026 13:25:59 UTC] PHP Deprecated:  chr(): Providing a value not in-between 0 and 255 is deprecated, this is because a byte value must be in the [0, 255] interval. The value used will be constrained using % 256 in C:\Users\Pablo\Documents\GitHub\nine-screen-canvas-flow\vendor\phpseclib\phpseclib\phpseclib\Math\BigInteger\Engines\BCMath.php on line 157
[13-Mar-2026 13:25:59 UTC] PHP Deprecated:  chr(): Providing a value not in-between 0 and 255 is deprecated, this is because a byte value must be in the [0, 255] interval. The value used will be constrained using % 256 in C:\Users\Pablo\Documents\GitHub\nine-screen-canvas-flow\vendor\phpseclib\phpseclib\phpseclib\Math\BigInteger\Engines\BCMath.php on line 157
[13-Mar-2026 13:25:59 UTC] PHP Deprecated:  chr(): Providing a value not in-between 0 and 255 is deprecated, this is because a byte value must be in the [0, 255] interval. The value used will be constrained using % 256 in C:\Users\Pablo\Documents\GitHub\nine-screen-canvas-flow\vendor\phpseclib\phpseclib\phpseclib\Math\BigInteger\Engines\BCMath.php on line 157
[13-Mar-2026 13:25:59 UTC] PHP Deprecated:  chr(): Providing a value not in-between 0 and 255 is deprecated, this is because a byte value must be in the [0, 255] interval. The value used will be constrained using % 256 in C:\Users\Pablo\Documents\GitHub\nine-screen-canvas-flow\vendor\phpseclib\phpseclib\phpseclib\Math\BigInteger\Engines\BCMath.php on line 157
[13-Mar-2026 13:25:59 UTC] PHP Deprecated:  chr(): Providing a value not in-between 0 and 255 is deprecated, this is because a byte value must be in the [0, 255] interval. The value used will be constrained using % 256 in C:\Users\Pablo\Documents\GitHub\nine-screen-canvas-flow\vendor\phpseclib\phpseclib\phpseclib\Math\BigInteger\Engines\BCMath.php on line 157
[13-Mar-2026 13:25:59 UTC] PHP Deprecated:  chr(): Providing a value not in-between 0 and 255 is deprecated, this is because a byte value must be in the [0, 255] interval. The value used will be constrained using % 256 in C:\Users\Pablo\Documents\GitHub\nine-screen-canvas-flow\vendor\phpseclib\phpseclib\phpseclib\Math\BigInteger\Engines\BCMath.php on line 157
[13-Mar-2026 13:25:59 UTC] PHP Deprecated:  chr(): Providing a value not in-between 0 and 255 is deprecated, this is because a byte value must be in the [0, 255] interval. The value used will be constrained using % 256 in C:\Users\Pablo\Documents\GitHub\nine-screen-canvas-flow\vendor\phpseclib\phpseclib\phpseclib\Math\BigInteger\Engines\BCMath.php on line 157
[13-Mar-2026 13:25:59 UTC] PHP Deprecated:  chr(): Providing a value not in-between 0 and 255 is deprecated, this is because a byte value must be in the [0, 255] interval. The value used will be constrained using % 256 in C:\Users\Pablo\Documents\GitHub\nine-screen-canvas-flow\vendor\phpseclib\phpseclib\phpseclib\Math\BigInteger\Engines\BCMath.php on line 157
[13-Mar-2026 13:25:59 UTC] PHP Deprecated:  chr(): Providing a value not in-between 0 and 255 is deprecated, this is because a byte value must be in the [0, 255] interval. The value used will be constrained using % 256 in C:\Users\Pablo\Documents\GitHub\nine-screen-canvas-flow\vendor\phpseclib\phpseclib\phpseclib\Math\BigInteger\Engines\BCMath.php on line 157
[13-Mar-2026 13:25:59 UTC] PHP Deprecated:  chr(): Providing a value not in-between 0 and 255 is deprecated, this is because a byte value must be in the [0, 255] interval. The value used will be constrained using % 256 in C:\Users\Pablo\Documents\GitHub\nine-screen-canvas-flow\vendor\phpseclib\phpseclib\phpseclib\Math\BigInteger\Engines\BCMath.php on line 157
[13-Mar-2026 13:25:59 UTC] PHP Deprecated:  chr(): Providing a value not in-between 0 and 255 is deprecated, this is because a byte value must be in the [0, 255] interval. The value used will be constrained using % 256 in C:\Users\Pablo\Documents\GitHub\nine-screen-canvas-flow\vendor\phpseclib\phpseclib\phpseclib\Math\BigInteger\Engines\BCMath.php on line 157
[13-Mar-2026 13:25:59 UTC] PHP Deprecated:  chr(): Providing a value not in-between 0 and 255 is deprecated, this is because a byte value must be in the [0, 255] interval. The value used will be constrained using % 256 in C:\Users\Pablo\Documents\GitHub\nine-screen-canvas-flow\vendor\phpseclib\phpseclib\phpseclib\Math\BigInteger\Engines\BCMath.php on line 157
[13-Mar-2026 13:25:59 UTC] PHP Deprecated:  chr(): Providing a value not in-between 0 and 255 is deprecated, this is because a byte value must be in the [0, 255] interval. The value used will be constrained using % 256 in C:\Users\Pablo\Documents\GitHub\nine-screen-canvas-flow\vendor\phpseclib\phpseclib\phpseclib\Math\BigInteger\Engines\BCMath.php on line 157
[13-Mar-2026 13:25:59 UTC] PHP Deprecated:  chr(): Providing a value not in-between 0 and 255 is deprecated, this is because a byte value must be in the [0, 255] interval. The value used will be constrained using % 256 in C:\Users\Pablo\Documents\GitHub\nine-screen-canvas-flow\vendor\phpseclib\phpseclib\phpseclib\Math\BigInteger\Engines\BCMath.php on line 157
[13-Mar-2026 13:25:59 UTC] PHP Deprecated:  chr(): Providing a value not in-between 0 and 255 is deprecated, this is because a byte value must be in the [0, 255] interval. The value used will be constrained using % 256 in C:\Users\Pablo\Documents\GitHub\nine-screen-canvas-flow\vendor\phpseclib\phpseclib\phpseclib\Math\BigInteger\Engines\BCMath.php on line 157
[13-Mar-2026 13:25:59 UTC] PHP Deprecated:  chr(): Providing a value not in-between 0 and 255 is deprecated, this is because a byte value must be in the [0, 255] interval. The value used will be constrained using % 256 in C:\Users\Pablo\Documents\GitHub\nine-screen-canvas-flow\vendor\phpseclib\phpseclib\phpseclib\Math\BigInteger\Engines\BCMath.php on line 157
[13-Mar-2026 13:25:59 UTC] PHP Deprecated:  chr(): Providing a value not in-between 0 and 255 is deprecated, this is because a byte value must be in the [0, 255] interval. The value used will be constrained using % 256 in C:\Users\Pablo\Documents\GitHub\nine-screen-canvas-flow\vendor\phpseclib\phpseclib\phpseclib\Math\BigInteger\Engines\BCMath.php on line 157
[13-Mar-2026 13:25:59 UTC] PHP Deprecated:  chr(): Providing a value not in-between 0 and 255 is deprecated, this is because a byte value must be in the [0, 255] interval. The value used will be constrained using % 256 in C:\Users\Pablo\Documents\GitHub\nine-screen-canvas-flow\vendor\phpseclib\phpseclib\phpseclib\Math\BigInteger\Engines\BCMath.php on line 157
[13-Mar-2026 13:25:59 UTC] PHP Deprecated:  chr(): Providing a value not in-between 0 and 255 is deprecated, this is because a byte value must be in the [0, 255] interval. The value used will be constrained using % 256 in C:\Users\Pablo\Documents\GitHub\nine-screen-canvas-flow\vendor\phpseclib\phpseclib\phpseclib\Math\BigInteger\Engines\BCMath.php on line 157
[13-Mar-2026 13:25:59 UTC] PHP Deprecated:  chr(): Providing a value not in-between 0 and 255 is deprecated, this is because a byte value must be in the [0, 255] interval. The value used will be constrained using % 256 in C:\Users\Pablo\Documents\GitHub\nine-screen-canvas-flow\vendor\phpseclib\phpseclib\phpseclib\Math\BigInteger\Engines\BCMath.php on line 157
[13-Mar-2026 13:25:59 UTC] PHP Deprecated:  chr(): Providing a value not in-between 0 and 255 is deprecated, this is because a byte value must be in the [0, 255] interval. The value used will be constrained using % 256 in C:\Users\Pablo\Documents\GitHub\nine-screen-canvas-flow\vendor\phpseclib\phpseclib\phpseclib\Math\BigInteger\Engines\BCMath.php on line 157
[13-Mar-2026 13:25:59 UTC] PHP Deprecated:  chr(): Providing a value not in-between 0 and 255 is deprecated, this is because a byte value must be in the [0, 255] interval. The value used will be constrained using % 256 in C:\Users\Pablo\Documents\GitHub\nine-screen-canvas-flow\vendor\phpseclib\phpseclib\phpseclib\Math\BigInteger\Engines\BCMath.php on line 157
[13-Mar-2026 13:25:59 UTC] PHP Deprecated:  chr(): Providing a value not in-between 0 and 255 is deprecated, this is because a byte value must be in the [0, 255] interval. The value used will be constrained using % 256 in C:\Users\Pablo\Documents\GitHub\nine-screen-canvas-flow\vendor\phpseclib\phpseclib\phpseclib\Math\BigInteger\Engines\BCMath.php on line 157
[13-Mar-2026 13:25:59 UTC] PHP Deprecated:  chr(): Providing a value not in-between 0 and 255 is deprecated, this is because a byte value must be in the [0, 255] interval. The value used will be constrained using % 256 in C:\Users\Pablo\Documents\GitHub\nine-screen-canvas-flow\vendor\phpseclib\phpseclib\phpseclib\Math\BigInteger\Engines\BCMath.php on line 157
[13-Mar-2026 13:25:59 UTC] PHP Deprecated:  chr(): Providing a value not in-between 0 and 255 is deprecated, this is because a byte value must be in the [0, 255] interval. The value used will be constrained using % 256 in C:\Users\Pablo\Documents\GitHub\nine-screen-canvas-flow\vendor\phpseclib\phpseclib\phpseclib\Math\BigInteger\Engines\BCMath.php on line 157
[13-Mar-2026 13:25:59 UTC] PHP Deprecated:  chr(): Providing a value not in-between 0 and 255 is deprecated, this is because a byte value must be in the [0, 255] interval. The value used will be constrained using % 256 in C:\Users\Pablo\Documents\GitHub\nine-screen-canvas-flow\vendor\phpseclib\phpseclib\phpseclib\Math\BigInteger\Engines\BCMath.php on line 157
[13-Mar-2026 13:25:59 UTC] PHP Deprecated:  chr(): Providing a value not in-between 0 and 255 is deprecated, this is because a byte value must be in the [0, 255] interval. The value used will be constrained using % 256 in C:\Users\Pablo\Documents\GitHub\nine-screen-canvas-flow\vendor\phpseclib\phpseclib\phpseclib\Math\BigInteger\Engines\BCMath.php on line 157
[13-Mar-2026 13:25:59 UTC] PHP Deprecated:  chr(): Providing a value not in-between 0 and 255 is deprecated, this is because a byte value must be in the [0, 255] interval. The value used will be constrained using % 256 in C:\Users\Pablo\Documents\GitHub\nine-screen-canvas-flow\vendor\phpseclib\phpseclib\phpseclib\Math\BigInteger\Engines\BCMath.php on line 157
[13-Mar-2026 13:25:59 UTC] PHP Deprecated:  chr(): Providing a value not in-between 0 and 255 is deprecated, this is because a byte value must be in the [0, 255] interval. The value used will be constrained using % 256 in C:\Users\Pablo\Documents\GitHub\nine-screen-canvas-flow\vendor\phpseclib\phpseclib\phpseclib\Math\BigInteger\Engines\BCMath.php on line 157
[13-Mar-2026 13:25:59 UTC] PHP Deprecated:  chr(): Providing a value not in-between 0 and 255 is deprecated, this is because a byte value must be in the [0, 255] interval. The value used will be constrained using % 256 in C:\Users\Pablo\Documents\GitHub\nine-screen-canvas-flow\vendor\phpseclib\phpseclib\phpseclib\Math\BigInteger\Engines\BCMath.php on line 157
[13-Mar-2026 13:25:59 UTC] PHP Deprecated:  chr(): Providing a value not in-between 0 and 255 is deprecated, this is because a byte value must be in the [0, 255] interval. The value used will be constrained using % 256 in C:\Users\Pablo\Documents\GitHub\nine-screen-canvas-flow\vendor\phpseclib\phpseclib\phpseclib\Math\BigInteger\Engines\BCMath.php on line 157
[13-Mar-2026 13:25:59 UTC] PHP Deprecated:  chr(): Providing a value not in-between 0 and 255 is deprecated, this is because a byte value must be in the [0, 255] interval. The value used will be constrained using % 256 in C:\Users\Pablo\Documents\GitHub\nine-screen-canvas-flow\vendor\phpseclib\phpseclib\phpseclib\Math\BigInteger\Engines\BCMath.php on line 157
[13-Mar-2026 13:25:59 UTC] PHP Deprecated:  chr(): Providing a value not in-between 0 and 255 is deprecated, this is because a byte value must be in the [0, 255] interval. The value used will be constrained using % 256 in C:\Users\Pablo\Documents\GitHub\nine-screen-canvas-flow\vendor\phpseclib\phpseclib\phpseclib\Math\BigInteger\Engines\BCMath.php on line 157
[13-Mar-2026 13:25:59 UTC] PHP Deprecated:  chr(): Providing a value not in-between 0 and 255 is deprecated, this is because a byte value must be in the [0, 255] interval. The value used will be constrained using % 256 in C:\Users\Pablo\Documents\GitHub\nine-screen-canvas-flow\vendor\phpseclib\phpseclib\phpseclib\Math\BigInteger\Engines\BCMath.php on line 157
[13-Mar-2026 13:25:59 UTC] PHP Deprecated:  chr(): Providing a value not in-between 0 and 255 is deprecated, this is because a byte value must be in the [0, 255] interval. The value used will be constrained using % 256 in C:\Users\Pablo\Documents\GitHub\nine-screen-canvas-flow\vendor\phpseclib\phpseclib\phpseclib\Math\BigInteger\Engines\BCMath.php on line 157
[13-Mar-2026 13:25:59 UTC] PHP Deprecated:  chr(): Providing a value not in-between 0 and 255 is deprecated, this is because a byte value must be in the [0, 255] interval. The value used will be constrained using % 256 in C:\Users\Pablo\Documents\GitHub\nine-screen-canvas-flow\vendor\phpseclib\phpseclib\phpseclib\Math\BigInteger\Engines\BCMath.php on line 157
[13-Mar-2026 13:25:59 UTC] PHP Deprecated:  chr(): Providing a value not in-between 0 and 255 is deprecated, this is because a byte value must be in the [0, 255] interval. The value used will be constrained using % 256 in C:\Users\Pablo\Documents\GitHub\nine-screen-canvas-flow\vendor\phpseclib\phpseclib\phpseclib\Math\BigInteger\Engines\BCMath.php on line 157
[13-Mar-2026 13:25:59 UTC] PHP Deprecated:  chr(): Providing a value not in-between 0 and 255 is deprecated, this is because a byte value must be in the [0, 255] interval. The value used will be constrained using % 256 in C:\Users\Pablo\Documents\GitHub\nine-screen-canvas-flow\vendor\phpseclib\phpseclib\phpseclib\Math\BigInteger\Engines\BCMath.php on line 157
[13-Mar-2026 13:25:59 UTC] PHP Deprecated:  chr(): Providing a value not in-between 0 and 255 is deprecated, this is because a byte value must be in the [0, 255] interval. The value used will be constrained using % 256 in C:\Users\Pablo\Documents\GitHub\nine-screen-canvas-flow\vendor\phpseclib\phpseclib\phpseclib\Math\BigInteger\Engines\BCMath.php on line 157
[13-Mar-2026 13:25:59 UTC] PHP Deprecated:  chr(): Providing a value not in-between 0 and 255 is deprecated, this is because a byte value must be in the [0, 255] interval. The value used will be constrained using % 256 in C:\Users\Pablo\Documents\GitHub\nine-screen-canvas-flow\vendor\phpseclib\phpseclib\phpseclib\Math\BigInteger\Engines\BCMath.php on line 157
[13-Mar-2026 13:25:59 UTC] PHP Deprecated:  chr(): Providing a value not in-between 0 and 255 is deprecated, this is because a byte value must be in the [0, 255] interval. The value used will be constrained using % 256 in C:\Users\Pablo\Documents\GitHub\nine-screen-canvas-flow\vendor\phpseclib\phpseclib\phpseclib\Math\BigInteger\Engines\BCMath.php on line 157
[13-Mar-2026 13:25:59 UTC] PHP Deprecated:  chr(): Providing a value not in-between 0 and 255 is deprecated, this is because a byte value must be in the [0, 255] interval. The value used will be constrained using % 256 in C:\Users\Pablo\Documents\GitHub\nine-screen-canvas-flow\vendor\phpseclib\phpseclib\phpseclib\Math\BigInteger\Engines\BCMath.php on line 157
[13-Mar-2026 13:25:59 UTC] PHP Deprecated:  chr(): Providing a value not in-between 0 and 255 is deprecated, this is because a byte value must be in the [0, 255] interval. The value used will be constrained using % 256 in C:\Users\Pablo\Documents\GitHub\nine-screen-canvas-flow\vendor\phpseclib\phpseclib\phpseclib\Math\BigInteger\Engines\BCMath.php on line 157
[13-Mar-2026 13:25:59 UTC] PHP Deprecated:  chr(): Providing a value not in-between 0 and 255 is deprecated, this is because a byte value must be in the [0, 255] interval. The value used will be constrained using % 256 in C:\Users\Pablo\Documents\GitHub\nine-screen-canvas-flow\vendor\phpseclib\phpseclib\phpseclib\Math\BigInteger\Engines\BCMath.php on line 157
[13-Mar-2026 13:25:59 UTC] PHP Deprecated:  chr(): Providing a value not in-between 0 and 255 is deprecated, this is because a byte value must be in the [0, 255] interval. The value used will be constrained using % 256 in C:\Users\Pablo\Documents\GitHub\nine-screen-canvas-flow\vendor\phpseclib\phpseclib\phpseclib\Math\BigInteger\Engines\BCMath.php on line 157
[13-Mar-2026 13:25:59 UTC] PHP Deprecated:  chr(): Providing a value not in-between 0 and 255 is deprecated, this is because a byte value must be in the [0, 255] interval. The value used will be constrained using % 256 in C:\Users\Pablo\Documents\GitHub\nine-screen-canvas-flow\vendor\phpseclib\phpseclib\phpseclib\Math\BigInteger\Engines\BCMath.php on line 157
[13-Mar-2026 13:25:59 UTC] PHP Deprecated:  chr(): Providing a value not in-between 0 and 255 is deprecated, this is because a byte value must be in the [0, 255] interval. The value used will be constrained using % 256 in C:\Users\Pablo\Documents\GitHub\nine-screen-canvas-flow\vendor\phpseclib\phpseclib\phpseclib\Math\BigInteger\Engines\BCMath.php on line 157
[13-Mar-2026 13:25:59 UTC] PHP Deprecated:  chr(): Providing a value not in-between 0 and 255 is deprecated, this is because a byte value must be in the [0, 255] interval. The value used will be constrained using % 256 in C:\Users\Pablo\Documents\GitHub\nine-screen-canvas-flow\vendor\phpseclib\phpseclib\phpseclib\Math\BigInteger\Engines\BCMath.php on line 157
[13-Mar-2026 13:25:59 UTC] PHP Deprecated:  chr(): Providing a value not in-between 0 and 255 is deprecated, this is because a byte value must be in the [0, 255] interval. The value used will be constrained using % 256 in C:\Users\Pablo\Documents\GitHub\nine-screen-canvas-flow\vendor\phpseclib\phpseclib\phpseclib\Math\BigInteger\Engines\BCMath.php on line 157
[13-Mar-2026 13:25:59 UTC] PHP Deprecated:  chr(): Providing a value not in-between 0 and 255 is deprecated, this is because a byte value must be in the [0, 255] interval. The value used will be constrained using % 256 in C:\Users\Pablo\Documents\GitHub\nine-screen-canvas-flow\vendor\phpseclib\phpseclib\phpseclib\Math\BigInteger\Engines\BCMath.php on line 157
[13-Mar-2026 13:25:59 UTC] PHP Deprecated:  chr(): Providing a value not in-between 0 and 255 is deprecated, this is because a byte value must be in the [0, 255] interval. The value used will be constrained using % 256 in C:\Users\Pablo\Documents\GitHub\nine-screen-canvas-flow\vendor\phpseclib\phpseclib\phpseclib\Math\BigInteger\Engines\BCMath.php on line 157
[13-Mar-2026 13:25:59 UTC] PHP Deprecated:  chr(): Providing a value not in-between 0 and 255 is deprecated, this is because a byte value must be in the [0, 255] interval. The value used will be constrained using % 256 in C:\Users\Pablo\Documents\GitHub\nine-screen-canvas-flow\vendor\phpseclib\phpseclib\phpseclib\Math\BigInteger\Engines\BCMath.php on line 157
[13-Mar-2026 13:25:59 UTC] PHP Deprecated:  chr(): Providing a value not in-between 0 and 255 is deprecated, this is because a byte value must be in the [0, 255] interval. The value used will be constrained using % 256 in C:\Users\Pablo\Documents\GitHub\nine-screen-canvas-flow\vendor\phpseclib\phpseclib\phpseclib\Math\BigInteger\Engines\BCMath.php on line 157
[13-Mar-2026 13:25:59 UTC] PHP Deprecated:  chr(): Providing a value not in-between 0 and 255 is deprecated, this is because a byte value must be in the [0, 255] interval. The value used will be constrained using % 256 in C:\Users\Pablo\Documents\GitHub\nine-screen-canvas-flow\vendor\phpseclib\phpseclib\phpseclib\Math\BigInteger\Engines\BCMath.php on line 157
[13-Mar-2026 13:25:59 UTC] PHP Deprecated:  chr(): Providing a value not in-between 0 and 255 is deprecated, this is because a byte value must be in the [0, 255] interval. The value used will be constrained using % 256 in C:\Users\Pablo\Documents\GitHub\nine-screen-canvas-flow\vendor\phpseclib\phpseclib\phpseclib\Math\BigInteger\Engines\BCMath.php on line 157
[13-Mar-2026 13:25:59 UTC] PHP Deprecated:  chr(): Providing a value not in-between 0 and 255 is deprecated, this is because a byte value must be in the [0, 255] interval. The value used will be constrained using % 256 in C:\Users\Pablo\Documents\GitHub\nine-screen-canvas-flow\vendor\phpseclib\phpseclib\phpseclib\Math\BigInteger\Engines\BCMath.php on line 157
[13-Mar-2026 13:25:59 UTC] PHP Deprecated:  chr(): Providing a value not in-between 0 and 255 is deprecated, this is because a byte value must be in the [0, 255] interval. The value used will be constrained using % 256 in C:\Users\Pablo\Documents\GitHub\nine-screen-canvas-flow\vendor\phpseclib\phpseclib\phpseclib\Math\BigInteger\Engines\BCMath.php on line 157
[13-Mar-2026 13:25:59 UTC] PHP Deprecated:  chr(): Providing a value not in-between 0 and 255 is deprecated, this is because a byte value must be in the [0, 255] interval. The value used will be constrained using % 256 in C:\Users\Pablo\Documents\GitHub\nine-screen-canvas-flow\vendor\phpseclib\phpseclib\phpseclib\Math\BigInteger\Engines\BCMath.php on line 157
[13-Mar-2026 13:25:59 UTC] PHP Deprecated:  chr(): Providing a value not in-between 0 and 255 is deprecated, this is because a byte value must be in the [0, 255] interval. The value used will be constrained using % 256 in C:\Users\Pablo\Documents\GitHub\nine-screen-canvas-flow\vendor\phpseclib\phpseclib\phpseclib\Math\BigInteger\Engines\BCMath.php on line 157
[13-Mar-2026 13:25:59 UTC] PHP Deprecated:  chr(): Providing a value not in-between 0 and 255 is deprecated, this is because a byte value must be in the [0, 255] interval. The value used will be constrained using % 256 in C:\Users\Pablo\Documents\GitHub\nine-screen-canvas-flow\vendor\phpseclib\phpseclib\phpseclib\Math\BigInteger\Engines\BCMath.php on line 157
[13-Mar-2026 13:25:59 UTC] PHP Deprecated:  chr(): Providing a value not in-between 0 and 255 is deprecated, this is because a byte value must be in the [0, 255] interval. The value used will be constrained using % 256 in C:\Users\Pablo\Documents\GitHub\nine-screen-canvas-flow\vendor\phpseclib\phpseclib\phpseclib\Math\BigInteger\Engines\BCMath.php on line 157
[13-Mar-2026 13:25:59 UTC] PHP Deprecated:  chr(): Providing a value not in-between 0 and 255 is deprecated, this is because a byte value must be in the [0, 255] interval. The value used will be constrained using % 256 in C:\Users\Pablo\Documents\GitHub\nine-screen-canvas-flow\vendor\phpseclib\phpseclib\phpseclib\Math\BigInteger\Engines\BCMath.php on line 157
[13-Mar-2026 13:25:59 UTC] PHP Deprecated:  chr(): Providing a value not in-between 0 and 255 is deprecated, this is because a byte value must be in the [0, 255] interval. The value used will be constrained using % 256 in C:\Users\Pablo\Documents\GitHub\nine-screen-canvas-flow\vendor\phpseclib\phpseclib\phpseclib\Math\BigInteger\Engines\BCMath.php on line 157
[13-Mar-2026 13:25:59 UTC] PHP Deprecated:  chr(): Providing a value not in-between 0 and 255 is deprecated, this is because a byte value must be in the [0, 255] interval. The value used will be constrained using % 256 in C:\Users\Pablo\Documents\GitHub\nine-screen-canvas-flow\vendor\phpseclib\phpseclib\phpseclib\Math\BigInteger\Engines\BCMath.php on line 157
[13-Mar-2026 13:25:59 UTC] PHP Deprecated:  chr(): Providing a value not in-between 0 and 255 is deprecated, this is because a byte value must be in the [0, 255] interval. The value used will be constrained using % 256 in C:\Users\Pablo\Documents\GitHub\nine-screen-canvas-flow\vendor\phpseclib\phpseclib\phpseclib\Math\BigInteger\Engines\BCMath.php on line 157
[13-Mar-2026 13:25:59 UTC] PHP Deprecated:  chr(): Providing a value not in-between 0 and 255 is deprecated, this is because a byte value must be in the [0, 255] interval. The value used will be constrained using % 256 in C:\Users\Pablo\Documents\GitHub\nine-screen-canvas-flow\vendor\phpseclib\phpseclib\phpseclib\Math\BigInteger\Engines\BCMath.php on line 157
[13-Mar-2026 13:25:59 UTC] PHP Deprecated:  chr(): Providing a value not in-between 0 and 255 is deprecated, this is because a byte value must be in the [0, 255] interval. The value used will be constrained using % 256 in C:\Users\Pablo\Documents\GitHub\nine-screen-canvas-flow\vendor\phpseclib\phpseclib\phpseclib\Math\BigInteger\Engines\BCMath.php on line 157
[13-Mar-2026 13:25:59 UTC] PHP Deprecated:  chr(): Providing a value not in-between 0 and 255 is deprecated, this is because a byte value must be in the [0, 255] interval. The value used will be constrained using % 256 in C:\Users\Pablo\Documents\GitHub\nine-screen-canvas-flow\vendor\phpseclib\phpseclib\phpseclib\Math\BigInteger\Engines\BCMath.php on line 157
[13-Mar-2026 13:25:59 UTC] PHP Deprecated:  chr(): Providing a value not in-between 0 and 255 is deprecated, this is because a byte value must be in the [0, 255] interval. The value used will be constrained using % 256 in C:\Users\Pablo\Documents\GitHub\nine-screen-canvas-flow\vendor\phpseclib\phpseclib\phpseclib\Math\BigInteger\Engines\BCMath.php on line 157
[13-Mar-2026 13:25:59 UTC] PHP Deprecated:  chr(): Providing a value not in-between 0 and 255 is deprecated, this is because a byte value must be in the [0, 255] interval. The value used will be constrained using % 256 in C:\Users\Pablo\Documents\GitHub\nine-screen-canvas-flow\vendor\phpseclib\phpseclib\phpseclib\Math\BigInteger\Engines\BCMath.php on line 157
[13-Mar-2026 13:25:59 UTC] PHP Deprecated:  chr(): Providing a value not in-between 0 and 255 is deprecated, this is because a byte value must be in the [0, 255] interval. The value used will be constrained using % 256 in C:\Users\Pablo\Documents\GitHub\nine-screen-canvas-flow\vendor\phpseclib\phpseclib\phpseclib\Math\BigInteger\Engines\BCMath.php on line 157
[13-Mar-2026 13:25:59 UTC] PHP Deprecated:  chr(): Providing a value not in-between 0 and 255 is deprecated, this is because a byte value must be in the [0, 255] interval. The value used will be constrained using % 256 in C:\Users\Pablo\Documents\GitHub\nine-screen-canvas-flow\vendor\phpseclib\phpseclib\phpseclib\Math\BigInteger\Engines\BCMath.php on line 157
[13-Mar-2026 13:25:59 UTC] PHP Deprecated:  chr(): Providing a value not in-between 0 and 255 is deprecated, this is because a byte value must be in the [0, 255] interval. The value used will be constrained using % 256 in C:\Users\Pablo\Documents\GitHub\nine-screen-canvas-flow\vendor\phpseclib\phpseclib\phpseclib\Math\BigInteger\Engines\BCMath.php on line 157
[13-Mar-2026 13:25:59 UTC] PHP Deprecated:  chr(): Providing a value not in-between 0 and 255 is deprecated, this is because a byte value must be in the [0, 255] interval. The value used will be constrained using % 256 in C:\Users\Pablo\Documents\GitHub\nine-screen-canvas-flow\vendor\phpseclib\phpseclib\phpseclib\Math\BigInteger\Engines\BCMath.php on line 157
[13-Mar-2026 13:25:59 UTC] PHP Deprecated:  chr(): Providing a value not in-between 0 and 255 is deprecated, this is because a byte value must be in the [0, 255] interval. The value used will be constrained using % 256 in C:\Users\Pablo\Documents\GitHub\nine-screen-canvas-flow\vendor\phpseclib\phpseclib\phpseclib\Math\BigInteger\Engines\BCMath.php on line 157
[13-Mar-2026 13:25:59 UTC] PHP Deprecated:  chr(): Providing a value not in-between 0 and 255 is deprecated, this is because a byte value must be in the [0, 255] interval. The value used will be constrained using % 256 in C:\Users\Pablo\Documents\GitHub\nine-screen-canvas-flow\vendor\phpseclib\phpseclib\phpseclib\Math\BigInteger\Engines\BCMath.php on line 157
[13-Mar-2026 13:25:59 UTC] PHP Deprecated:  chr(): Providing a value not in-between 0 and 255 is deprecated, this is because a byte value must be in the [0, 255] interval. The value used will be constrained using % 256 in C:\Users\Pablo\Documents\GitHub\nine-screen-canvas-flow\vendor\phpseclib\phpseclib\phpseclib\Math\BigInteger\Engines\BCMath.php on line 157
[13-Mar-2026 13:25:59 UTC] PHP Deprecated:  chr(): Providing a value not in-between 0 and 255 is deprecated, this is because a byte value must be in the [0, 255] interval. The value used will be constrained using % 256 in C:\Users\Pablo\Documents\GitHub\nine-screen-canvas-flow\vendor\phpseclib\phpseclib\phpseclib\Math\BigInteger\Engines\BCMath.php on line 157
[13-Mar-2026 13:25:59 UTC] PHP Deprecated:  chr(): Providing a value not in-between 0 and 255 is deprecated, this is because a byte value must be in the [0, 255] interval. The value used will be constrained using % 256 in C:\Users\Pablo\Documents\GitHub\nine-screen-canvas-flow\vendor\phpseclib\phpseclib\phpseclib\Math\BigInteger\Engines\BCMath.php on line 157
[13-Mar-2026 13:25:59 UTC] PHP Deprecated:  chr(): Providing a value not in-between 0 and 255 is deprecated, this is because a byte value must be in the [0, 255] interval. The value used will be constrained using % 256 in C:\Users\Pablo\Documents\GitHub\nine-screen-canvas-flow\vendor\phpseclib\phpseclib\phpseclib\Math\BigInteger\Engines\BCMath.php on line 157
[13-Mar-2026 13:25:59 UTC] PHP Deprecated:  chr(): Providing a value not in-between 0 and 255 is deprecated, this is because a byte value must be in the [0, 255] interval. The value used will be constrained using % 256 in C:\Users\Pablo\Documents\GitHub\nine-screen-canvas-flow\vendor\phpseclib\phpseclib\phpseclib\Math\BigInteger\Engines\BCMath.php on line 157
[13-Mar-2026 13:25:59 UTC] PHP Deprecated:  chr(): Providing a value not in-between 0 and 255 is deprecated, this is because a byte value must be in the [0, 255] interval. The value used will be constrained using % 256 in C:\Users\Pablo\Documents\GitHub\nine-screen-canvas-flow\vendor\phpseclib\phpseclib\phpseclib\Math\BigInteger\Engines\BCMath.php on line 157
[13-Mar-2026 13:25:59 UTC] PHP Deprecated:  chr(): Providing a value not in-between 0 and 255 is deprecated, this is because a byte value must be in the [0, 255] interval. The value used will be constrained using % 256 in C:\Users\Pablo\Documents\GitHub\nine-screen-canvas-flow\vendor\phpseclib\phpseclib\phpseclib\Math\BigInteger\Engines\BCMath.php on line 157
[13-Mar-2026 13:25:59 UTC] PHP Deprecated:  chr(): Providing a value not in-between 0 and 255 is deprecated, this is because a byte value must be in the [0, 255] interval. The value used will be constrained using % 256 in C:\Users\Pablo\Documents\GitHub\nine-screen-canvas-flow\vendor\phpseclib\phpseclib\phpseclib\Math\BigInteger\Engines\BCMath.php on line 157
[13-Mar-2026 13:25:59 UTC] PHP Deprecated:  chr(): Providing a value not in-between 0 and 255 is deprecated, this is because a byte value must be in the [0, 255] interval. The value used will be constrained using % 256 in C:\Users\Pablo\Documents\GitHub\nine-screen-canvas-flow\vendor\phpseclib\phpseclib\phpseclib\Math\BigInteger\Engines\BCMath.php on line 157
[13-Mar-2026 13:25:59 UTC] PHP Deprecated:  chr(): Providing a value not in-between 0 and 255 is deprecated, this is because a byte value must be in the [0, 255] interval. The value used will be constrained using % 256 in C:\Users\Pablo\Documents\GitHub\nine-screen-canvas-flow\vendor\phpseclib\phpseclib\phpseclib\Math\BigInteger\Engines\BCMath.php on line 157
[13-Mar-2026 13:25:59 UTC] PHP Deprecated:  chr(): Providing a value not in-between 0 and 255 is deprecated, this is because a byte value must be in the [0, 255] interval. The value used will be constrained using % 256 in C:\Users\Pablo\Documents\GitHub\nine-screen-canvas-flow\vendor\phpseclib\phpseclib\phpseclib\Math\BigInteger\Engines\BCMath.php on line 157
[13-Mar-2026 13:25:59 UTC] PHP Deprecated:  chr(): Providing a value not in-between 0 and 255 is deprecated, this is because a byte value must be in the [0, 255] interval. The value used will be constrained using % 256 in C:\Users\Pablo\Documents\GitHub\nine-screen-canvas-flow\vendor\phpseclib\phpseclib\phpseclib\Math\BigInteger\Engines\BCMath.php on line 157
[13-Mar-2026 13:25:59 UTC] PHP Deprecated:  chr(): Providing a value not in-between 0 and 255 is deprecated, this is because a byte value must be in the [0, 255] interval. The value used will be constrained using % 256 in C:\Users\Pablo\Documents\GitHub\nine-screen-canvas-flow\vendor\phpseclib\phpseclib\phpseclib\Math\BigInteger\Engines\BCMath.php on line 157
[13-Mar-2026 13:25:59 UTC] PHP Deprecated:  chr(): Providing a value not in-between 0 and 255 is deprecated, this is because a byte value must be in the [0, 255] interval. The value used will be constrained using % 256 in C:\Users\Pablo\Documents\GitHub\nine-screen-canvas-flow\vendor\phpseclib\phpseclib\phpseclib\Math\BigInteger\Engines\BCMath.php on line 157
[13-Mar-2026 13:25:59 UTC] PHP Deprecated:  chr(): Providing a value not in-between 0 and 255 is deprecated, this is because a byte value must be in the [0, 255] interval. The value used will be constrained using % 256 in C:\Users\Pablo\Documents\GitHub\nine-screen-canvas-flow\vendor\phpseclib\phpseclib\phpseclib\Math\BigInteger\Engines\BCMath.php on line 157
[13-Mar-2026 13:25:59 UTC] PHP Deprecated:  chr(): Providing a value not in-between 0 and 255 is deprecated, this is because a byte value must be in the [0, 255] interval. The value used will be constrained using % 256 in C:\Users\Pablo\Documents\GitHub\nine-screen-canvas-flow\vendor\phpseclib\phpseclib\phpseclib\Math\BigInteger\Engines\BCMath.php on line 157
[13-Mar-2026 13:25:59 UTC] PHP Deprecated:  chr(): Providing a value not in-between 0 and 255 is deprecated, this is because a byte value must be in the [0, 255] interval. The value used will be constrained using % 256 in C:\Users\Pablo\Documents\GitHub\nine-screen-canvas-flow\vendor\phpseclib\phpseclib\phpseclib\Math\BigInteger\Engines\BCMath.php on line 157
[13-Mar-2026 13:25:59 UTC] PHP Deprecated:  chr(): Providing a value not in-between 0 and 255 is deprecated, this is because a byte value must be in the [0, 255] interval. The value used will be constrained using % 256 in C:\Users\Pablo\Documents\GitHub\nine-screen-canvas-flow\vendor\phpseclib\phpseclib\phpseclib\Math\BigInteger\Engines\BCMath.php on line 157
[13-Mar-2026 13:25:59 UTC] PHP Deprecated:  chr(): Providing a value not in-between 0 and 255 is deprecated, this is because a byte value must be in the [0, 255] interval. The value used will be constrained using % 256 in C:\Users\Pablo\Documents\GitHub\nine-screen-canvas-flow\vendor\phpseclib\phpseclib\phpseclib\Math\BigInteger\Engines\BCMath.php on line 157
[13-Mar-2026 13:25:59 UTC] PHP Deprecated:  chr(): Providing a value not in-between 0 and 255 is deprecated, this is because a byte value must be in the [0, 255] interval. The value used will be constrained using % 256 in C:\Users\Pablo\Documents\GitHub\nine-screen-canvas-flow\vendor\phpseclib\phpseclib\phpseclib\Math\BigInteger\Engines\BCMath.php on line 157
[13-Mar-2026 13:25:59 UTC] PHP Deprecated:  chr(): Providing a value not in-between 0 and 255 is deprecated, this is because a byte value must be in the [0, 255] interval. The value used will be constrained using % 256 in C:\Users\Pablo\Documents\GitHub\nine-screen-canvas-flow\vendor\phpseclib\phpseclib\phpseclib\Math\BigInteger\Engines\BCMath.php on line 157
[13-Mar-2026 13:25:59 UTC] PHP Deprecated:  chr(): Providing a value not in-between 0 and 255 is deprecated, this is because a byte value must be in the [0, 255] interval. The value used will be constrained using % 256 in C:\Users\Pablo\Documents\GitHub\nine-screen-canvas-flow\vendor\phpseclib\phpseclib\phpseclib\Math\BigInteger\Engines\BCMath.php on line 157
[13-Mar-2026 13:25:59 UTC] PHP Deprecated:  chr(): Providing a value not in-between 0 and 255 is deprecated, this is because a byte value must be in the [0, 255] interval. The value used will be constrained using % 256 in C:\Users\Pablo\Documents\GitHub\nine-screen-canvas-flow\vendor\phpseclib\phpseclib\phpseclib\Math\BigInteger\Engines\BCMath.php on line 157
[13-Mar-2026 13:25:59 UTC] PHP Deprecated:  chr(): Providing a value not in-between 0 and 255 is deprecated, this is because a byte value must be in the [0, 255] interval. The value used will be constrained using % 256 in C:\Users\Pablo\Documents\GitHub\nine-screen-canvas-flow\vendor\phpseclib\phpseclib\phpseclib\Math\BigInteger\Engines\BCMath.php on line 157
[13-Mar-2026 13:25:59 UTC] PHP Deprecated:  chr(): Providing a value not in-between 0 and 255 is deprecated, this is because a byte value must be in the [0, 255] interval. The value used will be constrained using % 256 in C:\Users\Pablo\Documents\GitHub\nine-screen-canvas-flow\vendor\phpseclib\phpseclib\phpseclib\Math\BigInteger\Engines\BCMath.php on line 157
[13-Mar-2026 13:25:59 UTC] PHP Deprecated:  chr(): Providing a value not in-between 0 and 255 is deprecated, this is because a byte value must be in the [0, 255] interval. The value used will be constrained using % 256 in C:\Users\Pablo\Documents\GitHub\nine-screen-canvas-flow\vendor\phpseclib\phpseclib\phpseclib\Math\BigInteger\Engines\BCMath.php on line 157
[13-Mar-2026 13:25:59 UTC] PHP Deprecated:  chr(): Providing a value not in-between 0 and 255 is deprecated, this is because a byte value must be in the [0, 255] interval. The value used will be constrained using % 256 in C:\Users\Pablo\Documents\GitHub\nine-screen-canvas-flow\vendor\phpseclib\phpseclib\phpseclib\Math\BigInteger\Engines\BCMath.php on line 157
[13-Mar-2026 13:25:59 UTC] PHP Deprecated:  chr(): Providing a value not in-between 0 and 255 is deprecated, this is because a byte value must be in the [0, 255] interval. The value used will be constrained using % 256 in C:\Users\Pablo\Documents\GitHub\nine-screen-canvas-flow\vendor\phpseclib\phpseclib\phpseclib\Math\BigInteger\Engines\BCMath.php on line 157
[13-Mar-2026 13:25:59 UTC] PHP Deprecated:  chr(): Providing a value not in-between 0 and 255 is deprecated, this is because a byte value must be in the [0, 255] interval. The value used will be constrained using % 256 in C:\Users\Pablo\Documents\GitHub\nine-screen-canvas-flow\vendor\phpseclib\phpseclib\phpseclib\Math\BigInteger\Engines\BCMath.php on line 157
[13-Mar-2026 13:25:59 UTC] PHP Deprecated:  chr(): Providing a value not in-between 0 and 255 is deprecated, this is because a byte value must be in the [0, 255] interval. The value used will be constrained using % 256 in C:\Users\Pablo\Documents\GitHub\nine-screen-canvas-flow\vendor\phpseclib\phpseclib\phpseclib\Math\BigInteger\Engines\BCMath.php on line 157
[13-Mar-2026 13:25:59 UTC] PHP Deprecated:  chr(): Providing a value not in-between 0 and 255 is deprecated, this is because a byte value must be in the [0, 255] interval. The value used will be constrained using % 256 in C:\Users\Pablo\Documents\GitHub\nine-screen-canvas-flow\vendor\phpseclib\phpseclib\phpseclib\Math\BigInteger\Engines\BCMath.php on line 157
[13-Mar-2026 13:25:59 UTC] PHP Deprecated:  chr(): Providing a value not in-between 0 and 255 is deprecated, this is because a byte value must be in the [0, 255] interval. The value used will be constrained using % 256 in C:\Users\Pablo\Documents\GitHub\nine-screen-canvas-flow\vendor\phpseclib\phpseclib\phpseclib\Math\BigInteger\Engines\BCMath.php on line 157
[13-Mar-2026 13:25:59 UTC] PHP Deprecated:  chr(): Providing a value not in-between 0 and 255 is deprecated, this is because a byte value must be in the [0, 255] interval. The value used will be constrained using % 256 in C:\Users\Pablo\Documents\GitHub\nine-screen-canvas-flow\vendor\phpseclib\phpseclib\phpseclib\Math\BigInteger\Engines\BCMath.php on line 157
[13-Mar-2026 13:25:59 UTC] PHP Deprecated:  chr(): Providing a value not in-between 0 and 255 is deprecated, this is because a byte value must be in the [0, 255] interval. The value used will be constrained using % 256 in C:\Users\Pablo\Documents\GitHub\nine-screen-canvas-flow\vendor\phpseclib\phpseclib\phpseclib\Math\BigInteger\Engines\BCMath.php on line 157
[13-Mar-2026 13:25:59 UTC] PHP Deprecated:  chr(): Providing a value not in-between 0 and 255 is deprecated, this is because a byte value must be in the [0, 255] interval. The value used will be constrained using % 256 in C:\Users\Pablo\Documents\GitHub\nine-screen-canvas-flow\vendor\phpseclib\phpseclib\phpseclib\Math\BigInteger\Engines\BCMath.php on line 157
[13-Mar-2026 13:25:59 UTC] PHP Deprecated:  chr(): Providing a value not in-between 0 and 255 is deprecated, this is because a byte value must be in the [0, 255] interval. The value used will be constrained using % 256 in C:\Users\Pablo\Documents\GitHub\nine-screen-canvas-flow\vendor\phpseclib\phpseclib\phpseclib\Math\BigInteger\Engines\BCMath.php on line 157
[13-Mar-2026 13:25:59 UTC] PHP Deprecated:  chr(): Providing a value not in-between 0 and 255 is deprecated, this is because a byte value must be in the [0, 255] interval. The value used will be constrained using % 256 in C:\Users\Pablo\Documents\GitHub\nine-screen-canvas-flow\vendor\phpseclib\phpseclib\phpseclib\Math\BigInteger\Engines\BCMath.php on line 157
[13-Mar-2026 13:25:59 UTC] PHP Deprecated:  chr(): Providing a value not in-between 0 and 255 is deprecated, this is because a byte value must be in the [0, 255] interval. The value used will be constrained using % 256 in C:\Users\Pablo\Documents\GitHub\nine-screen-canvas-flow\vendor\phpseclib\phpseclib\phpseclib\Math\BigInteger\Engines\BCMath.php on line 157
[13-Mar-2026 13:25:59 UTC] PHP Deprecated:  chr(): Providing a value not in-between 0 and 255 is deprecated, this is because a byte value must be in the [0, 255] interval. The value used will be constrained using % 256 in C:\Users\Pablo\Documents\GitHub\nine-screen-canvas-flow\vendor\phpseclib\phpseclib\phpseclib\Math\BigInteger\Engines\BCMath.php on line 157
[13-Mar-2026 13:25:59 UTC] PHP Deprecated:  chr(): Providing a value not in-between 0 and 255 is deprecated, this is because a byte value must be in the [0, 255] interval. The value used will be constrained using % 256 in C:\Users\Pablo\Documents\GitHub\nine-screen-canvas-flow\vendor\phpseclib\phpseclib\phpseclib\Math\BigInteger\Engines\BCMath.php on line 157
[13-Mar-2026 13:25:59 UTC] PHP Deprecated:  chr(): Providing a value not in-between 0 and 255 is deprecated, this is because a byte value must be in the [0, 255] interval. The value used will be constrained using % 256 in C:\Users\Pablo\Documents\GitHub\nine-screen-canvas-flow\vendor\phpseclib\phpseclib\phpseclib\Math\BigInteger\Engines\BCMath.php on line 157
[13-Mar-2026 13:25:59 UTC] PHP Deprecated:  chr(): Providing a value not in-between 0 and 255 is deprecated, this is because a byte value must be in the [0, 255] interval. The value used will be constrained using % 256 in C:\Users\Pablo\Documents\GitHub\nine-screen-canvas-flow\vendor\phpseclib\phpseclib\phpseclib\Math\BigInteger\Engines\BCMath.php on line 157
[13-Mar-2026 13:25:59 UTC] PHP Deprecated:  chr(): Providing a value not in-between 0 and 255 is deprecated, this is because a byte value must be in the [0, 255] interval. The value used will be constrained using % 256 in C:\Users\Pablo\Documents\GitHub\nine-screen-canvas-flow\vendor\phpseclib\phpseclib\phpseclib\Math\BigInteger\Engines\BCMath.php on line 157
[13-Mar-2026 13:25:59 UTC] PHP Deprecated:  chr(): Providing a value not in-between 0 and 255 is deprecated, this is because a byte value must be in the [0, 255] interval. The value used will be constrained using % 256 in C:\Users\Pablo\Documents\GitHub\nine-screen-canvas-flow\vendor\phpseclib\phpseclib\phpseclib\Math\BigInteger\Engines\BCMath.php on line 157
[13-Mar-2026 13:25:59 UTC] PHP Deprecated:  chr(): Providing a value not in-between 0 and 255 is deprecated, this is because a byte value must be in the [0, 255] interval. The value used will be constrained using % 256 in C:\Users\Pablo\Documents\GitHub\nine-screen-canvas-flow\vendor\phpseclib\phpseclib\phpseclib\Math\BigInteger\Engines\BCMath.php on line 157
[13-Mar-2026 13:25:59 UTC] PHP Deprecated:  chr(): Providing a value not in-between 0 and 255 is deprecated, this is because a byte value must be in the [0, 255] interval. The value used will be constrained using % 256 in C:\Users\Pablo\Documents\GitHub\nine-screen-canvas-flow\vendor\phpseclib\phpseclib\phpseclib\Math\BigInteger\Engines\BCMath.php on line 157
[13-Mar-2026 13:25:59 UTC] PHP Deprecated:  chr(): Providing a value not in-between 0 and 255 is deprecated, this is because a byte value must be in the [0, 255] interval. The value used will be constrained using % 256 in C:\Users\Pablo\Documents\GitHub\nine-screen-canvas-flow\vendor\phpseclib\phpseclib\phpseclib\Math\BigInteger\Engines\BCMath.php on line 157
[13-Mar-2026 13:25:59 UTC] PHP Deprecated:  chr(): Providing a value not in-between 0 and 255 is deprecated, this is because a byte value must be in the [0, 255] interval. The value used will be constrained using % 256 in C:\Users\Pablo\Documents\GitHub\nine-screen-canvas-flow\vendor\phpseclib\phpseclib\phpseclib\Math\BigInteger\Engines\BCMath.php on line 157
[13-Mar-2026 13:25:59 UTC] PHP Deprecated:  chr(): Providing a value not in-between 0 and 255 is deprecated, this is because a byte value must be in the [0, 255] interval. The value used will be constrained using % 256 in C:\Users\Pablo\Documents\GitHub\nine-screen-canvas-flow\vendor\phpseclib\phpseclib\phpseclib\Math\BigInteger\Engines\BCMath.php on line 157
[13-Mar-2026 13:25:59 UTC] PHP Deprecated:  chr(): Providing a value not in-between 0 and 255 is deprecated, this is because a byte value must be in the [0, 255] interval. The value used will be constrained using % 256 in C:\Users\Pablo\Documents\GitHub\nine-screen-canvas-flow\vendor\phpseclib\phpseclib\phpseclib\Math\BigInteger\Engines\BCMath.php on line 157
[13-Mar-2026 13:25:59 UTC] PHP Deprecated:  chr(): Providing a value not in-between 0 and 255 is deprecated, this is because a byte value must be in the [0, 255] interval. The value used will be constrained using % 256 in C:\Users\Pablo\Documents\GitHub\nine-screen-canvas-flow\vendor\phpseclib\phpseclib\phpseclib\Math\BigInteger\Engines\BCMath.php on line 157
[13-Mar-2026 13:25:59 UTC] PHP Deprecated:  chr(): Providing a value not in-between 0 and 255 is deprecated, this is because a byte value must be in the [0, 255] interval. The value used will be constrained using % 256 in C:\Users\Pablo\Documents\GitHub\nine-screen-canvas-flow\vendor\phpseclib\phpseclib\phpseclib\Math\BigInteger\Engines\BCMath.php on line 157
[13-Mar-2026 13:25:59 UTC] PHP Deprecated:  chr(): Providing a value not in-between 0 and 255 is deprecated, this is because a byte value must be in the [0, 255] interval. The value used will be constrained using % 256 in C:\Users\Pablo\Documents\GitHub\nine-screen-canvas-flow\vendor\phpseclib\phpseclib\phpseclib\Math\BigInteger\Engines\BCMath.php on line 157
[13-Mar-2026 13:25:59 UTC] PHP Deprecated:  chr(): Providing a value not in-between 0 and 255 is deprecated, this is because a byte value must be in the [0, 255] interval. The value used will be constrained using % 256 in C:\Users\Pablo\Documents\GitHub\nine-screen-canvas-flow\vendor\phpseclib\phpseclib\phpseclib\Math\BigInteger\Engines\BCMath.php on line 157
[13-Mar-2026 13:25:59 UTC] PHP Deprecated:  chr(): Providing a value not in-between 0 and 255 is deprecated, this is because a byte value must be in the [0, 255] interval. The value used will be constrained using % 256 in C:\Users\Pablo\Documents\GitHub\nine-screen-canvas-flow\vendor\phpseclib\phpseclib\phpseclib\Math\BigInteger\Engines\BCMath.php on line 157
[13-Mar-2026 13:25:59 UTC] PHP Deprecated:  chr(): Providing a value not in-between 0 and 255 is deprecated, this is because a byte value must be in the [0, 255] interval. The value used will be constrained using % 256 in C:\Users\Pablo\Documents\GitHub\nine-screen-canvas-flow\vendor\phpseclib\phpseclib\phpseclib\Math\BigInteger\Engines\BCMath.php on line 157
[13-Mar-2026 13:25:59 UTC] PHP Deprecated:  chr(): Providing a value not in-between 0 and 255 is deprecated, this is because a byte value must be in the [0, 255] interval. The value used will be constrained using % 256 in C:\Users\Pablo\Documents\GitHub\nine-screen-canvas-flow\vendor\phpseclib\phpseclib\phpseclib\Math\BigInteger\Engines\BCMath.php on line 157
[13-Mar-2026 13:25:59 UTC] PHP Deprecated:  chr(): Providing a value not in-between 0 and 255 is deprecated, this is because a byte value must be in the [0, 255] interval. The value used will be constrained using % 256 in C:\Users\Pablo\Documents\GitHub\nine-screen-canvas-flow\vendor\phpseclib\phpseclib\phpseclib\Math\BigInteger\Engines\BCMath.php on line 157
[13-Mar-2026 13:25:59 UTC] PHP Deprecated:  chr(): Providing a value not in-between 0 and 255 is deprecated, this is because a byte value must be in the [0, 255] interval. The value used will be constrained using % 256 in C:\Users\Pablo\Documents\GitHub\nine-screen-canvas-flow\vendor\phpseclib\phpseclib\phpseclib\Math\BigInteger\Engines\BCMath.php on line 157
[13-Mar-2026 13:25:59 UTC] PHP Deprecated:  chr(): Providing a value not in-between 0 and 255 is deprecated, this is because a byte value must be in the [0, 255] interval. The value used will be constrained using % 256 in C:\Users\Pablo\Documents\GitHub\nine-screen-canvas-flow\vendor\phpseclib\phpseclib\phpseclib\Math\BigInteger\Engines\BCMath.php on line 157
[13-Mar-2026 13:25:59 UTC] PHP Deprecated:  chr(): Providing a value not in-between 0 and 255 is deprecated, this is because a byte value must be in the [0, 255] interval. The value used will be constrained using % 256 in C:\Users\Pablo\Documents\GitHub\nine-screen-canvas-flow\vendor\phpseclib\phpseclib\phpseclib\Math\BigInteger\Engines\BCMath.php on line 157
[13-Mar-2026 13:25:59 UTC] PHP Deprecated:  chr(): Providing a value not in-between 0 and 255 is deprecated, this is because a byte value must be in the [0, 255] interval. The value used will be constrained using % 256 in C:\Users\Pablo\Documents\GitHub\nine-screen-canvas-flow\vendor\phpseclib\phpseclib\phpseclib\Math\BigInteger\Engines\BCMath.php on line 157
[13-Mar-2026 13:25:59 UTC] PHP Deprecated:  chr(): Providing a value not in-between 0 and 255 is deprecated, this is because a byte value must be in the [0, 255] interval. The value used will be constrained using % 256 in C:\Users\Pablo\Documents\GitHub\nine-screen-canvas-flow\vendor\phpseclib\phpseclib\phpseclib\Math\BigInteger\Engines\BCMath.php on line 157
[13-Mar-2026 13:25:59 UTC] PHP Deprecated:  chr(): Providing a value not in-between 0 and 255 is deprecated, this is because a byte value must be in the [0, 255] interval. The value used will be constrained using % 256 in C:\Users\Pablo\Documents\GitHub\nine-screen-canvas-flow\vendor\phpseclib\phpseclib\phpseclib\Math\BigInteger\Engines\BCMath.php on line 157
[13-Mar-2026 13:25:59 UTC] PHP Deprecated:  chr(): Providing a value not in-between 0 and 255 is deprecated, this is because a byte value must be in the [0, 255] interval. The value used will be constrained using % 256 in C:\Users\Pablo\Documents\GitHub\nine-screen-canvas-flow\vendor\phpseclib\phpseclib\phpseclib\Math\BigInteger\Engines\BCMath.php on line 157
[13-Mar-2026 13:25:59 UTC] PHP Deprecated:  chr(): Providing a value not in-between 0 and 255 is deprecated, this is because a byte value must be in the [0, 255] interval. The value used will be constrained using % 256 in C:\Users\Pablo\Documents\GitHub\nine-screen-canvas-flow\vendor\phpseclib\phpseclib\phpseclib\Math\BigInteger\Engines\BCMath.php on line 157
[13-Mar-2026 13:25:59 UTC] PHP Deprecated:  chr(): Providing a value not in-between 0 and 255 is deprecated, this is because a byte value must be in the [0, 255] interval. The value used will be constrained using % 256 in C:\Users\Pablo\Documents\GitHub\nine-screen-canvas-flow\vendor\phpseclib\phpseclib\phpseclib\Math\BigInteger\Engines\BCMath.php on line 157
[13-Mar-2026 13:25:59 UTC] PHP Deprecated:  chr(): Providing a value not in-between 0 and 255 is deprecated, this is because a byte value must be in the [0, 255] interval. The value used will be constrained using % 256 in C:\Users\Pablo\Documents\GitHub\nine-screen-canvas-flow\vendor\phpseclib\phpseclib\phpseclib\Math\BigInteger\Engines\BCMath.php on line 157
[13-Mar-2026 13:25:59 UTC] PHP Deprecated:  chr(): Providing a value not in-between 0 and 255 is deprecated, this is because a byte value must be in the [0, 255] interval. The value used will be constrained using % 256 in C:\Users\Pablo\Documents\GitHub\nine-screen-canvas-flow\vendor\phpseclib\phpseclib\phpseclib\Math\BigInteger\Engines\BCMath.php on line 157
[13-Mar-2026 13:25:59 UTC] PHP Deprecated:  chr(): Providing a value not in-between 0 and 255 is deprecated, this is because a byte value must be in the [0, 255] interval. The value used will be constrained using % 256 in C:\Users\Pablo\Documents\GitHub\nine-screen-canvas-flow\vendor\phpseclib\phpseclib\phpseclib\Math\BigInteger\Engines\BCMath.php on line 157
[13-Mar-2026 13:25:59 UTC] PHP Deprecated:  chr(): Providing a value not in-between 0 and 255 is deprecated, this is because a byte value must be in the [0, 255] interval. The value used will be constrained using % 256 in C:\Users\Pablo\Documents\GitHub\nine-screen-canvas-flow\vendor\phpseclib\phpseclib\phpseclib\Math\BigInteger\Engines\BCMath.php on line 157
[13-Mar-2026 13:25:59 UTC] PHP Deprecated:  chr(): Providing a value not in-between 0 and 255 is deprecated, this is because a byte value must be in the [0, 255] interval. The value used will be constrained using % 256 in C:\Users\Pablo\Documents\GitHub\nine-screen-canvas-flow\vendor\phpseclib\phpseclib\phpseclib\Math\BigInteger\Engines\BCMath.php on line 157
[13-Mar-2026 13:25:59 UTC] PHP Deprecated:  chr(): Providing a value not in-between 0 and 255 is deprecated, this is because a byte value must be in the [0, 255] interval. The value used will be constrained using % 256 in C:\Users\Pablo\Documents\GitHub\nine-screen-canvas-flow\vendor\phpseclib\phpseclib\phpseclib\Math\BigInteger\Engines\BCMath.php on line 157
[13-Mar-2026 13:25:59 UTC] PHP Deprecated:  chr(): Providing a value not in-between 0 and 255 is deprecated, this is because a byte value must be in the [0, 255] interval. The value used will be constrained using % 256 in C:\Users\Pablo\Documents\GitHub\nine-screen-canvas-flow\vendor\phpseclib\phpseclib\phpseclib\Math\BigInteger\Engines\BCMath.php on line 157
[13-Mar-2026 13:25:59 UTC] PHP Deprecated:  chr(): Providing a value not in-between 0 and 255 is deprecated, this is because a byte value must be in the [0, 255] interval. The value used will be constrained using % 256 in C:\Users\Pablo\Documents\GitHub\nine-screen-canvas-flow\vendor\phpseclib\phpseclib\phpseclib\Math\BigInteger\Engines\BCMath.php on line 157
[13-Mar-2026 13:25:59 UTC] PHP Deprecated:  chr(): Providing a value not in-between 0 and 255 is deprecated, this is because a byte value must be in the [0, 255] interval. The value used will be constrained using % 256 in C:\Users\Pablo\Documents\GitHub\nine-screen-canvas-flow\vendor\phpseclib\phpseclib\phpseclib\Math\BigInteger\Engines\BCMath.php on line 157
[13-Mar-2026 13:25:59 UTC] PHP Deprecated:  chr(): Providing a value not in-between 0 and 255 is deprecated, this is because a byte value must be in the [0, 255] interval. The value used will be constrained using % 256 in C:\Users\Pablo\Documents\GitHub\nine-screen-canvas-flow\vendor\phpseclib\phpseclib\phpseclib\Math\BigInteger\Engines\BCMath.php on line 157
[13-Mar-2026 13:25:59 UTC] PHP Deprecated:  chr(): Providing a value not in-between 0 and 255 is deprecated, this is because a byte value must be in the [0, 255] interval. The value used will be constrained using % 256 in C:\Users\Pablo\Documents\GitHub\nine-screen-canvas-flow\vendor\phpseclib\phpseclib\phpseclib\Math\BigInteger\Engines\BCMath.php on line 157
[13-Mar-2026 13:25:59 UTC] PHP Deprecated:  chr(): Providing a value not in-between 0 and 255 is deprecated, this is because a byte value must be in the [0, 255] interval. The value used will be constrained using % 256 in C:\Users\Pablo\Documents\GitHub\nine-screen-canvas-flow\vendor\phpseclib\phpseclib\phpseclib\Math\BigInteger\Engines\BCMath.php on line 157
[13-Mar-2026 13:25:59 UTC] PHP Deprecated:  chr(): Providing a value not in-between 0 and 255 is deprecated, this is because a byte value must be in the [0, 255] interval. The value used will be constrained using % 256 in C:\Users\Pablo\Documents\GitHub\nine-screen-canvas-flow\vendor\phpseclib\phpseclib\phpseclib\Math\BigInteger\Engines\BCMath.php on line 157
[13-Mar-2026 13:25:59 UTC] PHP Deprecated:  chr(): Providing a value not in-between 0 and 255 is deprecated, this is because a byte value must be in the [0, 255] interval. The value used will be constrained using % 256 in C:\Users\Pablo\Documents\GitHub\nine-screen-canvas-flow\vendor\phpseclib\phpseclib\phpseclib\Math\BigInteger\Engines\BCMath.php on line 157
[13-Mar-2026 13:25:59 UTC] PHP Deprecated:  chr(): Providing a value not in-between 0 and 255 is deprecated, this is because a byte value must be in the [0, 255] interval. The value used will be constrained using % 256 in C:\Users\Pablo\Documents\GitHub\nine-screen-canvas-flow\vendor\phpseclib\phpseclib\phpseclib\Math\BigInteger\Engines\BCMath.php on line 157
[13-Mar-2026 13:25:59 UTC] PHP Deprecated:  chr(): Providing a value not in-between 0 and 255 is deprecated, this is because a byte value must be in the [0, 255] interval. The value used will be constrained using % 256 in C:\Users\Pablo\Documents\GitHub\nine-screen-canvas-flow\vendor\phpseclib\phpseclib\phpseclib\Math\BigInteger\Engines\BCMath.php on line 157
[13-Mar-2026 13:25:59 UTC] PHP Deprecated:  chr(): Providing a value not in-between 0 and 255 is deprecated, this is because a byte value must be in the [0, 255] interval. The value used will be constrained using % 256 in C:\Users\Pablo\Documents\GitHub\nine-screen-canvas-flow\vendor\phpseclib\phpseclib\phpseclib\Math\BigInteger\Engines\BCMath.php on line 157
[13-Mar-2026 13:25:59 UTC] PHP Deprecated:  chr(): Providing a value not in-between 0 and 255 is deprecated, this is because a byte value must be in the [0, 255] interval. The value used will be constrained using % 256 in C:\Users\Pablo\Documents\GitHub\nine-screen-canvas-flow\vendor\phpseclib\phpseclib\phpseclib\Math\BigInteger\Engines\BCMath.php on line 157
[13-Mar-2026 13:25:59 UTC] PHP Deprecated:  chr(): Providing a value not in-between 0 and 255 is deprecated, this is because a byte value must be in the [0, 255] interval. The value used will be constrained using % 256 in C:\Users\Pablo\Documents\GitHub\nine-screen-canvas-flow\vendor\phpseclib\phpseclib\phpseclib\Math\BigInteger\Engines\BCMath.php on line 157
[13-Mar-2026 13:25:59 UTC] PHP Deprecated:  chr(): Providing a value not in-between 0 and 255 is deprecated, this is because a byte value must be in the [0, 255] interval. The value used will be constrained using % 256 in C:\Users\Pablo\Documents\GitHub\nine-screen-canvas-flow\vendor\phpseclib\phpseclib\phpseclib\Math\BigInteger\Engines\BCMath.php on line 157
[13-Mar-2026 13:25:59 UTC] PHP Deprecated:  chr(): Providing a value not in-between 0 and 255 is deprecated, this is because a byte value must be in the [0, 255] interval. The value used will be constrained using % 256 in C:\Users\Pablo\Documents\GitHub\nine-screen-canvas-flow\vendor\phpseclib\phpseclib\phpseclib\Math\BigInteger\Engines\BCMath.php on line 157
[13-Mar-2026 13:25:59 UTC] PHP Deprecated:  chr(): Providing a value not in-between 0 and 255 is deprecated, this is because a byte value must be in the [0, 255] interval. The value used will be constrained using % 256 in C:\Users\Pablo\Documents\GitHub\nine-screen-canvas-flow\vendor\phpseclib\phpseclib\phpseclib\Math\BigInteger\Engines\BCMath.php on line 157
[13-Mar-2026 13:25:59 UTC] PHP Deprecated:  chr(): Providing a value not in-between 0 and 255 is deprecated, this is because a byte value must be in the [0, 255] interval. The value used will be constrained using % 256 in C:\Users\Pablo\Documents\GitHub\nine-screen-canvas-flow\vendor\phpseclib\phpseclib\phpseclib\Math\BigInteger\Engines\BCMath.php on line 157
[13-Mar-2026 13:25:59 UTC] PHP Deprecated:  chr(): Providing a value not in-between 0 and 255 is deprecated, this is because a byte value must be in the [0, 255] interval. The value used will be constrained using % 256 in C:\Users\Pablo\Documents\GitHub\nine-screen-canvas-flow\vendor\phpseclib\phpseclib\phpseclib\Math\BigInteger\Engines\BCMath.php on line 157
[13-Mar-2026 13:25:59 UTC] PHP Deprecated:  chr(): Providing a value not in-between 0 and 255 is deprecated, this is because a byte value must be in the [0, 255] interval. The value used will be constrained using % 256 in C:\Users\Pablo\Documents\GitHub\nine-screen-canvas-flow\vendor\phpseclib\phpseclib\phpseclib\Math\BigInteger\Engines\BCMath.php on line 157
[13-Mar-2026 13:25:59 UTC] PHP Deprecated:  chr(): Providing a value not in-between 0 and 255 is deprecated, this is because a byte value must be in the [0, 255] interval. The value used will be constrained using % 256 in C:\Users\Pablo\Documents\GitHub\nine-screen-canvas-flow\vendor\phpseclib\phpseclib\phpseclib\Math\BigInteger\Engines\BCMath.php on line 157
[13-Mar-2026 13:25:59 UTC] PHP Deprecated:  chr(): Providing a value not in-between 0 and 255 is deprecated, this is because a byte value must be in the [0, 255] interval. The value used will be constrained using % 256 in C:\Users\Pablo\Documents\GitHub\nine-screen-canvas-flow\vendor\phpseclib\phpseclib\phpseclib\Math\BigInteger\Engines\BCMath.php on line 157
[13-Mar-2026 13:25:59 UTC] PHP Deprecated:  chr(): Providing a value not in-between 0 and 255 is deprecated, this is because a byte value must be in the [0, 255] interval. The value used will be constrained using % 256 in C:\Users\Pablo\Documents\GitHub\nine-screen-canvas-flow\vendor\phpseclib\phpseclib\phpseclib\Math\BigInteger\Engines\BCMath.php on line 157
[13-Mar-2026 13:25:59 UTC] PHP Deprecated:  chr(): Providing a value not in-between 0 and 255 is deprecated, this is because a byte value must be in the [0, 255] interval. The value used will be constrained using % 256 in C:\Users\Pablo\Documents\GitHub\nine-screen-canvas-flow\vendor\phpseclib\phpseclib\phpseclib\Math\BigInteger\Engines\BCMath.php on line 157
[13-Mar-2026 13:25:59 UTC] PHP Deprecated:  chr(): Providing a value not in-between 0 and 255 is deprecated, this is because a byte value must be in the [0, 255] interval. The value used will be constrained using % 256 in C:\Users\Pablo\Documents\GitHub\nine-screen-canvas-flow\vendor\phpseclib\phpseclib\phpseclib\Math\BigInteger\Engines\BCMath.php on line 157
[13-Mar-2026 13:25:59 UTC] PHP Deprecated:  chr(): Providing a value not in-between 0 and 255 is deprecated, this is because a byte value must be in the [0, 255] interval. The value used will be constrained using % 256 in C:\Users\Pablo\Documents\GitHub\nine-screen-canvas-flow\vendor\phpseclib\phpseclib\phpseclib\Math\BigInteger\Engines\BCMath.php on line 157
[13-Mar-2026 13:25:59 UTC] PHP Deprecated:  chr(): Providing a value not in-between 0 and 255 is deprecated, this is because a byte value must be in the [0, 255] interval. The value used will be constrained using % 256 in C:\Users\Pablo\Documents\GitHub\nine-screen-canvas-flow\vendor\phpseclib\phpseclib\phpseclib\Math\BigInteger\Engines\BCMath.php on line 157
[13-Mar-2026 13:25:59 UTC] PHP Deprecated:  chr(): Providing a value not in-between 0 and 255 is deprecated, this is because a byte value must be in the [0, 255] interval. The value used will be constrained using % 256 in C:\Users\Pablo\Documents\GitHub\nine-screen-canvas-flow\vendor\phpseclib\phpseclib\phpseclib\Math\BigInteger\Engines\BCMath.php on line 157
[13-Mar-2026 13:25:59 UTC] PHP Deprecated:  chr(): Providing a value not in-between 0 and 255 is deprecated, this is because a byte value must be in the [0, 255] interval. The value used will be constrained using % 256 in C:\Users\Pablo\Documents\GitHub\nine-screen-canvas-flow\vendor\phpseclib\phpseclib\phpseclib\Math\BigInteger\Engines\BCMath.php on line 157
[13-Mar-2026 13:25:59 UTC] PHP Deprecated:  chr(): Providing a value not in-between 0 and 255 is deprecated, this is because a byte value must be in the [0, 255] interval. The value used will be constrained using % 256 in C:\Users\Pablo\Documents\GitHub\nine-screen-canvas-flow\vendor\phpseclib\phpseclib\phpseclib\Math\BigInteger\Engines\BCMath.php on line 157
[13-Mar-2026 13:25:59 UTC] PHP Deprecated:  chr(): Providing a value not in-between 0 and 255 is deprecated, this is because a byte value must be in the [0, 255] interval. The value used will be constrained using % 256 in C:\Users\Pablo\Documents\GitHub\nine-screen-canvas-flow\vendor\phpseclib\phpseclib\phpseclib\Math\BigInteger\Engines\BCMath.php on line 157
[13-Mar-2026 13:25:59 UTC] PHP Deprecated:  chr(): Providing a value not in-between 0 and 255 is deprecated, this is because a byte value must be in the [0, 255] interval. The value used will be constrained using % 256 in C:\Users\Pablo\Documents\GitHub\nine-screen-canvas-flow\vendor\phpseclib\phpseclib\phpseclib\Math\BigInteger\Engines\BCMath.php on line 157
[13-Mar-2026 13:25:59 UTC] PHP Deprecated:  chr(): Providing a value not in-between 0 and 255 is deprecated, this is because a byte value must be in the [0, 255] interval. The value used will be constrained using % 256 in C:\Users\Pablo\Documents\GitHub\nine-screen-canvas-flow\vendor\phpseclib\phpseclib\phpseclib\Math\BigInteger\Engines\BCMath.php on line 157
[13-Mar-2026 13:25:59 UTC] PHP Deprecated:  chr(): Providing a value not in-between 0 and 255 is deprecated, this is because a byte value must be in the [0, 255] interval. The value used will be constrained using % 256 in C:\Users\Pablo\Documents\GitHub\nine-screen-canvas-flow\vendor\phpseclib\phpseclib\phpseclib\Math\BigInteger\Engines\BCMath.php on line 157
[13-Mar-2026 13:25:59 UTC] PHP Deprecated:  chr(): Providing a value not in-between 0 and 255 is deprecated, this is because a byte value must be in the [0, 255] interval. The value used will be constrained using % 256 in C:\Users\Pablo\Documents\GitHub\nine-screen-canvas-flow\vendor\phpseclib\phpseclib\phpseclib\Math\BigInteger\Engines\BCMath.php on line 157
[13-Mar-2026 13:25:59 UTC] PHP Deprecated:  chr(): Providing a value not in-between 0 and 255 is deprecated, this is because a byte value must be in the [0, 255] interval. The value used will be constrained using % 256 in C:\Users\Pablo\Documents\GitHub\nine-screen-canvas-flow\vendor\phpseclib\phpseclib\phpseclib\Math\BigInteger\Engines\BCMath.php on line 157
[13-Mar-2026 13:25:59 UTC] PHP Deprecated:  chr(): Providing a value not in-between 0 and 255 is deprecated, this is because a byte value must be in the [0, 255] interval. The value used will be constrained using % 256 in C:\Users\Pablo\Documents\GitHub\nine-screen-canvas-flow\vendor\phpseclib\phpseclib\phpseclib\Math\BigInteger\Engines\BCMath.php on line 157
[13-Mar-2026 13:25:59 UTC] PHP Deprecated:  chr(): Providing a value not in-between 0 and 255 is deprecated, this is because a byte value must be in the [0, 255] interval. The value used will be constrained using % 256 in C:\Users\Pablo\Documents\GitHub\nine-screen-canvas-flow\vendor\phpseclib\phpseclib\phpseclib\Math\BigInteger\Engines\BCMath.php on line 157
[13-Mar-2026 13:25:59 UTC] PHP Deprecated:  chr(): Providing a value not in-between 0 and 255 is deprecated, this is because a byte value must be in the [0, 255] interval. The value used will be constrained using % 256 in C:\Users\Pablo\Documents\GitHub\nine-screen-canvas-flow\vendor\phpseclib\phpseclib\phpseclib\Math\BigInteger\Engines\BCMath.php on line 157
[13-Mar-2026 13:25:59 UTC] PHP Deprecated:  chr(): Providing a value not in-between 0 and 255 is deprecated, this is because a byte value must be in the [0, 255] interval. The value used will be constrained using % 256 in C:\Users\Pablo\Documents\GitHub\nine-screen-canvas-flow\vendor\phpseclib\phpseclib\phpseclib\Math\BigInteger\Engines\BCMath.php on line 157
[13-Mar-2026 13:25:59 UTC] PHP Deprecated:  chr(): Providing a value not in-between 0 and 255 is deprecated, this is because a byte value must be in the [0, 255] interval. The value used will be constrained using % 256 in C:\Users\Pablo\Documents\GitHub\nine-screen-canvas-flow\vendor\phpseclib\phpseclib\phpseclib\Math\BigInteger\Engines\BCMath.php on line 157
[13-Mar-2026 13:25:59 UTC] PHP Deprecated:  chr(): Providing a value not in-between 0 and 255 is deprecated, this is because a byte value must be in the [0, 255] interval. The value used will be constrained using % 256 in C:\Users\Pablo\Documents\GitHub\nine-screen-canvas-flow\vendor\phpseclib\phpseclib\phpseclib\Math\BigInteger\Engines\BCMath.php on line 157
[13-Mar-2026 13:25:59 UTC] PHP Deprecated:  chr(): Providing a value not in-between 0 and 255 is deprecated, this is because a byte value must be in the [0, 255] interval. The value used will be constrained using % 256 in C:\Users\Pablo\Documents\GitHub\nine-screen-canvas-flow\vendor\phpseclib\phpseclib\phpseclib\Math\BigInteger\Engines\BCMath.php on line 157
[13-Mar-2026 13:25:59 UTC] PHP Deprecated:  chr(): Providing a value not in-between 0 and 255 is deprecated, this is because a byte value must be in the [0, 255] interval. The value used will be constrained using % 256 in C:\Users\Pablo\Documents\GitHub\nine-screen-canvas-flow\vendor\phpseclib\phpseclib\phpseclib\Math\BigInteger\Engines\BCMath.php on line 157
[13-Mar-2026 13:25:59 UTC] PHP Deprecated:  chr(): Providing a value not in-between 0 and 255 is deprecated, this is because a byte value must be in the [0, 255] interval. The value used will be constrained using % 256 in C:\Users\Pablo\Documents\GitHub\nine-screen-canvas-flow\vendor\phpseclib\phpseclib\phpseclib\Math\BigInteger\Engines\BCMath.php on line 157
[13-Mar-2026 13:25:59 UTC] PHP Deprecated:  chr(): Providing a value not in-between 0 and 255 is deprecated, this is because a byte value must be in the [0, 255] interval. The value used will be constrained using % 256 in C:\Users\Pablo\Documents\GitHub\nine-screen-canvas-flow\vendor\phpseclib\phpseclib\phpseclib\Math\BigInteger\Engines\BCMath.php on line 157
[13-Mar-2026 13:25:59 UTC] PHP Deprecated:  chr(): Providing a value not in-between 0 and 255 is deprecated, this is because a byte value must be in the [0, 255] interval. The value used will be constrained using % 256 in C:\Users\Pablo\Documents\GitHub\nine-screen-canvas-flow\vendor\phpseclib\phpseclib\phpseclib\Math\BigInteger\Engines\BCMath.php on line 157
[13-Mar-2026 13:25:59 UTC] PHP Deprecated:  chr(): Providing a value not in-between 0 and 255 is deprecated, this is because a byte value must be in the [0, 255] interval. The value used will be constrained using % 256 in C:\Users\Pablo\Documents\GitHub\nine-screen-canvas-flow\vendor\phpseclib\phpseclib\phpseclib\Math\BigInteger\Engines\BCMath.php on line 157
[13-Mar-2026 13:25:59 UTC] PHP Deprecated:  chr(): Providing a value not in-between 0 and 255 is deprecated, this is because a byte value must be in the [0, 255] interval. The value used will be constrained using % 256 in C:\Users\Pablo\Documents\GitHub\nine-screen-canvas-flow\vendor\phpseclib\phpseclib\phpseclib\Math\BigInteger\Engines\BCMath.php on line 157
[13-Mar-2026 13:25:59 UTC] PHP Deprecated:  chr(): Providing a value not in-between 0 and 255 is deprecated, this is because a byte value must be in the [0, 255] interval. The value used will be constrained using % 256 in C:\Users\Pablo\Documents\GitHub\nine-screen-canvas-flow\vendor\phpseclib\phpseclib\phpseclib\Math\BigInteger\Engines\BCMath.php on line 157
[13-Mar-2026 13:25:59 UTC] PHP Deprecated:  chr(): Providing a value not in-between 0 and 255 is deprecated, this is because a byte value must be in the [0, 255] interval. The value used will be constrained using % 256 in C:\Users\Pablo\Documents\GitHub\nine-screen-canvas-flow\vendor\phpseclib\phpseclib\phpseclib\Math\BigInteger\Engines\BCMath.php on line 157
[13-Mar-2026 13:25:59 UTC] PHP Deprecated:  chr(): Providing a value not in-between 0 and 255 is deprecated, this is because a byte value must be in the [0, 255] interval. The value used will be constrained using % 256 in C:\Users\Pablo\Documents\GitHub\nine-screen-canvas-flow\vendor\phpseclib\phpseclib\phpseclib\Math\BigInteger\Engines\BCMath.php on line 157
[13-Mar-2026 13:25:59 UTC] PHP Deprecated:  chr(): Providing a value not in-between 0 and 255 is deprecated, this is because a byte value must be in the [0, 255] interval. The value used will be constrained using % 256 in C:\Users\Pablo\Documents\GitHub\nine-screen-canvas-flow\vendor\phpseclib\phpseclib\phpseclib\Math\BigInteger\Engines\BCMath.php on line 157
[13-Mar-2026 13:25:59 UTC] PHP Deprecated:  chr(): Providing a value not in-between 0 and 255 is deprecated, this is because a byte value must be in the [0, 255] interval. The value used will be constrained using % 256 in C:\Users\Pablo\Documents\GitHub\nine-screen-canvas-flow\vendor\phpseclib\phpseclib\phpseclib\Math\BigInteger\Engines\BCMath.php on line 157
[13-Mar-2026 13:25:59 UTC] PHP Deprecated:  chr(): Providing a value not in-between 0 and 255 is deprecated, this is because a byte value must be in the [0, 255] interval. The value used will be constrained using % 256 in C:\Users\Pablo\Documents\GitHub\nine-screen-canvas-flow\vendor\phpseclib\phpseclib\phpseclib\Math\BigInteger\Engines\BCMath.php on line 157
[13-Mar-2026 13:25:59 UTC] PHP Deprecated:  chr(): Providing a value not in-between 0 and 255 is deprecated, this is because a byte value must be in the [0, 255] interval. The value used will be constrained using % 256 in C:\Users\Pablo\Documents\GitHub\nine-screen-canvas-flow\vendor\phpseclib\phpseclib\phpseclib\Math\BigInteger\Engines\BCMath.php on line 157
[13-Mar-2026 13:25:59 UTC] PHP Deprecated:  chr(): Providing a value not in-between 0 and 255 is deprecated, this is because a byte value must be in the [0, 255] interval. The value used will be constrained using % 256 in C:\Users\Pablo\Documents\GitHub\nine-screen-canvas-flow\vendor\phpseclib\phpseclib\phpseclib\Math\BigInteger\Engines\BCMath.php on line 157
[13-Mar-2026 13:25:59 UTC] PHP Deprecated:  chr(): Providing a value not in-between 0 and 255 is deprecated, this is because a byte value must be in the [0, 255] interval. The value used will be constrained using % 256 in C:\Users\Pablo\Documents\GitHub\nine-screen-canvas-flow\vendor\phpseclib\phpseclib\phpseclib\Math\BigInteger\Engines\BCMath.php on line 157
[13-Mar-2026 13:25:59 UTC] PHP Deprecated:  chr(): Providing a value not in-between 0 and 255 is deprecated, this is because a byte value must be in the [0, 255] interval. The value used will be constrained using % 256 in C:\Users\Pablo\Documents\GitHub\nine-screen-canvas-flow\vendor\phpseclib\phpseclib\phpseclib\Math\BigInteger\Engines\BCMath.php on line 157
[13-Mar-2026 13:25:59 UTC] PHP Deprecated:  chr(): Providing a value not in-between 0 and 255 is deprecated, this is because a byte value must be in the [0, 255] interval. The value used will be constrained using % 256 in C:\Users\Pablo\Documents\GitHub\nine-screen-canvas-flow\vendor\phpseclib\phpseclib\phpseclib\Math\BigInteger\Engines\BCMath.php on line 157
[13-Mar-2026 13:25:59 UTC] PHP Deprecated:  chr(): Providing a value not in-between 0 and 255 is deprecated, this is because a byte value must be in the [0, 255] interval. The value used will be constrained using % 256 in C:\Users\Pablo\Documents\GitHub\nine-screen-canvas-flow\vendor\phpseclib\phpseclib\phpseclib\Math\BigInteger\Engines\BCMath.php on line 157
[13-Mar-2026 13:25:59 UTC] PHP Deprecated:  chr(): Providing a value not in-between 0 and 255 is deprecated, this is because a byte value must be in the [0, 255] interval. The value used will be constrained using % 256 in C:\Users\Pablo\Documents\GitHub\nine-screen-canvas-flow\vendor\phpseclib\phpseclib\phpseclib\Math\BigInteger\Engines\BCMath.php on line 157
[13-Mar-2026 13:25:59 UTC] PHP Deprecated:  chr(): Providing a value not in-between 0 and 255 is deprecated, this is because a byte value must be in the [0, 255] interval. The value used will be constrained using % 256 in C:\Users\Pablo\Documents\GitHub\nine-screen-canvas-flow\vendor\phpseclib\phpseclib\phpseclib\Math\BigInteger\Engines\BCMath.php on line 157
[13-Mar-2026 13:25:59 UTC] PHP Deprecated:  chr(): Providing a value not in-between 0 and 255 is deprecated, this is because a byte value must be in the [0, 255] interval. The value used will be constrained using % 256 in C:\Users\Pablo\Documents\GitHub\nine-screen-canvas-flow\vendor\phpseclib\phpseclib\phpseclib\Math\BigInteger\Engines\BCMath.php on line 157
[13-Mar-2026 13:25:59 UTC] PHP Deprecated:  chr(): Providing a value not in-between 0 and 255 is deprecated, this is because a byte value must be in the [0, 255] interval. The value used will be constrained using % 256 in C:\Users\Pablo\Documents\GitHub\nine-screen-canvas-flow\vendor\phpseclib\phpseclib\phpseclib\Math\BigInteger\Engines\BCMath.php on line 157
[13-Mar-2026 13:25:59 UTC] PHP Deprecated:  chr(): Providing a value not in-between 0 and 255 is deprecated, this is because a byte value must be in the [0, 255] interval. The value used will be constrained using % 256 in C:\Users\Pablo\Documents\GitHub\nine-screen-canvas-flow\vendor\phpseclib\phpseclib\phpseclib\Math\BigInteger\Engines\BCMath.php on line 157
[13-Mar-2026 13:25:59 UTC] PHP Deprecated:  chr(): Providing a value not in-between 0 and 255 is deprecated, this is because a byte value must be in the [0, 255] interval. The value used will be constrained using % 256 in C:\Users\Pablo\Documents\GitHub\nine-screen-canvas-flow\vendor\phpseclib\phpseclib\phpseclib\Math\BigInteger\Engines\BCMath.php on line 157
[13-Mar-2026 13:25:59 UTC] PHP Deprecated:  chr(): Providing a value not in-between 0 and 255 is deprecated, this is because a byte value must be in the [0, 255] interval. The value used will be constrained using % 256 in C:\Users\Pablo\Documents\GitHub\nine-screen-canvas-flow\vendor\phpseclib\phpseclib\phpseclib\Math\BigInteger\Engines\BCMath.php on line 157
[13-Mar-2026 13:25:59 UTC] PHP Deprecated:  chr(): Providing a value not in-between 0 and 255 is deprecated, this is because a byte value must be in the [0, 255] interval. The value used will be constrained using % 256 in C:\Users\Pablo\Documents\GitHub\nine-screen-canvas-flow\vendor\phpseclib\phpseclib\phpseclib\Math\BigInteger\Engines\BCMath.php on line 157
[13-Mar-2026 13:25:59 UTC] PHP Deprecated:  chr(): Providing a value not in-between 0 and 255 is deprecated, this is because a byte value must be in the [0, 255] interval. The value used will be constrained using % 256 in C:\Users\Pablo\Documents\GitHub\nine-screen-canvas-flow\vendor\phpseclib\phpseclib\phpseclib\Math\BigInteger\Engines\BCMath.php on line 157
[13-Mar-2026 13:25:59 UTC] PHP Deprecated:  chr(): Providing a value not in-between 0 and 255 is deprecated, this is because a byte value must be in the [0, 255] interval. The value used will be constrained using % 256 in C:\Users\Pablo\Documents\GitHub\nine-screen-canvas-flow\vendor\phpseclib\phpseclib\phpseclib\Math\BigInteger\Engines\BCMath.php on line 157
[13-Mar-2026 13:25:59 UTC] PHP Deprecated:  chr(): Providing a value not in-between 0 and 255 is deprecated, this is because a byte value must be in the [0, 255] interval. The value used will be constrained using % 256 in C:\Users\Pablo\Documents\GitHub\nine-screen-canvas-flow\vendor\phpseclib\phpseclib\phpseclib\Math\BigInteger\Engines\BCMath.php on line 157
[13-Mar-2026 13:25:59 UTC] PHP Deprecated:  chr(): Providing a value not in-between 0 and 255 is deprecated, this is because a byte value must be in the [0, 255] interval. The value used will be constrained using % 256 in C:\Users\Pablo\Documents\GitHub\nine-screen-canvas-flow\vendor\phpseclib\phpseclib\phpseclib\Math\BigInteger\Engines\BCMath.php on line 157
[13-Mar-2026 13:25:59 UTC] PHP Deprecated:  chr(): Providing a value not in-between 0 and 255 is deprecated, this is because a byte value must be in the [0, 255] interval. The value used will be constrained using % 256 in C:\Users\Pablo\Documents\GitHub\nine-screen-canvas-flow\vendor\phpseclib\phpseclib\phpseclib\Math\BigInteger\Engines\BCMath.php on line 157
[13-Mar-2026 13:25:59 UTC] PHP Deprecated:  chr(): Providing a value not in-between 0 and 255 is deprecated, this is because a byte value must be in the [0, 255] interval. The value used will be constrained using % 256 in C:\Users\Pablo\Documents\GitHub\nine-screen-canvas-flow\vendor\phpseclib\phpseclib\phpseclib\Math\BigInteger\Engines\BCMath.php on line 157
[13-Mar-2026 13:25:59 UTC] PHP Deprecated:  chr(): Providing a value not in-between 0 and 255 is deprecated, this is because a byte value must be in the [0, 255] interval. The value used will be constrained using % 256 in C:\Users\Pablo\Documents\GitHub\nine-screen-canvas-flow\vendor\phpseclib\phpseclib\phpseclib\Math\BigInteger\Engines\BCMath.php on line 157
[13-Mar-2026 13:25:59 UTC] PHP Deprecated:  chr(): Providing a value not in-between 0 and 255 is deprecated, this is because a byte value must be in the [0, 255] interval. The value used will be constrained using % 256 in C:\Users\Pablo\Documents\GitHub\nine-screen-canvas-flow\vendor\phpseclib\phpseclib\phpseclib\Math\BigInteger\Engines\BCMath.php on line 157
[13-Mar-2026 13:25:59 UTC] PHP Deprecated:  chr(): Providing a value not in-between 0 and 255 is deprecated, this is because a byte value must be in the [0, 255] interval. The value used will be constrained using % 256 in C:\Users\Pablo\Documents\GitHub\nine-screen-canvas-flow\vendor\phpseclib\phpseclib\phpseclib\Math\BigInteger\Engines\BCMath.php on line 157
[13-Mar-2026 13:25:59 UTC] PHP Deprecated:  chr(): Providing a value not in-between 0 and 255 is deprecated, this is because a byte value must be in the [0, 255] interval. The value used will be constrained using % 256 in C:\Users\Pablo\Documents\GitHub\nine-screen-canvas-flow\vendor\phpseclib\phpseclib\phpseclib\Math\BigInteger\Engines\BCMath.php on line 157
[13-Mar-2026 13:25:59 UTC] PHP Deprecated:  chr(): Providing a value not in-between 0 and 255 is deprecated, this is because a byte value must be in the [0, 255] interval. The value used will be constrained using % 256 in C:\Users\Pablo\Documents\GitHub\nine-screen-canvas-flow\vendor\phpseclib\phpseclib\phpseclib\Math\BigInteger\Engines\BCMath.php on line 157
[13-Mar-2026 13:25:59 UTC] PHP Deprecated:  chr(): Providing a value not in-between 0 and 255 is deprecated, this is because a byte value must be in the [0, 255] interval. The value used will be constrained using % 256 in C:\Users\Pablo\Documents\GitHub\nine-screen-canvas-flow\vendor\phpseclib\phpseclib\phpseclib\Math\BigInteger\Engines\BCMath.php on line 157
[13-Mar-2026 13:25:59 UTC] PHP Deprecated:  chr(): Providing a value not in-between 0 and 255 is deprecated, this is because a byte value must be in the [0, 255] interval. The value used will be constrained using % 256 in C:\Users\Pablo\Documents\GitHub\nine-screen-canvas-flow\vendor\phpseclib\phpseclib\phpseclib\Math\BigInteger\Engines\BCMath.php on line 157
[13-Mar-2026 13:25:59 UTC] PHP Deprecated:  chr(): Providing a value not in-between 0 and 255 is deprecated, this is because a byte value must be in the [0, 255] interval. The value used will be constrained using % 256 in C:\Users\Pablo\Documents\GitHub\nine-screen-canvas-flow\vendor\phpseclib\phpseclib\phpseclib\Math\BigInteger\Engines\BCMath.php on line 157
[13-Mar-2026 13:25:59 UTC] PHP Deprecated:  chr(): Providing a value not in-between 0 and 255 is deprecated, this is because a byte value must be in the [0, 255] interval. The value used will be constrained using % 256 in C:\Users\Pablo\Documents\GitHub\nine-screen-canvas-flow\vendor\phpseclib\phpseclib\phpseclib\Math\BigInteger\Engines\BCMath.php on line 157
[13-Mar-2026 13:25:59 UTC] PHP Deprecated:  chr(): Providing a value not in-between 0 and 255 is deprecated, this is because a byte value must be in the [0, 255] interval. The value used will be constrained using % 256 in C:\Users\Pablo\Documents\GitHub\nine-screen-canvas-flow\vendor\phpseclib\phpseclib\phpseclib\Math\BigInteger\Engines\BCMath.php on line 157
[13-Mar-2026 13:25:59 UTC] PHP Deprecated:  chr(): Providing a value not in-between 0 and 255 is deprecated, this is because a byte value must be in the [0, 255] interval. The value used will be constrained using % 256 in C:\Users\Pablo\Documents\GitHub\nine-screen-canvas-flow\vendor\phpseclib\phpseclib\phpseclib\Math\BigInteger\Engines\BCMath.php on line 157
[13-Mar-2026 13:25:59 UTC] PHP Deprecated:  chr(): Providing a value not in-between 0 and 255 is deprecated, this is because a byte value must be in the [0, 255] interval. The value used will be constrained using % 256 in C:\Users\Pablo\Documents\GitHub\nine-screen-canvas-flow\vendor\phpseclib\phpseclib\phpseclib\Math\BigInteger\Engines\BCMath.php on line 157
[13-Mar-2026 13:25:59 UTC] PHP Deprecated:  chr(): Providing a value not in-between 0 and 255 is deprecated, this is because a byte value must be in the [0, 255] interval. The value used will be constrained using % 256 in C:\Users\Pablo\Documents\GitHub\nine-screen-canvas-flow\vendor\phpseclib\phpseclib\phpseclib\Math\BigInteger\Engines\BCMath.php on line 157
[13-Mar-2026 13:25:59 UTC] PHP Deprecated:  chr(): Providing a value not in-between 0 and 255 is deprecated, this is because a byte value must be in the [0, 255] interval. The value used will be constrained using % 256 in C:\Users\Pablo\Documents\GitHub\nine-screen-canvas-flow\vendor\phpseclib\phpseclib\phpseclib\Math\BigInteger\Engines\BCMath.php on line 157
[13-Mar-2026 13:25:59 UTC] PHP Deprecated:  chr(): Providing a value not in-between 0 and 255 is deprecated, this is because a byte value must be in the [0, 255] interval. The value used will be constrained using % 256 in C:\Users\Pablo\Documents\GitHub\nine-screen-canvas-flow\vendor\phpseclib\phpseclib\phpseclib\Math\BigInteger\Engines\BCMath.php on line 157
[13-Mar-2026 13:25:59 UTC] PHP Deprecated:  chr(): Providing a value not in-between 0 and 255 is deprecated, this is because a byte value must be in the [0, 255] interval. The value used will be constrained using % 256 in C:\Users\Pablo\Documents\GitHub\nine-screen-canvas-flow\vendor\phpseclib\phpseclib\phpseclib\Math\BigInteger\Engines\BCMath.php on line 157
[13-Mar-2026 13:25:59 UTC] PHP Deprecated:  chr(): Providing a value not in-between 0 and 255 is deprecated, this is because a byte value must be in the [0, 255] interval. The value used will be constrained using % 256 in C:\Users\Pablo\Documents\GitHub\nine-screen-canvas-flow\vendor\phpseclib\phpseclib\phpseclib\Math\BigInteger\Engines\BCMath.php on line 157
[13-Mar-2026 13:25:59 UTC] PHP Deprecated:  chr(): Providing a value not in-between 0 and 255 is deprecated, this is because a byte value must be in the [0, 255] interval. The value used will be constrained using % 256 in C:\Users\Pablo\Documents\GitHub\nine-screen-canvas-flow\vendor\phpseclib\phpseclib\phpseclib\Math\BigInteger\Engines\BCMath.php on line 157
[13-Mar-2026 13:25:59 UTC] PHP Deprecated:  chr(): Providing a value not in-between 0 and 255 is deprecated, this is because a byte value must be in the [0, 255] interval. The value used will be constrained using % 256 in C:\Users\Pablo\Documents\GitHub\nine-screen-canvas-flow\vendor\phpseclib\phpseclib\phpseclib\Math\BigInteger\Engines\BCMath.php on line 157
[13-Mar-2026 13:25:59 UTC] PHP Deprecated:  chr(): Providing a value not in-between 0 and 255 is deprecated, this is because a byte value must be in the [0, 255] interval. The value used will be constrained using % 256 in C:\Users\Pablo\Documents\GitHub\nine-screen-canvas-flow\vendor\phpseclib\phpseclib\phpseclib\Math\BigInteger\Engines\BCMath.php on line 157
[13-Mar-2026 13:25:59 UTC] PHP Deprecated:  chr(): Providing a value not in-between 0 and 255 is deprecated, this is because a byte value must be in the [0, 255] interval. The value used will be constrained using % 256 in C:\Users\Pablo\Documents\GitHub\nine-screen-canvas-flow\vendor\phpseclib\phpseclib\phpseclib\Math\BigInteger\Engines\BCMath.php on line 157
[13-Mar-2026 13:25:59 UTC] PHP Deprecated:  chr(): Providing a value not in-between 0 and 255 is deprecated, this is because a byte value must be in the [0, 255] interval. The value used will be constrained using % 256 in C:\Users\Pablo\Documents\GitHub\nine-screen-canvas-flow\vendor\phpseclib\phpseclib\phpseclib\Math\BigInteger\Engines\BCMath.php on line 157
[13-Mar-2026 13:25:59 UTC] PHP Deprecated:  chr(): Providing a value not in-between 0 and 255 is deprecated, this is because a byte value must be in the [0, 255] interval. The value used will be constrained using % 256 in C:\Users\Pablo\Documents\GitHub\nine-screen-canvas-flow\vendor\phpseclib\phpseclib\phpseclib\Math\BigInteger\Engines\BCMath.php on line 157
[13-Mar-2026 13:25:59 UTC] PHP Deprecated:  chr(): Providing a value not in-between 0 and 255 is deprecated, this is because a byte value must be in the [0, 255] interval. The value used will be constrained using % 256 in C:\Users\Pablo\Documents\GitHub\nine-screen-canvas-flow\vendor\phpseclib\phpseclib\phpseclib\Math\BigInteger\Engines\BCMath.php on line 157
[13-Mar-2026 13:25:59 UTC] PHP Deprecated:  chr(): Providing a value not in-between 0 and 255 is deprecated, this is because a byte value must be in the [0, 255] interval. The value used will be constrained using % 256 in C:\Users\Pablo\Documents\GitHub\nine-screen-canvas-flow\vendor\phpseclib\phpseclib\phpseclib\Math\BigInteger\Engines\BCMath.php on line 157
[13-Mar-2026 13:25:59 UTC] PHP Deprecated:  chr(): Providing a value not in-between 0 and 255 is deprecated, this is because a byte value must be in the [0, 255] interval. The value used will be constrained using % 256 in C:\Users\Pablo\Documents\GitHub\nine-screen-canvas-flow\vendor\phpseclib\phpseclib\phpseclib\Math\BigInteger\Engines\BCMath.php on line 157
[13-Mar-2026 13:25:59 UTC] PHP Deprecated:  chr(): Providing a value not in-between 0 and 255 is deprecated, this is because a byte value must be in the [0, 255] interval. The value used will be constrained using % 256 in C:\Users\Pablo\Documents\GitHub\nine-screen-canvas-flow\vendor\phpseclib\phpseclib\phpseclib\Math\BigInteger\Engines\BCMath.php on line 157
[13-Mar-2026 13:25:59 UTC] PHP Deprecated:  chr(): Providing a value not in-between 0 and 255 is deprecated, this is because a byte value must be in the [0, 255] interval. The value used will be constrained using % 256 in C:\Users\Pablo\Documents\GitHub\nine-screen-canvas-flow\vendor\phpseclib\phpseclib\phpseclib\Math\BigInteger\Engines\BCMath.php on line 157
[13-Mar-2026 13:25:59 UTC] PHP Deprecated:  chr(): Providing a value not in-between 0 and 255 is deprecated, this is because a byte value must be in the [0, 255] interval. The value used will be constrained using % 256 in C:\Users\Pablo\Documents\GitHub\nine-screen-canvas-flow\vendor\phpseclib\phpseclib\phpseclib\Math\BigInteger\Engines\BCMath.php on line 157
[13-Mar-2026 13:25:59 UTC] PHP Deprecated:  chr(): Providing a value not in-between 0 and 255 is deprecated, this is because a byte value must be in the [0, 255] interval. The value used will be constrained using % 256 in C:\Users\Pablo\Documents\GitHub\nine-screen-canvas-flow\vendor\phpseclib\phpseclib\phpseclib\Math\BigInteger\Engines\BCMath.php on line 157
[13-Mar-2026 13:25:59 UTC] PHP Deprecated:  chr(): Providing a value not in-between 0 and 255 is deprecated, this is because a byte value must be in the [0, 255] interval. The value used will be constrained using % 256 in C:\Users\Pablo\Documents\GitHub\nine-screen-canvas-flow\vendor\phpseclib\phpseclib\phpseclib\Math\BigInteger\Engines\BCMath.php on line 157
[13-Mar-2026 13:25:59 UTC] PHP Deprecated:  chr(): Providing a value not in-between 0 and 255 is deprecated, this is because a byte value must be in the [0, 255] interval. The value used will be constrained using % 256 in C:\Users\Pablo\Documents\GitHub\nine-screen-canvas-flow\vendor\phpseclib\phpseclib\phpseclib\Math\BigInteger\Engines\BCMath.php on line 157
[13-Mar-2026 13:25:59 UTC] PHP Deprecated:  chr(): Providing a value not in-between 0 and 255 is deprecated, this is because a byte value must be in the [0, 255] interval. The value used will be constrained using % 256 in C:\Users\Pablo\Documents\GitHub\nine-screen-canvas-flow\vendor\phpseclib\phpseclib\phpseclib\Math\BigInteger\Engines\BCMath.php on line 157
[13-Mar-2026 13:25:59 UTC] PHP Deprecated:  chr(): Providing a value not in-between 0 and 255 is deprecated, this is because a byte value must be in the [0, 255] interval. The value used will be constrained using % 256 in C:\Users\Pablo\Documents\GitHub\nine-screen-canvas-flow\vendor\phpseclib\phpseclib\phpseclib\Math\BigInteger\Engines\BCMath.php on line 157
[13-Mar-2026 13:25:59 UTC] PHP Deprecated:  chr(): Providing a value not in-between 0 and 255 is deprecated, this is because a byte value must be in the [0, 255] interval. The value used will be constrained using % 256 in C:\Users\Pablo\Documents\GitHub\nine-screen-canvas-flow\vendor\phpseclib\phpseclib\phpseclib\Math\BigInteger\Engines\BCMath.php on line 157
[13-Mar-2026 13:25:59 UTC] PHP Deprecated:  chr(): Providing a value not in-between 0 and 255 is deprecated, this is because a byte value must be in the [0, 255] interval. The value used will be constrained using % 256 in C:\Users\Pablo\Documents\GitHub\nine-screen-canvas-flow\vendor\phpseclib\phpseclib\phpseclib\Math\BigInteger\Engines\BCMath.php on line 157
[13-Mar-2026 13:25:59 UTC] PHP Deprecated:  chr(): Providing a value not in-between 0 and 255 is deprecated, this is because a byte value must be in the [0, 255] interval. The value used will be constrained using % 256 in C:\Users\Pablo\Documents\GitHub\nine-screen-canvas-flow\vendor\phpseclib\phpseclib\phpseclib\Math\BigInteger\Engines\BCMath.php on line 157
[13-Mar-2026 13:25:59 UTC] PHP Deprecated:  chr(): Providing a value not in-between 0 and 255 is deprecated, this is because a byte value must be in the [0, 255] interval. The value used will be constrained using % 256 in C:\Users\Pablo\Documents\GitHub\nine-screen-canvas-flow\vendor\phpseclib\phpseclib\phpseclib\Math\BigInteger\Engines\BCMath.php on line 157
[13-Mar-2026 13:25:59 UTC] PHP Deprecated:  chr(): Providing a value not in-between 0 and 255 is deprecated, this is because a byte value must be in the [0, 255] interval. The value used will be constrained using % 256 in C:\Users\Pablo\Documents\GitHub\nine-screen-canvas-flow\vendor\phpseclib\phpseclib\phpseclib\Math\BigInteger\Engines\BCMath.php on line 157
[13-Mar-2026 13:25:59 UTC] PHP Deprecated:  chr(): Providing a value not in-between 0 and 255 is deprecated, this is because a byte value must be in the [0, 255] interval. The value used will be constrained using % 256 in C:\Users\Pablo\Documents\GitHub\nine-screen-canvas-flow\vendor\phpseclib\phpseclib\phpseclib\Math\BigInteger\Engines\BCMath.php on line 157
[13-Mar-2026 13:25:59 UTC] PHP Deprecated:  chr(): Providing a value not in-between 0 and 255 is deprecated, this is because a byte value must be in the [0, 255] interval. The value used will be constrained using % 256 in C:\Users\Pablo\Documents\GitHub\nine-screen-canvas-flow\vendor\phpseclib\phpseclib\phpseclib\Math\BigInteger\Engines\BCMath.php on line 157
[13-Mar-2026 13:25:59 UTC] PHP Deprecated:  chr(): Providing a value not in-between 0 and 255 is deprecated, this is because a byte value must be in the [0, 255] interval. The value used will be constrained using % 256 in C:\Users\Pablo\Documents\GitHub\nine-screen-canvas-flow\vendor\phpseclib\phpseclib\phpseclib\Math\BigInteger\Engines\BCMath.php on line 157
[13-Mar-2026 13:25:59 UTC] PHP Deprecated:  chr(): Providing a value not in-between 0 and 255 is deprecated, this is because a byte value must be in the [0, 255] interval. The value used will be constrained using % 256 in C:\Users\Pablo\Documents\GitHub\nine-screen-canvas-flow\vendor\phpseclib\phpseclib\phpseclib\Math\BigInteger\Engines\BCMath.php on line 157
[13-Mar-2026 13:25:59 UTC] PHP Deprecated:  chr(): Providing a value not in-between 0 and 255 is deprecated, this is because a byte value must be in the [0, 255] interval. The value used will be constrained using % 256 in C:\Users\Pablo\Documents\GitHub\nine-screen-canvas-flow\vendor\phpseclib\phpseclib\phpseclib\Math\BigInteger\Engines\BCMath.php on line 157
[13-Mar-2026 13:25:59 UTC] PHP Deprecated:  chr(): Providing a value not in-between 0 and 255 is deprecated, this is because a byte value must be in the [0, 255] interval. The value used will be constrained using % 256 in C:\Users\Pablo\Documents\GitHub\nine-screen-canvas-flow\vendor\phpseclib\phpseclib\phpseclib\Math\BigInteger\Engines\BCMath.php on line 157
[13-Mar-2026 13:25:59 UTC] PHP Deprecated:  chr(): Providing a value not in-between 0 and 255 is deprecated, this is because a byte value must be in the [0, 255] interval. The value used will be constrained using % 256 in C:\Users\Pablo\Documents\GitHub\nine-screen-canvas-flow\vendor\phpseclib\phpseclib\phpseclib\Math\BigInteger\Engines\BCMath.php on line 157
[13-Mar-2026 13:25:59 UTC] PHP Deprecated:  chr(): Providing a value not in-between 0 and 255 is deprecated, this is because a byte value must be in the [0, 255] interval. The value used will be constrained using % 256 in C:\Users\Pablo\Documents\GitHub\nine-screen-canvas-flow\vendor\phpseclib\phpseclib\phpseclib\Math\BigInteger\Engines\BCMath.php on line 157
[13-Mar-2026 13:25:59 UTC] PHP Deprecated:  chr(): Providing a value not in-between 0 and 255 is deprecated, this is because a byte value must be in the [0, 255] interval. The value used will be constrained using % 256 in C:\Users\Pablo\Documents\GitHub\nine-screen-canvas-flow\vendor\phpseclib\phpseclib\phpseclib\Math\BigInteger\Engines\BCMath.php on line 157
[13-Mar-2026 13:25:59 UTC] PHP Deprecated:  chr(): Providing a value not in-between 0 and 255 is deprecated, this is because a byte value must be in the [0, 255] interval. The value used will be constrained using % 256 in C:\Users\Pablo\Documents\GitHub\nine-screen-canvas-flow\vendor\phpseclib\phpseclib\phpseclib\Math\BigInteger\Engines\BCMath.php on line 157
[13-Mar-2026 13:25:59 UTC] PHP Deprecated:  chr(): Providing a value not in-between 0 and 255 is deprecated, this is because a byte value must be in the [0, 255] interval. The value used will be constrained using % 256 in C:\Users\Pablo\Documents\GitHub\nine-screen-canvas-flow\vendor\phpseclib\phpseclib\phpseclib\Math\BigInteger\Engines\BCMath.php on line 157
[13-Mar-2026 13:25:59 UTC] PHP Deprecated:  chr(): Providing a value not in-between 0 and 255 is deprecated, this is because a byte value must be in the [0, 255] interval. The value used will be constrained using % 256 in C:\Users\Pablo\Documents\GitHub\nine-screen-canvas-flow\vendor\phpseclib\phpseclib\phpseclib\Math\BigInteger\Engines\BCMath.php on line 157
[13-Mar-2026 13:25:59 UTC] PHP Deprecated:  chr(): Providing a value not in-between 0 and 255 is deprecated, this is because a byte value must be in the [0, 255] interval. The value used will be constrained using % 256 in C:\Users\Pablo\Documents\GitHub\nine-screen-canvas-flow\vendor\phpseclib\phpseclib\phpseclib\Math\BigInteger\Engines\BCMath.php on line 157
[13-Mar-2026 13:25:59 UTC] PHP Deprecated:  chr(): Providing a value not in-between 0 and 255 is deprecated, this is because a byte value must be in the [0, 255] interval. The value used will be constrained using % 256 in C:\Users\Pablo\Documents\GitHub\nine-screen-canvas-flow\vendor\phpseclib\phpseclib\phpseclib\Math\BigInteger\Engines\BCMath.php on line 157
[13-Mar-2026 13:25:59 UTC] PHP Deprecated:  chr(): Providing a value not in-between 0 and 255 is deprecated, this is because a byte value must be in the [0, 255] interval. The value used will be constrained using % 256 in C:\Users\Pablo\Documents\GitHub\nine-screen-canvas-flow\vendor\phpseclib\phpseclib\phpseclib\Math\BigInteger\Engines\BCMath.php on line 157
[13-Mar-2026 13:25:59 UTC] PHP Deprecated:  chr(): Providing a value not in-between 0 and 255 is deprecated, this is because a byte value must be in the [0, 255] interval. The value used will be constrained using % 256 in C:\Users\Pablo\Documents\GitHub\nine-screen-canvas-flow\vendor\phpseclib\phpseclib\phpseclib\Math\BigInteger\Engines\BCMath.php on line 157
[13-Mar-2026 13:25:59 UTC] PHP Deprecated:  chr(): Providing a value not in-between 0 and 255 is deprecated, this is because a byte value must be in the [0, 255] interval. The value used will be constrained using % 256 in C:\Users\Pablo\Documents\GitHub\nine-screen-canvas-flow\vendor\phpseclib\phpseclib\phpseclib\Math\BigInteger\Engines\BCMath.php on line 157
[13-Mar-2026 13:25:59 UTC] PHP Deprecated:  chr(): Providing a value not in-between 0 and 255 is deprecated, this is because a byte value must be in the [0, 255] interval. The value used will be constrained using % 256 in C:\Users\Pablo\Documents\GitHub\nine-screen-canvas-flow\vendor\phpseclib\phpseclib\phpseclib\Math\BigInteger\Engines\BCMath.php on line 157
[13-Mar-2026 13:25:59 UTC] PHP Deprecated:  chr(): Providing a value not in-between 0 and 255 is deprecated, this is because a byte value must be in the [0, 255] interval. The value used will be constrained using % 256 in C:\Users\Pablo\Documents\GitHub\nine-screen-canvas-flow\vendor\phpseclib\phpseclib\phpseclib\Math\BigInteger\Engines\BCMath.php on line 157
[13-Mar-2026 13:25:59 UTC] PHP Deprecated:  chr(): Providing a value not in-between 0 and 255 is deprecated, this is because a byte value must be in the [0, 255] interval. The value used will be constrained using % 256 in C:\Users\Pablo\Documents\GitHub\nine-screen-canvas-flow\vendor\phpseclib\phpseclib\phpseclib\Math\BigInteger\Engines\BCMath.php on line 157
[13-Mar-2026 13:25:59 UTC] PHP Deprecated:  chr(): Providing a value not in-between 0 and 255 is deprecated, this is because a byte value must be in the [0, 255] interval. The value used will be constrained using % 256 in C:\Users\Pablo\Documents\GitHub\nine-screen-canvas-flow\vendor\phpseclib\phpseclib\phpseclib\Math\BigInteger\Engines\BCMath.php on line 157
[13-Mar-2026 13:25:59 UTC] PHP Deprecated:  chr(): Providing a value not in-between 0 and 255 is deprecated, this is because a byte value must be in the [0, 255] interval. The value used will be constrained using % 256 in C:\Users\Pablo\Documents\GitHub\nine-screen-canvas-flow\vendor\phpseclib\phpseclib\phpseclib\Math\BigInteger\Engines\BCMath.php on line 157
[13-Mar-2026 13:25:59 UTC] PHP Deprecated:  chr(): Providing a value not in-between 0 and 255 is deprecated, this is because a byte value must be in the [0, 255] interval. The value used will be constrained using % 256 in C:\Users\Pablo\Documents\GitHub\nine-screen-canvas-flow\vendor\phpseclib\phpseclib\phpseclib\Math\BigInteger\Engines\BCMath.php on line 157
[13-Mar-2026 13:25:59 UTC] PHP Deprecated:  chr(): Providing a value not in-between 0 and 255 is deprecated, this is because a byte value must be in the [0, 255] interval. The value used will be constrained using % 256 in C:\Users\Pablo\Documents\GitHub\nine-screen-canvas-flow\vendor\phpseclib\phpseclib\phpseclib\Math\BigInteger\Engines\BCMath.php on line 157
[13-Mar-2026 13:25:59 UTC] PHP Deprecated:  chr(): Providing a value not in-between 0 and 255 is deprecated, this is because a byte value must be in the [0, 255] interval. The value used will be constrained using % 256 in C:\Users\Pablo\Documents\GitHub\nine-screen-canvas-flow\vendor\phpseclib\phpseclib\phpseclib\Math\BigInteger\Engines\BCMath.php on line 157
[13-Mar-2026 13:25:59 UTC] PHP Deprecated:  chr(): Providing a value not in-between 0 and 255 is deprecated, this is because a byte value must be in the [0, 255] interval. The value used will be constrained using % 256 in C:\Users\Pablo\Documents\GitHub\nine-screen-canvas-flow\vendor\phpseclib\phpseclib\phpseclib\Math\BigInteger\Engines\BCMath.php on line 157
[13-Mar-2026 13:25:59 UTC] PHP Deprecated:  chr(): Providing a value not in-between 0 and 255 is deprecated, this is because a byte value must be in the [0, 255] interval. The value used will be constrained using % 256 in C:\Users\Pablo\Documents\GitHub\nine-screen-canvas-flow\vendor\phpseclib\phpseclib\phpseclib\Math\BigInteger\Engines\BCMath.php on line 157
[13-Mar-2026 13:25:59 UTC] PHP Deprecated:  chr(): Providing a value not in-between 0 and 255 is deprecated, this is because a byte value must be in the [0, 255] interval. The value used will be constrained using % 256 in C:\Users\Pablo\Documents\GitHub\nine-screen-canvas-flow\vendor\phpseclib\phpseclib\phpseclib\Math\BigInteger\Engines\BCMath.php on line 157
[13-Mar-2026 13:25:59 UTC] PHP Deprecated:  chr(): Providing a value not in-between 0 and 255 is deprecated, this is because a byte value must be in the [0, 255] interval. The value used will be constrained using % 256 in C:\Users\Pablo\Documents\GitHub\nine-screen-canvas-flow\vendor\phpseclib\phpseclib\phpseclib\Math\BigInteger\Engines\BCMath.php on line 157
[13-Mar-2026 13:25:59 UTC] PHP Deprecated:  chr(): Providing a value not in-between 0 and 255 is deprecated, this is because a byte value must be in the [0, 255] interval. The value used will be constrained using % 256 in C:\Users\Pablo\Documents\GitHub\nine-screen-canvas-flow\vendor\phpseclib\phpseclib\phpseclib\Math\BigInteger\Engines\BCMath.php on line 157
[13-Mar-2026 13:25:59 UTC] PHP Deprecated:  chr(): Providing a value not in-between 0 and 255 is deprecated, this is because a byte value must be in the [0, 255] interval. The value used will be constrained using % 256 in C:\Users\Pablo\Documents\GitHub\nine-screen-canvas-flow\vendor\phpseclib\phpseclib\phpseclib\Math\BigInteger\Engines\BCMath.php on line 157
[13-Mar-2026 13:25:59 UTC] PHP Deprecated:  chr(): Providing a value not in-between 0 and 255 is deprecated, this is because a byte value must be in the [0, 255] interval. The value used will be constrained using % 256 in C:\Users\Pablo\Documents\GitHub\nine-screen-canvas-flow\vendor\phpseclib\phpseclib\phpseclib\Math\BigInteger\Engines\BCMath.php on line 157
[13-Mar-2026 13:25:59 UTC] PHP Deprecated:  chr(): Providing a value not in-between 0 and 255 is deprecated, this is because a byte value must be in the [0, 255] interval. The value used will be constrained using % 256 in C:\Users\Pablo\Documents\GitHub\nine-screen-canvas-flow\vendor\phpseclib\phpseclib\phpseclib\Math\BigInteger\Engines\BCMath.php on line 157
[13-Mar-2026 13:25:59 UTC] PHP Deprecated:  chr(): Providing a value not in-between 0 and 255 is deprecated, this is because a byte value must be in the [0, 255] interval. The value used will be constrained using % 256 in C:\Users\Pablo\Documents\GitHub\nine-screen-canvas-flow\vendor\phpseclib\phpseclib\phpseclib\Math\BigInteger\Engines\BCMath.php on line 157
[13-Mar-2026 13:25:59 UTC] PHP Deprecated:  chr(): Providing a value not in-between 0 and 255 is deprecated, this is because a byte value must be in the [0, 255] interval. The value used will be constrained using % 256 in C:\Users\Pablo\Documents\GitHub\nine-screen-canvas-flow\vendor\phpseclib\phpseclib\phpseclib\Math\BigInteger\Engines\BCMath.php on line 157
[13-Mar-2026 13:25:59 UTC] PHP Deprecated:  chr(): Providing a value not in-between 0 and 255 is deprecated, this is because a byte value must be in the [0, 255] interval. The value used will be constrained using % 256 in C:\Users\Pablo\Documents\GitHub\nine-screen-canvas-flow\vendor\phpseclib\phpseclib\phpseclib\Math\BigInteger\Engines\BCMath.php on line 157
[13-Mar-2026 13:25:59 UTC] PHP Deprecated:  chr(): Providing a value not in-between 0 and 255 is deprecated, this is because a byte value must be in the [0, 255] interval. The value used will be constrained using % 256 in C:\Users\Pablo\Documents\GitHub\nine-screen-canvas-flow\vendor\phpseclib\phpseclib\phpseclib\Math\BigInteger\Engines\BCMath.php on line 157
[13-Mar-2026 13:25:59 UTC] PHP Deprecated:  chr(): Providing a value not in-between 0 and 255 is deprecated, this is because a byte value must be in the [0, 255] interval. The value used will be constrained using % 256 in C:\Users\Pablo\Documents\GitHub\nine-screen-canvas-flow\vendor\phpseclib\phpseclib\phpseclib\Math\BigInteger\Engines\BCMath.php on line 157
[13-Mar-2026 13:25:59 UTC] PHP Deprecated:  chr(): Providing a value not in-between 0 and 255 is deprecated, this is because a byte value must be in the [0, 255] interval. The value used will be constrained using % 256 in C:\Users\Pablo\Documents\GitHub\nine-screen-canvas-flow\vendor\phpseclib\phpseclib\phpseclib\Math\BigInteger\Engines\BCMath.php on line 157
[13-Mar-2026 13:25:59 UTC] PHP Deprecated:  chr(): Providing a value not in-between 0 and 255 is deprecated, this is because a byte value must be in the [0, 255] interval. The value used will be constrained using % 256 in C:\Users\Pablo\Documents\GitHub\nine-screen-canvas-flow\vendor\phpseclib\phpseclib\phpseclib\Math\BigInteger\Engines\BCMath.php on line 157
[13-Mar-2026 13:25:59 UTC] PHP Deprecated:  chr(): Providing a value not in-between 0 and 255 is deprecated, this is because a byte value must be in the [0, 255] interval. The value used will be constrained using % 256 in C:\Users\Pablo\Documents\GitHub\nine-screen-canvas-flow\vendor\phpseclib\phpseclib\phpseclib\Math\BigInteger\Engines\BCMath.php on line 157
[13-Mar-2026 13:25:59 UTC] PHP Deprecated:  chr(): Providing a value not in-between 0 and 255 is deprecated, this is because a byte value must be in the [0, 255] interval. The value used will be constrained using % 256 in C:\Users\Pablo\Documents\GitHub\nine-screen-canvas-flow\vendor\phpseclib\phpseclib\phpseclib\Math\BigInteger\Engines\BCMath.php on line 157
[13-Mar-2026 13:25:59 UTC] PHP Deprecated:  chr(): Providing a value not in-between 0 and 255 is deprecated, this is because a byte value must be in the [0, 255] interval. The value used will be constrained using % 256 in C:\Users\Pablo\Documents\GitHub\nine-screen-canvas-flow\vendor\phpseclib\phpseclib\phpseclib\Math\BigInteger\Engines\BCMath.php on line 157
[13-Mar-2026 13:25:59 UTC] PHP Deprecated:  chr(): Providing a value not in-between 0 and 255 is deprecated, this is because a byte value must be in the [0, 255] interval. The value used will be constrained using % 256 in C:\Users\Pablo\Documents\GitHub\nine-screen-canvas-flow\vendor\phpseclib\phpseclib\phpseclib\Math\BigInteger\Engines\BCMath.php on line 157
[13-Mar-2026 13:25:59 UTC] PHP Deprecated:  chr(): Providing a value not in-between 0 and 255 is deprecated, this is because a byte value must be in the [0, 255] interval. The value used will be constrained using % 256 in C:\Users\Pablo\Documents\GitHub\nine-screen-canvas-flow\vendor\phpseclib\phpseclib\phpseclib\Math\BigInteger\Engines\BCMath.php on line 157
[13-Mar-2026 13:25:59 UTC] PHP Deprecated:  chr(): Providing a value not in-between 0 and 255 is deprecated, this is because a byte value must be in the [0, 255] interval. The value used will be constrained using % 256 in C:\Users\Pablo\Documents\GitHub\nine-screen-canvas-flow\vendor\phpseclib\phpseclib\phpseclib\Math\BigInteger\Engines\BCMath.php on line 157
[13-Mar-2026 13:25:59 UTC] PHP Deprecated:  chr(): Providing a value not in-between 0 and 255 is deprecated, this is because a byte value must be in the [0, 255] interval. The value used will be constrained using % 256 in C:\Users\Pablo\Documents\GitHub\nine-screen-canvas-flow\vendor\phpseclib\phpseclib\phpseclib\Math\BigInteger\Engines\BCMath.php on line 157
[13-Mar-2026 13:25:59 UTC] PHP Deprecated:  chr(): Providing a value not in-between 0 and 255 is deprecated, this is because a byte value must be in the [0, 255] interval. The value used will be constrained using % 256 in C:\Users\Pablo\Documents\GitHub\nine-screen-canvas-flow\vendor\phpseclib\phpseclib\phpseclib\Math\BigInteger\Engines\BCMath.php on line 157
[13-Mar-2026 13:25:59 UTC] PHP Deprecated:  chr(): Providing a value not in-between 0 and 255 is deprecated, this is because a byte value must be in the [0, 255] interval. The value used will be constrained using % 256 in C:\Users\Pablo\Documents\GitHub\nine-screen-canvas-flow\vendor\phpseclib\phpseclib\phpseclib\Math\BigInteger\Engines\BCMath.php on line 157
[13-Mar-2026 13:25:59 UTC] PHP Deprecated:  chr(): Providing a value not in-between 0 and 255 is deprecated, this is because a byte value must be in the [0, 255] interval. The value used will be constrained using % 256 in C:\Users\Pablo\Documents\GitHub\nine-screen-canvas-flow\vendor\phpseclib\phpseclib\phpseclib\Math\BigInteger\Engines\BCMath.php on line 157
[13-Mar-2026 13:25:59 UTC] PHP Deprecated:  chr(): Providing a value not in-between 0 and 255 is deprecated, this is because a byte value must be in the [0, 255] interval. The value used will be constrained using % 256 in C:\Users\Pablo\Documents\GitHub\nine-screen-canvas-flow\vendor\phpseclib\phpseclib\phpseclib\Math\BigInteger\Engines\BCMath.php on line 157
[13-Mar-2026 13:25:59 UTC] PHP Deprecated:  chr(): Providing a value not in-between 0 and 255 is deprecated, this is because a byte value must be in the [0, 255] interval. The value used will be constrained using % 256 in C:\Users\Pablo\Documents\GitHub\nine-screen-canvas-flow\vendor\phpseclib\phpseclib\phpseclib\Math\BigInteger\Engines\BCMath.php on line 157
[13-Mar-2026 13:25:59 UTC] PHP Deprecated:  chr(): Providing a value not in-between 0 and 255 is deprecated, this is because a byte value must be in the [0, 255] interval. The value used will be constrained using % 256 in C:\Users\Pablo\Documents\GitHub\nine-screen-canvas-flow\vendor\phpseclib\phpseclib\phpseclib\Math\BigInteger\Engines\BCMath.php on line 157
[13-Mar-2026 13:25:59 UTC] PHP Deprecated:  chr(): Providing a value not in-between 0 and 255 is deprecated, this is because a byte value must be in the [0, 255] interval. The value used will be constrained using % 256 in C:\Users\Pablo\Documents\GitHub\nine-screen-canvas-flow\vendor\phpseclib\phpseclib\phpseclib\Math\BigInteger\Engines\BCMath.php on line 157
[13-Mar-2026 13:25:59 UTC] PHP Deprecated:  chr(): Providing a value not in-between 0 and 255 is deprecated, this is because a byte value must be in the [0, 255] interval. The value used will be constrained using % 256 in C:\Users\Pablo\Documents\GitHub\nine-screen-canvas-flow\vendor\phpseclib\phpseclib\phpseclib\Math\BigInteger\Engines\BCMath.php on line 157
[13-Mar-2026 13:25:59 UTC] PHP Deprecated:  chr(): Providing a value not in-between 0 and 255 is deprecated, this is because a byte value must be in the [0, 255] interval. The value used will be constrained using % 256 in C:\Users\Pablo\Documents\GitHub\nine-screen-canvas-flow\vendor\phpseclib\phpseclib\phpseclib\Math\BigInteger\Engines\BCMath.php on line 157
[13-Mar-2026 13:25:59 UTC] PHP Deprecated:  chr(): Providing a value not in-between 0 and 255 is deprecated, this is because a byte value must be in the [0, 255] interval. The value used will be constrained using % 256 in C:\Users\Pablo\Documents\GitHub\nine-screen-canvas-flow\vendor\phpseclib\phpseclib\phpseclib\Math\BigInteger\Engines\BCMath.php on line 157
[13-Mar-2026 13:25:59 UTC] PHP Deprecated:  chr(): Providing a value not in-between 0 and 255 is deprecated, this is because a byte value must be in the [0, 255] interval. The value used will be constrained using % 256 in C:\Users\Pablo\Documents\GitHub\nine-screen-canvas-flow\vendor\phpseclib\phpseclib\phpseclib\Math\BigInteger\Engines\BCMath.php on line 157
[13-Mar-2026 13:25:59 UTC] PHP Deprecated:  chr(): Providing a value not in-between 0 and 255 is deprecated, this is because a byte value must be in the [0, 255] interval. The value used will be constrained using % 256 in C:\Users\Pablo\Documents\GitHub\nine-screen-canvas-flow\vendor\phpseclib\phpseclib\phpseclib\Math\BigInteger\Engines\BCMath.php on line 157
[13-Mar-2026 13:25:59 UTC] PHP Deprecated:  chr(): Providing a value not in-between 0 and 255 is deprecated, this is because a byte value must be in the [0, 255] interval. The value used will be constrained using % 256 in C:\Users\Pablo\Documents\GitHub\nine-screen-canvas-flow\vendor\phpseclib\phpseclib\phpseclib\Math\BigInteger\Engines\BCMath.php on line 157
[13-Mar-2026 13:25:59 UTC] PHP Deprecated:  chr(): Providing a value not in-between 0 and 255 is deprecated, this is because a byte value must be in the [0, 255] interval. The value used will be constrained using % 256 in C:\Users\Pablo\Documents\GitHub\nine-screen-canvas-flow\vendor\phpseclib\phpseclib\phpseclib\Math\BigInteger\Engines\BCMath.php on line 157
[13-Mar-2026 13:25:59 UTC] PHP Deprecated:  chr(): Providing a value not in-between 0 and 255 is deprecated, this is because a byte value must be in the [0, 255] interval. The value used will be constrained using % 256 in C:\Users\Pablo\Documents\GitHub\nine-screen-canvas-flow\vendor\phpseclib\phpseclib\phpseclib\Math\BigInteger\Engines\BCMath.php on line 157
[13-Mar-2026 13:25:59 UTC] PHP Deprecated:  chr(): Providing a value not in-between 0 and 255 is deprecated, this is because a byte value must be in the [0, 255] interval. The value used will be constrained using % 256 in C:\Users\Pablo\Documents\GitHub\nine-screen-canvas-flow\vendor\phpseclib\phpseclib\phpseclib\Math\BigInteger\Engines\BCMath.php on line 157
[13-Mar-2026 13:25:59 UTC] PHP Deprecated:  chr(): Providing a value not in-between 0 and 255 is deprecated, this is because a byte value must be in the [0, 255] interval. The value used will be constrained using % 256 in C:\Users\Pablo\Documents\GitHub\nine-screen-canvas-flow\vendor\phpseclib\phpseclib\phpseclib\Math\BigInteger\Engines\BCMath.php on line 157
[13-Mar-2026 13:25:59 UTC] PHP Deprecated:  chr(): Providing a value not in-between 0 and 255 is deprecated, this is because a byte value must be in the [0, 255] interval. The value used will be constrained using % 256 in C:\Users\Pablo\Documents\GitHub\nine-screen-canvas-flow\vendor\phpseclib\phpseclib\phpseclib\Math\BigInteger\Engines\BCMath.php on line 157
[13-Mar-2026 13:25:59 UTC] PHP Deprecated:  chr(): Providing a value not in-between 0 and 255 is deprecated, this is because a byte value must be in the [0, 255] interval. The value used will be constrained using % 256 in C:\Users\Pablo\Documents\GitHub\nine-screen-canvas-flow\vendor\phpseclib\phpseclib\phpseclib\Math\BigInteger\Engines\BCMath.php on line 157
[13-Mar-2026 13:25:59 UTC] PHP Deprecated:  chr(): Providing a value not in-between 0 and 255 is deprecated, this is because a byte value must be in the [0, 255] interval. The value used will be constrained using % 256 in C:\Users\Pablo\Documents\GitHub\nine-screen-canvas-flow\vendor\phpseclib\phpseclib\phpseclib\Math\BigInteger\Engines\BCMath.php on line 157
[13-Mar-2026 13:25:59 UTC] PHP Deprecated:  chr(): Providing a value not in-between 0 and 255 is deprecated, this is because a byte value must be in the [0, 255] interval. The value used will be constrained using % 256 in C:\Users\Pablo\Documents\GitHub\nine-screen-canvas-flow\vendor\phpseclib\phpseclib\phpseclib\Math\BigInteger\Engines\BCMath.php on line 157
[13-Mar-2026 13:25:59 UTC] PHP Deprecated:  chr(): Providing a value not in-between 0 and 255 is deprecated, this is because a byte value must be in the [0, 255] interval. The value used will be constrained using % 256 in C:\Users\Pablo\Documents\GitHub\nine-screen-canvas-flow\vendor\phpseclib\phpseclib\phpseclib\Math\BigInteger\Engines\BCMath.php on line 157
[13-Mar-2026 13:25:59 UTC] PHP Deprecated:  chr(): Providing a value not in-between 0 and 255 is deprecated, this is because a byte value must be in the [0, 255] interval. The value used will be constrained using % 256 in C:\Users\Pablo\Documents\GitHub\nine-screen-canvas-flow\vendor\phpseclib\phpseclib\phpseclib\Math\BigInteger\Engines\BCMath.php on line 157
[13-Mar-2026 13:25:59 UTC] PHP Deprecated:  chr(): Providing a value not in-between 0 and 255 is deprecated, this is because a byte value must be in the [0, 255] interval. The value used will be constrained using % 256 in C:\Users\Pablo\Documents\GitHub\nine-screen-canvas-flow\vendor\phpseclib\phpseclib\phpseclib\Math\BigInteger\Engines\BCMath.php on line 157
[13-Mar-2026 13:25:59 UTC] PHP Deprecated:  chr(): Providing a value not in-between 0 and 255 is deprecated, this is because a byte value must be in the [0, 255] interval. The value used will be constrained using % 256 in C:\Users\Pablo\Documents\GitHub\nine-screen-canvas-flow\vendor\phpseclib\phpseclib\phpseclib\Math\BigInteger\Engines\BCMath.php on line 157
[13-Mar-2026 13:25:59 UTC] PHP Deprecated:  chr(): Providing a value not in-between 0 and 255 is deprecated, this is because a byte value must be in the [0, 255] interval. The value used will be constrained using % 256 in C:\Users\Pablo\Documents\GitHub\nine-screen-canvas-flow\vendor\phpseclib\phpseclib\phpseclib\Math\BigInteger\Engines\BCMath.php on line 157
[13-Mar-2026 13:25:59 UTC] PHP Deprecated:  chr(): Providing a value not in-between 0 and 255 is deprecated, this is because a byte value must be in the [0, 255] interval. The value used will be constrained using % 256 in C:\Users\Pablo\Documents\GitHub\nine-screen-canvas-flow\vendor\phpseclib\phpseclib\phpseclib\Math\BigInteger\Engines\BCMath.php on line 157
[13-Mar-2026 13:25:59 UTC] PHP Deprecated:  chr(): Providing a value not in-between 0 and 255 is deprecated, this is because a byte value must be in the [0, 255] interval. The value used will be constrained using % 256 in C:\Users\Pablo\Documents\GitHub\nine-screen-canvas-flow\vendor\phpseclib\phpseclib\phpseclib\Math\BigInteger\Engines\BCMath.php on line 157
[13-Mar-2026 13:25:59 UTC] PHP Deprecated:  chr(): Providing a value not in-between 0 and 255 is deprecated, this is because a byte value must be in the [0, 255] interval. The value used will be constrained using % 256 in C:\Users\Pablo\Documents\GitHub\nine-screen-canvas-flow\vendor\phpseclib\phpseclib\phpseclib\Math\BigInteger\Engines\BCMath.php on line 157
[13-Mar-2026 13:25:59 UTC] PHP Deprecated:  chr(): Providing a value not in-between 0 and 255 is deprecated, this is because a byte value must be in the [0, 255] interval. The value used will be constrained using % 256 in C:\Users\Pablo\Documents\GitHub\nine-screen-canvas-flow\vendor\phpseclib\phpseclib\phpseclib\Math\BigInteger\Engines\BCMath.php on line 157
[13-Mar-2026 13:25:59 UTC] PHP Deprecated:  chr(): Providing a value not in-between 0 and 255 is deprecated, this is because a byte value must be in the [0, 255] interval. The value used will be constrained using % 256 in C:\Users\Pablo\Documents\GitHub\nine-screen-canvas-flow\vendor\phpseclib\phpseclib\phpseclib\Math\BigInteger\Engines\BCMath.php on line 157
[13-Mar-2026 13:25:59 UTC] PHP Deprecated:  chr(): Providing a value not in-between 0 and 255 is deprecated, this is because a byte value must be in the [0, 255] interval. The value used will be constrained using % 256 in C:\Users\Pablo\Documents\GitHub\nine-screen-canvas-flow\vendor\phpseclib\phpseclib\phpseclib\Math\BigInteger\Engines\BCMath.php on line 157
[13-Mar-2026 13:25:59 UTC] PHP Deprecated:  chr(): Providing a value not in-between 0 and 255 is deprecated, this is because a byte value must be in the [0, 255] interval. The value used will be constrained using % 256 in C:\Users\Pablo\Documents\GitHub\nine-screen-canvas-flow\vendor\phpseclib\phpseclib\phpseclib\Math\BigInteger\Engines\BCMath.php on line 157
[13-Mar-2026 13:25:59 UTC] PHP Deprecated:  chr(): Providing a value not in-between 0 and 255 is deprecated, this is because a byte value must be in the [0, 255] interval. The value used will be constrained using % 256 in C:\Users\Pablo\Documents\GitHub\nine-screen-canvas-flow\vendor\phpseclib\phpseclib\phpseclib\Math\BigInteger\Engines\BCMath.php on line 157
[13-Mar-2026 13:25:59 UTC] PHP Deprecated:  chr(): Providing a value not in-between 0 and 255 is deprecated, this is because a byte value must be in the [0, 255] interval. The value used will be constrained using % 256 in C:\Users\Pablo\Documents\GitHub\nine-screen-canvas-flow\vendor\phpseclib\phpseclib\phpseclib\Math\BigInteger\Engines\BCMath.php on line 157
[13-Mar-2026 13:25:59 UTC] PHP Deprecated:  chr(): Providing a value not in-between 0 and 255 is deprecated, this is because a byte value must be in the [0, 255] interval. The value used will be constrained using % 256 in C:\Users\Pablo\Documents\GitHub\nine-screen-canvas-flow\vendor\phpseclib\phpseclib\phpseclib\Math\BigInteger\Engines\BCMath.php on line 157
[13-Mar-2026 13:25:59 UTC] PHP Deprecated:  chr(): Providing a value not in-between 0 and 255 is deprecated, this is because a byte value must be in the [0, 255] interval. The value used will be constrained using % 256 in C:\Users\Pablo\Documents\GitHub\nine-screen-canvas-flow\vendor\phpseclib\phpseclib\phpseclib\Math\BigInteger\Engines\BCMath.php on line 157
[13-Mar-2026 13:25:59 UTC] PHP Deprecated:  chr(): Providing a value not in-between 0 and 255 is deprecated, this is because a byte value must be in the [0, 255] interval. The value used will be constrained using % 256 in C:\Users\Pablo\Documents\GitHub\nine-screen-canvas-flow\vendor\phpseclib\phpseclib\phpseclib\Math\BigInteger\Engines\BCMath.php on line 157
[13-Mar-2026 13:25:59 UTC] PHP Deprecated:  chr(): Providing a value not in-between 0 and 255 is deprecated, this is because a byte value must be in the [0, 255] interval. The value used will be constrained using % 256 in C:\Users\Pablo\Documents\GitHub\nine-screen-canvas-flow\vendor\phpseclib\phpseclib\phpseclib\Math\BigInteger\Engines\BCMath.php on line 157
[13-Mar-2026 13:25:59 UTC] PHP Deprecated:  chr(): Providing a value not in-between 0 and 255 is deprecated, this is because a byte value must be in the [0, 255] interval. The value used will be constrained using % 256 in C:\Users\Pablo\Documents\GitHub\nine-screen-canvas-flow\vendor\phpseclib\phpseclib\phpseclib\Math\BigInteger\Engines\BCMath.php on line 157
[13-Mar-2026 13:25:59 UTC] PHP Deprecated:  chr(): Providing a value not in-between 0 and 255 is deprecated, this is because a byte value must be in the [0, 255] interval. The value used will be constrained using % 256 in C:\Users\Pablo\Documents\GitHub\nine-screen-canvas-flow\vendor\phpseclib\phpseclib\phpseclib\Math\BigInteger\Engines\BCMath.php on line 157
[13-Mar-2026 13:25:59 UTC] PHP Deprecated:  chr(): Providing a value not in-between 0 and 255 is deprecated, this is because a byte value must be in the [0, 255] interval. The value used will be constrained using % 256 in C:\Users\Pablo\Documents\GitHub\nine-screen-canvas-flow\vendor\phpseclib\phpseclib\phpseclib\Math\BigInteger\Engines\BCMath.php on line 157
[13-Mar-2026 13:25:59 UTC] PHP Deprecated:  chr(): Providing a value not in-between 0 and 255 is deprecated, this is because a byte value must be in the [0, 255] interval. The value used will be constrained using % 256 in C:\Users\Pablo\Documents\GitHub\nine-screen-canvas-flow\vendor\phpseclib\phpseclib\phpseclib\Math\BigInteger\Engines\BCMath.php on line 157
[13-Mar-2026 13:25:59 UTC] PHP Deprecated:  chr(): Providing a value not in-between 0 and 255 is deprecated, this is because a byte value must be in the [0, 255] interval. The value used will be constrained using % 256 in C:\Users\Pablo\Documents\GitHub\nine-screen-canvas-flow\vendor\phpseclib\phpseclib\phpseclib\Math\BigInteger\Engines\BCMath.php on line 157
[13-Mar-2026 13:25:59 UTC] PHP Deprecated:  chr(): Providing a value not in-between 0 and 255 is deprecated, this is because a byte value must be in the [0, 255] interval. The value used will be constrained using % 256 in C:\Users\Pablo\Documents\GitHub\nine-screen-canvas-flow\vendor\phpseclib\phpseclib\phpseclib\Math\BigInteger\Engines\BCMath.php on line 157
[13-Mar-2026 13:25:59 UTC] PHP Deprecated:  chr(): Providing a value not in-between 0 and 255 is deprecated, this is because a byte value must be in the [0, 255] interval. The value used will be constrained using % 256 in C:\Users\Pablo\Documents\GitHub\nine-screen-canvas-flow\vendor\phpseclib\phpseclib\phpseclib\Math\BigInteger\Engines\BCMath.php on line 157
[13-Mar-2026 13:25:59 UTC] PHP Deprecated:  chr(): Providing a value not in-between 0 and 255 is deprecated, this is because a byte value must be in the [0, 255] interval. The value used will be constrained using % 256 in C:\Users\Pablo\Documents\GitHub\nine-screen-canvas-flow\vendor\phpseclib\phpseclib\phpseclib\Math\BigInteger\Engines\BCMath.php on line 157
[13-Mar-2026 13:25:59 UTC] PHP Deprecated:  chr(): Providing a value not in-between 0 and 255 is deprecated, this is because a byte value must be in the [0, 255] interval. The value used will be constrained using % 256 in C:\Users\Pablo\Documents\GitHub\nine-screen-canvas-flow\vendor\phpseclib\phpseclib\phpseclib\Math\BigInteger\Engines\BCMath.php on line 157
[13-Mar-2026 13:25:59 UTC] PHP Deprecated:  chr(): Providing a value not in-between 0 and 255 is deprecated, this is because a byte value must be in the [0, 255] interval. The value used will be constrained using % 256 in C:\Users\Pablo\Documents\GitHub\nine-screen-canvas-flow\vendor\phpseclib\phpseclib\phpseclib\Math\BigInteger\Engines\BCMath.php on line 157
[13-Mar-2026 13:25:59 UTC] PHP Deprecated:  chr(): Providing a value not in-between 0 and 255 is deprecated, this is because a byte value must be in the [0, 255] interval. The value used will be constrained using % 256 in C:\Users\Pablo\Documents\GitHub\nine-screen-canvas-flow\vendor\phpseclib\phpseclib\phpseclib\Math\BigInteger\Engines\BCMath.php on line 157
[13-Mar-2026 13:25:59 UTC] PHP Deprecated:  chr(): Providing a value not in-between 0 and 255 is deprecated, this is because a byte value must be in the [0, 255] interval. The value used will be constrained using % 256 in C:\Users\Pablo\Documents\GitHub\nine-screen-canvas-flow\vendor\phpseclib\phpseclib\phpseclib\Math\BigInteger\Engines\BCMath.php on line 157
[13-Mar-2026 13:25:59 UTC] PHP Deprecated:  chr(): Providing a value not in-between 0 and 255 is deprecated, this is because a byte value must be in the [0, 255] interval. The value used will be constrained using % 256 in C:\Users\Pablo\Documents\GitHub\nine-screen-canvas-flow\vendor\phpseclib\phpseclib\phpseclib\Math\BigInteger\Engines\BCMath.php on line 157
[13-Mar-2026 13:25:59 UTC] PHP Deprecated:  chr(): Providing a value not in-between 0 and 255 is deprecated, this is because a byte value must be in the [0, 255] interval. The value used will be constrained using % 256 in C:\Users\Pablo\Documents\GitHub\nine-screen-canvas-flow\vendor\phpseclib\phpseclib\phpseclib\Math\BigInteger\Engines\BCMath.php on line 157
[13-Mar-2026 13:25:59 UTC] PHP Deprecated:  chr(): Providing a value not in-between 0 and 255 is deprecated, this is because a byte value must be in the [0, 255] interval. The value used will be constrained using % 256 in C:\Users\Pablo\Documents\GitHub\nine-screen-canvas-flow\vendor\phpseclib\phpseclib\phpseclib\Math\BigInteger\Engines\BCMath.php on line 157
[13-Mar-2026 13:25:59 UTC] PHP Deprecated:  chr(): Providing a value not in-between 0 and 255 is deprecated, this is because a byte value must be in the [0, 255] interval. The value used will be constrained using % 256 in C:\Users\Pablo\Documents\GitHub\nine-screen-canvas-flow\vendor\phpseclib\phpseclib\phpseclib\Math\BigInteger\Engines\BCMath.php on line 157
[13-Mar-2026 13:25:59 UTC] PHP Deprecated:  chr(): Providing a value not in-between 0 and 255 is deprecated, this is because a byte value must be in the [0, 255] interval. The value used will be constrained using % 256 in C:\Users\Pablo\Documents\GitHub\nine-screen-canvas-flow\vendor\phpseclib\phpseclib\phpseclib\Math\BigInteger\Engines\BCMath.php on line 157
[13-Mar-2026 13:25:59 UTC] PHP Deprecated:  chr(): Providing a value not in-between 0 and 255 is deprecated, this is because a byte value must be in the [0, 255] interval. The value used will be constrained using % 256 in C:\Users\Pablo\Documents\GitHub\nine-screen-canvas-flow\vendor\phpseclib\phpseclib\phpseclib\Math\BigInteger\Engines\BCMath.php on line 157
[13-Mar-2026 13:25:59 UTC] PHP Deprecated:  chr(): Providing a value not in-between 0 and 255 is deprecated, this is because a byte value must be in the [0, 255] interval. The value used will be constrained using % 256 in C:\Users\Pablo\Documents\GitHub\nine-screen-canvas-flow\vendor\phpseclib\phpseclib\phpseclib\Math\BigInteger\Engines\BCMath.php on line 157
[13-Mar-2026 13:25:59 UTC] PHP Deprecated:  chr(): Providing a value not in-between 0 and 255 is deprecated, this is because a byte value must be in the [0, 255] interval. The value used will be constrained using % 256 in C:\Users\Pablo\Documents\GitHub\nine-screen-canvas-flow\vendor\phpseclib\phpseclib\phpseclib\Math\BigInteger\Engines\BCMath.php on line 157
[13-Mar-2026 13:25:59 UTC] PHP Deprecated:  chr(): Providing a value not in-between 0 and 255 is deprecated, this is because a byte value must be in the [0, 255] interval. The value used will be constrained using % 256 in C:\Users\Pablo\Documents\GitHub\nine-screen-canvas-flow\vendor\phpseclib\phpseclib\phpseclib\Math\BigInteger\Engines\BCMath.php on line 157
[13-Mar-2026 13:25:59 UTC] PHP Deprecated:  chr(): Providing a value not in-between 0 and 255 is deprecated, this is because a byte value must be in the [0, 255] interval. The value used will be constrained using % 256 in C:\Users\Pablo\Documents\GitHub\nine-screen-canvas-flow\vendor\phpseclib\phpseclib\phpseclib\Math\BigInteger\Engines\BCMath.php on line 157
[13-Mar-2026 13:25:59 UTC] PHP Deprecated:  chr(): Providing a value not in-between 0 and 255 is deprecated, this is because a byte value must be in the [0, 255] interval. The value used will be constrained using % 256 in C:\Users\Pablo\Documents\GitHub\nine-screen-canvas-flow\vendor\phpseclib\phpseclib\phpseclib\Math\BigInteger\Engines\BCMath.php on line 157
[13-Mar-2026 13:25:59 UTC] PHP Deprecated:  chr(): Providing a value not in-between 0 and 255 is deprecated, this is because a byte value must be in the [0, 255] interval. The value used will be constrained using % 256 in C:\Users\Pablo\Documents\GitHub\nine-screen-canvas-flow\vendor\phpseclib\phpseclib\phpseclib\Math\BigInteger\Engines\BCMath.php on line 157
[13-Mar-2026 13:25:59 UTC] PHP Deprecated:  chr(): Providing a value not in-between 0 and 255 is deprecated, this is because a byte value must be in the [0, 255] interval. The value used will be constrained using % 256 in C:\Users\Pablo\Documents\GitHub\nine-screen-canvas-flow\vendor\phpseclib\phpseclib\phpseclib\Math\BigInteger\Engines\BCMath.php on line 157
[13-Mar-2026 13:25:59 UTC] PHP Deprecated:  chr(): Providing a value not in-between 0 and 255 is deprecated, this is because a byte value must be in the [0, 255] interval. The value used will be constrained using % 256 in C:\Users\Pablo\Documents\GitHub\nine-screen-canvas-flow\vendor\phpseclib\phpseclib\phpseclib\Math\BigInteger\Engines\BCMath.php on line 157
[13-Mar-2026 13:25:59 UTC] PHP Deprecated:  chr(): Providing a value not in-between 0 and 255 is deprecated, this is because a byte value must be in the [0, 255] interval. The value used will be constrained using % 256 in C:\Users\Pablo\Documents\GitHub\nine-screen-canvas-flow\vendor\phpseclib\phpseclib\phpseclib\Math\BigInteger\Engines\BCMath.php on line 157
[13-Mar-2026 13:25:59 UTC] PHP Deprecated:  chr(): Providing a value not in-between 0 and 255 is deprecated, this is because a byte value must be in the [0, 255] interval. The value used will be constrained using % 256 in C:\Users\Pablo\Documents\GitHub\nine-screen-canvas-flow\vendor\phpseclib\phpseclib\phpseclib\Math\BigInteger\Engines\BCMath.php on line 157
[13-Mar-2026 13:25:59 UTC] PHP Deprecated:  chr(): Providing a value not in-between 0 and 255 is deprecated, this is because a byte value must be in the [0, 255] interval. The value used will be constrained using % 256 in C:\Users\Pablo\Documents\GitHub\nine-screen-canvas-flow\vendor\phpseclib\phpseclib\phpseclib\Math\BigInteger\Engines\BCMath.php on line 157
[13-Mar-2026 13:25:59 UTC] PHP Deprecated:  chr(): Providing a value not in-between 0 and 255 is deprecated, this is because a byte value must be in the [0, 255] interval. The value used will be constrained using % 256 in C:\Users\Pablo\Documents\GitHub\nine-screen-canvas-flow\vendor\phpseclib\phpseclib\phpseclib\Math\BigInteger\Engines\BCMath.php on line 157
[13-Mar-2026 13:25:59 UTC] PHP Deprecated:  chr(): Providing a value not in-between 0 and 255 is deprecated, this is because a byte value must be in the [0, 255] interval. The value used will be constrained using % 256 in C:\Users\Pablo\Documents\GitHub\nine-screen-canvas-flow\vendor\phpseclib\phpseclib\phpseclib\Math\BigInteger\Engines\BCMath.php on line 157
[13-Mar-2026 13:25:59 UTC] PHP Deprecated:  chr(): Providing a value not in-between 0 and 255 is deprecated, this is because a byte value must be in the [0, 255] interval. The value used will be constrained using % 256 in C:\Users\Pablo\Documents\GitHub\nine-screen-canvas-flow\vendor\phpseclib\phpseclib\phpseclib\Math\BigInteger\Engines\BCMath.php on line 157
[13-Mar-2026 13:25:59 UTC] PHP Deprecated:  chr(): Providing a value not in-between 0 and 255 is deprecated, this is because a byte value must be in the [0, 255] interval. The value used will be constrained using % 256 in C:\Users\Pablo\Documents\GitHub\nine-screen-canvas-flow\vendor\phpseclib\phpseclib\phpseclib\Math\BigInteger\Engines\BCMath.php on line 157
[13-Mar-2026 13:25:59 UTC] PHP Deprecated:  chr(): Providing a value not in-between 0 and 255 is deprecated, this is because a byte value must be in the [0, 255] interval. The value used will be constrained using % 256 in C:\Users\Pablo\Documents\GitHub\nine-screen-canvas-flow\vendor\phpseclib\phpseclib\phpseclib\Math\BigInteger\Engines\BCMath.php on line 157
[13-Mar-2026 13:25:59 UTC] PHP Deprecated:  chr(): Providing a value not in-between 0 and 255 is deprecated, this is because a byte value must be in the [0, 255] interval. The value used will be constrained using % 256 in C:\Users\Pablo\Documents\GitHub\nine-screen-canvas-flow\vendor\phpseclib\phpseclib\phpseclib\Math\BigInteger\Engines\BCMath.php on line 157
[13-Mar-2026 13:25:59 UTC] PHP Deprecated:  chr(): Providing a value not in-between 0 and 255 is deprecated, this is because a byte value must be in the [0, 255] interval. The value used will be constrained using % 256 in C:\Users\Pablo\Documents\GitHub\nine-screen-canvas-flow\vendor\phpseclib\phpseclib\phpseclib\Math\BigInteger\Engines\BCMath.php on line 157
[13-Mar-2026 13:25:59 UTC] PHP Deprecated:  chr(): Providing a value not in-between 0 and 255 is deprecated, this is because a byte value must be in the [0, 255] interval. The value used will be constrained using % 256 in C:\Users\Pablo\Documents\GitHub\nine-screen-canvas-flow\vendor\phpseclib\phpseclib\phpseclib\Math\BigInteger\Engines\BCMath.php on line 157
[13-Mar-2026 13:25:59 UTC] PHP Deprecated:  chr(): Providing a value not in-between 0 and 255 is deprecated, this is because a byte value must be in the [0, 255] interval. The value used will be constrained using % 256 in C:\Users\Pablo\Documents\GitHub\nine-screen-canvas-flow\vendor\phpseclib\phpseclib\phpseclib\Math\BigInteger\Engines\BCMath.php on line 157
[13-Mar-2026 13:25:59 UTC] PHP Deprecated:  chr(): Providing a value not in-between 0 and 255 is deprecated, this is because a byte value must be in the [0, 255] interval. The value used will be constrained using % 256 in C:\Users\Pablo\Documents\GitHub\nine-screen-canvas-flow\vendor\phpseclib\phpseclib\phpseclib\Math\BigInteger\Engines\BCMath.php on line 157
[13-Mar-2026 13:25:59 UTC] PHP Deprecated:  chr(): Providing a value not in-between 0 and 255 is deprecated, this is because a byte value must be in the [0, 255] interval. The value used will be constrained using % 256 in C:\Users\Pablo\Documents\GitHub\nine-screen-canvas-flow\vendor\phpseclib\phpseclib\phpseclib\Math\BigInteger\Engines\BCMath.php on line 157
[13-Mar-2026 13:25:59 UTC] PHP Deprecated:  chr(): Providing a value not in-between 0 and 255 is deprecated, this is because a byte value must be in the [0, 255] interval. The value used will be constrained using % 256 in C:\Users\Pablo\Documents\GitHub\nine-screen-canvas-flow\vendor\phpseclib\phpseclib\phpseclib\Math\BigInteger\Engines\BCMath.php on line 157
[13-Mar-2026 13:25:59 UTC] PHP Deprecated:  chr(): Providing a value not in-between 0 and 255 is deprecated, this is because a byte value must be in the [0, 255] interval. The value used will be constrained using % 256 in C:\Users\Pablo\Documents\GitHub\nine-screen-canvas-flow\vendor\phpseclib\phpseclib\phpseclib\Math\BigInteger\Engines\BCMath.php on line 157
[13-Mar-2026 13:25:59 UTC] PHP Deprecated:  chr(): Providing a value not in-between 0 and 255 is deprecated, this is because a byte value must be in the [0, 255] interval. The value used will be constrained using % 256 in C:\Users\Pablo\Documents\GitHub\nine-screen-canvas-flow\vendor\phpseclib\phpseclib\phpseclib\Math\BigInteger\Engines\BCMath.php on line 157
[13-Mar-2026 13:25:59 UTC] PHP Deprecated:  chr(): Providing a value not in-between 0 and 255 is deprecated, this is because a byte value must be in the [0, 255] interval. The value used will be constrained using % 256 in C:\Users\Pablo\Documents\GitHub\nine-screen-canvas-flow\vendor\phpseclib\phpseclib\phpseclib\Math\BigInteger\Engines\BCMath.php on line 157
[13-Mar-2026 13:25:59 UTC] PHP Deprecated:  chr(): Providing a value not in-between 0 and 255 is deprecated, this is because a byte value must be in the [0, 255] interval. The value used will be constrained using % 256 in C:\Users\Pablo\Documents\GitHub\nine-screen-canvas-flow\vendor\phpseclib\phpseclib\phpseclib\Math\BigInteger\Engines\BCMath.php on line 157
[13-Mar-2026 13:25:59 UTC] PHP Deprecated:  chr(): Providing a value not in-between 0 and 255 is deprecated, this is because a byte value must be in the [0, 255] interval. The value used will be constrained using % 256 in C:\Users\Pablo\Documents\GitHub\nine-screen-canvas-flow\vendor\phpseclib\phpseclib\phpseclib\Math\BigInteger\Engines\BCMath.php on line 157
[13-Mar-2026 13:25:59 UTC] PHP Deprecated:  chr(): Providing a value not in-between 0 and 255 is deprecated, this is because a byte value must be in the [0, 255] interval. The value used will be constrained using % 256 in C:\Users\Pablo\Documents\GitHub\nine-screen-canvas-flow\vendor\phpseclib\phpseclib\phpseclib\Math\BigInteger\Engines\BCMath.php on line 157
[13-Mar-2026 13:25:59 UTC] PHP Deprecated:  chr(): Providing a value not in-between 0 and 255 is deprecated, this is because a byte value must be in the [0, 255] interval. The value used will be constrained using % 256 in C:\Users\Pablo\Documents\GitHub\nine-screen-canvas-flow\vendor\phpseclib\phpseclib\phpseclib\Math\BigInteger\Engines\BCMath.php on line 157
[13-Mar-2026 13:25:59 UTC] PHP Deprecated:  chr(): Providing a value not in-between 0 and 255 is deprecated, this is because a byte value must be in the [0, 255] interval. The value used will be constrained using % 256 in C:\Users\Pablo\Documents\GitHub\nine-screen-canvas-flow\vendor\phpseclib\phpseclib\phpseclib\Math\BigInteger\Engines\BCMath.php on line 157
[13-Mar-2026 13:25:59 UTC] PHP Deprecated:  chr(): Providing a value not in-between 0 and 255 is deprecated, this is because a byte value must be in the [0, 255] interval. The value used will be constrained using % 256 in C:\Users\Pablo\Documents\GitHub\nine-screen-canvas-flow\vendor\phpseclib\phpseclib\phpseclib\Math\BigInteger\Engines\BCMath.php on line 157
[13-Mar-2026 13:25:59 UTC] PHP Deprecated:  chr(): Providing a value not in-between 0 and 255 is deprecated, this is because a byte value must be in the [0, 255] interval. The value used will be constrained using % 256 in C:\Users\Pablo\Documents\GitHub\nine-screen-canvas-flow\vendor\phpseclib\phpseclib\phpseclib\Math\BigInteger\Engines\BCMath.php on line 157
[13-Mar-2026 13:25:59 UTC] PHP Deprecated:  chr(): Providing a value not in-between 0 and 255 is deprecated, this is because a byte value must be in the [0, 255] interval. The value used will be constrained using % 256 in C:\Users\Pablo\Documents\GitHub\nine-screen-canvas-flow\vendor\phpseclib\phpseclib\phpseclib\Math\BigInteger\Engines\BCMath.php on line 157
[13-Mar-2026 13:25:59 UTC] PHP Deprecated:  chr(): Providing a value not in-between 0 and 255 is deprecated, this is because a byte value must be in the [0, 255] interval. The value used will be constrained using % 256 in C:\Users\Pablo\Documents\GitHub\nine-screen-canvas-flow\vendor\phpseclib\phpseclib\phpseclib\Math\BigInteger\Engines\BCMath.php on line 157
[13-Mar-2026 13:25:59 UTC] PHP Deprecated:  chr(): Providing a value not in-between 0 and 255 is deprecated, this is because a byte value must be in the [0, 255] interval. The value used will be constrained using % 256 in C:\Users\Pablo\Documents\GitHub\nine-screen-canvas-flow\vendor\phpseclib\phpseclib\phpseclib\Math\BigInteger\Engines\BCMath.php on line 157
[13-Mar-2026 13:25:59 UTC] PHP Deprecated:  chr(): Providing a value not in-between 0 and 255 is deprecated, this is because a byte value must be in the [0, 255] interval. The value used will be constrained using % 256 in C:\Users\Pablo\Documents\GitHub\nine-screen-canvas-flow\vendor\phpseclib\phpseclib\phpseclib\Math\BigInteger\Engines\BCMath.php on line 157
[13-Mar-2026 13:25:59 UTC] PHP Deprecated:  chr(): Providing a value not in-between 0 and 255 is deprecated, this is because a byte value must be in the [0, 255] interval. The value used will be constrained using % 256 in C:\Users\Pablo\Documents\GitHub\nine-screen-canvas-flow\vendor\phpseclib\phpseclib\phpseclib\Math\BigInteger\Engines\BCMath.php on line 157
[13-Mar-2026 13:25:59 UTC] PHP Deprecated:  chr(): Providing a value not in-between 0 and 255 is deprecated, this is because a byte value must be in the [0, 255] interval. The value used will be constrained using % 256 in C:\Users\Pablo\Documents\GitHub\nine-screen-canvas-flow\vendor\phpseclib\phpseclib\phpseclib\Math\BigInteger\Engines\BCMath.php on line 157
[13-Mar-2026 13:25:59 UTC] PHP Deprecated:  chr(): Providing a value not in-between 0 and 255 is deprecated, this is because a byte value must be in the [0, 255] interval. The value used will be constrained using % 256 in C:\Users\Pablo\Documents\GitHub\nine-screen-canvas-flow\vendor\phpseclib\phpseclib\phpseclib\Math\BigInteger\Engines\BCMath.php on line 157
[13-Mar-2026 13:25:59 UTC] PHP Deprecated:  chr(): Providing a value not in-between 0 and 255 is deprecated, this is because a byte value must be in the [0, 255] interval. The value used will be constrained using % 256 in C:\Users\Pablo\Documents\GitHub\nine-screen-canvas-flow\vendor\phpseclib\phpseclib\phpseclib\Math\BigInteger\Engines\BCMath.php on line 157
[13-Mar-2026 13:25:59 UTC] PHP Deprecated:  chr(): Providing a value not in-between 0 and 255 is deprecated, this is because a byte value must be in the [0, 255] interval. The value used will be constrained using % 256 in C:\Users\Pablo\Documents\GitHub\nine-screen-canvas-flow\vendor\phpseclib\phpseclib\phpseclib\Math\BigInteger\Engines\BCMath.php on line 157
[13-Mar-2026 13:25:59 UTC] PHP Deprecated:  chr(): Providing a value not in-between 0 and 255 is deprecated, this is because a byte value must be in the [0, 255] interval. The value used will be constrained using % 256 in C:\Users\Pablo\Documents\GitHub\nine-screen-canvas-flow\vendor\phpseclib\phpseclib\phpseclib\Math\BigInteger\Engines\BCMath.php on line 157
[13-Mar-2026 13:25:59 UTC] PHP Deprecated:  chr(): Providing a value not in-between 0 and 255 is deprecated, this is because a byte value must be in the [0, 255] interval. The value used will be constrained using % 256 in C:\Users\Pablo\Documents\GitHub\nine-screen-canvas-flow\vendor\phpseclib\phpseclib\phpseclib\Math\BigInteger\Engines\BCMath.php on line 157
[13-Mar-2026 13:25:59 UTC] PHP Deprecated:  chr(): Providing a value not in-between 0 and 255 is deprecated, this is because a byte value must be in the [0, 255] interval. The value used will be constrained using % 256 in C:\Users\Pablo\Documents\GitHub\nine-screen-canvas-flow\vendor\phpseclib\phpseclib\phpseclib\Math\BigInteger\Engines\BCMath.php on line 157
[13-Mar-2026 13:25:59 UTC] PHP Deprecated:  chr(): Providing a value not in-between 0 and 255 is deprecated, this is because a byte value must be in the [0, 255] interval. The value used will be constrained using % 256 in C:\Users\Pablo\Documents\GitHub\nine-screen-canvas-flow\vendor\phpseclib\phpseclib\phpseclib\Math\BigInteger\Engines\BCMath.php on line 157
[13-Mar-2026 13:25:59 UTC] PHP Deprecated:  chr(): Providing a value not in-between 0 and 255 is deprecated, this is because a byte value must be in the [0, 255] interval. The value used will be constrained using % 256 in C:\Users\Pablo\Documents\GitHub\nine-screen-canvas-flow\vendor\phpseclib\phpseclib\phpseclib\Math\BigInteger\Engines\BCMath.php on line 157
[13-Mar-2026 13:25:59 UTC] PHP Deprecated:  chr(): Providing a value not in-between 0 and 255 is deprecated, this is because a byte value must be in the [0, 255] interval. The value used will be constrained using % 256 in C:\Users\Pablo\Documents\GitHub\nine-screen-canvas-flow\vendor\phpseclib\phpseclib\phpseclib\Math\BigInteger\Engines\BCMath.php on line 157
[13-Mar-2026 13:25:59 UTC] PHP Deprecated:  chr(): Providing a value not in-between 0 and 255 is deprecated, this is because a byte value must be in the [0, 255] interval. The value used will be constrained using % 256 in C:\Users\Pablo\Documents\GitHub\nine-screen-canvas-flow\vendor\phpseclib\phpseclib\phpseclib\Math\BigInteger\Engines\BCMath.php on line 157
[13-Mar-2026 13:25:59 UTC] PHP Deprecated:  chr(): Providing a value not in-between 0 and 255 is deprecated, this is because a byte value must be in the [0, 255] interval. The value used will be constrained using % 256 in C:\Users\Pablo\Documents\GitHub\nine-screen-canvas-flow\vendor\phpseclib\phpseclib\phpseclib\Math\BigInteger\Engines\BCMath.php on line 157
[13-Mar-2026 13:25:59 UTC] PHP Deprecated:  chr(): Providing a value not in-between 0 and 255 is deprecated, this is because a byte value must be in the [0, 255] interval. The value used will be constrained using % 256 in C:\Users\Pablo\Documents\GitHub\nine-screen-canvas-flow\vendor\phpseclib\phpseclib\phpseclib\Math\BigInteger\Engines\BCMath.php on line 157
[13-Mar-2026 13:25:59 UTC] PHP Deprecated:  chr(): Providing a value not in-between 0 and 255 is deprecated, this is because a byte value must be in the [0, 255] interval. The value used will be constrained using % 256 in C:\Users\Pablo\Documents\GitHub\nine-screen-canvas-flow\vendor\phpseclib\phpseclib\phpseclib\Math\BigInteger\Engines\BCMath.php on line 157
[13-Mar-2026 13:25:59 UTC] PHP Deprecated:  chr(): Providing a value not in-between 0 and 255 is deprecated, this is because a byte value must be in the [0, 255] interval. The value used will be constrained using % 256 in C:\Users\Pablo\Documents\GitHub\nine-screen-canvas-flow\vendor\phpseclib\phpseclib\phpseclib\Math\BigInteger\Engines\BCMath.php on line 157
[13-Mar-2026 13:25:59 UTC] PHP Deprecated:  chr(): Providing a value not in-between 0 and 255 is deprecated, this is because a byte value must be in the [0, 255] interval. The value used will be constrained using % 256 in C:\Users\Pablo\Documents\GitHub\nine-screen-canvas-flow\vendor\phpseclib\phpseclib\phpseclib\Math\BigInteger\Engines\BCMath.php on line 157
[13-Mar-2026 13:25:59 UTC] PHP Deprecated:  chr(): Providing a value not in-between 0 and 255 is deprecated, this is because a byte value must be in the [0, 255] interval. The value used will be constrained using % 256 in C:\Users\Pablo\Documents\GitHub\nine-screen-canvas-flow\vendor\phpseclib\phpseclib\phpseclib\Math\BigInteger\Engines\BCMath.php on line 157
[13-Mar-2026 13:25:59 UTC] PHP Deprecated:  chr(): Providing a value not in-between 0 and 255 is deprecated, this is because a byte value must be in the [0, 255] interval. The value used will be constrained using % 256 in C:\Users\Pablo\Documents\GitHub\nine-screen-canvas-flow\vendor\phpseclib\phpseclib\phpseclib\Math\BigInteger\Engines\BCMath.php on line 157
[13-Mar-2026 13:25:59 UTC] PHP Deprecated:  chr(): Providing a value not in-between 0 and 255 is deprecated, this is because a byte value must be in the [0, 255] interval. The value used will be constrained using % 256 in C:\Users\Pablo\Documents\GitHub\nine-screen-canvas-flow\vendor\phpseclib\phpseclib\phpseclib\Math\BigInteger\Engines\BCMath.php on line 157
[13-Mar-2026 13:25:59 UTC] PHP Deprecated:  chr(): Providing a value not in-between 0 and 255 is deprecated, this is because a byte value must be in the [0, 255] interval. The value used will be constrained using % 256 in C:\Users\Pablo\Documents\GitHub\nine-screen-canvas-flow\vendor\phpseclib\phpseclib\phpseclib\Math\BigInteger\Engines\BCMath.php on line 157
[13-Mar-2026 13:25:59 UTC] PHP Deprecated:  chr(): Providing a value not in-between 0 and 255 is deprecated, this is because a byte value must be in the [0, 255] interval. The value used will be constrained using % 256 in C:\Users\Pablo\Documents\GitHub\nine-screen-canvas-flow\vendor\phpseclib\phpseclib\phpseclib\Math\BigInteger\Engines\BCMath.php on line 157
[13-Mar-2026 13:25:59 UTC] PHP Deprecated:  chr(): Providing a value not in-between 0 and 255 is deprecated, this is because a byte value must be in the [0, 255] interval. The value used will be constrained using % 256 in C:\Users\Pablo\Documents\GitHub\nine-screen-canvas-flow\vendor\phpseclib\phpseclib\phpseclib\Math\BigInteger\Engines\BCMath.php on line 157
[13-Mar-2026 13:25:59 UTC] PHP Deprecated:  chr(): Providing a value not in-between 0 and 255 is deprecated, this is because a byte value must be in the [0, 255] interval. The value used will be constrained using % 256 in C:\Users\Pablo\Documents\GitHub\nine-screen-canvas-flow\vendor\phpseclib\phpseclib\phpseclib\Math\BigInteger\Engines\BCMath.php on line 157
[13-Mar-2026 13:25:59 UTC] PHP Deprecated:  chr(): Providing a value not in-between 0 and 255 is deprecated, this is because a byte value must be in the [0, 255] interval. The value used will be constrained using % 256 in C:\Users\Pablo\Documents\GitHub\nine-screen-canvas-flow\vendor\phpseclib\phpseclib\phpseclib\Math\BigInteger\Engines\BCMath.php on line 157
[13-Mar-2026 13:25:59 UTC] PHP Deprecated:  chr(): Providing a value not in-between 0 and 255 is deprecated, this is because a byte value must be in the [0, 255] interval. The value used will be constrained using % 256 in C:\Users\Pablo\Documents\GitHub\nine-screen-canvas-flow\vendor\phpseclib\phpseclib\phpseclib\Math\BigInteger\Engines\BCMath.php on line 157
[13-Mar-2026 13:25:59 UTC] PHP Deprecated:  chr(): Providing a value not in-between 0 and 255 is deprecated, this is because a byte value must be in the [0, 255] interval. The value used will be constrained using % 256 in C:\Users\Pablo\Documents\GitHub\nine-screen-canvas-flow\vendor\phpseclib\phpseclib\phpseclib\Math\BigInteger\Engines\BCMath.php on line 157
[13-Mar-2026 13:25:59 UTC] PHP Deprecated:  chr(): Providing a value not in-between 0 and 255 is deprecated, this is because a byte value must be in the [0, 255] interval. The value used will be constrained using % 256 in C:\Users\Pablo\Documents\GitHub\nine-screen-canvas-flow\vendor\phpseclib\phpseclib\phpseclib\Math\BigInteger\Engines\BCMath.php on line 157
[13-Mar-2026 13:25:59 UTC] PHP Deprecated:  chr(): Providing a value not in-between 0 and 255 is deprecated, this is because a byte value must be in the [0, 255] interval. The value used will be constrained using % 256 in C:\Users\Pablo\Documents\GitHub\nine-screen-canvas-flow\vendor\phpseclib\phpseclib\phpseclib\Math\BigInteger\Engines\BCMath.php on line 157
[13-Mar-2026 13:25:59 UTC] PHP Deprecated:  chr(): Providing a value not in-between 0 and 255 is deprecated, this is because a byte value must be in the [0, 255] interval. The value used will be constrained using % 256 in C:\Users\Pablo\Documents\GitHub\nine-screen-canvas-flow\vendor\phpseclib\phpseclib\phpseclib\Math\BigInteger\Engines\BCMath.php on line 157
[13-Mar-2026 13:25:59 UTC] PHP Deprecated:  chr(): Providing a value not in-between 0 and 255 is deprecated, this is because a byte value must be in the [0, 255] interval. The value used will be constrained using % 256 in C:\Users\Pablo\Documents\GitHub\nine-screen-canvas-flow\vendor\phpseclib\phpseclib\phpseclib\Math\BigInteger\Engines\BCMath.php on line 157
[13-Mar-2026 13:25:59 UTC] PHP Deprecated:  chr(): Providing a value not in-between 0 and 255 is deprecated, this is because a byte value must be in the [0, 255] interval. The value used will be constrained using % 256 in C:\Users\Pablo\Documents\GitHub\nine-screen-canvas-flow\vendor\phpseclib\phpseclib\phpseclib\Math\BigInteger\Engines\BCMath.php on line 157
[13-Mar-2026 13:25:59 UTC] PHP Deprecated:  chr(): Providing a value not in-between 0 and 255 is deprecated, this is because a byte value must be in the [0, 255] interval. The value used will be constrained using % 256 in C:\Users\Pablo\Documents\GitHub\nine-screen-canvas-flow\vendor\phpseclib\phpseclib\phpseclib\Math\BigInteger\Engines\BCMath.php on line 157
[13-Mar-2026 13:25:59 UTC] PHP Deprecated:  chr(): Providing a value not in-between 0 and 255 is deprecated, this is because a byte value must be in the [0, 255] interval. The value used will be constrained using % 256 in C:\Users\Pablo\Documents\GitHub\nine-screen-canvas-flow\vendor\phpseclib\phpseclib\phpseclib\Math\BigInteger\Engines\BCMath.php on line 157
[13-Mar-2026 13:25:59 UTC] PHP Deprecated:  chr(): Providing a value not in-between 0 and 255 is deprecated, this is because a byte value must be in the [0, 255] interval. The value used will be constrained using % 256 in C:\Users\Pablo\Documents\GitHub\nine-screen-canvas-flow\vendor\phpseclib\phpseclib\phpseclib\Math\BigInteger\Engines\BCMath.php on line 157
[13-Mar-2026 13:25:59 UTC] PHP Deprecated:  chr(): Providing a value not in-between 0 and 255 is deprecated, this is because a byte value must be in the [0, 255] interval. The value used will be constrained using % 256 in C:\Users\Pablo\Documents\GitHub\nine-screen-canvas-flow\vendor\phpseclib\phpseclib\phpseclib\Math\BigInteger\Engines\BCMath.php on line 157
[13-Mar-2026 13:25:59 UTC] PHP Deprecated:  chr(): Providing a value not in-between 0 and 255 is deprecated, this is because a byte value must be in the [0, 255] interval. The value used will be constrained using % 256 in C:\Users\Pablo\Documents\GitHub\nine-screen-canvas-flow\vendor\phpseclib\phpseclib\phpseclib\Math\BigInteger\Engines\BCMath.php on line 157
[13-Mar-2026 13:25:59 UTC] PHP Deprecated:  chr(): Providing a value not in-between 0 and 255 is deprecated, this is because a byte value must be in the [0, 255] interval. The value used will be constrained using % 256 in C:\Users\Pablo\Documents\GitHub\nine-screen-canvas-flow\vendor\phpseclib\phpseclib\phpseclib\Math\BigInteger\Engines\BCMath.php on line 157
[13-Mar-2026 13:25:59 UTC] PHP Deprecated:  chr(): Providing a value not in-between 0 and 255 is deprecated, this is because a byte value must be in the [0, 255] interval. The value used will be constrained using % 256 in C:\Users\Pablo\Documents\GitHub\nine-screen-canvas-flow\vendor\phpseclib\phpseclib\phpseclib\Math\BigInteger\Engines\BCMath.php on line 157
[13-Mar-2026 13:25:59 UTC] PHP Deprecated:  chr(): Providing a value not in-between 0 and 255 is deprecated, this is because a byte value must be in the [0, 255] interval. The value used will be constrained using % 256 in C:\Users\Pablo\Documents\GitHub\nine-screen-canvas-flow\vendor\phpseclib\phpseclib\phpseclib\Math\BigInteger\Engines\BCMath.php on line 157
[13-Mar-2026 13:25:59 UTC] PHP Deprecated:  chr(): Providing a value not in-between 0 and 255 is deprecated, this is because a byte value must be in the [0, 255] interval. The value used will be constrained using % 256 in C:\Users\Pablo\Documents\GitHub\nine-screen-canvas-flow\vendor\phpseclib\phpseclib\phpseclib\Math\BigInteger\Engines\BCMath.php on line 157
[13-Mar-2026 13:25:59 UTC] PHP Deprecated:  chr(): Providing a value not in-between 0 and 255 is deprecated, this is because a byte value must be in the [0, 255] interval. The value used will be constrained using % 256 in C:\Users\Pablo\Documents\GitHub\nine-screen-canvas-flow\vendor\phpseclib\phpseclib\phpseclib\Math\BigInteger\Engines\BCMath.php on line 157
[13-Mar-2026 13:25:59 UTC] PHP Deprecated:  chr(): Providing a value not in-between 0 and 255 is deprecated, this is because a byte value must be in the [0, 255] interval. The value used will be constrained using % 256 in C:\Users\Pablo\Documents\GitHub\nine-screen-canvas-flow\vendor\phpseclib\phpseclib\phpseclib\Math\BigInteger\Engines\BCMath.php on line 157
[13-Mar-2026 13:25:59 UTC] PHP Deprecated:  chr(): Providing a value not in-between 0 and 255 is deprecated, this is because a byte value must be in the [0, 255] interval. The value used will be constrained using % 256 in C:\Users\Pablo\Documents\GitHub\nine-screen-canvas-flow\vendor\phpseclib\phpseclib\phpseclib\Math\BigInteger\Engines\BCMath.php on line 157
[13-Mar-2026 13:25:59 UTC] PHP Deprecated:  chr(): Providing a value not in-between 0 and 255 is deprecated, this is because a byte value must be in the [0, 255] interval. The value used will be constrained using % 256 in C:\Users\Pablo\Documents\GitHub\nine-screen-canvas-flow\vendor\phpseclib\phpseclib\phpseclib\Math\BigInteger\Engines\BCMath.php on line 157
[13-Mar-2026 13:25:59 UTC] PHP Deprecated:  chr(): Providing a value not in-between 0 and 255 is deprecated, this is because a byte value must be in the [0, 255] interval. The value used will be constrained using % 256 in C:\Users\Pablo\Documents\GitHub\nine-screen-canvas-flow\vendor\phpseclib\phpseclib\phpseclib\Math\BigInteger\Engines\BCMath.php on line 157
[13-Mar-2026 13:25:59 UTC] PHP Deprecated:  chr(): Providing a value not in-between 0 and 255 is deprecated, this is because a byte value must be in the [0, 255] interval. The value used will be constrained using % 256 in C:\Users\Pablo\Documents\GitHub\nine-screen-canvas-flow\vendor\phpseclib\phpseclib\phpseclib\Math\BigInteger\Engines\BCMath.php on line 157
[13-Mar-2026 13:25:59 UTC] PHP Deprecated:  chr(): Providing a value not in-between 0 and 255 is deprecated, this is because a byte value must be in the [0, 255] interval. The value used will be constrained using % 256 in C:\Users\Pablo\Documents\GitHub\nine-screen-canvas-flow\vendor\phpseclib\phpseclib\phpseclib\Math\BigInteger\Engines\BCMath.php on line 157
[13-Mar-2026 13:25:59 UTC] PHP Deprecated:  chr(): Providing a value not in-between 0 and 255 is deprecated, this is because a byte value must be in the [0, 255] interval. The value used will be constrained using % 256 in C:\Users\Pablo\Documents\GitHub\nine-screen-canvas-flow\vendor\phpseclib\phpseclib\phpseclib\Math\BigInteger\Engines\BCMath.php on line 157
[13-Mar-2026 13:25:59 UTC] PHP Deprecated:  chr(): Providing a value not in-between 0 and 255 is deprecated, this is because a byte value must be in the [0, 255] interval. The value used will be constrained using % 256 in C:\Users\Pablo\Documents\GitHub\nine-screen-canvas-flow\vendor\phpseclib\phpseclib\phpseclib\Math\BigInteger\Engines\BCMath.php on line 157
[13-Mar-2026 13:25:59 UTC] PHP Deprecated:  chr(): Providing a value not in-between 0 and 255 is deprecated, this is because a byte value must be in the [0, 255] interval. The value used will be constrained using % 256 in C:\Users\Pablo\Documents\GitHub\nine-screen-canvas-flow\vendor\phpseclib\phpseclib\phpseclib\Math\BigInteger\Engines\BCMath.php on line 157
[13-Mar-2026 13:25:59 UTC] PHP Deprecated:  chr(): Providing a value not in-between 0 and 255 is deprecated, this is because a byte value must be in the [0, 255] interval. The value used will be constrained using % 256 in C:\Users\Pablo\Documents\GitHub\nine-screen-canvas-flow\vendor\phpseclib\phpseclib\phpseclib\Math\BigInteger\Engines\BCMath.php on line 157
[13-Mar-2026 13:25:59 UTC] PHP Deprecated:  chr(): Providing a value not in-between 0 and 255 is deprecated, this is because a byte value must be in the [0, 255] interval. The value used will be constrained using % 256 in C:\Users\Pablo\Documents\GitHub\nine-screen-canvas-flow\vendor\phpseclib\phpseclib\phpseclib\Math\BigInteger\Engines\BCMath.php on line 157
[13-Mar-2026 13:25:59 UTC] PHP Deprecated:  chr(): Providing a value not in-between 0 and 255 is deprecated, this is because a byte value must be in the [0, 255] interval. The value used will be constrained using % 256 in C:\Users\Pablo\Documents\GitHub\nine-screen-canvas-flow\vendor\phpseclib\phpseclib\phpseclib\Math\BigInteger\Engines\BCMath.php on line 157
[13-Mar-2026 13:25:59 UTC] PHP Deprecated:  chr(): Providing a value not in-between 0 and 255 is deprecated, this is because a byte value must be in the [0, 255] interval. The value used will be constrained using % 256 in C:\Users\Pablo\Documents\GitHub\nine-screen-canvas-flow\vendor\phpseclib\phpseclib\phpseclib\Math\BigInteger\Engines\BCMath.php on line 157
[13-Mar-2026 13:25:59 UTC] PHP Deprecated:  chr(): Providing a value not in-between 0 and 255 is deprecated, this is because a byte value must be in the [0, 255] interval. The value used will be constrained using % 256 in C:\Users\Pablo\Documents\GitHub\nine-screen-canvas-flow\vendor\phpseclib\phpseclib\phpseclib\Math\BigInteger\Engines\BCMath.php on line 157
[13-Mar-2026 13:25:59 UTC] PHP Deprecated:  chr(): Providing a value not in-between 0 and 255 is deprecated, this is because a byte value must be in the [0, 255] interval. The value used will be constrained using % 256 in C:\Users\Pablo\Documents\GitHub\nine-screen-canvas-flow\vendor\phpseclib\phpseclib\phpseclib\Math\BigInteger\Engines\BCMath.php on line 157
[13-Mar-2026 13:25:59 UTC] PHP Deprecated:  chr(): Providing a value not in-between 0 and 255 is deprecated, this is because a byte value must be in the [0, 255] interval. The value used will be constrained using % 256 in C:\Users\Pablo\Documents\GitHub\nine-screen-canvas-flow\vendor\phpseclib\phpseclib\phpseclib\Math\BigInteger\Engines\BCMath.php on line 157
[13-Mar-2026 13:25:59 UTC] PHP Deprecated:  chr(): Providing a value not in-between 0 and 255 is deprecated, this is because a byte value must be in the [0, 255] interval. The value used will be constrained using % 256 in C:\Users\Pablo\Documents\GitHub\nine-screen-canvas-flow\vendor\phpseclib\phpseclib\phpseclib\Math\BigInteger\Engines\BCMath.php on line 157
[13-Mar-2026 13:25:59 UTC] PHP Deprecated:  chr(): Providing a value not in-between 0 and 255 is deprecated, this is because a byte value must be in the [0, 255] interval. The value used will be constrained using % 256 in C:\Users\Pablo\Documents\GitHub\nine-screen-canvas-flow\vendor\phpseclib\phpseclib\phpseclib\Math\BigInteger\Engines\BCMath.php on line 157
[13-Mar-2026 13:25:59 UTC] PHP Deprecated:  chr(): Providing a value not in-between 0 and 255 is deprecated, this is because a byte value must be in the [0, 255] interval. The value used will be constrained using % 256 in C:\Users\Pablo\Documents\GitHub\nine-screen-canvas-flow\vendor\phpseclib\phpseclib\phpseclib\Math\BigInteger\Engines\BCMath.php on line 157
[13-Mar-2026 13:25:59 UTC] PHP Deprecated:  chr(): Providing a value not in-between 0 and 255 is deprecated, this is because a byte value must be in the [0, 255] interval. The value used will be constrained using % 256 in C:\Users\Pablo\Documents\GitHub\nine-screen-canvas-flow\vendor\phpseclib\phpseclib\phpseclib\Math\BigInteger\Engines\BCMath.php on line 157
[13-Mar-2026 13:25:59 UTC] PHP Deprecated:  chr(): Providing a value not in-between 0 and 255 is deprecated, this is because a byte value must be in the [0, 255] interval. The value used will be constrained using % 256 in C:\Users\Pablo\Documents\GitHub\nine-screen-canvas-flow\vendor\phpseclib\phpseclib\phpseclib\Math\BigInteger\Engines\BCMath.php on line 157
[13-Mar-2026 13:25:59 UTC] PHP Deprecated:  chr(): Providing a value not in-between 0 and 255 is deprecated, this is because a byte value must be in the [0, 255] interval. The value used will be constrained using % 256 in C:\Users\Pablo\Documents\GitHub\nine-screen-canvas-flow\vendor\phpseclib\phpseclib\phpseclib\Math\BigInteger\Engines\BCMath.php on line 157
[13-Mar-2026 13:25:59 UTC] PHP Deprecated:  chr(): Providing a value not in-between 0 and 255 is deprecated, this is because a byte value must be in the [0, 255] interval. The value used will be constrained using % 256 in C:\Users\Pablo\Documents\GitHub\nine-screen-canvas-flow\vendor\phpseclib\phpseclib\phpseclib\Math\BigInteger\Engines\BCMath.php on line 157
[13-Mar-2026 13:25:59 UTC] PHP Deprecated:  chr(): Providing a value not in-between 0 and 255 is deprecated, this is because a byte value must be in the [0, 255] interval. The value used will be constrained using % 256 in C:\Users\Pablo\Documents\GitHub\nine-screen-canvas-flow\vendor\phpseclib\phpseclib\phpseclib\Math\BigInteger\Engines\BCMath.php on line 157
[13-Mar-2026 13:25:59 UTC] PHP Deprecated:  chr(): Providing a value not in-between 0 and 255 is deprecated, this is because a byte value must be in the [0, 255] interval. The value used will be constrained using % 256 in C:\Users\Pablo\Documents\GitHub\nine-screen-canvas-flow\vendor\phpseclib\phpseclib\phpseclib\Math\BigInteger\Engines\BCMath.php on line 157
[13-Mar-2026 13:25:59 UTC] PHP Deprecated:  chr(): Providing a value not in-between 0 and 255 is deprecated, this is because a byte value must be in the [0, 255] interval. The value used will be constrained using % 256 in C:\Users\Pablo\Documents\GitHub\nine-screen-canvas-flow\vendor\phpseclib\phpseclib\phpseclib\Math\BigInteger\Engines\BCMath.php on line 157
[13-Mar-2026 13:25:59 UTC] PHP Deprecated:  chr(): Providing a value not in-between 0 and 255 is deprecated, this is because a byte value must be in the [0, 255] interval. The value used will be constrained using % 256 in C:\Users\Pablo\Documents\GitHub\nine-screen-canvas-flow\vendor\phpseclib\phpseclib\phpseclib\Math\BigInteger\Engines\BCMath.php on line 157
[13-Mar-2026 13:25:59 UTC] PHP Deprecated:  chr(): Providing a value not in-between 0 and 255 is deprecated, this is because a byte value must be in the [0, 255] interval. The value used will be constrained using % 256 in C:\Users\Pablo\Documents\GitHub\nine-screen-canvas-flow\vendor\phpseclib\phpseclib\phpseclib\Math\BigInteger\Engines\BCMath.php on line 157
[13-Mar-2026 13:25:59 UTC] PHP Deprecated:  chr(): Providing a value not in-between 0 and 255 is deprecated, this is because a byte value must be in the [0, 255] interval. The value used will be constrained using % 256 in C:\Users\Pablo\Documents\GitHub\nine-screen-canvas-flow\vendor\phpseclib\phpseclib\phpseclib\Math\BigInteger\Engines\BCMath.php on line 157
[13-Mar-2026 13:25:59 UTC] PHP Deprecated:  chr(): Providing a value not in-between 0 and 255 is deprecated, this is because a byte value must be in the [0, 255] interval. The value used will be constrained using % 256 in C:\Users\Pablo\Documents\GitHub\nine-screen-canvas-flow\vendor\phpseclib\phpseclib\phpseclib\Math\BigInteger\Engines\BCMath.php on line 157
[13-Mar-2026 13:25:59 UTC] PHP Deprecated:  chr(): Providing a value not in-between 0 and 255 is deprecated, this is because a byte value must be in the [0, 255] interval. The value used will be constrained using % 256 in C:\Users\Pablo\Documents\GitHub\nine-screen-canvas-flow\vendor\phpseclib\phpseclib\phpseclib\Math\BigInteger\Engines\BCMath.php on line 157
[13-Mar-2026 13:25:59 UTC] PHP Deprecated:  chr(): Providing a value not in-between 0 and 255 is deprecated, this is because a byte value must be in the [0, 255] interval. The value used will be constrained using % 256 in C:\Users\Pablo\Documents\GitHub\nine-screen-canvas-flow\vendor\phpseclib\phpseclib\phpseclib\Math\BigInteger\Engines\BCMath.php on line 157
[13-Mar-2026 13:25:59 UTC] PHP Deprecated:  chr(): Providing a value not in-between 0 and 255 is deprecated, this is because a byte value must be in the [0, 255] interval. The value used will be constrained using % 256 in C:\Users\Pablo\Documents\GitHub\nine-screen-canvas-flow\vendor\phpseclib\phpseclib\phpseclib\Math\BigInteger\Engines\BCMath.php on line 157
[13-Mar-2026 13:25:59 UTC] PHP Deprecated:  chr(): Providing a value not in-between 0 and 255 is deprecated, this is because a byte value must be in the [0, 255] interval. The value used will be constrained using % 256 in C:\Users\Pablo\Documents\GitHub\nine-screen-canvas-flow\vendor\phpseclib\phpseclib\phpseclib\Math\BigInteger\Engines\BCMath.php on line 157
[13-Mar-2026 13:25:59 UTC] PHP Deprecated:  chr(): Providing a value not in-between 0 and 255 is deprecated, this is because a byte value must be in the [0, 255] interval. The value used will be constrained using % 256 in C:\Users\Pablo\Documents\GitHub\nine-screen-canvas-flow\vendor\phpseclib\phpseclib\phpseclib\Math\BigInteger\Engines\BCMath.php on line 157
[13-Mar-2026 13:25:59 UTC] PHP Deprecated:  chr(): Providing a value not in-between 0 and 255 is deprecated, this is because a byte value must be in the [0, 255] interval. The value used will be constrained using % 256 in C:\Users\Pablo\Documents\GitHub\nine-screen-canvas-flow\vendor\phpseclib\phpseclib\phpseclib\Math\BigInteger\Engines\BCMath.php on line 157
[13-Mar-2026 13:25:59 UTC] PHP Deprecated:  chr(): Providing a value not in-between 0 and 255 is deprecated, this is because a byte value must be in the [0, 255] interval. The value used will be constrained using % 256 in C:\Users\Pablo\Documents\GitHub\nine-screen-canvas-flow\vendor\phpseclib\phpseclib\phpseclib\Math\BigInteger\Engines\BCMath.php on line 157
[13-Mar-2026 13:25:59 UTC] PHP Deprecated:  chr(): Providing a value not in-between 0 and 255 is deprecated, this is because a byte value must be in the [0, 255] interval. The value used will be constrained using % 256 in C:\Users\Pablo\Documents\GitHub\nine-screen-canvas-flow\vendor\phpseclib\phpseclib\phpseclib\Math\BigInteger\Engines\BCMath.php on line 157
[13-Mar-2026 13:25:59 UTC] PHP Deprecated:  chr(): Providing a value not in-between 0 and 255 is deprecated, this is because a byte value must be in the [0, 255] interval. The value used will be constrained using % 256 in C:\Users\Pablo\Documents\GitHub\nine-screen-canvas-flow\vendor\phpseclib\phpseclib\phpseclib\Math\BigInteger\Engines\BCMath.php on line 157
[13-Mar-2026 13:25:59 UTC] PHP Deprecated:  chr(): Providing a value not in-between 0 and 255 is deprecated, this is because a byte value must be in the [0, 255] interval. The value used will be constrained using % 256 in C:\Users\Pablo\Documents\GitHub\nine-screen-canvas-flow\vendor\phpseclib\phpseclib\phpseclib\Math\BigInteger\Engines\BCMath.php on line 157
[13-Mar-2026 13:25:59 UTC] PHP Deprecated:  chr(): Providing a value not in-between 0 and 255 is deprecated, this is because a byte value must be in the [0, 255] interval. The value used will be constrained using % 256 in C:\Users\Pablo\Documents\GitHub\nine-screen-canvas-flow\vendor\phpseclib\phpseclib\phpseclib\Math\BigInteger\Engines\BCMath.php on line 157
[13-Mar-2026 13:25:59 UTC] PHP Deprecated:  chr(): Providing a value not in-between 0 and 255 is deprecated, this is because a byte value must be in the [0, 255] interval. The value used will be constrained using % 256 in C:\Users\Pablo\Documents\GitHub\nine-screen-canvas-flow\vendor\phpseclib\phpseclib\phpseclib\Math\BigInteger\Engines\BCMath.php on line 157
[13-Mar-2026 13:25:59 UTC] PHP Deprecated:  chr(): Providing a value not in-between 0 and 255 is deprecated, this is because a byte value must be in the [0, 255] interval. The value used will be constrained using % 256 in C:\Users\Pablo\Documents\GitHub\nine-screen-canvas-flow\vendor\phpseclib\phpseclib\phpseclib\Math\BigInteger\Engines\BCMath.php on line 157
[13-Mar-2026 13:25:59 UTC] PHP Deprecated:  chr(): Providing a value not in-between 0 and 255 is deprecated, this is because a byte value must be in the [0, 255] interval. The value used will be constrained using % 256 in C:\Users\Pablo\Documents\GitHub\nine-screen-canvas-flow\vendor\phpseclib\phpseclib\phpseclib\Math\BigInteger\Engines\BCMath.php on line 157
[13-Mar-2026 13:25:59 UTC] PHP Deprecated:  chr(): Providing a value not in-between 0 and 255 is deprecated, this is because a byte value must be in the [0, 255] interval. The value used will be constrained using % 256 in C:\Users\Pablo\Documents\GitHub\nine-screen-canvas-flow\vendor\phpseclib\phpseclib\phpseclib\Math\BigInteger\Engines\BCMath.php on line 157
[13-Mar-2026 13:25:59 UTC] PHP Deprecated:  chr(): Providing a value not in-between 0 and 255 is deprecated, this is because a byte value must be in the [0, 255] interval. The value used will be constrained using % 256 in C:\Users\Pablo\Documents\GitHub\nine-screen-canvas-flow\vendor\phpseclib\phpseclib\phpseclib\Math\BigInteger\Engines\BCMath.php on line 157
[13-Mar-2026 13:25:59 UTC] PHP Deprecated:  chr(): Providing a value not in-between 0 and 255 is deprecated, this is because a byte value must be in the [0, 255] interval. The value used will be constrained using % 256 in C:\Users\Pablo\Documents\GitHub\nine-screen-canvas-flow\vendor\phpseclib\phpseclib\phpseclib\Math\BigInteger\Engines\BCMath.php on line 157
[13-Mar-2026 13:25:59 UTC] PHP Deprecated:  chr(): Providing a value not in-between 0 and 255 is deprecated, this is because a byte value must be in the [0, 255] interval. The value used will be constrained using % 256 in C:\Users\Pablo\Documents\GitHub\nine-screen-canvas-flow\vendor\phpseclib\phpseclib\phpseclib\Math\BigInteger\Engines\BCMath.php on line 157
[13-Mar-2026 13:25:59 UTC] PHP Deprecated:  chr(): Providing a value not in-between 0 and 255 is deprecated, this is because a byte value must be in the [0, 255] interval. The value used will be constrained using % 256 in C:\Users\Pablo\Documents\GitHub\nine-screen-canvas-flow\vendor\phpseclib\phpseclib\phpseclib\Math\BigInteger\Engines\BCMath.php on line 157
[13-Mar-2026 13:25:59 UTC] PHP Deprecated:  chr(): Providing a value not in-between 0 and 255 is deprecated, this is because a byte value must be in the [0, 255] interval. The value used will be constrained using % 256 in C:\Users\Pablo\Documents\GitHub\nine-screen-canvas-flow\vendor\phpseclib\phpseclib\phpseclib\Math\BigInteger\Engines\BCMath.php on line 157
[13-Mar-2026 13:25:59 UTC] PHP Deprecated:  chr(): Providing a value not in-between 0 and 255 is deprecated, this is because a byte value must be in the [0, 255] interval. The value used will be constrained using % 256 in C:\Users\Pablo\Documents\GitHub\nine-screen-canvas-flow\vendor\phpseclib\phpseclib\phpseclib\Math\BigInteger\Engines\BCMath.php on line 157
[13-Mar-2026 13:25:59 UTC] PHP Deprecated:  chr(): Providing a value not in-between 0 and 255 is deprecated, this is because a byte value must be in the [0, 255] interval. The value used will be constrained using % 256 in C:\Users\Pablo\Documents\GitHub\nine-screen-canvas-flow\vendor\phpseclib\phpseclib\phpseclib\Math\BigInteger\Engines\BCMath.php on line 157
[13-Mar-2026 13:25:59 UTC] PHP Deprecated:  chr(): Providing a value not in-between 0 and 255 is deprecated, this is because a byte value must be in the [0, 255] interval. The value used will be constrained using % 256 in C:\Users\Pablo\Documents\GitHub\nine-screen-canvas-flow\vendor\phpseclib\phpseclib\phpseclib\Math\BigInteger\Engines\BCMath.php on line 157
[13-Mar-2026 13:25:59 UTC] PHP Deprecated:  chr(): Providing a value not in-between 0 and 255 is deprecated, this is because a byte value must be in the [0, 255] interval. The value used will be constrained using % 256 in C:\Users\Pablo\Documents\GitHub\nine-screen-canvas-flow\vendor\phpseclib\phpseclib\phpseclib\Math\BigInteger\Engines\BCMath.php on line 157
[13-Mar-2026 13:25:59 UTC] PHP Deprecated:  chr(): Providing a value not in-between 0 and 255 is deprecated, this is because a byte value must be in the [0, 255] interval. The value used will be constrained using % 256 in C:\Users\Pablo\Documents\GitHub\nine-screen-canvas-flow\vendor\phpseclib\phpseclib\phpseclib\Math\BigInteger\Engines\BCMath.php on line 157
[13-Mar-2026 13:25:59 UTC] PHP Deprecated:  chr(): Providing a value not in-between 0 and 255 is deprecated, this is because a byte value must be in the [0, 255] interval. The value used will be constrained using % 256 in C:\Users\Pablo\Documents\GitHub\nine-screen-canvas-flow\vendor\phpseclib\phpseclib\phpseclib\Math\BigInteger\Engines\BCMath.php on line 157
[13-Mar-2026 13:25:59 UTC] PHP Deprecated:  chr(): Providing a value not in-between 0 and 255 is deprecated, this is because a byte value must be in the [0, 255] interval. The value used will be constrained using % 256 in C:\Users\Pablo\Documents\GitHub\nine-screen-canvas-flow\vendor\phpseclib\phpseclib\phpseclib\Math\BigInteger\Engines\BCMath.php on line 157
[13-Mar-2026 13:25:59 UTC] PHP Deprecated:  chr(): Providing a value not in-between 0 and 255 is deprecated, this is because a byte value must be in the [0, 255] interval. The value used will be constrained using % 256 in C:\Users\Pablo\Documents\GitHub\nine-screen-canvas-flow\vendor\phpseclib\phpseclib\phpseclib\Math\BigInteger\Engines\BCMath.php on line 157
[13-Mar-2026 13:25:59 UTC] PHP Deprecated:  chr(): Providing a value not in-between 0 and 255 is deprecated, this is because a byte value must be in the [0, 255] interval. The value used will be constrained using % 256 in C:\Users\Pablo\Documents\GitHub\nine-screen-canvas-flow\vendor\phpseclib\phpseclib\phpseclib\Math\BigInteger\Engines\BCMath.php on line 157
[13-Mar-2026 13:25:59 UTC] PHP Deprecated:  chr(): Providing a value not in-between 0 and 255 is deprecated, this is because a byte value must be in the [0, 255] interval. The value used will be constrained using % 256 in C:\Users\Pablo\Documents\GitHub\nine-screen-canvas-flow\vendor\phpseclib\phpseclib\phpseclib\Math\BigInteger\Engines\BCMath.php on line 157
[13-Mar-2026 13:25:59 UTC] PHP Deprecated:  chr(): Providing a value not in-between 0 and 255 is deprecated, this is because a byte value must be in the [0, 255] interval. The value used will be constrained using % 256 in C:\Users\Pablo\Documents\GitHub\nine-screen-canvas-flow\vendor\phpseclib\phpseclib\phpseclib\Math\BigInteger\Engines\BCMath.php on line 157
[13-Mar-2026 13:25:59 UTC] PHP Deprecated:  chr(): Providing a value not in-between 0 and 255 is deprecated, this is because a byte value must be in the [0, 255] interval. The value used will be constrained using % 256 in C:\Users\Pablo\Documents\GitHub\nine-screen-canvas-flow\vendor\phpseclib\phpseclib\phpseclib\Math\BigInteger\Engines\BCMath.php on line 157
[13-Mar-2026 13:25:59 UTC] PHP Deprecated:  chr(): Providing a value not in-between 0 and 255 is deprecated, this is because a byte value must be in the [0, 255] interval. The value used will be constrained using % 256 in C:\Users\Pablo\Documents\GitHub\nine-screen-canvas-flow\vendor\phpseclib\phpseclib\phpseclib\Math\BigInteger\Engines\BCMath.php on line 157
[13-Mar-2026 13:25:59 UTC] PHP Deprecated:  chr(): Providing a value not in-between 0 and 255 is deprecated, this is because a byte value must be in the [0, 255] interval. The value used will be constrained using % 256 in C:\Users\Pablo\Documents\GitHub\nine-screen-canvas-flow\vendor\phpseclib\phpseclib\phpseclib\Math\BigInteger\Engines\BCMath.php on line 157
[13-Mar-2026 13:25:59 UTC] PHP Deprecated:  chr(): Providing a value not in-between 0 and 255 is deprecated, this is because a byte value must be in the [0, 255] interval. The value used will be constrained using % 256 in C:\Users\Pablo\Documents\GitHub\nine-screen-canvas-flow\vendor\phpseclib\phpseclib\phpseclib\Math\BigInteger\Engines\BCMath.php on line 157
[13-Mar-2026 13:25:59 UTC] PHP Deprecated:  chr(): Providing a value not in-between 0 and 255 is deprecated, this is because a byte value must be in the [0, 255] interval. The value used will be constrained using % 256 in C:\Users\Pablo\Documents\GitHub\nine-screen-canvas-flow\vendor\phpseclib\phpseclib\phpseclib\Math\BigInteger\Engines\BCMath.php on line 157
[13-Mar-2026 13:25:59 UTC] PHP Deprecated:  chr(): Providing a value not in-between 0 and 255 is deprecated, this is because a byte value must be in the [0, 255] interval. The value used will be constrained using % 256 in C:\Users\Pablo\Documents\GitHub\nine-screen-canvas-flow\vendor\phpseclib\phpseclib\phpseclib\Math\BigInteger\Engines\BCMath.php on line 157
[13-Mar-2026 13:25:59 UTC] PHP Deprecated:  chr(): Providing a value not in-between 0 and 255 is deprecated, this is because a byte value must be in the [0, 255] interval. The value used will be constrained using % 256 in C:\Users\Pablo\Documents\GitHub\nine-screen-canvas-flow\vendor\phpseclib\phpseclib\phpseclib\Math\BigInteger\Engines\BCMath.php on line 157
[13-Mar-2026 13:25:59 UTC] PHP Deprecated:  chr(): Providing a value not in-between 0 and 255 is deprecated, this is because a byte value must be in the [0, 255] interval. The value used will be constrained using % 256 in C:\Users\Pablo\Documents\GitHub\nine-screen-canvas-flow\vendor\phpseclib\phpseclib\phpseclib\Math\BigInteger\Engines\BCMath.php on line 157
[13-Mar-2026 13:25:59 UTC] PHP Deprecated:  chr(): Providing a value not in-between 0 and 255 is deprecated, this is because a byte value must be in the [0, 255] interval. The value used will be constrained using % 256 in C:\Users\Pablo\Documents\GitHub\nine-screen-canvas-flow\vendor\phpseclib\phpseclib\phpseclib\Math\BigInteger\Engines\BCMath.php on line 157
[13-Mar-2026 13:25:59 UTC] PHP Deprecated:  chr(): Providing a value not in-between 0 and 255 is deprecated, this is because a byte value must be in the [0, 255] interval. The value used will be constrained using % 256 in C:\Users\Pablo\Documents\GitHub\nine-screen-canvas-flow\vendor\phpseclib\phpseclib\phpseclib\Math\BigInteger\Engines\BCMath.php on line 157
[13-Mar-2026 13:25:59 UTC] PHP Deprecated:  chr(): Providing a value not in-between 0 and 255 is deprecated, this is because a byte value must be in the [0, 255] interval. The value used will be constrained using % 256 in C:\Users\Pablo\Documents\GitHub\nine-screen-canvas-flow\vendor\phpseclib\phpseclib\phpseclib\Math\BigInteger\Engines\BCMath.php on line 157
[13-Mar-2026 13:25:59 UTC] PHP Deprecated:  chr(): Providing a value not in-between 0 and 255 is deprecated, this is because a byte value must be in the [0, 255] interval. The value used will be constrained using % 256 in C:\Users\Pablo\Documents\GitHub\nine-screen-canvas-flow\vendor\phpseclib\phpseclib\phpseclib\Math\BigInteger\Engines\BCMath.php on line 157
[13-Mar-2026 13:25:59 UTC] PHP Deprecated:  chr(): Providing a value not in-between 0 and 255 is deprecated, this is because a byte value must be in the [0, 255] interval. The value used will be constrained using % 256 in C:\Users\Pablo\Documents\GitHub\nine-screen-canvas-flow\vendor\phpseclib\phpseclib\phpseclib\Math\BigInteger\Engines\BCMath.php on line 157
[13-Mar-2026 13:25:59 UTC] PHP Deprecated:  chr(): Providing a value not in-between 0 and 255 is deprecated, this is because a byte value must be in the [0, 255] interval. The value used will be constrained using % 256 in C:\Users\Pablo\Documents\GitHub\nine-screen-canvas-flow\vendor\phpseclib\phpseclib\phpseclib\Math\BigInteger\Engines\BCMath.php on line 157
[13-Mar-2026 13:25:59 UTC] PHP Deprecated:  chr(): Providing a value not in-between 0 and 255 is deprecated, this is because a byte value must be in the [0, 255] interval. The value used will be constrained using % 256 in C:\Users\Pablo\Documents\GitHub\nine-screen-canvas-flow\vendor\phpseclib\phpseclib\phpseclib\Math\BigInteger\Engines\BCMath.php on line 157
[13-Mar-2026 13:25:59 UTC] PHP Deprecated:  chr(): Providing a value not in-between 0 and 255 is deprecated, this is because a byte value must be in the [0, 255] interval. The value used will be constrained using % 256 in C:\Users\Pablo\Documents\GitHub\nine-screen-canvas-flow\vendor\phpseclib\phpseclib\phpseclib\Math\BigInteger\Engines\BCMath.php on line 157
[13-Mar-2026 13:25:59 UTC] PHP Deprecated:  chr(): Providing a value not in-between 0 and 255 is deprecated, this is because a byte value must be in the [0, 255] interval. The value used will be constrained using % 256 in C:\Users\Pablo\Documents\GitHub\nine-screen-canvas-flow\vendor\phpseclib\phpseclib\phpseclib\Math\BigInteger\Engines\BCMath.php on line 157
[13-Mar-2026 13:25:59 UTC] PHP Deprecated:  chr(): Providing a value not in-between 0 and 255 is deprecated, this is because a byte value must be in the [0, 255] interval. The value used will be constrained using % 256 in C:\Users\Pablo\Documents\GitHub\nine-screen-canvas-flow\vendor\phpseclib\phpseclib\phpseclib\Math\BigInteger\Engines\BCMath.php on line 157
[13-Mar-2026 13:25:59 UTC] PHP Deprecated:  chr(): Providing a value not in-between 0 and 255 is deprecated, this is because a byte value must be in the [0, 255] interval. The value used will be constrained using % 256 in C:\Users\Pablo\Documents\GitHub\nine-screen-canvas-flow\vendor\phpseclib\phpseclib\phpseclib\Math\BigInteger\Engines\BCMath.php on line 157
[13-Mar-2026 13:25:59 UTC] PHP Deprecated:  chr(): Providing a value not in-between 0 and 255 is deprecated, this is because a byte value must be in the [0, 255] interval. The value used will be constrained using % 256 in C:\Users\Pablo\Documents\GitHub\nine-screen-canvas-flow\vendor\phpseclib\phpseclib\phpseclib\Math\BigInteger\Engines\BCMath.php on line 157
[13-Mar-2026 13:25:59 UTC] PHP Deprecated:  chr(): Providing a value not in-between 0 and 255 is deprecated, this is because a byte value must be in the [0, 255] interval. The value used will be constrained using % 256 in C:\Users\Pablo\Documents\GitHub\nine-screen-canvas-flow\vendor\phpseclib\phpseclib\phpseclib\Math\BigInteger\Engines\BCMath.php on line 157
[13-Mar-2026 13:25:59 UTC] PHP Deprecated:  chr(): Providing a value not in-between 0 and 255 is deprecated, this is because a byte value must be in the [0, 255] interval. The value used will be constrained using % 256 in C:\Users\Pablo\Documents\GitHub\nine-screen-canvas-flow\vendor\phpseclib\phpseclib\phpseclib\Math\BigInteger\Engines\BCMath.php on line 157
[13-Mar-2026 13:25:59 UTC] PHP Deprecated:  chr(): Providing a value not in-between 0 and 255 is deprecated, this is because a byte value must be in the [0, 255] interval. The value used will be constrained using % 256 in C:\Users\Pablo\Documents\GitHub\nine-screen-canvas-flow\vendor\phpseclib\phpseclib\phpseclib\Math\BigInteger\Engines\BCMath.php on line 157
[13-Mar-2026 13:25:59 UTC] PHP Deprecated:  chr(): Providing a value not in-between 0 and 255 is deprecated, this is because a byte value must be in the [0, 255] interval. The value used will be constrained using % 256 in C:\Users\Pablo\Documents\GitHub\nine-screen-canvas-flow\vendor\phpseclib\phpseclib\phpseclib\Math\BigInteger\Engines\BCMath.php on line 157
[13-Mar-2026 13:25:59 UTC] PHP Deprecated:  chr(): Providing a value not in-between 0 and 255 is deprecated, this is because a byte value must be in the [0, 255] interval. The value used will be constrained using % 256 in C:\Users\Pablo\Documents\GitHub\nine-screen-canvas-flow\vendor\phpseclib\phpseclib\phpseclib\Math\BigInteger\Engines\BCMath.php on line 157
[13-Mar-2026 13:25:59 UTC] PHP Deprecated:  chr(): Providing a value not in-between 0 and 255 is deprecated, this is because a byte value must be in the [0, 255] interval. The value used will be constrained using % 256 in C:\Users\Pablo\Documents\GitHub\nine-screen-canvas-flow\vendor\phpseclib\phpseclib\phpseclib\Math\BigInteger\Engines\BCMath.php on line 157
[13-Mar-2026 13:25:59 UTC] PHP Deprecated:  chr(): Providing a value not in-between 0 and 255 is deprecated, this is because a byte value must be in the [0, 255] interval. The value used will be constrained using % 256 in C:\Users\Pablo\Documents\GitHub\nine-screen-canvas-flow\vendor\phpseclib\phpseclib\phpseclib\Math\BigInteger\Engines\BCMath.php on line 157
[13-Mar-2026 13:25:59 UTC] PHP Deprecated:  chr(): Providing a value not in-between 0 and 255 is deprecated, this is because a byte value must be in the [0, 255] interval. The value used will be constrained using % 256 in C:\Users\Pablo\Documents\GitHub\nine-screen-canvas-flow\vendor\phpseclib\phpseclib\phpseclib\Math\BigInteger\Engines\BCMath.php on line 157
[13-Mar-2026 13:25:59 UTC] PHP Deprecated:  chr(): Providing a value not in-between 0 and 255 is deprecated, this is because a byte value must be in the [0, 255] interval. The value used will be constrained using % 256 in C:\Users\Pablo\Documents\GitHub\nine-screen-canvas-flow\vendor\phpseclib\phpseclib\phpseclib\Math\BigInteger\Engines\BCMath.php on line 157
[13-Mar-2026 13:25:59 UTC] PHP Deprecated:  chr(): Providing a value not in-between 0 and 255 is deprecated, this is because a byte value must be in the [0, 255] interval. The value used will be constrained using % 256 in C:\Users\Pablo\Documents\GitHub\nine-screen-canvas-flow\vendor\phpseclib\phpseclib\phpseclib\Math\BigInteger\Engines\BCMath.php on line 157
[13-Mar-2026 13:25:59 UTC] PHP Deprecated:  chr(): Providing a value not in-between 0 and 255 is deprecated, this is because a byte value must be in the [0, 255] interval. The value used will be constrained using % 256 in C:\Users\Pablo\Documents\GitHub\nine-screen-canvas-flow\vendor\phpseclib\phpseclib\phpseclib\Math\BigInteger\Engines\BCMath.php on line 157
[13-Mar-2026 13:25:59 UTC] PHP Deprecated:  chr(): Providing a value not in-between 0 and 255 is deprecated, this is because a byte value must be in the [0, 255] interval. The value used will be constrained using % 256 in C:\Users\Pablo\Documents\GitHub\nine-screen-canvas-flow\vendor\phpseclib\phpseclib\phpseclib\Math\BigInteger\Engines\BCMath.php on line 157
[13-Mar-2026 13:25:59 UTC] PHP Deprecated:  chr(): Providing a value not in-between 0 and 255 is deprecated, this is because a byte value must be in the [0, 255] interval. The value used will be constrained using % 256 in C:\Users\Pablo\Documents\GitHub\nine-screen-canvas-flow\vendor\phpseclib\phpseclib\phpseclib\Math\BigInteger\Engines\BCMath.php on line 157
[13-Mar-2026 13:25:59 UTC] PHP Deprecated:  chr(): Providing a value not in-between 0 and 255 is deprecated, this is because a byte value must be in the [0, 255] interval. The value used will be constrained using % 256 in C:\Users\Pablo\Documents\GitHub\nine-screen-canvas-flow\vendor\phpseclib\phpseclib\phpseclib\Math\BigInteger\Engines\BCMath.php on line 157
[13-Mar-2026 13:25:59 UTC] PHP Deprecated:  chr(): Providing a value not in-between 0 and 255 is deprecated, this is because a byte value must be in the [0, 255] interval. The value used will be constrained using % 256 in C:\Users\Pablo\Documents\GitHub\nine-screen-canvas-flow\vendor\phpseclib\phpseclib\phpseclib\Math\BigInteger\Engines\BCMath.php on line 157
[13-Mar-2026 13:25:59 UTC] PHP Deprecated:  chr(): Providing a value not in-between 0 and 255 is deprecated, this is because a byte value must be in the [0, 255] interval. The value used will be constrained using % 256 in C:\Users\Pablo\Documents\GitHub\nine-screen-canvas-flow\vendor\phpseclib\phpseclib\phpseclib\Math\BigInteger\Engines\BCMath.php on line 157
[13-Mar-2026 13:25:59 UTC] PHP Deprecated:  chr(): Providing a value not in-between 0 and 255 is deprecated, this is because a byte value must be in the [0, 255] interval. The value used will be constrained using % 256 in C:\Users\Pablo\Documents\GitHub\nine-screen-canvas-flow\vendor\phpseclib\phpseclib\phpseclib\Math\BigInteger\Engines\BCMath.php on line 157
[13-Mar-2026 13:25:59 UTC] PHP Deprecated:  chr(): Providing a value not in-between 0 and 255 is deprecated, this is because a byte value must be in the [0, 255] interval. The value used will be constrained using % 256 in C:\Users\Pablo\Documents\GitHub\nine-screen-canvas-flow\vendor\phpseclib\phpseclib\phpseclib\Math\BigInteger\Engines\BCMath.php on line 157
[13-Mar-2026 13:25:59 UTC] PHP Deprecated:  chr(): Providing a value not in-between 0 and 255 is deprecated, this is because a byte value must be in the [0, 255] interval. The value used will be constrained using % 256 in C:\Users\Pablo\Documents\GitHub\nine-screen-canvas-flow\vendor\phpseclib\phpseclib\phpseclib\Math\BigInteger\Engines\BCMath.php on line 157
[13-Mar-2026 13:25:59 UTC] PHP Deprecated:  chr(): Providing a value not in-between 0 and 255 is deprecated, this is because a byte value must be in the [0, 255] interval. The value used will be constrained using % 256 in C:\Users\Pablo\Documents\GitHub\nine-screen-canvas-flow\vendor\phpseclib\phpseclib\phpseclib\Math\BigInteger\Engines\BCMath.php on line 157
[13-Mar-2026 13:25:59 UTC] PHP Deprecated:  chr(): Providing a value not in-between 0 and 255 is deprecated, this is because a byte value must be in the [0, 255] interval. The value used will be constrained using % 256 in C:\Users\Pablo\Documents\GitHub\nine-screen-canvas-flow\vendor\phpseclib\phpseclib\phpseclib\Math\BigInteger\Engines\BCMath.php on line 157
[13-Mar-2026 13:25:59 UTC] PHP Deprecated:  chr(): Providing a value not in-between 0 and 255 is deprecated, this is because a byte value must be in the [0, 255] interval. The value used will be constrained using % 256 in C:\Users\Pablo\Documents\GitHub\nine-screen-canvas-flow\vendor\phpseclib\phpseclib\phpseclib\Math\BigInteger\Engines\BCMath.php on line 157
[13-Mar-2026 13:25:59 UTC] PHP Deprecated:  chr(): Providing a value not in-between 0 and 255 is deprecated, this is because a byte value must be in the [0, 255] interval. The value used will be constrained using % 256 in C:\Users\Pablo\Documents\GitHub\nine-screen-canvas-flow\vendor\phpseclib\phpseclib\phpseclib\Math\BigInteger\Engines\BCMath.php on line 157
[13-Mar-2026 13:25:59 UTC] PHP Deprecated:  chr(): Providing a value not in-between 0 and 255 is deprecated, this is because a byte value must be in the [0, 255] interval. The value used will be constrained using % 256 in C:\Users\Pablo\Documents\GitHub\nine-screen-canvas-flow\vendor\phpseclib\phpseclib\phpseclib\Math\BigInteger\Engines\BCMath.php on line 157
[13-Mar-2026 13:25:59 UTC] PHP Deprecated:  chr(): Providing a value not in-between 0 and 255 is deprecated, this is because a byte value must be in the [0, 255] interval. The value used will be constrained using % 256 in C:\Users\Pablo\Documents\GitHub\nine-screen-canvas-flow\vendor\phpseclib\phpseclib\phpseclib\Math\BigInteger\Engines\BCMath.php on line 157
[13-Mar-2026 13:25:59 UTC] PHP Deprecated:  chr(): Providing a value not in-between 0 and 255 is deprecated, this is because a byte value must be in the [0, 255] interval. The value used will be constrained using % 256 in C:\Users\Pablo\Documents\GitHub\nine-screen-canvas-flow\vendor\phpseclib\phpseclib\phpseclib\Math\BigInteger\Engines\BCMath.php on line 157
[13-Mar-2026 13:25:59 UTC] PHP Deprecated:  chr(): Providing a value not in-between 0 and 255 is deprecated, this is because a byte value must be in the [0, 255] interval. The value used will be constrained using % 256 in C:\Users\Pablo\Documents\GitHub\nine-screen-canvas-flow\vendor\phpseclib\phpseclib\phpseclib\Math\BigInteger\Engines\BCMath.php on line 157
[13-Mar-2026 13:25:59 UTC] PHP Deprecated:  chr(): Providing a value not in-between 0 and 255 is deprecated, this is because a byte value must be in the [0, 255] interval. The value used will be constrained using % 256 in C:\Users\Pablo\Documents\GitHub\nine-screen-canvas-flow\vendor\phpseclib\phpseclib\phpseclib\Math\BigInteger\Engines\BCMath.php on line 157
[13-Mar-2026 13:25:59 UTC] PHP Deprecated:  chr(): Providing a value not in-between 0 and 255 is deprecated, this is because a byte value must be in the [0, 255] interval. The value used will be constrained using % 256 in C:\Users\Pablo\Documents\GitHub\nine-screen-canvas-flow\vendor\phpseclib\phpseclib\phpseclib\Math\BigInteger\Engines\BCMath.php on line 157
[13-Mar-2026 13:25:59 UTC] PHP Deprecated:  chr(): Providing a value not in-between 0 and 255 is deprecated, this is because a byte value must be in the [0, 255] interval. The value used will be constrained using % 256 in C:\Users\Pablo\Documents\GitHub\nine-screen-canvas-flow\vendor\phpseclib\phpseclib\phpseclib\Math\BigInteger\Engines\BCMath.php on line 157
[13-Mar-2026 13:25:59 UTC] PHP Deprecated:  chr(): Providing a value not in-between 0 and 255 is deprecated, this is because a byte value must be in the [0, 255] interval. The value used will be constrained using % 256 in C:\Users\Pablo\Documents\GitHub\nine-screen-canvas-flow\vendor\phpseclib\phpseclib\phpseclib\Math\BigInteger\Engines\BCMath.php on line 157
[13-Mar-2026 13:25:59 UTC] PHP Deprecated:  chr(): Providing a value not in-between 0 and 255 is deprecated, this is because a byte value must be in the [0, 255] interval. The value used will be constrained using % 256 in C:\Users\Pablo\Documents\GitHub\nine-screen-canvas-flow\vendor\phpseclib\phpseclib\phpseclib\Math\BigInteger\Engines\BCMath.php on line 157
[13-Mar-2026 13:25:59 UTC] PHP Deprecated:  chr(): Providing a value not in-between 0 and 255 is deprecated, this is because a byte value must be in the [0, 255] interval. The value used will be constrained using % 256 in C:\Users\Pablo\Documents\GitHub\nine-screen-canvas-flow\vendor\phpseclib\phpseclib\phpseclib\Math\BigInteger\Engines\BCMath.php on line 157
[13-Mar-2026 13:25:59 UTC] PHP Deprecated:  chr(): Providing a value not in-between 0 and 255 is deprecated, this is because a byte value must be in the [0, 255] interval. The value used will be constrained using % 256 in C:\Users\Pablo\Documents\GitHub\nine-screen-canvas-flow\vendor\phpseclib\phpseclib\phpseclib\Math\BigInteger\Engines\BCMath.php on line 157
[13-Mar-2026 13:25:59 UTC] PHP Deprecated:  chr(): Providing a value not in-between 0 and 255 is deprecated, this is because a byte value must be in the [0, 255] interval. The value used will be constrained using % 256 in C:\Users\Pablo\Documents\GitHub\nine-screen-canvas-flow\vendor\phpseclib\phpseclib\phpseclib\Math\BigInteger\Engines\BCMath.php on line 157
[13-Mar-2026 13:25:59 UTC] PHP Deprecated:  chr(): Providing a value not in-between 0 and 255 is deprecated, this is because a byte value must be in the [0, 255] interval. The value used will be constrained using % 256 in C:\Users\Pablo\Documents\GitHub\nine-screen-canvas-flow\vendor\phpseclib\phpseclib\phpseclib\Math\BigInteger\Engines\BCMath.php on line 157
[13-Mar-2026 13:25:59 UTC] PHP Deprecated:  chr(): Providing a value not in-between 0 and 255 is deprecated, this is because a byte value must be in the [0, 255] interval. The value used will be constrained using % 256 in C:\Users\Pablo\Documents\GitHub\nine-screen-canvas-flow\vendor\phpseclib\phpseclib\phpseclib\Math\BigInteger\Engines\BCMath.php on line 157
[13-Mar-2026 13:25:59 UTC] PHP Deprecated:  chr(): Providing a value not in-between 0 and 255 is deprecated, this is because a byte value must be in the [0, 255] interval. The value used will be constrained using % 256 in C:\Users\Pablo\Documents\GitHub\nine-screen-canvas-flow\vendor\phpseclib\phpseclib\phpseclib\Math\BigInteger\Engines\BCMath.php on line 157
[13-Mar-2026 13:25:59 UTC] PHP Deprecated:  chr(): Providing a value not in-between 0 and 255 is deprecated, this is because a byte value must be in the [0, 255] interval. The value used will be constrained using % 256 in C:\Users\Pablo\Documents\GitHub\nine-screen-canvas-flow\vendor\phpseclib\phpseclib\phpseclib\Math\BigInteger\Engines\BCMath.php on line 157
[13-Mar-2026 13:25:59 UTC] PHP Deprecated:  chr(): Providing a value not in-between 0 and 255 is deprecated, this is because a byte value must be in the [0, 255] interval. The value used will be constrained using % 256 in C:\Users\Pablo\Documents\GitHub\nine-screen-canvas-flow\vendor\phpseclib\phpseclib\phpseclib\Math\BigInteger\Engines\BCMath.php on line 157
[13-Mar-2026 13:25:59 UTC] PHP Deprecated:  chr(): Providing a value not in-between 0 and 255 is deprecated, this is because a byte value must be in the [0, 255] interval. The value used will be constrained using % 256 in C:\Users\Pablo\Documents\GitHub\nine-screen-canvas-flow\vendor\phpseclib\phpseclib\phpseclib\Math\BigInteger\Engines\BCMath.php on line 157
[13-Mar-2026 13:25:59 UTC] PHP Deprecated:  chr(): Providing a value not in-between 0 and 255 is deprecated, this is because a byte value must be in the [0, 255] interval. The value used will be constrained using % 256 in C:\Users\Pablo\Documents\GitHub\nine-screen-canvas-flow\vendor\phpseclib\phpseclib\phpseclib\Math\BigInteger\Engines\BCMath.php on line 157
[13-Mar-2026 13:25:59 UTC] PHP Deprecated:  chr(): Providing a value not in-between 0 and 255 is deprecated, this is because a byte value must be in the [0, 255] interval. The value used will be constrained using % 256 in C:\Users\Pablo\Documents\GitHub\nine-screen-canvas-flow\vendor\phpseclib\phpseclib\phpseclib\Math\BigInteger\Engines\BCMath.php on line 157
[13-Mar-2026 13:25:59 UTC] PHP Deprecated:  chr(): Providing a value not in-between 0 and 255 is deprecated, this is because a byte value must be in the [0, 255] interval. The value used will be constrained using % 256 in C:\Users\Pablo\Documents\GitHub\nine-screen-canvas-flow\vendor\phpseclib\phpseclib\phpseclib\Math\BigInteger\Engines\BCMath.php on line 157
[13-Mar-2026 13:25:59 UTC] PHP Deprecated:  chr(): Providing a value not in-between 0 and 255 is deprecated, this is because a byte value must be in the [0, 255] interval. The value used will be constrained using % 256 in C:\Users\Pablo\Documents\GitHub\nine-screen-canvas-flow\vendor\phpseclib\phpseclib\phpseclib\Math\BigInteger\Engines\BCMath.php on line 157
[13-Mar-2026 13:25:59 UTC] PHP Deprecated:  chr(): Providing a value not in-between 0 and 255 is deprecated, this is because a byte value must be in the [0, 255] interval. The value used will be constrained using % 256 in C:\Users\Pablo\Documents\GitHub\nine-screen-canvas-flow\vendor\phpseclib\phpseclib\phpseclib\Math\BigInteger\Engines\BCMath.php on line 157
[13-Mar-2026 13:25:59 UTC] PHP Deprecated:  chr(): Providing a value not in-between 0 and 255 is deprecated, this is because a byte value must be in the [0, 255] interval. The value used will be constrained using % 256 in C:\Users\Pablo\Documents\GitHub\nine-screen-canvas-flow\vendor\phpseclib\phpseclib\phpseclib\Math\BigInteger\Engines\BCMath.php on line 157
[13-Mar-2026 13:25:59 UTC] PHP Deprecated:  chr(): Providing a value not in-between 0 and 255 is deprecated, this is because a byte value must be in the [0, 255] interval. The value used will be constrained using % 256 in C:\Users\Pablo\Documents\GitHub\nine-screen-canvas-flow\vendor\phpseclib\phpseclib\phpseclib\Math\BigInteger\Engines\BCMath.php on line 157
[13-Mar-2026 13:25:59 UTC] PHP Warning:  Cannot modify header information - headers already sent by (output started at C:\Users\Pablo\Documents\GitHub\nine-screen-canvas-flow\vendor\phpseclib\phpseclib\phpseclib\Math\BigInteger\Engines\BCMath.php:157) in C:\Users\Pablo\Documents\GitHub\nine-screen-canvas-flow\app.php on line 58
[13-Mar-2026 13:26:04 UTC] Successfully loaded .env from: C:\Users\Pablo\Documents\GitHub\nine-screen-canvas-flow/.env
[13-Mar-2026 13:26:04 UTC] PHP Deprecated:  chr(): Providing a value not in-between 0 and 255 is deprecated, this is because a byte value must be in the [0, 255] interval. The value used will be constrained using % 256 in C:\Users\Pablo\Documents\GitHub\nine-screen-canvas-flow\vendor\phpseclib\phpseclib\phpseclib\Math\BigInteger\Engines\BCMath.php on line 157
[13-Mar-2026 13:26:04 UTC] PHP Deprecated:  chr(): Providing a value not in-between 0 and 255 is deprecated, this is because a byte value must be in the [0, 255] interval. The value used will be constrained using % 256 in C:\Users\Pablo\Documents\GitHub\nine-screen-canvas-flow\vendor\phpseclib\phpseclib\phpseclib\Math\BigInteger\Engines\BCMath.php on line 157
[13-Mar-2026 13:26:04 UTC] PHP Deprecated:  chr(): Providing a value not in-between 0 and 255 is deprecated, this is because a byte value must be in the [0, 255] interval. The value used will be constrained using % 256 in C:\Users\Pablo\Documents\GitHub\nine-screen-canvas-flow\vendor\phpseclib\phpseclib\phpseclib\Math\BigInteger\Engines\BCMath.php on line 157
[13-Mar-2026 13:26:04 UTC] PHP Deprecated:  chr(): Providing a value not in-between 0 and 255 is deprecated, this is because a byte value must be in the [0, 255] interval. The value used will be constrained using % 256 in C:\Users\Pablo\Documents\GitHub\nine-screen-canvas-flow\vendor\phpseclib\phpseclib\phpseclib\Math\BigInteger\Engines\BCMath.php on line 157
[13-Mar-2026 13:26:04 UTC] PHP Deprecated:  chr(): Providing a value not in-between 0 and 255 is deprecated, this is because a byte value must be in the [0, 255] interval. The value used will be constrained using % 256 in C:\Users\Pablo\Documents\GitHub\nine-screen-canvas-flow\vendor\phpseclib\phpseclib\phpseclib\Math\BigInteger\Engines\BCMath.php on line 157
[13-Mar-2026 13:26:04 UTC] PHP Deprecated:  chr(): Providing a value not in-between 0 and 255 is deprecated, this is because a byte value must be in the [0, 255] interval. The value used will be constrained using % 256 in C:\Users\Pablo\Documents\GitHub\nine-screen-canvas-flow\vendor\phpseclib\phpseclib\phpseclib\Math\BigInteger\Engines\BCMath.php on line 157
[13-Mar-2026 13:26:04 UTC] PHP Deprecated:  chr(): Providing a value not in-between 0 and 255 is deprecated, this is because a byte value must be in the [0, 255] interval. The value used will be constrained using % 256 in C:\Users\Pablo\Documents\GitHub\nine-screen-canvas-flow\vendor\phpseclib\phpseclib\phpseclib\Math\BigInteger\Engines\BCMath.php on line 157
[13-Mar-2026 13:26:04 UTC] PHP Deprecated:  chr(): Providing a value not in-between 0 and 255 is deprecated, this is because a byte value must be in the [0, 255] interval. The value used will be constrained using % 256 in C:\Users\Pablo\Documents\GitHub\nine-screen-canvas-flow\vendor\phpseclib\phpseclib\phpseclib\Math\BigInteger\Engines\BCMath.php on line 157
[13-Mar-2026 13:26:04 UTC] PHP Deprecated:  chr(): Providing a value not in-between 0 and 255 is deprecated, this is because a byte value must be in the [0, 255] interval. The value used will be constrained using % 256 in C:\Users\Pablo\Documents\GitHub\nine-screen-canvas-flow\vendor\phpseclib\phpseclib\phpseclib\Math\BigInteger\Engines\BCMath.php on line 157
[13-Mar-2026 13:26:04 UTC] PHP Deprecated:  chr(): Providing a value not in-between 0 and 255 is deprecated, this is because a byte value must be in the [0, 255] interval. The value used will be constrained using % 256 in C:\Users\Pablo\Documents\GitHub\nine-screen-canvas-flow\vendor\phpseclib\phpseclib\phpseclib\Math\BigInteger\Engines\BCMath.php on line 157
[13-Mar-2026 13:26:04 UTC] PHP Deprecated:  chr(): Providing a value not in-between 0 and 255 is deprecated, this is because a byte value must be in the [0, 255] interval. The value used will be constrained using % 256 in C:\Users\Pablo\Documents\GitHub\nine-screen-canvas-flow\vendor\phpseclib\phpseclib\phpseclib\Math\BigInteger\Engines\BCMath.php on line 157
[13-Mar-2026 13:26:04 UTC] PHP Deprecated:  chr(): Providing a value not in-between 0 and 255 is deprecated, this is because a byte value must be in the [0, 255] interval. The value used will be constrained using % 256 in C:\Users\Pablo\Documents\GitHub\nine-screen-canvas-flow\vendor\phpseclib\phpseclib\phpseclib\Math\BigInteger\Engines\BCMath.php on line 157
[13-Mar-2026 13:26:04 UTC] PHP Deprecated:  chr(): Providing a value not in-between 0 and 255 is deprecated, this is because a byte value must be in the [0, 255] interval. The value used will be constrained using % 256 in C:\Users\Pablo\Documents\GitHub\nine-screen-canvas-flow\vendor\phpseclib\phpseclib\phpseclib\Math\BigInteger\Engines\BCMath.php on line 157
[13-Mar-2026 13:26:04 UTC] PHP Deprecated:  chr(): Providing a value not in-between 0 and 255 is deprecated, this is because a byte value must be in the [0, 255] interval. The value used will be constrained using % 256 in C:\Users\Pablo\Documents\GitHub\nine-screen-canvas-flow\vendor\phpseclib\phpseclib\phpseclib\Math\BigInteger\Engines\BCMath.php on line 157
[13-Mar-2026 13:26:04 UTC] PHP Deprecated:  chr(): Providing a value not in-between 0 and 255 is deprecated, this is because a byte value must be in the [0, 255] interval. The value used will be constrained using % 256 in C:\Users\Pablo\Documents\GitHub\nine-screen-canvas-flow\vendor\phpseclib\phpseclib\phpseclib\Math\BigInteger\Engines\BCMath.php on line 157
[13-Mar-2026 13:26:04 UTC] PHP Deprecated:  chr(): Providing a value not in-between 0 and 255 is deprecated, this is because a byte value must be in the [0, 255] interval. The value used will be constrained using % 256 in C:\Users\Pablo\Documents\GitHub\nine-screen-canvas-flow\vendor\phpseclib\phpseclib\phpseclib\Math\BigInteger\Engines\BCMath.php on line 157
[13-Mar-2026 13:26:04 UTC] PHP Deprecated:  chr(): Providing a value not in-between 0 and 255 is deprecated, this is because a byte value must be in the [0, 255] interval. The value used will be constrained using % 256 in C:\Users\Pablo\Documents\GitHub\nine-screen-canvas-flow\vendor\phpseclib\phpseclib\phpseclib\Math\BigInteger\Engines\BCMath.php on line 157
[13-Mar-2026 13:26:04 UTC] PHP Deprecated:  chr(): Providing a value not in-between 0 and 255 is deprecated, this is because a byte value must be in the [0, 255] interval. The value used will be constrained using % 256 in C:\Users\Pablo\Documents\GitHub\nine-screen-canvas-flow\vendor\phpseclib\phpseclib\phpseclib\Math\BigInteger\Engines\BCMath.php on line 157
[13-Mar-2026 13:26:04 UTC] PHP Deprecated:  chr(): Providing a value not in-between 0 and 255 is deprecated, this is because a byte value must be in the [0, 255] interval. The value used will be constrained using % 256 in C:\Users\Pablo\Documents\GitHub\nine-screen-canvas-flow\vendor\phpseclib\phpseclib\phpseclib\Math\BigInteger\Engines\BCMath.php on line 157
[13-Mar-2026 13:26:04 UTC] PHP Deprecated:  chr(): Providing a value not in-between 0 and 255 is deprecated, this is because a byte value must be in the [0, 255] interval. The value used will be constrained using % 256 in C:\Users\Pablo\Documents\GitHub\nine-screen-canvas-flow\vendor\phpseclib\phpseclib\phpseclib\Math\BigInteger\Engines\BCMath.php on line 157
[13-Mar-2026 13:26:04 UTC] PHP Deprecated:  chr(): Providing a value not in-between 0 and 255 is deprecated, this is because a byte value must be in the [0, 255] interval. The value used will be constrained using % 256 in C:\Users\Pablo\Documents\GitHub\nine-screen-canvas-flow\vendor\phpseclib\phpseclib\phpseclib\Math\BigInteger\Engines\BCMath.php on line 157
[13-Mar-2026 13:26:04 UTC] PHP Deprecated:  chr(): Providing a value not in-between 0 and 255 is deprecated, this is because a byte value must be in the [0, 255] interval. The value used will be constrained using % 256 in C:\Users\Pablo\Documents\GitHub\nine-screen-canvas-flow\vendor\phpseclib\phpseclib\phpseclib\Math\BigInteger\Engines\BCMath.php on line 157
[13-Mar-2026 13:26:04 UTC] PHP Deprecated:  chr(): Providing a value not in-between 0 and 255 is deprecated, this is because a byte value must be in the [0, 255] interval. The value used will be constrained using % 256 in C:\Users\Pablo\Documents\GitHub\nine-screen-canvas-flow\vendor\phpseclib\phpseclib\phpseclib\Math\BigInteger\Engines\BCMath.php on line 157
[13-Mar-2026 13:26:04 UTC] PHP Deprecated:  chr(): Providing a value not in-between 0 and 255 is deprecated, this is because a byte value must be in the [0, 255] interval. The value used will be constrained using % 256 in C:\Users\Pablo\Documents\GitHub\nine-screen-canvas-flow\vendor\phpseclib\phpseclib\phpseclib\Math\BigInteger\Engines\BCMath.php on line 157
[13-Mar-2026 13:26:04 UTC] PHP Deprecated:  chr(): Providing a value not in-between 0 and 255 is deprecated, this is because a byte value must be in the [0, 255] interval. The value used will be constrained using % 256 in C:\Users\Pablo\Documents\GitHub\nine-screen-canvas-flow\vendor\phpseclib\phpseclib\phpseclib\Math\BigInteger\Engines\BCMath.php on line 157
[13-Mar-2026 13:26:04 UTC] PHP Deprecated:  chr(): Providing a value not in-between 0 and 255 is deprecated, this is because a byte value must be in the [0, 255] interval. The value used will be constrained using % 256 in C:\Users\Pablo\Documents\GitHub\nine-screen-canvas-flow\vendor\phpseclib\phpseclib\phpseclib\Math\BigInteger\Engines\BCMath.php on line 157
[13-Mar-2026 13:26:04 UTC] PHP Deprecated:  chr(): Providing a value not in-between 0 and 255 is deprecated, this is because a byte value must be in the [0, 255] interval. The value used will be constrained using % 256 in C:\Users\Pablo\Documents\GitHub\nine-screen-canvas-flow\vendor\phpseclib\phpseclib\phpseclib\Math\BigInteger\Engines\BCMath.php on line 157
[13-Mar-2026 13:26:04 UTC] PHP Deprecated:  chr(): Providing a value not in-between 0 and 255 is deprecated, this is because a byte value must be in the [0, 255] interval. The value used will be constrained using % 256 in C:\Users\Pablo\Documents\GitHub\nine-screen-canvas-flow\vendor\phpseclib\phpseclib\phpseclib\Math\BigInteger\Engines\BCMath.php on line 157
[13-Mar-2026 13:26:04 UTC] PHP Deprecated:  chr(): Providing a value not in-between 0 and 255 is deprecated, this is because a byte value must be in the [0, 255] interval. The value used will be constrained using % 256 in C:\Users\Pablo\Documents\GitHub\nine-screen-canvas-flow\vendor\phpseclib\phpseclib\phpseclib\Math\BigInteger\Engines\BCMath.php on line 157
[13-Mar-2026 13:26:04 UTC] PHP Deprecated:  chr(): Providing a value not in-between 0 and 255 is deprecated, this is because a byte value must be in the [0, 255] interval. The value used will be constrained using % 256 in C:\Users\Pablo\Documents\GitHub\nine-screen-canvas-flow\vendor\phpseclib\phpseclib\phpseclib\Math\BigInteger\Engines\BCMath.php on line 157
[13-Mar-2026 13:26:04 UTC] PHP Deprecated:  chr(): Providing a value not in-between 0 and 255 is deprecated, this is because a byte value must be in the [0, 255] interval. The value used will be constrained using % 256 in C:\Users\Pablo\Documents\GitHub\nine-screen-canvas-flow\vendor\phpseclib\phpseclib\phpseclib\Math\BigInteger\Engines\BCMath.php on line 157
[13-Mar-2026 13:26:04 UTC] PHP Deprecated:  chr(): Providing a value not in-between 0 and 255 is deprecated, this is because a byte value must be in the [0, 255] interval. The value used will be constrained using % 256 in C:\Users\Pablo\Documents\GitHub\nine-screen-canvas-flow\vendor\phpseclib\phpseclib\phpseclib\Math\BigInteger\Engines\BCMath.php on line 157
[13-Mar-2026 13:26:04 UTC] PHP Deprecated:  chr(): Providing a value not in-between 0 and 255 is deprecated, this is because a byte value must be in the [0, 255] interval. The value used will be constrained using % 256 in C:\Users\Pablo\Documents\GitHub\nine-screen-canvas-flow\vendor\phpseclib\phpseclib\phpseclib\Math\BigInteger\Engines\BCMath.php on line 157
[13-Mar-2026 13:26:04 UTC] PHP Deprecated:  chr(): Providing a value not in-between 0 and 255 is deprecated, this is because a byte value must be in the [0, 255] interval. The value used will be constrained using % 256 in C:\Users\Pablo\Documents\GitHub\nine-screen-canvas-flow\vendor\phpseclib\phpseclib\phpseclib\Math\BigInteger\Engines\BCMath.php on line 157
[13-Mar-2026 13:26:04 UTC] PHP Deprecated:  chr(): Providing a value not in-between 0 and 255 is deprecated, this is because a byte value must be in the [0, 255] interval. The value used will be constrained using % 256 in C:\Users\Pablo\Documents\GitHub\nine-screen-canvas-flow\vendor\phpseclib\phpseclib\phpseclib\Math\BigInteger\Engines\BCMath.php on line 157
[13-Mar-2026 13:26:04 UTC] PHP Deprecated:  chr(): Providing a value not in-between 0 and 255 is deprecated, this is because a byte value must be in the [0, 255] interval. The value used will be constrained using % 256 in C:\Users\Pablo\Documents\GitHub\nine-screen-canvas-flow\vendor\phpseclib\phpseclib\phpseclib\Math\BigInteger\Engines\BCMath.php on line 157
[13-Mar-2026 13:26:04 UTC] PHP Deprecated:  chr(): Providing a value not in-between 0 and 255 is deprecated, this is because a byte value must be in the [0, 255] interval. The value used will be constrained using % 256 in C:\Users\Pablo\Documents\GitHub\nine-screen-canvas-flow\vendor\phpseclib\phpseclib\phpseclib\Math\BigInteger\Engines\BCMath.php on line 157
[13-Mar-2026 13:26:04 UTC] PHP Deprecated:  chr(): Providing a value not in-between 0 and 255 is deprecated, this is because a byte value must be in the [0, 255] interval. The value used will be constrained using % 256 in C:\Users\Pablo\Documents\GitHub\nine-screen-canvas-flow\vendor\phpseclib\phpseclib\phpseclib\Math\BigInteger\Engines\BCMath.php on line 157
[13-Mar-2026 13:26:04 UTC] PHP Deprecated:  chr(): Providing a value not in-between 0 and 255 is deprecated, this is because a byte value must be in the [0, 255] interval. The value used will be constrained using % 256 in C:\Users\Pablo\Documents\GitHub\nine-screen-canvas-flow\vendor\phpseclib\phpseclib\phpseclib\Math\BigInteger\Engines\BCMath.php on line 157
[13-Mar-2026 13:26:04 UTC] PHP Deprecated:  chr(): Providing a value not in-between 0 and 255 is deprecated, this is because a byte value must be in the [0, 255] interval. The value used will be constrained using % 256 in C:\Users\Pablo\Documents\GitHub\nine-screen-canvas-flow\vendor\phpseclib\phpseclib\phpseclib\Math\BigInteger\Engines\BCMath.php on line 157
[13-Mar-2026 13:26:04 UTC] PHP Deprecated:  chr(): Providing a value not in-between 0 and 255 is deprecated, this is because a byte value must be in the [0, 255] interval. The value used will be constrained using % 256 in C:\Users\Pablo\Documents\GitHub\nine-screen-canvas-flow\vendor\phpseclib\phpseclib\phpseclib\Math\BigInteger\Engines\BCMath.php on line 157
[13-Mar-2026 13:26:04 UTC] PHP Deprecated:  chr(): Providing a value not in-between 0 and 255 is deprecated, this is because a byte value must be in the [0, 255] interval. The value used will be constrained using % 256 in C:\Users\Pablo\Documents\GitHub\nine-screen-canvas-flow\vendor\phpseclib\phpseclib\phpseclib\Math\BigInteger\Engines\BCMath.php on line 157
[13-Mar-2026 13:26:04 UTC] PHP Deprecated:  chr(): Providing a value not in-between 0 and 255 is deprecated, this is because a byte value must be in the [0, 255] interval. The value used will be constrained using % 256 in C:\Users\Pablo\Documents\GitHub\nine-screen-canvas-flow\vendor\phpseclib\phpseclib\phpseclib\Math\BigInteger\Engines\BCMath.php on line 157
[13-Mar-2026 13:26:04 UTC] PHP Deprecated:  chr(): Providing a value not in-between 0 and 255 is deprecated, this is because a byte value must be in the [0, 255] interval. The value used will be constrained using % 256 in C:\Users\Pablo\Documents\GitHub\nine-screen-canvas-flow\vendor\phpseclib\phpseclib\phpseclib\Math\BigInteger\Engines\BCMath.php on line 157
[13-Mar-2026 13:26:04 UTC] PHP Deprecated:  chr(): Providing a value not in-between 0 and 255 is deprecated, this is because a byte value must be in the [0, 255] interval. The value used will be constrained using % 256 in C:\Users\Pablo\Documents\GitHub\nine-screen-canvas-flow\vendor\phpseclib\phpseclib\phpseclib\Math\BigInteger\Engines\BCMath.php on line 157
[13-Mar-2026 13:26:04 UTC] PHP Deprecated:  chr(): Providing a value not in-between 0 and 255 is deprecated, this is because a byte value must be in the [0, 255] interval. The value used will be constrained using % 256 in C:\Users\Pablo\Documents\GitHub\nine-screen-canvas-flow\vendor\phpseclib\phpseclib\phpseclib\Math\BigInteger\Engines\BCMath.php on line 157
[13-Mar-2026 13:26:04 UTC] PHP Deprecated:  chr(): Providing a value not in-between 0 and 255 is deprecated, this is because a byte value must be in the [0, 255] interval. The value used will be constrained using % 256 in C:\Users\Pablo\Documents\GitHub\nine-screen-canvas-flow\vendor\phpseclib\phpseclib\phpseclib\Math\BigInteger\Engines\BCMath.php on line 157
[13-Mar-2026 13:26:04 UTC] PHP Deprecated:  chr(): Providing a value not in-between 0 and 255 is deprecated, this is because a byte value must be in the [0, 255] interval. The value used will be constrained using % 256 in C:\Users\Pablo\Documents\GitHub\nine-screen-canvas-flow\vendor\phpseclib\phpseclib\phpseclib\Math\BigInteger\Engines\BCMath.php on line 157
[13-Mar-2026 13:26:04 UTC] PHP Deprecated:  chr(): Providing a value not in-between 0 and 255 is deprecated, this is because a byte value must be in the [0, 255] interval. The value used will be constrained using % 256 in C:\Users\Pablo\Documents\GitHub\nine-screen-canvas-flow\vendor\phpseclib\phpseclib\phpseclib\Math\BigInteger\Engines\BCMath.php on line 157
[13-Mar-2026 13:26:04 UTC] PHP Deprecated:  chr(): Providing a value not in-between 0 and 255 is deprecated, this is because a byte value must be in the [0, 255] interval. The value used will be constrained using % 256 in C:\Users\Pablo\Documents\GitHub\nine-screen-canvas-flow\vendor\phpseclib\phpseclib\phpseclib\Math\BigInteger\Engines\BCMath.php on line 157
[13-Mar-2026 13:26:04 UTC] PHP Deprecated:  chr(): Providing a value not in-between 0 and 255 is deprecated, this is because a byte value must be in the [0, 255] interval. The value used will be constrained using % 256 in C:\Users\Pablo\Documents\GitHub\nine-screen-canvas-flow\vendor\phpseclib\phpseclib\phpseclib\Math\BigInteger\Engines\BCMath.php on line 157
[13-Mar-2026 13:26:04 UTC] PHP Deprecated:  chr(): Providing a value not in-between 0 and 255 is deprecated, this is because a byte value must be in the [0, 255] interval. The value used will be constrained using % 256 in C:\Users\Pablo\Documents\GitHub\nine-screen-canvas-flow\vendor\phpseclib\phpseclib\phpseclib\Math\BigInteger\Engines\BCMath.php on line 157
[13-Mar-2026 13:26:04 UTC] PHP Deprecated:  chr(): Providing a value not in-between 0 and 255 is deprecated, this is because a byte value must be in the [0, 255] interval. The value used will be constrained using % 256 in C:\Users\Pablo\Documents\GitHub\nine-screen-canvas-flow\vendor\phpseclib\phpseclib\phpseclib\Math\BigInteger\Engines\BCMath.php on line 157
[13-Mar-2026 13:26:04 UTC] PHP Deprecated:  chr(): Providing a value not in-between 0 and 255 is deprecated, this is because a byte value must be in the [0, 255] interval. The value used will be constrained using % 256 in C:\Users\Pablo\Documents\GitHub\nine-screen-canvas-flow\vendor\phpseclib\phpseclib\phpseclib\Math\BigInteger\Engines\BCMath.php on line 157
[13-Mar-2026 13:26:04 UTC] PHP Deprecated:  chr(): Providing a value not in-between 0 and 255 is deprecated, this is because a byte value must be in the [0, 255] interval. The value used will be constrained using % 256 in C:\Users\Pablo\Documents\GitHub\nine-screen-canvas-flow\vendor\phpseclib\phpseclib\phpseclib\Math\BigInteger\Engines\BCMath.php on line 157
[13-Mar-2026 13:26:04 UTC] PHP Deprecated:  chr(): Providing a value not in-between 0 and 255 is deprecated, this is because a byte value must be in the [0, 255] interval. The value used will be constrained using % 256 in C:\Users\Pablo\Documents\GitHub\nine-screen-canvas-flow\vendor\phpseclib\phpseclib\phpseclib\Math\BigInteger\Engines\BCMath.php on line 157
[13-Mar-2026 13:26:04 UTC] PHP Deprecated:  chr(): Providing a value not in-between 0 and 255 is deprecated, this is because a byte value must be in the [0, 255] interval. The value used will be constrained using % 256 in C:\Users\Pablo\Documents\GitHub\nine-screen-canvas-flow\vendor\phpseclib\phpseclib\phpseclib\Math\BigInteger\Engines\BCMath.php on line 157
[13-Mar-2026 13:26:04 UTC] PHP Deprecated:  chr(): Providing a value not in-between 0 and 255 is deprecated, this is because a byte value must be in the [0, 255] interval. The value used will be constrained using % 256 in C:\Users\Pablo\Documents\GitHub\nine-screen-canvas-flow\vendor\phpseclib\phpseclib\phpseclib\Math\BigInteger\Engines\BCMath.php on line 157
[13-Mar-2026 13:26:04 UTC] PHP Deprecated:  chr(): Providing a value not in-between 0 and 255 is deprecated, this is because a byte value must be in the [0, 255] interval. The value used will be constrained using % 256 in C:\Users\Pablo\Documents\GitHub\nine-screen-canvas-flow\vendor\phpseclib\phpseclib\phpseclib\Math\BigInteger\Engines\BCMath.php on line 157
[13-Mar-2026 13:26:04 UTC] PHP Deprecated:  chr(): Providing a value not in-between 0 and 255 is deprecated, this is because a byte value must be in the [0, 255] interval. The value used will be constrained using % 256 in C:\Users\Pablo\Documents\GitHub\nine-screen-canvas-flow\vendor\phpseclib\phpseclib\phpseclib\Math\BigInteger\Engines\BCMath.php on line 157
[13-Mar-2026 13:26:04 UTC] PHP Deprecated:  chr(): Providing a value not in-between 0 and 255 is deprecated, this is because a byte value must be in the [0, 255] interval. The value used will be constrained using % 256 in C:\Users\Pablo\Documents\GitHub\nine-screen-canvas-flow\vendor\phpseclib\phpseclib\phpseclib\Math\BigInteger\Engines\BCMath.php on line 157
[13-Mar-2026 13:26:04 UTC] PHP Deprecated:  chr(): Providing a value not in-between 0 and 255 is deprecated, this is because a byte value must be in the [0, 255] interval. The value used will be constrained using % 256 in C:\Users\Pablo\Documents\GitHub\nine-screen-canvas-flow\vendor\phpseclib\phpseclib\phpseclib\Math\BigInteger\Engines\BCMath.php on line 157
[13-Mar-2026 13:26:04 UTC] PHP Deprecated:  chr(): Providing a value not in-between 0 and 255 is deprecated, this is because a byte value must be in the [0, 255] interval. The value used will be constrained using % 256 in C:\Users\Pablo\Documents\GitHub\nine-screen-canvas-flow\vendor\phpseclib\phpseclib\phpseclib\Math\BigInteger\Engines\BCMath.php on line 157
[13-Mar-2026 13:26:04 UTC] PHP Deprecated:  chr(): Providing a value not in-between 0 and 255 is deprecated, this is because a byte value must be in the [0, 255] interval. The value used will be constrained using % 256 in C:\Users\Pablo\Documents\GitHub\nine-screen-canvas-flow\vendor\phpseclib\phpseclib\phpseclib\Math\BigInteger\Engines\BCMath.php on line 157
[13-Mar-2026 13:26:04 UTC] PHP Deprecated:  chr(): Providing a value not in-between 0 and 255 is deprecated, this is because a byte value must be in the [0, 255] interval. The value used will be constrained using % 256 in C:\Users\Pablo\Documents\GitHub\nine-screen-canvas-flow\vendor\phpseclib\phpseclib\phpseclib\Math\BigInteger\Engines\BCMath.php on line 157
[13-Mar-2026 13:26:04 UTC] PHP Deprecated:  chr(): Providing a value not in-between 0 and 255 is deprecated, this is because a byte value must be in the [0, 255] interval. The value used will be constrained using % 256 in C:\Users\Pablo\Documents\GitHub\nine-screen-canvas-flow\vendor\phpseclib\phpseclib\phpseclib\Math\BigInteger\Engines\BCMath.php on line 157
[13-Mar-2026 13:26:04 UTC] PHP Deprecated:  chr(): Providing a value not in-between 0 and 255 is deprecated, this is because a byte value must be in the [0, 255] interval. The value used will be constrained using % 256 in C:\Users\Pablo\Documents\GitHub\nine-screen-canvas-flow\vendor\phpseclib\phpseclib\phpseclib\Math\BigInteger\Engines\BCMath.php on line 157
[13-Mar-2026 13:26:04 UTC] PHP Deprecated:  chr(): Providing a value not in-between 0 and 255 is deprecated, this is because a byte value must be in the [0, 255] interval. The value used will be constrained using % 256 in C:\Users\Pablo\Documents\GitHub\nine-screen-canvas-flow\vendor\phpseclib\phpseclib\phpseclib\Math\BigInteger\Engines\BCMath.php on line 157
[13-Mar-2026 13:26:04 UTC] PHP Deprecated:  chr(): Providing a value not in-between 0 and 255 is deprecated, this is because a byte value must be in the [0, 255] interval. The value used will be constrained using % 256 in C:\Users\Pablo\Documents\GitHub\nine-screen-canvas-flow\vendor\phpseclib\phpseclib\phpseclib\Math\BigInteger\Engines\BCMath.php on line 157
[13-Mar-2026 13:26:04 UTC] PHP Deprecated:  chr(): Providing a value not in-between 0 and 255 is deprecated, this is because a byte value must be in the [0, 255] interval. The value used will be constrained using % 256 in C:\Users\Pablo\Documents\GitHub\nine-screen-canvas-flow\vendor\phpseclib\phpseclib\phpseclib\Math\BigInteger\Engines\BCMath.php on line 157
[13-Mar-2026 13:26:04 UTC] PHP Deprecated:  chr(): Providing a value not in-between 0 and 255 is deprecated, this is because a byte value must be in the [0, 255] interval. The value used will be constrained using % 256 in C:\Users\Pablo\Documents\GitHub\nine-screen-canvas-flow\vendor\phpseclib\phpseclib\phpseclib\Math\BigInteger\Engines\BCMath.php on line 157
[13-Mar-2026 13:26:04 UTC] PHP Deprecated:  chr(): Providing a value not in-between 0 and 255 is deprecated, this is because a byte value must be in the [0, 255] interval. The value used will be constrained using % 256 in C:\Users\Pablo\Documents\GitHub\nine-screen-canvas-flow\vendor\phpseclib\phpseclib\phpseclib\Math\BigInteger\Engines\BCMath.php on line 157
[13-Mar-2026 13:26:04 UTC] PHP Deprecated:  chr(): Providing a value not in-between 0 and 255 is deprecated, this is because a byte value must be in the [0, 255] interval. The value used will be constrained using % 256 in C:\Users\Pablo\Documents\GitHub\nine-screen-canvas-flow\vendor\phpseclib\phpseclib\phpseclib\Math\BigInteger\Engines\BCMath.php on line 157
[13-Mar-2026 13:26:04 UTC] PHP Deprecated:  chr(): Providing a value not in-between 0 and 255 is deprecated, this is because a byte value must be in the [0, 255] interval. The value used will be constrained using % 256 in C:\Users\Pablo\Documents\GitHub\nine-screen-canvas-flow\vendor\phpseclib\phpseclib\phpseclib\Math\BigInteger\Engines\BCMath.php on line 157
[13-Mar-2026 13:26:04 UTC] PHP Deprecated:  chr(): Providing a value not in-between 0 and 255 is deprecated, this is because a byte value must be in the [0, 255] interval. The value used will be constrained using % 256 in C:\Users\Pablo\Documents\GitHub\nine-screen-canvas-flow\vendor\phpseclib\phpseclib\phpseclib\Math\BigInteger\Engines\BCMath.php on line 157
[13-Mar-2026 13:26:04 UTC] PHP Deprecated:  chr(): Providing a value not in-between 0 and 255 is deprecated, this is because a byte value must be in the [0, 255] interval. The value used will be constrained using % 256 in C:\Users\Pablo\Documents\GitHub\nine-screen-canvas-flow\vendor\phpseclib\phpseclib\phpseclib\Math\BigInteger\Engines\BCMath.php on line 157
[13-Mar-2026 13:26:04 UTC] PHP Deprecated:  chr(): Providing a value not in-between 0 and 255 is deprecated, this is because a byte value must be in the [0, 255] interval. The value used will be constrained using % 256 in C:\Users\Pablo\Documents\GitHub\nine-screen-canvas-flow\vendor\phpseclib\phpseclib\phpseclib\Math\BigInteger\Engines\BCMath.php on line 157
[13-Mar-2026 13:26:04 UTC] PHP Deprecated:  chr(): Providing a value not in-between 0 and 255 is deprecated, this is because a byte value must be in the [0, 255] interval. The value used will be constrained using % 256 in C:\Users\Pablo\Documents\GitHub\nine-screen-canvas-flow\vendor\phpseclib\phpseclib\phpseclib\Math\BigInteger\Engines\BCMath.php on line 157
[13-Mar-2026 13:26:04 UTC] PHP Deprecated:  chr(): Providing a value not in-between 0 and 255 is deprecated, this is because a byte value must be in the [0, 255] interval. The value used will be constrained using % 256 in C:\Users\Pablo\Documents\GitHub\nine-screen-canvas-flow\vendor\phpseclib\phpseclib\phpseclib\Math\BigInteger\Engines\BCMath.php on line 157
[13-Mar-2026 13:26:04 UTC] PHP Deprecated:  chr(): Providing a value not in-between 0 and 255 is deprecated, this is because a byte value must be in the [0, 255] interval. The value used will be constrained using % 256 in C:\Users\Pablo\Documents\GitHub\nine-screen-canvas-flow\vendor\phpseclib\phpseclib\phpseclib\Math\BigInteger\Engines\BCMath.php on line 157
[13-Mar-2026 13:26:04 UTC] PHP Deprecated:  chr(): Providing a value not in-between 0 and 255 is deprecated, this is because a byte value must be in the [0, 255] interval. The value used will be constrained using % 256 in C:\Users\Pablo\Documents\GitHub\nine-screen-canvas-flow\vendor\phpseclib\phpseclib\phpseclib\Math\BigInteger\Engines\BCMath.php on line 157
[13-Mar-2026 13:26:04 UTC] PHP Deprecated:  chr(): Providing a value not in-between 0 and 255 is deprecated, this is because a byte value must be in the [0, 255] interval. The value used will be constrained using % 256 in C:\Users\Pablo\Documents\GitHub\nine-screen-canvas-flow\vendor\phpseclib\phpseclib\phpseclib\Math\BigInteger\Engines\BCMath.php on line 157
[13-Mar-2026 13:26:04 UTC] PHP Deprecated:  chr(): Providing a value not in-between 0 and 255 is deprecated, this is because a byte value must be in the [0, 255] interval. The value used will be constrained using % 256 in C:\Users\Pablo\Documents\GitHub\nine-screen-canvas-flow\vendor\phpseclib\phpseclib\phpseclib\Math\BigInteger\Engines\BCMath.php on line 157
[13-Mar-2026 13:26:04 UTC] PHP Deprecated:  chr(): Providing a value not in-between 0 and 255 is deprecated, this is because a byte value must be in the [0, 255] interval. The value used will be constrained using % 256 in C:\Users\Pablo\Documents\GitHub\nine-screen-canvas-flow\vendor\phpseclib\phpseclib\phpseclib\Math\BigInteger\Engines\BCMath.php on line 157
[13-Mar-2026 13:26:04 UTC] PHP Deprecated:  chr(): Providing a value not in-between 0 and 255 is deprecated, this is because a byte value must be in the [0, 255] interval. The value used will be constrained using % 256 in C:\Users\Pablo\Documents\GitHub\nine-screen-canvas-flow\vendor\phpseclib\phpseclib\phpseclib\Math\BigInteger\Engines\BCMath.php on line 157
[13-Mar-2026 13:26:04 UTC] PHP Deprecated:  chr(): Providing a value not in-between 0 and 255 is deprecated, this is because a byte value must be in the [0, 255] interval. The value used will be constrained using % 256 in C:\Users\Pablo\Documents\GitHub\nine-screen-canvas-flow\vendor\phpseclib\phpseclib\phpseclib\Math\BigInteger\Engines\BCMath.php on line 157
[13-Mar-2026 13:26:04 UTC] PHP Deprecated:  chr(): Providing a value not in-between 0 and 255 is deprecated, this is because a byte value must be in the [0, 255] interval. The value used will be constrained using % 256 in C:\Users\Pablo\Documents\GitHub\nine-screen-canvas-flow\vendor\phpseclib\phpseclib\phpseclib\Math\BigInteger\Engines\BCMath.php on line 157
[13-Mar-2026 13:26:04 UTC] PHP Deprecated:  chr(): Providing a value not in-between 0 and 255 is deprecated, this is because a byte value must be in the [0, 255] interval. The value used will be constrained using % 256 in C:\Users\Pablo\Documents\GitHub\nine-screen-canvas-flow\vendor\phpseclib\phpseclib\phpseclib\Math\BigInteger\Engines\BCMath.php on line 157
[13-Mar-2026 13:26:04 UTC] PHP Deprecated:  chr(): Providing a value not in-between 0 and 255 is deprecated, this is because a byte value must be in the [0, 255] interval. The value used will be constrained using % 256 in C:\Users\Pablo\Documents\GitHub\nine-screen-canvas-flow\vendor\phpseclib\phpseclib\phpseclib\Math\BigInteger\Engines\BCMath.php on line 157
[13-Mar-2026 13:26:04 UTC] PHP Deprecated:  chr(): Providing a value not in-between 0 and 255 is deprecated, this is because a byte value must be in the [0, 255] interval. The value used will be constrained using % 256 in C:\Users\Pablo\Documents\GitHub\nine-screen-canvas-flow\vendor\phpseclib\phpseclib\phpseclib\Math\BigInteger\Engines\BCMath.php on line 157
[13-Mar-2026 13:26:04 UTC] PHP Deprecated:  chr(): Providing a value not in-between 0 and 255 is deprecated, this is because a byte value must be in the [0, 255] interval. The value used will be constrained using % 256 in C:\Users\Pablo\Documents\GitHub\nine-screen-canvas-flow\vendor\phpseclib\phpseclib\phpseclib\Math\BigInteger\Engines\BCMath.php on line 157
[13-Mar-2026 13:26:04 UTC] PHP Deprecated:  chr(): Providing a value not in-between 0 and 255 is deprecated, this is because a byte value must be in the [0, 255] interval. The value used will be constrained using % 256 in C:\Users\Pablo\Documents\GitHub\nine-screen-canvas-flow\vendor\phpseclib\phpseclib\phpseclib\Math\BigInteger\Engines\BCMath.php on line 157
[13-Mar-2026 13:26:04 UTC] PHP Deprecated:  chr(): Providing a value not in-between 0 and 255 is deprecated, this is because a byte value must be in the [0, 255] interval. The value used will be constrained using % 256 in C:\Users\Pablo\Documents\GitHub\nine-screen-canvas-flow\vendor\phpseclib\phpseclib\phpseclib\Math\BigInteger\Engines\BCMath.php on line 157
[13-Mar-2026 13:26:04 UTC] PHP Deprecated:  chr(): Providing a value not in-between 0 and 255 is deprecated, this is because a byte value must be in the [0, 255] interval. The value used will be constrained using % 256 in C:\Users\Pablo\Documents\GitHub\nine-screen-canvas-flow\vendor\phpseclib\phpseclib\phpseclib\Math\BigInteger\Engines\BCMath.php on line 157
[13-Mar-2026 13:26:04 UTC] PHP Deprecated:  chr(): Providing a value not in-between 0 and 255 is deprecated, this is because a byte value must be in the [0, 255] interval. The value used will be constrained using % 256 in C:\Users\Pablo\Documents\GitHub\nine-screen-canvas-flow\vendor\phpseclib\phpseclib\phpseclib\Math\BigInteger\Engines\BCMath.php on line 157
[13-Mar-2026 13:26:04 UTC] PHP Deprecated:  chr(): Providing a value not in-between 0 and 255 is deprecated, this is because a byte value must be in the [0, 255] interval. The value used will be constrained using % 256 in C:\Users\Pablo\Documents\GitHub\nine-screen-canvas-flow\vendor\phpseclib\phpseclib\phpseclib\Math\BigInteger\Engines\BCMath.php on line 157
[13-Mar-2026 13:26:04 UTC] PHP Deprecated:  chr(): Providing a value not in-between 0 and 255 is deprecated, this is because a byte value must be in the [0, 255] interval. The value used will be constrained using % 256 in C:\Users\Pablo\Documents\GitHub\nine-screen-canvas-flow\vendor\phpseclib\phpseclib\phpseclib\Math\BigInteger\Engines\BCMath.php on line 157
[13-Mar-2026 13:26:04 UTC] PHP Deprecated:  chr(): Providing a value not in-between 0 and 255 is deprecated, this is because a byte value must be in the [0, 255] interval. The value used will be constrained using % 256 in C:\Users\Pablo\Documents\GitHub\nine-screen-canvas-flow\vendor\phpseclib\phpseclib\phpseclib\Math\BigInteger\Engines\BCMath.php on line 157
[13-Mar-2026 13:26:04 UTC] PHP Deprecated:  chr(): Providing a value not in-between 0 and 255 is deprecated, this is because a byte value must be in the [0, 255] interval. The value used will be constrained using % 256 in C:\Users\Pablo\Documents\GitHub\nine-screen-canvas-flow\vendor\phpseclib\phpseclib\phpseclib\Math\BigInteger\Engines\BCMath.php on line 157
[13-Mar-2026 13:26:04 UTC] PHP Deprecated:  chr(): Providing a value not in-between 0 and 255 is deprecated, this is because a byte value must be in the [0, 255] interval. The value used will be constrained using % 256 in C:\Users\Pablo\Documents\GitHub\nine-screen-canvas-flow\vendor\phpseclib\phpseclib\phpseclib\Math\BigInteger\Engines\BCMath.php on line 157
[13-Mar-2026 13:26:04 UTC] PHP Deprecated:  chr(): Providing a value not in-between 0 and 255 is deprecated, this is because a byte value must be in the [0, 255] interval. The value used will be constrained using % 256 in C:\Users\Pablo\Documents\GitHub\nine-screen-canvas-flow\vendor\phpseclib\phpseclib\phpseclib\Math\BigInteger\Engines\BCMath.php on line 157
[13-Mar-2026 13:26:04 UTC] PHP Deprecated:  chr(): Providing a value not in-between 0 and 255 is deprecated, this is because a byte value must be in the [0, 255] interval. The value used will be constrained using % 256 in C:\Users\Pablo\Documents\GitHub\nine-screen-canvas-flow\vendor\phpseclib\phpseclib\phpseclib\Math\BigInteger\Engines\BCMath.php on line 157
[13-Mar-2026 13:26:04 UTC] PHP Deprecated:  chr(): Providing a value not in-between 0 and 255 is deprecated, this is because a byte value must be in the [0, 255] interval. The value used will be constrained using % 256 in C:\Users\Pablo\Documents\GitHub\nine-screen-canvas-flow\vendor\phpseclib\phpseclib\phpseclib\Math\BigInteger\Engines\BCMath.php on line 157
[13-Mar-2026 13:26:04 UTC] PHP Deprecated:  chr(): Providing a value not in-between 0 and 255 is deprecated, this is because a byte value must be in the [0, 255] interval. The value used will be constrained using % 256 in C:\Users\Pablo\Documents\GitHub\nine-screen-canvas-flow\vendor\phpseclib\phpseclib\phpseclib\Math\BigInteger\Engines\BCMath.php on line 157
[13-Mar-2026 13:26:04 UTC] PHP Deprecated:  chr(): Providing a value not in-between 0 and 255 is deprecated, this is because a byte value must be in the [0, 255] interval. The value used will be constrained using % 256 in C:\Users\Pablo\Documents\GitHub\nine-screen-canvas-flow\vendor\phpseclib\phpseclib\phpseclib\Math\BigInteger\Engines\BCMath.php on line 157
[13-Mar-2026 13:26:04 UTC] PHP Deprecated:  chr(): Providing a value not in-between 0 and 255 is deprecated, this is because a byte value must be in the [0, 255] interval. The value used will be constrained using % 256 in C:\Users\Pablo\Documents\GitHub\nine-screen-canvas-flow\vendor\phpseclib\phpseclib\phpseclib\Math\BigInteger\Engines\BCMath.php on line 157
[13-Mar-2026 13:26:04 UTC] PHP Deprecated:  chr(): Providing a value not in-between 0 and 255 is deprecated, this is because a byte value must be in the [0, 255] interval. The value used will be constrained using % 256 in C:\Users\Pablo\Documents\GitHub\nine-screen-canvas-flow\vendor\phpseclib\phpseclib\phpseclib\Math\BigInteger\Engines\BCMath.php on line 157
[13-Mar-2026 13:26:04 UTC] PHP Deprecated:  chr(): Providing a value not in-between 0 and 255 is deprecated, this is because a byte value must be in the [0, 255] interval. The value used will be constrained using % 256 in C:\Users\Pablo\Documents\GitHub\nine-screen-canvas-flow\vendor\phpseclib\phpseclib\phpseclib\Math\BigInteger\Engines\BCMath.php on line 157
[13-Mar-2026 13:26:04 UTC] PHP Deprecated:  chr(): Providing a value not in-between 0 and 255 is deprecated, this is because a byte value must be in the [0, 255] interval. The value used will be constrained using % 256 in C:\Users\Pablo\Documents\GitHub\nine-screen-canvas-flow\vendor\phpseclib\phpseclib\phpseclib\Math\BigInteger\Engines\BCMath.php on line 157
[13-Mar-2026 13:26:04 UTC] PHP Deprecated:  chr(): Providing a value not in-between 0 and 255 is deprecated, this is because a byte value must be in the [0, 255] interval. The value used will be constrained using % 256 in C:\Users\Pablo\Documents\GitHub\nine-screen-canvas-flow\vendor\phpseclib\phpseclib\phpseclib\Math\BigInteger\Engines\BCMath.php on line 157
[13-Mar-2026 13:26:04 UTC] PHP Deprecated:  chr(): Providing a value not in-between 0 and 255 is deprecated, this is because a byte value must be in the [0, 255] interval. The value used will be constrained using % 256 in C:\Users\Pablo\Documents\GitHub\nine-screen-canvas-flow\vendor\phpseclib\phpseclib\phpseclib\Math\BigInteger\Engines\BCMath.php on line 157
[13-Mar-2026 13:26:04 UTC] PHP Deprecated:  chr(): Providing a value not in-between 0 and 255 is deprecated, this is because a byte value must be in the [0, 255] interval. The value used will be constrained using % 256 in C:\Users\Pablo\Documents\GitHub\nine-screen-canvas-flow\vendor\phpseclib\phpseclib\phpseclib\Math\BigInteger\Engines\BCMath.php on line 157
[13-Mar-2026 13:26:04 UTC] PHP Deprecated:  chr(): Providing a value not in-between 0 and 255 is deprecated, this is because a byte value must be in the [0, 255] interval. The value used will be constrained using % 256 in C:\Users\Pablo\Documents\GitHub\nine-screen-canvas-flow\vendor\phpseclib\phpseclib\phpseclib\Math\BigInteger\Engines\BCMath.php on line 157
[13-Mar-2026 13:26:04 UTC] PHP Deprecated:  chr(): Providing a value not in-between 0 and 255 is deprecated, this is because a byte value must be in the [0, 255] interval. The value used will be constrained using % 256 in C:\Users\Pablo\Documents\GitHub\nine-screen-canvas-flow\vendor\phpseclib\phpseclib\phpseclib\Math\BigInteger\Engines\BCMath.php on line 157
[13-Mar-2026 13:26:04 UTC] PHP Deprecated:  chr(): Providing a value not in-between 0 and 255 is deprecated, this is because a byte value must be in the [0, 255] interval. The value used will be constrained using % 256 in C:\Users\Pablo\Documents\GitHub\nine-screen-canvas-flow\vendor\phpseclib\phpseclib\phpseclib\Math\BigInteger\Engines\BCMath.php on line 157
[13-Mar-2026 13:26:04 UTC] PHP Deprecated:  chr(): Providing a value not in-between 0 and 255 is deprecated, this is because a byte value must be in the [0, 255] interval. The value used will be constrained using % 256 in C:\Users\Pablo\Documents\GitHub\nine-screen-canvas-flow\vendor\phpseclib\phpseclib\phpseclib\Math\BigInteger\Engines\BCMath.php on line 157
[13-Mar-2026 13:26:04 UTC] PHP Deprecated:  chr(): Providing a value not in-between 0 and 255 is deprecated, this is because a byte value must be in the [0, 255] interval. The value used will be constrained using % 256 in C:\Users\Pablo\Documents\GitHub\nine-screen-canvas-flow\vendor\phpseclib\phpseclib\phpseclib\Math\BigInteger\Engines\BCMath.php on line 157
[13-Mar-2026 13:26:04 UTC] PHP Deprecated:  chr(): Providing a value not in-between 0 and 255 is deprecated, this is because a byte value must be in the [0, 255] interval. The value used will be constrained using % 256 in C:\Users\Pablo\Documents\GitHub\nine-screen-canvas-flow\vendor\phpseclib\phpseclib\phpseclib\Math\BigInteger\Engines\BCMath.php on line 157
[13-Mar-2026 13:26:04 UTC] PHP Deprecated:  chr(): Providing a value not in-between 0 and 255 is deprecated, this is because a byte value must be in the [0, 255] interval. The value used will be constrained using % 256 in C:\Users\Pablo\Documents\GitHub\nine-screen-canvas-flow\vendor\phpseclib\phpseclib\phpseclib\Math\BigInteger\Engines\BCMath.php on line 157
[13-Mar-2026 13:26:04 UTC] PHP Deprecated:  chr(): Providing a value not in-between 0 and 255 is deprecated, this is because a byte value must be in the [0, 255] interval. The value used will be constrained using % 256 in C:\Users\Pablo\Documents\GitHub\nine-screen-canvas-flow\vendor\phpseclib\phpseclib\phpseclib\Math\BigInteger\Engines\BCMath.php on line 157
[13-Mar-2026 13:26:05 UTC] PHP Deprecated:  chr(): Providing a value not in-between 0 and 255 is deprecated, this is because a byte value must be in the [0, 255] interval. The value used will be constrained using % 256 in C:\Users\Pablo\Documents\GitHub\nine-screen-canvas-flow\vendor\phpseclib\phpseclib\phpseclib\Math\BigInteger\Engines\BCMath.php on line 157
[13-Mar-2026 13:26:05 UTC] PHP Deprecated:  chr(): Providing a value not in-between 0 and 255 is deprecated, this is because a byte value must be in the [0, 255] interval. The value used will be constrained using % 256 in C:\Users\Pablo\Documents\GitHub\nine-screen-canvas-flow\vendor\phpseclib\phpseclib\phpseclib\Math\BigInteger\Engines\BCMath.php on line 157
[13-Mar-2026 13:26:05 UTC] PHP Deprecated:  chr(): Providing a value not in-between 0 and 255 is deprecated, this is because a byte value must be in the [0, 255] interval. The value used will be constrained using % 256 in C:\Users\Pablo\Documents\GitHub\nine-screen-canvas-flow\vendor\phpseclib\phpseclib\phpseclib\Math\BigInteger\Engines\BCMath.php on line 157
[13-Mar-2026 13:26:05 UTC] PHP Deprecated:  chr(): Providing a value not in-between 0 and 255 is deprecated, this is because a byte value must be in the [0, 255] interval. The value used will be constrained using % 256 in C:\Users\Pablo\Documents\GitHub\nine-screen-canvas-flow\vendor\phpseclib\phpseclib\phpseclib\Math\BigInteger\Engines\BCMath.php on line 157
[13-Mar-2026 13:26:05 UTC] PHP Deprecated:  chr(): Providing a value not in-between 0 and 255 is deprecated, this is because a byte value must be in the [0, 255] interval. The value used will be constrained using % 256 in C:\Users\Pablo\Documents\GitHub\nine-screen-canvas-flow\vendor\phpseclib\phpseclib\phpseclib\Math\BigInteger\Engines\BCMath.php on line 157
[13-Mar-2026 13:26:05 UTC] PHP Deprecated:  chr(): Providing a value not in-between 0 and 255 is deprecated, this is because a byte value must be in the [0, 255] interval. The value used will be constrained using % 256 in C:\Users\Pablo\Documents\GitHub\nine-screen-canvas-flow\vendor\phpseclib\phpseclib\phpseclib\Math\BigInteger\Engines\BCMath.php on line 157
[13-Mar-2026 13:26:05 UTC] PHP Deprecated:  chr(): Providing a value not in-between 0 and 255 is deprecated, this is because a byte value must be in the [0, 255] interval. The value used will be constrained using % 256 in C:\Users\Pablo\Documents\GitHub\nine-screen-canvas-flow\vendor\phpseclib\phpseclib\phpseclib\Math\BigInteger\Engines\BCMath.php on line 157
[13-Mar-2026 13:26:05 UTC] PHP Deprecated:  chr(): Providing a value not in-between 0 and 255 is deprecated, this is because a byte value must be in the [0, 255] interval. The value used will be constrained using % 256 in C:\Users\Pablo\Documents\GitHub\nine-screen-canvas-flow\vendor\phpseclib\phpseclib\phpseclib\Math\BigInteger\Engines\BCMath.php on line 157
[13-Mar-2026 13:26:05 UTC] PHP Deprecated:  chr(): Providing a value not in-between 0 and 255 is deprecated, this is because a byte value must be in the [0, 255] interval. The value used will be constrained using % 256 in C:\Users\Pablo\Documents\GitHub\nine-screen-canvas-flow\vendor\phpseclib\phpseclib\phpseclib\Math\BigInteger\Engines\BCMath.php on line 157
[13-Mar-2026 13:26:05 UTC] PHP Deprecated:  chr(): Providing a value not in-between 0 and 255 is deprecated, this is because a byte value must be in the [0, 255] interval. The value used will be constrained using % 256 in C:\Users\Pablo\Documents\GitHub\nine-screen-canvas-flow\vendor\phpseclib\phpseclib\phpseclib\Math\BigInteger\Engines\BCMath.php on line 157
[13-Mar-2026 13:26:05 UTC] PHP Deprecated:  chr(): Providing a value not in-between 0 and 255 is deprecated, this is because a byte value must be in the [0, 255] interval. The value used will be constrained using % 256 in C:\Users\Pablo\Documents\GitHub\nine-screen-canvas-flow\vendor\phpseclib\phpseclib\phpseclib\Math\BigInteger\Engines\BCMath.php on line 157
[13-Mar-2026 13:26:05 UTC] PHP Deprecated:  chr(): Providing a value not in-between 0 and 255 is deprecated, this is because a byte value must be in the [0, 255] interval. The value used will be constrained using % 256 in C:\Users\Pablo\Documents\GitHub\nine-screen-canvas-flow\vendor\phpseclib\phpseclib\phpseclib\Math\BigInteger\Engines\BCMath.php on line 157
[13-Mar-2026 13:26:05 UTC] PHP Deprecated:  chr(): Providing a value not in-between 0 and 255 is deprecated, this is because a byte value must be in the [0, 255] interval. The value used will be constrained using % 256 in C:\Users\Pablo\Documents\GitHub\nine-screen-canvas-flow\vendor\phpseclib\phpseclib\phpseclib\Math\BigInteger\Engines\BCMath.php on line 157
[13-Mar-2026 13:26:05 UTC] PHP Deprecated:  chr(): Providing a value not in-between 0 and 255 is deprecated, this is because a byte value must be in the [0, 255] interval. The value used will be constrained using % 256 in C:\Users\Pablo\Documents\GitHub\nine-screen-canvas-flow\vendor\phpseclib\phpseclib\phpseclib\Math\BigInteger\Engines\BCMath.php on line 157
[13-Mar-2026 13:26:05 UTC] PHP Deprecated:  chr(): Providing a value not in-between 0 and 255 is deprecated, this is because a byte value must be in the [0, 255] interval. The value used will be constrained using % 256 in C:\Users\Pablo\Documents\GitHub\nine-screen-canvas-flow\vendor\phpseclib\phpseclib\phpseclib\Math\BigInteger\Engines\BCMath.php on line 157
[13-Mar-2026 13:26:05 UTC] PHP Deprecated:  chr(): Providing a value not in-between 0 and 255 is deprecated, this is because a byte value must be in the [0, 255] interval. The value used will be constrained using % 256 in C:\Users\Pablo\Documents\GitHub\nine-screen-canvas-flow\vendor\phpseclib\phpseclib\phpseclib\Math\BigInteger\Engines\BCMath.php on line 157
[13-Mar-2026 13:26:05 UTC] PHP Deprecated:  chr(): Providing a value not in-between 0 and 255 is deprecated, this is because a byte value must be in the [0, 255] interval. The value used will be constrained using % 256 in C:\Users\Pablo\Documents\GitHub\nine-screen-canvas-flow\vendor\phpseclib\phpseclib\phpseclib\Math\BigInteger\Engines\BCMath.php on line 157
[13-Mar-2026 13:26:05 UTC] PHP Deprecated:  chr(): Providing a value not in-between 0 and 255 is deprecated, this is because a byte value must be in the [0, 255] interval. The value used will be constrained using % 256 in C:\Users\Pablo\Documents\GitHub\nine-screen-canvas-flow\vendor\phpseclib\phpseclib\phpseclib\Math\BigInteger\Engines\BCMath.php on line 157
[13-Mar-2026 13:26:05 UTC] PHP Deprecated:  chr(): Providing a value not in-between 0 and 255 is deprecated, this is because a byte value must be in the [0, 255] interval. The value used will be constrained using % 256 in C:\Users\Pablo\Documents\GitHub\nine-screen-canvas-flow\vendor\phpseclib\phpseclib\phpseclib\Math\BigInteger\Engines\BCMath.php on line 157
[13-Mar-2026 13:26:05 UTC] PHP Deprecated:  chr(): Providing a value not in-between 0 and 255 is deprecated, this is because a byte value must be in the [0, 255] interval. The value used will be constrained using % 256 in C:\Users\Pablo\Documents\GitHub\nine-screen-canvas-flow\vendor\phpseclib\phpseclib\phpseclib\Math\BigInteger\Engines\BCMath.php on line 157
[13-Mar-2026 13:26:05 UTC] PHP Deprecated:  chr(): Providing a value not in-between 0 and 255 is deprecated, this is because a byte value must be in the [0, 255] interval. The value used will be constrained using % 256 in C:\Users\Pablo\Documents\GitHub\nine-screen-canvas-flow\vendor\phpseclib\phpseclib\phpseclib\Math\BigInteger\Engines\BCMath.php on line 157
[13-Mar-2026 13:26:05 UTC] PHP Deprecated:  chr(): Providing a value not in-between 0 and 255 is deprecated, this is because a byte value must be in the [0, 255] interval. The value used will be constrained using % 256 in C:\Users\Pablo\Documents\GitHub\nine-screen-canvas-flow\vendor\phpseclib\phpseclib\phpseclib\Math\BigInteger\Engines\BCMath.php on line 157
[13-Mar-2026 13:26:05 UTC] PHP Deprecated:  chr(): Providing a value not in-between 0 and 255 is deprecated, this is because a byte value must be in the [0, 255] interval. The value used will be constrained using % 256 in C:\Users\Pablo\Documents\GitHub\nine-screen-canvas-flow\vendor\phpseclib\phpseclib\phpseclib\Math\BigInteger\Engines\BCMath.php on line 157
[13-Mar-2026 13:26:05 UTC] PHP Deprecated:  chr(): Providing a value not in-between 0 and 255 is deprecated, this is because a byte value must be in the [0, 255] interval. The value used will be constrained using % 256 in C:\Users\Pablo\Documents\GitHub\nine-screen-canvas-flow\vendor\phpseclib\phpseclib\phpseclib\Math\BigInteger\Engines\BCMath.php on line 157
[13-Mar-2026 13:26:05 UTC] PHP Deprecated:  chr(): Providing a value not in-between 0 and 255 is deprecated, this is because a byte value must be in the [0, 255] interval. The value used will be constrained using % 256 in C:\Users\Pablo\Documents\GitHub\nine-screen-canvas-flow\vendor\phpseclib\phpseclib\phpseclib\Math\BigInteger\Engines\BCMath.php on line 157
[13-Mar-2026 13:26:05 UTC] PHP Deprecated:  chr(): Providing a value not in-between 0 and 255 is deprecated, this is because a byte value must be in the [0, 255] interval. The value used will be constrained using % 256 in C:\Users\Pablo\Documents\GitHub\nine-screen-canvas-flow\vendor\phpseclib\phpseclib\phpseclib\Math\BigInteger\Engines\BCMath.php on line 157
[13-Mar-2026 13:26:05 UTC] PHP Deprecated:  chr(): Providing a value not in-between 0 and 255 is deprecated, this is because a byte value must be in the [0, 255] interval. The value used will be constrained using % 256 in C:\Users\Pablo\Documents\GitHub\nine-screen-canvas-flow\vendor\phpseclib\phpseclib\phpseclib\Math\BigInteger\Engines\BCMath.php on line 157
[13-Mar-2026 13:26:05 UTC] PHP Deprecated:  chr(): Providing a value not in-between 0 and 255 is deprecated, this is because a byte value must be in the [0, 255] interval. The value used will be constrained using % 256 in C:\Users\Pablo\Documents\GitHub\nine-screen-canvas-flow\vendor\phpseclib\phpseclib\phpseclib\Math\BigInteger\Engines\BCMath.php on line 157
[13-Mar-2026 13:26:05 UTC] PHP Deprecated:  chr(): Providing a value not in-between 0 and 255 is deprecated, this is because a byte value must be in the [0, 255] interval. The value used will be constrained using % 256 in C:\Users\Pablo\Documents\GitHub\nine-screen-canvas-flow\vendor\phpseclib\phpseclib\phpseclib\Math\BigInteger\Engines\BCMath.php on line 157
[13-Mar-2026 13:26:05 UTC] PHP Deprecated:  chr(): Providing a value not in-between 0 and 255 is deprecated, this is because a byte value must be in the [0, 255] interval. The value used will be constrained using % 256 in C:\Users\Pablo\Documents\GitHub\nine-screen-canvas-flow\vendor\phpseclib\phpseclib\phpseclib\Math\BigInteger\Engines\BCMath.php on line 157
[13-Mar-2026 13:26:05 UTC] PHP Deprecated:  chr(): Providing a value not in-between 0 and 255 is deprecated, this is because a byte value must be in the [0, 255] interval. The value used will be constrained using % 256 in C:\Users\Pablo\Documents\GitHub\nine-screen-canvas-flow\vendor\phpseclib\phpseclib\phpseclib\Math\BigInteger\Engines\BCMath.php on line 157
[13-Mar-2026 13:26:05 UTC] PHP Deprecated:  chr(): Providing a value not in-between 0 and 255 is deprecated, this is because a byte value must be in the [0, 255] interval. The value used will be constrained using % 256 in C:\Users\Pablo\Documents\GitHub\nine-screen-canvas-flow\vendor\phpseclib\phpseclib\phpseclib\Math\BigInteger\Engines\BCMath.php on line 157
[13-Mar-2026 13:26:05 UTC] PHP Deprecated:  chr(): Providing a value not in-between 0 and 255 is deprecated, this is because a byte value must be in the [0, 255] interval. The value used will be constrained using % 256 in C:\Users\Pablo\Documents\GitHub\nine-screen-canvas-flow\vendor\phpseclib\phpseclib\phpseclib\Math\BigInteger\Engines\BCMath.php on line 157
[13-Mar-2026 13:26:05 UTC] PHP Deprecated:  chr(): Providing a value not in-between 0 and 255 is deprecated, this is because a byte value must be in the [0, 255] interval. The value used will be constrained using % 256 in C:\Users\Pablo\Documents\GitHub\nine-screen-canvas-flow\vendor\phpseclib\phpseclib\phpseclib\Math\BigInteger\Engines\BCMath.php on line 157
[13-Mar-2026 13:26:05 UTC] PHP Deprecated:  chr(): Providing a value not in-between 0 and 255 is deprecated, this is because a byte value must be in the [0, 255] interval. The value used will be constrained using % 256 in C:\Users\Pablo\Documents\GitHub\nine-screen-canvas-flow\vendor\phpseclib\phpseclib\phpseclib\Math\BigInteger\Engines\BCMath.php on line 157
[13-Mar-2026 13:26:05 UTC] PHP Deprecated:  chr(): Providing a value not in-between 0 and 255 is deprecated, this is because a byte value must be in the [0, 255] interval. The value used will be constrained using % 256 in C:\Users\Pablo\Documents\GitHub\nine-screen-canvas-flow\vendor\phpseclib\phpseclib\phpseclib\Math\BigInteger\Engines\BCMath.php on line 157
[13-Mar-2026 13:26:05 UTC] PHP Deprecated:  chr(): Providing a value not in-between 0 and 255 is deprecated, this is because a byte value must be in the [0, 255] interval. The value used will be constrained using % 256 in C:\Users\Pablo\Documents\GitHub\nine-screen-canvas-flow\vendor\phpseclib\phpseclib\phpseclib\Math\BigInteger\Engines\BCMath.php on line 157
[13-Mar-2026 13:26:05 UTC] PHP Deprecated:  chr(): Providing a value not in-between 0 and 255 is deprecated, this is because a byte value must be in the [0, 255] interval. The value used will be constrained using % 256 in C:\Users\Pablo\Documents\GitHub\nine-screen-canvas-flow\vendor\phpseclib\phpseclib\phpseclib\Math\BigInteger\Engines\BCMath.php on line 157
[13-Mar-2026 13:26:05 UTC] PHP Deprecated:  chr(): Providing a value not in-between 0 and 255 is deprecated, this is because a byte value must be in the [0, 255] interval. The value used will be constrained using % 256 in C:\Users\Pablo\Documents\GitHub\nine-screen-canvas-flow\vendor\phpseclib\phpseclib\phpseclib\Math\BigInteger\Engines\BCMath.php on line 157
[13-Mar-2026 13:26:05 UTC] PHP Deprecated:  chr(): Providing a value not in-between 0 and 255 is deprecated, this is because a byte value must be in the [0, 255] interval. The value used will be constrained using % 256 in C:\Users\Pablo\Documents\GitHub\nine-screen-canvas-flow\vendor\phpseclib\phpseclib\phpseclib\Math\BigInteger\Engines\BCMath.php on line 157
[13-Mar-2026 13:26:05 UTC] PHP Deprecated:  chr(): Providing a value not in-between 0 and 255 is deprecated, this is because a byte value must be in the [0, 255] interval. The value used will be constrained using % 256 in C:\Users\Pablo\Documents\GitHub\nine-screen-canvas-flow\vendor\phpseclib\phpseclib\phpseclib\Math\BigInteger\Engines\BCMath.php on line 157
[13-Mar-2026 13:26:05 UTC] PHP Deprecated:  chr(): Providing a value not in-between 0 and 255 is deprecated, this is because a byte value must be in the [0, 255] interval. The value used will be constrained using % 256 in C:\Users\Pablo\Documents\GitHub\nine-screen-canvas-flow\vendor\phpseclib\phpseclib\phpseclib\Math\BigInteger\Engines\BCMath.php on line 157
[13-Mar-2026 13:26:05 UTC] PHP Deprecated:  chr(): Providing a value not in-between 0 and 255 is deprecated, this is because a byte value must be in the [0, 255] interval. The value used will be constrained using % 256 in C:\Users\Pablo\Documents\GitHub\nine-screen-canvas-flow\vendor\phpseclib\phpseclib\phpseclib\Math\BigInteger\Engines\BCMath.php on line 157
[13-Mar-2026 13:26:05 UTC] PHP Deprecated:  chr(): Providing a value not in-between 0 and 255 is deprecated, this is because a byte value must be in the [0, 255] interval. The value used will be constrained using % 256 in C:\Users\Pablo\Documents\GitHub\nine-screen-canvas-flow\vendor\phpseclib\phpseclib\phpseclib\Math\BigInteger\Engines\BCMath.php on line 157
[13-Mar-2026 13:26:05 UTC] PHP Deprecated:  chr(): Providing a value not in-between 0 and 255 is deprecated, this is because a byte value must be in the [0, 255] interval. The value used will be constrained using % 256 in C:\Users\Pablo\Documents\GitHub\nine-screen-canvas-flow\vendor\phpseclib\phpseclib\phpseclib\Math\BigInteger\Engines\BCMath.php on line 157
[13-Mar-2026 13:26:05 UTC] PHP Deprecated:  chr(): Providing a value not in-between 0 and 255 is deprecated, this is because a byte value must be in the [0, 255] interval. The value used will be constrained using % 256 in C:\Users\Pablo\Documents\GitHub\nine-screen-canvas-flow\vendor\phpseclib\phpseclib\phpseclib\Math\BigInteger\Engines\BCMath.php on line 157
[13-Mar-2026 13:26:05 UTC] PHP Deprecated:  chr(): Providing a value not in-between 0 and 255 is deprecated, this is because a byte value must be in the [0, 255] interval. The value used will be constrained using % 256 in C:\Users\Pablo\Documents\GitHub\nine-screen-canvas-flow\vendor\phpseclib\phpseclib\phpseclib\Math\BigInteger\Engines\BCMath.php on line 157
[13-Mar-2026 13:26:05 UTC] PHP Deprecated:  chr(): Providing a value not in-between 0 and 255 is deprecated, this is because a byte value must be in the [0, 255] interval. The value used will be constrained using % 256 in C:\Users\Pablo\Documents\GitHub\nine-screen-canvas-flow\vendor\phpseclib\phpseclib\phpseclib\Math\BigInteger\Engines\BCMath.php on line 157
[13-Mar-2026 13:26:05 UTC] PHP Deprecated:  chr(): Providing a value not in-between 0 and 255 is deprecated, this is because a byte value must be in the [0, 255] interval. The value used will be constrained using % 256 in C:\Users\Pablo\Documents\GitHub\nine-screen-canvas-flow\vendor\phpseclib\phpseclib\phpseclib\Math\BigInteger\Engines\BCMath.php on line 157
[13-Mar-2026 13:26:05 UTC] PHP Deprecated:  chr(): Providing a value not in-between 0 and 255 is deprecated, this is because a byte value must be in the [0, 255] interval. The value used will be constrained using % 256 in C:\Users\Pablo\Documents\GitHub\nine-screen-canvas-flow\vendor\phpseclib\phpseclib\phpseclib\Math\BigInteger\Engines\BCMath.php on line 157
[13-Mar-2026 13:26:05 UTC] PHP Deprecated:  chr(): Providing a value not in-between 0 and 255 is deprecated, this is because a byte value must be in the [0, 255] interval. The value used will be constrained using % 256 in C:\Users\Pablo\Documents\GitHub\nine-screen-canvas-flow\vendor\phpseclib\phpseclib\phpseclib\Math\BigInteger\Engines\BCMath.php on line 157
[13-Mar-2026 13:26:05 UTC] PHP Deprecated:  chr(): Providing a value not in-between 0 and 255 is deprecated, this is because a byte value must be in the [0, 255] interval. The value used will be constrained using % 256 in C:\Users\Pablo\Documents\GitHub\nine-screen-canvas-flow\vendor\phpseclib\phpseclib\phpseclib\Math\BigInteger\Engines\BCMath.php on line 157
[13-Mar-2026 13:26:05 UTC] PHP Deprecated:  chr(): Providing a value not in-between 0 and 255 is deprecated, this is because a byte value must be in the [0, 255] interval. The value used will be constrained using % 256 in C:\Users\Pablo\Documents\GitHub\nine-screen-canvas-flow\vendor\phpseclib\phpseclib\phpseclib\Math\BigInteger\Engines\BCMath.php on line 157
[13-Mar-2026 13:26:05 UTC] PHP Deprecated:  chr(): Providing a value not in-between 0 and 255 is deprecated, this is because a byte value must be in the [0, 255] interval. The value used will be constrained using % 256 in C:\Users\Pablo\Documents\GitHub\nine-screen-canvas-flow\vendor\phpseclib\phpseclib\phpseclib\Math\BigInteger\Engines\BCMath.php on line 157
[13-Mar-2026 13:26:05 UTC] PHP Deprecated:  chr(): Providing a value not in-between 0 and 255 is deprecated, this is because a byte value must be in the [0, 255] interval. The value used will be constrained using % 256 in C:\Users\Pablo\Documents\GitHub\nine-screen-canvas-flow\vendor\phpseclib\phpseclib\phpseclib\Math\BigInteger\Engines\BCMath.php on line 157
[13-Mar-2026 13:26:05 UTC] PHP Deprecated:  chr(): Providing a value not in-between 0 and 255 is deprecated, this is because a byte value must be in the [0, 255] interval. The value used will be constrained using % 256 in C:\Users\Pablo\Documents\GitHub\nine-screen-canvas-flow\vendor\phpseclib\phpseclib\phpseclib\Math\BigInteger\Engines\BCMath.php on line 157
[13-Mar-2026 13:26:05 UTC] PHP Deprecated:  chr(): Providing a value not in-between 0 and 255 is deprecated, this is because a byte value must be in the [0, 255] interval. The value used will be constrained using % 256 in C:\Users\Pablo\Documents\GitHub\nine-screen-canvas-flow\vendor\phpseclib\phpseclib\phpseclib\Math\BigInteger\Engines\BCMath.php on line 157
[13-Mar-2026 13:26:05 UTC] PHP Deprecated:  chr(): Providing a value not in-between 0 and 255 is deprecated, this is because a byte value must be in the [0, 255] interval. The value used will be constrained using % 256 in C:\Users\Pablo\Documents\GitHub\nine-screen-canvas-flow\vendor\phpseclib\phpseclib\phpseclib\Math\BigInteger\Engines\BCMath.php on line 157
[13-Mar-2026 13:26:05 UTC] PHP Deprecated:  chr(): Providing a value not in-between 0 and 255 is deprecated, this is because a byte value must be in the [0, 255] interval. The value used will be constrained using % 256 in C:\Users\Pablo\Documents\GitHub\nine-screen-canvas-flow\vendor\phpseclib\phpseclib\phpseclib\Math\BigInteger\Engines\BCMath.php on line 157
[13-Mar-2026 13:26:05 UTC] PHP Deprecated:  chr(): Providing a value not in-between 0 and 255 is deprecated, this is because a byte value must be in the [0, 255] interval. The value used will be constrained using % 256 in C:\Users\Pablo\Documents\GitHub\nine-screen-canvas-flow\vendor\phpseclib\phpseclib\phpseclib\Math\BigInteger\Engines\BCMath.php on line 157
[13-Mar-2026 13:26:05 UTC] PHP Deprecated:  chr(): Providing a value not in-between 0 and 255 is deprecated, this is because a byte value must be in the [0, 255] interval. The value used will be constrained using % 256 in C:\Users\Pablo\Documents\GitHub\nine-screen-canvas-flow\vendor\phpseclib\phpseclib\phpseclib\Math\BigInteger\Engines\BCMath.php on line 157
[13-Mar-2026 13:26:05 UTC] PHP Deprecated:  chr(): Providing a value not in-between 0 and 255 is deprecated, this is because a byte value must be in the [0, 255] interval. The value used will be constrained using % 256 in C:\Users\Pablo\Documents\GitHub\nine-screen-canvas-flow\vendor\phpseclib\phpseclib\phpseclib\Math\BigInteger\Engines\BCMath.php on line 157
[13-Mar-2026 13:26:05 UTC] PHP Deprecated:  chr(): Providing a value not in-between 0 and 255 is deprecated, this is because a byte value must be in the [0, 255] interval. The value used will be constrained using % 256 in C:\Users\Pablo\Documents\GitHub\nine-screen-canvas-flow\vendor\phpseclib\phpseclib\phpseclib\Math\BigInteger\Engines\BCMath.php on line 157
[13-Mar-2026 13:26:05 UTC] PHP Deprecated:  chr(): Providing a value not in-between 0 and 255 is deprecated, this is because a byte value must be in the [0, 255] interval. The value used will be constrained using % 256 in C:\Users\Pablo\Documents\GitHub\nine-screen-canvas-flow\vendor\phpseclib\phpseclib\phpseclib\Math\BigInteger\Engines\BCMath.php on line 157
[13-Mar-2026 13:26:05 UTC] PHP Deprecated:  chr(): Providing a value not in-between 0 and 255 is deprecated, this is because a byte value must be in the [0, 255] interval. The value used will be constrained using % 256 in C:\Users\Pablo\Documents\GitHub\nine-screen-canvas-flow\vendor\phpseclib\phpseclib\phpseclib\Math\BigInteger\Engines\BCMath.php on line 157
[13-Mar-2026 13:26:05 UTC] PHP Deprecated:  chr(): Providing a value not in-between 0 and 255 is deprecated, this is because a byte value must be in the [0, 255] interval. The value used will be constrained using % 256 in C:\Users\Pablo\Documents\GitHub\nine-screen-canvas-flow\vendor\phpseclib\phpseclib\phpseclib\Math\BigInteger\Engines\BCMath.php on line 157
[13-Mar-2026 13:26:05 UTC] PHP Deprecated:  chr(): Providing a value not in-between 0 and 255 is deprecated, this is because a byte value must be in the [0, 255] interval. The value used will be constrained using % 256 in C:\Users\Pablo\Documents\GitHub\nine-screen-canvas-flow\vendor\phpseclib\phpseclib\phpseclib\Math\BigInteger\Engines\BCMath.php on line 157
[13-Mar-2026 13:26:05 UTC] PHP Deprecated:  chr(): Providing a value not in-between 0 and 255 is deprecated, this is because a byte value must be in the [0, 255] interval. The value used will be constrained using % 256 in C:\Users\Pablo\Documents\GitHub\nine-screen-canvas-flow\vendor\phpseclib\phpseclib\phpseclib\Math\BigInteger\Engines\BCMath.php on line 157
[13-Mar-2026 13:26:05 UTC] PHP Deprecated:  chr(): Providing a value not in-between 0 and 255 is deprecated, this is because a byte value must be in the [0, 255] interval. The value used will be constrained using % 256 in C:\Users\Pablo\Documents\GitHub\nine-screen-canvas-flow\vendor\phpseclib\phpseclib\phpseclib\Math\BigInteger\Engines\BCMath.php on line 157
[13-Mar-2026 13:26:05 UTC] PHP Deprecated:  chr(): Providing a value not in-between 0 and 255 is deprecated, this is because a byte value must be in the [0, 255] interval. The value used will be constrained using % 256 in C:\Users\Pablo\Documents\GitHub\nine-screen-canvas-flow\vendor\phpseclib\phpseclib\phpseclib\Math\BigInteger\Engines\BCMath.php on line 157
[13-Mar-2026 13:26:05 UTC] PHP Deprecated:  chr(): Providing a value not in-between 0 and 255 is deprecated, this is because a byte value must be in the [0, 255] interval. The value used will be constrained using % 256 in C:\Users\Pablo\Documents\GitHub\nine-screen-canvas-flow\vendor\phpseclib\phpseclib\phpseclib\Math\BigInteger\Engines\BCMath.php on line 157
[13-Mar-2026 13:26:05 UTC] PHP Deprecated:  chr(): Providing a value not in-between 0 and 255 is deprecated, this is because a byte value must be in the [0, 255] interval. The value used will be constrained using % 256 in C:\Users\Pablo\Documents\GitHub\nine-screen-canvas-flow\vendor\phpseclib\phpseclib\phpseclib\Math\BigInteger\Engines\BCMath.php on line 157
[13-Mar-2026 13:26:05 UTC] PHP Deprecated:  chr(): Providing a value not in-between 0 and 255 is deprecated, this is because a byte value must be in the [0, 255] interval. The value used will be constrained using % 256 in C:\Users\Pablo\Documents\GitHub\nine-screen-canvas-flow\vendor\phpseclib\phpseclib\phpseclib\Math\BigInteger\Engines\BCMath.php on line 157
[13-Mar-2026 13:26:05 UTC] PHP Deprecated:  chr(): Providing a value not in-between 0 and 255 is deprecated, this is because a byte value must be in the [0, 255] interval. The value used will be constrained using % 256 in C:\Users\Pablo\Documents\GitHub\nine-screen-canvas-flow\vendor\phpseclib\phpseclib\phpseclib\Math\BigInteger\Engines\BCMath.php on line 157
[13-Mar-2026 13:26:05 UTC] PHP Deprecated:  chr(): Providing a value not in-between 0 and 255 is deprecated, this is because a byte value must be in the [0, 255] interval. The value used will be constrained using % 256 in C:\Users\Pablo\Documents\GitHub\nine-screen-canvas-flow\vendor\phpseclib\phpseclib\phpseclib\Math\BigInteger\Engines\BCMath.php on line 157
[13-Mar-2026 13:26:05 UTC] PHP Deprecated:  chr(): Providing a value not in-between 0 and 255 is deprecated, this is because a byte value must be in the [0, 255] interval. The value used will be constrained using % 256 in C:\Users\Pablo\Documents\GitHub\nine-screen-canvas-flow\vendor\phpseclib\phpseclib\phpseclib\Math\BigInteger\Engines\BCMath.php on line 157
[13-Mar-2026 13:26:05 UTC] PHP Deprecated:  chr(): Providing a value not in-between 0 and 255 is deprecated, this is because a byte value must be in the [0, 255] interval. The value used will be constrained using % 256 in C:\Users\Pablo\Documents\GitHub\nine-screen-canvas-flow\vendor\phpseclib\phpseclib\phpseclib\Math\BigInteger\Engines\BCMath.php on line 157
[13-Mar-2026 13:26:05 UTC] PHP Deprecated:  chr(): Providing a value not in-between 0 and 255 is deprecated, this is because a byte value must be in the [0, 255] interval. The value used will be constrained using % 256 in C:\Users\Pablo\Documents\GitHub\nine-screen-canvas-flow\vendor\phpseclib\phpseclib\phpseclib\Math\BigInteger\Engines\BCMath.php on line 157
[13-Mar-2026 13:26:05 UTC] PHP Deprecated:  chr(): Providing a value not in-between 0 and 255 is deprecated, this is because a byte value must be in the [0, 255] interval. The value used will be constrained using % 256 in C:\Users\Pablo\Documents\GitHub\nine-screen-canvas-flow\vendor\phpseclib\phpseclib\phpseclib\Math\BigInteger\Engines\BCMath.php on line 157
[13-Mar-2026 13:26:05 UTC] PHP Deprecated:  chr(): Providing a value not in-between 0 and 255 is deprecated, this is because a byte value must be in the [0, 255] interval. The value used will be constrained using % 256 in C:\Users\Pablo\Documents\GitHub\nine-screen-canvas-flow\vendor\phpseclib\phpseclib\phpseclib\Math\BigInteger\Engines\BCMath.php on line 157
[13-Mar-2026 13:26:05 UTC] PHP Deprecated:  chr(): Providing a value not in-between 0 and 255 is deprecated, this is because a byte value must be in the [0, 255] interval. The value used will be constrained using % 256 in C:\Users\Pablo\Documents\GitHub\nine-screen-canvas-flow\vendor\phpseclib\phpseclib\phpseclib\Math\BigInteger\Engines\BCMath.php on line 157
[13-Mar-2026 13:26:05 UTC] PHP Deprecated:  chr(): Providing a value not in-between 0 and 255 is deprecated, this is because a byte value must be in the [0, 255] interval. The value used will be constrained using % 256 in C:\Users\Pablo\Documents\GitHub\nine-screen-canvas-flow\vendor\phpseclib\phpseclib\phpseclib\Math\BigInteger\Engines\BCMath.php on line 157
[13-Mar-2026 13:26:05 UTC] PHP Deprecated:  chr(): Providing a value not in-between 0 and 255 is deprecated, this is because a byte value must be in the [0, 255] interval. The value used will be constrained using % 256 in C:\Users\Pablo\Documents\GitHub\nine-screen-canvas-flow\vendor\phpseclib\phpseclib\phpseclib\Math\BigInteger\Engines\BCMath.php on line 157
[13-Mar-2026 13:26:05 UTC] PHP Deprecated:  chr(): Providing a value not in-between 0 and 255 is deprecated, this is because a byte value must be in the [0, 255] interval. The value used will be constrained using % 256 in C:\Users\Pablo\Documents\GitHub\nine-screen-canvas-flow\vendor\phpseclib\phpseclib\phpseclib\Math\BigInteger\Engines\BCMath.php on line 157
[13-Mar-2026 13:26:05 UTC] PHP Deprecated:  chr(): Providing a value not in-between 0 and 255 is deprecated, this is because a byte value must be in the [0, 255] interval. The value used will be constrained using % 256 in C:\Users\Pablo\Documents\GitHub\nine-screen-canvas-flow\vendor\phpseclib\phpseclib\phpseclib\Math\BigInteger\Engines\BCMath.php on line 157
[13-Mar-2026 13:26:05 UTC] PHP Deprecated:  chr(): Providing a value not in-between 0 and 255 is deprecated, this is because a byte value must be in the [0, 255] interval. The value used will be constrained using % 256 in C:\Users\Pablo\Documents\GitHub\nine-screen-canvas-flow\vendor\phpseclib\phpseclib\phpseclib\Math\BigInteger\Engines\BCMath.php on line 157
[13-Mar-2026 13:26:05 UTC] PHP Deprecated:  chr(): Providing a value not in-between 0 and 255 is deprecated, this is because a byte value must be in the [0, 255] interval. The value used will be constrained using % 256 in C:\Users\Pablo\Documents\GitHub\nine-screen-canvas-flow\vendor\phpseclib\phpseclib\phpseclib\Math\BigInteger\Engines\BCMath.php on line 157
[13-Mar-2026 13:26:05 UTC] PHP Deprecated:  chr(): Providing a value not in-between 0 and 255 is deprecated, this is because a byte value must be in the [0, 255] interval. The value used will be constrained using % 256 in C:\Users\Pablo\Documents\GitHub\nine-screen-canvas-flow\vendor\phpseclib\phpseclib\phpseclib\Math\BigInteger\Engines\BCMath.php on line 157
[13-Mar-2026 13:26:05 UTC] PHP Deprecated:  chr(): Providing a value not in-between 0 and 255 is deprecated, this is because a byte value must be in the [0, 255] interval. The value used will be constrained using % 256 in C:\Users\Pablo\Documents\GitHub\nine-screen-canvas-flow\vendor\phpseclib\phpseclib\phpseclib\Math\BigInteger\Engines\BCMath.php on line 157
[13-Mar-2026 13:26:05 UTC] PHP Deprecated:  chr(): Providing a value not in-between 0 and 255 is deprecated, this is because a byte value must be in the [0, 255] interval. The value used will be constrained using % 256 in C:\Users\Pablo\Documents\GitHub\nine-screen-canvas-flow\vendor\phpseclib\phpseclib\phpseclib\Math\BigInteger\Engines\BCMath.php on line 157
[13-Mar-2026 13:26:05 UTC] PHP Deprecated:  chr(): Providing a value not in-between 0 and 255 is deprecated, this is because a byte value must be in the [0, 255] interval. The value used will be constrained using % 256 in C:\Users\Pablo\Documents\GitHub\nine-screen-canvas-flow\vendor\phpseclib\phpseclib\phpseclib\Math\BigInteger\Engines\BCMath.php on line 157
[13-Mar-2026 13:26:05 UTC] PHP Deprecated:  chr(): Providing a value not in-between 0 and 255 is deprecated, this is because a byte value must be in the [0, 255] interval. The value used will be constrained using % 256 in C:\Users\Pablo\Documents\GitHub\nine-screen-canvas-flow\vendor\phpseclib\phpseclib\phpseclib\Math\BigInteger\Engines\BCMath.php on line 157
[13-Mar-2026 13:26:05 UTC] PHP Deprecated:  chr(): Providing a value not in-between 0 and 255 is deprecated, this is because a byte value must be in the [0, 255] interval. The value used will be constrained using % 256 in C:\Users\Pablo\Documents\GitHub\nine-screen-canvas-flow\vendor\phpseclib\phpseclib\phpseclib\Math\BigInteger\Engines\BCMath.php on line 157
[13-Mar-2026 13:26:05 UTC] PHP Deprecated:  chr(): Providing a value not in-between 0 and 255 is deprecated, this is because a byte value must be in the [0, 255] interval. The value used will be constrained using % 256 in C:\Users\Pablo\Documents\GitHub\nine-screen-canvas-flow\vendor\phpseclib\phpseclib\phpseclib\Math\BigInteger\Engines\BCMath.php on line 157
[13-Mar-2026 13:26:05 UTC] PHP Deprecated:  chr(): Providing a value not in-between 0 and 255 is deprecated, this is because a byte value must be in the [0, 255] interval. The value used will be constrained using % 256 in C:\Users\Pablo\Documents\GitHub\nine-screen-canvas-flow\vendor\phpseclib\phpseclib\phpseclib\Math\BigInteger\Engines\BCMath.php on line 157
[13-Mar-2026 13:26:05 UTC] PHP Deprecated:  chr(): Providing a value not in-between 0 and 255 is deprecated, this is because a byte value must be in the [0, 255] interval. The value used will be constrained using % 256 in C:\Users\Pablo\Documents\GitHub\nine-screen-canvas-flow\vendor\phpseclib\phpseclib\phpseclib\Math\BigInteger\Engines\BCMath.php on line 157
[13-Mar-2026 13:26:05 UTC] PHP Deprecated:  chr(): Providing a value not in-between 0 and 255 is deprecated, this is because a byte value must be in the [0, 255] interval. The value used will be constrained using % 256 in C:\Users\Pablo\Documents\GitHub\nine-screen-canvas-flow\vendor\phpseclib\phpseclib\phpseclib\Math\BigInteger\Engines\BCMath.php on line 157
[13-Mar-2026 13:26:05 UTC] PHP Deprecated:  chr(): Providing a value not in-between 0 and 255 is deprecated, this is because a byte value must be in the [0, 255] interval. The value used will be constrained using % 256 in C:\Users\Pablo\Documents\GitHub\nine-screen-canvas-flow\vendor\phpseclib\phpseclib\phpseclib\Math\BigInteger\Engines\BCMath.php on line 157
[13-Mar-2026 13:26:05 UTC] PHP Deprecated:  chr(): Providing a value not in-between 0 and 255 is deprecated, this is because a byte value must be in the [0, 255] interval. The value used will be constrained using % 256 in C:\Users\Pablo\Documents\GitHub\nine-screen-canvas-flow\vendor\phpseclib\phpseclib\phpseclib\Math\BigInteger\Engines\BCMath.php on line 157
[13-Mar-2026 13:26:05 UTC] PHP Deprecated:  chr(): Providing a value not in-between 0 and 255 is deprecated, this is because a byte value must be in the [0, 255] interval. The value used will be constrained using % 256 in C:\Users\Pablo\Documents\GitHub\nine-screen-canvas-flow\vendor\phpseclib\phpseclib\phpseclib\Math\BigInteger\Engines\BCMath.php on line 157
[13-Mar-2026 13:26:05 UTC] PHP Deprecated:  chr(): Providing a value not in-between 0 and 255 is deprecated, this is because a byte value must be in the [0, 255] interval. The value used will be constrained using % 256 in C:\Users\Pablo\Documents\GitHub\nine-screen-canvas-flow\vendor\phpseclib\phpseclib\phpseclib\Math\BigInteger\Engines\BCMath.php on line 157
[13-Mar-2026 13:26:05 UTC] PHP Deprecated:  chr(): Providing a value not in-between 0 and 255 is deprecated, this is because a byte value must be in the [0, 255] interval. The value used will be constrained using % 256 in C:\Users\Pablo\Documents\GitHub\nine-screen-canvas-flow\vendor\phpseclib\phpseclib\phpseclib\Math\BigInteger\Engines\BCMath.php on line 157
[13-Mar-2026 13:26:05 UTC] PHP Deprecated:  chr(): Providing a value not in-between 0 and 255 is deprecated, this is because a byte value must be in the [0, 255] interval. The value used will be constrained using % 256 in C:\Users\Pablo\Documents\GitHub\nine-screen-canvas-flow\vendor\phpseclib\phpseclib\phpseclib\Math\BigInteger\Engines\BCMath.php on line 157
[13-Mar-2026 13:26:05 UTC] PHP Deprecated:  chr(): Providing a value not in-between 0 and 255 is deprecated, this is because a byte value must be in the [0, 255] interval. The value used will be constrained using % 256 in C:\Users\Pablo\Documents\GitHub\nine-screen-canvas-flow\vendor\phpseclib\phpseclib\phpseclib\Math\BigInteger\Engines\BCMath.php on line 157
[13-Mar-2026 13:26:05 UTC] PHP Deprecated:  chr(): Providing a value not in-between 0 and 255 is deprecated, this is because a byte value must be in the [0, 255] interval. The value used will be constrained using % 256 in C:\Users\Pablo\Documents\GitHub\nine-screen-canvas-flow\vendor\phpseclib\phpseclib\phpseclib\Math\BigInteger\Engines\BCMath.php on line 157
[13-Mar-2026 13:26:05 UTC] PHP Deprecated:  chr(): Providing a value not in-between 0 and 255 is deprecated, this is because a byte value must be in the [0, 255] interval. The value used will be constrained using % 256 in C:\Users\Pablo\Documents\GitHub\nine-screen-canvas-flow\vendor\phpseclib\phpseclib\phpseclib\Math\BigInteger\Engines\BCMath.php on line 157
[13-Mar-2026 13:26:05 UTC] PHP Deprecated:  chr(): Providing a value not in-between 0 and 255 is deprecated, this is because a byte value must be in the [0, 255] interval. The value used will be constrained using % 256 in C:\Users\Pablo\Documents\GitHub\nine-screen-canvas-flow\vendor\phpseclib\phpseclib\phpseclib\Math\BigInteger\Engines\BCMath.php on line 157
[13-Mar-2026 13:26:05 UTC] PHP Deprecated:  chr(): Providing a value not in-between 0 and 255 is deprecated, this is because a byte value must be in the [0, 255] interval. The value used will be constrained using % 256 in C:\Users\Pablo\Documents\GitHub\nine-screen-canvas-flow\vendor\phpseclib\phpseclib\phpseclib\Math\BigInteger\Engines\BCMath.php on line 157
[13-Mar-2026 13:26:05 UTC] PHP Deprecated:  chr(): Providing a value not in-between 0 and 255 is deprecated, this is because a byte value must be in the [0, 255] interval. The value used will be constrained using % 256 in C:\Users\Pablo\Documents\GitHub\nine-screen-canvas-flow\vendor\phpseclib\phpseclib\phpseclib\Math\BigInteger\Engines\BCMath.php on line 157
[13-Mar-2026 13:26:05 UTC] PHP Deprecated:  chr(): Providing a value not in-between 0 and 255 is deprecated, this is because a byte value must be in the [0, 255] interval. The value used will be constrained using % 256 in C:\Users\Pablo\Documents\GitHub\nine-screen-canvas-flow\vendor\phpseclib\phpseclib\phpseclib\Math\BigInteger\Engines\BCMath.php on line 157
[13-Mar-2026 13:26:05 UTC] PHP Deprecated:  chr(): Providing a value not in-between 0 and 255 is deprecated, this is because a byte value must be in the [0, 255] interval. The value used will be constrained using % 256 in C:\Users\Pablo\Documents\GitHub\nine-screen-canvas-flow\vendor\phpseclib\phpseclib\phpseclib\Math\BigInteger\Engines\BCMath.php on line 157
[13-Mar-2026 13:26:05 UTC] PHP Deprecated:  chr(): Providing a value not in-between 0 and 255 is deprecated, this is because a byte value must be in the [0, 255] interval. The value used will be constrained using % 256 in C:\Users\Pablo\Documents\GitHub\nine-screen-canvas-flow\vendor\phpseclib\phpseclib\phpseclib\Math\BigInteger\Engines\BCMath.php on line 157
[13-Mar-2026 13:26:05 UTC] PHP Deprecated:  chr(): Providing a value not in-between 0 and 255 is deprecated, this is because a byte value must be in the [0, 255] interval. The value used will be constrained using % 256 in C:\Users\Pablo\Documents\GitHub\nine-screen-canvas-flow\vendor\phpseclib\phpseclib\phpseclib\Math\BigInteger\Engines\BCMath.php on line 157
[13-Mar-2026 13:26:05 UTC] PHP Deprecated:  chr(): Providing a value not in-between 0 and 255 is deprecated, this is because a byte value must be in the [0, 255] interval. The value used will be constrained using % 256 in C:\Users\Pablo\Documents\GitHub\nine-screen-canvas-flow\vendor\phpseclib\phpseclib\phpseclib\Math\BigInteger\Engines\BCMath.php on line 157
[13-Mar-2026 13:26:05 UTC] PHP Deprecated:  chr(): Providing a value not in-between 0 and 255 is deprecated, this is because a byte value must be in the [0, 255] interval. The value used will be constrained using % 256 in C:\Users\Pablo\Documents\GitHub\nine-screen-canvas-flow\vendor\phpseclib\phpseclib\phpseclib\Math\BigInteger\Engines\BCMath.php on line 157
[13-Mar-2026 13:26:05 UTC] PHP Deprecated:  chr(): Providing a value not in-between 0 and 255 is deprecated, this is because a byte value must be in the [0, 255] interval. The value used will be constrained using % 256 in C:\Users\Pablo\Documents\GitHub\nine-screen-canvas-flow\vendor\phpseclib\phpseclib\phpseclib\Math\BigInteger\Engines\BCMath.php on line 157
[13-Mar-2026 13:26:05 UTC] PHP Deprecated:  chr(): Providing a value not in-between 0 and 255 is deprecated, this is because a byte value must be in the [0, 255] interval. The value used will be constrained using % 256 in C:\Users\Pablo\Documents\GitHub\nine-screen-canvas-flow\vendor\phpseclib\phpseclib\phpseclib\Math\BigInteger\Engines\BCMath.php on line 157
[13-Mar-2026 13:26:05 UTC] PHP Deprecated:  chr(): Providing a value not in-between 0 and 255 is deprecated, this is because a byte value must be in the [0, 255] interval. The value used will be constrained using % 256 in C:\Users\Pablo\Documents\GitHub\nine-screen-canvas-flow\vendor\phpseclib\phpseclib\phpseclib\Math\BigInteger\Engines\BCMath.php on line 157
[13-Mar-2026 13:26:05 UTC] PHP Deprecated:  chr(): Providing a value not in-between 0 and 255 is deprecated, this is because a byte value must be in the [0, 255] interval. The value used will be constrained using % 256 in C:\Users\Pablo\Documents\GitHub\nine-screen-canvas-flow\vendor\phpseclib\phpseclib\phpseclib\Math\BigInteger\Engines\BCMath.php on line 157
[13-Mar-2026 13:26:05 UTC] PHP Deprecated:  chr(): Providing a value not in-between 0 and 255 is deprecated, this is because a byte value must be in the [0, 255] interval. The value used will be constrained using % 256 in C:\Users\Pablo\Documents\GitHub\nine-screen-canvas-flow\vendor\phpseclib\phpseclib\phpseclib\Math\BigInteger\Engines\BCMath.php on line 157
[13-Mar-2026 13:26:05 UTC] PHP Deprecated:  chr(): Providing a value not in-between 0 and 255 is deprecated, this is because a byte value must be in the [0, 255] interval. The value used will be constrained using % 256 in C:\Users\Pablo\Documents\GitHub\nine-screen-canvas-flow\vendor\phpseclib\phpseclib\phpseclib\Math\BigInteger\Engines\BCMath.php on line 157
[13-Mar-2026 13:26:05 UTC] PHP Deprecated:  chr(): Providing a value not in-between 0 and 255 is deprecated, this is because a byte value must be in the [0, 255] interval. The value used will be constrained using % 256 in C:\Users\Pablo\Documents\GitHub\nine-screen-canvas-flow\vendor\phpseclib\phpseclib\phpseclib\Math\BigInteger\Engines\BCMath.php on line 157
[13-Mar-2026 13:26:05 UTC] PHP Deprecated:  chr(): Providing a value not in-between 0 and 255 is deprecated, this is because a byte value must be in the [0, 255] interval. The value used will be constrained using % 256 in C:\Users\Pablo\Documents\GitHub\nine-screen-canvas-flow\vendor\phpseclib\phpseclib\phpseclib\Math\BigInteger\Engines\BCMath.php on line 157
[13-Mar-2026 13:26:05 UTC] PHP Deprecated:  chr(): Providing a value not in-between 0 and 255 is deprecated, this is because a byte value must be in the [0, 255] interval. The value used will be constrained using % 256 in C:\Users\Pablo\Documents\GitHub\nine-screen-canvas-flow\vendor\phpseclib\phpseclib\phpseclib\Math\BigInteger\Engines\BCMath.php on line 157
[13-Mar-2026 13:26:05 UTC] PHP Deprecated:  chr(): Providing a value not in-between 0 and 255 is deprecated, this is because a byte value must be in the [0, 255] interval. The value used will be constrained using % 256 in C:\Users\Pablo\Documents\GitHub\nine-screen-canvas-flow\vendor\phpseclib\phpseclib\phpseclib\Math\BigInteger\Engines\BCMath.php on line 157
[13-Mar-2026 13:26:05 UTC] PHP Deprecated:  chr(): Providing a value not in-between 0 and 255 is deprecated, this is because a byte value must be in the [0, 255] interval. The value used will be constrained using % 256 in C:\Users\Pablo\Documents\GitHub\nine-screen-canvas-flow\vendor\phpseclib\phpseclib\phpseclib\Math\BigInteger\Engines\BCMath.php on line 157
[13-Mar-2026 13:26:05 UTC] PHP Deprecated:  chr(): Providing a value not in-between 0 and 255 is deprecated, this is because a byte value must be in the [0, 255] interval. The value used will be constrained using % 256 in C:\Users\Pablo\Documents\GitHub\nine-screen-canvas-flow\vendor\phpseclib\phpseclib\phpseclib\Math\BigInteger\Engines\BCMath.php on line 157
[13-Mar-2026 13:26:05 UTC] PHP Deprecated:  chr(): Providing a value not in-between 0 and 255 is deprecated, this is because a byte value must be in the [0, 255] interval. The value used will be constrained using % 256 in C:\Users\Pablo\Documents\GitHub\nine-screen-canvas-flow\vendor\phpseclib\phpseclib\phpseclib\Math\BigInteger\Engines\BCMath.php on line 157
[13-Mar-2026 13:26:05 UTC] PHP Deprecated:  chr(): Providing a value not in-between 0 and 255 is deprecated, this is because a byte value must be in the [0, 255] interval. The value used will be constrained using % 256 in C:\Users\Pablo\Documents\GitHub\nine-screen-canvas-flow\vendor\phpseclib\phpseclib\phpseclib\Math\BigInteger\Engines\BCMath.php on line 157
[13-Mar-2026 13:26:05 UTC] PHP Deprecated:  chr(): Providing a value not in-between 0 and 255 is deprecated, this is because a byte value must be in the [0, 255] interval. The value used will be constrained using % 256 in C:\Users\Pablo\Documents\GitHub\nine-screen-canvas-flow\vendor\phpseclib\phpseclib\phpseclib\Math\BigInteger\Engines\BCMath.php on line 157
[13-Mar-2026 13:26:05 UTC] PHP Deprecated:  chr(): Providing a value not in-between 0 and 255 is deprecated, this is because a byte value must be in the [0, 255] interval. The value used will be constrained using % 256 in C:\Users\Pablo\Documents\GitHub\nine-screen-canvas-flow\vendor\phpseclib\phpseclib\phpseclib\Math\BigInteger\Engines\BCMath.php on line 157
[13-Mar-2026 13:26:05 UTC] PHP Deprecated:  chr(): Providing a value not in-between 0 and 255 is deprecated, this is because a byte value must be in the [0, 255] interval. The value used will be constrained using % 256 in C:\Users\Pablo\Documents\GitHub\nine-screen-canvas-flow\vendor\phpseclib\phpseclib\phpseclib\Math\BigInteger\Engines\BCMath.php on line 157
[13-Mar-2026 13:26:05 UTC] PHP Deprecated:  chr(): Providing a value not in-between 0 and 255 is deprecated, this is because a byte value must be in the [0, 255] interval. The value used will be constrained using % 256 in C:\Users\Pablo\Documents\GitHub\nine-screen-canvas-flow\vendor\phpseclib\phpseclib\phpseclib\Math\BigInteger\Engines\BCMath.php on line 157
[13-Mar-2026 13:26:05 UTC] PHP Deprecated:  chr(): Providing a value not in-between 0 and 255 is deprecated, this is because a byte value must be in the [0, 255] interval. The value used will be constrained using % 256 in C:\Users\Pablo\Documents\GitHub\nine-screen-canvas-flow\vendor\phpseclib\phpseclib\phpseclib\Math\BigInteger\Engines\BCMath.php on line 157
[13-Mar-2026 13:26:05 UTC] PHP Deprecated:  chr(): Providing a value not in-between 0 and 255 is deprecated, this is because a byte value must be in the [0, 255] interval. The value used will be constrained using % 256 in C:\Users\Pablo\Documents\GitHub\nine-screen-canvas-flow\vendor\phpseclib\phpseclib\phpseclib\Math\BigInteger\Engines\BCMath.php on line 157
[13-Mar-2026 13:26:05 UTC] PHP Deprecated:  chr(): Providing a value not in-between 0 and 255 is deprecated, this is because a byte value must be in the [0, 255] interval. The value used will be constrained using % 256 in C:\Users\Pablo\Documents\GitHub\nine-screen-canvas-flow\vendor\phpseclib\phpseclib\phpseclib\Math\BigInteger\Engines\BCMath.php on line 157
[13-Mar-2026 13:26:05 UTC] PHP Deprecated:  chr(): Providing a value not in-between 0 and 255 is deprecated, this is because a byte value must be in the [0, 255] interval. The value used will be constrained using % 256 in C:\Users\Pablo\Documents\GitHub\nine-screen-canvas-flow\vendor\phpseclib\phpseclib\phpseclib\Math\BigInteger\Engines\BCMath.php on line 157
[13-Mar-2026 13:26:05 UTC] PHP Deprecated:  chr(): Providing a value not in-between 0 and 255 is deprecated, this is because a byte value must be in the [0, 255] interval. The value used will be constrained using % 256 in C:\Users\Pablo\Documents\GitHub\nine-screen-canvas-flow\vendor\phpseclib\phpseclib\phpseclib\Math\BigInteger\Engines\BCMath.php on line 157
[13-Mar-2026 13:26:05 UTC] PHP Deprecated:  chr(): Providing a value not in-between 0 and 255 is deprecated, this is because a byte value must be in the [0, 255] interval. The value used will be constrained using % 256 in C:\Users\Pablo\Documents\GitHub\nine-screen-canvas-flow\vendor\phpseclib\phpseclib\phpseclib\Math\BigInteger\Engines\BCMath.php on line 157
[13-Mar-2026 13:26:05 UTC] PHP Deprecated:  chr(): Providing a value not in-between 0 and 255 is deprecated, this is because a byte value must be in the [0, 255] interval. The value used will be constrained using % 256 in C:\Users\Pablo\Documents\GitHub\nine-screen-canvas-flow\vendor\phpseclib\phpseclib\phpseclib\Math\BigInteger\Engines\BCMath.php on line 157
[13-Mar-2026 13:26:05 UTC] PHP Deprecated:  chr(): Providing a value not in-between 0 and 255 is deprecated, this is because a byte value must be in the [0, 255] interval. The value used will be constrained using % 256 in C:\Users\Pablo\Documents\GitHub\nine-screen-canvas-flow\vendor\phpseclib\phpseclib\phpseclib\Math\BigInteger\Engines\BCMath.php on line 157
[13-Mar-2026 13:26:05 UTC] PHP Deprecated:  chr(): Providing a value not in-between 0 and 255 is deprecated, this is because a byte value must be in the [0, 255] interval. The value used will be constrained using % 256 in C:\Users\Pablo\Documents\GitHub\nine-screen-canvas-flow\vendor\phpseclib\phpseclib\phpseclib\Math\BigInteger\Engines\BCMath.php on line 157
[13-Mar-2026 13:26:05 UTC] PHP Deprecated:  chr(): Providing a value not in-between 0 and 255 is deprecated, this is because a byte value must be in the [0, 255] interval. The value used will be constrained using % 256 in C:\Users\Pablo\Documents\GitHub\nine-screen-canvas-flow\vendor\phpseclib\phpseclib\phpseclib\Math\BigInteger\Engines\BCMath.php on line 157
[13-Mar-2026 13:26:05 UTC] PHP Deprecated:  chr(): Providing a value not in-between 0 and 255 is deprecated, this is because a byte value must be in the [0, 255] interval. The value used will be constrained using % 256 in C:\Users\Pablo\Documents\GitHub\nine-screen-canvas-flow\vendor\phpseclib\phpseclib\phpseclib\Math\BigInteger\Engines\BCMath.php on line 157
[13-Mar-2026 13:26:05 UTC] PHP Deprecated:  chr(): Providing a value not in-between 0 and 255 is deprecated, this is because a byte value must be in the [0, 255] interval. The value used will be constrained using % 256 in C:\Users\Pablo\Documents\GitHub\nine-screen-canvas-flow\vendor\phpseclib\phpseclib\phpseclib\Math\BigInteger\Engines\BCMath.php on line 157
[13-Mar-2026 13:26:05 UTC] PHP Deprecated:  chr(): Providing a value not in-between 0 and 255 is deprecated, this is because a byte value must be in the [0, 255] interval. The value used will be constrained using % 256 in C:\Users\Pablo\Documents\GitHub\nine-screen-canvas-flow\vendor\phpseclib\phpseclib\phpseclib\Math\BigInteger\Engines\BCMath.php on line 157
[13-Mar-2026 13:26:05 UTC] PHP Deprecated:  chr(): Providing a value not in-between 0 and 255 is deprecated, this is because a byte value must be in the [0, 255] interval. The value used will be constrained using % 256 in C:\Users\Pablo\Documents\GitHub\nine-screen-canvas-flow\vendor\phpseclib\phpseclib\phpseclib\Math\BigInteger\Engines\BCMath.php on line 157
[13-Mar-2026 13:26:05 UTC] PHP Deprecated:  chr(): Providing a value not in-between 0 and 255 is deprecated, this is because a byte value must be in the [0, 255] interval. The value used will be constrained using % 256 in C:\Users\Pablo\Documents\GitHub\nine-screen-canvas-flow\vendor\phpseclib\phpseclib\phpseclib\Math\BigInteger\Engines\BCMath.php on line 157
[13-Mar-2026 13:26:05 UTC] PHP Deprecated:  chr(): Providing a value not in-between 0 and 255 is deprecated, this is because a byte value must be in the [0, 255] interval. The value used will be constrained using % 256 in C:\Users\Pablo\Documents\GitHub\nine-screen-canvas-flow\vendor\phpseclib\phpseclib\phpseclib\Math\BigInteger\Engines\BCMath.php on line 157
[13-Mar-2026 13:26:05 UTC] PHP Deprecated:  chr(): Providing a value not in-between 0 and 255 is deprecated, this is because a byte value must be in the [0, 255] interval. The value used will be constrained using % 256 in C:\Users\Pablo\Documents\GitHub\nine-screen-canvas-flow\vendor\phpseclib\phpseclib\phpseclib\Math\BigInteger\Engines\BCMath.php on line 157
[13-Mar-2026 13:26:05 UTC] PHP Deprecated:  chr(): Providing a value not in-between 0 and 255 is deprecated, this is because a byte value must be in the [0, 255] interval. The value used will be constrained using % 256 in C:\Users\Pablo\Documents\GitHub\nine-screen-canvas-flow\vendor\phpseclib\phpseclib\phpseclib\Math\BigInteger\Engines\BCMath.php on line 157
[13-Mar-2026 13:26:05 UTC] PHP Deprecated:  chr(): Providing a value not in-between 0 and 255 is deprecated, this is because a byte value must be in the [0, 255] interval. The value used will be constrained using % 256 in C:\Users\Pablo\Documents\GitHub\nine-screen-canvas-flow\vendor\phpseclib\phpseclib\phpseclib\Math\BigInteger\Engines\BCMath.php on line 157
[13-Mar-2026 13:26:05 UTC] PHP Deprecated:  chr(): Providing a value not in-between 0 and 255 is deprecated, this is because a byte value must be in the [0, 255] interval. The value used will be constrained using % 256 in C:\Users\Pablo\Documents\GitHub\nine-screen-canvas-flow\vendor\phpseclib\phpseclib\phpseclib\Math\BigInteger\Engines\BCMath.php on line 157
[13-Mar-2026 13:26:05 UTC] PHP Deprecated:  chr(): Providing a value not in-between 0 and 255 is deprecated, this is because a byte value must be in the [0, 255] interval. The value used will be constrained using % 256 in C:\Users\Pablo\Documents\GitHub\nine-screen-canvas-flow\vendor\phpseclib\phpseclib\phpseclib\Math\BigInteger\Engines\BCMath.php on line 157
[13-Mar-2026 13:26:05 UTC] PHP Deprecated:  chr(): Providing a value not in-between 0 and 255 is deprecated, this is because a byte value must be in the [0, 255] interval. The value used will be constrained using % 256 in C:\Users\Pablo\Documents\GitHub\nine-screen-canvas-flow\vendor\phpseclib\phpseclib\phpseclib\Math\BigInteger\Engines\BCMath.php on line 157
[13-Mar-2026 13:26:05 UTC] PHP Deprecated:  chr(): Providing a value not in-between 0 and 255 is deprecated, this is because a byte value must be in the [0, 255] interval. The value used will be constrained using % 256 in C:\Users\Pablo\Documents\GitHub\nine-screen-canvas-flow\vendor\phpseclib\phpseclib\phpseclib\Math\BigInteger\Engines\BCMath.php on line 157
[13-Mar-2026 13:26:05 UTC] PHP Deprecated:  chr(): Providing a value not in-between 0 and 255 is deprecated, this is because a byte value must be in the [0, 255] interval. The value used will be constrained using % 256 in C:\Users\Pablo\Documents\GitHub\nine-screen-canvas-flow\vendor\phpseclib\phpseclib\phpseclib\Math\BigInteger\Engines\BCMath.php on line 157
[13-Mar-2026 13:26:05 UTC] PHP Deprecated:  chr(): Providing a value not in-between 0 and 255 is deprecated, this is because a byte value must be in the [0, 255] interval. The value used will be constrained using % 256 in C:\Users\Pablo\Documents\GitHub\nine-screen-canvas-flow\vendor\phpseclib\phpseclib\phpseclib\Math\BigInteger\Engines\BCMath.php on line 157
[13-Mar-2026 13:26:05 UTC] PHP Deprecated:  chr(): Providing a value not in-between 0 and 255 is deprecated, this is because a byte value must be in the [0, 255] interval. The value used will be constrained using % 256 in C:\Users\Pablo\Documents\GitHub\nine-screen-canvas-flow\vendor\phpseclib\phpseclib\phpseclib\Math\BigInteger\Engines\BCMath.php on line 157
[13-Mar-2026 13:26:05 UTC] PHP Deprecated:  chr(): Providing a value not in-between 0 and 255 is deprecated, this is because a byte value must be in the [0, 255] interval. The value used will be constrained using % 256 in C:\Users\Pablo\Documents\GitHub\nine-screen-canvas-flow\vendor\phpseclib\phpseclib\phpseclib\Math\BigInteger\Engines\BCMath.php on line 157
[13-Mar-2026 13:26:05 UTC] PHP Deprecated:  chr(): Providing a value not in-between 0 and 255 is deprecated, this is because a byte value must be in the [0, 255] interval. The value used will be constrained using % 256 in C:\Users\Pablo\Documents\GitHub\nine-screen-canvas-flow\vendor\phpseclib\phpseclib\phpseclib\Math\BigInteger\Engines\BCMath.php on line 157
[13-Mar-2026 13:26:05 UTC] PHP Deprecated:  chr(): Providing a value not in-between 0 and 255 is deprecated, this is because a byte value must be in the [0, 255] interval. The value used will be constrained using % 256 in C:\Users\Pablo\Documents\GitHub\nine-screen-canvas-flow\vendor\phpseclib\phpseclib\phpseclib\Math\BigInteger\Engines\BCMath.php on line 157
[13-Mar-2026 13:26:05 UTC] PHP Deprecated:  chr(): Providing a value not in-between 0 and 255 is deprecated, this is because a byte value must be in the [0, 255] interval. The value used will be constrained using % 256 in C:\Users\Pablo\Documents\GitHub\nine-screen-canvas-flow\vendor\phpseclib\phpseclib\phpseclib\Math\BigInteger\Engines\BCMath.php on line 157
[13-Mar-2026 13:26:05 UTC] PHP Deprecated:  chr(): Providing a value not in-between 0 and 255 is deprecated, this is because a byte value must be in the [0, 255] interval. The value used will be constrained using % 256 in C:\Users\Pablo\Documents\GitHub\nine-screen-canvas-flow\vendor\phpseclib\phpseclib\phpseclib\Math\BigInteger\Engines\BCMath.php on line 157
[13-Mar-2026 13:26:05 UTC] PHP Deprecated:  chr(): Providing a value not in-between 0 and 255 is deprecated, this is because a byte value must be in the [0, 255] interval. The value used will be constrained using % 256 in C:\Users\Pablo\Documents\GitHub\nine-screen-canvas-flow\vendor\phpseclib\phpseclib\phpseclib\Math\BigInteger\Engines\BCMath.php on line 157
[13-Mar-2026 13:26:05 UTC] PHP Deprecated:  chr(): Providing a value not in-between 0 and 255 is deprecated, this is because a byte value must be in the [0, 255] interval. The value used will be constrained using % 256 in C:\Users\Pablo\Documents\GitHub\nine-screen-canvas-flow\vendor\phpseclib\phpseclib\phpseclib\Math\BigInteger\Engines\BCMath.php on line 157
[13-Mar-2026 13:26:05 UTC] PHP Deprecated:  chr(): Providing a value not in-between 0 and 255 is deprecated, this is because a byte value must be in the [0, 255] interval. The value used will be constrained using % 256 in C:\Users\Pablo\Documents\GitHub\nine-screen-canvas-flow\vendor\phpseclib\phpseclib\phpseclib\Math\BigInteger\Engines\BCMath.php on line 157
[13-Mar-2026 13:26:05 UTC] PHP Deprecated:  chr(): Providing a value not in-between 0 and 255 is deprecated, this is because a byte value must be in the [0, 255] interval. The value used will be constrained using % 256 in C:\Users\Pablo\Documents\GitHub\nine-screen-canvas-flow\vendor\phpseclib\phpseclib\phpseclib\Math\BigInteger\Engines\BCMath.php on line 157
[13-Mar-2026 13:26:05 UTC] PHP Deprecated:  chr(): Providing a value not in-between 0 and 255 is deprecated, this is because a byte value must be in the [0, 255] interval. The value used will be constrained using % 256 in C:\Users\Pablo\Documents\GitHub\nine-screen-canvas-flow\vendor\phpseclib\phpseclib\phpseclib\Math\BigInteger\Engines\BCMath.php on line 157
[13-Mar-2026 13:26:05 UTC] PHP Deprecated:  chr(): Providing a value not in-between 0 and 255 is deprecated, this is because a byte value must be in the [0, 255] interval. The value used will be constrained using % 256 in C:\Users\Pablo\Documents\GitHub\nine-screen-canvas-flow\vendor\phpseclib\phpseclib\phpseclib\Math\BigInteger\Engines\BCMath.php on line 157
[13-Mar-2026 13:26:05 UTC] PHP Deprecated:  chr(): Providing a value not in-between 0 and 255 is deprecated, this is because a byte value must be in the [0, 255] interval. The value used will be constrained using % 256 in C:\Users\Pablo\Documents\GitHub\nine-screen-canvas-flow\vendor\phpseclib\phpseclib\phpseclib\Math\BigInteger\Engines\BCMath.php on line 157
[13-Mar-2026 13:26:05 UTC] PHP Deprecated:  chr(): Providing a value not in-between 0 and 255 is deprecated, this is because a byte value must be in the [0, 255] interval. The value used will be constrained using % 256 in C:\Users\Pablo\Documents\GitHub\nine-screen-canvas-flow\vendor\phpseclib\phpseclib\phpseclib\Math\BigInteger\Engines\BCMath.php on line 157
[13-Mar-2026 13:26:05 UTC] PHP Deprecated:  chr(): Providing a value not in-between 0 and 255 is deprecated, this is because a byte value must be in the [0, 255] interval. The value used will be constrained using % 256 in C:\Users\Pablo\Documents\GitHub\nine-screen-canvas-flow\vendor\phpseclib\phpseclib\phpseclib\Math\BigInteger\Engines\BCMath.php on line 157
[13-Mar-2026 13:26:05 UTC] PHP Deprecated:  chr(): Providing a value not in-between 0 and 255 is deprecated, this is because a byte value must be in the [0, 255] interval. The value used will be constrained using % 256 in C:\Users\Pablo\Documents\GitHub\nine-screen-canvas-flow\vendor\phpseclib\phpseclib\phpseclib\Math\BigInteger\Engines\BCMath.php on line 157
[13-Mar-2026 13:26:05 UTC] PHP Deprecated:  chr(): Providing a value not in-between 0 and 255 is deprecated, this is because a byte value must be in the [0, 255] interval. The value used will be constrained using % 256 in C:\Users\Pablo\Documents\GitHub\nine-screen-canvas-flow\vendor\phpseclib\phpseclib\phpseclib\Math\BigInteger\Engines\BCMath.php on line 157
[13-Mar-2026 13:26:05 UTC] PHP Deprecated:  chr(): Providing a value not in-between 0 and 255 is deprecated, this is because a byte value must be in the [0, 255] interval. The value used will be constrained using % 256 in C:\Users\Pablo\Documents\GitHub\nine-screen-canvas-flow\vendor\phpseclib\phpseclib\phpseclib\Math\BigInteger\Engines\BCMath.php on line 157
[13-Mar-2026 13:26:05 UTC] PHP Deprecated:  chr(): Providing a value not in-between 0 and 255 is deprecated, this is because a byte value must be in the [0, 255] interval. The value used will be constrained using % 256 in C:\Users\Pablo\Documents\GitHub\nine-screen-canvas-flow\vendor\phpseclib\phpseclib\phpseclib\Math\BigInteger\Engines\BCMath.php on line 157
[13-Mar-2026 13:26:05 UTC] PHP Deprecated:  chr(): Providing a value not in-between 0 and 255 is deprecated, this is because a byte value must be in the [0, 255] interval. The value used will be constrained using % 256 in C:\Users\Pablo\Documents\GitHub\nine-screen-canvas-flow\vendor\phpseclib\phpseclib\phpseclib\Math\BigInteger\Engines\BCMath.php on line 157
[13-Mar-2026 13:26:05 UTC] PHP Deprecated:  chr(): Providing a value not in-between 0 and 255 is deprecated, this is because a byte value must be in the [0, 255] interval. The value used will be constrained using % 256 in C:\Users\Pablo\Documents\GitHub\nine-screen-canvas-flow\vendor\phpseclib\phpseclib\phpseclib\Math\BigInteger\Engines\BCMath.php on line 157
[13-Mar-2026 13:26:05 UTC] PHP Deprecated:  chr(): Providing a value not in-between 0 and 255 is deprecated, this is because a byte value must be in the [0, 255] interval. The value used will be constrained using % 256 in C:\Users\Pablo\Documents\GitHub\nine-screen-canvas-flow\vendor\phpseclib\phpseclib\phpseclib\Math\BigInteger\Engines\BCMath.php on line 157
[13-Mar-2026 13:26:05 UTC] PHP Deprecated:  chr(): Providing a value not in-between 0 and 255 is deprecated, this is because a byte value must be in the [0, 255] interval. The value used will be constrained using % 256 in C:\Users\Pablo\Documents\GitHub\nine-screen-canvas-flow\vendor\phpseclib\phpseclib\phpseclib\Math\BigInteger\Engines\BCMath.php on line 157
[13-Mar-2026 13:26:05 UTC] PHP Deprecated:  chr(): Providing a value not in-between 0 and 255 is deprecated, this is because a byte value must be in the [0, 255] interval. The value used will be constrained using % 256 in C:\Users\Pablo\Documents\GitHub\nine-screen-canvas-flow\vendor\phpseclib\phpseclib\phpseclib\Math\BigInteger\Engines\BCMath.php on line 157
[13-Mar-2026 13:26:05 UTC] PHP Deprecated:  chr(): Providing a value not in-between 0 and 255 is deprecated, this is because a byte value must be in the [0, 255] interval. The value used will be constrained using % 256 in C:\Users\Pablo\Documents\GitHub\nine-screen-canvas-flow\vendor\phpseclib\phpseclib\phpseclib\Math\BigInteger\Engines\BCMath.php on line 157
[13-Mar-2026 13:26:05 UTC] PHP Deprecated:  chr(): Providing a value not in-between 0 and 255 is deprecated, this is because a byte value must be in the [0, 255] interval. The value used will be constrained using % 256 in C:\Users\Pablo\Documents\GitHub\nine-screen-canvas-flow\vendor\phpseclib\phpseclib\phpseclib\Math\BigInteger\Engines\BCMath.php on line 157
[13-Mar-2026 13:26:05 UTC] PHP Deprecated:  chr(): Providing a value not in-between 0 and 255 is deprecated, this is because a byte value must be in the [0, 255] interval. The value used will be constrained using % 256 in C:\Users\Pablo\Documents\GitHub\nine-screen-canvas-flow\vendor\phpseclib\phpseclib\phpseclib\Math\BigInteger\Engines\BCMath.php on line 157
[13-Mar-2026 13:26:05 UTC] PHP Deprecated:  chr(): Providing a value not in-between 0 and 255 is deprecated, this is because a byte value must be in the [0, 255] interval. The value used will be constrained using % 256 in C:\Users\Pablo\Documents\GitHub\nine-screen-canvas-flow\vendor\phpseclib\phpseclib\phpseclib\Math\BigInteger\Engines\BCMath.php on line 157
[13-Mar-2026 13:26:05 UTC] PHP Deprecated:  chr(): Providing a value not in-between 0 and 255 is deprecated, this is because a byte value must be in the [0, 255] interval. The value used will be constrained using % 256 in C:\Users\Pablo\Documents\GitHub\nine-screen-canvas-flow\vendor\phpseclib\phpseclib\phpseclib\Math\BigInteger\Engines\BCMath.php on line 157
[13-Mar-2026 13:26:05 UTC] PHP Deprecated:  chr(): Providing a value not in-between 0 and 255 is deprecated, this is because a byte value must be in the [0, 255] interval. The value used will be constrained using % 256 in C:\Users\Pablo\Documents\GitHub\nine-screen-canvas-flow\vendor\phpseclib\phpseclib\phpseclib\Math\BigInteger\Engines\BCMath.php on line 157
[13-Mar-2026 13:26:05 UTC] PHP Deprecated:  chr(): Providing a value not in-between 0 and 255 is deprecated, this is because a byte value must be in the [0, 255] interval. The value used will be constrained using % 256 in C:\Users\Pablo\Documents\GitHub\nine-screen-canvas-flow\vendor\phpseclib\phpseclib\phpseclib\Math\BigInteger\Engines\BCMath.php on line 157
[13-Mar-2026 13:26:05 UTC] PHP Deprecated:  chr(): Providing a value not in-between 0 and 255 is deprecated, this is because a byte value must be in the [0, 255] interval. The value used will be constrained using % 256 in C:\Users\Pablo\Documents\GitHub\nine-screen-canvas-flow\vendor\phpseclib\phpseclib\phpseclib\Math\BigInteger\Engines\BCMath.php on line 157
[13-Mar-2026 13:26:05 UTC] PHP Deprecated:  chr(): Providing a value not in-between 0 and 255 is deprecated, this is because a byte value must be in the [0, 255] interval. The value used will be constrained using % 256 in C:\Users\Pablo\Documents\GitHub\nine-screen-canvas-flow\vendor\phpseclib\phpseclib\phpseclib\Math\BigInteger\Engines\BCMath.php on line 157
[13-Mar-2026 13:26:05 UTC] PHP Deprecated:  chr(): Providing a value not in-between 0 and 255 is deprecated, this is because a byte value must be in the [0, 255] interval. The value used will be constrained using % 256 in C:\Users\Pablo\Documents\GitHub\nine-screen-canvas-flow\vendor\phpseclib\phpseclib\phpseclib\Math\BigInteger\Engines\BCMath.php on line 157
[13-Mar-2026 13:26:05 UTC] PHP Deprecated:  chr(): Providing a value not in-between 0 and 255 is deprecated, this is because a byte value must be in the [0, 255] interval. The value used will be constrained using % 256 in C:\Users\Pablo\Documents\GitHub\nine-screen-canvas-flow\vendor\phpseclib\phpseclib\phpseclib\Math\BigInteger\Engines\BCMath.php on line 157
[13-Mar-2026 13:26:05 UTC] PHP Deprecated:  chr(): Providing a value not in-between 0 and 255 is deprecated, this is because a byte value must be in the [0, 255] interval. The value used will be constrained using % 256 in C:\Users\Pablo\Documents\GitHub\nine-screen-canvas-flow\vendor\phpseclib\phpseclib\phpseclib\Math\BigInteger\Engines\BCMath.php on line 157
[13-Mar-2026 13:26:05 UTC] PHP Deprecated:  chr(): Providing a value not in-between 0 and 255 is deprecated, this is because a byte value must be in the [0, 255] interval. The value used will be constrained using % 256 in C:\Users\Pablo\Documents\GitHub\nine-screen-canvas-flow\vendor\phpseclib\phpseclib\phpseclib\Math\BigInteger\Engines\BCMath.php on line 157
[13-Mar-2026 13:26:05 UTC] PHP Deprecated:  chr(): Providing a value not in-between 0 and 255 is deprecated, this is because a byte value must be in the [0, 255] interval. The value used will be constrained using % 256 in C:\Users\Pablo\Documents\GitHub\nine-screen-canvas-flow\vendor\phpseclib\phpseclib\phpseclib\Math\BigInteger\Engines\BCMath.php on line 157
[13-Mar-2026 13:26:05 UTC] PHP Deprecated:  chr(): Providing a value not in-between 0 and 255 is deprecated, this is because a byte value must be in the [0, 255] interval. The value used will be constrained using % 256 in C:\Users\Pablo\Documents\GitHub\nine-screen-canvas-flow\vendor\phpseclib\phpseclib\phpseclib\Math\BigInteger\Engines\BCMath.php on line 157
[13-Mar-2026 13:26:05 UTC] PHP Deprecated:  chr(): Providing a value not in-between 0 and 255 is deprecated, this is because a byte value must be in the [0, 255] interval. The value used will be constrained using % 256 in C:\Users\Pablo\Documents\GitHub\nine-screen-canvas-flow\vendor\phpseclib\phpseclib\phpseclib\Math\BigInteger\Engines\BCMath.php on line 157
[13-Mar-2026 13:26:05 UTC] PHP Deprecated:  chr(): Providing a value not in-between 0 and 255 is deprecated, this is because a byte value must be in the [0, 255] interval. The value used will be constrained using % 256 in C:\Users\Pablo\Documents\GitHub\nine-screen-canvas-flow\vendor\phpseclib\phpseclib\phpseclib\Math\BigInteger\Engines\BCMath.php on line 157
[13-Mar-2026 13:26:05 UTC] PHP Deprecated:  chr(): Providing a value not in-between 0 and 255 is deprecated, this is because a byte value must be in the [0, 255] interval. The value used will be constrained using % 256 in C:\Users\Pablo\Documents\GitHub\nine-screen-canvas-flow\vendor\phpseclib\phpseclib\phpseclib\Math\BigInteger\Engines\BCMath.php on line 157
[13-Mar-2026 13:26:05 UTC] PHP Deprecated:  chr(): Providing a value not in-between 0 and 255 is deprecated, this is because a byte value must be in the [0, 255] interval. The value used will be constrained using % 256 in C:\Users\Pablo\Documents\GitHub\nine-screen-canvas-flow\vendor\phpseclib\phpseclib\phpseclib\Math\BigInteger\Engines\BCMath.php on line 157
[13-Mar-2026 13:26:05 UTC] PHP Deprecated:  chr(): Providing a value not in-between 0 and 255 is deprecated, this is because a byte value must be in the [0, 255] interval. The value used will be constrained using % 256 in C:\Users\Pablo\Documents\GitHub\nine-screen-canvas-flow\vendor\phpseclib\phpseclib\phpseclib\Math\BigInteger\Engines\BCMath.php on line 157
[13-Mar-2026 13:26:05 UTC] PHP Deprecated:  chr(): Providing a value not in-between 0 and 255 is deprecated, this is because a byte value must be in the [0, 255] interval. The value used will be constrained using % 256 in C:\Users\Pablo\Documents\GitHub\nine-screen-canvas-flow\vendor\phpseclib\phpseclib\phpseclib\Math\BigInteger\Engines\BCMath.php on line 157
[13-Mar-2026 13:26:05 UTC] PHP Deprecated:  chr(): Providing a value not in-between 0 and 255 is deprecated, this is because a byte value must be in the [0, 255] interval. The value used will be constrained using % 256 in C:\Users\Pablo\Documents\GitHub\nine-screen-canvas-flow\vendor\phpseclib\phpseclib\phpseclib\Math\BigInteger\Engines\BCMath.php on line 157
[13-Mar-2026 13:26:05 UTC] PHP Deprecated:  chr(): Providing a value not in-between 0 and 255 is deprecated, this is because a byte value must be in the [0, 255] interval. The value used will be constrained using % 256 in C:\Users\Pablo\Documents\GitHub\nine-screen-canvas-flow\vendor\phpseclib\phpseclib\phpseclib\Math\BigInteger\Engines\BCMath.php on line 157
[13-Mar-2026 13:26:05 UTC] PHP Deprecated:  chr(): Providing a value not in-between 0 and 255 is deprecated, this is because a byte value must be in the [0, 255] interval. The value used will be constrained using % 256 in C:\Users\Pablo\Documents\GitHub\nine-screen-canvas-flow\vendor\phpseclib\phpseclib\phpseclib\Math\BigInteger\Engines\BCMath.php on line 157
[13-Mar-2026 13:26:05 UTC] PHP Deprecated:  chr(): Providing a value not in-between 0 and 255 is deprecated, this is because a byte value must be in the [0, 255] interval. The value used will be constrained using % 256 in C:\Users\Pablo\Documents\GitHub\nine-screen-canvas-flow\vendor\phpseclib\phpseclib\phpseclib\Math\BigInteger\Engines\BCMath.php on line 157
[13-Mar-2026 13:26:05 UTC] PHP Deprecated:  chr(): Providing a value not in-between 0 and 255 is deprecated, this is because a byte value must be in the [0, 255] interval. The value used will be constrained using % 256 in C:\Users\Pablo\Documents\GitHub\nine-screen-canvas-flow\vendor\phpseclib\phpseclib\phpseclib\Math\BigInteger\Engines\BCMath.php on line 157
[13-Mar-2026 13:26:05 UTC] PHP Deprecated:  chr(): Providing a value not in-between 0 and 255 is deprecated, this is because a byte value must be in the [0, 255] interval. The value used will be constrained using % 256 in C:\Users\Pablo\Documents\GitHub\nine-screen-canvas-flow\vendor\phpseclib\phpseclib\phpseclib\Math\BigInteger\Engines\BCMath.php on line 157
[13-Mar-2026 13:26:05 UTC] PHP Deprecated:  chr(): Providing a value not in-between 0 and 255 is deprecated, this is because a byte value must be in the [0, 255] interval. The value used will be constrained using % 256 in C:\Users\Pablo\Documents\GitHub\nine-screen-canvas-flow\vendor\phpseclib\phpseclib\phpseclib\Math\BigInteger\Engines\BCMath.php on line 157
[13-Mar-2026 13:26:05 UTC] PHP Deprecated:  chr(): Providing a value not in-between 0 and 255 is deprecated, this is because a byte value must be in the [0, 255] interval. The value used will be constrained using % 256 in C:\Users\Pablo\Documents\GitHub\nine-screen-canvas-flow\vendor\phpseclib\phpseclib\phpseclib\Math\BigInteger\Engines\BCMath.php on line 157
[13-Mar-2026 13:26:05 UTC] PHP Deprecated:  chr(): Providing a value not in-between 0 and 255 is deprecated, this is because a byte value must be in the [0, 255] interval. The value used will be constrained using % 256 in C:\Users\Pablo\Documents\GitHub\nine-screen-canvas-flow\vendor\phpseclib\phpseclib\phpseclib\Math\BigInteger\Engines\BCMath.php on line 157
[13-Mar-2026 13:26:05 UTC] PHP Deprecated:  chr(): Providing a value not in-between 0 and 255 is deprecated, this is because a byte value must be in the [0, 255] interval. The value used will be constrained using % 256 in C:\Users\Pablo\Documents\GitHub\nine-screen-canvas-flow\vendor\phpseclib\phpseclib\phpseclib\Math\BigInteger\Engines\BCMath.php on line 157
[13-Mar-2026 13:26:05 UTC] PHP Deprecated:  chr(): Providing a value not in-between 0 and 255 is deprecated, this is because a byte value must be in the [0, 255] interval. The value used will be constrained using % 256 in C:\Users\Pablo\Documents\GitHub\nine-screen-canvas-flow\vendor\phpseclib\phpseclib\phpseclib\Math\BigInteger\Engines\BCMath.php on line 157
[13-Mar-2026 13:26:05 UTC] PHP Deprecated:  chr(): Providing a value not in-between 0 and 255 is deprecated, this is because a byte value must be in the [0, 255] interval. The value used will be constrained using % 256 in C:\Users\Pablo\Documents\GitHub\nine-screen-canvas-flow\vendor\phpseclib\phpseclib\phpseclib\Math\BigInteger\Engines\BCMath.php on line 157
[13-Mar-2026 13:26:05 UTC] PHP Deprecated:  chr(): Providing a value not in-between 0 and 255 is deprecated, this is because a byte value must be in the [0, 255] interval. The value used will be constrained using % 256 in C:\Users\Pablo\Documents\GitHub\nine-screen-canvas-flow\vendor\phpseclib\phpseclib\phpseclib\Math\BigInteger\Engines\BCMath.php on line 157
[13-Mar-2026 13:26:05 UTC] PHP Deprecated:  chr(): Providing a value not in-between 0 and 255 is deprecated, this is because a byte value must be in the [0, 255] interval. The value used will be constrained using % 256 in C:\Users\Pablo\Documents\GitHub\nine-screen-canvas-flow\vendor\phpseclib\phpseclib\phpseclib\Math\BigInteger\Engines\BCMath.php on line 157
[13-Mar-2026 13:26:05 UTC] PHP Deprecated:  chr(): Providing a value not in-between 0 and 255 is deprecated, this is because a byte value must be in the [0, 255] interval. The value used will be constrained using % 256 in C:\Users\Pablo\Documents\GitHub\nine-screen-canvas-flow\vendor\phpseclib\phpseclib\phpseclib\Math\BigInteger\Engines\BCMath.php on line 157
[13-Mar-2026 13:26:05 UTC] PHP Deprecated:  chr(): Providing a value not in-between 0 and 255 is deprecated, this is because a byte value must be in the [0, 255] interval. The value used will be constrained using % 256 in C:\Users\Pablo\Documents\GitHub\nine-screen-canvas-flow\vendor\phpseclib\phpseclib\phpseclib\Math\BigInteger\Engines\BCMath.php on line 157
[13-Mar-2026 13:26:05 UTC] PHP Deprecated:  chr(): Providing a value not in-between 0 and 255 is deprecated, this is because a byte value must be in the [0, 255] interval. The value used will be constrained using % 256 in C:\Users\Pablo\Documents\GitHub\nine-screen-canvas-flow\vendor\phpseclib\phpseclib\phpseclib\Math\BigInteger\Engines\BCMath.php on line 157
[13-Mar-2026 13:26:05 UTC] PHP Deprecated:  chr(): Providing a value not in-between 0 and 255 is deprecated, this is because a byte value must be in the [0, 255] interval. The value used will be constrained using % 256 in C:\Users\Pablo\Documents\GitHub\nine-screen-canvas-flow\vendor\phpseclib\phpseclib\phpseclib\Math\BigInteger\Engines\BCMath.php on line 157
[13-Mar-2026 13:26:05 UTC] PHP Deprecated:  chr(): Providing a value not in-between 0 and 255 is deprecated, this is because a byte value must be in the [0, 255] interval. The value used will be constrained using % 256 in C:\Users\Pablo\Documents\GitHub\nine-screen-canvas-flow\vendor\phpseclib\phpseclib\phpseclib\Math\BigInteger\Engines\BCMath.php on line 157
[13-Mar-2026 13:26:05 UTC] PHP Deprecated:  chr(): Providing a value not in-between 0 and 255 is deprecated, this is because a byte value must be in the [0, 255] interval. The value used will be constrained using % 256 in C:\Users\Pablo\Documents\GitHub\nine-screen-canvas-flow\vendor\phpseclib\phpseclib\phpseclib\Math\BigInteger\Engines\BCMath.php on line 157
[13-Mar-2026 13:26:05 UTC] PHP Deprecated:  chr(): Providing a value not in-between 0 and 255 is deprecated, this is because a byte value must be in the [0, 255] interval. The value used will be constrained using % 256 in C:\Users\Pablo\Documents\GitHub\nine-screen-canvas-flow\vendor\phpseclib\phpseclib\phpseclib\Math\BigInteger\Engines\BCMath.php on line 157
[13-Mar-2026 13:26:05 UTC] PHP Deprecated:  chr(): Providing a value not in-between 0 and 255 is deprecated, this is because a byte value must be in the [0, 255] interval. The value used will be constrained using % 256 in C:\Users\Pablo\Documents\GitHub\nine-screen-canvas-flow\vendor\phpseclib\phpseclib\phpseclib\Math\BigInteger\Engines\BCMath.php on line 157
[13-Mar-2026 13:26:05 UTC] PHP Deprecated:  chr(): Providing a value not in-between 0 and 255 is deprecated, this is because a byte value must be in the [0, 255] interval. The value used will be constrained using % 256 in C:\Users\Pablo\Documents\GitHub\nine-screen-canvas-flow\vendor\phpseclib\phpseclib\phpseclib\Math\BigInteger\Engines\BCMath.php on line 157
[13-Mar-2026 13:26:05 UTC] PHP Deprecated:  chr(): Providing a value not in-between 0 and 255 is deprecated, this is because a byte value must be in the [0, 255] interval. The value used will be constrained using % 256 in C:\Users\Pablo\Documents\GitHub\nine-screen-canvas-flow\vendor\phpseclib\phpseclib\phpseclib\Math\BigInteger\Engines\BCMath.php on line 157
[13-Mar-2026 13:26:05 UTC] PHP Deprecated:  chr(): Providing a value not in-between 0 and 255 is deprecated, this is because a byte value must be in the [0, 255] interval. The value used will be constrained using % 256 in C:\Users\Pablo\Documents\GitHub\nine-screen-canvas-flow\vendor\phpseclib\phpseclib\phpseclib\Math\BigInteger\Engines\BCMath.php on line 157
[13-Mar-2026 13:26:05 UTC] PHP Deprecated:  chr(): Providing a value not in-between 0 and 255 is deprecated, this is because a byte value must be in the [0, 255] interval. The value used will be constrained using % 256 in C:\Users\Pablo\Documents\GitHub\nine-screen-canvas-flow\vendor\phpseclib\phpseclib\phpseclib\Math\BigInteger\Engines\BCMath.php on line 157
[13-Mar-2026 13:26:05 UTC] PHP Deprecated:  chr(): Providing a value not in-between 0 and 255 is deprecated, this is because a byte value must be in the [0, 255] interval. The value used will be constrained using % 256 in C:\Users\Pablo\Documents\GitHub\nine-screen-canvas-flow\vendor\phpseclib\phpseclib\phpseclib\Math\BigInteger\Engines\BCMath.php on line 157
[13-Mar-2026 13:26:05 UTC] PHP Deprecated:  chr(): Providing a value not in-between 0 and 255 is deprecated, this is because a byte value must be in the [0, 255] interval. The value used will be constrained using % 256 in C:\Users\Pablo\Documents\GitHub\nine-screen-canvas-flow\vendor\phpseclib\phpseclib\phpseclib\Math\BigInteger\Engines\BCMath.php on line 157
[13-Mar-2026 13:26:05 UTC] PHP Deprecated:  chr(): Providing a value not in-between 0 and 255 is deprecated, this is because a byte value must be in the [0, 255] interval. The value used will be constrained using % 256 in C:\Users\Pablo\Documents\GitHub\nine-screen-canvas-flow\vendor\phpseclib\phpseclib\phpseclib\Math\BigInteger\Engines\BCMath.php on line 157
[13-Mar-2026 13:26:05 UTC] PHP Deprecated:  chr(): Providing a value not in-between 0 and 255 is deprecated, this is because a byte value must be in the [0, 255] interval. The value used will be constrained using % 256 in C:\Users\Pablo\Documents\GitHub\nine-screen-canvas-flow\vendor\phpseclib\phpseclib\phpseclib\Math\BigInteger\Engines\BCMath.php on line 157
[13-Mar-2026 13:26:05 UTC] PHP Deprecated:  chr(): Providing a value not in-between 0 and 255 is deprecated, this is because a byte value must be in the [0, 255] interval. The value used will be constrained using % 256 in C:\Users\Pablo\Documents\GitHub\nine-screen-canvas-flow\vendor\phpseclib\phpseclib\phpseclib\Math\BigInteger\Engines\BCMath.php on line 157
[13-Mar-2026 13:26:05 UTC] PHP Deprecated:  chr(): Providing a value not in-between 0 and 255 is deprecated, this is because a byte value must be in the [0, 255] interval. The value used will be constrained using % 256 in C:\Users\Pablo\Documents\GitHub\nine-screen-canvas-flow\vendor\phpseclib\phpseclib\phpseclib\Math\BigInteger\Engines\BCMath.php on line 157
[13-Mar-2026 13:26:05 UTC] PHP Deprecated:  chr(): Providing a value not in-between 0 and 255 is deprecated, this is because a byte value must be in the [0, 255] interval. The value used will be constrained using % 256 in C:\Users\Pablo\Documents\GitHub\nine-screen-canvas-flow\vendor\phpseclib\phpseclib\phpseclib\Math\BigInteger\Engines\BCMath.php on line 157
[13-Mar-2026 13:26:05 UTC] PHP Deprecated:  chr(): Providing a value not in-between 0 and 255 is deprecated, this is because a byte value must be in the [0, 255] interval. The value used will be constrained using % 256 in C:\Users\Pablo\Documents\GitHub\nine-screen-canvas-flow\vendor\phpseclib\phpseclib\phpseclib\Math\BigInteger\Engines\BCMath.php on line 157
[13-Mar-2026 13:26:05 UTC] PHP Deprecated:  chr(): Providing a value not in-between 0 and 255 is deprecated, this is because a byte value must be in the [0, 255] interval. The value used will be constrained using % 256 in C:\Users\Pablo\Documents\GitHub\nine-screen-canvas-flow\vendor\phpseclib\phpseclib\phpseclib\Math\BigInteger\Engines\BCMath.php on line 157
[13-Mar-2026 13:26:05 UTC] PHP Deprecated:  chr(): Providing a value not in-between 0 and 255 is deprecated, this is because a byte value must be in the [0, 255] interval. The value used will be constrained using % 256 in C:\Users\Pablo\Documents\GitHub\nine-screen-canvas-flow\vendor\phpseclib\phpseclib\phpseclib\Math\BigInteger\Engines\BCMath.php on line 157
[13-Mar-2026 13:26:05 UTC] PHP Deprecated:  chr(): Providing a value not in-between 0 and 255 is deprecated, this is because a byte value must be in the [0, 255] interval. The value used will be constrained using % 256 in C:\Users\Pablo\Documents\GitHub\nine-screen-canvas-flow\vendor\phpseclib\phpseclib\phpseclib\Math\BigInteger\Engines\BCMath.php on line 157
[13-Mar-2026 13:26:05 UTC] PHP Deprecated:  chr(): Providing a value not in-between 0 and 255 is deprecated, this is because a byte value must be in the [0, 255] interval. The value used will be constrained using % 256 in C:\Users\Pablo\Documents\GitHub\nine-screen-canvas-flow\vendor\phpseclib\phpseclib\phpseclib\Math\BigInteger\Engines\BCMath.php on line 157
[13-Mar-2026 13:26:05 UTC] PHP Deprecated:  chr(): Providing a value not in-between 0 and 255 is deprecated, this is because a byte value must be in the [0, 255] interval. The value used will be constrained using % 256 in C:\Users\Pablo\Documents\GitHub\nine-screen-canvas-flow\vendor\phpseclib\phpseclib\phpseclib\Math\BigInteger\Engines\BCMath.php on line 157
[13-Mar-2026 13:26:05 UTC] PHP Deprecated:  chr(): Providing a value not in-between 0 and 255 is deprecated, this is because a byte value must be in the [0, 255] interval. The value used will be constrained using % 256 in C:\Users\Pablo\Documents\GitHub\nine-screen-canvas-flow\vendor\phpseclib\phpseclib\phpseclib\Math\BigInteger\Engines\BCMath.php on line 157
[13-Mar-2026 13:26:05 UTC] PHP Deprecated:  chr(): Providing a value not in-between 0 and 255 is deprecated, this is because a byte value must be in the [0, 255] interval. The value used will be constrained using % 256 in C:\Users\Pablo\Documents\GitHub\nine-screen-canvas-flow\vendor\phpseclib\phpseclib\phpseclib\Math\BigInteger\Engines\BCMath.php on line 157
[13-Mar-2026 13:26:05 UTC] PHP Deprecated:  chr(): Providing a value not in-between 0 and 255 is deprecated, this is because a byte value must be in the [0, 255] interval. The value used will be constrained using % 256 in C:\Users\Pablo\Documents\GitHub\nine-screen-canvas-flow\vendor\phpseclib\phpseclib\phpseclib\Math\BigInteger\Engines\BCMath.php on line 157
[13-Mar-2026 13:26:05 UTC] PHP Deprecated:  chr(): Providing a value not in-between 0 and 255 is deprecated, this is because a byte value must be in the [0, 255] interval. The value used will be constrained using % 256 in C:\Users\Pablo\Documents\GitHub\nine-screen-canvas-flow\vendor\phpseclib\phpseclib\phpseclib\Math\BigInteger\Engines\BCMath.php on line 157
[13-Mar-2026 13:26:05 UTC] PHP Deprecated:  chr(): Providing a value not in-between 0 and 255 is deprecated, this is because a byte value must be in the [0, 255] interval. The value used will be constrained using % 256 in C:\Users\Pablo\Documents\GitHub\nine-screen-canvas-flow\vendor\phpseclib\phpseclib\phpseclib\Math\BigInteger\Engines\BCMath.php on line 157
[13-Mar-2026 13:26:05 UTC] PHP Deprecated:  chr(): Providing a value not in-between 0 and 255 is deprecated, this is because a byte value must be in the [0, 255] interval. The value used will be constrained using % 256 in C:\Users\Pablo\Documents\GitHub\nine-screen-canvas-flow\vendor\phpseclib\phpseclib\phpseclib\Math\BigInteger\Engines\BCMath.php on line 157
[13-Mar-2026 13:26:05 UTC] PHP Deprecated:  chr(): Providing a value not in-between 0 and 255 is deprecated, this is because a byte value must be in the [0, 255] interval. The value used will be constrained using % 256 in C:\Users\Pablo\Documents\GitHub\nine-screen-canvas-flow\vendor\phpseclib\phpseclib\phpseclib\Math\BigInteger\Engines\BCMath.php on line 157
[13-Mar-2026 13:26:05 UTC] PHP Deprecated:  chr(): Providing a value not in-between 0 and 255 is deprecated, this is because a byte value must be in the [0, 255] interval. The value used will be constrained using % 256 in C:\Users\Pablo\Documents\GitHub\nine-screen-canvas-flow\vendor\phpseclib\phpseclib\phpseclib\Math\BigInteger\Engines\BCMath.php on line 157
[13-Mar-2026 13:26:05 UTC] PHP Deprecated:  chr(): Providing a value not in-between 0 and 255 is deprecated, this is because a byte value must be in the [0, 255] interval. The value used will be constrained using % 256 in C:\Users\Pablo\Documents\GitHub\nine-screen-canvas-flow\vendor\phpseclib\phpseclib\phpseclib\Math\BigInteger\Engines\BCMath.php on line 157
[13-Mar-2026 13:26:05 UTC] PHP Deprecated:  chr(): Providing a value not in-between 0 and 255 is deprecated, this is because a byte value must be in the [0, 255] interval. The value used will be constrained using % 256 in C:\Users\Pablo\Documents\GitHub\nine-screen-canvas-flow\vendor\phpseclib\phpseclib\phpseclib\Math\BigInteger\Engines\BCMath.php on line 157
[13-Mar-2026 13:26:05 UTC] PHP Deprecated:  chr(): Providing a value not in-between 0 and 255 is deprecated, this is because a byte value must be in the [0, 255] interval. The value used will be constrained using % 256 in C:\Users\Pablo\Documents\GitHub\nine-screen-canvas-flow\vendor\phpseclib\phpseclib\phpseclib\Math\BigInteger\Engines\BCMath.php on line 157
[13-Mar-2026 13:26:05 UTC] PHP Deprecated:  chr(): Providing a value not in-between 0 and 255 is deprecated, this is because a byte value must be in the [0, 255] interval. The value used will be constrained using % 256 in C:\Users\Pablo\Documents\GitHub\nine-screen-canvas-flow\vendor\phpseclib\phpseclib\phpseclib\Math\BigInteger\Engines\BCMath.php on line 157
[13-Mar-2026 13:26:05 UTC] PHP Deprecated:  chr(): Providing a value not in-between 0 and 255 is deprecated, this is because a byte value must be in the [0, 255] interval. The value used will be constrained using % 256 in C:\Users\Pablo\Documents\GitHub\nine-screen-canvas-flow\vendor\phpseclib\phpseclib\phpseclib\Math\BigInteger\Engines\BCMath.php on line 157
[13-Mar-2026 13:26:05 UTC] PHP Deprecated:  chr(): Providing a value not in-between 0 and 255 is deprecated, this is because a byte value must be in the [0, 255] interval. The value used will be constrained using % 256 in C:\Users\Pablo\Documents\GitHub\nine-screen-canvas-flow\vendor\phpseclib\phpseclib\phpseclib\Math\BigInteger\Engines\BCMath.php on line 157
[13-Mar-2026 13:26:05 UTC] PHP Deprecated:  chr(): Providing a value not in-between 0 and 255 is deprecated, this is because a byte value must be in the [0, 255] interval. The value used will be constrained using % 256 in C:\Users\Pablo\Documents\GitHub\nine-screen-canvas-flow\vendor\phpseclib\phpseclib\phpseclib\Math\BigInteger\Engines\BCMath.php on line 157
[13-Mar-2026 13:26:05 UTC] PHP Deprecated:  chr(): Providing a value not in-between 0 and 255 is deprecated, this is because a byte value must be in the [0, 255] interval. The value used will be constrained using % 256 in C:\Users\Pablo\Documents\GitHub\nine-screen-canvas-flow\vendor\phpseclib\phpseclib\phpseclib\Math\BigInteger\Engines\BCMath.php on line 157
[13-Mar-2026 13:26:05 UTC] PHP Deprecated:  chr(): Providing a value not in-between 0 and 255 is deprecated, this is because a byte value must be in the [0, 255] interval. The value used will be constrained using % 256 in C:\Users\Pablo\Documents\GitHub\nine-screen-canvas-flow\vendor\phpseclib\phpseclib\phpseclib\Math\BigInteger\Engines\BCMath.php on line 157
[13-Mar-2026 13:26:05 UTC] PHP Deprecated:  chr(): Providing a value not in-between 0 and 255 is deprecated, this is because a byte value must be in the [0, 255] interval. The value used will be constrained using % 256 in C:\Users\Pablo\Documents\GitHub\nine-screen-canvas-flow\vendor\phpseclib\phpseclib\phpseclib\Math\BigInteger\Engines\BCMath.php on line 157
[13-Mar-2026 13:26:05 UTC] PHP Deprecated:  chr(): Providing a value not in-between 0 and 255 is deprecated, this is because a byte value must be in the [0, 255] interval. The value used will be constrained using % 256 in C:\Users\Pablo\Documents\GitHub\nine-screen-canvas-flow\vendor\phpseclib\phpseclib\phpseclib\Math\BigInteger\Engines\BCMath.php on line 157
[13-Mar-2026 13:26:05 UTC] PHP Deprecated:  chr(): Providing a value not in-between 0 and 255 is deprecated, this is because a byte value must be in the [0, 255] interval. The value used will be constrained using % 256 in C:\Users\Pablo\Documents\GitHub\nine-screen-canvas-flow\vendor\phpseclib\phpseclib\phpseclib\Math\BigInteger\Engines\BCMath.php on line 157
[13-Mar-2026 13:26:05 UTC] PHP Deprecated:  chr(): Providing a value not in-between 0 and 255 is deprecated, this is because a byte value must be in the [0, 255] interval. The value used will be constrained using % 256 in C:\Users\Pablo\Documents\GitHub\nine-screen-canvas-flow\vendor\phpseclib\phpseclib\phpseclib\Math\BigInteger\Engines\BCMath.php on line 157
[13-Mar-2026 13:26:05 UTC] PHP Deprecated:  chr(): Providing a value not in-between 0 and 255 is deprecated, this is because a byte value must be in the [0, 255] interval. The value used will be constrained using % 256 in C:\Users\Pablo\Documents\GitHub\nine-screen-canvas-flow\vendor\phpseclib\phpseclib\phpseclib\Math\BigInteger\Engines\BCMath.php on line 157
[13-Mar-2026 13:26:05 UTC] PHP Deprecated:  chr(): Providing a value not in-between 0 and 255 is deprecated, this is because a byte value must be in the [0, 255] interval. The value used will be constrained using % 256 in C:\Users\Pablo\Documents\GitHub\nine-screen-canvas-flow\vendor\phpseclib\phpseclib\phpseclib\Math\BigInteger\Engines\BCMath.php on line 157
[13-Mar-2026 13:26:05 UTC] PHP Deprecated:  chr(): Providing a value not in-between 0 and 255 is deprecated, this is because a byte value must be in the [0, 255] interval. The value used will be constrained using % 256 in C:\Users\Pablo\Documents\GitHub\nine-screen-canvas-flow\vendor\phpseclib\phpseclib\phpseclib\Math\BigInteger\Engines\BCMath.php on line 157
[13-Mar-2026 13:26:05 UTC] PHP Deprecated:  chr(): Providing a value not in-between 0 and 255 is deprecated, this is because a byte value must be in the [0, 255] interval. The value used will be constrained using % 256 in C:\Users\Pablo\Documents\GitHub\nine-screen-canvas-flow\vendor\phpseclib\phpseclib\phpseclib\Math\BigInteger\Engines\BCMath.php on line 157
[13-Mar-2026 13:26:05 UTC] PHP Deprecated:  chr(): Providing a value not in-between 0 and 255 is deprecated, this is because a byte value must be in the [0, 255] interval. The value used will be constrained using % 256 in C:\Users\Pablo\Documents\GitHub\nine-screen-canvas-flow\vendor\phpseclib\phpseclib\phpseclib\Math\BigInteger\Engines\BCMath.php on line 157
[13-Mar-2026 13:26:05 UTC] PHP Deprecated:  chr(): Providing a value not in-between 0 and 255 is deprecated, this is because a byte value must be in the [0, 255] interval. The value used will be constrained using % 256 in C:\Users\Pablo\Documents\GitHub\nine-screen-canvas-flow\vendor\phpseclib\phpseclib\phpseclib\Math\BigInteger\Engines\BCMath.php on line 157
[13-Mar-2026 13:26:05 UTC] PHP Deprecated:  chr(): Providing a value not in-between 0 and 255 is deprecated, this is because a byte value must be in the [0, 255] interval. The value used will be constrained using % 256 in C:\Users\Pablo\Documents\GitHub\nine-screen-canvas-flow\vendor\phpseclib\phpseclib\phpseclib\Math\BigInteger\Engines\BCMath.php on line 157
[13-Mar-2026 13:26:05 UTC] PHP Deprecated:  chr(): Providing a value not in-between 0 and 255 is deprecated, this is because a byte value must be in the [0, 255] interval. The value used will be constrained using % 256 in C:\Users\Pablo\Documents\GitHub\nine-screen-canvas-flow\vendor\phpseclib\phpseclib\phpseclib\Math\BigInteger\Engines\BCMath.php on line 157
[13-Mar-2026 13:26:05 UTC] PHP Deprecated:  chr(): Providing a value not in-between 0 and 255 is deprecated, this is because a byte value must be in the [0, 255] interval. The value used will be constrained using % 256 in C:\Users\Pablo\Documents\GitHub\nine-screen-canvas-flow\vendor\phpseclib\phpseclib\phpseclib\Math\BigInteger\Engines\BCMath.php on line 157
[13-Mar-2026 13:26:05 UTC] PHP Deprecated:  chr(): Providing a value not in-between 0 and 255 is deprecated, this is because a byte value must be in the [0, 255] interval. The value used will be constrained using % 256 in C:\Users\Pablo\Documents\GitHub\nine-screen-canvas-flow\vendor\phpseclib\phpseclib\phpseclib\Math\BigInteger\Engines\BCMath.php on line 157
[13-Mar-2026 13:26:05 UTC] PHP Deprecated:  chr(): Providing a value not in-between 0 and 255 is deprecated, this is because a byte value must be in the [0, 255] interval. The value used will be constrained using % 256 in C:\Users\Pablo\Documents\GitHub\nine-screen-canvas-flow\vendor\phpseclib\phpseclib\phpseclib\Math\BigInteger\Engines\BCMath.php on line 157
[13-Mar-2026 13:26:05 UTC] PHP Deprecated:  chr(): Providing a value not in-between 0 and 255 is deprecated, this is because a byte value must be in the [0, 255] interval. The value used will be constrained using % 256 in C:\Users\Pablo\Documents\GitHub\nine-screen-canvas-flow\vendor\phpseclib\phpseclib\phpseclib\Math\BigInteger\Engines\BCMath.php on line 157
[13-Mar-2026 13:26:05 UTC] PHP Deprecated:  chr(): Providing a value not in-between 0 and 255 is deprecated, this is because a byte value must be in the [0, 255] interval. The value used will be constrained using % 256 in C:\Users\Pablo\Documents\GitHub\nine-screen-canvas-flow\vendor\phpseclib\phpseclib\phpseclib\Math\BigInteger\Engines\BCMath.php on line 157
[13-Mar-2026 13:26:05 UTC] PHP Deprecated:  chr(): Providing a value not in-between 0 and 255 is deprecated, this is because a byte value must be in the [0, 255] interval. The value used will be constrained using % 256 in C:\Users\Pablo\Documents\GitHub\nine-screen-canvas-flow\vendor\phpseclib\phpseclib\phpseclib\Math\BigInteger\Engines\BCMath.php on line 157
[13-Mar-2026 13:26:05 UTC] PHP Deprecated:  chr(): Providing a value not in-between 0 and 255 is deprecated, this is because a byte value must be in the [0, 255] interval. The value used will be constrained using % 256 in C:\Users\Pablo\Documents\GitHub\nine-screen-canvas-flow\vendor\phpseclib\phpseclib\phpseclib\Math\BigInteger\Engines\BCMath.php on line 157
[13-Mar-2026 13:26:05 UTC] PHP Deprecated:  chr(): Providing a value not in-between 0 and 255 is deprecated, this is because a byte value must be in the [0, 255] interval. The value used will be constrained using % 256 in C:\Users\Pablo\Documents\GitHub\nine-screen-canvas-flow\vendor\phpseclib\phpseclib\phpseclib\Math\BigInteger\Engines\BCMath.php on line 157
[13-Mar-2026 13:26:05 UTC] PHP Deprecated:  chr(): Providing a value not in-between 0 and 255 is deprecated, this is because a byte value must be in the [0, 255] interval. The value used will be constrained using % 256 in C:\Users\Pablo\Documents\GitHub\nine-screen-canvas-flow\vendor\phpseclib\phpseclib\phpseclib\Math\BigInteger\Engines\BCMath.php on line 157
[13-Mar-2026 13:26:05 UTC] PHP Deprecated:  chr(): Providing a value not in-between 0 and 255 is deprecated, this is because a byte value must be in the [0, 255] interval. The value used will be constrained using % 256 in C:\Users\Pablo\Documents\GitHub\nine-screen-canvas-flow\vendor\phpseclib\phpseclib\phpseclib\Math\BigInteger\Engines\BCMath.php on line 157
[13-Mar-2026 13:26:05 UTC] PHP Deprecated:  chr(): Providing a value not in-between 0 and 255 is deprecated, this is because a byte value must be in the [0, 255] interval. The value used will be constrained using % 256 in C:\Users\Pablo\Documents\GitHub\nine-screen-canvas-flow\vendor\phpseclib\phpseclib\phpseclib\Math\BigInteger\Engines\BCMath.php on line 157
[13-Mar-2026 13:26:05 UTC] PHP Deprecated:  chr(): Providing a value not in-between 0 and 255 is deprecated, this is because a byte value must be in the [0, 255] interval. The value used will be constrained using % 256 in C:\Users\Pablo\Documents\GitHub\nine-screen-canvas-flow\vendor\phpseclib\phpseclib\phpseclib\Math\BigInteger\Engines\BCMath.php on line 157
[13-Mar-2026 13:26:05 UTC] PHP Deprecated:  chr(): Providing a value not in-between 0 and 255 is deprecated, this is because a byte value must be in the [0, 255] interval. The value used will be constrained using % 256 in C:\Users\Pablo\Documents\GitHub\nine-screen-canvas-flow\vendor\phpseclib\phpseclib\phpseclib\Math\BigInteger\Engines\BCMath.php on line 157
[13-Mar-2026 13:26:05 UTC] PHP Deprecated:  chr(): Providing a value not in-between 0 and 255 is deprecated, this is because a byte value must be in the [0, 255] interval. The value used will be constrained using % 256 in C:\Users\Pablo\Documents\GitHub\nine-screen-canvas-flow\vendor\phpseclib\phpseclib\phpseclib\Math\BigInteger\Engines\BCMath.php on line 157
[13-Mar-2026 13:26:05 UTC] PHP Deprecated:  chr(): Providing a value not in-between 0 and 255 is deprecated, this is because a byte value must be in the [0, 255] interval. The value used will be constrained using % 256 in C:\Users\Pablo\Documents\GitHub\nine-screen-canvas-flow\vendor\phpseclib\phpseclib\phpseclib\Math\BigInteger\Engines\BCMath.php on line 157
[13-Mar-2026 13:26:05 UTC] PHP Deprecated:  chr(): Providing a value not in-between 0 and 255 is deprecated, this is because a byte value must be in the [0, 255] interval. The value used will be constrained using % 256 in C:\Users\Pablo\Documents\GitHub\nine-screen-canvas-flow\vendor\phpseclib\phpseclib\phpseclib\Math\BigInteger\Engines\BCMath.php on line 157
[13-Mar-2026 13:26:05 UTC] PHP Deprecated:  chr(): Providing a value not in-between 0 and 255 is deprecated, this is because a byte value must be in the [0, 255] interval. The value used will be constrained using % 256 in C:\Users\Pablo\Documents\GitHub\nine-screen-canvas-flow\vendor\phpseclib\phpseclib\phpseclib\Math\BigInteger\Engines\BCMath.php on line 157
[13-Mar-2026 13:26:05 UTC] PHP Deprecated:  chr(): Providing a value not in-between 0 and 255 is deprecated, this is because a byte value must be in the [0, 255] interval. The value used will be constrained using % 256 in C:\Users\Pablo\Documents\GitHub\nine-screen-canvas-flow\vendor\phpseclib\phpseclib\phpseclib\Math\BigInteger\Engines\BCMath.php on line 157
[13-Mar-2026 13:26:05 UTC] PHP Deprecated:  chr(): Providing a value not in-between 0 and 255 is deprecated, this is because a byte value must be in the [0, 255] interval. The value used will be constrained using % 256 in C:\Users\Pablo\Documents\GitHub\nine-screen-canvas-flow\vendor\phpseclib\phpseclib\phpseclib\Math\BigInteger\Engines\BCMath.php on line 157
[13-Mar-2026 13:26:05 UTC] PHP Deprecated:  chr(): Providing a value not in-between 0 and 255 is deprecated, this is because a byte value must be in the [0, 255] interval. The value used will be constrained using % 256 in C:\Users\Pablo\Documents\GitHub\nine-screen-canvas-flow\vendor\phpseclib\phpseclib\phpseclib\Math\BigInteger\Engines\BCMath.php on line 157
[13-Mar-2026 13:26:05 UTC] PHP Deprecated:  chr(): Providing a value not in-between 0 and 255 is deprecated, this is because a byte value must be in the [0, 255] interval. The value used will be constrained using % 256 in C:\Users\Pablo\Documents\GitHub\nine-screen-canvas-flow\vendor\phpseclib\phpseclib\phpseclib\Math\BigInteger\Engines\BCMath.php on line 157
[13-Mar-2026 13:26:05 UTC] PHP Deprecated:  chr(): Providing a value not in-between 0 and 255 is deprecated, this is because a byte value must be in the [0, 255] interval. The value used will be constrained using % 256 in C:\Users\Pablo\Documents\GitHub\nine-screen-canvas-flow\vendor\phpseclib\phpseclib\phpseclib\Math\BigInteger\Engines\BCMath.php on line 157
[13-Mar-2026 13:26:05 UTC] PHP Deprecated:  chr(): Providing a value not in-between 0 and 255 is deprecated, this is because a byte value must be in the [0, 255] interval. The value used will be constrained using % 256 in C:\Users\Pablo\Documents\GitHub\nine-screen-canvas-flow\vendor\phpseclib\phpseclib\phpseclib\Math\BigInteger\Engines\BCMath.php on line 157
[13-Mar-2026 13:26:05 UTC] PHP Deprecated:  chr(): Providing a value not in-between 0 and 255 is deprecated, this is because a byte value must be in the [0, 255] interval. The value used will be constrained using % 256 in C:\Users\Pablo\Documents\GitHub\nine-screen-canvas-flow\vendor\phpseclib\phpseclib\phpseclib\Math\BigInteger\Engines\BCMath.php on line 157
[13-Mar-2026 13:26:05 UTC] PHP Deprecated:  chr(): Providing a value not in-between 0 and 255 is deprecated, this is because a byte value must be in the [0, 255] interval. The value used will be constrained using % 256 in C:\Users\Pablo\Documents\GitHub\nine-screen-canvas-flow\vendor\phpseclib\phpseclib\phpseclib\Math\BigInteger\Engines\BCMath.php on line 157
[13-Mar-2026 13:26:05 UTC] PHP Deprecated:  chr(): Providing a value not in-between 0 and 255 is deprecated, this is because a byte value must be in the [0, 255] interval. The value used will be constrained using % 256 in C:\Users\Pablo\Documents\GitHub\nine-screen-canvas-flow\vendor\phpseclib\phpseclib\phpseclib\Math\BigInteger\Engines\BCMath.php on line 157
[13-Mar-2026 13:26:05 UTC] PHP Deprecated:  chr(): Providing a value not in-between 0 and 255 is deprecated, this is because a byte value must be in the [0, 255] interval. The value used will be constrained using % 256 in C:\Users\Pablo\Documents\GitHub\nine-screen-canvas-flow\vendor\phpseclib\phpseclib\phpseclib\Math\BigInteger\Engines\BCMath.php on line 157
[13-Mar-2026 13:26:05 UTC] PHP Deprecated:  chr(): Providing a value not in-between 0 and 255 is deprecated, this is because a byte value must be in the [0, 255] interval. The value used will be constrained using % 256 in C:\Users\Pablo\Documents\GitHub\nine-screen-canvas-flow\vendor\phpseclib\phpseclib\phpseclib\Math\BigInteger\Engines\BCMath.php on line 157
[13-Mar-2026 13:26:05 UTC] PHP Deprecated:  chr(): Providing a value not in-between 0 and 255 is deprecated, this is because a byte value must be in the [0, 255] interval. The value used will be constrained using % 256 in C:\Users\Pablo\Documents\GitHub\nine-screen-canvas-flow\vendor\phpseclib\phpseclib\phpseclib\Math\BigInteger\Engines\BCMath.php on line 157
[13-Mar-2026 13:26:05 UTC] PHP Deprecated:  chr(): Providing a value not in-between 0 and 255 is deprecated, this is because a byte value must be in the [0, 255] interval. The value used will be constrained using % 256 in C:\Users\Pablo\Documents\GitHub\nine-screen-canvas-flow\vendor\phpseclib\phpseclib\phpseclib\Math\BigInteger\Engines\BCMath.php on line 157
[13-Mar-2026 13:26:05 UTC] PHP Deprecated:  chr(): Providing a value not in-between 0 and 255 is deprecated, this is because a byte value must be in the [0, 255] interval. The value used will be constrained using % 256 in C:\Users\Pablo\Documents\GitHub\nine-screen-canvas-flow\vendor\phpseclib\phpseclib\phpseclib\Math\BigInteger\Engines\BCMath.php on line 157
[13-Mar-2026 13:26:05 UTC] PHP Deprecated:  chr(): Providing a value not in-between 0 and 255 is deprecated, this is because a byte value must be in the [0, 255] interval. The value used will be constrained using % 256 in C:\Users\Pablo\Documents\GitHub\nine-screen-canvas-flow\vendor\phpseclib\phpseclib\phpseclib\Math\BigInteger\Engines\BCMath.php on line 157
[13-Mar-2026 13:26:05 UTC] PHP Deprecated:  chr(): Providing a value not in-between 0 and 255 is deprecated, this is because a byte value must be in the [0, 255] interval. The value used will be constrained using % 256 in C:\Users\Pablo\Documents\GitHub\nine-screen-canvas-flow\vendor\phpseclib\phpseclib\phpseclib\Math\BigInteger\Engines\BCMath.php on line 157
[13-Mar-2026 13:26:05 UTC] PHP Deprecated:  chr(): Providing a value not in-between 0 and 255 is deprecated, this is because a byte value must be in the [0, 255] interval. The value used will be constrained using % 256 in C:\Users\Pablo\Documents\GitHub\nine-screen-canvas-flow\vendor\phpseclib\phpseclib\phpseclib\Math\BigInteger\Engines\BCMath.php on line 157
[13-Mar-2026 13:26:05 UTC] PHP Deprecated:  chr(): Providing a value not in-between 0 and 255 is deprecated, this is because a byte value must be in the [0, 255] interval. The value used will be constrained using % 256 in C:\Users\Pablo\Documents\GitHub\nine-screen-canvas-flow\vendor\phpseclib\phpseclib\phpseclib\Math\BigInteger\Engines\BCMath.php on line 157
[13-Mar-2026 13:26:05 UTC] PHP Deprecated:  chr(): Providing a value not in-between 0 and 255 is deprecated, this is because a byte value must be in the [0, 255] interval. The value used will be constrained using % 256 in C:\Users\Pablo\Documents\GitHub\nine-screen-canvas-flow\vendor\phpseclib\phpseclib\phpseclib\Math\BigInteger\Engines\BCMath.php on line 157
[13-Mar-2026 13:26:05 UTC] PHP Deprecated:  chr(): Providing a value not in-between 0 and 255 is deprecated, this is because a byte value must be in the [0, 255] interval. The value used will be constrained using % 256 in C:\Users\Pablo\Documents\GitHub\nine-screen-canvas-flow\vendor\phpseclib\phpseclib\phpseclib\Math\BigInteger\Engines\BCMath.php on line 157
[13-Mar-2026 13:26:05 UTC] PHP Deprecated:  chr(): Providing a value not in-between 0 and 255 is deprecated, this is because a byte value must be in the [0, 255] interval. The value used will be constrained using % 256 in C:\Users\Pablo\Documents\GitHub\nine-screen-canvas-flow\vendor\phpseclib\phpseclib\phpseclib\Math\BigInteger\Engines\BCMath.php on line 157
[13-Mar-2026 13:26:05 UTC] PHP Deprecated:  chr(): Providing a value not in-between 0 and 255 is deprecated, this is because a byte value must be in the [0, 255] interval. The value used will be constrained using % 256 in C:\Users\Pablo\Documents\GitHub\nine-screen-canvas-flow\vendor\phpseclib\phpseclib\phpseclib\Math\BigInteger\Engines\BCMath.php on line 157
[13-Mar-2026 13:26:05 UTC] PHP Deprecated:  chr(): Providing a value not in-between 0 and 255 is deprecated, this is because a byte value must be in the [0, 255] interval. The value used will be constrained using % 256 in C:\Users\Pablo\Documents\GitHub\nine-screen-canvas-flow\vendor\phpseclib\phpseclib\phpseclib\Math\BigInteger\Engines\BCMath.php on line 157
[13-Mar-2026 13:26:05 UTC] PHP Deprecated:  chr(): Providing a value not in-between 0 and 255 is deprecated, this is because a byte value must be in the [0, 255] interval. The value used will be constrained using % 256 in C:\Users\Pablo\Documents\GitHub\nine-screen-canvas-flow\vendor\phpseclib\phpseclib\phpseclib\Math\BigInteger\Engines\BCMath.php on line 157
[13-Mar-2026 13:26:05 UTC] PHP Deprecated:  chr(): Providing a value not in-between 0 and 255 is deprecated, this is because a byte value must be in the [0, 255] interval. The value used will be constrained using % 256 in C:\Users\Pablo\Documents\GitHub\nine-screen-canvas-flow\vendor\phpseclib\phpseclib\phpseclib\Math\BigInteger\Engines\BCMath.php on line 157
[13-Mar-2026 13:26:05 UTC] PHP Deprecated:  chr(): Providing a value not in-between 0 and 255 is deprecated, this is because a byte value must be in the [0, 255] interval. The value used will be constrained using % 256 in C:\Users\Pablo\Documents\GitHub\nine-screen-canvas-flow\vendor\phpseclib\phpseclib\phpseclib\Math\BigInteger\Engines\BCMath.php on line 157
[13-Mar-2026 13:26:05 UTC] PHP Deprecated:  chr(): Providing a value not in-between 0 and 255 is deprecated, this is because a byte value must be in the [0, 255] interval. The value used will be constrained using % 256 in C:\Users\Pablo\Documents\GitHub\nine-screen-canvas-flow\vendor\phpseclib\phpseclib\phpseclib\Math\BigInteger\Engines\BCMath.php on line 157
[13-Mar-2026 13:26:05 UTC] PHP Deprecated:  chr(): Providing a value not in-between 0 and 255 is deprecated, this is because a byte value must be in the [0, 255] interval. The value used will be constrained using % 256 in C:\Users\Pablo\Documents\GitHub\nine-screen-canvas-flow\vendor\phpseclib\phpseclib\phpseclib\Math\BigInteger\Engines\BCMath.php on line 157
[13-Mar-2026 13:26:05 UTC] PHP Deprecated:  chr(): Providing a value not in-between 0 and 255 is deprecated, this is because a byte value must be in the [0, 255] interval. The value used will be constrained using % 256 in C:\Users\Pablo\Documents\GitHub\nine-screen-canvas-flow\vendor\phpseclib\phpseclib\phpseclib\Math\BigInteger\Engines\BCMath.php on line 157
[13-Mar-2026 13:26:05 UTC] PHP Deprecated:  chr(): Providing a value not in-between 0 and 255 is deprecated, this is because a byte value must be in the [0, 255] interval. The value used will be constrained using % 256 in C:\Users\Pablo\Documents\GitHub\nine-screen-canvas-flow\vendor\phpseclib\phpseclib\phpseclib\Math\BigInteger\Engines\BCMath.php on line 157
[13-Mar-2026 13:26:05 UTC] PHP Deprecated:  chr(): Providing a value not in-between 0 and 255 is deprecated, this is because a byte value must be in the [0, 255] interval. The value used will be constrained using % 256 in C:\Users\Pablo\Documents\GitHub\nine-screen-canvas-flow\vendor\phpseclib\phpseclib\phpseclib\Math\BigInteger\Engines\BCMath.php on line 157
[13-Mar-2026 13:26:05 UTC] PHP Deprecated:  chr(): Providing a value not in-between 0 and 255 is deprecated, this is because a byte value must be in the [0, 255] interval. The value used will be constrained using % 256 in C:\Users\Pablo\Documents\GitHub\nine-screen-canvas-flow\vendor\phpseclib\phpseclib\phpseclib\Math\BigInteger\Engines\BCMath.php on line 157
[13-Mar-2026 13:26:05 UTC] PHP Deprecated:  chr(): Providing a value not in-between 0 and 255 is deprecated, this is because a byte value must be in the [0, 255] interval. The value used will be constrained using % 256 in C:\Users\Pablo\Documents\GitHub\nine-screen-canvas-flow\vendor\phpseclib\phpseclib\phpseclib\Math\BigInteger\Engines\BCMath.php on line 157
[13-Mar-2026 13:26:05 UTC] PHP Deprecated:  chr(): Providing a value not in-between 0 and 255 is deprecated, this is because a byte value must be in the [0, 255] interval. The value used will be constrained using % 256 in C:\Users\Pablo\Documents\GitHub\nine-screen-canvas-flow\vendor\phpseclib\phpseclib\phpseclib\Math\BigInteger\Engines\BCMath.php on line 157
[13-Mar-2026 13:26:05 UTC] PHP Deprecated:  chr(): Providing a value not in-between 0 and 255 is deprecated, this is because a byte value must be in the [0, 255] interval. The value used will be constrained using % 256 in C:\Users\Pablo\Documents\GitHub\nine-screen-canvas-flow\vendor\phpseclib\phpseclib\phpseclib\Math\BigInteger\Engines\BCMath.php on line 157
[13-Mar-2026 13:26:05 UTC] PHP Deprecated:  chr(): Providing a value not in-between 0 and 255 is deprecated, this is because a byte value must be in the [0, 255] interval. The value used will be constrained using % 256 in C:\Users\Pablo\Documents\GitHub\nine-screen-canvas-flow\vendor\phpseclib\phpseclib\phpseclib\Math\BigInteger\Engines\BCMath.php on line 157
[13-Mar-2026 13:26:05 UTC] PHP Deprecated:  chr(): Providing a value not in-between 0 and 255 is deprecated, this is because a byte value must be in the [0, 255] interval. The value used will be constrained using % 256 in C:\Users\Pablo\Documents\GitHub\nine-screen-canvas-flow\vendor\phpseclib\phpseclib\phpseclib\Math\BigInteger\Engines\BCMath.php on line 157
[13-Mar-2026 13:26:05 UTC] PHP Deprecated:  chr(): Providing a value not in-between 0 and 255 is deprecated, this is because a byte value must be in the [0, 255] interval. The value used will be constrained using % 256 in C:\Users\Pablo\Documents\GitHub\nine-screen-canvas-flow\vendor\phpseclib\phpseclib\phpseclib\Math\BigInteger\Engines\BCMath.php on line 157
[13-Mar-2026 13:26:05 UTC] PHP Deprecated:  chr(): Providing a value not in-between 0 and 255 is deprecated, this is because a byte value must be in the [0, 255] interval. The value used will be constrained using % 256 in C:\Users\Pablo\Documents\GitHub\nine-screen-canvas-flow\vendor\phpseclib\phpseclib\phpseclib\Math\BigInteger\Engines\BCMath.php on line 157
[13-Mar-2026 13:26:05 UTC] PHP Deprecated:  chr(): Providing a value not in-between 0 and 255 is deprecated, this is because a byte value must be in the [0, 255] interval. The value used will be constrained using % 256 in C:\Users\Pablo\Documents\GitHub\nine-screen-canvas-flow\vendor\phpseclib\phpseclib\phpseclib\Math\BigInteger\Engines\BCMath.php on line 157
[13-Mar-2026 13:26:05 UTC] PHP Deprecated:  chr(): Providing a value not in-between 0 and 255 is deprecated, this is because a byte value must be in the [0, 255] interval. The value used will be constrained using % 256 in C:\Users\Pablo\Documents\GitHub\nine-screen-canvas-flow\vendor\phpseclib\phpseclib\phpseclib\Math\BigInteger\Engines\BCMath.php on line 157
[13-Mar-2026 13:26:05 UTC] PHP Deprecated:  chr(): Providing a value not in-between 0 and 255 is deprecated, this is because a byte value must be in the [0, 255] interval. The value used will be constrained using % 256 in C:\Users\Pablo\Documents\GitHub\nine-screen-canvas-flow\vendor\phpseclib\phpseclib\phpseclib\Math\BigInteger\Engines\BCMath.php on line 157
[13-Mar-2026 13:26:05 UTC] PHP Deprecated:  chr(): Providing a value not in-between 0 and 255 is deprecated, this is because a byte value must be in the [0, 255] interval. The value used will be constrained using % 256 in C:\Users\Pablo\Documents\GitHub\nine-screen-canvas-flow\vendor\phpseclib\phpseclib\phpseclib\Math\BigInteger\Engines\BCMath.php on line 157
[13-Mar-2026 13:26:05 UTC] PHP Deprecated:  chr(): Providing a value not in-between 0 and 255 is deprecated, this is because a byte value must be in the [0, 255] interval. The value used will be constrained using % 256 in C:\Users\Pablo\Documents\GitHub\nine-screen-canvas-flow\vendor\phpseclib\phpseclib\phpseclib\Math\BigInteger\Engines\BCMath.php on line 157
[13-Mar-2026 13:26:05 UTC] PHP Deprecated:  chr(): Providing a value not in-between 0 and 255 is deprecated, this is because a byte value must be in the [0, 255] interval. The value used will be constrained using % 256 in C:\Users\Pablo\Documents\GitHub\nine-screen-canvas-flow\vendor\phpseclib\phpseclib\phpseclib\Math\BigInteger\Engines\BCMath.php on line 157
[13-Mar-2026 13:26:05 UTC] PHP Deprecated:  chr(): Providing a value not in-between 0 and 255 is deprecated, this is because a byte value must be in the [0, 255] interval. The value used will be constrained using % 256 in C:\Users\Pablo\Documents\GitHub\nine-screen-canvas-flow\vendor\phpseclib\phpseclib\phpseclib\Math\BigInteger\Engines\BCMath.php on line 157
[13-Mar-2026 13:26:05 UTC] PHP Deprecated:  chr(): Providing a value not in-between 0 and 255 is deprecated, this is because a byte value must be in the [0, 255] interval. The value used will be constrained using % 256 in C:\Users\Pablo\Documents\GitHub\nine-screen-canvas-flow\vendor\phpseclib\phpseclib\phpseclib\Math\BigInteger\Engines\BCMath.php on line 157
[13-Mar-2026 13:26:05 UTC] PHP Deprecated:  chr(): Providing a value not in-between 0 and 255 is deprecated, this is because a byte value must be in the [0, 255] interval. The value used will be constrained using % 256 in C:\Users\Pablo\Documents\GitHub\nine-screen-canvas-flow\vendor\phpseclib\phpseclib\phpseclib\Math\BigInteger\Engines\BCMath.php on line 157
[13-Mar-2026 13:26:05 UTC] PHP Deprecated:  chr(): Providing a value not in-between 0 and 255 is deprecated, this is because a byte value must be in the [0, 255] interval. The value used will be constrained using % 256 in C:\Users\Pablo\Documents\GitHub\nine-screen-canvas-flow\vendor\phpseclib\phpseclib\phpseclib\Math\BigInteger\Engines\BCMath.php on line 157
[13-Mar-2026 13:26:05 UTC] PHP Deprecated:  chr(): Providing a value not in-between 0 and 255 is deprecated, this is because a byte value must be in the [0, 255] interval. The value used will be constrained using % 256 in C:\Users\Pablo\Documents\GitHub\nine-screen-canvas-flow\vendor\phpseclib\phpseclib\phpseclib\Math\BigInteger\Engines\BCMath.php on line 157
[13-Mar-2026 13:26:05 UTC] PHP Deprecated:  chr(): Providing a value not in-between 0 and 255 is deprecated, this is because a byte value must be in the [0, 255] interval. The value used will be constrained using % 256 in C:\Users\Pablo\Documents\GitHub\nine-screen-canvas-flow\vendor\phpseclib\phpseclib\phpseclib\Math\BigInteger\Engines\BCMath.php on line 157
[13-Mar-2026 13:26:05 UTC] PHP Deprecated:  chr(): Providing a value not in-between 0 and 255 is deprecated, this is because a byte value must be in the [0, 255] interval. The value used will be constrained using % 256 in C:\Users\Pablo\Documents\GitHub\nine-screen-canvas-flow\vendor\phpseclib\phpseclib\phpseclib\Math\BigInteger\Engines\BCMath.php on line 157
[13-Mar-2026 13:26:05 UTC] PHP Deprecated:  chr(): Providing a value not in-between 0 and 255 is deprecated, this is because a byte value must be in the [0, 255] interval. The value used will be constrained using % 256 in C:\Users\Pablo\Documents\GitHub\nine-screen-canvas-flow\vendor\phpseclib\phpseclib\phpseclib\Math\BigInteger\Engines\BCMath.php on line 157
[13-Mar-2026 13:26:05 UTC] PHP Deprecated:  chr(): Providing a value not in-between 0 and 255 is deprecated, this is because a byte value must be in the [0, 255] interval. The value used will be constrained using % 256 in C:\Users\Pablo\Documents\GitHub\nine-screen-canvas-flow\vendor\phpseclib\phpseclib\phpseclib\Math\BigInteger\Engines\BCMath.php on line 157
[13-Mar-2026 13:26:05 UTC] PHP Deprecated:  chr(): Providing a value not in-between 0 and 255 is deprecated, this is because a byte value must be in the [0, 255] interval. The value used will be constrained using % 256 in C:\Users\Pablo\Documents\GitHub\nine-screen-canvas-flow\vendor\phpseclib\phpseclib\phpseclib\Math\BigInteger\Engines\BCMath.php on line 157
[13-Mar-2026 13:26:05 UTC] PHP Deprecated:  chr(): Providing a value not in-between 0 and 255 is deprecated, this is because a byte value must be in the [0, 255] interval. The value used will be constrained using % 256 in C:\Users\Pablo\Documents\GitHub\nine-screen-canvas-flow\vendor\phpseclib\phpseclib\phpseclib\Math\BigInteger\Engines\BCMath.php on line 157
[13-Mar-2026 13:26:05 UTC] PHP Deprecated:  chr(): Providing a value not in-between 0 and 255 is deprecated, this is because a byte value must be in the [0, 255] interval. The value used will be constrained using % 256 in C:\Users\Pablo\Documents\GitHub\nine-screen-canvas-flow\vendor\phpseclib\phpseclib\phpseclib\Math\BigInteger\Engines\BCMath.php on line 157
[13-Mar-2026 13:26:05 UTC] PHP Deprecated:  chr(): Providing a value not in-between 0 and 255 is deprecated, this is because a byte value must be in the [0, 255] interval. The value used will be constrained using % 256 in C:\Users\Pablo\Documents\GitHub\nine-screen-canvas-flow\vendor\phpseclib\phpseclib\phpseclib\Math\BigInteger\Engines\BCMath.php on line 157
[13-Mar-2026 13:26:05 UTC] PHP Deprecated:  chr(): Providing a value not in-between 0 and 255 is deprecated, this is because a byte value must be in the [0, 255] interval. The value used will be constrained using % 256 in C:\Users\Pablo\Documents\GitHub\nine-screen-canvas-flow\vendor\phpseclib\phpseclib\phpseclib\Math\BigInteger\Engines\BCMath.php on line 157
[13-Mar-2026 13:26:05 UTC] PHP Deprecated:  chr(): Providing a value not in-between 0 and 255 is deprecated, this is because a byte value must be in the [0, 255] interval. The value used will be constrained using % 256 in C:\Users\Pablo\Documents\GitHub\nine-screen-canvas-flow\vendor\phpseclib\phpseclib\phpseclib\Math\BigInteger\Engines\BCMath.php on line 157
[13-Mar-2026 13:26:05 UTC] PHP Deprecated:  chr(): Providing a value not in-between 0 and 255 is deprecated, this is because a byte value must be in the [0, 255] interval. The value used will be constrained using % 256 in C:\Users\Pablo\Documents\GitHub\nine-screen-canvas-flow\vendor\phpseclib\phpseclib\phpseclib\Math\BigInteger\Engines\BCMath.php on line 157
[13-Mar-2026 13:26:05 UTC] PHP Deprecated:  chr(): Providing a value not in-between 0 and 255 is deprecated, this is because a byte value must be in the [0, 255] interval. The value used will be constrained using % 256 in C:\Users\Pablo\Documents\GitHub\nine-screen-canvas-flow\vendor\phpseclib\phpseclib\phpseclib\Math\BigInteger\Engines\BCMath.php on line 157
[13-Mar-2026 13:26:05 UTC] PHP Deprecated:  chr(): Providing a value not in-between 0 and 255 is deprecated, this is because a byte value must be in the [0, 255] interval. The value used will be constrained using % 256 in C:\Users\Pablo\Documents\GitHub\nine-screen-canvas-flow\vendor\phpseclib\phpseclib\phpseclib\Math\BigInteger\Engines\BCMath.php on line 157
[13-Mar-2026 13:26:05 UTC] PHP Deprecated:  chr(): Providing a value not in-between 0 and 255 is deprecated, this is because a byte value must be in the [0, 255] interval. The value used will be constrained using % 256 in C:\Users\Pablo\Documents\GitHub\nine-screen-canvas-flow\vendor\phpseclib\phpseclib\phpseclib\Math\BigInteger\Engines\BCMath.php on line 157
[13-Mar-2026 13:26:05 UTC] PHP Deprecated:  chr(): Providing a value not in-between 0 and 255 is deprecated, this is because a byte value must be in the [0, 255] interval. The value used will be constrained using % 256 in C:\Users\Pablo\Documents\GitHub\nine-screen-canvas-flow\vendor\phpseclib\phpseclib\phpseclib\Math\BigInteger\Engines\BCMath.php on line 157
[13-Mar-2026 13:26:05 UTC] PHP Deprecated:  chr(): Providing a value not in-between 0 and 255 is deprecated, this is because a byte value must be in the [0, 255] interval. The value used will be constrained using % 256 in C:\Users\Pablo\Documents\GitHub\nine-screen-canvas-flow\vendor\phpseclib\phpseclib\phpseclib\Math\BigInteger\Engines\BCMath.php on line 157
[13-Mar-2026 13:26:05 UTC] PHP Deprecated:  chr(): Providing a value not in-between 0 and 255 is deprecated, this is because a byte value must be in the [0, 255] interval. The value used will be constrained using % 256 in C:\Users\Pablo\Documents\GitHub\nine-screen-canvas-flow\vendor\phpseclib\phpseclib\phpseclib\Math\BigInteger\Engines\BCMath.php on line 157
[13-Mar-2026 13:26:05 UTC] PHP Deprecated:  chr(): Providing a value not in-between 0 and 255 is deprecated, this is because a byte value must be in the [0, 255] interval. The value used will be constrained using % 256 in C:\Users\Pablo\Documents\GitHub\nine-screen-canvas-flow\vendor\phpseclib\phpseclib\phpseclib\Math\BigInteger\Engines\BCMath.php on line 157
[13-Mar-2026 13:26:05 UTC] PHP Deprecated:  chr(): Providing a value not in-between 0 and 255 is deprecated, this is because a byte value must be in the [0, 255] interval. The value used will be constrained using % 256 in C:\Users\Pablo\Documents\GitHub\nine-screen-canvas-flow\vendor\phpseclib\phpseclib\phpseclib\Math\BigInteger\Engines\BCMath.php on line 157
[13-Mar-2026 13:26:05 UTC] PHP Deprecated:  chr(): Providing a value not in-between 0 and 255 is deprecated, this is because a byte value must be in the [0, 255] interval. The value used will be constrained using % 256 in C:\Users\Pablo\Documents\GitHub\nine-screen-canvas-flow\vendor\phpseclib\phpseclib\phpseclib\Math\BigInteger\Engines\BCMath.php on line 157
[13-Mar-2026 13:26:05 UTC] PHP Deprecated:  chr(): Providing a value not in-between 0 and 255 is deprecated, this is because a byte value must be in the [0, 255] interval. The value used will be constrained using % 256 in C:\Users\Pablo\Documents\GitHub\nine-screen-canvas-flow\vendor\phpseclib\phpseclib\phpseclib\Math\BigInteger\Engines\BCMath.php on line 157
[13-Mar-2026 13:26:05 UTC] PHP Deprecated:  chr(): Providing a value not in-between 0 and 255 is deprecated, this is because a byte value must be in the [0, 255] interval. The value used will be constrained using % 256 in C:\Users\Pablo\Documents\GitHub\nine-screen-canvas-flow\vendor\phpseclib\phpseclib\phpseclib\Math\BigInteger\Engines\BCMath.php on line 157
[13-Mar-2026 13:26:05 UTC] PHP Deprecated:  chr(): Providing a value not in-between 0 and 255 is deprecated, this is because a byte value must be in the [0, 255] interval. The value used will be constrained using % 256 in C:\Users\Pablo\Documents\GitHub\nine-screen-canvas-flow\vendor\phpseclib\phpseclib\phpseclib\Math\BigInteger\Engines\BCMath.php on line 157
[13-Mar-2026 13:26:05 UTC] PHP Deprecated:  chr(): Providing a value not in-between 0 and 255 is deprecated, this is because a byte value must be in the [0, 255] interval. The value used will be constrained using % 256 in C:\Users\Pablo\Documents\GitHub\nine-screen-canvas-flow\vendor\phpseclib\phpseclib\phpseclib\Math\BigInteger\Engines\BCMath.php on line 157
[13-Mar-2026 13:26:05 UTC] PHP Deprecated:  chr(): Providing a value not in-between 0 and 255 is deprecated, this is because a byte value must be in the [0, 255] interval. The value used will be constrained using % 256 in C:\Users\Pablo\Documents\GitHub\nine-screen-canvas-flow\vendor\phpseclib\phpseclib\phpseclib\Math\BigInteger\Engines\BCMath.php on line 157
[13-Mar-2026 13:26:05 UTC] PHP Deprecated:  chr(): Providing a value not in-between 0 and 255 is deprecated, this is because a byte value must be in the [0, 255] interval. The value used will be constrained using % 256 in C:\Users\Pablo\Documents\GitHub\nine-screen-canvas-flow\vendor\phpseclib\phpseclib\phpseclib\Math\BigInteger\Engines\BCMath.php on line 157
[13-Mar-2026 13:26:05 UTC] PHP Deprecated:  chr(): Providing a value not in-between 0 and 255 is deprecated, this is because a byte value must be in the [0, 255] interval. The value used will be constrained using % 256 in C:\Users\Pablo\Documents\GitHub\nine-screen-canvas-flow\vendor\phpseclib\phpseclib\phpseclib\Math\BigInteger\Engines\BCMath.php on line 157
[13-Mar-2026 13:26:05 UTC] PHP Deprecated:  chr(): Providing a value not in-between 0 and 255 is deprecated, this is because a byte value must be in the [0, 255] interval. The value used will be constrained using % 256 in C:\Users\Pablo\Documents\GitHub\nine-screen-canvas-flow\vendor\phpseclib\phpseclib\phpseclib\Math\BigInteger\Engines\BCMath.php on line 157
[13-Mar-2026 13:26:05 UTC] PHP Deprecated:  chr(): Providing a value not in-between 0 and 255 is deprecated, this is because a byte value must be in the [0, 255] interval. The value used will be constrained using % 256 in C:\Users\Pablo\Documents\GitHub\nine-screen-canvas-flow\vendor\phpseclib\phpseclib\phpseclib\Math\BigInteger\Engines\BCMath.php on line 157
[13-Mar-2026 13:26:05 UTC] PHP Deprecated:  chr(): Providing a value not in-between 0 and 255 is deprecated, this is because a byte value must be in the [0, 255] interval. The value used will be constrained using % 256 in C:\Users\Pablo\Documents\GitHub\nine-screen-canvas-flow\vendor\phpseclib\phpseclib\phpseclib\Math\BigInteger\Engines\BCMath.php on line 157
[13-Mar-2026 13:26:05 UTC] PHP Deprecated:  chr(): Providing a value not in-between 0 and 255 is deprecated, this is because a byte value must be in the [0, 255] interval. The value used will be constrained using % 256 in C:\Users\Pablo\Documents\GitHub\nine-screen-canvas-flow\vendor\phpseclib\phpseclib\phpseclib\Math\BigInteger\Engines\BCMath.php on line 157
[13-Mar-2026 13:26:05 UTC] PHP Deprecated:  chr(): Providing a value not in-between 0 and 255 is deprecated, this is because a byte value must be in the [0, 255] interval. The value used will be constrained using % 256 in C:\Users\Pablo\Documents\GitHub\nine-screen-canvas-flow\vendor\phpseclib\phpseclib\phpseclib\Math\BigInteger\Engines\BCMath.php on line 157
[13-Mar-2026 13:26:05 UTC] PHP Deprecated:  chr(): Providing a value not in-between 0 and 255 is deprecated, this is because a byte value must be in the [0, 255] interval. The value used will be constrained using % 256 in C:\Users\Pablo\Documents\GitHub\nine-screen-canvas-flow\vendor\phpseclib\phpseclib\phpseclib\Math\BigInteger\Engines\BCMath.php on line 157
[13-Mar-2026 13:26:05 UTC] PHP Deprecated:  chr(): Providing a value not in-between 0 and 255 is deprecated, this is because a byte value must be in the [0, 255] interval. The value used will be constrained using % 256 in C:\Users\Pablo\Documents\GitHub\nine-screen-canvas-flow\vendor\phpseclib\phpseclib\phpseclib\Math\BigInteger\Engines\BCMath.php on line 157
[13-Mar-2026 13:26:05 UTC] PHP Deprecated:  chr(): Providing a value not in-between 0 and 255 is deprecated, this is because a byte value must be in the [0, 255] interval. The value used will be constrained using % 256 in C:\Users\Pablo\Documents\GitHub\nine-screen-canvas-flow\vendor\phpseclib\phpseclib\phpseclib\Math\BigInteger\Engines\BCMath.php on line 157
[13-Mar-2026 13:26:05 UTC] PHP Deprecated:  chr(): Providing a value not in-between 0 and 255 is deprecated, this is because a byte value must be in the [0, 255] interval. The value used will be constrained using % 256 in C:\Users\Pablo\Documents\GitHub\nine-screen-canvas-flow\vendor\phpseclib\phpseclib\phpseclib\Math\BigInteger\Engines\BCMath.php on line 157
[13-Mar-2026 13:26:05 UTC] PHP Deprecated:  chr(): Providing a value not in-between 0 and 255 is deprecated, this is because a byte value must be in the [0, 255] interval. The value used will be constrained using % 256 in C:\Users\Pablo\Documents\GitHub\nine-screen-canvas-flow\vendor\phpseclib\phpseclib\phpseclib\Math\BigInteger\Engines\BCMath.php on line 157
[13-Mar-2026 13:26:05 UTC] PHP Deprecated:  chr(): Providing a value not in-between 0 and 255 is deprecated, this is because a byte value must be in the [0, 255] interval. The value used will be constrained using % 256 in C:\Users\Pablo\Documents\GitHub\nine-screen-canvas-flow\vendor\phpseclib\phpseclib\phpseclib\Math\BigInteger\Engines\BCMath.php on line 157
[13-Mar-2026 13:26:05 UTC] PHP Deprecated:  chr(): Providing a value not in-between 0 and 255 is deprecated, this is because a byte value must be in the [0, 255] interval. The value used will be constrained using % 256 in C:\Users\Pablo\Documents\GitHub\nine-screen-canvas-flow\vendor\phpseclib\phpseclib\phpseclib\Math\BigInteger\Engines\BCMath.php on line 157
[13-Mar-2026 13:26:05 UTC] PHP Deprecated:  chr(): Providing a value not in-between 0 and 255 is deprecated, this is because a byte value must be in the [0, 255] interval. The value used will be constrained using % 256 in C:\Users\Pablo\Documents\GitHub\nine-screen-canvas-flow\vendor\phpseclib\phpseclib\phpseclib\Math\BigInteger\Engines\BCMath.php on line 157
[13-Mar-2026 13:26:05 UTC] PHP Deprecated:  chr(): Providing a value not in-between 0 and 255 is deprecated, this is because a byte value must be in the [0, 255] interval. The value used will be constrained using % 256 in C:\Users\Pablo\Documents\GitHub\nine-screen-canvas-flow\vendor\phpseclib\phpseclib\phpseclib\Math\BigInteger\Engines\BCMath.php on line 157
[13-Mar-2026 13:26:05 UTC] PHP Deprecated:  chr(): Providing a value not in-between 0 and 255 is deprecated, this is because a byte value must be in the [0, 255] interval. The value used will be constrained using % 256 in C:\Users\Pablo\Documents\GitHub\nine-screen-canvas-flow\vendor\phpseclib\phpseclib\phpseclib\Math\BigInteger\Engines\BCMath.php on line 157
[13-Mar-2026 13:26:05 UTC] PHP Deprecated:  chr(): Providing a value not in-between 0 and 255 is deprecated, this is because a byte value must be in the [0, 255] interval. The value used will be constrained using % 256 in C:\Users\Pablo\Documents\GitHub\nine-screen-canvas-flow\vendor\phpseclib\phpseclib\phpseclib\Math\BigInteger\Engines\BCMath.php on line 157
[13-Mar-2026 13:26:05 UTC] PHP Deprecated:  chr(): Providing a value not in-between 0 and 255 is deprecated, this is because a byte value must be in the [0, 255] interval. The value used will be constrained using % 256 in C:\Users\Pablo\Documents\GitHub\nine-screen-canvas-flow\vendor\phpseclib\phpseclib\phpseclib\Math\BigInteger\Engines\BCMath.php on line 157
[13-Mar-2026 13:26:05 UTC] PHP Deprecated:  chr(): Providing a value not in-between 0 and 255 is deprecated, this is because a byte value must be in the [0, 255] interval. The value used will be constrained using % 256 in C:\Users\Pablo\Documents\GitHub\nine-screen-canvas-flow\vendor\phpseclib\phpseclib\phpseclib\Math\BigInteger\Engines\BCMath.php on line 157
[13-Mar-2026 13:26:05 UTC] PHP Deprecated:  chr(): Providing a value not in-between 0 and 255 is deprecated, this is because a byte value must be in the [0, 255] interval. The value used will be constrained using % 256 in C:\Users\Pablo\Documents\GitHub\nine-screen-canvas-flow\vendor\phpseclib\phpseclib\phpseclib\Math\BigInteger\Engines\BCMath.php on line 157
[13-Mar-2026 13:26:05 UTC] PHP Deprecated:  chr(): Providing a value not in-between 0 and 255 is deprecated, this is because a byte value must be in the [0, 255] interval. The value used will be constrained using % 256 in C:\Users\Pablo\Documents\GitHub\nine-screen-canvas-flow\vendor\phpseclib\phpseclib\phpseclib\Math\BigInteger\Engines\BCMath.php on line 157
[13-Mar-2026 13:26:05 UTC] PHP Deprecated:  chr(): Providing a value not in-between 0 and 255 is deprecated, this is because a byte value must be in the [0, 255] interval. The value used will be constrained using % 256 in C:\Users\Pablo\Documents\GitHub\nine-screen-canvas-flow\vendor\phpseclib\phpseclib\phpseclib\Math\BigInteger\Engines\BCMath.php on line 157
[13-Mar-2026 13:26:05 UTC] PHP Deprecated:  chr(): Providing a value not in-between 0 and 255 is deprecated, this is because a byte value must be in the [0, 255] interval. The value used will be constrained using % 256 in C:\Users\Pablo\Documents\GitHub\nine-screen-canvas-flow\vendor\phpseclib\phpseclib\phpseclib\Math\BigInteger\Engines\BCMath.php on line 157
[13-Mar-2026 13:26:05 UTC] PHP Deprecated:  chr(): Providing a value not in-between 0 and 255 is deprecated, this is because a byte value must be in the [0, 255] interval. The value used will be constrained using % 256 in C:\Users\Pablo\Documents\GitHub\nine-screen-canvas-flow\vendor\phpseclib\phpseclib\phpseclib\Math\BigInteger\Engines\BCMath.php on line 157
[13-Mar-2026 13:26:05 UTC] PHP Deprecated:  chr(): Providing a value not in-between 0 and 255 is deprecated, this is because a byte value must be in the [0, 255] interval. The value used will be constrained using % 256 in C:\Users\Pablo\Documents\GitHub\nine-screen-canvas-flow\vendor\phpseclib\phpseclib\phpseclib\Math\BigInteger\Engines\BCMath.php on line 157
[13-Mar-2026 13:26:05 UTC] PHP Deprecated:  chr(): Providing a value not in-between 0 and 255 is deprecated, this is because a byte value must be in the [0, 255] interval. The value used will be constrained using % 256 in C:\Users\Pablo\Documents\GitHub\nine-screen-canvas-flow\vendor\phpseclib\phpseclib\phpseclib\Math\BigInteger\Engines\BCMath.php on line 157
[13-Mar-2026 13:26:05 UTC] PHP Deprecated:  chr(): Providing a value not in-between 0 and 255 is deprecated, this is because a byte value must be in the [0, 255] interval. The value used will be constrained using % 256 in C:\Users\Pablo\Documents\GitHub\nine-screen-canvas-flow\vendor\phpseclib\phpseclib\phpseclib\Math\BigInteger\Engines\BCMath.php on line 157
[13-Mar-2026 13:26:05 UTC] PHP Deprecated:  chr(): Providing a value not in-between 0 and 255 is deprecated, this is because a byte value must be in the [0, 255] interval. The value used will be constrained using % 256 in C:\Users\Pablo\Documents\GitHub\nine-screen-canvas-flow\vendor\phpseclib\phpseclib\phpseclib\Math\BigInteger\Engines\BCMath.php on line 157
[13-Mar-2026 13:26:05 UTC] PHP Deprecated:  chr(): Providing a value not in-between 0 and 255 is deprecated, this is because a byte value must be in the [0, 255] interval. The value used will be constrained using % 256 in C:\Users\Pablo\Documents\GitHub\nine-screen-canvas-flow\vendor\phpseclib\phpseclib\phpseclib\Math\BigInteger\Engines\BCMath.php on line 157
[13-Mar-2026 13:26:05 UTC] PHP Deprecated:  chr(): Providing a value not in-between 0 and 255 is deprecated, this is because a byte value must be in the [0, 255] interval. The value used will be constrained using % 256 in C:\Users\Pablo\Documents\GitHub\nine-screen-canvas-flow\vendor\phpseclib\phpseclib\phpseclib\Math\BigInteger\Engines\BCMath.php on line 157
[13-Mar-2026 13:26:05 UTC] PHP Deprecated:  chr(): Providing a value not in-between 0 and 255 is deprecated, this is because a byte value must be in the [0, 255] interval. The value used will be constrained using % 256 in C:\Users\Pablo\Documents\GitHub\nine-screen-canvas-flow\vendor\phpseclib\phpseclib\phpseclib\Math\BigInteger\Engines\BCMath.php on line 157
[13-Mar-2026 13:26:05 UTC] PHP Deprecated:  chr(): Providing a value not in-between 0 and 255 is deprecated, this is because a byte value must be in the [0, 255] interval. The value used will be constrained using % 256 in C:\Users\Pablo\Documents\GitHub\nine-screen-canvas-flow\vendor\phpseclib\phpseclib\phpseclib\Math\BigInteger\Engines\BCMath.php on line 157
[13-Mar-2026 13:26:05 UTC] PHP Deprecated:  chr(): Providing a value not in-between 0 and 255 is deprecated, this is because a byte value must be in the [0, 255] interval. The value used will be constrained using % 256 in C:\Users\Pablo\Documents\GitHub\nine-screen-canvas-flow\vendor\phpseclib\phpseclib\phpseclib\Math\BigInteger\Engines\BCMath.php on line 157
[13-Mar-2026 13:26:05 UTC] PHP Deprecated:  chr(): Providing a value not in-between 0 and 255 is deprecated, this is because a byte value must be in the [0, 255] interval. The value used will be constrained using % 256 in C:\Users\Pablo\Documents\GitHub\nine-screen-canvas-flow\vendor\phpseclib\phpseclib\phpseclib\Math\BigInteger\Engines\BCMath.php on line 157
[13-Mar-2026 13:26:05 UTC] PHP Deprecated:  chr(): Providing a value not in-between 0 and 255 is deprecated, this is because a byte value must be in the [0, 255] interval. The value used will be constrained using % 256 in C:\Users\Pablo\Documents\GitHub\nine-screen-canvas-flow\vendor\phpseclib\phpseclib\phpseclib\Math\BigInteger\Engines\BCMath.php on line 157
[13-Mar-2026 13:26:05 UTC] PHP Deprecated:  chr(): Providing a value not in-between 0 and 255 is deprecated, this is because a byte value must be in the [0, 255] interval. The value used will be constrained using % 256 in C:\Users\Pablo\Documents\GitHub\nine-screen-canvas-flow\vendor\phpseclib\phpseclib\phpseclib\Math\BigInteger\Engines\BCMath.php on line 157
[13-Mar-2026 13:26:05 UTC] PHP Deprecated:  chr(): Providing a value not in-between 0 and 255 is deprecated, this is because a byte value must be in the [0, 255] interval. The value used will be constrained using % 256 in C:\Users\Pablo\Documents\GitHub\nine-screen-canvas-flow\vendor\phpseclib\phpseclib\phpseclib\Math\BigInteger\Engines\BCMath.php on line 157
[13-Mar-2026 13:26:05 UTC] PHP Deprecated:  chr(): Providing a value not in-between 0 and 255 is deprecated, this is because a byte value must be in the [0, 255] interval. The value used will be constrained using % 256 in C:\Users\Pablo\Documents\GitHub\nine-screen-canvas-flow\vendor\phpseclib\phpseclib\phpseclib\Math\BigInteger\Engines\BCMath.php on line 157
[13-Mar-2026 13:26:05 UTC] PHP Deprecated:  chr(): Providing a value not in-between 0 and 255 is deprecated, this is because a byte value must be in the [0, 255] interval. The value used will be constrained using % 256 in C:\Users\Pablo\Documents\GitHub\nine-screen-canvas-flow\vendor\phpseclib\phpseclib\phpseclib\Math\BigInteger\Engines\BCMath.php on line 157
[13-Mar-2026 13:26:05 UTC] PHP Deprecated:  chr(): Providing a value not in-between 0 and 255 is deprecated, this is because a byte value must be in the [0, 255] interval. The value used will be constrained using % 256 in C:\Users\Pablo\Documents\GitHub\nine-screen-canvas-flow\vendor\phpseclib\phpseclib\phpseclib\Math\BigInteger\Engines\BCMath.php on line 157
[13-Mar-2026 13:26:05 UTC] PHP Deprecated:  chr(): Providing a value not in-between 0 and 255 is deprecated, this is because a byte value must be in the [0, 255] interval. The value used will be constrained using % 256 in C:\Users\Pablo\Documents\GitHub\nine-screen-canvas-flow\vendor\phpseclib\phpseclib\phpseclib\Math\BigInteger\Engines\BCMath.php on line 157
[13-Mar-2026 13:26:05 UTC] PHP Deprecated:  chr(): Providing a value not in-between 0 and 255 is deprecated, this is because a byte value must be in the [0, 255] interval. The value used will be constrained using % 256 in C:\Users\Pablo\Documents\GitHub\nine-screen-canvas-flow\vendor\phpseclib\phpseclib\phpseclib\Math\BigInteger\Engines\BCMath.php on line 157
[13-Mar-2026 13:26:05 UTC] PHP Deprecated:  chr(): Providing a value not in-between 0 and 255 is deprecated, this is because a byte value must be in the [0, 255] interval. The value used will be constrained using % 256 in C:\Users\Pablo\Documents\GitHub\nine-screen-canvas-flow\vendor\phpseclib\phpseclib\phpseclib\Math\BigInteger\Engines\BCMath.php on line 157
[13-Mar-2026 13:26:05 UTC] PHP Deprecated:  chr(): Providing a value not in-between 0 and 255 is deprecated, this is because a byte value must be in the [0, 255] interval. The value used will be constrained using % 256 in C:\Users\Pablo\Documents\GitHub\nine-screen-canvas-flow\vendor\phpseclib\phpseclib\phpseclib\Math\BigInteger\Engines\BCMath.php on line 157
[13-Mar-2026 13:26:05 UTC] PHP Deprecated:  chr(): Providing a value not in-between 0 and 255 is deprecated, this is because a byte value must be in the [0, 255] interval. The value used will be constrained using % 256 in C:\Users\Pablo\Documents\GitHub\nine-screen-canvas-flow\vendor\phpseclib\phpseclib\phpseclib\Math\BigInteger\Engines\BCMath.php on line 157
[13-Mar-2026 13:26:05 UTC] PHP Deprecated:  chr(): Providing a value not in-between 0 and 255 is deprecated, this is because a byte value must be in the [0, 255] interval. The value used will be constrained using % 256 in C:\Users\Pablo\Documents\GitHub\nine-screen-canvas-flow\vendor\phpseclib\phpseclib\phpseclib\Math\BigInteger\Engines\BCMath.php on line 157
[13-Mar-2026 13:26:05 UTC] PHP Deprecated:  chr(): Providing a value not in-between 0 and 255 is deprecated, this is because a byte value must be in the [0, 255] interval. The value used will be constrained using % 256 in C:\Users\Pablo\Documents\GitHub\nine-screen-canvas-flow\vendor\phpseclib\phpseclib\phpseclib\Math\BigInteger\Engines\BCMath.php on line 157
[13-Mar-2026 13:26:05 UTC] PHP Deprecated:  chr(): Providing a value not in-between 0 and 255 is deprecated, this is because a byte value must be in the [0, 255] interval. The value used will be constrained using % 256 in C:\Users\Pablo\Documents\GitHub\nine-screen-canvas-flow\vendor\phpseclib\phpseclib\phpseclib\Math\BigInteger\Engines\BCMath.php on line 157
[13-Mar-2026 13:26:05 UTC] PHP Deprecated:  chr(): Providing a value not in-between 0 and 255 is deprecated, this is because a byte value must be in the [0, 255] interval. The value used will be constrained using % 256 in C:\Users\Pablo\Documents\GitHub\nine-screen-canvas-flow\vendor\phpseclib\phpseclib\phpseclib\Math\BigInteger\Engines\BCMath.php on line 157
[13-Mar-2026 13:26:05 UTC] PHP Deprecated:  chr(): Providing a value not in-between 0 and 255 is deprecated, this is because a byte value must be in the [0, 255] interval. The value used will be constrained using % 256 in C:\Users\Pablo\Documents\GitHub\nine-screen-canvas-flow\vendor\phpseclib\phpseclib\phpseclib\Math\BigInteger\Engines\BCMath.php on line 157
[13-Mar-2026 13:26:05 UTC] PHP Deprecated:  chr(): Providing a value not in-between 0 and 255 is deprecated, this is because a byte value must be in the [0, 255] interval. The value used will be constrained using % 256 in C:\Users\Pablo\Documents\GitHub\nine-screen-canvas-flow\vendor\phpseclib\phpseclib\phpseclib\Math\BigInteger\Engines\BCMath.php on line 157
[13-Mar-2026 13:26:05 UTC] PHP Deprecated:  chr(): Providing a value not in-between 0 and 255 is deprecated, this is because a byte value must be in the [0, 255] interval. The value used will be constrained using % 256 in C:\Users\Pablo\Documents\GitHub\nine-screen-canvas-flow\vendor\phpseclib\phpseclib\phpseclib\Math\BigInteger\Engines\BCMath.php on line 157
[13-Mar-2026 13:26:05 UTC] PHP Deprecated:  chr(): Providing a value not in-between 0 and 255 is deprecated, this is because a byte value must be in the [0, 255] interval. The value used will be constrained using % 256 in C:\Users\Pablo\Documents\GitHub\nine-screen-canvas-flow\vendor\phpseclib\phpseclib\phpseclib\Math\BigInteger\Engines\BCMath.php on line 157
[13-Mar-2026 13:26:05 UTC] PHP Deprecated:  chr(): Providing a value not in-between 0 and 255 is deprecated, this is because a byte value must be in the [0, 255] interval. The value used will be constrained using % 256 in C:\Users\Pablo\Documents\GitHub\nine-screen-canvas-flow\vendor\phpseclib\phpseclib\phpseclib\Math\BigInteger\Engines\BCMath.php on line 157
[13-Mar-2026 13:26:05 UTC] PHP Deprecated:  chr(): Providing a value not in-between 0 and 255 is deprecated, this is because a byte value must be in the [0, 255] interval. The value used will be constrained using % 256 in C:\Users\Pablo\Documents\GitHub\nine-screen-canvas-flow\vendor\phpseclib\phpseclib\phpseclib\Math\BigInteger\Engines\BCMath.php on line 157
[13-Mar-2026 13:26:05 UTC] PHP Deprecated:  chr(): Providing a value not in-between 0 and 255 is deprecated, this is because a byte value must be in the [0, 255] interval. The value used will be constrained using % 256 in C:\Users\Pablo\Documents\GitHub\nine-screen-canvas-flow\vendor\phpseclib\phpseclib\phpseclib\Math\BigInteger\Engines\BCMath.php on line 157
[13-Mar-2026 13:26:05 UTC] PHP Deprecated:  chr(): Providing a value not in-between 0 and 255 is deprecated, this is because a byte value must be in the [0, 255] interval. The value used will be constrained using % 256 in C:\Users\Pablo\Documents\GitHub\nine-screen-canvas-flow\vendor\phpseclib\phpseclib\phpseclib\Math\BigInteger\Engines\BCMath.php on line 157
[13-Mar-2026 13:26:05 UTC] PHP Deprecated:  chr(): Providing a value not in-between 0 and 255 is deprecated, this is because a byte value must be in the [0, 255] interval. The value used will be constrained using % 256 in C:\Users\Pablo\Documents\GitHub\nine-screen-canvas-flow\vendor\phpseclib\phpseclib\phpseclib\Math\BigInteger\Engines\BCMath.php on line 157
[13-Mar-2026 13:26:05 UTC] PHP Deprecated:  chr(): Providing a value not in-between 0 and 255 is deprecated, this is because a byte value must be in the [0, 255] interval. The value used will be constrained using % 256 in C:\Users\Pablo\Documents\GitHub\nine-screen-canvas-flow\vendor\phpseclib\phpseclib\phpseclib\Math\BigInteger\Engines\BCMath.php on line 157
[13-Mar-2026 13:26:05 UTC] PHP Deprecated:  chr(): Providing a value not in-between 0 and 255 is deprecated, this is because a byte value must be in the [0, 255] interval. The value used will be constrained using % 256 in C:\Users\Pablo\Documents\GitHub\nine-screen-canvas-flow\vendor\phpseclib\phpseclib\phpseclib\Math\BigInteger\Engines\BCMath.php on line 157
[13-Mar-2026 13:26:05 UTC] PHP Deprecated:  chr(): Providing a value not in-between 0 and 255 is deprecated, this is because a byte value must be in the [0, 255] interval. The value used will be constrained using % 256 in C:\Users\Pablo\Documents\GitHub\nine-screen-canvas-flow\vendor\phpseclib\phpseclib\phpseclib\Math\BigInteger\Engines\BCMath.php on line 157
[13-Mar-2026 13:26:05 UTC] PHP Deprecated:  chr(): Providing a value not in-between 0 and 255 is deprecated, this is because a byte value must be in the [0, 255] interval. The value used will be constrained using % 256 in C:\Users\Pablo\Documents\GitHub\nine-screen-canvas-flow\vendor\phpseclib\phpseclib\phpseclib\Math\BigInteger\Engines\BCMath.php on line 157
[13-Mar-2026 13:26:05 UTC] PHP Deprecated:  chr(): Providing a value not in-between 0 and 255 is deprecated, this is because a byte value must be in the [0, 255] interval. The value used will be constrained using % 256 in C:\Users\Pablo\Documents\GitHub\nine-screen-canvas-flow\vendor\phpseclib\phpseclib\phpseclib\Math\BigInteger\Engines\BCMath.php on line 157
[13-Mar-2026 13:26:05 UTC] PHP Deprecated:  chr(): Providing a value not in-between 0 and 255 is deprecated, this is because a byte value must be in the [0, 255] interval. The value used will be constrained using % 256 in C:\Users\Pablo\Documents\GitHub\nine-screen-canvas-flow\vendor\phpseclib\phpseclib\phpseclib\Math\BigInteger\Engines\BCMath.php on line 157
[13-Mar-2026 13:26:05 UTC] PHP Deprecated:  chr(): Providing a value not in-between 0 and 255 is deprecated, this is because a byte value must be in the [0, 255] interval. The value used will be constrained using % 256 in C:\Users\Pablo\Documents\GitHub\nine-screen-canvas-flow\vendor\phpseclib\phpseclib\phpseclib\Math\BigInteger\Engines\BCMath.php on line 157
[13-Mar-2026 13:26:05 UTC] PHP Deprecated:  chr(): Providing a value not in-between 0 and 255 is deprecated, this is because a byte value must be in the [0, 255] interval. The value used will be constrained using % 256 in C:\Users\Pablo\Documents\GitHub\nine-screen-canvas-flow\vendor\phpseclib\phpseclib\phpseclib\Math\BigInteger\Engines\BCMath.php on line 157
[13-Mar-2026 13:26:05 UTC] PHP Deprecated:  chr(): Providing a value not in-between 0 and 255 is deprecated, this is because a byte value must be in the [0, 255] interval. The value used will be constrained using % 256 in C:\Users\Pablo\Documents\GitHub\nine-screen-canvas-flow\vendor\phpseclib\phpseclib\phpseclib\Math\BigInteger\Engines\BCMath.php on line 157
[13-Mar-2026 13:26:05 UTC] PHP Deprecated:  chr(): Providing a value not in-between 0 and 255 is deprecated, this is because a byte value must be in the [0, 255] interval. The value used will be constrained using % 256 in C:\Users\Pablo\Documents\GitHub\nine-screen-canvas-flow\vendor\phpseclib\phpseclib\phpseclib\Math\BigInteger\Engines\BCMath.php on line 157
[13-Mar-2026 13:26:05 UTC] PHP Deprecated:  chr(): Providing a value not in-between 0 and 255 is deprecated, this is because a byte value must be in the [0, 255] interval. The value used will be constrained using % 256 in C:\Users\Pablo\Documents\GitHub\nine-screen-canvas-flow\vendor\phpseclib\phpseclib\phpseclib\Math\BigInteger\Engines\BCMath.php on line 157
[13-Mar-2026 13:26:05 UTC] PHP Deprecated:  chr(): Providing a value not in-between 0 and 255 is deprecated, this is because a byte value must be in the [0, 255] interval. The value used will be constrained using % 256 in C:\Users\Pablo\Documents\GitHub\nine-screen-canvas-flow\vendor\phpseclib\phpseclib\phpseclib\Math\BigInteger\Engines\BCMath.php on line 157
[13-Mar-2026 13:26:05 UTC] PHP Deprecated:  chr(): Providing a value not in-between 0 and 255 is deprecated, this is because a byte value must be in the [0, 255] interval. The value used will be constrained using % 256 in C:\Users\Pablo\Documents\GitHub\nine-screen-canvas-flow\vendor\phpseclib\phpseclib\phpseclib\Math\BigInteger\Engines\BCMath.php on line 157
[13-Mar-2026 13:26:05 UTC] PHP Deprecated:  chr(): Providing a value not in-between 0 and 255 is deprecated, this is because a byte value must be in the [0, 255] interval. The value used will be constrained using % 256 in C:\Users\Pablo\Documents\GitHub\nine-screen-canvas-flow\vendor\phpseclib\phpseclib\phpseclib\Math\BigInteger\Engines\BCMath.php on line 157
[13-Mar-2026 13:26:05 UTC] PHP Deprecated:  chr(): Providing a value not in-between 0 and 255 is deprecated, this is because a byte value must be in the [0, 255] interval. The value used will be constrained using % 256 in C:\Users\Pablo\Documents\GitHub\nine-screen-canvas-flow\vendor\phpseclib\phpseclib\phpseclib\Math\BigInteger\Engines\BCMath.php on line 157
[13-Mar-2026 13:26:05 UTC] PHP Deprecated:  chr(): Providing a value not in-between 0 and 255 is deprecated, this is because a byte value must be in the [0, 255] interval. The value used will be constrained using % 256 in C:\Users\Pablo\Documents\GitHub\nine-screen-canvas-flow\vendor\phpseclib\phpseclib\phpseclib\Math\BigInteger\Engines\BCMath.php on line 157
[13-Mar-2026 13:26:05 UTC] PHP Deprecated:  chr(): Providing a value not in-between 0 and 255 is deprecated, this is because a byte value must be in the [0, 255] interval. The value used will be constrained using % 256 in C:\Users\Pablo\Documents\GitHub\nine-screen-canvas-flow\vendor\phpseclib\phpseclib\phpseclib\Math\BigInteger\Engines\BCMath.php on line 157
[13-Mar-2026 13:26:05 UTC] PHP Deprecated:  chr(): Providing a value not in-between 0 and 255 is deprecated, this is because a byte value must be in the [0, 255] interval. The value used will be constrained using % 256 in C:\Users\Pablo\Documents\GitHub\nine-screen-canvas-flow\vendor\phpseclib\phpseclib\phpseclib\Math\BigInteger\Engines\BCMath.php on line 157
[13-Mar-2026 13:26:05 UTC] PHP Deprecated:  chr(): Providing a value not in-between 0 and 255 is deprecated, this is because a byte value must be in the [0, 255] interval. The value used will be constrained using % 256 in C:\Users\Pablo\Documents\GitHub\nine-screen-canvas-flow\vendor\phpseclib\phpseclib\phpseclib\Math\BigInteger\Engines\BCMath.php on line 157
[13-Mar-2026 13:26:05 UTC] PHP Deprecated:  chr(): Providing a value not in-between 0 and 255 is deprecated, this is because a byte value must be in the [0, 255] interval. The value used will be constrained using % 256 in C:\Users\Pablo\Documents\GitHub\nine-screen-canvas-flow\vendor\phpseclib\phpseclib\phpseclib\Math\BigInteger\Engines\BCMath.php on line 157
[13-Mar-2026 13:26:05 UTC] PHP Deprecated:  chr(): Providing a value not in-between 0 and 255 is deprecated, this is because a byte value must be in the [0, 255] interval. The value used will be constrained using % 256 in C:\Users\Pablo\Documents\GitHub\nine-screen-canvas-flow\vendor\phpseclib\phpseclib\phpseclib\Math\BigInteger\Engines\BCMath.php on line 157
[13-Mar-2026 13:26:05 UTC] PHP Deprecated:  chr(): Providing a value not in-between 0 and 255 is deprecated, this is because a byte value must be in the [0, 255] interval. The value used will be constrained using % 256 in C:\Users\Pablo\Documents\GitHub\nine-screen-canvas-flow\vendor\phpseclib\phpseclib\phpseclib\Math\BigInteger\Engines\BCMath.php on line 157
[13-Mar-2026 13:26:05 UTC] PHP Deprecated:  chr(): Providing a value not in-between 0 and 255 is deprecated, this is because a byte value must be in the [0, 255] interval. The value used will be constrained using % 256 in C:\Users\Pablo\Documents\GitHub\nine-screen-canvas-flow\vendor\phpseclib\phpseclib\phpseclib\Math\BigInteger\Engines\BCMath.php on line 157
[13-Mar-2026 13:26:05 UTC] PHP Deprecated:  chr(): Providing a value not in-between 0 and 255 is deprecated, this is because a byte value must be in the [0, 255] interval. The value used will be constrained using % 256 in C:\Users\Pablo\Documents\GitHub\nine-screen-canvas-flow\vendor\phpseclib\phpseclib\phpseclib\Math\BigInteger\Engines\BCMath.php on line 157
[13-Mar-2026 13:26:05 UTC] PHP Deprecated:  chr(): Providing a value not in-between 0 and 255 is deprecated, this is because a byte value must be in the [0, 255] interval. The value used will be constrained using % 256 in C:\Users\Pablo\Documents\GitHub\nine-screen-canvas-flow\vendor\phpseclib\phpseclib\phpseclib\Math\BigInteger\Engines\BCMath.php on line 157
[13-Mar-2026 13:26:05 UTC] PHP Deprecated:  chr(): Providing a value not in-between 0 and 255 is deprecated, this is because a byte value must be in the [0, 255] interval. The value used will be constrained using % 256 in C:\Users\Pablo\Documents\GitHub\nine-screen-canvas-flow\vendor\phpseclib\phpseclib\phpseclib\Math\BigInteger\Engines\BCMath.php on line 157
[13-Mar-2026 13:26:05 UTC] PHP Deprecated:  chr(): Providing a value not in-between 0 and 255 is deprecated, this is because a byte value must be in the [0, 255] interval. The value used will be constrained using % 256 in C:\Users\Pablo\Documents\GitHub\nine-screen-canvas-flow\vendor\phpseclib\phpseclib\phpseclib\Math\BigInteger\Engines\BCMath.php on line 157
[13-Mar-2026 13:26:05 UTC] PHP Deprecated:  chr(): Providing a value not in-between 0 and 255 is deprecated, this is because a byte value must be in the [0, 255] interval. The value used will be constrained using % 256 in C:\Users\Pablo\Documents\GitHub\nine-screen-canvas-flow\vendor\phpseclib\phpseclib\phpseclib\Math\BigInteger\Engines\BCMath.php on line 157
[13-Mar-2026 13:26:05 UTC] PHP Deprecated:  chr(): Providing a value not in-between 0 and 255 is deprecated, this is because a byte value must be in the [0, 255] interval. The value used will be constrained using % 256 in C:\Users\Pablo\Documents\GitHub\nine-screen-canvas-flow\vendor\phpseclib\phpseclib\phpseclib\Math\BigInteger\Engines\BCMath.php on line 157
[13-Mar-2026 13:26:05 UTC] PHP Deprecated:  chr(): Providing a value not in-between 0 and 255 is deprecated, this is because a byte value must be in the [0, 255] interval. The value used will be constrained using % 256 in C:\Users\Pablo\Documents\GitHub\nine-screen-canvas-flow\vendor\phpseclib\phpseclib\phpseclib\Math\BigInteger\Engines\BCMath.php on line 157
[13-Mar-2026 13:26:05 UTC] PHP Deprecated:  chr(): Providing a value not in-between 0 and 255 is deprecated, this is because a byte value must be in the [0, 255] interval. The value used will be constrained using % 256 in C:\Users\Pablo\Documents\GitHub\nine-screen-canvas-flow\vendor\phpseclib\phpseclib\phpseclib\Math\BigInteger\Engines\BCMath.php on line 157
[13-Mar-2026 13:26:05 UTC] PHP Deprecated:  chr(): Providing a value not in-between 0 and 255 is deprecated, this is because a byte value must be in the [0, 255] interval. The value used will be constrained using % 256 in C:\Users\Pablo\Documents\GitHub\nine-screen-canvas-flow\vendor\phpseclib\phpseclib\phpseclib\Math\BigInteger\Engines\BCMath.php on line 157
[13-Mar-2026 13:26:05 UTC] PHP Deprecated:  chr(): Providing a value not in-between 0 and 255 is deprecated, this is because a byte value must be in the [0, 255] interval. The value used will be constrained using % 256 in C:\Users\Pablo\Documents\GitHub\nine-screen-canvas-flow\vendor\phpseclib\phpseclib\phpseclib\Math\BigInteger\Engines\BCMath.php on line 157
[13-Mar-2026 13:26:05 UTC] PHP Deprecated:  chr(): Providing a value not in-between 0 and 255 is deprecated, this is because a byte value must be in the [0, 255] interval. The value used will be constrained using % 256 in C:\Users\Pablo\Documents\GitHub\nine-screen-canvas-flow\vendor\phpseclib\phpseclib\phpseclib\Math\BigInteger\Engines\BCMath.php on line 157
[13-Mar-2026 13:26:05 UTC] PHP Deprecated:  chr(): Providing a value not in-between 0 and 255 is deprecated, this is because a byte value must be in the [0, 255] interval. The value used will be constrained using % 256 in C:\Users\Pablo\Documents\GitHub\nine-screen-canvas-flow\vendor\phpseclib\phpseclib\phpseclib\Math\BigInteger\Engines\BCMath.php on line 157
[13-Mar-2026 13:26:05 UTC] PHP Deprecated:  chr(): Providing a value not in-between 0 and 255 is deprecated, this is because a byte value must be in the [0, 255] interval. The value used will be constrained using % 256 in C:\Users\Pablo\Documents\GitHub\nine-screen-canvas-flow\vendor\phpseclib\phpseclib\phpseclib\Math\BigInteger\Engines\BCMath.php on line 157
[13-Mar-2026 13:26:05 UTC] PHP Deprecated:  chr(): Providing a value not in-between 0 and 255 is deprecated, this is because a byte value must be in the [0, 255] interval. The value used will be constrained using % 256 in C:\Users\Pablo\Documents\GitHub\nine-screen-canvas-flow\vendor\phpseclib\phpseclib\phpseclib\Math\BigInteger\Engines\BCMath.php on line 157
[13-Mar-2026 13:26:05 UTC] PHP Deprecated:  chr(): Providing a value not in-between 0 and 255 is deprecated, this is because a byte value must be in the [0, 255] interval. The value used will be constrained using % 256 in C:\Users\Pablo\Documents\GitHub\nine-screen-canvas-flow\vendor\phpseclib\phpseclib\phpseclib\Math\BigInteger\Engines\BCMath.php on line 157
[13-Mar-2026 13:26:05 UTC] PHP Deprecated:  chr(): Providing a value not in-between 0 and 255 is deprecated, this is because a byte value must be in the [0, 255] interval. The value used will be constrained using % 256 in C:\Users\Pablo\Documents\GitHub\nine-screen-canvas-flow\vendor\phpseclib\phpseclib\phpseclib\Math\BigInteger\Engines\BCMath.php on line 157
[13-Mar-2026 13:26:05 UTC] PHP Deprecated:  chr(): Providing a value not in-between 0 and 255 is deprecated, this is because a byte value must be in the [0, 255] interval. The value used will be constrained using % 256 in C:\Users\Pablo\Documents\GitHub\nine-screen-canvas-flow\vendor\phpseclib\phpseclib\phpseclib\Math\BigInteger\Engines\BCMath.php on line 157
[13-Mar-2026 13:26:05 UTC] PHP Deprecated:  chr(): Providing a value not in-between 0 and 255 is deprecated, this is because a byte value must be in the [0, 255] interval. The value used will be constrained using % 256 in C:\Users\Pablo\Documents\GitHub\nine-screen-canvas-flow\vendor\phpseclib\phpseclib\phpseclib\Math\BigInteger\Engines\BCMath.php on line 157
[13-Mar-2026 13:26:05 UTC] PHP Deprecated:  chr(): Providing a value not in-between 0 and 255 is deprecated, this is because a byte value must be in the [0, 255] interval. The value used will be constrained using % 256 in C:\Users\Pablo\Documents\GitHub\nine-screen-canvas-flow\vendor\phpseclib\phpseclib\phpseclib\Math\BigInteger\Engines\BCMath.php on line 157
[13-Mar-2026 13:26:05 UTC] PHP Deprecated:  chr(): Providing a value not in-between 0 and 255 is deprecated, this is because a byte value must be in the [0, 255] interval. The value used will be constrained using % 256 in C:\Users\Pablo\Documents\GitHub\nine-screen-canvas-flow\vendor\phpseclib\phpseclib\phpseclib\Math\BigInteger\Engines\BCMath.php on line 157
[13-Mar-2026 13:26:05 UTC] PHP Deprecated:  chr(): Providing a value not in-between 0 and 255 is deprecated, this is because a byte value must be in the [0, 255] interval. The value used will be constrained using % 256 in C:\Users\Pablo\Documents\GitHub\nine-screen-canvas-flow\vendor\phpseclib\phpseclib\phpseclib\Math\BigInteger\Engines\BCMath.php on line 157
[13-Mar-2026 13:26:05 UTC] PHP Deprecated:  chr(): Providing a value not in-between 0 and 255 is deprecated, this is because a byte value must be in the [0, 255] interval. The value used will be constrained using % 256 in C:\Users\Pablo\Documents\GitHub\nine-screen-canvas-flow\vendor\phpseclib\phpseclib\phpseclib\Math\BigInteger\Engines\BCMath.php on line 157
[13-Mar-2026 13:26:05 UTC] PHP Deprecated:  chr(): Providing a value not in-between 0 and 255 is deprecated, this is because a byte value must be in the [0, 255] interval. The value used will be constrained using % 256 in C:\Users\Pablo\Documents\GitHub\nine-screen-canvas-flow\vendor\phpseclib\phpseclib\phpseclib\Math\BigInteger\Engines\BCMath.php on line 157
[13-Mar-2026 13:26:05 UTC] PHP Deprecated:  chr(): Providing a value not in-between 0 and 255 is deprecated, this is because a byte value must be in the [0, 255] interval. The value used will be constrained using % 256 in C:\Users\Pablo\Documents\GitHub\nine-screen-canvas-flow\vendor\phpseclib\phpseclib\phpseclib\Math\BigInteger\Engines\BCMath.php on line 157
[13-Mar-2026 13:26:05 UTC] PHP Deprecated:  chr(): Providing a value not in-between 0 and 255 is deprecated, this is because a byte value must be in the [0, 255] interval. The value used will be constrained using % 256 in C:\Users\Pablo\Documents\GitHub\nine-screen-canvas-flow\vendor\phpseclib\phpseclib\phpseclib\Math\BigInteger\Engines\BCMath.php on line 157
[13-Mar-2026 13:26:05 UTC] PHP Deprecated:  chr(): Providing a value not in-between 0 and 255 is deprecated, this is because a byte value must be in the [0, 255] interval. The value used will be constrained using % 256 in C:\Users\Pablo\Documents\GitHub\nine-screen-canvas-flow\vendor\phpseclib\phpseclib\phpseclib\Math\BigInteger\Engines\BCMath.php on line 157
[13-Mar-2026 13:26:05 UTC] PHP Deprecated:  chr(): Providing a value not in-between 0 and 255 is deprecated, this is because a byte value must be in the [0, 255] interval. The value used will be constrained using % 256 in C:\Users\Pablo\Documents\GitHub\nine-screen-canvas-flow\vendor\phpseclib\phpseclib\phpseclib\Math\BigInteger\Engines\BCMath.php on line 157
[13-Mar-2026 13:26:05 UTC] PHP Deprecated:  chr(): Providing a value not in-between 0 and 255 is deprecated, this is because a byte value must be in the [0, 255] interval. The value used will be constrained using % 256 in C:\Users\Pablo\Documents\GitHub\nine-screen-canvas-flow\vendor\phpseclib\phpseclib\phpseclib\Math\BigInteger\Engines\BCMath.php on line 157
[13-Mar-2026 13:26:05 UTC] PHP Deprecated:  chr(): Providing a value not in-between 0 and 255 is deprecated, this is because a byte value must be in the [0, 255] interval. The value used will be constrained using % 256 in C:\Users\Pablo\Documents\GitHub\nine-screen-canvas-flow\vendor\phpseclib\phpseclib\phpseclib\Math\BigInteger\Engines\BCMath.php on line 157
[13-Mar-2026 13:26:05 UTC] PHP Deprecated:  chr(): Providing a value not in-between 0 and 255 is deprecated, this is because a byte value must be in the [0, 255] interval. The value used will be constrained using % 256 in C:\Users\Pablo\Documents\GitHub\nine-screen-canvas-flow\vendor\phpseclib\phpseclib\phpseclib\Math\BigInteger\Engines\BCMath.php on line 157
[13-Mar-2026 13:26:05 UTC] PHP Deprecated:  chr(): Providing a value not in-between 0 and 255 is deprecated, this is because a byte value must be in the [0, 255] interval. The value used will be constrained using % 256 in C:\Users\Pablo\Documents\GitHub\nine-screen-canvas-flow\vendor\phpseclib\phpseclib\phpseclib\Math\BigInteger\Engines\BCMath.php on line 157
[13-Mar-2026 13:26:05 UTC] PHP Deprecated:  chr(): Providing a value not in-between 0 and 255 is deprecated, this is because a byte value must be in the [0, 255] interval. The value used will be constrained using % 256 in C:\Users\Pablo\Documents\GitHub\nine-screen-canvas-flow\vendor\phpseclib\phpseclib\phpseclib\Math\BigInteger\Engines\BCMath.php on line 157
[13-Mar-2026 13:26:05 UTC] PHP Deprecated:  chr(): Providing a value not in-between 0 and 255 is deprecated, this is because a byte value must be in the [0, 255] interval. The value used will be constrained using % 256 in C:\Users\Pablo\Documents\GitHub\nine-screen-canvas-flow\vendor\phpseclib\phpseclib\phpseclib\Math\BigInteger\Engines\BCMath.php on line 157
[13-Mar-2026 13:26:05 UTC] PHP Deprecated:  chr(): Providing a value not in-between 0 and 255 is deprecated, this is because a byte value must be in the [0, 255] interval. The value used will be constrained using % 256 in C:\Users\Pablo\Documents\GitHub\nine-screen-canvas-flow\vendor\phpseclib\phpseclib\phpseclib\Math\BigInteger\Engines\BCMath.php on line 157
[13-Mar-2026 13:26:05 UTC] PHP Deprecated:  chr(): Providing a value not in-between 0 and 255 is deprecated, this is because a byte value must be in the [0, 255] interval. The value used will be constrained using % 256 in C:\Users\Pablo\Documents\GitHub\nine-screen-canvas-flow\vendor\phpseclib\phpseclib\phpseclib\Math\BigInteger\Engines\BCMath.php on line 157
[13-Mar-2026 13:26:05 UTC] PHP Deprecated:  chr(): Providing a value not in-between 0 and 255 is deprecated, this is because a byte value must be in the [0, 255] interval. The value used will be constrained using % 256 in C:\Users\Pablo\Documents\GitHub\nine-screen-canvas-flow\vendor\phpseclib\phpseclib\phpseclib\Math\BigInteger\Engines\BCMath.php on line 157
[13-Mar-2026 13:26:05 UTC] PHP Deprecated:  chr(): Providing a value not in-between 0 and 255 is deprecated, this is because a byte value must be in the [0, 255] interval. The value used will be constrained using % 256 in C:\Users\Pablo\Documents\GitHub\nine-screen-canvas-flow\vendor\phpseclib\phpseclib\phpseclib\Math\BigInteger\Engines\BCMath.php on line 157
[13-Mar-2026 13:26:05 UTC] PHP Deprecated:  chr(): Providing a value not in-between 0 and 255 is deprecated, this is because a byte value must be in the [0, 255] interval. The value used will be constrained using % 256 in C:\Users\Pablo\Documents\GitHub\nine-screen-canvas-flow\vendor\phpseclib\phpseclib\phpseclib\Math\BigInteger\Engines\BCMath.php on line 157
[13-Mar-2026 13:26:05 UTC] PHP Deprecated:  chr(): Providing a value not in-between 0 and 255 is deprecated, this is because a byte value must be in the [0, 255] interval. The value used will be constrained using % 256 in C:\Users\Pablo\Documents\GitHub\nine-screen-canvas-flow\vendor\phpseclib\phpseclib\phpseclib\Math\BigInteger\Engines\BCMath.php on line 157
[13-Mar-2026 13:26:05 UTC] PHP Deprecated:  chr(): Providing a value not in-between 0 and 255 is deprecated, this is because a byte value must be in the [0, 255] interval. The value used will be constrained using % 256 in C:\Users\Pablo\Documents\GitHub\nine-screen-canvas-flow\vendor\phpseclib\phpseclib\phpseclib\Math\BigInteger\Engines\BCMath.php on line 157
[13-Mar-2026 13:26:05 UTC] PHP Deprecated:  chr(): Providing a value not in-between 0 and 255 is deprecated, this is because a byte value must be in the [0, 255] interval. The value used will be constrained using % 256 in C:\Users\Pablo\Documents\GitHub\nine-screen-canvas-flow\vendor\phpseclib\phpseclib\phpseclib\Math\BigInteger\Engines\BCMath.php on line 157
[13-Mar-2026 13:26:05 UTC] PHP Deprecated:  chr(): Providing a value not in-between 0 and 255 is deprecated, this is because a byte value must be in the [0, 255] interval. The value used will be constrained using % 256 in C:\Users\Pablo\Documents\GitHub\nine-screen-canvas-flow\vendor\phpseclib\phpseclib\phpseclib\Math\BigInteger\Engines\BCMath.php on line 157
[13-Mar-2026 13:26:05 UTC] PHP Deprecated:  chr(): Providing a value not in-between 0 and 255 is deprecated, this is because a byte value must be in the [0, 255] interval. The value used will be constrained using % 256 in C:\Users\Pablo\Documents\GitHub\nine-screen-canvas-flow\vendor\phpseclib\phpseclib\phpseclib\Math\BigInteger\Engines\BCMath.php on line 157
[13-Mar-2026 13:26:05 UTC] PHP Deprecated:  chr(): Providing a value not in-between 0 and 255 is deprecated, this is because a byte value must be in the [0, 255] interval. The value used will be constrained using % 256 in C:\Users\Pablo\Documents\GitHub\nine-screen-canvas-flow\vendor\phpseclib\phpseclib\phpseclib\Math\BigInteger\Engines\BCMath.php on line 157
[13-Mar-2026 13:26:05 UTC] PHP Deprecated:  chr(): Providing a value not in-between 0 and 255 is deprecated, this is because a byte value must be in the [0, 255] interval. The value used will be constrained using % 256 in C:\Users\Pablo\Documents\GitHub\nine-screen-canvas-flow\vendor\phpseclib\phpseclib\phpseclib\Math\BigInteger\Engines\BCMath.php on line 157
[13-Mar-2026 13:26:05 UTC] PHP Deprecated:  chr(): Providing a value not in-between 0 and 255 is deprecated, this is because a byte value must be in the [0, 255] interval. The value used will be constrained using % 256 in C:\Users\Pablo\Documents\GitHub\nine-screen-canvas-flow\vendor\phpseclib\phpseclib\phpseclib\Math\BigInteger\Engines\BCMath.php on line 157
[13-Mar-2026 13:26:05 UTC] PHP Deprecated:  chr(): Providing a value not in-between 0 and 255 is deprecated, this is because a byte value must be in the [0, 255] interval. The value used will be constrained using % 256 in C:\Users\Pablo\Documents\GitHub\nine-screen-canvas-flow\vendor\phpseclib\phpseclib\phpseclib\Math\BigInteger\Engines\BCMath.php on line 157
[13-Mar-2026 13:26:05 UTC] PHP Deprecated:  chr(): Providing a value not in-between 0 and 255 is deprecated, this is because a byte value must be in the [0, 255] interval. The value used will be constrained using % 256 in C:\Users\Pablo\Documents\GitHub\nine-screen-canvas-flow\vendor\phpseclib\phpseclib\phpseclib\Math\BigInteger\Engines\BCMath.php on line 157
[13-Mar-2026 13:26:05 UTC] PHP Deprecated:  chr(): Providing a value not in-between 0 and 255 is deprecated, this is because a byte value must be in the [0, 255] interval. The value used will be constrained using % 256 in C:\Users\Pablo\Documents\GitHub\nine-screen-canvas-flow\vendor\phpseclib\phpseclib\phpseclib\Math\BigInteger\Engines\BCMath.php on line 157
[13-Mar-2026 13:26:05 UTC] PHP Deprecated:  chr(): Providing a value not in-between 0 and 255 is deprecated, this is because a byte value must be in the [0, 255] interval. The value used will be constrained using % 256 in C:\Users\Pablo\Documents\GitHub\nine-screen-canvas-flow\vendor\phpseclib\phpseclib\phpseclib\Math\BigInteger\Engines\BCMath.php on line 157
[13-Mar-2026 13:26:05 UTC] PHP Deprecated:  chr(): Providing a value not in-between 0 and 255 is deprecated, this is because a byte value must be in the [0, 255] interval. The value used will be constrained using % 256 in C:\Users\Pablo\Documents\GitHub\nine-screen-canvas-flow\vendor\phpseclib\phpseclib\phpseclib\Math\BigInteger\Engines\BCMath.php on line 157
[13-Mar-2026 13:26:05 UTC] PHP Deprecated:  chr(): Providing a value not in-between 0 and 255 is deprecated, this is because a byte value must be in the [0, 255] interval. The value used will be constrained using % 256 in C:\Users\Pablo\Documents\GitHub\nine-screen-canvas-flow\vendor\phpseclib\phpseclib\phpseclib\Math\BigInteger\Engines\BCMath.php on line 157
[13-Mar-2026 13:26:05 UTC] PHP Deprecated:  chr(): Providing a value not in-between 0 and 255 is deprecated, this is because a byte value must be in the [0, 255] interval. The value used will be constrained using % 256 in C:\Users\Pablo\Documents\GitHub\nine-screen-canvas-flow\vendor\phpseclib\phpseclib\phpseclib\Math\BigInteger\Engines\BCMath.php on line 157
[13-Mar-2026 13:26:05 UTC] PHP Deprecated:  chr(): Providing a value not in-between 0 and 255 is deprecated, this is because a byte value must be in the [0, 255] interval. The value used will be constrained using % 256 in C:\Users\Pablo\Documents\GitHub\nine-screen-canvas-flow\vendor\phpseclib\phpseclib\phpseclib\Math\BigInteger\Engines\BCMath.php on line 157
[13-Mar-2026 13:26:05 UTC] PHP Deprecated:  chr(): Providing a value not in-between 0 and 255 is deprecated, this is because a byte value must be in the [0, 255] interval. The value used will be constrained using % 256 in C:\Users\Pablo\Documents\GitHub\nine-screen-canvas-flow\vendor\phpseclib\phpseclib\phpseclib\Math\BigInteger\Engines\BCMath.php on line 157
[13-Mar-2026 13:26:05 UTC] PHP Deprecated:  chr(): Providing a value not in-between 0 and 255 is deprecated, this is because a byte value must be in the [0, 255] interval. The value used will be constrained using % 256 in C:\Users\Pablo\Documents\GitHub\nine-screen-canvas-flow\vendor\phpseclib\phpseclib\phpseclib\Math\BigInteger\Engines\BCMath.php on line 157
[13-Mar-2026 13:26:05 UTC] PHP Deprecated:  chr(): Providing a value not in-between 0 and 255 is deprecated, this is because a byte value must be in the [0, 255] interval. The value used will be constrained using % 256 in C:\Users\Pablo\Documents\GitHub\nine-screen-canvas-flow\vendor\phpseclib\phpseclib\phpseclib\Math\BigInteger\Engines\BCMath.php on line 157
[13-Mar-2026 13:26:05 UTC] PHP Deprecated:  chr(): Providing a value not in-between 0 and 255 is deprecated, this is because a byte value must be in the [0, 255] interval. The value used will be constrained using % 256 in C:\Users\Pablo\Documents\GitHub\nine-screen-canvas-flow\vendor\phpseclib\phpseclib\phpseclib\Math\BigInteger\Engines\BCMath.php on line 157
[13-Mar-2026 13:26:05 UTC] PHP Deprecated:  chr(): Providing a value not in-between 0 and 255 is deprecated, this is because a byte value must be in the [0, 255] interval. The value used will be constrained using % 256 in C:\Users\Pablo\Documents\GitHub\nine-screen-canvas-flow\vendor\phpseclib\phpseclib\phpseclib\Math\BigInteger\Engines\BCMath.php on line 157
[13-Mar-2026 13:26:05 UTC] PHP Deprecated:  chr(): Providing a value not in-between 0 and 255 is deprecated, this is because a byte value must be in the [0, 255] interval. The value used will be constrained using % 256 in C:\Users\Pablo\Documents\GitHub\nine-screen-canvas-flow\vendor\phpseclib\phpseclib\phpseclib\Math\BigInteger\Engines\BCMath.php on line 157
[13-Mar-2026 13:26:05 UTC] PHP Deprecated:  chr(): Providing a value not in-between 0 and 255 is deprecated, this is because a byte value must be in the [0, 255] interval. The value used will be constrained using % 256 in C:\Users\Pablo\Documents\GitHub\nine-screen-canvas-flow\vendor\phpseclib\phpseclib\phpseclib\Math\BigInteger\Engines\BCMath.php on line 157
[13-Mar-2026 13:26:05 UTC] PHP Deprecated:  chr(): Providing a value not in-between 0 and 255 is deprecated, this is because a byte value must be in the [0, 255] interval. The value used will be constrained using % 256 in C:\Users\Pablo\Documents\GitHub\nine-screen-canvas-flow\vendor\phpseclib\phpseclib\phpseclib\Math\BigInteger\Engines\BCMath.php on line 157
[13-Mar-2026 13:26:05 UTC] PHP Deprecated:  chr(): Providing a value not in-between 0 and 255 is deprecated, this is because a byte value must be in the [0, 255] interval. The value used will be constrained using % 256 in C:\Users\Pablo\Documents\GitHub\nine-screen-canvas-flow\vendor\phpseclib\phpseclib\phpseclib\Math\BigInteger\Engines\BCMath.php on line 157
[13-Mar-2026 13:26:05 UTC] PHP Deprecated:  chr(): Providing a value not in-between 0 and 255 is deprecated, this is because a byte value must be in the [0, 255] interval. The value used will be constrained using % 256 in C:\Users\Pablo\Documents\GitHub\nine-screen-canvas-flow\vendor\phpseclib\phpseclib\phpseclib\Math\BigInteger\Engines\BCMath.php on line 157
[13-Mar-2026 13:26:05 UTC] PHP Deprecated:  chr(): Providing a value not in-between 0 and 255 is deprecated, this is because a byte value must be in the [0, 255] interval. The value used will be constrained using % 256 in C:\Users\Pablo\Documents\GitHub\nine-screen-canvas-flow\vendor\phpseclib\phpseclib\phpseclib\Math\BigInteger\Engines\BCMath.php on line 157
[13-Mar-2026 13:26:05 UTC] PHP Deprecated:  chr(): Providing a value not in-between 0 and 255 is deprecated, this is because a byte value must be in the [0, 255] interval. The value used will be constrained using % 256 in C:\Users\Pablo\Documents\GitHub\nine-screen-canvas-flow\vendor\phpseclib\phpseclib\phpseclib\Math\BigInteger\Engines\BCMath.php on line 157
[13-Mar-2026 13:26:05 UTC] PHP Deprecated:  chr(): Providing a value not in-between 0 and 255 is deprecated, this is because a byte value must be in the [0, 255] interval. The value used will be constrained using % 256 in C:\Users\Pablo\Documents\GitHub\nine-screen-canvas-flow\vendor\phpseclib\phpseclib\phpseclib\Math\BigInteger\Engines\BCMath.php on line 157
[13-Mar-2026 13:26:05 UTC] PHP Deprecated:  chr(): Providing a value not in-between 0 and 255 is deprecated, this is because a byte value must be in the [0, 255] interval. The value used will be constrained using % 256 in C:\Users\Pablo\Documents\GitHub\nine-screen-canvas-flow\vendor\phpseclib\phpseclib\phpseclib\Math\BigInteger\Engines\BCMath.php on line 157
[13-Mar-2026 13:26:05 UTC] PHP Deprecated:  chr(): Providing a value not in-between 0 and 255 is deprecated, this is because a byte value must be in the [0, 255] interval. The value used will be constrained using % 256 in C:\Users\Pablo\Documents\GitHub\nine-screen-canvas-flow\vendor\phpseclib\phpseclib\phpseclib\Math\BigInteger\Engines\BCMath.php on line 157
[13-Mar-2026 13:26:05 UTC] PHP Deprecated:  chr(): Providing a value not in-between 0 and 255 is deprecated, this is because a byte value must be in the [0, 255] interval. The value used will be constrained using % 256 in C:\Users\Pablo\Documents\GitHub\nine-screen-canvas-flow\vendor\phpseclib\phpseclib\phpseclib\Math\BigInteger\Engines\BCMath.php on line 157
[13-Mar-2026 13:26:05 UTC] PHP Deprecated:  chr(): Providing a value not in-between 0 and 255 is deprecated, this is because a byte value must be in the [0, 255] interval. The value used will be constrained using % 256 in C:\Users\Pablo\Documents\GitHub\nine-screen-canvas-flow\vendor\phpseclib\phpseclib\phpseclib\Math\BigInteger\Engines\BCMath.php on line 157
[13-Mar-2026 13:26:05 UTC] PHP Deprecated:  chr(): Providing a value not in-between 0 and 255 is deprecated, this is because a byte value must be in the [0, 255] interval. The value used will be constrained using % 256 in C:\Users\Pablo\Documents\GitHub\nine-screen-canvas-flow\vendor\phpseclib\phpseclib\phpseclib\Math\BigInteger\Engines\BCMath.php on line 157
[13-Mar-2026 13:26:05 UTC] PHP Deprecated:  chr(): Providing a value not in-between 0 and 255 is deprecated, this is because a byte value must be in the [0, 255] interval. The value used will be constrained using % 256 in C:\Users\Pablo\Documents\GitHub\nine-screen-canvas-flow\vendor\phpseclib\phpseclib\phpseclib\Math\BigInteger\Engines\BCMath.php on line 157
[13-Mar-2026 13:26:05 UTC] PHP Deprecated:  chr(): Providing a value not in-between 0 and 255 is deprecated, this is because a byte value must be in the [0, 255] interval. The value used will be constrained using % 256 in C:\Users\Pablo\Documents\GitHub\nine-screen-canvas-flow\vendor\phpseclib\phpseclib\phpseclib\Math\BigInteger\Engines\BCMath.php on line 157
[13-Mar-2026 13:26:05 UTC] PHP Deprecated:  chr(): Providing a value not in-between 0 and 255 is deprecated, this is because a byte value must be in the [0, 255] interval. The value used will be constrained using % 256 in C:\Users\Pablo\Documents\GitHub\nine-screen-canvas-flow\vendor\phpseclib\phpseclib\phpseclib\Math\BigInteger\Engines\BCMath.php on line 157
[13-Mar-2026 13:26:05 UTC] PHP Deprecated:  chr(): Providing a value not in-between 0 and 255 is deprecated, this is because a byte value must be in the [0, 255] interval. The value used will be constrained using % 256 in C:\Users\Pablo\Documents\GitHub\nine-screen-canvas-flow\vendor\phpseclib\phpseclib\phpseclib\Math\BigInteger\Engines\BCMath.php on line 157
[13-Mar-2026 13:26:05 UTC] PHP Deprecated:  chr(): Providing a value not in-between 0 and 255 is deprecated, this is because a byte value must be in the [0, 255] interval. The value used will be constrained using % 256 in C:\Users\Pablo\Documents\GitHub\nine-screen-canvas-flow\vendor\phpseclib\phpseclib\phpseclib\Math\BigInteger\Engines\BCMath.php on line 157
[13-Mar-2026 13:26:05 UTC] PHP Deprecated:  chr(): Providing a value not in-between 0 and 255 is deprecated, this is because a byte value must be in the [0, 255] interval. The value used will be constrained using % 256 in C:\Users\Pablo\Documents\GitHub\nine-screen-canvas-flow\vendor\phpseclib\phpseclib\phpseclib\Math\BigInteger\Engines\BCMath.php on line 157
[13-Mar-2026 13:26:05 UTC] PHP Deprecated:  chr(): Providing a value not in-between 0 and 255 is deprecated, this is because a byte value must be in the [0, 255] interval. The value used will be constrained using % 256 in C:\Users\Pablo\Documents\GitHub\nine-screen-canvas-flow\vendor\phpseclib\phpseclib\phpseclib\Math\BigInteger\Engines\BCMath.php on line 157
[13-Mar-2026 13:26:05 UTC] PHP Deprecated:  chr(): Providing a value not in-between 0 and 255 is deprecated, this is because a byte value must be in the [0, 255] interval. The value used will be constrained using % 256 in C:\Users\Pablo\Documents\GitHub\nine-screen-canvas-flow\vendor\phpseclib\phpseclib\phpseclib\Math\BigInteger\Engines\BCMath.php on line 157
[13-Mar-2026 13:26:05 UTC] PHP Deprecated:  chr(): Providing a value not in-between 0 and 255 is deprecated, this is because a byte value must be in the [0, 255] interval. The value used will be constrained using % 256 in C:\Users\Pablo\Documents\GitHub\nine-screen-canvas-flow\vendor\phpseclib\phpseclib\phpseclib\Math\BigInteger\Engines\BCMath.php on line 157
[13-Mar-2026 13:26:05 UTC] PHP Deprecated:  chr(): Providing a value not in-between 0 and 255 is deprecated, this is because a byte value must be in the [0, 255] interval. The value used will be constrained using % 256 in C:\Users\Pablo\Documents\GitHub\nine-screen-canvas-flow\vendor\phpseclib\phpseclib\phpseclib\Math\BigInteger\Engines\BCMath.php on line 157
[13-Mar-2026 13:26:05 UTC] PHP Deprecated:  chr(): Providing a value not in-between 0 and 255 is deprecated, this is because a byte value must be in the [0, 255] interval. The value used will be constrained using % 256 in C:\Users\Pablo\Documents\GitHub\nine-screen-canvas-flow\vendor\phpseclib\phpseclib\phpseclib\Math\BigInteger\Engines\BCMath.php on line 157
[13-Mar-2026 13:26:05 UTC] PHP Deprecated:  chr(): Providing a value not in-between 0 and 255 is deprecated, this is because a byte value must be in the [0, 255] interval. The value used will be constrained using % 256 in C:\Users\Pablo\Documents\GitHub\nine-screen-canvas-flow\vendor\phpseclib\phpseclib\phpseclib\Math\BigInteger\Engines\BCMath.php on line 157
[13-Mar-2026 13:26:05 UTC] PHP Deprecated:  chr(): Providing a value not in-between 0 and 255 is deprecated, this is because a byte value must be in the [0, 255] interval. The value used will be constrained using % 256 in C:\Users\Pablo\Documents\GitHub\nine-screen-canvas-flow\vendor\phpseclib\phpseclib\phpseclib\Math\BigInteger\Engines\BCMath.php on line 157
[13-Mar-2026 13:26:05 UTC] PHP Deprecated:  chr(): Providing a value not in-between 0 and 255 is deprecated, this is because a byte value must be in the [0, 255] interval. The value used will be constrained using % 256 in C:\Users\Pablo\Documents\GitHub\nine-screen-canvas-flow\vendor\phpseclib\phpseclib\phpseclib\Math\BigInteger\Engines\BCMath.php on line 157
[13-Mar-2026 13:26:05 UTC] PHP Deprecated:  chr(): Providing a value not in-between 0 and 255 is deprecated, this is because a byte value must be in the [0, 255] interval. The value used will be constrained using % 256 in C:\Users\Pablo\Documents\GitHub\nine-screen-canvas-flow\vendor\phpseclib\phpseclib\phpseclib\Math\BigInteger\Engines\BCMath.php on line 157
[13-Mar-2026 13:26:05 UTC] PHP Deprecated:  chr(): Providing a value not in-between 0 and 255 is deprecated, this is because a byte value must be in the [0, 255] interval. The value used will be constrained using % 256 in C:\Users\Pablo\Documents\GitHub\nine-screen-canvas-flow\vendor\phpseclib\phpseclib\phpseclib\Math\BigInteger\Engines\BCMath.php on line 157
[13-Mar-2026 13:26:05 UTC] PHP Deprecated:  chr(): Providing a value not in-between 0 and 255 is deprecated, this is because a byte value must be in the [0, 255] interval. The value used will be constrained using % 256 in C:\Users\Pablo\Documents\GitHub\nine-screen-canvas-flow\vendor\phpseclib\phpseclib\phpseclib\Math\BigInteger\Engines\BCMath.php on line 157
[13-Mar-2026 13:26:05 UTC] PHP Deprecated:  chr(): Providing a value not in-between 0 and 255 is deprecated, this is because a byte value must be in the [0, 255] interval. The value used will be constrained using % 256 in C:\Users\Pablo\Documents\GitHub\nine-screen-canvas-flow\vendor\phpseclib\phpseclib\phpseclib\Math\BigInteger\Engines\BCMath.php on line 157
[13-Mar-2026 13:26:05 UTC] PHP Deprecated:  chr(): Providing a value not in-between 0 and 255 is deprecated, this is because a byte value must be in the [0, 255] interval. The value used will be constrained using % 256 in C:\Users\Pablo\Documents\GitHub\nine-screen-canvas-flow\vendor\phpseclib\phpseclib\phpseclib\Math\BigInteger\Engines\BCMath.php on line 157
[13-Mar-2026 13:26:05 UTC] PHP Deprecated:  chr(): Providing a value not in-between 0 and 255 is deprecated, this is because a byte value must be in the [0, 255] interval. The value used will be constrained using % 256 in C:\Users\Pablo\Documents\GitHub\nine-screen-canvas-flow\vendor\phpseclib\phpseclib\phpseclib\Math\BigInteger\Engines\BCMath.php on line 157
[13-Mar-2026 13:26:05 UTC] PHP Deprecated:  chr(): Providing a value not in-between 0 and 255 is deprecated, this is because a byte value must be in the [0, 255] interval. The value used will be constrained using % 256 in C:\Users\Pablo\Documents\GitHub\nine-screen-canvas-flow\vendor\phpseclib\phpseclib\phpseclib\Math\BigInteger\Engines\BCMath.php on line 157
[13-Mar-2026 13:26:05 UTC] PHP Deprecated:  chr(): Providing a value not in-between 0 and 255 is deprecated, this is because a byte value must be in the [0, 255] interval. The value used will be constrained using % 256 in C:\Users\Pablo\Documents\GitHub\nine-screen-canvas-flow\vendor\phpseclib\phpseclib\phpseclib\Math\BigInteger\Engines\BCMath.php on line 157
[13-Mar-2026 13:26:05 UTC] PHP Deprecated:  chr(): Providing a value not in-between 0 and 255 is deprecated, this is because a byte value must be in the [0, 255] interval. The value used will be constrained using % 256 in C:\Users\Pablo\Documents\GitHub\nine-screen-canvas-flow\vendor\phpseclib\phpseclib\phpseclib\Math\BigInteger\Engines\BCMath.php on line 157
[13-Mar-2026 13:26:05 UTC] PHP Deprecated:  chr(): Providing a value not in-between 0 and 255 is deprecated, this is because a byte value must be in the [0, 255] interval. The value used will be constrained using % 256 in C:\Users\Pablo\Documents\GitHub\nine-screen-canvas-flow\vendor\phpseclib\phpseclib\phpseclib\Math\BigInteger\Engines\BCMath.php on line 157
[13-Mar-2026 13:26:05 UTC] PHP Deprecated:  chr(): Providing a value not in-between 0 and 255 is deprecated, this is because a byte value must be in the [0, 255] interval. The value used will be constrained using % 256 in C:\Users\Pablo\Documents\GitHub\nine-screen-canvas-flow\vendor\phpseclib\phpseclib\phpseclib\Math\BigInteger\Engines\BCMath.php on line 157
[13-Mar-2026 13:26:05 UTC] PHP Deprecated:  chr(): Providing a value not in-between 0 and 255 is deprecated, this is because a byte value must be in the [0, 255] interval. The value used will be constrained using % 256 in C:\Users\Pablo\Documents\GitHub\nine-screen-canvas-flow\vendor\phpseclib\phpseclib\phpseclib\Math\BigInteger\Engines\BCMath.php on line 157
[13-Mar-2026 13:26:05 UTC] PHP Deprecated:  chr(): Providing a value not in-between 0 and 255 is deprecated, this is because a byte value must be in the [0, 255] interval. The value used will be constrained using % 256 in C:\Users\Pablo\Documents\GitHub\nine-screen-canvas-flow\vendor\phpseclib\phpseclib\phpseclib\Math\BigInteger\Engines\BCMath.php on line 157
[13-Mar-2026 13:26:05 UTC] PHP Deprecated:  chr(): Providing a value not in-between 0 and 255 is deprecated, this is because a byte value must be in the [0, 255] interval. The value used will be constrained using % 256 in C:\Users\Pablo\Documents\GitHub\nine-screen-canvas-flow\vendor\phpseclib\phpseclib\phpseclib\Math\BigInteger\Engines\BCMath.php on line 157
[13-Mar-2026 13:26:05 UTC] PHP Deprecated:  chr(): Providing a value not in-between 0 and 255 is deprecated, this is because a byte value must be in the [0, 255] interval. The value used will be constrained using % 256 in C:\Users\Pablo\Documents\GitHub\nine-screen-canvas-flow\vendor\phpseclib\phpseclib\phpseclib\Math\BigInteger\Engines\BCMath.php on line 157
[13-Mar-2026 13:26:05 UTC] PHP Deprecated:  chr(): Providing a value not in-between 0 and 255 is deprecated, this is because a byte value must be in the [0, 255] interval. The value used will be constrained using % 256 in C:\Users\Pablo\Documents\GitHub\nine-screen-canvas-flow\vendor\phpseclib\phpseclib\phpseclib\Math\BigInteger\Engines\BCMath.php on line 157
[13-Mar-2026 13:26:05 UTC] PHP Deprecated:  chr(): Providing a value not in-between 0 and 255 is deprecated, this is because a byte value must be in the [0, 255] interval. The value used will be constrained using % 256 in C:\Users\Pablo\Documents\GitHub\nine-screen-canvas-flow\vendor\phpseclib\phpseclib\phpseclib\Math\BigInteger\Engines\BCMath.php on line 157
[13-Mar-2026 13:26:05 UTC] PHP Deprecated:  chr(): Providing a value not in-between 0 and 255 is deprecated, this is because a byte value must be in the [0, 255] interval. The value used will be constrained using % 256 in C:\Users\Pablo\Documents\GitHub\nine-screen-canvas-flow\vendor\phpseclib\phpseclib\phpseclib\Math\BigInteger\Engines\BCMath.php on line 157
[13-Mar-2026 13:26:05 UTC] PHP Deprecated:  chr(): Providing a value not in-between 0 and 255 is deprecated, this is because a byte value must be in the [0, 255] interval. The value used will be constrained using % 256 in C:\Users\Pablo\Documents\GitHub\nine-screen-canvas-flow\vendor\phpseclib\phpseclib\phpseclib\Math\BigInteger\Engines\BCMath.php on line 157
[13-Mar-2026 13:26:05 UTC] PHP Deprecated:  chr(): Providing a value not in-between 0 and 255 is deprecated, this is because a byte value must be in the [0, 255] interval. The value used will be constrained using % 256 in C:\Users\Pablo\Documents\GitHub\nine-screen-canvas-flow\vendor\phpseclib\phpseclib\phpseclib\Math\BigInteger\Engines\BCMath.php on line 157
[13-Mar-2026 13:26:05 UTC] PHP Deprecated:  chr(): Providing a value not in-between 0 and 255 is deprecated, this is because a byte value must be in the [0, 255] interval. The value used will be constrained using % 256 in C:\Users\Pablo\Documents\GitHub\nine-screen-canvas-flow\vendor\phpseclib\phpseclib\phpseclib\Math\BigInteger\Engines\BCMath.php on line 157
[13-Mar-2026 13:26:05 UTC] PHP Deprecated:  chr(): Providing a value not in-between 0 and 255 is deprecated, this is because a byte value must be in the [0, 255] interval. The value used will be constrained using % 256 in C:\Users\Pablo\Documents\GitHub\nine-screen-canvas-flow\vendor\phpseclib\phpseclib\phpseclib\Math\BigInteger\Engines\BCMath.php on line 157
[13-Mar-2026 13:26:05 UTC] PHP Deprecated:  chr(): Providing a value not in-between 0 and 255 is deprecated, this is because a byte value must be in the [0, 255] interval. The value used will be constrained using % 256 in C:\Users\Pablo\Documents\GitHub\nine-screen-canvas-flow\vendor\phpseclib\phpseclib\phpseclib\Math\BigInteger\Engines\BCMath.php on line 157
[13-Mar-2026 13:26:05 UTC] PHP Deprecated:  chr(): Providing a value not in-between 0 and 255 is deprecated, this is because a byte value must be in the [0, 255] interval. The value used will be constrained using % 256 in C:\Users\Pablo\Documents\GitHub\nine-screen-canvas-flow\vendor\phpseclib\phpseclib\phpseclib\Math\BigInteger\Engines\BCMath.php on line 157
[13-Mar-2026 13:26:05 UTC] PHP Deprecated:  chr(): Providing a value not in-between 0 and 255 is deprecated, this is because a byte value must be in the [0, 255] interval. The value used will be constrained using % 256 in C:\Users\Pablo\Documents\GitHub\nine-screen-canvas-flow\vendor\phpseclib\phpseclib\phpseclib\Math\BigInteger\Engines\BCMath.php on line 157
[13-Mar-2026 13:26:05 UTC] PHP Deprecated:  chr(): Providing a value not in-between 0 and 255 is deprecated, this is because a byte value must be in the [0, 255] interval. The value used will be constrained using % 256 in C:\Users\Pablo\Documents\GitHub\nine-screen-canvas-flow\vendor\phpseclib\phpseclib\phpseclib\Math\BigInteger\Engines\BCMath.php on line 157
[13-Mar-2026 13:26:05 UTC] PHP Deprecated:  chr(): Providing a value not in-between 0 and 255 is deprecated, this is because a byte value must be in the [0, 255] interval. The value used will be constrained using % 256 in C:\Users\Pablo\Documents\GitHub\nine-screen-canvas-flow\vendor\phpseclib\phpseclib\phpseclib\Math\BigInteger\Engines\BCMath.php on line 157
[13-Mar-2026 13:26:05 UTC] PHP Deprecated:  chr(): Providing a value not in-between 0 and 255 is deprecated, this is because a byte value must be in the [0, 255] interval. The value used will be constrained using % 256 in C:\Users\Pablo\Documents\GitHub\nine-screen-canvas-flow\vendor\phpseclib\phpseclib\phpseclib\Math\BigInteger\Engines\BCMath.php on line 157
[13-Mar-2026 13:26:05 UTC] PHP Deprecated:  chr(): Providing a value not in-between 0 and 255 is deprecated, this is because a byte value must be in the [0, 255] interval. The value used will be constrained using % 256 in C:\Users\Pablo\Documents\GitHub\nine-screen-canvas-flow\vendor\phpseclib\phpseclib\phpseclib\Math\BigInteger\Engines\BCMath.php on line 157
[13-Mar-2026 13:26:05 UTC] PHP Deprecated:  chr(): Providing a value not in-between 0 and 255 is deprecated, this is because a byte value must be in the [0, 255] interval. The value used will be constrained using % 256 in C:\Users\Pablo\Documents\GitHub\nine-screen-canvas-flow\vendor\phpseclib\phpseclib\phpseclib\Math\BigInteger\Engines\BCMath.php on line 157
[13-Mar-2026 13:26:05 UTC] PHP Deprecated:  chr(): Providing a value not in-between 0 and 255 is deprecated, this is because a byte value must be in the [0, 255] interval. The value used will be constrained using % 256 in C:\Users\Pablo\Documents\GitHub\nine-screen-canvas-flow\vendor\phpseclib\phpseclib\phpseclib\Math\BigInteger\Engines\BCMath.php on line 157
[13-Mar-2026 13:26:05 UTC] PHP Deprecated:  chr(): Providing a value not in-between 0 and 255 is deprecated, this is because a byte value must be in the [0, 255] interval. The value used will be constrained using % 256 in C:\Users\Pablo\Documents\GitHub\nine-screen-canvas-flow\vendor\phpseclib\phpseclib\phpseclib\Math\BigInteger\Engines\BCMath.php on line 157
[13-Mar-2026 13:26:05 UTC] PHP Deprecated:  chr(): Providing a value not in-between 0 and 255 is deprecated, this is because a byte value must be in the [0, 255] interval. The value used will be constrained using % 256 in C:\Users\Pablo\Documents\GitHub\nine-screen-canvas-flow\vendor\phpseclib\phpseclib\phpseclib\Math\BigInteger\Engines\BCMath.php on line 157
[13-Mar-2026 13:26:05 UTC] PHP Deprecated:  chr(): Providing a value not in-between 0 and 255 is deprecated, this is because a byte value must be in the [0, 255] interval. The value used will be constrained using % 256 in C:\Users\Pablo\Documents\GitHub\nine-screen-canvas-flow\vendor\phpseclib\phpseclib\phpseclib\Math\BigInteger\Engines\BCMath.php on line 157
[13-Mar-2026 13:26:05 UTC] PHP Deprecated:  chr(): Providing a value not in-between 0 and 255 is deprecated, this is because a byte value must be in the [0, 255] interval. The value used will be constrained using % 256 in C:\Users\Pablo\Documents\GitHub\nine-screen-canvas-flow\vendor\phpseclib\phpseclib\phpseclib\Math\BigInteger\Engines\BCMath.php on line 157
[13-Mar-2026 13:26:05 UTC] PHP Deprecated:  chr(): Providing a value not in-between 0 and 255 is deprecated, this is because a byte value must be in the [0, 255] interval. The value used will be constrained using % 256 in C:\Users\Pablo\Documents\GitHub\nine-screen-canvas-flow\vendor\phpseclib\phpseclib\phpseclib\Math\BigInteger\Engines\BCMath.php on line 157
[13-Mar-2026 13:26:05 UTC] PHP Deprecated:  chr(): Providing a value not in-between 0 and 255 is deprecated, this is because a byte value must be in the [0, 255] interval. The value used will be constrained using % 256 in C:\Users\Pablo\Documents\GitHub\nine-screen-canvas-flow\vendor\phpseclib\phpseclib\phpseclib\Math\BigInteger\Engines\BCMath.php on line 157
[13-Mar-2026 13:26:06 UTC] Purchases database connection failed: SQLSTATE[HY000] [1045] Access denied for user 'alvarotrigo_alvarotrigo'@'79.117.116.182' (using password: YES)
[13-Mar-2026 13:26:06 UTC] Attempted connection to: host=nocn.noc-n.com, dbname=alvarotrigo_alvarotrigo, user=alvarotrigo_alvarotrigo
[13-Mar-2026 13:26:06 UTC] Error checking user paid status: Purchases database connection failed: SQLSTATE[HY000] [1045] Access denied for user 'alvarotrigo_alvarotrigo'@'79.117.116.182' (using password: YES)
[13-Mar-2026 13:26:06 UTC] MySQL select query: SELECT * FROM `users` WHERE `email` = :where_email_0 AND `pro_status_source` = :where_pro_status_source_1
[13-Mar-2026 13:26:06 UTC] MySQL select params: {"where_email_0":"ptrigol@gmail.com","where_pro_status_source_1":"polar"}
[13-Mar-2026 13:26:06 UTC] MySQL select returned 0 rows
[13-Mar-2026 13:26:06 UTC] MySQL select query: SELECT * FROM `subscriptions` WHERE `customer_email` = :where_customer_email_0 AND `status` = :where_status_1
[13-Mar-2026 13:26:06 UTC] MySQL select params: {"where_customer_email_0":"ptrigol@gmail.com","where_status_1":"active"}
[13-Mar-2026 13:26:06 UTC] MySQL select returned 0 rows
[13-Mar-2026 13:26:06 UTC] syncClerkSession - Creating/updating user: clerk_user_id=user_3AhnQJV5XslRK9dMtMXyCieGbiA, email=ptrigol@gmail.com, is_pro=false
[13-Mar-2026 13:26:06 UTC] Checking for existing user with clerk_user_id: user_3AhnQJV5XslRK9dMtMXyCieGbiA
[13-Mar-2026 13:26:06 UTC] MySQL select query: SELECT * FROM `users` WHERE `clerk_user_id` = :where_clerk_user_id_0
[13-Mar-2026 13:26:06 UTC] MySQL select params: {"where_clerk_user_id_0":"user_3AhnQJV5XslRK9dMtMXyCieGbiA"}
[13-Mar-2026 13:26:06 UTC] MySQL select returned 1 rows
[13-Mar-2026 13:26:06 UTC] Select query result: [{"id":2,"clerk_user_id":"user_3AhnQJV5XslRK9dMtMXyCieGbiA","email":"ptrigol@gmail.com","name":"Pablo Trigo","is_pro":0,"pro_status_source":null,"subscription_id":null,"last_login":"2026-03-13T09:37:50.000Z","created_at":"2026-03-09T10:58:19.000Z","updated_at":"2026-03-13T09:37:50.000Z"}] (type: array, empty: false)
[13-Mar-2026 13:26:06 UTC] Updating existing user: user_3AhnQJV5XslRK9dMtMXyCieGbiA (ptrigol@gmail.com)
[13-Mar-2026 13:26:06 UTC] MySQL update query: UPDATE `users` SET `clerk_user_id` = :clerk_user_id, `email` = :email, `name` = :name, `is_pro` = :is_pro, `pro_status_source` = :pro_status_source, `subscription_id` = :subscription_id, `last_login` = :last_login, `updated_at` = :updated_at WHERE `clerk_user_id` = :where_clerk_user_id_0
[13-Mar-2026 13:26:06 UTC] MySQL update params: {"clerk_user_id":"user_3AhnQJV5XslRK9dMtMXyCieGbiA","email":"ptrigol@gmail.com","name":"Pablo Trigo","is_pro":0,"pro_status_source":null,"subscription_id":null,"last_login":"2026-03-13 13:26:06","updated_at":"2026-03-13 13:26:06","where_clerk_user_id_0":"user_3AhnQJV5XslRK9dMtMXyCieGbiA"}
[13-Mar-2026 13:26:06 UTC] MySQL update affected rows: 1
[13-Mar-2026 13:26:06 UTC] MySQL select query: SELECT * FROM `users` WHERE `clerk_user_id` = :where_clerk_user_id_0
[13-Mar-2026 13:26:06 UTC] MySQL select params: {"where_clerk_user_id_0":"user_3AhnQJV5XslRK9dMtMXyCieGbiA"}
[13-Mar-2026 13:26:06 UTC] MySQL select returned 1 rows
[13-Mar-2026 13:26:06 UTC] User updated successfully: [{"id":2,"clerk_user_id":"user_3AhnQJV5XslRK9dMtMXyCieGbiA","email":"ptrigol@gmail.com","name":"Pablo Trigo","is_pro":0,"pro_status_source":null,"subscription_id":null,"last_login":"2026-03-13T13:26:06.000Z","created_at":"2026-03-09T10:58:19.000Z","updated_at":"2026-03-13T13:26:06.000Z"}]
[13-Mar-2026 13:26:06 UTC] syncClerkSession - User created/updated successfully: user_3AhnQJV5XslRK9dMtMXyCieGbiA
[13-Mar-2026 13:26:07 UTC] Pages API - Incoming request - Method: GET, Payload size: 0 bytes (0 KB)
[13-Mar-2026 13:26:07 UTC] Pages API - Method: GET
[13-Mar-2026 13:26:07 UTC] Pages API - clerk_user_id from request: null
[13-Mar-2026 13:26:07 UTC] Pages API - clerk_user_id from session: user_3AhnQJV5XslRK9dMtMXyCieGbiA
[13-Mar-2026 13:26:07 UTC] Pages API - Using clerk_user_id: user_3AhnQJV5XslRK9dMtMXyCieGbiA
[13-Mar-2026 13:26:07 UTC] Pages API - Using clerk_user_id: user_3AhnQJV5XslRK9dMtMXyCieGbiA
[13-Mar-2026 13:26:07 UTC] MySQL select query: SELECT `id` FROM `users` WHERE `clerk_user_id` = :where_clerk_user_id_0
[13-Mar-2026 13:26:07 UTC] MySQL select params: {"where_clerk_user_id_0":"user_3AhnQJV5XslRK9dMtMXyCieGbiA"}
[13-Mar-2026 13:26:07 UTC] MySQL select returned 1 rows
[13-Mar-2026 13:26:07 UTC] getUserIdFromClerkId - Query result: [{"id":2}]
[13-Mar-2026 13:26:07 UTC] Pages API - User ID from database: 2
[13-Mar-2026 13:26:07 UTC] Pages API - Success! User ID: 2
[13-Mar-2026 13:26:07 UTC] MySQL select query: SELECT `id`, `title`, `thumbnail_url`, `is_favorite`, `is_public`, `share_token`, `share_slug`, `last_accessed`, `created_at`, `updated_at` FROM `user_pages` WHERE `user_id` = :where_user_id_0 ORDER BY COALESCE(`last_accessed`, '1970-01-01 00:00:00') DESC
[13-Mar-2026 13:26:07 UTC] MySQL select params: {"where_user_id_0":2}
[13-Mar-2026 13:26:07 UTC] MySQL select returned 4 rows
[13-Mar-2026 13:26:11 UTC] Successfully loaded .env from: C:\Users\Pablo\Documents\GitHub\nine-screen-canvas-flow/.env
[13-Mar-2026 13:26:12 UTC] Pages API - Incoming request - Method: GET, Payload size: 0 bytes (0 KB)
[13-Mar-2026 13:26:12 UTC] Pages API - Method: GET
[13-Mar-2026 13:26:12 UTC] Pages API - clerk_user_id from request: null
[13-Mar-2026 13:26:12 UTC] Pages API - clerk_user_id from session: user_3AhnQJV5XslRK9dMtMXyCieGbiA
[13-Mar-2026 13:26:12 UTC] Pages API - Using clerk_user_id: user_3AhnQJV5XslRK9dMtMXyCieGbiA
[13-Mar-2026 13:26:12 UTC] Pages API - Using clerk_user_id: user_3AhnQJV5XslRK9dMtMXyCieGbiA
[13-Mar-2026 13:26:12 UTC] MySQL select query: SELECT `id` FROM `users` WHERE `clerk_user_id` = :where_clerk_user_id_0
[13-Mar-2026 13:26:12 UTC] MySQL select params: {"where_clerk_user_id_0":"user_3AhnQJV5XslRK9dMtMXyCieGbiA"}
[13-Mar-2026 13:26:12 UTC] MySQL select returned 1 rows
[13-Mar-2026 13:26:12 UTC] getUserIdFromClerkId - Query result: [{"id":2}]
[13-Mar-2026 13:26:12 UTC] Pages API - User ID from database: 2
[13-Mar-2026 13:26:12 UTC] Pages API - Success! User ID: 2
[13-Mar-2026 13:26:12 UTC] MySQL select query: SELECT `id`, `title`, `thumbnail_url`, `is_favorite`, `is_public`, `share_token`, `share_slug`, `last_accessed`, `created_at`, `updated_at` FROM `user_pages` WHERE `user_id` = :where_user_id_0 ORDER BY COALESCE(`last_accessed`, '1970-01-01 00:00:00') DESC
[13-Mar-2026 13:26:12 UTC] MySQL select params: {"where_user_id_0":2}
[13-Mar-2026 13:26:12 UTC] MySQL select returned 4 rows
[13-Mar-2026 13:26:13 UTC] Pages API - Incoming request - Method: GET, Payload size: 0 bytes (0 KB)
[13-Mar-2026 13:26:13 UTC] Pages API - Method: GET
[13-Mar-2026 13:26:13 UTC] Pages API - clerk_user_id from request: null
[13-Mar-2026 13:26:13 UTC] Pages API - clerk_user_id from session: user_3AhnQJV5XslRK9dMtMXyCieGbiA
[13-Mar-2026 13:26:13 UTC] Pages API - Using clerk_user_id: user_3AhnQJV5XslRK9dMtMXyCieGbiA
[13-Mar-2026 13:26:13 UTC] Pages API - Using clerk_user_id: user_3AhnQJV5XslRK9dMtMXyCieGbiA
[13-Mar-2026 13:26:13 UTC] MySQL select query: SELECT `id` FROM `users` WHERE `clerk_user_id` = :where_clerk_user_id_0
[13-Mar-2026 13:26:13 UTC] MySQL select params: {"where_clerk_user_id_0":"user_3AhnQJV5XslRK9dMtMXyCieGbiA"}
[13-Mar-2026 13:26:13 UTC] MySQL select returned 1 rows
[13-Mar-2026 13:26:13 UTC] getUserIdFromClerkId - Query result: [{"id":2}]
[13-Mar-2026 13:26:13 UTC] Pages API - User ID from database: 2
[13-Mar-2026 13:26:13 UTC] Pages API - Success! User ID: 2
[13-Mar-2026 13:26:13 UTC] MySQL select query: SELECT `id`, `title`, `thumbnail_url`, `is_favorite`, `is_public`, `share_token`, `share_slug`, `last_accessed`, `created_at`, `updated_at` FROM `user_pages` WHERE `user_id` = :where_user_id_0 ORDER BY COALESCE(`last_accessed`, '1970-01-01 00:00:00') DESC
[13-Mar-2026 13:26:13 UTC] MySQL select params: {"where_user_id_0":2}
[13-Mar-2026 13:26:13 UTC] MySQL select returned 4 rows
[13-Mar-2026 13:26:14 UTC] Pages API - Incoming request - Method: GET, Payload size: 0 bytes (0 KB)
[13-Mar-2026 13:26:14 UTC] Pages API - Method: GET
[13-Mar-2026 13:26:14 UTC] Pages API - clerk_user_id from request: null
[13-Mar-2026 13:26:14 UTC] Pages API - clerk_user_id from session: user_3AhnQJV5XslRK9dMtMXyCieGbiA
[13-Mar-2026 13:26:14 UTC] Pages API - Using clerk_user_id: user_3AhnQJV5XslRK9dMtMXyCieGbiA
[13-Mar-2026 13:26:14 UTC] Pages API - Using clerk_user_id: user_3AhnQJV5XslRK9dMtMXyCieGbiA
[13-Mar-2026 13:26:14 UTC] MySQL select query: SELECT `id` FROM `users` WHERE `clerk_user_id` = :where_clerk_user_id_0
[13-Mar-2026 13:26:14 UTC] MySQL select params: {"where_clerk_user_id_0":"user_3AhnQJV5XslRK9dMtMXyCieGbiA"}
[13-Mar-2026 13:26:14 UTC] MySQL select returned 1 rows
[13-Mar-2026 13:26:14 UTC] getUserIdFromClerkId - Query result: [{"id":2}]
[13-Mar-2026 13:26:14 UTC] Pages API - User ID from database: 2
[13-Mar-2026 13:26:14 UTC] Pages API - Success! User ID: 2
[13-Mar-2026 13:26:14 UTC] MySQL select query: SELECT `id`, `title`, `thumbnail_url`, `is_favorite`, `is_public`, `share_token`, `share_slug`, `last_accessed`, `created_at`, `updated_at` FROM `user_pages` WHERE `user_id` = :where_user_id_0 ORDER BY COALESCE(`last_accessed`, '1970-01-01 00:00:00') DESC
[13-Mar-2026 13:26:14 UTC] MySQL select params: {"where_user_id_0":2}
[13-Mar-2026 13:26:14 UTC] MySQL select returned 4 rows
[13-Mar-2026 13:29:47 UTC] Successfully loaded .env from: C:\Users\Pablo\Documents\GitHub\nine-screen-canvas-flow/.env
[13-Mar-2026 13:29:48 UTC] Pages API - Incoming request - Method: GET, Payload size: 0 bytes (0 KB)
[13-Mar-2026 13:29:48 UTC] Pages API - Method: GET
[13-Mar-2026 13:29:48 UTC] Pages API - clerk_user_id from request: null
[13-Mar-2026 13:29:48 UTC] Pages API - clerk_user_id from session: user_3AhnQJV5XslRK9dMtMXyCieGbiA
[13-Mar-2026 13:29:48 UTC] Pages API - Using clerk_user_id: user_3AhnQJV5XslRK9dMtMXyCieGbiA
[13-Mar-2026 13:29:48 UTC] Pages API - Using clerk_user_id: user_3AhnQJV5XslRK9dMtMXyCieGbiA
[13-Mar-2026 13:29:48 UTC] MySQL select query: SELECT `id` FROM `users` WHERE `clerk_user_id` = :where_clerk_user_id_0
[13-Mar-2026 13:29:48 UTC] MySQL select params: {"where_clerk_user_id_0":"user_3AhnQJV5XslRK9dMtMXyCieGbiA"}
[13-Mar-2026 13:29:48 UTC] MySQL select returned 1 rows
[13-Mar-2026 13:29:48 UTC] getUserIdFromClerkId - Query result: [{"id":2}]
[13-Mar-2026 13:29:48 UTC] Pages API - User ID from database: 2
[13-Mar-2026 13:29:48 UTC] Pages API - Success! User ID: 2
[13-Mar-2026 13:29:48 UTC] MySQL select query: SELECT `id`, `title`, `thumbnail_url`, `is_favorite`, `is_public`, `share_token`, `share_slug`, `last_accessed`, `created_at`, `updated_at` FROM `user_pages` WHERE `user_id` = :where_user_id_0 ORDER BY COALESCE(`last_accessed`, '1970-01-01 00:00:00') DESC
[13-Mar-2026 13:29:48 UTC] MySQL select params: {"where_user_id_0":2}
[13-Mar-2026 13:29:48 UTC] MySQL select returned 4 rows
[13-Mar-2026 13:29:49 UTC] Pages API - Incoming request - Method: GET, Payload size: 0 bytes (0 KB)
[13-Mar-2026 13:29:49 UTC] Pages API - Method: GET
[13-Mar-2026 13:29:49 UTC] Pages API - clerk_user_id from request: null
[13-Mar-2026 13:29:49 UTC] Pages API - clerk_user_id from session: user_3AhnQJV5XslRK9dMtMXyCieGbiA
[13-Mar-2026 13:29:49 UTC] Pages API - Using clerk_user_id: user_3AhnQJV5XslRK9dMtMXyCieGbiA
[13-Mar-2026 13:29:49 UTC] Pages API - Using clerk_user_id: user_3AhnQJV5XslRK9dMtMXyCieGbiA
[13-Mar-2026 13:29:49 UTC] MySQL select query: SELECT `id` FROM `users` WHERE `clerk_user_id` = :where_clerk_user_id_0
[13-Mar-2026 13:29:49 UTC] MySQL select params: {"where_clerk_user_id_0":"user_3AhnQJV5XslRK9dMtMXyCieGbiA"}
[13-Mar-2026 13:29:49 UTC] MySQL select returned 1 rows
[13-Mar-2026 13:29:49 UTC] getUserIdFromClerkId - Query result: [{"id":2}]
[13-Mar-2026 13:29:49 UTC] Pages API - User ID from database: 2
[13-Mar-2026 13:29:49 UTC] Pages API - Success! User ID: 2
[13-Mar-2026 13:29:49 UTC] MySQL select query: SELECT `id`, `title`, `thumbnail_url`, `is_favorite`, `is_public`, `share_token`, `share_slug`, `last_accessed`, `created_at`, `updated_at` FROM `user_pages` WHERE `user_id` = :where_user_id_0 ORDER BY COALESCE(`last_accessed`, '1970-01-01 00:00:00') DESC
[13-Mar-2026 13:29:49 UTC] MySQL select params: {"where_user_id_0":2}
[13-Mar-2026 13:29:49 UTC] MySQL select returned 4 rows
[13-Mar-2026 13:29:53 UTC] Pages API - Incoming request - Method: GET, Payload size: 0 bytes (0 KB)
[13-Mar-2026 13:29:53 UTC] Pages API - Method: GET
[13-Mar-2026 13:29:53 UTC] Pages API - clerk_user_id from request: null
[13-Mar-2026 13:29:53 UTC] Pages API - clerk_user_id from session: user_3AhnQJV5XslRK9dMtMXyCieGbiA
[13-Mar-2026 13:29:53 UTC] Pages API - Using clerk_user_id: user_3AhnQJV5XslRK9dMtMXyCieGbiA
[13-Mar-2026 13:29:53 UTC] Pages API - Using clerk_user_id: user_3AhnQJV5XslRK9dMtMXyCieGbiA
[13-Mar-2026 13:29:53 UTC] MySQL select query: SELECT `id` FROM `users` WHERE `clerk_user_id` = :where_clerk_user_id_0
[13-Mar-2026 13:29:53 UTC] MySQL select params: {"where_clerk_user_id_0":"user_3AhnQJV5XslRK9dMtMXyCieGbiA"}
[13-Mar-2026 13:29:53 UTC] MySQL select returned 1 rows
[13-Mar-2026 13:29:53 UTC] getUserIdFromClerkId - Query result: [{"id":2}]
[13-Mar-2026 13:29:53 UTC] Pages API - User ID from database: 2
[13-Mar-2026 13:29:53 UTC] Pages API - Success! User ID: 2
[13-Mar-2026 13:29:53 UTC] MySQL select query: SELECT `id`, `title`, `thumbnail_url`, `is_favorite`, `is_public`, `share_token`, `share_slug`, `last_accessed`, `created_at`, `updated_at` FROM `user_pages` WHERE `user_id` = :where_user_id_0 ORDER BY COALESCE(`last_accessed`, '1970-01-01 00:00:00') DESC
[13-Mar-2026 13:29:53 UTC] MySQL select params: {"where_user_id_0":2}
[13-Mar-2026 13:29:53 UTC] MySQL select returned 4 rows
[13-Mar-2026 13:30:15 UTC] Pages API - Incoming request - Method: POST, Payload size: 113 bytes (0.11 KB)
[13-Mar-2026 13:30:15 UTC] Pages API - Method: POST
[13-Mar-2026 13:30:15 UTC] Pages API - clerk_user_id from request: user_3AhnQJV5XslRK9dMtMXyCieGbiA
[13-Mar-2026 13:30:15 UTC] Pages API - clerk_user_id from session: user_3AhnQJV5XslRK9dMtMXyCieGbiA
[13-Mar-2026 13:30:15 UTC] Pages API - Using clerk_user_id: user_3AhnQJV5XslRK9dMtMXyCieGbiA
[13-Mar-2026 13:30:15 UTC] Pages API - Using clerk_user_id: user_3AhnQJV5XslRK9dMtMXyCieGbiA
[13-Mar-2026 13:30:15 UTC] MySQL select query: SELECT `id` FROM `users` WHERE `clerk_user_id` = :where_clerk_user_id_0
[13-Mar-2026 13:30:15 UTC] MySQL select params: {"where_clerk_user_id_0":"user_3AhnQJV5XslRK9dMtMXyCieGbiA"}
[13-Mar-2026 13:30:15 UTC] MySQL select returned 1 rows
[13-Mar-2026 13:30:15 UTC] getUserIdFromClerkId - Query result: [{"id":2}]
[13-Mar-2026 13:30:15 UTC] Pages API - User ID from database: 2
[13-Mar-2026 13:30:15 UTC] Pages API - Success! User ID: 2
[13-Mar-2026 13:30:15 UTC] Pages API POST - action='share', input_keys=action,id,clerk_user_id, raw_snippet={"action":"share","id":"6599637d-1ec0-11f1-8378-d85ed359730c","clerk_user_id":"user_3AhnQJV5XslRK9dMtMXyCieGbiA"}
[13-Mar-2026 13:30:15 UTC] MySQL select query: SELECT `id`, `share_token`, `is_public` FROM `user_pages` WHERE `id` = :where_id_0 AND `user_id` = :where_user_id_1
[13-Mar-2026 13:30:15 UTC] MySQL select params: {"where_id_0":"6599637d-1ec0-11f1-8378-d85ed359730c","where_user_id_1":2}
[13-Mar-2026 13:30:15 UTC] MySQL select returned 1 rows
[13-Mar-2026 13:30:15 UTC] MySQL update query: UPDATE `user_pages` SET `share_token` = :share_token, `is_public` = :is_public WHERE `id` = :where_id_0 AND `user_id` = :where_user_id_1
[13-Mar-2026 13:30:15 UTC] MySQL update params: {"share_token":"0c54e039-fed6-438e-8450-44e61c98b3c1","is_public":1,"where_id_0":"6599637d-1ec0-11f1-8378-d85ed359730c","where_user_id_1":2}
[13-Mar-2026 13:30:15 UTC] MySQL update affected rows: 1
[13-Mar-2026 13:30:15 UTC] MySQL select query: SELECT * FROM `user_pages` WHERE `id` = :where_id_0 AND `user_id` = :where_user_id_1
[13-Mar-2026 13:30:15 UTC] MySQL select params: {"where_id_0":"6599637d-1ec0-11f1-8378-d85ed359730c","where_user_id_1":2}
[13-Mar-2026 13:30:15 UTC] MySQL select returned 1 rows
[13-Mar-2026 13:30:24 UTC] Pages API - Incoming request - Method: GET, Payload size: 0 bytes (0 KB)
[13-Mar-2026 13:30:24 UTC] Pages API - Method: GET
[13-Mar-2026 13:30:24 UTC] Pages API - clerk_user_id from request: null
[13-Mar-2026 13:30:24 UTC] Pages API - clerk_user_id from session: user_3AhnQJV5XslRK9dMtMXyCieGbiA
[13-Mar-2026 13:30:24 UTC] Pages API - Using clerk_user_id: user_3AhnQJV5XslRK9dMtMXyCieGbiA
[13-Mar-2026 13:30:24 UTC] Pages API - Using clerk_user_id: user_3AhnQJV5XslRK9dMtMXyCieGbiA
[13-Mar-2026 13:30:24 UTC] MySQL select query: SELECT `id` FROM `users` WHERE `clerk_user_id` = :where_clerk_user_id_0
[13-Mar-2026 13:30:24 UTC] MySQL select params: {"where_clerk_user_id_0":"user_3AhnQJV5XslRK9dMtMXyCieGbiA"}
[13-Mar-2026 13:30:24 UTC] MySQL select returned 1 rows
[13-Mar-2026 13:30:24 UTC] getUserIdFromClerkId - Query result: [{"id":2}]
[13-Mar-2026 13:30:24 UTC] Pages API - User ID from database: 2
[13-Mar-2026 13:30:24 UTC] Pages API - Success! User ID: 2
[13-Mar-2026 13:30:24 UTC] MySQL select query: SELECT `id`, `title`, `thumbnail_url`, `is_favorite`, `is_public`, `share_token`, `share_slug`, `last_accessed`, `created_at`, `updated_at` FROM `user_pages` WHERE `user_id` = :where_user_id_0 ORDER BY COALESCE(`last_accessed`, '1970-01-01 00:00:00') DESC
[13-Mar-2026 13:30:24 UTC] MySQL select params: {"where_user_id_0":2}
[13-Mar-2026 13:30:24 UTC] MySQL select returned 4 rows
[13-Mar-2026 13:30:25 UTC] Pages API - Incoming request - Method: GET, Payload size: 0 bytes (0 KB)
[13-Mar-2026 13:30:25 UTC] Pages API - Method: GET
[13-Mar-2026 13:30:25 UTC] Pages API - clerk_user_id from request: null
[13-Mar-2026 13:30:25 UTC] Pages API - clerk_user_id from session: user_3AhnQJV5XslRK9dMtMXyCieGbiA
[13-Mar-2026 13:30:25 UTC] Pages API - Using clerk_user_id: user_3AhnQJV5XslRK9dMtMXyCieGbiA
[13-Mar-2026 13:30:25 UTC] Pages API - Using clerk_user_id: user_3AhnQJV5XslRK9dMtMXyCieGbiA
[13-Mar-2026 13:30:25 UTC] MySQL select query: SELECT `id` FROM `users` WHERE `clerk_user_id` = :where_clerk_user_id_0
[13-Mar-2026 13:30:25 UTC] MySQL select params: {"where_clerk_user_id_0":"user_3AhnQJV5XslRK9dMtMXyCieGbiA"}
[13-Mar-2026 13:30:25 UTC] MySQL select returned 1 rows
[13-Mar-2026 13:30:25 UTC] getUserIdFromClerkId - Query result: [{"id":2}]
[13-Mar-2026 13:30:25 UTC] Pages API - User ID from database: 2
[13-Mar-2026 13:30:25 UTC] Pages API - Success! User ID: 2
[13-Mar-2026 13:30:25 UTC] MySQL select query: SELECT `id`, `title`, `thumbnail_url`, `is_favorite`, `is_public`, `share_token`, `share_slug`, `last_accessed`, `created_at`, `updated_at` FROM `user_pages` WHERE `user_id` = :where_user_id_0 ORDER BY COALESCE(`last_accessed`, '1970-01-01 00:00:00') DESC
[13-Mar-2026 13:30:25 UTC] MySQL select params: {"where_user_id_0":2}
[13-Mar-2026 13:30:25 UTC] MySQL select returned 4 rows
[13-Mar-2026 13:30:30 UTC] Pages API - Incoming request - Method: GET, Payload size: 0 bytes (0 KB)
[13-Mar-2026 13:30:30 UTC] Pages API - Method: GET
[13-Mar-2026 13:30:30 UTC] Pages API - clerk_user_id from request: null
[13-Mar-2026 13:30:30 UTC] Pages API - clerk_user_id from session: user_3AhnQJV5XslRK9dMtMXyCieGbiA
[13-Mar-2026 13:30:30 UTC] Pages API - Using clerk_user_id: user_3AhnQJV5XslRK9dMtMXyCieGbiA
[13-Mar-2026 13:30:30 UTC] Pages API - Using clerk_user_id: user_3AhnQJV5XslRK9dMtMXyCieGbiA
[13-Mar-2026 13:30:30 UTC] MySQL select query: SELECT `id` FROM `users` WHERE `clerk_user_id` = :where_clerk_user_id_0
[13-Mar-2026 13:30:30 UTC] MySQL select params: {"where_clerk_user_id_0":"user_3AhnQJV5XslRK9dMtMXyCieGbiA"}
[13-Mar-2026 13:30:30 UTC] MySQL select returned 1 rows
[13-Mar-2026 13:30:30 UTC] getUserIdFromClerkId - Query result: [{"id":2}]
[13-Mar-2026 13:30:30 UTC] Pages API - User ID from database: 2
[13-Mar-2026 13:30:30 UTC] Pages API - Success! User ID: 2
[13-Mar-2026 13:30:30 UTC] MySQL select query: SELECT `id`, `title`, `thumbnail_url`, `is_favorite`, `is_public`, `share_token`, `share_slug`, `last_accessed`, `created_at`, `updated_at` FROM `user_pages` WHERE `user_id` = :where_user_id_0 ORDER BY COALESCE(`last_accessed`, '1970-01-01 00:00:00') DESC
[13-Mar-2026 13:30:30 UTC] MySQL select params: {"where_user_id_0":2}
[13-Mar-2026 13:30:30 UTC] MySQL select returned 4 rows
[13-Mar-2026 13:30:32 UTC] Pages API - Incoming request - Method: GET, Payload size: 0 bytes (0 KB)
[13-Mar-2026 13:30:32 UTC] Pages API - Method: GET
[13-Mar-2026 13:30:32 UTC] Pages API - clerk_user_id from request: null
[13-Mar-2026 13:30:32 UTC] Pages API - clerk_user_id from session: user_3AhnQJV5XslRK9dMtMXyCieGbiA
[13-Mar-2026 13:30:32 UTC] Pages API - Using clerk_user_id: user_3AhnQJV5XslRK9dMtMXyCieGbiA
[13-Mar-2026 13:30:32 UTC] Pages API - Using clerk_user_id: user_3AhnQJV5XslRK9dMtMXyCieGbiA
[13-Mar-2026 13:30:32 UTC] MySQL select query: SELECT `id` FROM `users` WHERE `clerk_user_id` = :where_clerk_user_id_0
[13-Mar-2026 13:30:32 UTC] MySQL select params: {"where_clerk_user_id_0":"user_3AhnQJV5XslRK9dMtMXyCieGbiA"}
[13-Mar-2026 13:30:32 UTC] MySQL select returned 1 rows
[13-Mar-2026 13:30:32 UTC] getUserIdFromClerkId - Query result: [{"id":2}]
[13-Mar-2026 13:30:32 UTC] Pages API - User ID from database: 2
[13-Mar-2026 13:30:32 UTC] Pages API - Success! User ID: 2
[13-Mar-2026 13:30:32 UTC] MySQL select query: SELECT `id`, `title`, `thumbnail_url`, `is_favorite`, `is_public`, `share_token`, `share_slug`, `last_accessed`, `created_at`, `updated_at` FROM `user_pages` WHERE `user_id` = :where_user_id_0 ORDER BY COALESCE(`last_accessed`, '1970-01-01 00:00:00') DESC
[13-Mar-2026 13:30:32 UTC] MySQL select params: {"where_user_id_0":2}
[13-Mar-2026 13:30:32 UTC] MySQL select returned 4 rows
[13-Mar-2026 13:30:42 UTC] Pages API - Incoming request - Method: GET, Payload size: 0 bytes (0 KB)
[13-Mar-2026 13:30:42 UTC] Pages API - Method: GET
[13-Mar-2026 13:30:42 UTC] Pages API - clerk_user_id from request: null
[13-Mar-2026 13:30:42 UTC] Pages API - clerk_user_id from session: user_3AhnQJV5XslRK9dMtMXyCieGbiA
[13-Mar-2026 13:30:42 UTC] Pages API - Using clerk_user_id: user_3AhnQJV5XslRK9dMtMXyCieGbiA
[13-Mar-2026 13:30:42 UTC] Pages API - Using clerk_user_id: user_3AhnQJV5XslRK9dMtMXyCieGbiA
[13-Mar-2026 13:30:42 UTC] MySQL select query: SELECT `id` FROM `users` WHERE `clerk_user_id` = :where_clerk_user_id_0
[13-Mar-2026 13:30:42 UTC] MySQL select params: {"where_clerk_user_id_0":"user_3AhnQJV5XslRK9dMtMXyCieGbiA"}
[13-Mar-2026 13:30:42 UTC] MySQL select returned 1 rows
[13-Mar-2026 13:30:42 UTC] getUserIdFromClerkId - Query result: [{"id":2}]
[13-Mar-2026 13:30:42 UTC] Pages API - User ID from database: 2
[13-Mar-2026 13:30:42 UTC] Pages API - Success! User ID: 2
[13-Mar-2026 13:30:42 UTC] MySQL select query: SELECT `id`, `title`, `thumbnail_url`, `is_favorite`, `is_public`, `share_token`, `share_slug`, `last_accessed`, `created_at`, `updated_at` FROM `user_pages` WHERE `user_id` = :where_user_id_0 ORDER BY COALESCE(`last_accessed`, '1970-01-01 00:00:00') DESC
[13-Mar-2026 13:30:42 UTC] MySQL select params: {"where_user_id_0":2}
[13-Mar-2026 13:30:42 UTC] MySQL select returned 4 rows
[13-Mar-2026 13:30:47 UTC] Successfully loaded .env from: C:\Users\Pablo\Documents\GitHub\nine-screen-canvas-flow/.env
[13-Mar-2026 13:30:47 UTC] MySQL select query: SELECT `id` FROM `users` WHERE `clerk_user_id` = :where_clerk_user_id_0
[13-Mar-2026 13:30:47 UTC] MySQL select params: {"where_clerk_user_id_0":"user_3AhnQJV5XslRK9dMtMXyCieGbiA"}
[13-Mar-2026 13:30:47 UTC] MySQL select returned 1 rows
[13-Mar-2026 13:30:47 UTC] MySQL select query: SELECT * FROM `user_pages` WHERE `id` = :where_id_0 AND `user_id` = :where_user_id_1
[13-Mar-2026 13:30:47 UTC] MySQL select params: {"where_id_0":"9c8ec1a8-1ecd-11f1-8378-d85ed359730c","where_user_id_1":2}
[13-Mar-2026 13:30:47 UTC] MySQL select returned 1 rows
[13-Mar-2026 13:30:47 UTC] Pages API - Incoming request - Method: GET, Payload size: 0 bytes (0 KB)
[13-Mar-2026 13:30:47 UTC] Pages API - Method: GET
[13-Mar-2026 13:30:47 UTC] Pages API - clerk_user_id from request: null
[13-Mar-2026 13:30:47 UTC] Pages API - clerk_user_id from session: user_3AhnQJV5XslRK9dMtMXyCieGbiA
[13-Mar-2026 13:30:47 UTC] Pages API - Using clerk_user_id: user_3AhnQJV5XslRK9dMtMXyCieGbiA
[13-Mar-2026 13:30:47 UTC] Pages API - Using clerk_user_id: user_3AhnQJV5XslRK9dMtMXyCieGbiA
[13-Mar-2026 13:30:47 UTC] MySQL select query: SELECT `id` FROM `users` WHERE `clerk_user_id` = :where_clerk_user_id_0
[13-Mar-2026 13:30:47 UTC] MySQL select params: {"where_clerk_user_id_0":"user_3AhnQJV5XslRK9dMtMXyCieGbiA"}
[13-Mar-2026 13:30:47 UTC] MySQL select returned 1 rows
[13-Mar-2026 13:30:47 UTC] getUserIdFromClerkId - Query result: [{"id":2}]
[13-Mar-2026 13:30:47 UTC] Pages API - User ID from database: 2
[13-Mar-2026 13:30:47 UTC] Pages API - Success! User ID: 2
[13-Mar-2026 13:30:47 UTC] MySQL select query: SELECT `id`, `title`, `thumbnail_url`, `is_favorite`, `is_public`, `share_token`, `share_slug`, `last_accessed`, `created_at`, `updated_at` FROM `user_pages` WHERE `user_id` = :where_user_id_0 ORDER BY COALESCE(`last_accessed`, '1970-01-01 00:00:00') DESC
[13-Mar-2026 13:30:47 UTC] MySQL select params: {"where_user_id_0":2}
[13-Mar-2026 13:30:47 UTC] MySQL select returned 4 rows
[13-Mar-2026 13:38:49 UTC] Successfully loaded .env from: C:\Users\Pablo\Documents\GitHub\nine-screen-canvas-flow/.env
[13-Mar-2026 13:38:49 UTC] syncClerkSession - Refreshing paid status for: ptrigol@gmail.com
[13-Mar-2026 13:38:50 UTC] Purchases database connection failed: SQLSTATE[HY000] [1045] Access denied for user 'alvarotrigo_alvarotrigo'@'79.117.116.182' (using password: YES)
[13-Mar-2026 13:38:50 UTC] Attempted connection to: host=nocn.noc-n.com, dbname=alvarotrigo_alvarotrigo, user=alvarotrigo_alvarotrigo
[13-Mar-2026 13:38:50 UTC] Error checking user paid status: Purchases database connection failed: SQLSTATE[HY000] [1045] Access denied for user 'alvarotrigo_alvarotrigo'@'79.117.116.182' (using password: YES)
[13-Mar-2026 13:38:50 UTC] MySQL select query: SELECT * FROM `users` WHERE `email` = :where_email_0 AND `pro_status_source` = :where_pro_status_source_1
[13-Mar-2026 13:38:50 UTC] MySQL select params: {"where_email_0":"ptrigol@gmail.com","where_pro_status_source_1":"polar"}
[13-Mar-2026 13:38:50 UTC] MySQL select returned 0 rows
[13-Mar-2026 13:38:50 UTC] MySQL select query: SELECT * FROM `subscriptions` WHERE `customer_email` = :where_customer_email_0 AND `status` = :where_status_1
[13-Mar-2026 13:38:50 UTC] MySQL select params: {"where_customer_email_0":"ptrigol@gmail.com","where_status_1":"active"}
[13-Mar-2026 13:38:50 UTC] MySQL select returned 0 rows
[13-Mar-2026 13:38:50 UTC] syncClerkSession - Paid status refreshed: is_paid=false
[13-Mar-2026 13:38:50 UTC] MySQL select query: SELECT `id` FROM `users` WHERE `clerk_user_id` = :where_clerk_user_id_0
[13-Mar-2026 13:38:50 UTC] MySQL select params: {"where_clerk_user_id_0":"user_3AhnQJV5XslRK9dMtMXyCieGbiA"}
[13-Mar-2026 13:38:50 UTC] MySQL select returned 1 rows
[13-Mar-2026 13:38:50 UTC] MySQL select query: SELECT * FROM `user_pages` WHERE `id` = :where_id_0 AND `user_id` = :where_user_id_1
[13-Mar-2026 13:38:50 UTC] MySQL select params: {"where_id_0":"9c8ec1a8-1ecd-11f1-8378-d85ed359730c","where_user_id_1":2}
[13-Mar-2026 13:38:50 UTC] MySQL select returned 1 rows
[13-Mar-2026 13:38:50 UTC] Pages API - Incoming request - Method: GET, Payload size: 0 bytes (0 KB)
[13-Mar-2026 13:38:50 UTC] Pages API - Method: GET
[13-Mar-2026 13:38:50 UTC] Pages API - clerk_user_id from request: null
[13-Mar-2026 13:38:50 UTC] Pages API - clerk_user_id from session: user_3AhnQJV5XslRK9dMtMXyCieGbiA
[13-Mar-2026 13:38:50 UTC] Pages API - Using clerk_user_id: user_3AhnQJV5XslRK9dMtMXyCieGbiA
[13-Mar-2026 13:38:50 UTC] Pages API - Using clerk_user_id: user_3AhnQJV5XslRK9dMtMXyCieGbiA
[13-Mar-2026 13:38:50 UTC] MySQL select query: SELECT `id` FROM `users` WHERE `clerk_user_id` = :where_clerk_user_id_0
[13-Mar-2026 13:38:50 UTC] MySQL select params: {"where_clerk_user_id_0":"user_3AhnQJV5XslRK9dMtMXyCieGbiA"}
[13-Mar-2026 13:38:50 UTC] MySQL select returned 1 rows
[13-Mar-2026 13:38:50 UTC] getUserIdFromClerkId - Query result: [{"id":2}]
[13-Mar-2026 13:38:50 UTC] Pages API - User ID from database: 2
[13-Mar-2026 13:38:50 UTC] Pages API - Success! User ID: 2
[13-Mar-2026 13:38:50 UTC] MySQL select query: SELECT `id`, `title`, `thumbnail_url`, `is_favorite`, `is_public`, `share_token`, `share_slug`, `last_accessed`, `created_at`, `updated_at` FROM `user_pages` WHERE `user_id` = :where_user_id_0 ORDER BY COALESCE(`last_accessed`, '1970-01-01 00:00:00') DESC
[13-Mar-2026 13:38:50 UTC] MySQL select params: {"where_user_id_0":2}
[13-Mar-2026 13:38:50 UTC] MySQL select returned 4 rows
[13-Mar-2026 14:24:56 UTC] Successfully loaded .env from: C:\Users\Pablo\Documents\GitHub\nine-screen-canvas-flow/.env
[13-Mar-2026 14:24:56 UTC] PHP Deprecated:  chr(): Providing a value not in-between 0 and 255 is deprecated, this is because a byte value must be in the [0, 255] interval. The value used will be constrained using % 256 in C:\Users\Pablo\Documents\GitHub\nine-screen-canvas-flow\vendor\phpseclib\phpseclib\phpseclib\Math\BigInteger\Engines\BCMath.php on line 157
[13-Mar-2026 14:24:56 UTC] PHP Deprecated:  chr(): Providing a value not in-between 0 and 255 is deprecated, this is because a byte value must be in the [0, 255] interval. The value used will be constrained using % 256 in C:\Users\Pablo\Documents\GitHub\nine-screen-canvas-flow\vendor\phpseclib\phpseclib\phpseclib\Math\BigInteger\Engines\BCMath.php on line 157
[13-Mar-2026 14:24:56 UTC] PHP Deprecated:  chr(): Providing a value not in-between 0 and 255 is deprecated, this is because a byte value must be in the [0, 255] interval. The value used will be constrained using % 256 in C:\Users\Pablo\Documents\GitHub\nine-screen-canvas-flow\vendor\phpseclib\phpseclib\phpseclib\Math\BigInteger\Engines\BCMath.php on line 157
[13-Mar-2026 14:24:56 UTC] PHP Deprecated:  chr(): Providing a value not in-between 0 and 255 is deprecated, this is because a byte value must be in the [0, 255] interval. The value used will be constrained using % 256 in C:\Users\Pablo\Documents\GitHub\nine-screen-canvas-flow\vendor\phpseclib\phpseclib\phpseclib\Math\BigInteger\Engines\BCMath.php on line 157
[13-Mar-2026 14:24:56 UTC] PHP Deprecated:  chr(): Providing a value not in-between 0 and 255 is deprecated, this is because a byte value must be in the [0, 255] interval. The value used will be constrained using % 256 in C:\Users\Pablo\Documents\GitHub\nine-screen-canvas-flow\vendor\phpseclib\phpseclib\phpseclib\Math\BigInteger\Engines\BCMath.php on line 157
[13-Mar-2026 14:24:56 UTC] PHP Deprecated:  chr(): Providing a value not in-between 0 and 255 is deprecated, this is because a byte value must be in the [0, 255] interval. The value used will be constrained using % 256 in C:\Users\Pablo\Documents\GitHub\nine-screen-canvas-flow\vendor\phpseclib\phpseclib\phpseclib\Math\BigInteger\Engines\BCMath.php on line 157
[13-Mar-2026 14:24:56 UTC] PHP Deprecated:  chr(): Providing a value not in-between 0 and 255 is deprecated, this is because a byte value must be in the [0, 255] interval. The value used will be constrained using % 256 in C:\Users\Pablo\Documents\GitHub\nine-screen-canvas-flow\vendor\phpseclib\phpseclib\phpseclib\Math\BigInteger\Engines\BCMath.php on line 157
[13-Mar-2026 14:24:56 UTC] PHP Deprecated:  chr(): Providing a value not in-between 0 and 255 is deprecated, this is because a byte value must be in the [0, 255] interval. The value used will be constrained using % 256 in C:\Users\Pablo\Documents\GitHub\nine-screen-canvas-flow\vendor\phpseclib\phpseclib\phpseclib\Math\BigInteger\Engines\BCMath.php on line 157
[13-Mar-2026 14:24:56 UTC] PHP Deprecated:  chr(): Providing a value not in-between 0 and 255 is deprecated, this is because a byte value must be in the [0, 255] interval. The value used will be constrained using % 256 in C:\Users\Pablo\Documents\GitHub\nine-screen-canvas-flow\vendor\phpseclib\phpseclib\phpseclib\Math\BigInteger\Engines\BCMath.php on line 157
[13-Mar-2026 14:24:56 UTC] PHP Deprecated:  chr(): Providing a value not in-between 0 and 255 is deprecated, this is because a byte value must be in the [0, 255] interval. The value used will be constrained using % 256 in C:\Users\Pablo\Documents\GitHub\nine-screen-canvas-flow\vendor\phpseclib\phpseclib\phpseclib\Math\BigInteger\Engines\BCMath.php on line 157
[13-Mar-2026 14:24:56 UTC] PHP Deprecated:  chr(): Providing a value not in-between 0 and 255 is deprecated, this is because a byte value must be in the [0, 255] interval. The value used will be constrained using % 256 in C:\Users\Pablo\Documents\GitHub\nine-screen-canvas-flow\vendor\phpseclib\phpseclib\phpseclib\Math\BigInteger\Engines\BCMath.php on line 157
[13-Mar-2026 14:24:56 UTC] PHP Deprecated:  chr(): Providing a value not in-between 0 and 255 is deprecated, this is because a byte value must be in the [0, 255] interval. The value used will be constrained using % 256 in C:\Users\Pablo\Documents\GitHub\nine-screen-canvas-flow\vendor\phpseclib\phpseclib\phpseclib\Math\BigInteger\Engines\BCMath.php on line 157
[13-Mar-2026 14:24:56 UTC] PHP Deprecated:  chr(): Providing a value not in-between 0 and 255 is deprecated, this is because a byte value must be in the [0, 255] interval. The value used will be constrained using % 256 in C:\Users\Pablo\Documents\GitHub\nine-screen-canvas-flow\vendor\phpseclib\phpseclib\phpseclib\Math\BigInteger\Engines\BCMath.php on line 157
[13-Mar-2026 14:24:56 UTC] PHP Deprecated:  chr(): Providing a value not in-between 0 and 255 is deprecated, this is because a byte value must be in the [0, 255] interval. The value used will be constrained using % 256 in C:\Users\Pablo\Documents\GitHub\nine-screen-canvas-flow\vendor\phpseclib\phpseclib\phpseclib\Math\BigInteger\Engines\BCMath.php on line 157
[13-Mar-2026 14:24:56 UTC] PHP Deprecated:  chr(): Providing a value not in-between 0 and 255 is deprecated, this is because a byte value must be in the [0, 255] interval. The value used will be constrained using % 256 in C:\Users\Pablo\Documents\GitHub\nine-screen-canvas-flow\vendor\phpseclib\phpseclib\phpseclib\Math\BigInteger\Engines\BCMath.php on line 157
[13-Mar-2026 14:24:56 UTC] PHP Deprecated:  chr(): Providing a value not in-between 0 and 255 is deprecated, this is because a byte value must be in the [0, 255] interval. The value used will be constrained using % 256 in C:\Users\Pablo\Documents\GitHub\nine-screen-canvas-flow\vendor\phpseclib\phpseclib\phpseclib\Math\BigInteger\Engines\BCMath.php on line 157
[13-Mar-2026 14:24:56 UTC] PHP Deprecated:  chr(): Providing a value not in-between 0 and 255 is deprecated, this is because a byte value must be in the [0, 255] interval. The value used will be constrained using % 256 in C:\Users\Pablo\Documents\GitHub\nine-screen-canvas-flow\vendor\phpseclib\phpseclib\phpseclib\Math\BigInteger\Engines\BCMath.php on line 157
[13-Mar-2026 14:24:56 UTC] PHP Deprecated:  chr(): Providing a value not in-between 0 and 255 is deprecated, this is because a byte value must be in the [0, 255] interval. The value used will be constrained using % 256 in C:\Users\Pablo\Documents\GitHub\nine-screen-canvas-flow\vendor\phpseclib\phpseclib\phpseclib\Math\BigInteger\Engines\BCMath.php on line 157
[13-Mar-2026 14:24:56 UTC] PHP Deprecated:  chr(): Providing a value not in-between 0 and 255 is deprecated, this is because a byte value must be in the [0, 255] interval. The value used will be constrained using % 256 in C:\Users\Pablo\Documents\GitHub\nine-screen-canvas-flow\vendor\phpseclib\phpseclib\phpseclib\Math\BigInteger\Engines\BCMath.php on line 157
[13-Mar-2026 14:24:56 UTC] PHP Deprecated:  chr(): Providing a value not in-between 0 and 255 is deprecated, this is because a byte value must be in the [0, 255] interval. The value used will be constrained using % 256 in C:\Users\Pablo\Documents\GitHub\nine-screen-canvas-flow\vendor\phpseclib\phpseclib\phpseclib\Math\BigInteger\Engines\BCMath.php on line 157
[13-Mar-2026 14:24:56 UTC] PHP Deprecated:  chr(): Providing a value not in-between 0 and 255 is deprecated, this is because a byte value must be in the [0, 255] interval. The value used will be constrained using % 256 in C:\Users\Pablo\Documents\GitHub\nine-screen-canvas-flow\vendor\phpseclib\phpseclib\phpseclib\Math\BigInteger\Engines\BCMath.php on line 157
[13-Mar-2026 14:24:56 UTC] PHP Deprecated:  chr(): Providing a value not in-between 0 and 255 is deprecated, this is because a byte value must be in the [0, 255] interval. The value used will be constrained using % 256 in C:\Users\Pablo\Documents\GitHub\nine-screen-canvas-flow\vendor\phpseclib\phpseclib\phpseclib\Math\BigInteger\Engines\BCMath.php on line 157
[13-Mar-2026 14:24:56 UTC] PHP Deprecated:  chr(): Providing a value not in-between 0 and 255 is deprecated, this is because a byte value must be in the [0, 255] interval. The value used will be constrained using % 256 in C:\Users\Pablo\Documents\GitHub\nine-screen-canvas-flow\vendor\phpseclib\phpseclib\phpseclib\Math\BigInteger\Engines\BCMath.php on line 157
[13-Mar-2026 14:24:56 UTC] PHP Deprecated:  chr(): Providing a value not in-between 0 and 255 is deprecated, this is because a byte value must be in the [0, 255] interval. The value used will be constrained using % 256 in C:\Users\Pablo\Documents\GitHub\nine-screen-canvas-flow\vendor\phpseclib\phpseclib\phpseclib\Math\BigInteger\Engines\BCMath.php on line 157
[13-Mar-2026 14:24:56 UTC] PHP Deprecated:  chr(): Providing a value not in-between 0 and 255 is deprecated, this is because a byte value must be in the [0, 255] interval. The value used will be constrained using % 256 in C:\Users\Pablo\Documents\GitHub\nine-screen-canvas-flow\vendor\phpseclib\phpseclib\phpseclib\Math\BigInteger\Engines\BCMath.php on line 157
[13-Mar-2026 14:24:56 UTC] PHP Deprecated:  chr(): Providing a value not in-between 0 and 255 is deprecated, this is because a byte value must be in the [0, 255] interval. The value used will be constrained using % 256 in C:\Users\Pablo\Documents\GitHub\nine-screen-canvas-flow\vendor\phpseclib\phpseclib\phpseclib\Math\BigInteger\Engines\BCMath.php on line 157
[13-Mar-2026 14:24:56 UTC] PHP Deprecated:  chr(): Providing a value not in-between 0 and 255 is deprecated, this is because a byte value must be in the [0, 255] interval. The value used will be constrained using % 256 in C:\Users\Pablo\Documents\GitHub\nine-screen-canvas-flow\vendor\phpseclib\phpseclib\phpseclib\Math\BigInteger\Engines\BCMath.php on line 157
[13-Mar-2026 14:24:56 UTC] PHP Deprecated:  chr(): Providing a value not in-between 0 and 255 is deprecated, this is because a byte value must be in the [0, 255] interval. The value used will be constrained using % 256 in C:\Users\Pablo\Documents\GitHub\nine-screen-canvas-flow\vendor\phpseclib\phpseclib\phpseclib\Math\BigInteger\Engines\BCMath.php on line 157
[13-Mar-2026 14:24:56 UTC] PHP Deprecated:  chr(): Providing a value not in-between 0 and 255 is deprecated, this is because a byte value must be in the [0, 255] interval. The value used will be constrained using % 256 in C:\Users\Pablo\Documents\GitHub\nine-screen-canvas-flow\vendor\phpseclib\phpseclib\phpseclib\Math\BigInteger\Engines\BCMath.php on line 157
[13-Mar-2026 14:24:56 UTC] PHP Deprecated:  chr(): Providing a value not in-between 0 and 255 is deprecated, this is because a byte value must be in the [0, 255] interval. The value used will be constrained using % 256 in C:\Users\Pablo\Documents\GitHub\nine-screen-canvas-flow\vendor\phpseclib\phpseclib\phpseclib\Math\BigInteger\Engines\BCMath.php on line 157
[13-Mar-2026 14:24:56 UTC] PHP Deprecated:  chr(): Providing a value not in-between 0 and 255 is deprecated, this is because a byte value must be in the [0, 255] interval. The value used will be constrained using % 256 in C:\Users\Pablo\Documents\GitHub\nine-screen-canvas-flow\vendor\phpseclib\phpseclib\phpseclib\Math\BigInteger\Engines\BCMath.php on line 157
[13-Mar-2026 14:24:56 UTC] PHP Deprecated:  chr(): Providing a value not in-between 0 and 255 is deprecated, this is because a byte value must be in the [0, 255] interval. The value used will be constrained using % 256 in C:\Users\Pablo\Documents\GitHub\nine-screen-canvas-flow\vendor\phpseclib\phpseclib\phpseclib\Math\BigInteger\Engines\BCMath.php on line 157
[13-Mar-2026 14:24:56 UTC] PHP Deprecated:  chr(): Providing a value not in-between 0 and 255 is deprecated, this is because a byte value must be in the [0, 255] interval. The value used will be constrained using % 256 in C:\Users\Pablo\Documents\GitHub\nine-screen-canvas-flow\vendor\phpseclib\phpseclib\phpseclib\Math\BigInteger\Engines\BCMath.php on line 157
[13-Mar-2026 14:24:56 UTC] PHP Deprecated:  chr(): Providing a value not in-between 0 and 255 is deprecated, this is because a byte value must be in the [0, 255] interval. The value used will be constrained using % 256 in C:\Users\Pablo\Documents\GitHub\nine-screen-canvas-flow\vendor\phpseclib\phpseclib\phpseclib\Math\BigInteger\Engines\BCMath.php on line 157
[13-Mar-2026 14:24:56 UTC] PHP Deprecated:  chr(): Providing a value not in-between 0 and 255 is deprecated, this is because a byte value must be in the [0, 255] interval. The value used will be constrained using % 256 in C:\Users\Pablo\Documents\GitHub\nine-screen-canvas-flow\vendor\phpseclib\phpseclib\phpseclib\Math\BigInteger\Engines\BCMath.php on line 157
[13-Mar-2026 14:24:56 UTC] PHP Deprecated:  chr(): Providing a value not in-between 0 and 255 is deprecated, this is because a byte value must be in the [0, 255] interval. The value used will be constrained using % 256 in C:\Users\Pablo\Documents\GitHub\nine-screen-canvas-flow\vendor\phpseclib\phpseclib\phpseclib\Math\BigInteger\Engines\BCMath.php on line 157
[13-Mar-2026 14:24:56 UTC] PHP Deprecated:  chr(): Providing a value not in-between 0 and 255 is deprecated, this is because a byte value must be in the [0, 255] interval. The value used will be constrained using % 256 in C:\Users\Pablo\Documents\GitHub\nine-screen-canvas-flow\vendor\phpseclib\phpseclib\phpseclib\Math\BigInteger\Engines\BCMath.php on line 157
[13-Mar-2026 14:24:56 UTC] PHP Deprecated:  chr(): Providing a value not in-between 0 and 255 is deprecated, this is because a byte value must be in the [0, 255] interval. The value used will be constrained using % 256 in C:\Users\Pablo\Documents\GitHub\nine-screen-canvas-flow\vendor\phpseclib\phpseclib\phpseclib\Math\BigInteger\Engines\BCMath.php on line 157
[13-Mar-2026 14:24:56 UTC] PHP Deprecated:  chr(): Providing a value not in-between 0 and 255 is deprecated, this is because a byte value must be in the [0, 255] interval. The value used will be constrained using % 256 in C:\Users\Pablo\Documents\GitHub\nine-screen-canvas-flow\vendor\phpseclib\phpseclib\phpseclib\Math\BigInteger\Engines\BCMath.php on line 157
[13-Mar-2026 14:24:56 UTC] PHP Deprecated:  chr(): Providing a value not in-between 0 and 255 is deprecated, this is because a byte value must be in the [0, 255] interval. The value used will be constrained using % 256 in C:\Users\Pablo\Documents\GitHub\nine-screen-canvas-flow\vendor\phpseclib\phpseclib\phpseclib\Math\BigInteger\Engines\BCMath.php on line 157
[13-Mar-2026 14:24:56 UTC] PHP Deprecated:  chr(): Providing a value not in-between 0 and 255 is deprecated, this is because a byte value must be in the [0, 255] interval. The value used will be constrained using % 256 in C:\Users\Pablo\Documents\GitHub\nine-screen-canvas-flow\vendor\phpseclib\phpseclib\phpseclib\Math\BigInteger\Engines\BCMath.php on line 157
[13-Mar-2026 14:24:56 UTC] PHP Deprecated:  chr(): Providing a value not in-between 0 and 255 is deprecated, this is because a byte value must be in the [0, 255] interval. The value used will be constrained using % 256 in C:\Users\Pablo\Documents\GitHub\nine-screen-canvas-flow\vendor\phpseclib\phpseclib\phpseclib\Math\BigInteger\Engines\BCMath.php on line 157
[13-Mar-2026 14:24:56 UTC] PHP Deprecated:  chr(): Providing a value not in-between 0 and 255 is deprecated, this is because a byte value must be in the [0, 255] interval. The value used will be constrained using % 256 in C:\Users\Pablo\Documents\GitHub\nine-screen-canvas-flow\vendor\phpseclib\phpseclib\phpseclib\Math\BigInteger\Engines\BCMath.php on line 157
[13-Mar-2026 14:24:56 UTC] PHP Deprecated:  chr(): Providing a value not in-between 0 and 255 is deprecated, this is because a byte value must be in the [0, 255] interval. The value used will be constrained using % 256 in C:\Users\Pablo\Documents\GitHub\nine-screen-canvas-flow\vendor\phpseclib\phpseclib\phpseclib\Math\BigInteger\Engines\BCMath.php on line 157
[13-Mar-2026 14:24:56 UTC] PHP Deprecated:  chr(): Providing a value not in-between 0 and 255 is deprecated, this is because a byte value must be in the [0, 255] interval. The value used will be constrained using % 256 in C:\Users\Pablo\Documents\GitHub\nine-screen-canvas-flow\vendor\phpseclib\phpseclib\phpseclib\Math\BigInteger\Engines\BCMath.php on line 157
[13-Mar-2026 14:24:56 UTC] PHP Deprecated:  chr(): Providing a value not in-between 0 and 255 is deprecated, this is because a byte value must be in the [0, 255] interval. The value used will be constrained using % 256 in C:\Users\Pablo\Documents\GitHub\nine-screen-canvas-flow\vendor\phpseclib\phpseclib\phpseclib\Math\BigInteger\Engines\BCMath.php on line 157
[13-Mar-2026 14:24:56 UTC] PHP Deprecated:  chr(): Providing a value not in-between 0 and 255 is deprecated, this is because a byte value must be in the [0, 255] interval. The value used will be constrained using % 256 in C:\Users\Pablo\Documents\GitHub\nine-screen-canvas-flow\vendor\phpseclib\phpseclib\phpseclib\Math\BigInteger\Engines\BCMath.php on line 157
[13-Mar-2026 14:24:56 UTC] PHP Deprecated:  chr(): Providing a value not in-between 0 and 255 is deprecated, this is because a byte value must be in the [0, 255] interval. The value used will be constrained using % 256 in C:\Users\Pablo\Documents\GitHub\nine-screen-canvas-flow\vendor\phpseclib\phpseclib\phpseclib\Math\BigInteger\Engines\BCMath.php on line 157
[13-Mar-2026 14:24:56 UTC] PHP Deprecated:  chr(): Providing a value not in-between 0 and 255 is deprecated, this is because a byte value must be in the [0, 255] interval. The value used will be constrained using % 256 in C:\Users\Pablo\Documents\GitHub\nine-screen-canvas-flow\vendor\phpseclib\phpseclib\phpseclib\Math\BigInteger\Engines\BCMath.php on line 157
[13-Mar-2026 14:24:56 UTC] PHP Deprecated:  chr(): Providing a value not in-between 0 and 255 is deprecated, this is because a byte value must be in the [0, 255] interval. The value used will be constrained using % 256 in C:\Users\Pablo\Documents\GitHub\nine-screen-canvas-flow\vendor\phpseclib\phpseclib\phpseclib\Math\BigInteger\Engines\BCMath.php on line 157
[13-Mar-2026 14:24:56 UTC] PHP Deprecated:  chr(): Providing a value not in-between 0 and 255 is deprecated, this is because a byte value must be in the [0, 255] interval. The value used will be constrained using % 256 in C:\Users\Pablo\Documents\GitHub\nine-screen-canvas-flow\vendor\phpseclib\phpseclib\phpseclib\Math\BigInteger\Engines\BCMath.php on line 157
[13-Mar-2026 14:24:56 UTC] PHP Deprecated:  chr(): Providing a value not in-between 0 and 255 is deprecated, this is because a byte value must be in the [0, 255] interval. The value used will be constrained using % 256 in C:\Users\Pablo\Documents\GitHub\nine-screen-canvas-flow\vendor\phpseclib\phpseclib\phpseclib\Math\BigInteger\Engines\BCMath.php on line 157
[13-Mar-2026 14:24:56 UTC] PHP Deprecated:  chr(): Providing a value not in-between 0 and 255 is deprecated, this is because a byte value must be in the [0, 255] interval. The value used will be constrained using % 256 in C:\Users\Pablo\Documents\GitHub\nine-screen-canvas-flow\vendor\phpseclib\phpseclib\phpseclib\Math\BigInteger\Engines\BCMath.php on line 157
[13-Mar-2026 14:24:56 UTC] PHP Deprecated:  chr(): Providing a value not in-between 0 and 255 is deprecated, this is because a byte value must be in the [0, 255] interval. The value used will be constrained using % 256 in C:\Users\Pablo\Documents\GitHub\nine-screen-canvas-flow\vendor\phpseclib\phpseclib\phpseclib\Math\BigInteger\Engines\BCMath.php on line 157
[13-Mar-2026 14:24:56 UTC] PHP Deprecated:  chr(): Providing a value not in-between 0 and 255 is deprecated, this is because a byte value must be in the [0, 255] interval. The value used will be constrained using % 256 in C:\Users\Pablo\Documents\GitHub\nine-screen-canvas-flow\vendor\phpseclib\phpseclib\phpseclib\Math\BigInteger\Engines\BCMath.php on line 157
[13-Mar-2026 14:24:56 UTC] PHP Deprecated:  chr(): Providing a value not in-between 0 and 255 is deprecated, this is because a byte value must be in the [0, 255] interval. The value used will be constrained using % 256 in C:\Users\Pablo\Documents\GitHub\nine-screen-canvas-flow\vendor\phpseclib\phpseclib\phpseclib\Math\BigInteger\Engines\BCMath.php on line 157
[13-Mar-2026 14:24:56 UTC] PHP Deprecated:  chr(): Providing a value not in-between 0 and 255 is deprecated, this is because a byte value must be in the [0, 255] interval. The value used will be constrained using % 256 in C:\Users\Pablo\Documents\GitHub\nine-screen-canvas-flow\vendor\phpseclib\phpseclib\phpseclib\Math\BigInteger\Engines\BCMath.php on line 157
[13-Mar-2026 14:24:56 UTC] PHP Deprecated:  chr(): Providing a value not in-between 0 and 255 is deprecated, this is because a byte value must be in the [0, 255] interval. The value used will be constrained using % 256 in C:\Users\Pablo\Documents\GitHub\nine-screen-canvas-flow\vendor\phpseclib\phpseclib\phpseclib\Math\BigInteger\Engines\BCMath.php on line 157
[13-Mar-2026 14:24:56 UTC] PHP Deprecated:  chr(): Providing a value not in-between 0 and 255 is deprecated, this is because a byte value must be in the [0, 255] interval. The value used will be constrained using % 256 in C:\Users\Pablo\Documents\GitHub\nine-screen-canvas-flow\vendor\phpseclib\phpseclib\phpseclib\Math\BigInteger\Engines\BCMath.php on line 157
[13-Mar-2026 14:24:56 UTC] PHP Deprecated:  chr(): Providing a value not in-between 0 and 255 is deprecated, this is because a byte value must be in the [0, 255] interval. The value used will be constrained using % 256 in C:\Users\Pablo\Documents\GitHub\nine-screen-canvas-flow\vendor\phpseclib\phpseclib\phpseclib\Math\BigInteger\Engines\BCMath.php on line 157
[13-Mar-2026 14:24:56 UTC] PHP Deprecated:  chr(): Providing a value not in-between 0 and 255 is deprecated, this is because a byte value must be in the [0, 255] interval. The value used will be constrained using % 256 in C:\Users\Pablo\Documents\GitHub\nine-screen-canvas-flow\vendor\phpseclib\phpseclib\phpseclib\Math\BigInteger\Engines\BCMath.php on line 157
[13-Mar-2026 14:24:56 UTC] PHP Deprecated:  chr(): Providing a value not in-between 0 and 255 is deprecated, this is because a byte value must be in the [0, 255] interval. The value used will be constrained using % 256 in C:\Users\Pablo\Documents\GitHub\nine-screen-canvas-flow\vendor\phpseclib\phpseclib\phpseclib\Math\BigInteger\Engines\BCMath.php on line 157
[13-Mar-2026 14:24:56 UTC] PHP Deprecated:  chr(): Providing a value not in-between 0 and 255 is deprecated, this is because a byte value must be in the [0, 255] interval. The value used will be constrained using % 256 in C:\Users\Pablo\Documents\GitHub\nine-screen-canvas-flow\vendor\phpseclib\phpseclib\phpseclib\Math\BigInteger\Engines\BCMath.php on line 157
[13-Mar-2026 14:24:56 UTC] PHP Deprecated:  chr(): Providing a value not in-between 0 and 255 is deprecated, this is because a byte value must be in the [0, 255] interval. The value used will be constrained using % 256 in C:\Users\Pablo\Documents\GitHub\nine-screen-canvas-flow\vendor\phpseclib\phpseclib\phpseclib\Math\BigInteger\Engines\BCMath.php on line 157
[13-Mar-2026 14:24:56 UTC] PHP Deprecated:  chr(): Providing a value not in-between 0 and 255 is deprecated, this is because a byte value must be in the [0, 255] interval. The value used will be constrained using % 256 in C:\Users\Pablo\Documents\GitHub\nine-screen-canvas-flow\vendor\phpseclib\phpseclib\phpseclib\Math\BigInteger\Engines\BCMath.php on line 157
[13-Mar-2026 14:24:56 UTC] PHP Deprecated:  chr(): Providing a value not in-between 0 and 255 is deprecated, this is because a byte value must be in the [0, 255] interval. The value used will be constrained using % 256 in C:\Users\Pablo\Documents\GitHub\nine-screen-canvas-flow\vendor\phpseclib\phpseclib\phpseclib\Math\BigInteger\Engines\BCMath.php on line 157
[13-Mar-2026 14:24:56 UTC] PHP Deprecated:  chr(): Providing a value not in-between 0 and 255 is deprecated, this is because a byte value must be in the [0, 255] interval. The value used will be constrained using % 256 in C:\Users\Pablo\Documents\GitHub\nine-screen-canvas-flow\vendor\phpseclib\phpseclib\phpseclib\Math\BigInteger\Engines\BCMath.php on line 157
[13-Mar-2026 14:24:56 UTC] PHP Deprecated:  chr(): Providing a value not in-between 0 and 255 is deprecated, this is because a byte value must be in the [0, 255] interval. The value used will be constrained using % 256 in C:\Users\Pablo\Documents\GitHub\nine-screen-canvas-flow\vendor\phpseclib\phpseclib\phpseclib\Math\BigInteger\Engines\BCMath.php on line 157
[13-Mar-2026 14:24:56 UTC] PHP Deprecated:  chr(): Providing a value not in-between 0 and 255 is deprecated, this is because a byte value must be in the [0, 255] interval. The value used will be constrained using % 256 in C:\Users\Pablo\Documents\GitHub\nine-screen-canvas-flow\vendor\phpseclib\phpseclib\phpseclib\Math\BigInteger\Engines\BCMath.php on line 157
[13-Mar-2026 14:24:56 UTC] PHP Deprecated:  chr(): Providing a value not in-between 0 and 255 is deprecated, this is because a byte value must be in the [0, 255] interval. The value used will be constrained using % 256 in C:\Users\Pablo\Documents\GitHub\nine-screen-canvas-flow\vendor\phpseclib\phpseclib\phpseclib\Math\BigInteger\Engines\BCMath.php on line 157
[13-Mar-2026 14:24:56 UTC] PHP Deprecated:  chr(): Providing a value not in-between 0 and 255 is deprecated, this is because a byte value must be in the [0, 255] interval. The value used will be constrained using % 256 in C:\Users\Pablo\Documents\GitHub\nine-screen-canvas-flow\vendor\phpseclib\phpseclib\phpseclib\Math\BigInteger\Engines\BCMath.php on line 157
[13-Mar-2026 14:24:56 UTC] PHP Deprecated:  chr(): Providing a value not in-between 0 and 255 is deprecated, this is because a byte value must be in the [0, 255] interval. The value used will be constrained using % 256 in C:\Users\Pablo\Documents\GitHub\nine-screen-canvas-flow\vendor\phpseclib\phpseclib\phpseclib\Math\BigInteger\Engines\BCMath.php on line 157
[13-Mar-2026 14:24:56 UTC] PHP Deprecated:  chr(): Providing a value not in-between 0 and 255 is deprecated, this is because a byte value must be in the [0, 255] interval. The value used will be constrained using % 256 in C:\Users\Pablo\Documents\GitHub\nine-screen-canvas-flow\vendor\phpseclib\phpseclib\phpseclib\Math\BigInteger\Engines\BCMath.php on line 157
[13-Mar-2026 14:24:56 UTC] PHP Deprecated:  chr(): Providing a value not in-between 0 and 255 is deprecated, this is because a byte value must be in the [0, 255] interval. The value used will be constrained using % 256 in C:\Users\Pablo\Documents\GitHub\nine-screen-canvas-flow\vendor\phpseclib\phpseclib\phpseclib\Math\BigInteger\Engines\BCMath.php on line 157
[13-Mar-2026 14:24:56 UTC] PHP Deprecated:  chr(): Providing a value not in-between 0 and 255 is deprecated, this is because a byte value must be in the [0, 255] interval. The value used will be constrained using % 256 in C:\Users\Pablo\Documents\GitHub\nine-screen-canvas-flow\vendor\phpseclib\phpseclib\phpseclib\Math\BigInteger\Engines\BCMath.php on line 157
[13-Mar-2026 14:24:56 UTC] PHP Deprecated:  chr(): Providing a value not in-between 0 and 255 is deprecated, this is because a byte value must be in the [0, 255] interval. The value used will be constrained using % 256 in C:\Users\Pablo\Documents\GitHub\nine-screen-canvas-flow\vendor\phpseclib\phpseclib\phpseclib\Math\BigInteger\Engines\BCMath.php on line 157
[13-Mar-2026 14:24:56 UTC] PHP Deprecated:  chr(): Providing a value not in-between 0 and 255 is deprecated, this is because a byte value must be in the [0, 255] interval. The value used will be constrained using % 256 in C:\Users\Pablo\Documents\GitHub\nine-screen-canvas-flow\vendor\phpseclib\phpseclib\phpseclib\Math\BigInteger\Engines\BCMath.php on line 157
[13-Mar-2026 14:24:56 UTC] PHP Deprecated:  chr(): Providing a value not in-between 0 and 255 is deprecated, this is because a byte value must be in the [0, 255] interval. The value used will be constrained using % 256 in C:\Users\Pablo\Documents\GitHub\nine-screen-canvas-flow\vendor\phpseclib\phpseclib\phpseclib\Math\BigInteger\Engines\BCMath.php on line 157
[13-Mar-2026 14:24:56 UTC] PHP Deprecated:  chr(): Providing a value not in-between 0 and 255 is deprecated, this is because a byte value must be in the [0, 255] interval. The value used will be constrained using % 256 in C:\Users\Pablo\Documents\GitHub\nine-screen-canvas-flow\vendor\phpseclib\phpseclib\phpseclib\Math\BigInteger\Engines\BCMath.php on line 157
[13-Mar-2026 14:24:56 UTC] PHP Deprecated:  chr(): Providing a value not in-between 0 and 255 is deprecated, this is because a byte value must be in the [0, 255] interval. The value used will be constrained using % 256 in C:\Users\Pablo\Documents\GitHub\nine-screen-canvas-flow\vendor\phpseclib\phpseclib\phpseclib\Math\BigInteger\Engines\BCMath.php on line 157
[13-Mar-2026 14:24:56 UTC] PHP Deprecated:  chr(): Providing a value not in-between 0 and 255 is deprecated, this is because a byte value must be in the [0, 255] interval. The value used will be constrained using % 256 in C:\Users\Pablo\Documents\GitHub\nine-screen-canvas-flow\vendor\phpseclib\phpseclib\phpseclib\Math\BigInteger\Engines\BCMath.php on line 157
[13-Mar-2026 14:24:56 UTC] PHP Deprecated:  chr(): Providing a value not in-between 0 and 255 is deprecated, this is because a byte value must be in the [0, 255] interval. The value used will be constrained using % 256 in C:\Users\Pablo\Documents\GitHub\nine-screen-canvas-flow\vendor\phpseclib\phpseclib\phpseclib\Math\BigInteger\Engines\BCMath.php on line 157
[13-Mar-2026 14:24:56 UTC] PHP Deprecated:  chr(): Providing a value not in-between 0 and 255 is deprecated, this is because a byte value must be in the [0, 255] interval. The value used will be constrained using % 256 in C:\Users\Pablo\Documents\GitHub\nine-screen-canvas-flow\vendor\phpseclib\phpseclib\phpseclib\Math\BigInteger\Engines\BCMath.php on line 157
[13-Mar-2026 14:24:56 UTC] PHP Deprecated:  chr(): Providing a value not in-between 0 and 255 is deprecated, this is because a byte value must be in the [0, 255] interval. The value used will be constrained using % 256 in C:\Users\Pablo\Documents\GitHub\nine-screen-canvas-flow\vendor\phpseclib\phpseclib\phpseclib\Math\BigInteger\Engines\BCMath.php on line 157
[13-Mar-2026 14:24:56 UTC] PHP Deprecated:  chr(): Providing a value not in-between 0 and 255 is deprecated, this is because a byte value must be in the [0, 255] interval. The value used will be constrained using % 256 in C:\Users\Pablo\Documents\GitHub\nine-screen-canvas-flow\vendor\phpseclib\phpseclib\phpseclib\Math\BigInteger\Engines\BCMath.php on line 157
[13-Mar-2026 14:24:56 UTC] PHP Deprecated:  chr(): Providing a value not in-between 0 and 255 is deprecated, this is because a byte value must be in the [0, 255] interval. The value used will be constrained using % 256 in C:\Users\Pablo\Documents\GitHub\nine-screen-canvas-flow\vendor\phpseclib\phpseclib\phpseclib\Math\BigInteger\Engines\BCMath.php on line 157
[13-Mar-2026 14:24:56 UTC] PHP Deprecated:  chr(): Providing a value not in-between 0 and 255 is deprecated, this is because a byte value must be in the [0, 255] interval. The value used will be constrained using % 256 in C:\Users\Pablo\Documents\GitHub\nine-screen-canvas-flow\vendor\phpseclib\phpseclib\phpseclib\Math\BigInteger\Engines\BCMath.php on line 157
[13-Mar-2026 14:24:56 UTC] PHP Deprecated:  chr(): Providing a value not in-between 0 and 255 is deprecated, this is because a byte value must be in the [0, 255] interval. The value used will be constrained using % 256 in C:\Users\Pablo\Documents\GitHub\nine-screen-canvas-flow\vendor\phpseclib\phpseclib\phpseclib\Math\BigInteger\Engines\BCMath.php on line 157
[13-Mar-2026 14:24:56 UTC] PHP Deprecated:  chr(): Providing a value not in-between 0 and 255 is deprecated, this is because a byte value must be in the [0, 255] interval. The value used will be constrained using % 256 in C:\Users\Pablo\Documents\GitHub\nine-screen-canvas-flow\vendor\phpseclib\phpseclib\phpseclib\Math\BigInteger\Engines\BCMath.php on line 157
[13-Mar-2026 14:24:56 UTC] PHP Deprecated:  chr(): Providing a value not in-between 0 and 255 is deprecated, this is because a byte value must be in the [0, 255] interval. The value used will be constrained using % 256 in C:\Users\Pablo\Documents\GitHub\nine-screen-canvas-flow\vendor\phpseclib\phpseclib\phpseclib\Math\BigInteger\Engines\BCMath.php on line 157
[13-Mar-2026 14:24:56 UTC] PHP Deprecated:  chr(): Providing a value not in-between 0 and 255 is deprecated, this is because a byte value must be in the [0, 255] interval. The value used will be constrained using % 256 in C:\Users\Pablo\Documents\GitHub\nine-screen-canvas-flow\vendor\phpseclib\phpseclib\phpseclib\Math\BigInteger\Engines\BCMath.php on line 157
[13-Mar-2026 14:24:56 UTC] PHP Deprecated:  chr(): Providing a value not in-between 0 and 255 is deprecated, this is because a byte value must be in the [0, 255] interval. The value used will be constrained using % 256 in C:\Users\Pablo\Documents\GitHub\nine-screen-canvas-flow\vendor\phpseclib\phpseclib\phpseclib\Math\BigInteger\Engines\BCMath.php on line 157
[13-Mar-2026 14:24:56 UTC] PHP Deprecated:  chr(): Providing a value not in-between 0 and 255 is deprecated, this is because a byte value must be in the [0, 255] interval. The value used will be constrained using % 256 in C:\Users\Pablo\Documents\GitHub\nine-screen-canvas-flow\vendor\phpseclib\phpseclib\phpseclib\Math\BigInteger\Engines\BCMath.php on line 157
[13-Mar-2026 14:24:56 UTC] PHP Deprecated:  chr(): Providing a value not in-between 0 and 255 is deprecated, this is because a byte value must be in the [0, 255] interval. The value used will be constrained using % 256 in C:\Users\Pablo\Documents\GitHub\nine-screen-canvas-flow\vendor\phpseclib\phpseclib\phpseclib\Math\BigInteger\Engines\BCMath.php on line 157
[13-Mar-2026 14:24:56 UTC] PHP Deprecated:  chr(): Providing a value not in-between 0 and 255 is deprecated, this is because a byte value must be in the [0, 255] interval. The value used will be constrained using % 256 in C:\Users\Pablo\Documents\GitHub\nine-screen-canvas-flow\vendor\phpseclib\phpseclib\phpseclib\Math\BigInteger\Engines\BCMath.php on line 157
[13-Mar-2026 14:24:56 UTC] PHP Deprecated:  chr(): Providing a value not in-between 0 and 255 is deprecated, this is because a byte value must be in the [0, 255] interval. The value used will be constrained using % 256 in C:\Users\Pablo\Documents\GitHub\nine-screen-canvas-flow\vendor\phpseclib\phpseclib\phpseclib\Math\BigInteger\Engines\BCMath.php on line 157
[13-Mar-2026 14:24:56 UTC] PHP Deprecated:  chr(): Providing a value not in-between 0 and 255 is deprecated, this is because a byte value must be in the [0, 255] interval. The value used will be constrained using % 256 in C:\Users\Pablo\Documents\GitHub\nine-screen-canvas-flow\vendor\phpseclib\phpseclib\phpseclib\Math\BigInteger\Engines\BCMath.php on line 157
[13-Mar-2026 14:24:56 UTC] PHP Deprecated:  chr(): Providing a value not in-between 0 and 255 is deprecated, this is because a byte value must be in the [0, 255] interval. The value used will be constrained using % 256 in C:\Users\Pablo\Documents\GitHub\nine-screen-canvas-flow\vendor\phpseclib\phpseclib\phpseclib\Math\BigInteger\Engines\BCMath.php on line 157
[13-Mar-2026 14:24:56 UTC] PHP Deprecated:  chr(): Providing a value not in-between 0 and 255 is deprecated, this is because a byte value must be in the [0, 255] interval. The value used will be constrained using % 256 in C:\Users\Pablo\Documents\GitHub\nine-screen-canvas-flow\vendor\phpseclib\phpseclib\phpseclib\Math\BigInteger\Engines\BCMath.php on line 157
[13-Mar-2026 14:24:56 UTC] PHP Deprecated:  chr(): Providing a value not in-between 0 and 255 is deprecated, this is because a byte value must be in the [0, 255] interval. The value used will be constrained using % 256 in C:\Users\Pablo\Documents\GitHub\nine-screen-canvas-flow\vendor\phpseclib\phpseclib\phpseclib\Math\BigInteger\Engines\BCMath.php on line 157
[13-Mar-2026 14:24:56 UTC] PHP Deprecated:  chr(): Providing a value not in-between 0 and 255 is deprecated, this is because a byte value must be in the [0, 255] interval. The value used will be constrained using % 256 in C:\Users\Pablo\Documents\GitHub\nine-screen-canvas-flow\vendor\phpseclib\phpseclib\phpseclib\Math\BigInteger\Engines\BCMath.php on line 157
[13-Mar-2026 14:24:56 UTC] PHP Deprecated:  chr(): Providing a value not in-between 0 and 255 is deprecated, this is because a byte value must be in the [0, 255] interval. The value used will be constrained using % 256 in C:\Users\Pablo\Documents\GitHub\nine-screen-canvas-flow\vendor\phpseclib\phpseclib\phpseclib\Math\BigInteger\Engines\BCMath.php on line 157
[13-Mar-2026 14:24:56 UTC] PHP Deprecated:  chr(): Providing a value not in-between 0 and 255 is deprecated, this is because a byte value must be in the [0, 255] interval. The value used will be constrained using % 256 in C:\Users\Pablo\Documents\GitHub\nine-screen-canvas-flow\vendor\phpseclib\phpseclib\phpseclib\Math\BigInteger\Engines\BCMath.php on line 157
[13-Mar-2026 14:24:56 UTC] PHP Deprecated:  chr(): Providing a value not in-between 0 and 255 is deprecated, this is because a byte value must be in the [0, 255] interval. The value used will be constrained using % 256 in C:\Users\Pablo\Documents\GitHub\nine-screen-canvas-flow\vendor\phpseclib\phpseclib\phpseclib\Math\BigInteger\Engines\BCMath.php on line 157
[13-Mar-2026 14:24:56 UTC] PHP Deprecated:  chr(): Providing a value not in-between 0 and 255 is deprecated, this is because a byte value must be in the [0, 255] interval. The value used will be constrained using % 256 in C:\Users\Pablo\Documents\GitHub\nine-screen-canvas-flow\vendor\phpseclib\phpseclib\phpseclib\Math\BigInteger\Engines\BCMath.php on line 157
[13-Mar-2026 14:24:56 UTC] PHP Deprecated:  chr(): Providing a value not in-between 0 and 255 is deprecated, this is because a byte value must be in the [0, 255] interval. The value used will be constrained using % 256 in C:\Users\Pablo\Documents\GitHub\nine-screen-canvas-flow\vendor\phpseclib\phpseclib\phpseclib\Math\BigInteger\Engines\BCMath.php on line 157
[13-Mar-2026 14:24:56 UTC] PHP Deprecated:  chr(): Providing a value not in-between 0 and 255 is deprecated, this is because a byte value must be in the [0, 255] interval. The value used will be constrained using % 256 in C:\Users\Pablo\Documents\GitHub\nine-screen-canvas-flow\vendor\phpseclib\phpseclib\phpseclib\Math\BigInteger\Engines\BCMath.php on line 157
[13-Mar-2026 14:24:56 UTC] PHP Deprecated:  chr(): Providing a value not in-between 0 and 255 is deprecated, this is because a byte value must be in the [0, 255] interval. The value used will be constrained using % 256 in C:\Users\Pablo\Documents\GitHub\nine-screen-canvas-flow\vendor\phpseclib\phpseclib\phpseclib\Math\BigInteger\Engines\BCMath.php on line 157
[13-Mar-2026 14:24:56 UTC] PHP Deprecated:  chr(): Providing a value not in-between 0 and 255 is deprecated, this is because a byte value must be in the [0, 255] interval. The value used will be constrained using % 256 in C:\Users\Pablo\Documents\GitHub\nine-screen-canvas-flow\vendor\phpseclib\phpseclib\phpseclib\Math\BigInteger\Engines\BCMath.php on line 157
[13-Mar-2026 14:24:56 UTC] PHP Deprecated:  chr(): Providing a value not in-between 0 and 255 is deprecated, this is because a byte value must be in the [0, 255] interval. The value used will be constrained using % 256 in C:\Users\Pablo\Documents\GitHub\nine-screen-canvas-flow\vendor\phpseclib\phpseclib\phpseclib\Math\BigInteger\Engines\BCMath.php on line 157
[13-Mar-2026 14:24:56 UTC] PHP Deprecated:  chr(): Providing a value not in-between 0 and 255 is deprecated, this is because a byte value must be in the [0, 255] interval. The value used will be constrained using % 256 in C:\Users\Pablo\Documents\GitHub\nine-screen-canvas-flow\vendor\phpseclib\phpseclib\phpseclib\Math\BigInteger\Engines\BCMath.php on line 157
[13-Mar-2026 14:24:56 UTC] PHP Deprecated:  chr(): Providing a value not in-between 0 and 255 is deprecated, this is because a byte value must be in the [0, 255] interval. The value used will be constrained using % 256 in C:\Users\Pablo\Documents\GitHub\nine-screen-canvas-flow\vendor\phpseclib\phpseclib\phpseclib\Math\BigInteger\Engines\BCMath.php on line 157
[13-Mar-2026 14:24:56 UTC] PHP Deprecated:  chr(): Providing a value not in-between 0 and 255 is deprecated, this is because a byte value must be in the [0, 255] interval. The value used will be constrained using % 256 in C:\Users\Pablo\Documents\GitHub\nine-screen-canvas-flow\vendor\phpseclib\phpseclib\phpseclib\Math\BigInteger\Engines\BCMath.php on line 157
[13-Mar-2026 14:24:56 UTC] PHP Deprecated:  chr(): Providing a value not in-between 0 and 255 is deprecated, this is because a byte value must be in the [0, 255] interval. The value used will be constrained using % 256 in C:\Users\Pablo\Documents\GitHub\nine-screen-canvas-flow\vendor\phpseclib\phpseclib\phpseclib\Math\BigInteger\Engines\BCMath.php on line 157
[13-Mar-2026 14:24:56 UTC] PHP Deprecated:  chr(): Providing a value not in-between 0 and 255 is deprecated, this is because a byte value must be in the [0, 255] interval. The value used will be constrained using % 256 in C:\Users\Pablo\Documents\GitHub\nine-screen-canvas-flow\vendor\phpseclib\phpseclib\phpseclib\Math\BigInteger\Engines\BCMath.php on line 157
[13-Mar-2026 14:24:56 UTC] PHP Deprecated:  chr(): Providing a value not in-between 0 and 255 is deprecated, this is because a byte value must be in the [0, 255] interval. The value used will be constrained using % 256 in C:\Users\Pablo\Documents\GitHub\nine-screen-canvas-flow\vendor\phpseclib\phpseclib\phpseclib\Math\BigInteger\Engines\BCMath.php on line 157
[13-Mar-2026 14:24:56 UTC] PHP Deprecated:  chr(): Providing a value not in-between 0 and 255 is deprecated, this is because a byte value must be in the [0, 255] interval. The value used will be constrained using % 256 in C:\Users\Pablo\Documents\GitHub\nine-screen-canvas-flow\vendor\phpseclib\phpseclib\phpseclib\Math\BigInteger\Engines\BCMath.php on line 157
[13-Mar-2026 14:24:56 UTC] PHP Deprecated:  chr(): Providing a value not in-between 0 and 255 is deprecated, this is because a byte value must be in the [0, 255] interval. The value used will be constrained using % 256 in C:\Users\Pablo\Documents\GitHub\nine-screen-canvas-flow\vendor\phpseclib\phpseclib\phpseclib\Math\BigInteger\Engines\BCMath.php on line 157
[13-Mar-2026 14:24:56 UTC] PHP Deprecated:  chr(): Providing a value not in-between 0 and 255 is deprecated, this is because a byte value must be in the [0, 255] interval. The value used will be constrained using % 256 in C:\Users\Pablo\Documents\GitHub\nine-screen-canvas-flow\vendor\phpseclib\phpseclib\phpseclib\Math\BigInteger\Engines\BCMath.php on line 157
[13-Mar-2026 14:24:56 UTC] PHP Deprecated:  chr(): Providing a value not in-between 0 and 255 is deprecated, this is because a byte value must be in the [0, 255] interval. The value used will be constrained using % 256 in C:\Users\Pablo\Documents\GitHub\nine-screen-canvas-flow\vendor\phpseclib\phpseclib\phpseclib\Math\BigInteger\Engines\BCMath.php on line 157
[13-Mar-2026 14:24:56 UTC] PHP Deprecated:  chr(): Providing a value not in-between 0 and 255 is deprecated, this is because a byte value must be in the [0, 255] interval. The value used will be constrained using % 256 in C:\Users\Pablo\Documents\GitHub\nine-screen-canvas-flow\vendor\phpseclib\phpseclib\phpseclib\Math\BigInteger\Engines\BCMath.php on line 157
[13-Mar-2026 14:24:56 UTC] PHP Deprecated:  chr(): Providing a value not in-between 0 and 255 is deprecated, this is because a byte value must be in the [0, 255] interval. The value used will be constrained using % 256 in C:\Users\Pablo\Documents\GitHub\nine-screen-canvas-flow\vendor\phpseclib\phpseclib\phpseclib\Math\BigInteger\Engines\BCMath.php on line 157
[13-Mar-2026 14:24:56 UTC] PHP Deprecated:  chr(): Providing a value not in-between 0 and 255 is deprecated, this is because a byte value must be in the [0, 255] interval. The value used will be constrained using % 256 in C:\Users\Pablo\Documents\GitHub\nine-screen-canvas-flow\vendor\phpseclib\phpseclib\phpseclib\Math\BigInteger\Engines\BCMath.php on line 157
[13-Mar-2026 14:24:56 UTC] PHP Deprecated:  chr(): Providing a value not in-between 0 and 255 is deprecated, this is because a byte value must be in the [0, 255] interval. The value used will be constrained using % 256 in C:\Users\Pablo\Documents\GitHub\nine-screen-canvas-flow\vendor\phpseclib\phpseclib\phpseclib\Math\BigInteger\Engines\BCMath.php on line 157
[13-Mar-2026 14:24:56 UTC] PHP Deprecated:  chr(): Providing a value not in-between 0 and 255 is deprecated, this is because a byte value must be in the [0, 255] interval. The value used will be constrained using % 256 in C:\Users\Pablo\Documents\GitHub\nine-screen-canvas-flow\vendor\phpseclib\phpseclib\phpseclib\Math\BigInteger\Engines\BCMath.php on line 157
[13-Mar-2026 14:24:56 UTC] PHP Deprecated:  chr(): Providing a value not in-between 0 and 255 is deprecated, this is because a byte value must be in the [0, 255] interval. The value used will be constrained using % 256 in C:\Users\Pablo\Documents\GitHub\nine-screen-canvas-flow\vendor\phpseclib\phpseclib\phpseclib\Math\BigInteger\Engines\BCMath.php on line 157
[13-Mar-2026 14:24:56 UTC] PHP Deprecated:  chr(): Providing a value not in-between 0 and 255 is deprecated, this is because a byte value must be in the [0, 255] interval. The value used will be constrained using % 256 in C:\Users\Pablo\Documents\GitHub\nine-screen-canvas-flow\vendor\phpseclib\phpseclib\phpseclib\Math\BigInteger\Engines\BCMath.php on line 157
[13-Mar-2026 14:24:56 UTC] PHP Deprecated:  chr(): Providing a value not in-between 0 and 255 is deprecated, this is because a byte value must be in the [0, 255] interval. The value used will be constrained using % 256 in C:\Users\Pablo\Documents\GitHub\nine-screen-canvas-flow\vendor\phpseclib\phpseclib\phpseclib\Math\BigInteger\Engines\BCMath.php on line 157
[13-Mar-2026 14:24:56 UTC] PHP Deprecated:  chr(): Providing a value not in-between 0 and 255 is deprecated, this is because a byte value must be in the [0, 255] interval. The value used will be constrained using % 256 in C:\Users\Pablo\Documents\GitHub\nine-screen-canvas-flow\vendor\phpseclib\phpseclib\phpseclib\Math\BigInteger\Engines\BCMath.php on line 157
[13-Mar-2026 14:24:56 UTC] PHP Deprecated:  chr(): Providing a value not in-between 0 and 255 is deprecated, this is because a byte value must be in the [0, 255] interval. The value used will be constrained using % 256 in C:\Users\Pablo\Documents\GitHub\nine-screen-canvas-flow\vendor\phpseclib\phpseclib\phpseclib\Math\BigInteger\Engines\BCMath.php on line 157
[13-Mar-2026 14:24:56 UTC] PHP Deprecated:  chr(): Providing a value not in-between 0 and 255 is deprecated, this is because a byte value must be in the [0, 255] interval. The value used will be constrained using % 256 in C:\Users\Pablo\Documents\GitHub\nine-screen-canvas-flow\vendor\phpseclib\phpseclib\phpseclib\Math\BigInteger\Engines\BCMath.php on line 157
[13-Mar-2026 14:24:56 UTC] PHP Deprecated:  chr(): Providing a value not in-between 0 and 255 is deprecated, this is because a byte value must be in the [0, 255] interval. The value used will be constrained using % 256 in C:\Users\Pablo\Documents\GitHub\nine-screen-canvas-flow\vendor\phpseclib\phpseclib\phpseclib\Math\BigInteger\Engines\BCMath.php on line 157
[13-Mar-2026 14:24:56 UTC] PHP Deprecated:  chr(): Providing a value not in-between 0 and 255 is deprecated, this is because a byte value must be in the [0, 255] interval. The value used will be constrained using % 256 in C:\Users\Pablo\Documents\GitHub\nine-screen-canvas-flow\vendor\phpseclib\phpseclib\phpseclib\Math\BigInteger\Engines\BCMath.php on line 157
[13-Mar-2026 14:24:56 UTC] PHP Deprecated:  chr(): Providing a value not in-between 0 and 255 is deprecated, this is because a byte value must be in the [0, 255] interval. The value used will be constrained using % 256 in C:\Users\Pablo\Documents\GitHub\nine-screen-canvas-flow\vendor\phpseclib\phpseclib\phpseclib\Math\BigInteger\Engines\BCMath.php on line 157
[13-Mar-2026 14:24:56 UTC] PHP Deprecated:  chr(): Providing a value not in-between 0 and 255 is deprecated, this is because a byte value must be in the [0, 255] interval. The value used will be constrained using % 256 in C:\Users\Pablo\Documents\GitHub\nine-screen-canvas-flow\vendor\phpseclib\phpseclib\phpseclib\Math\BigInteger\Engines\BCMath.php on line 157
[13-Mar-2026 14:24:56 UTC] PHP Deprecated:  chr(): Providing a value not in-between 0 and 255 is deprecated, this is because a byte value must be in the [0, 255] interval. The value used will be constrained using % 256 in C:\Users\Pablo\Documents\GitHub\nine-screen-canvas-flow\vendor\phpseclib\phpseclib\phpseclib\Math\BigInteger\Engines\BCMath.php on line 157
[13-Mar-2026 14:24:56 UTC] PHP Deprecated:  chr(): Providing a value not in-between 0 and 255 is deprecated, this is because a byte value must be in the [0, 255] interval. The value used will be constrained using % 256 in C:\Users\Pablo\Documents\GitHub\nine-screen-canvas-flow\vendor\phpseclib\phpseclib\phpseclib\Math\BigInteger\Engines\BCMath.php on line 157
[13-Mar-2026 14:24:56 UTC] PHP Deprecated:  chr(): Providing a value not in-between 0 and 255 is deprecated, this is because a byte value must be in the [0, 255] interval. The value used will be constrained using % 256 in C:\Users\Pablo\Documents\GitHub\nine-screen-canvas-flow\vendor\phpseclib\phpseclib\phpseclib\Math\BigInteger\Engines\BCMath.php on line 157
[13-Mar-2026 14:24:56 UTC] PHP Deprecated:  chr(): Providing a value not in-between 0 and 255 is deprecated, this is because a byte value must be in the [0, 255] interval. The value used will be constrained using % 256 in C:\Users\Pablo\Documents\GitHub\nine-screen-canvas-flow\vendor\phpseclib\phpseclib\phpseclib\Math\BigInteger\Engines\BCMath.php on line 157
[13-Mar-2026 14:24:56 UTC] PHP Deprecated:  chr(): Providing a value not in-between 0 and 255 is deprecated, this is because a byte value must be in the [0, 255] interval. The value used will be constrained using % 256 in C:\Users\Pablo\Documents\GitHub\nine-screen-canvas-flow\vendor\phpseclib\phpseclib\phpseclib\Math\BigInteger\Engines\BCMath.php on line 157
[13-Mar-2026 14:24:56 UTC] PHP Deprecated:  chr(): Providing a value not in-between 0 and 255 is deprecated, this is because a byte value must be in the [0, 255] interval. The value used will be constrained using % 256 in C:\Users\Pablo\Documents\GitHub\nine-screen-canvas-flow\vendor\phpseclib\phpseclib\phpseclib\Math\BigInteger\Engines\BCMath.php on line 157
[13-Mar-2026 14:24:56 UTC] PHP Deprecated:  chr(): Providing a value not in-between 0 and 255 is deprecated, this is because a byte value must be in the [0, 255] interval. The value used will be constrained using % 256 in C:\Users\Pablo\Documents\GitHub\nine-screen-canvas-flow\vendor\phpseclib\phpseclib\phpseclib\Math\BigInteger\Engines\BCMath.php on line 157
[13-Mar-2026 14:24:56 UTC] PHP Deprecated:  chr(): Providing a value not in-between 0 and 255 is deprecated, this is because a byte value must be in the [0, 255] interval. The value used will be constrained using % 256 in C:\Users\Pablo\Documents\GitHub\nine-screen-canvas-flow\vendor\phpseclib\phpseclib\phpseclib\Math\BigInteger\Engines\BCMath.php on line 157
[13-Mar-2026 14:24:56 UTC] PHP Deprecated:  chr(): Providing a value not in-between 0 and 255 is deprecated, this is because a byte value must be in the [0, 255] interval. The value used will be constrained using % 256 in C:\Users\Pablo\Documents\GitHub\nine-screen-canvas-flow\vendor\phpseclib\phpseclib\phpseclib\Math\BigInteger\Engines\BCMath.php on line 157
[13-Mar-2026 14:24:56 UTC] PHP Deprecated:  chr(): Providing a value not in-between 0 and 255 is deprecated, this is because a byte value must be in the [0, 255] interval. The value used will be constrained using % 256 in C:\Users\Pablo\Documents\GitHub\nine-screen-canvas-flow\vendor\phpseclib\phpseclib\phpseclib\Math\BigInteger\Engines\BCMath.php on line 157
[13-Mar-2026 14:24:56 UTC] PHP Deprecated:  chr(): Providing a value not in-between 0 and 255 is deprecated, this is because a byte value must be in the [0, 255] interval. The value used will be constrained using % 256 in C:\Users\Pablo\Documents\GitHub\nine-screen-canvas-flow\vendor\phpseclib\phpseclib\phpseclib\Math\BigInteger\Engines\BCMath.php on line 157
[13-Mar-2026 14:24:56 UTC] PHP Deprecated:  chr(): Providing a value not in-between 0 and 255 is deprecated, this is because a byte value must be in the [0, 255] interval. The value used will be constrained using % 256 in C:\Users\Pablo\Documents\GitHub\nine-screen-canvas-flow\vendor\phpseclib\phpseclib\phpseclib\Math\BigInteger\Engines\BCMath.php on line 157
[13-Mar-2026 14:24:56 UTC] PHP Deprecated:  chr(): Providing a value not in-between 0 and 255 is deprecated, this is because a byte value must be in the [0, 255] interval. The value used will be constrained using % 256 in C:\Users\Pablo\Documents\GitHub\nine-screen-canvas-flow\vendor\phpseclib\phpseclib\phpseclib\Math\BigInteger\Engines\BCMath.php on line 157
[13-Mar-2026 14:24:56 UTC] PHP Deprecated:  chr(): Providing a value not in-between 0 and 255 is deprecated, this is because a byte value must be in the [0, 255] interval. The value used will be constrained using % 256 in C:\Users\Pablo\Documents\GitHub\nine-screen-canvas-flow\vendor\phpseclib\phpseclib\phpseclib\Math\BigInteger\Engines\BCMath.php on line 157
[13-Mar-2026 14:24:56 UTC] PHP Deprecated:  chr(): Providing a value not in-between 0 and 255 is deprecated, this is because a byte value must be in the [0, 255] interval. The value used will be constrained using % 256 in C:\Users\Pablo\Documents\GitHub\nine-screen-canvas-flow\vendor\phpseclib\phpseclib\phpseclib\Math\BigInteger\Engines\BCMath.php on line 157
[13-Mar-2026 14:24:56 UTC] PHP Deprecated:  chr(): Providing a value not in-between 0 and 255 is deprecated, this is because a byte value must be in the [0, 255] interval. The value used will be constrained using % 256 in C:\Users\Pablo\Documents\GitHub\nine-screen-canvas-flow\vendor\phpseclib\phpseclib\phpseclib\Math\BigInteger\Engines\BCMath.php on line 157
[13-Mar-2026 14:24:56 UTC] PHP Deprecated:  chr(): Providing a value not in-between 0 and 255 is deprecated, this is because a byte value must be in the [0, 255] interval. The value used will be constrained using % 256 in C:\Users\Pablo\Documents\GitHub\nine-screen-canvas-flow\vendor\phpseclib\phpseclib\phpseclib\Math\BigInteger\Engines\BCMath.php on line 157
[13-Mar-2026 14:24:56 UTC] PHP Deprecated:  chr(): Providing a value not in-between 0 and 255 is deprecated, this is because a byte value must be in the [0, 255] interval. The value used will be constrained using % 256 in C:\Users\Pablo\Documents\GitHub\nine-screen-canvas-flow\vendor\phpseclib\phpseclib\phpseclib\Math\BigInteger\Engines\BCMath.php on line 157
[13-Mar-2026 14:24:56 UTC] PHP Deprecated:  chr(): Providing a value not in-between 0 and 255 is deprecated, this is because a byte value must be in the [0, 255] interval. The value used will be constrained using % 256 in C:\Users\Pablo\Documents\GitHub\nine-screen-canvas-flow\vendor\phpseclib\phpseclib\phpseclib\Math\BigInteger\Engines\BCMath.php on line 157
[13-Mar-2026 14:24:56 UTC] PHP Deprecated:  chr(): Providing a value not in-between 0 and 255 is deprecated, this is because a byte value must be in the [0, 255] interval. The value used will be constrained using % 256 in C:\Users\Pablo\Documents\GitHub\nine-screen-canvas-flow\vendor\phpseclib\phpseclib\phpseclib\Math\BigInteger\Engines\BCMath.php on line 157
[13-Mar-2026 14:24:56 UTC] PHP Deprecated:  chr(): Providing a value not in-between 0 and 255 is deprecated, this is because a byte value must be in the [0, 255] interval. The value used will be constrained using % 256 in C:\Users\Pablo\Documents\GitHub\nine-screen-canvas-flow\vendor\phpseclib\phpseclib\phpseclib\Math\BigInteger\Engines\BCMath.php on line 157
[13-Mar-2026 14:24:56 UTC] PHP Deprecated:  chr(): Providing a value not in-between 0 and 255 is deprecated, this is because a byte value must be in the [0, 255] interval. The value used will be constrained using % 256 in C:\Users\Pablo\Documents\GitHub\nine-screen-canvas-flow\vendor\phpseclib\phpseclib\phpseclib\Math\BigInteger\Engines\BCMath.php on line 157
[13-Mar-2026 14:24:56 UTC] PHP Deprecated:  chr(): Providing a value not in-between 0 and 255 is deprecated, this is because a byte value must be in the [0, 255] interval. The value used will be constrained using % 256 in C:\Users\Pablo\Documents\GitHub\nine-screen-canvas-flow\vendor\phpseclib\phpseclib\phpseclib\Math\BigInteger\Engines\BCMath.php on line 157
[13-Mar-2026 14:24:56 UTC] PHP Deprecated:  chr(): Providing a value not in-between 0 and 255 is deprecated, this is because a byte value must be in the [0, 255] interval. The value used will be constrained using % 256 in C:\Users\Pablo\Documents\GitHub\nine-screen-canvas-flow\vendor\phpseclib\phpseclib\phpseclib\Math\BigInteger\Engines\BCMath.php on line 157
[13-Mar-2026 14:24:56 UTC] PHP Deprecated:  chr(): Providing a value not in-between 0 and 255 is deprecated, this is because a byte value must be in the [0, 255] interval. The value used will be constrained using % 256 in C:\Users\Pablo\Documents\GitHub\nine-screen-canvas-flow\vendor\phpseclib\phpseclib\phpseclib\Math\BigInteger\Engines\BCMath.php on line 157
[13-Mar-2026 14:24:56 UTC] PHP Deprecated:  chr(): Providing a value not in-between 0 and 255 is deprecated, this is because a byte value must be in the [0, 255] interval. The value used will be constrained using % 256 in C:\Users\Pablo\Documents\GitHub\nine-screen-canvas-flow\vendor\phpseclib\phpseclib\phpseclib\Math\BigInteger\Engines\BCMath.php on line 157
[13-Mar-2026 14:24:56 UTC] PHP Deprecated:  chr(): Providing a value not in-between 0 and 255 is deprecated, this is because a byte value must be in the [0, 255] interval. The value used will be constrained using % 256 in C:\Users\Pablo\Documents\GitHub\nine-screen-canvas-flow\vendor\phpseclib\phpseclib\phpseclib\Math\BigInteger\Engines\BCMath.php on line 157
[13-Mar-2026 14:24:56 UTC] PHP Deprecated:  chr(): Providing a value not in-between 0 and 255 is deprecated, this is because a byte value must be in the [0, 255] interval. The value used will be constrained using % 256 in C:\Users\Pablo\Documents\GitHub\nine-screen-canvas-flow\vendor\phpseclib\phpseclib\phpseclib\Math\BigInteger\Engines\BCMath.php on line 157
[13-Mar-2026 14:24:56 UTC] PHP Deprecated:  chr(): Providing a value not in-between 0 and 255 is deprecated, this is because a byte value must be in the [0, 255] interval. The value used will be constrained using % 256 in C:\Users\Pablo\Documents\GitHub\nine-screen-canvas-flow\vendor\phpseclib\phpseclib\phpseclib\Math\BigInteger\Engines\BCMath.php on line 157
[13-Mar-2026 14:24:56 UTC] PHP Deprecated:  chr(): Providing a value not in-between 0 and 255 is deprecated, this is because a byte value must be in the [0, 255] interval. The value used will be constrained using % 256 in C:\Users\Pablo\Documents\GitHub\nine-screen-canvas-flow\vendor\phpseclib\phpseclib\phpseclib\Math\BigInteger\Engines\BCMath.php on line 157
[13-Mar-2026 14:24:56 UTC] PHP Deprecated:  chr(): Providing a value not in-between 0 and 255 is deprecated, this is because a byte value must be in the [0, 255] interval. The value used will be constrained using % 256 in C:\Users\Pablo\Documents\GitHub\nine-screen-canvas-flow\vendor\phpseclib\phpseclib\phpseclib\Math\BigInteger\Engines\BCMath.php on line 157
[13-Mar-2026 14:24:56 UTC] PHP Deprecated:  chr(): Providing a value not in-between 0 and 255 is deprecated, this is because a byte value must be in the [0, 255] interval. The value used will be constrained using % 256 in C:\Users\Pablo\Documents\GitHub\nine-screen-canvas-flow\vendor\phpseclib\phpseclib\phpseclib\Math\BigInteger\Engines\BCMath.php on line 157
[13-Mar-2026 14:24:56 UTC] PHP Deprecated:  chr(): Providing a value not in-between 0 and 255 is deprecated, this is because a byte value must be in the [0, 255] interval. The value used will be constrained using % 256 in C:\Users\Pablo\Documents\GitHub\nine-screen-canvas-flow\vendor\phpseclib\phpseclib\phpseclib\Math\BigInteger\Engines\BCMath.php on line 157
[13-Mar-2026 14:24:56 UTC] PHP Deprecated:  chr(): Providing a value not in-between 0 and 255 is deprecated, this is because a byte value must be in the [0, 255] interval. The value used will be constrained using % 256 in C:\Users\Pablo\Documents\GitHub\nine-screen-canvas-flow\vendor\phpseclib\phpseclib\phpseclib\Math\BigInteger\Engines\BCMath.php on line 157
[13-Mar-2026 14:24:56 UTC] PHP Deprecated:  chr(): Providing a value not in-between 0 and 255 is deprecated, this is because a byte value must be in the [0, 255] interval. The value used will be constrained using % 256 in C:\Users\Pablo\Documents\GitHub\nine-screen-canvas-flow\vendor\phpseclib\phpseclib\phpseclib\Math\BigInteger\Engines\BCMath.php on line 157
[13-Mar-2026 14:24:56 UTC] PHP Deprecated:  chr(): Providing a value not in-between 0 and 255 is deprecated, this is because a byte value must be in the [0, 255] interval. The value used will be constrained using % 256 in C:\Users\Pablo\Documents\GitHub\nine-screen-canvas-flow\vendor\phpseclib\phpseclib\phpseclib\Math\BigInteger\Engines\BCMath.php on line 157
[13-Mar-2026 14:24:56 UTC] PHP Deprecated:  chr(): Providing a value not in-between 0 and 255 is deprecated, this is because a byte value must be in the [0, 255] interval. The value used will be constrained using % 256 in C:\Users\Pablo\Documents\GitHub\nine-screen-canvas-flow\vendor\phpseclib\phpseclib\phpseclib\Math\BigInteger\Engines\BCMath.php on line 157
[13-Mar-2026 14:24:56 UTC] PHP Deprecated:  chr(): Providing a value not in-between 0 and 255 is deprecated, this is because a byte value must be in the [0, 255] interval. The value used will be constrained using % 256 in C:\Users\Pablo\Documents\GitHub\nine-screen-canvas-flow\vendor\phpseclib\phpseclib\phpseclib\Math\BigInteger\Engines\BCMath.php on line 157
[13-Mar-2026 14:24:56 UTC] PHP Deprecated:  chr(): Providing a value not in-between 0 and 255 is deprecated, this is because a byte value must be in the [0, 255] interval. The value used will be constrained using % 256 in C:\Users\Pablo\Documents\GitHub\nine-screen-canvas-flow\vendor\phpseclib\phpseclib\phpseclib\Math\BigInteger\Engines\BCMath.php on line 157
[13-Mar-2026 14:24:56 UTC] PHP Deprecated:  chr(): Providing a value not in-between 0 and 255 is deprecated, this is because a byte value must be in the [0, 255] interval. The value used will be constrained using % 256 in C:\Users\Pablo\Documents\GitHub\nine-screen-canvas-flow\vendor\phpseclib\phpseclib\phpseclib\Math\BigInteger\Engines\BCMath.php on line 157
[13-Mar-2026 14:24:56 UTC] PHP Deprecated:  chr(): Providing a value not in-between 0 and 255 is deprecated, this is because a byte value must be in the [0, 255] interval. The value used will be constrained using % 256 in C:\Users\Pablo\Documents\GitHub\nine-screen-canvas-flow\vendor\phpseclib\phpseclib\phpseclib\Math\BigInteger\Engines\BCMath.php on line 157
[13-Mar-2026 14:24:56 UTC] PHP Deprecated:  chr(): Providing a value not in-between 0 and 255 is deprecated, this is because a byte value must be in the [0, 255] interval. The value used will be constrained using % 256 in C:\Users\Pablo\Documents\GitHub\nine-screen-canvas-flow\vendor\phpseclib\phpseclib\phpseclib\Math\BigInteger\Engines\BCMath.php on line 157
[13-Mar-2026 14:24:56 UTC] PHP Deprecated:  chr(): Providing a value not in-between 0 and 255 is deprecated, this is because a byte value must be in the [0, 255] interval. The value used will be constrained using % 256 in C:\Users\Pablo\Documents\GitHub\nine-screen-canvas-flow\vendor\phpseclib\phpseclib\phpseclib\Math\BigInteger\Engines\BCMath.php on line 157
[13-Mar-2026 14:24:56 UTC] PHP Deprecated:  chr(): Providing a value not in-between 0 and 255 is deprecated, this is because a byte value must be in the [0, 255] interval. The value used will be constrained using % 256 in C:\Users\Pablo\Documents\GitHub\nine-screen-canvas-flow\vendor\phpseclib\phpseclib\phpseclib\Math\BigInteger\Engines\BCMath.php on line 157
[13-Mar-2026 14:24:56 UTC] PHP Deprecated:  chr(): Providing a value not in-between 0 and 255 is deprecated, this is because a byte value must be in the [0, 255] interval. The value used will be constrained using % 256 in C:\Users\Pablo\Documents\GitHub\nine-screen-canvas-flow\vendor\phpseclib\phpseclib\phpseclib\Math\BigInteger\Engines\BCMath.php on line 157
[13-Mar-2026 14:24:56 UTC] PHP Deprecated:  chr(): Providing a value not in-between 0 and 255 is deprecated, this is because a byte value must be in the [0, 255] interval. The value used will be constrained using % 256 in C:\Users\Pablo\Documents\GitHub\nine-screen-canvas-flow\vendor\phpseclib\phpseclib\phpseclib\Math\BigInteger\Engines\BCMath.php on line 157
[13-Mar-2026 14:24:56 UTC] PHP Deprecated:  chr(): Providing a value not in-between 0 and 255 is deprecated, this is because a byte value must be in the [0, 255] interval. The value used will be constrained using % 256 in C:\Users\Pablo\Documents\GitHub\nine-screen-canvas-flow\vendor\phpseclib\phpseclib\phpseclib\Math\BigInteger\Engines\BCMath.php on line 157
[13-Mar-2026 14:24:56 UTC] PHP Deprecated:  chr(): Providing a value not in-between 0 and 255 is deprecated, this is because a byte value must be in the [0, 255] interval. The value used will be constrained using % 256 in C:\Users\Pablo\Documents\GitHub\nine-screen-canvas-flow\vendor\phpseclib\phpseclib\phpseclib\Math\BigInteger\Engines\BCMath.php on line 157
[13-Mar-2026 14:24:56 UTC] PHP Deprecated:  chr(): Providing a value not in-between 0 and 255 is deprecated, this is because a byte value must be in the [0, 255] interval. The value used will be constrained using % 256 in C:\Users\Pablo\Documents\GitHub\nine-screen-canvas-flow\vendor\phpseclib\phpseclib\phpseclib\Math\BigInteger\Engines\BCMath.php on line 157
[13-Mar-2026 14:24:56 UTC] PHP Deprecated:  chr(): Providing a value not in-between 0 and 255 is deprecated, this is because a byte value must be in the [0, 255] interval. The value used will be constrained using % 256 in C:\Users\Pablo\Documents\GitHub\nine-screen-canvas-flow\vendor\phpseclib\phpseclib\phpseclib\Math\BigInteger\Engines\BCMath.php on line 157
[13-Mar-2026 14:24:56 UTC] PHP Deprecated:  chr(): Providing a value not in-between 0 and 255 is deprecated, this is because a byte value must be in the [0, 255] interval. The value used will be constrained using % 256 in C:\Users\Pablo\Documents\GitHub\nine-screen-canvas-flow\vendor\phpseclib\phpseclib\phpseclib\Math\BigInteger\Engines\BCMath.php on line 157
[13-Mar-2026 14:24:56 UTC] PHP Deprecated:  chr(): Providing a value not in-between 0 and 255 is deprecated, this is because a byte value must be in the [0, 255] interval. The value used will be constrained using % 256 in C:\Users\Pablo\Documents\GitHub\nine-screen-canvas-flow\vendor\phpseclib\phpseclib\phpseclib\Math\BigInteger\Engines\BCMath.php on line 157
[13-Mar-2026 14:24:56 UTC] PHP Deprecated:  chr(): Providing a value not in-between 0 and 255 is deprecated, this is because a byte value must be in the [0, 255] interval. The value used will be constrained using % 256 in C:\Users\Pablo\Documents\GitHub\nine-screen-canvas-flow\vendor\phpseclib\phpseclib\phpseclib\Math\BigInteger\Engines\BCMath.php on line 157
[13-Mar-2026 14:24:56 UTC] PHP Deprecated:  chr(): Providing a value not in-between 0 and 255 is deprecated, this is because a byte value must be in the [0, 255] interval. The value used will be constrained using % 256 in C:\Users\Pablo\Documents\GitHub\nine-screen-canvas-flow\vendor\phpseclib\phpseclib\phpseclib\Math\BigInteger\Engines\BCMath.php on line 157
[13-Mar-2026 14:24:56 UTC] PHP Deprecated:  chr(): Providing a value not in-between 0 and 255 is deprecated, this is because a byte value must be in the [0, 255] interval. The value used will be constrained using % 256 in C:\Users\Pablo\Documents\GitHub\nine-screen-canvas-flow\vendor\phpseclib\phpseclib\phpseclib\Math\BigInteger\Engines\BCMath.php on line 157
[13-Mar-2026 14:24:56 UTC] PHP Deprecated:  chr(): Providing a value not in-between 0 and 255 is deprecated, this is because a byte value must be in the [0, 255] interval. The value used will be constrained using % 256 in C:\Users\Pablo\Documents\GitHub\nine-screen-canvas-flow\vendor\phpseclib\phpseclib\phpseclib\Math\BigInteger\Engines\BCMath.php on line 157
[13-Mar-2026 14:24:56 UTC] PHP Deprecated:  chr(): Providing a value not in-between 0 and 255 is deprecated, this is because a byte value must be in the [0, 255] interval. The value used will be constrained using % 256 in C:\Users\Pablo\Documents\GitHub\nine-screen-canvas-flow\vendor\phpseclib\phpseclib\phpseclib\Math\BigInteger\Engines\BCMath.php on line 157
[13-Mar-2026 14:24:56 UTC] PHP Deprecated:  chr(): Providing a value not in-between 0 and 255 is deprecated, this is because a byte value must be in the [0, 255] interval. The value used will be constrained using % 256 in C:\Users\Pablo\Documents\GitHub\nine-screen-canvas-flow\vendor\phpseclib\phpseclib\phpseclib\Math\BigInteger\Engines\BCMath.php on line 157
[13-Mar-2026 14:24:56 UTC] PHP Deprecated:  chr(): Providing a value not in-between 0 and 255 is deprecated, this is because a byte value must be in the [0, 255] interval. The value used will be constrained using % 256 in C:\Users\Pablo\Documents\GitHub\nine-screen-canvas-flow\vendor\phpseclib\phpseclib\phpseclib\Math\BigInteger\Engines\BCMath.php on line 157
[13-Mar-2026 14:24:56 UTC] PHP Deprecated:  chr(): Providing a value not in-between 0 and 255 is deprecated, this is because a byte value must be in the [0, 255] interval. The value used will be constrained using % 256 in C:\Users\Pablo\Documents\GitHub\nine-screen-canvas-flow\vendor\phpseclib\phpseclib\phpseclib\Math\BigInteger\Engines\BCMath.php on line 157
[13-Mar-2026 14:24:56 UTC] PHP Deprecated:  chr(): Providing a value not in-between 0 and 255 is deprecated, this is because a byte value must be in the [0, 255] interval. The value used will be constrained using % 256 in C:\Users\Pablo\Documents\GitHub\nine-screen-canvas-flow\vendor\phpseclib\phpseclib\phpseclib\Math\BigInteger\Engines\BCMath.php on line 157
[13-Mar-2026 14:24:56 UTC] PHP Deprecated:  chr(): Providing a value not in-between 0 and 255 is deprecated, this is because a byte value must be in the [0, 255] interval. The value used will be constrained using % 256 in C:\Users\Pablo\Documents\GitHub\nine-screen-canvas-flow\vendor\phpseclib\phpseclib\phpseclib\Math\BigInteger\Engines\BCMath.php on line 157
[13-Mar-2026 14:24:56 UTC] PHP Deprecated:  chr(): Providing a value not in-between 0 and 255 is deprecated, this is because a byte value must be in the [0, 255] interval. The value used will be constrained using % 256 in C:\Users\Pablo\Documents\GitHub\nine-screen-canvas-flow\vendor\phpseclib\phpseclib\phpseclib\Math\BigInteger\Engines\BCMath.php on line 157
[13-Mar-2026 14:24:56 UTC] PHP Deprecated:  chr(): Providing a value not in-between 0 and 255 is deprecated, this is because a byte value must be in the [0, 255] interval. The value used will be constrained using % 256 in C:\Users\Pablo\Documents\GitHub\nine-screen-canvas-flow\vendor\phpseclib\phpseclib\phpseclib\Math\BigInteger\Engines\BCMath.php on line 157
[13-Mar-2026 14:24:56 UTC] PHP Deprecated:  chr(): Providing a value not in-between 0 and 255 is deprecated, this is because a byte value must be in the [0, 255] interval. The value used will be constrained using % 256 in C:\Users\Pablo\Documents\GitHub\nine-screen-canvas-flow\vendor\phpseclib\phpseclib\phpseclib\Math\BigInteger\Engines\BCMath.php on line 157
[13-Mar-2026 14:24:56 UTC] PHP Deprecated:  chr(): Providing a value not in-between 0 and 255 is deprecated, this is because a byte value must be in the [0, 255] interval. The value used will be constrained using % 256 in C:\Users\Pablo\Documents\GitHub\nine-screen-canvas-flow\vendor\phpseclib\phpseclib\phpseclib\Math\BigInteger\Engines\BCMath.php on line 157
[13-Mar-2026 14:24:56 UTC] PHP Deprecated:  chr(): Providing a value not in-between 0 and 255 is deprecated, this is because a byte value must be in the [0, 255] interval. The value used will be constrained using % 256 in C:\Users\Pablo\Documents\GitHub\nine-screen-canvas-flow\vendor\phpseclib\phpseclib\phpseclib\Math\BigInteger\Engines\BCMath.php on line 157
[13-Mar-2026 14:24:56 UTC] PHP Deprecated:  chr(): Providing a value not in-between 0 and 255 is deprecated, this is because a byte value must be in the [0, 255] interval. The value used will be constrained using % 256 in C:\Users\Pablo\Documents\GitHub\nine-screen-canvas-flow\vendor\phpseclib\phpseclib\phpseclib\Math\BigInteger\Engines\BCMath.php on line 157
[13-Mar-2026 14:24:56 UTC] PHP Deprecated:  chr(): Providing a value not in-between 0 and 255 is deprecated, this is because a byte value must be in the [0, 255] interval. The value used will be constrained using % 256 in C:\Users\Pablo\Documents\GitHub\nine-screen-canvas-flow\vendor\phpseclib\phpseclib\phpseclib\Math\BigInteger\Engines\BCMath.php on line 157
[13-Mar-2026 14:24:56 UTC] PHP Deprecated:  chr(): Providing a value not in-between 0 and 255 is deprecated, this is because a byte value must be in the [0, 255] interval. The value used will be constrained using % 256 in C:\Users\Pablo\Documents\GitHub\nine-screen-canvas-flow\vendor\phpseclib\phpseclib\phpseclib\Math\BigInteger\Engines\BCMath.php on line 157
[13-Mar-2026 14:24:56 UTC] PHP Deprecated:  chr(): Providing a value not in-between 0 and 255 is deprecated, this is because a byte value must be in the [0, 255] interval. The value used will be constrained using % 256 in C:\Users\Pablo\Documents\GitHub\nine-screen-canvas-flow\vendor\phpseclib\phpseclib\phpseclib\Math\BigInteger\Engines\BCMath.php on line 157
[13-Mar-2026 14:24:56 UTC] PHP Deprecated:  chr(): Providing a value not in-between 0 and 255 is deprecated, this is because a byte value must be in the [0, 255] interval. The value used will be constrained using % 256 in C:\Users\Pablo\Documents\GitHub\nine-screen-canvas-flow\vendor\phpseclib\phpseclib\phpseclib\Math\BigInteger\Engines\BCMath.php on line 157
[13-Mar-2026 14:24:56 UTC] PHP Deprecated:  chr(): Providing a value not in-between 0 and 255 is deprecated, this is because a byte value must be in the [0, 255] interval. The value used will be constrained using % 256 in C:\Users\Pablo\Documents\GitHub\nine-screen-canvas-flow\vendor\phpseclib\phpseclib\phpseclib\Math\BigInteger\Engines\BCMath.php on line 157
[13-Mar-2026 14:24:56 UTC] PHP Deprecated:  chr(): Providing a value not in-between 0 and 255 is deprecated, this is because a byte value must be in the [0, 255] interval. The value used will be constrained using % 256 in C:\Users\Pablo\Documents\GitHub\nine-screen-canvas-flow\vendor\phpseclib\phpseclib\phpseclib\Math\BigInteger\Engines\BCMath.php on line 157
[13-Mar-2026 14:24:56 UTC] PHP Deprecated:  chr(): Providing a value not in-between 0 and 255 is deprecated, this is because a byte value must be in the [0, 255] interval. The value used will be constrained using % 256 in C:\Users\Pablo\Documents\GitHub\nine-screen-canvas-flow\vendor\phpseclib\phpseclib\phpseclib\Math\BigInteger\Engines\BCMath.php on line 157
[13-Mar-2026 14:24:56 UTC] PHP Deprecated:  chr(): Providing a value not in-between 0 and 255 is deprecated, this is because a byte value must be in the [0, 255] interval. The value used will be constrained using % 256 in C:\Users\Pablo\Documents\GitHub\nine-screen-canvas-flow\vendor\phpseclib\phpseclib\phpseclib\Math\BigInteger\Engines\BCMath.php on line 157
[13-Mar-2026 14:24:56 UTC] PHP Deprecated:  chr(): Providing a value not in-between 0 and 255 is deprecated, this is because a byte value must be in the [0, 255] interval. The value used will be constrained using % 256 in C:\Users\Pablo\Documents\GitHub\nine-screen-canvas-flow\vendor\phpseclib\phpseclib\phpseclib\Math\BigInteger\Engines\BCMath.php on line 157
[13-Mar-2026 14:24:56 UTC] PHP Deprecated:  chr(): Providing a value not in-between 0 and 255 is deprecated, this is because a byte value must be in the [0, 255] interval. The value used will be constrained using % 256 in C:\Users\Pablo\Documents\GitHub\nine-screen-canvas-flow\vendor\phpseclib\phpseclib\phpseclib\Math\BigInteger\Engines\BCMath.php on line 157
[13-Mar-2026 14:24:56 UTC] PHP Deprecated:  chr(): Providing a value not in-between 0 and 255 is deprecated, this is because a byte value must be in the [0, 255] interval. The value used will be constrained using % 256 in C:\Users\Pablo\Documents\GitHub\nine-screen-canvas-flow\vendor\phpseclib\phpseclib\phpseclib\Math\BigInteger\Engines\BCMath.php on line 157
[13-Mar-2026 14:24:56 UTC] PHP Deprecated:  chr(): Providing a value not in-between 0 and 255 is deprecated, this is because a byte value must be in the [0, 255] interval. The value used will be constrained using % 256 in C:\Users\Pablo\Documents\GitHub\nine-screen-canvas-flow\vendor\phpseclib\phpseclib\phpseclib\Math\BigInteger\Engines\BCMath.php on line 157
[13-Mar-2026 14:24:56 UTC] PHP Deprecated:  chr(): Providing a value not in-between 0 and 255 is deprecated, this is because a byte value must be in the [0, 255] interval. The value used will be constrained using % 256 in C:\Users\Pablo\Documents\GitHub\nine-screen-canvas-flow\vendor\phpseclib\phpseclib\phpseclib\Math\BigInteger\Engines\BCMath.php on line 157
[13-Mar-2026 14:24:56 UTC] PHP Deprecated:  chr(): Providing a value not in-between 0 and 255 is deprecated, this is because a byte value must be in the [0, 255] interval. The value used will be constrained using % 256 in C:\Users\Pablo\Documents\GitHub\nine-screen-canvas-flow\vendor\phpseclib\phpseclib\phpseclib\Math\BigInteger\Engines\BCMath.php on line 157
[13-Mar-2026 14:24:56 UTC] PHP Deprecated:  chr(): Providing a value not in-between 0 and 255 is deprecated, this is because a byte value must be in the [0, 255] interval. The value used will be constrained using % 256 in C:\Users\Pablo\Documents\GitHub\nine-screen-canvas-flow\vendor\phpseclib\phpseclib\phpseclib\Math\BigInteger\Engines\BCMath.php on line 157
[13-Mar-2026 14:24:56 UTC] PHP Deprecated:  chr(): Providing a value not in-between 0 and 255 is deprecated, this is because a byte value must be in the [0, 255] interval. The value used will be constrained using % 256 in C:\Users\Pablo\Documents\GitHub\nine-screen-canvas-flow\vendor\phpseclib\phpseclib\phpseclib\Math\BigInteger\Engines\BCMath.php on line 157
[13-Mar-2026 14:24:56 UTC] PHP Deprecated:  chr(): Providing a value not in-between 0 and 255 is deprecated, this is because a byte value must be in the [0, 255] interval. The value used will be constrained using % 256 in C:\Users\Pablo\Documents\GitHub\nine-screen-canvas-flow\vendor\phpseclib\phpseclib\phpseclib\Math\BigInteger\Engines\BCMath.php on line 157
[13-Mar-2026 14:24:56 UTC] PHP Deprecated:  chr(): Providing a value not in-between 0 and 255 is deprecated, this is because a byte value must be in the [0, 255] interval. The value used will be constrained using % 256 in C:\Users\Pablo\Documents\GitHub\nine-screen-canvas-flow\vendor\phpseclib\phpseclib\phpseclib\Math\BigInteger\Engines\BCMath.php on line 157
[13-Mar-2026 14:24:56 UTC] PHP Deprecated:  chr(): Providing a value not in-between 0 and 255 is deprecated, this is because a byte value must be in the [0, 255] interval. The value used will be constrained using % 256 in C:\Users\Pablo\Documents\GitHub\nine-screen-canvas-flow\vendor\phpseclib\phpseclib\phpseclib\Math\BigInteger\Engines\BCMath.php on line 157
[13-Mar-2026 14:24:56 UTC] PHP Deprecated:  chr(): Providing a value not in-between 0 and 255 is deprecated, this is because a byte value must be in the [0, 255] interval. The value used will be constrained using % 256 in C:\Users\Pablo\Documents\GitHub\nine-screen-canvas-flow\vendor\phpseclib\phpseclib\phpseclib\Math\BigInteger\Engines\BCMath.php on line 157
[13-Mar-2026 14:24:56 UTC] PHP Deprecated:  chr(): Providing a value not in-between 0 and 255 is deprecated, this is because a byte value must be in the [0, 255] interval. The value used will be constrained using % 256 in C:\Users\Pablo\Documents\GitHub\nine-screen-canvas-flow\vendor\phpseclib\phpseclib\phpseclib\Math\BigInteger\Engines\BCMath.php on line 157
[13-Mar-2026 14:24:56 UTC] PHP Deprecated:  chr(): Providing a value not in-between 0 and 255 is deprecated, this is because a byte value must be in the [0, 255] interval. The value used will be constrained using % 256 in C:\Users\Pablo\Documents\GitHub\nine-screen-canvas-flow\vendor\phpseclib\phpseclib\phpseclib\Math\BigInteger\Engines\BCMath.php on line 157
[13-Mar-2026 14:24:56 UTC] PHP Deprecated:  chr(): Providing a value not in-between 0 and 255 is deprecated, this is because a byte value must be in the [0, 255] interval. The value used will be constrained using % 256 in C:\Users\Pablo\Documents\GitHub\nine-screen-canvas-flow\vendor\phpseclib\phpseclib\phpseclib\Math\BigInteger\Engines\BCMath.php on line 157
[13-Mar-2026 14:24:56 UTC] PHP Deprecated:  chr(): Providing a value not in-between 0 and 255 is deprecated, this is because a byte value must be in the [0, 255] interval. The value used will be constrained using % 256 in C:\Users\Pablo\Documents\GitHub\nine-screen-canvas-flow\vendor\phpseclib\phpseclib\phpseclib\Math\BigInteger\Engines\BCMath.php on line 157
[13-Mar-2026 14:24:56 UTC] PHP Deprecated:  chr(): Providing a value not in-between 0 and 255 is deprecated, this is because a byte value must be in the [0, 255] interval. The value used will be constrained using % 256 in C:\Users\Pablo\Documents\GitHub\nine-screen-canvas-flow\vendor\phpseclib\phpseclib\phpseclib\Math\BigInteger\Engines\BCMath.php on line 157
[13-Mar-2026 14:24:56 UTC] PHP Deprecated:  chr(): Providing a value not in-between 0 and 255 is deprecated, this is because a byte value must be in the [0, 255] interval. The value used will be constrained using % 256 in C:\Users\Pablo\Documents\GitHub\nine-screen-canvas-flow\vendor\phpseclib\phpseclib\phpseclib\Math\BigInteger\Engines\BCMath.php on line 157
[13-Mar-2026 14:24:56 UTC] PHP Deprecated:  chr(): Providing a value not in-between 0 and 255 is deprecated, this is because a byte value must be in the [0, 255] interval. The value used will be constrained using % 256 in C:\Users\Pablo\Documents\GitHub\nine-screen-canvas-flow\vendor\phpseclib\phpseclib\phpseclib\Math\BigInteger\Engines\BCMath.php on line 157
[13-Mar-2026 14:24:56 UTC] PHP Deprecated:  chr(): Providing a value not in-between 0 and 255 is deprecated, this is because a byte value must be in the [0, 255] interval. The value used will be constrained using % 256 in C:\Users\Pablo\Documents\GitHub\nine-screen-canvas-flow\vendor\phpseclib\phpseclib\phpseclib\Math\BigInteger\Engines\BCMath.php on line 157
[13-Mar-2026 14:24:56 UTC] PHP Deprecated:  chr(): Providing a value not in-between 0 and 255 is deprecated, this is because a byte value must be in the [0, 255] interval. The value used will be constrained using % 256 in C:\Users\Pablo\Documents\GitHub\nine-screen-canvas-flow\vendor\phpseclib\phpseclib\phpseclib\Math\BigInteger\Engines\BCMath.php on line 157
[13-Mar-2026 14:24:56 UTC] PHP Deprecated:  chr(): Providing a value not in-between 0 and 255 is deprecated, this is because a byte value must be in the [0, 255] interval. The value used will be constrained using % 256 in C:\Users\Pablo\Documents\GitHub\nine-screen-canvas-flow\vendor\phpseclib\phpseclib\phpseclib\Math\BigInteger\Engines\BCMath.php on line 157
[13-Mar-2026 14:24:56 UTC] PHP Deprecated:  chr(): Providing a value not in-between 0 and 255 is deprecated, this is because a byte value must be in the [0, 255] interval. The value used will be constrained using % 256 in C:\Users\Pablo\Documents\GitHub\nine-screen-canvas-flow\vendor\phpseclib\phpseclib\phpseclib\Math\BigInteger\Engines\BCMath.php on line 157
[13-Mar-2026 14:24:56 UTC] PHP Deprecated:  chr(): Providing a value not in-between 0 and 255 is deprecated, this is because a byte value must be in the [0, 255] interval. The value used will be constrained using % 256 in C:\Users\Pablo\Documents\GitHub\nine-screen-canvas-flow\vendor\phpseclib\phpseclib\phpseclib\Math\BigInteger\Engines\BCMath.php on line 157
[13-Mar-2026 14:24:56 UTC] PHP Deprecated:  chr(): Providing a value not in-between 0 and 255 is deprecated, this is because a byte value must be in the [0, 255] interval. The value used will be constrained using % 256 in C:\Users\Pablo\Documents\GitHub\nine-screen-canvas-flow\vendor\phpseclib\phpseclib\phpseclib\Math\BigInteger\Engines\BCMath.php on line 157
[13-Mar-2026 14:24:56 UTC] PHP Deprecated:  chr(): Providing a value not in-between 0 and 255 is deprecated, this is because a byte value must be in the [0, 255] interval. The value used will be constrained using % 256 in C:\Users\Pablo\Documents\GitHub\nine-screen-canvas-flow\vendor\phpseclib\phpseclib\phpseclib\Math\BigInteger\Engines\BCMath.php on line 157
[13-Mar-2026 14:24:56 UTC] PHP Deprecated:  chr(): Providing a value not in-between 0 and 255 is deprecated, this is because a byte value must be in the [0, 255] interval. The value used will be constrained using % 256 in C:\Users\Pablo\Documents\GitHub\nine-screen-canvas-flow\vendor\phpseclib\phpseclib\phpseclib\Math\BigInteger\Engines\BCMath.php on line 157
[13-Mar-2026 14:24:56 UTC] PHP Deprecated:  chr(): Providing a value not in-between 0 and 255 is deprecated, this is because a byte value must be in the [0, 255] interval. The value used will be constrained using % 256 in C:\Users\Pablo\Documents\GitHub\nine-screen-canvas-flow\vendor\phpseclib\phpseclib\phpseclib\Math\BigInteger\Engines\BCMath.php on line 157
[13-Mar-2026 14:24:56 UTC] PHP Deprecated:  chr(): Providing a value not in-between 0 and 255 is deprecated, this is because a byte value must be in the [0, 255] interval. The value used will be constrained using % 256 in C:\Users\Pablo\Documents\GitHub\nine-screen-canvas-flow\vendor\phpseclib\phpseclib\phpseclib\Math\BigInteger\Engines\BCMath.php on line 157
[13-Mar-2026 14:24:56 UTC] PHP Deprecated:  chr(): Providing a value not in-between 0 and 255 is deprecated, this is because a byte value must be in the [0, 255] interval. The value used will be constrained using % 256 in C:\Users\Pablo\Documents\GitHub\nine-screen-canvas-flow\vendor\phpseclib\phpseclib\phpseclib\Math\BigInteger\Engines\BCMath.php on line 157
[13-Mar-2026 14:24:56 UTC] PHP Deprecated:  chr(): Providing a value not in-between 0 and 255 is deprecated, this is because a byte value must be in the [0, 255] interval. The value used will be constrained using % 256 in C:\Users\Pablo\Documents\GitHub\nine-screen-canvas-flow\vendor\phpseclib\phpseclib\phpseclib\Math\BigInteger\Engines\BCMath.php on line 157
[13-Mar-2026 14:24:56 UTC] PHP Deprecated:  chr(): Providing a value not in-between 0 and 255 is deprecated, this is because a byte value must be in the [0, 255] interval. The value used will be constrained using % 256 in C:\Users\Pablo\Documents\GitHub\nine-screen-canvas-flow\vendor\phpseclib\phpseclib\phpseclib\Math\BigInteger\Engines\BCMath.php on line 157
[13-Mar-2026 14:24:56 UTC] PHP Deprecated:  chr(): Providing a value not in-between 0 and 255 is deprecated, this is because a byte value must be in the [0, 255] interval. The value used will be constrained using % 256 in C:\Users\Pablo\Documents\GitHub\nine-screen-canvas-flow\vendor\phpseclib\phpseclib\phpseclib\Math\BigInteger\Engines\BCMath.php on line 157
[13-Mar-2026 14:24:56 UTC] PHP Deprecated:  chr(): Providing a value not in-between 0 and 255 is deprecated, this is because a byte value must be in the [0, 255] interval. The value used will be constrained using % 256 in C:\Users\Pablo\Documents\GitHub\nine-screen-canvas-flow\vendor\phpseclib\phpseclib\phpseclib\Math\BigInteger\Engines\BCMath.php on line 157
[13-Mar-2026 14:24:56 UTC] PHP Deprecated:  chr(): Providing a value not in-between 0 and 255 is deprecated, this is because a byte value must be in the [0, 255] interval. The value used will be constrained using % 256 in C:\Users\Pablo\Documents\GitHub\nine-screen-canvas-flow\vendor\phpseclib\phpseclib\phpseclib\Math\BigInteger\Engines\BCMath.php on line 157
[13-Mar-2026 14:24:56 UTC] PHP Deprecated:  chr(): Providing a value not in-between 0 and 255 is deprecated, this is because a byte value must be in the [0, 255] interval. The value used will be constrained using % 256 in C:\Users\Pablo\Documents\GitHub\nine-screen-canvas-flow\vendor\phpseclib\phpseclib\phpseclib\Math\BigInteger\Engines\BCMath.php on line 157
[13-Mar-2026 14:24:56 UTC] PHP Deprecated:  chr(): Providing a value not in-between 0 and 255 is deprecated, this is because a byte value must be in the [0, 255] interval. The value used will be constrained using % 256 in C:\Users\Pablo\Documents\GitHub\nine-screen-canvas-flow\vendor\phpseclib\phpseclib\phpseclib\Math\BigInteger\Engines\BCMath.php on line 157
[13-Mar-2026 14:24:56 UTC] PHP Deprecated:  chr(): Providing a value not in-between 0 and 255 is deprecated, this is because a byte value must be in the [0, 255] interval. The value used will be constrained using % 256 in C:\Users\Pablo\Documents\GitHub\nine-screen-canvas-flow\vendor\phpseclib\phpseclib\phpseclib\Math\BigInteger\Engines\BCMath.php on line 157
[13-Mar-2026 14:24:56 UTC] PHP Deprecated:  chr(): Providing a value not in-between 0 and 255 is deprecated, this is because a byte value must be in the [0, 255] interval. The value used will be constrained using % 256 in C:\Users\Pablo\Documents\GitHub\nine-screen-canvas-flow\vendor\phpseclib\phpseclib\phpseclib\Math\BigInteger\Engines\BCMath.php on line 157
[13-Mar-2026 14:24:56 UTC] PHP Deprecated:  chr(): Providing a value not in-between 0 and 255 is deprecated, this is because a byte value must be in the [0, 255] interval. The value used will be constrained using % 256 in C:\Users\Pablo\Documents\GitHub\nine-screen-canvas-flow\vendor\phpseclib\phpseclib\phpseclib\Math\BigInteger\Engines\BCMath.php on line 157
[13-Mar-2026 14:24:56 UTC] PHP Deprecated:  chr(): Providing a value not in-between 0 and 255 is deprecated, this is because a byte value must be in the [0, 255] interval. The value used will be constrained using % 256 in C:\Users\Pablo\Documents\GitHub\nine-screen-canvas-flow\vendor\phpseclib\phpseclib\phpseclib\Math\BigInteger\Engines\BCMath.php on line 157
[13-Mar-2026 14:24:56 UTC] PHP Deprecated:  chr(): Providing a value not in-between 0 and 255 is deprecated, this is because a byte value must be in the [0, 255] interval. The value used will be constrained using % 256 in C:\Users\Pablo\Documents\GitHub\nine-screen-canvas-flow\vendor\phpseclib\phpseclib\phpseclib\Math\BigInteger\Engines\BCMath.php on line 157
[13-Mar-2026 14:24:56 UTC] PHP Deprecated:  chr(): Providing a value not in-between 0 and 255 is deprecated, this is because a byte value must be in the [0, 255] interval. The value used will be constrained using % 256 in C:\Users\Pablo\Documents\GitHub\nine-screen-canvas-flow\vendor\phpseclib\phpseclib\phpseclib\Math\BigInteger\Engines\BCMath.php on line 157
[13-Mar-2026 14:24:56 UTC] PHP Deprecated:  chr(): Providing a value not in-between 0 and 255 is deprecated, this is because a byte value must be in the [0, 255] interval. The value used will be constrained using % 256 in C:\Users\Pablo\Documents\GitHub\nine-screen-canvas-flow\vendor\phpseclib\phpseclib\phpseclib\Math\BigInteger\Engines\BCMath.php on line 157
[13-Mar-2026 14:24:56 UTC] PHP Deprecated:  chr(): Providing a value not in-between 0 and 255 is deprecated, this is because a byte value must be in the [0, 255] interval. The value used will be constrained using % 256 in C:\Users\Pablo\Documents\GitHub\nine-screen-canvas-flow\vendor\phpseclib\phpseclib\phpseclib\Math\BigInteger\Engines\BCMath.php on line 157
[13-Mar-2026 14:24:56 UTC] PHP Deprecated:  chr(): Providing a value not in-between 0 and 255 is deprecated, this is because a byte value must be in the [0, 255] interval. The value used will be constrained using % 256 in C:\Users\Pablo\Documents\GitHub\nine-screen-canvas-flow\vendor\phpseclib\phpseclib\phpseclib\Math\BigInteger\Engines\BCMath.php on line 157
[13-Mar-2026 14:24:56 UTC] PHP Deprecated:  chr(): Providing a value not in-between 0 and 255 is deprecated, this is because a byte value must be in the [0, 255] interval. The value used will be constrained using % 256 in C:\Users\Pablo\Documents\GitHub\nine-screen-canvas-flow\vendor\phpseclib\phpseclib\phpseclib\Math\BigInteger\Engines\BCMath.php on line 157
[13-Mar-2026 14:24:56 UTC] PHP Deprecated:  chr(): Providing a value not in-between 0 and 255 is deprecated, this is because a byte value must be in the [0, 255] interval. The value used will be constrained using % 256 in C:\Users\Pablo\Documents\GitHub\nine-screen-canvas-flow\vendor\phpseclib\phpseclib\phpseclib\Math\BigInteger\Engines\BCMath.php on line 157
[13-Mar-2026 14:24:56 UTC] PHP Deprecated:  chr(): Providing a value not in-between 0 and 255 is deprecated, this is because a byte value must be in the [0, 255] interval. The value used will be constrained using % 256 in C:\Users\Pablo\Documents\GitHub\nine-screen-canvas-flow\vendor\phpseclib\phpseclib\phpseclib\Math\BigInteger\Engines\BCMath.php on line 157
[13-Mar-2026 14:24:56 UTC] PHP Deprecated:  chr(): Providing a value not in-between 0 and 255 is deprecated, this is because a byte value must be in the [0, 255] interval. The value used will be constrained using % 256 in C:\Users\Pablo\Documents\GitHub\nine-screen-canvas-flow\vendor\phpseclib\phpseclib\phpseclib\Math\BigInteger\Engines\BCMath.php on line 157
[13-Mar-2026 14:24:56 UTC] PHP Deprecated:  chr(): Providing a value not in-between 0 and 255 is deprecated, this is because a byte value must be in the [0, 255] interval. The value used will be constrained using % 256 in C:\Users\Pablo\Documents\GitHub\nine-screen-canvas-flow\vendor\phpseclib\phpseclib\phpseclib\Math\BigInteger\Engines\BCMath.php on line 157
[13-Mar-2026 14:24:56 UTC] PHP Deprecated:  chr(): Providing a value not in-between 0 and 255 is deprecated, this is because a byte value must be in the [0, 255] interval. The value used will be constrained using % 256 in C:\Users\Pablo\Documents\GitHub\nine-screen-canvas-flow\vendor\phpseclib\phpseclib\phpseclib\Math\BigInteger\Engines\BCMath.php on line 157
[13-Mar-2026 14:24:56 UTC] PHP Deprecated:  chr(): Providing a value not in-between 0 and 255 is deprecated, this is because a byte value must be in the [0, 255] interval. The value used will be constrained using % 256 in C:\Users\Pablo\Documents\GitHub\nine-screen-canvas-flow\vendor\phpseclib\phpseclib\phpseclib\Math\BigInteger\Engines\BCMath.php on line 157
[13-Mar-2026 14:24:56 UTC] PHP Deprecated:  chr(): Providing a value not in-between 0 and 255 is deprecated, this is because a byte value must be in the [0, 255] interval. The value used will be constrained using % 256 in C:\Users\Pablo\Documents\GitHub\nine-screen-canvas-flow\vendor\phpseclib\phpseclib\phpseclib\Math\BigInteger\Engines\BCMath.php on line 157
[13-Mar-2026 14:24:56 UTC] PHP Deprecated:  chr(): Providing a value not in-between 0 and 255 is deprecated, this is because a byte value must be in the [0, 255] interval. The value used will be constrained using % 256 in C:\Users\Pablo\Documents\GitHub\nine-screen-canvas-flow\vendor\phpseclib\phpseclib\phpseclib\Math\BigInteger\Engines\BCMath.php on line 157
[13-Mar-2026 14:24:56 UTC] PHP Deprecated:  chr(): Providing a value not in-between 0 and 255 is deprecated, this is because a byte value must be in the [0, 255] interval. The value used will be constrained using % 256 in C:\Users\Pablo\Documents\GitHub\nine-screen-canvas-flow\vendor\phpseclib\phpseclib\phpseclib\Math\BigInteger\Engines\BCMath.php on line 157
[13-Mar-2026 14:24:56 UTC] PHP Deprecated:  chr(): Providing a value not in-between 0 and 255 is deprecated, this is because a byte value must be in the [0, 255] interval. The value used will be constrained using % 256 in C:\Users\Pablo\Documents\GitHub\nine-screen-canvas-flow\vendor\phpseclib\phpseclib\phpseclib\Math\BigInteger\Engines\BCMath.php on line 157
[13-Mar-2026 14:24:56 UTC] PHP Deprecated:  chr(): Providing a value not in-between 0 and 255 is deprecated, this is because a byte value must be in the [0, 255] interval. The value used will be constrained using % 256 in C:\Users\Pablo\Documents\GitHub\nine-screen-canvas-flow\vendor\phpseclib\phpseclib\phpseclib\Math\BigInteger\Engines\BCMath.php on line 157
[13-Mar-2026 14:24:56 UTC] PHP Deprecated:  chr(): Providing a value not in-between 0 and 255 is deprecated, this is because a byte value must be in the [0, 255] interval. The value used will be constrained using % 256 in C:\Users\Pablo\Documents\GitHub\nine-screen-canvas-flow\vendor\phpseclib\phpseclib\phpseclib\Math\BigInteger\Engines\BCMath.php on line 157
[13-Mar-2026 14:24:56 UTC] PHP Deprecated:  chr(): Providing a value not in-between 0 and 255 is deprecated, this is because a byte value must be in the [0, 255] interval. The value used will be constrained using % 256 in C:\Users\Pablo\Documents\GitHub\nine-screen-canvas-flow\vendor\phpseclib\phpseclib\phpseclib\Math\BigInteger\Engines\BCMath.php on line 157
[13-Mar-2026 14:24:56 UTC] PHP Deprecated:  chr(): Providing a value not in-between 0 and 255 is deprecated, this is because a byte value must be in the [0, 255] interval. The value used will be constrained using % 256 in C:\Users\Pablo\Documents\GitHub\nine-screen-canvas-flow\vendor\phpseclib\phpseclib\phpseclib\Math\BigInteger\Engines\BCMath.php on line 157
[13-Mar-2026 14:24:56 UTC] PHP Deprecated:  chr(): Providing a value not in-between 0 and 255 is deprecated, this is because a byte value must be in the [0, 255] interval. The value used will be constrained using % 256 in C:\Users\Pablo\Documents\GitHub\nine-screen-canvas-flow\vendor\phpseclib\phpseclib\phpseclib\Math\BigInteger\Engines\BCMath.php on line 157
[13-Mar-2026 14:24:56 UTC] PHP Deprecated:  chr(): Providing a value not in-between 0 and 255 is deprecated, this is because a byte value must be in the [0, 255] interval. The value used will be constrained using % 256 in C:\Users\Pablo\Documents\GitHub\nine-screen-canvas-flow\vendor\phpseclib\phpseclib\phpseclib\Math\BigInteger\Engines\BCMath.php on line 157
[13-Mar-2026 14:24:56 UTC] PHP Deprecated:  chr(): Providing a value not in-between 0 and 255 is deprecated, this is because a byte value must be in the [0, 255] interval. The value used will be constrained using % 256 in C:\Users\Pablo\Documents\GitHub\nine-screen-canvas-flow\vendor\phpseclib\phpseclib\phpseclib\Math\BigInteger\Engines\BCMath.php on line 157
[13-Mar-2026 14:24:56 UTC] PHP Deprecated:  chr(): Providing a value not in-between 0 and 255 is deprecated, this is because a byte value must be in the [0, 255] interval. The value used will be constrained using % 256 in C:\Users\Pablo\Documents\GitHub\nine-screen-canvas-flow\vendor\phpseclib\phpseclib\phpseclib\Math\BigInteger\Engines\BCMath.php on line 157
[13-Mar-2026 14:24:56 UTC] PHP Deprecated:  chr(): Providing a value not in-between 0 and 255 is deprecated, this is because a byte value must be in the [0, 255] interval. The value used will be constrained using % 256 in C:\Users\Pablo\Documents\GitHub\nine-screen-canvas-flow\vendor\phpseclib\phpseclib\phpseclib\Math\BigInteger\Engines\BCMath.php on line 157
[13-Mar-2026 14:24:56 UTC] PHP Deprecated:  chr(): Providing a value not in-between 0 and 255 is deprecated, this is because a byte value must be in the [0, 255] interval. The value used will be constrained using % 256 in C:\Users\Pablo\Documents\GitHub\nine-screen-canvas-flow\vendor\phpseclib\phpseclib\phpseclib\Math\BigInteger\Engines\BCMath.php on line 157
[13-Mar-2026 14:24:56 UTC] PHP Deprecated:  chr(): Providing a value not in-between 0 and 255 is deprecated, this is because a byte value must be in the [0, 255] interval. The value used will be constrained using % 256 in C:\Users\Pablo\Documents\GitHub\nine-screen-canvas-flow\vendor\phpseclib\phpseclib\phpseclib\Math\BigInteger\Engines\BCMath.php on line 157
[13-Mar-2026 14:24:56 UTC] PHP Deprecated:  chr(): Providing a value not in-between 0 and 255 is deprecated, this is because a byte value must be in the [0, 255] interval. The value used will be constrained using % 256 in C:\Users\Pablo\Documents\GitHub\nine-screen-canvas-flow\vendor\phpseclib\phpseclib\phpseclib\Math\BigInteger\Engines\BCMath.php on line 157
[13-Mar-2026 14:24:56 UTC] PHP Deprecated:  chr(): Providing a value not in-between 0 and 255 is deprecated, this is because a byte value must be in the [0, 255] interval. The value used will be constrained using % 256 in C:\Users\Pablo\Documents\GitHub\nine-screen-canvas-flow\vendor\phpseclib\phpseclib\phpseclib\Math\BigInteger\Engines\BCMath.php on line 157
[13-Mar-2026 14:24:56 UTC] PHP Deprecated:  chr(): Providing a value not in-between 0 and 255 is deprecated, this is because a byte value must be in the [0, 255] interval. The value used will be constrained using % 256 in C:\Users\Pablo\Documents\GitHub\nine-screen-canvas-flow\vendor\phpseclib\phpseclib\phpseclib\Math\BigInteger\Engines\BCMath.php on line 157
[13-Mar-2026 14:24:56 UTC] PHP Deprecated:  chr(): Providing a value not in-between 0 and 255 is deprecated, this is because a byte value must be in the [0, 255] interval. The value used will be constrained using % 256 in C:\Users\Pablo\Documents\GitHub\nine-screen-canvas-flow\vendor\phpseclib\phpseclib\phpseclib\Math\BigInteger\Engines\BCMath.php on line 157
[13-Mar-2026 14:24:56 UTC] PHP Deprecated:  chr(): Providing a value not in-between 0 and 255 is deprecated, this is because a byte value must be in the [0, 255] interval. The value used will be constrained using % 256 in C:\Users\Pablo\Documents\GitHub\nine-screen-canvas-flow\vendor\phpseclib\phpseclib\phpseclib\Math\BigInteger\Engines\BCMath.php on line 157
[13-Mar-2026 14:24:56 UTC] PHP Deprecated:  chr(): Providing a value not in-between 0 and 255 is deprecated, this is because a byte value must be in the [0, 255] interval. The value used will be constrained using % 256 in C:\Users\Pablo\Documents\GitHub\nine-screen-canvas-flow\vendor\phpseclib\phpseclib\phpseclib\Math\BigInteger\Engines\BCMath.php on line 157
[13-Mar-2026 14:24:56 UTC] PHP Deprecated:  chr(): Providing a value not in-between 0 and 255 is deprecated, this is because a byte value must be in the [0, 255] interval. The value used will be constrained using % 256 in C:\Users\Pablo\Documents\GitHub\nine-screen-canvas-flow\vendor\phpseclib\phpseclib\phpseclib\Math\BigInteger\Engines\BCMath.php on line 157
[13-Mar-2026 14:24:56 UTC] PHP Deprecated:  chr(): Providing a value not in-between 0 and 255 is deprecated, this is because a byte value must be in the [0, 255] interval. The value used will be constrained using % 256 in C:\Users\Pablo\Documents\GitHub\nine-screen-canvas-flow\vendor\phpseclib\phpseclib\phpseclib\Math\BigInteger\Engines\BCMath.php on line 157
[13-Mar-2026 14:24:56 UTC] PHP Deprecated:  chr(): Providing a value not in-between 0 and 255 is deprecated, this is because a byte value must be in the [0, 255] interval. The value used will be constrained using % 256 in C:\Users\Pablo\Documents\GitHub\nine-screen-canvas-flow\vendor\phpseclib\phpseclib\phpseclib\Math\BigInteger\Engines\BCMath.php on line 157
[13-Mar-2026 14:24:56 UTC] PHP Deprecated:  chr(): Providing a value not in-between 0 and 255 is deprecated, this is because a byte value must be in the [0, 255] interval. The value used will be constrained using % 256 in C:\Users\Pablo\Documents\GitHub\nine-screen-canvas-flow\vendor\phpseclib\phpseclib\phpseclib\Math\BigInteger\Engines\BCMath.php on line 157
[13-Mar-2026 14:24:56 UTC] PHP Deprecated:  chr(): Providing a value not in-between 0 and 255 is deprecated, this is because a byte value must be in the [0, 255] interval. The value used will be constrained using % 256 in C:\Users\Pablo\Documents\GitHub\nine-screen-canvas-flow\vendor\phpseclib\phpseclib\phpseclib\Math\BigInteger\Engines\BCMath.php on line 157
[13-Mar-2026 14:24:56 UTC] PHP Deprecated:  chr(): Providing a value not in-between 0 and 255 is deprecated, this is because a byte value must be in the [0, 255] interval. The value used will be constrained using % 256 in C:\Users\Pablo\Documents\GitHub\nine-screen-canvas-flow\vendor\phpseclib\phpseclib\phpseclib\Math\BigInteger\Engines\BCMath.php on line 157
[13-Mar-2026 14:24:56 UTC] PHP Deprecated:  chr(): Providing a value not in-between 0 and 255 is deprecated, this is because a byte value must be in the [0, 255] interval. The value used will be constrained using % 256 in C:\Users\Pablo\Documents\GitHub\nine-screen-canvas-flow\vendor\phpseclib\phpseclib\phpseclib\Math\BigInteger\Engines\BCMath.php on line 157
[13-Mar-2026 14:24:56 UTC] PHP Deprecated:  chr(): Providing a value not in-between 0 and 255 is deprecated, this is because a byte value must be in the [0, 255] interval. The value used will be constrained using % 256 in C:\Users\Pablo\Documents\GitHub\nine-screen-canvas-flow\vendor\phpseclib\phpseclib\phpseclib\Math\BigInteger\Engines\BCMath.php on line 157
[13-Mar-2026 14:24:56 UTC] PHP Deprecated:  chr(): Providing a value not in-between 0 and 255 is deprecated, this is because a byte value must be in the [0, 255] interval. The value used will be constrained using % 256 in C:\Users\Pablo\Documents\GitHub\nine-screen-canvas-flow\vendor\phpseclib\phpseclib\phpseclib\Math\BigInteger\Engines\BCMath.php on line 157
[13-Mar-2026 14:24:56 UTC] PHP Deprecated:  chr(): Providing a value not in-between 0 and 255 is deprecated, this is because a byte value must be in the [0, 255] interval. The value used will be constrained using % 256 in C:\Users\Pablo\Documents\GitHub\nine-screen-canvas-flow\vendor\phpseclib\phpseclib\phpseclib\Math\BigInteger\Engines\BCMath.php on line 157
[13-Mar-2026 14:24:56 UTC] PHP Deprecated:  chr(): Providing a value not in-between 0 and 255 is deprecated, this is because a byte value must be in the [0, 255] interval. The value used will be constrained using % 256 in C:\Users\Pablo\Documents\GitHub\nine-screen-canvas-flow\vendor\phpseclib\phpseclib\phpseclib\Math\BigInteger\Engines\BCMath.php on line 157
[13-Mar-2026 14:24:56 UTC] PHP Deprecated:  chr(): Providing a value not in-between 0 and 255 is deprecated, this is because a byte value must be in the [0, 255] interval. The value used will be constrained using % 256 in C:\Users\Pablo\Documents\GitHub\nine-screen-canvas-flow\vendor\phpseclib\phpseclib\phpseclib\Math\BigInteger\Engines\BCMath.php on line 157
[13-Mar-2026 14:24:56 UTC] PHP Deprecated:  chr(): Providing a value not in-between 0 and 255 is deprecated, this is because a byte value must be in the [0, 255] interval. The value used will be constrained using % 256 in C:\Users\Pablo\Documents\GitHub\nine-screen-canvas-flow\vendor\phpseclib\phpseclib\phpseclib\Math\BigInteger\Engines\BCMath.php on line 157
[13-Mar-2026 14:24:56 UTC] PHP Deprecated:  chr(): Providing a value not in-between 0 and 255 is deprecated, this is because a byte value must be in the [0, 255] interval. The value used will be constrained using % 256 in C:\Users\Pablo\Documents\GitHub\nine-screen-canvas-flow\vendor\phpseclib\phpseclib\phpseclib\Math\BigInteger\Engines\BCMath.php on line 157
[13-Mar-2026 14:24:56 UTC] PHP Deprecated:  chr(): Providing a value not in-between 0 and 255 is deprecated, this is because a byte value must be in the [0, 255] interval. The value used will be constrained using % 256 in C:\Users\Pablo\Documents\GitHub\nine-screen-canvas-flow\vendor\phpseclib\phpseclib\phpseclib\Math\BigInteger\Engines\BCMath.php on line 157
[13-Mar-2026 14:24:56 UTC] PHP Deprecated:  chr(): Providing a value not in-between 0 and 255 is deprecated, this is because a byte value must be in the [0, 255] interval. The value used will be constrained using % 256 in C:\Users\Pablo\Documents\GitHub\nine-screen-canvas-flow\vendor\phpseclib\phpseclib\phpseclib\Math\BigInteger\Engines\BCMath.php on line 157
[13-Mar-2026 14:24:56 UTC] PHP Deprecated:  chr(): Providing a value not in-between 0 and 255 is deprecated, this is because a byte value must be in the [0, 255] interval. The value used will be constrained using % 256 in C:\Users\Pablo\Documents\GitHub\nine-screen-canvas-flow\vendor\phpseclib\phpseclib\phpseclib\Math\BigInteger\Engines\BCMath.php on line 157
[13-Mar-2026 14:24:56 UTC] PHP Deprecated:  chr(): Providing a value not in-between 0 and 255 is deprecated, this is because a byte value must be in the [0, 255] interval. The value used will be constrained using % 256 in C:\Users\Pablo\Documents\GitHub\nine-screen-canvas-flow\vendor\phpseclib\phpseclib\phpseclib\Math\BigInteger\Engines\BCMath.php on line 157
[13-Mar-2026 14:24:56 UTC] PHP Deprecated:  chr(): Providing a value not in-between 0 and 255 is deprecated, this is because a byte value must be in the [0, 255] interval. The value used will be constrained using % 256 in C:\Users\Pablo\Documents\GitHub\nine-screen-canvas-flow\vendor\phpseclib\phpseclib\phpseclib\Math\BigInteger\Engines\BCMath.php on line 157
[13-Mar-2026 14:24:56 UTC] PHP Deprecated:  chr(): Providing a value not in-between 0 and 255 is deprecated, this is because a byte value must be in the [0, 255] interval. The value used will be constrained using % 256 in C:\Users\Pablo\Documents\GitHub\nine-screen-canvas-flow\vendor\phpseclib\phpseclib\phpseclib\Math\BigInteger\Engines\BCMath.php on line 157
[13-Mar-2026 14:24:56 UTC] PHP Deprecated:  chr(): Providing a value not in-between 0 and 255 is deprecated, this is because a byte value must be in the [0, 255] interval. The value used will be constrained using % 256 in C:\Users\Pablo\Documents\GitHub\nine-screen-canvas-flow\vendor\phpseclib\phpseclib\phpseclib\Math\BigInteger\Engines\BCMath.php on line 157
[13-Mar-2026 14:24:56 UTC] PHP Deprecated:  chr(): Providing a value not in-between 0 and 255 is deprecated, this is because a byte value must be in the [0, 255] interval. The value used will be constrained using % 256 in C:\Users\Pablo\Documents\GitHub\nine-screen-canvas-flow\vendor\phpseclib\phpseclib\phpseclib\Math\BigInteger\Engines\BCMath.php on line 157
[13-Mar-2026 14:24:56 UTC] PHP Deprecated:  chr(): Providing a value not in-between 0 and 255 is deprecated, this is because a byte value must be in the [0, 255] interval. The value used will be constrained using % 256 in C:\Users\Pablo\Documents\GitHub\nine-screen-canvas-flow\vendor\phpseclib\phpseclib\phpseclib\Math\BigInteger\Engines\BCMath.php on line 157
[13-Mar-2026 14:24:56 UTC] PHP Deprecated:  chr(): Providing a value not in-between 0 and 255 is deprecated, this is because a byte value must be in the [0, 255] interval. The value used will be constrained using % 256 in C:\Users\Pablo\Documents\GitHub\nine-screen-canvas-flow\vendor\phpseclib\phpseclib\phpseclib\Math\BigInteger\Engines\BCMath.php on line 157
[13-Mar-2026 14:24:56 UTC] PHP Deprecated:  chr(): Providing a value not in-between 0 and 255 is deprecated, this is because a byte value must be in the [0, 255] interval. The value used will be constrained using % 256 in C:\Users\Pablo\Documents\GitHub\nine-screen-canvas-flow\vendor\phpseclib\phpseclib\phpseclib\Math\BigInteger\Engines\BCMath.php on line 157
[13-Mar-2026 14:24:56 UTC] PHP Deprecated:  chr(): Providing a value not in-between 0 and 255 is deprecated, this is because a byte value must be in the [0, 255] interval. The value used will be constrained using % 256 in C:\Users\Pablo\Documents\GitHub\nine-screen-canvas-flow\vendor\phpseclib\phpseclib\phpseclib\Math\BigInteger\Engines\BCMath.php on line 157
[13-Mar-2026 14:24:56 UTC] PHP Deprecated:  chr(): Providing a value not in-between 0 and 255 is deprecated, this is because a byte value must be in the [0, 255] interval. The value used will be constrained using % 256 in C:\Users\Pablo\Documents\GitHub\nine-screen-canvas-flow\vendor\phpseclib\phpseclib\phpseclib\Math\BigInteger\Engines\BCMath.php on line 157
[13-Mar-2026 14:24:56 UTC] PHP Deprecated:  chr(): Providing a value not in-between 0 and 255 is deprecated, this is because a byte value must be in the [0, 255] interval. The value used will be constrained using % 256 in C:\Users\Pablo\Documents\GitHub\nine-screen-canvas-flow\vendor\phpseclib\phpseclib\phpseclib\Math\BigInteger\Engines\BCMath.php on line 157
[13-Mar-2026 14:24:56 UTC] PHP Deprecated:  chr(): Providing a value not in-between 0 and 255 is deprecated, this is because a byte value must be in the [0, 255] interval. The value used will be constrained using % 256 in C:\Users\Pablo\Documents\GitHub\nine-screen-canvas-flow\vendor\phpseclib\phpseclib\phpseclib\Math\BigInteger\Engines\BCMath.php on line 157
[13-Mar-2026 14:24:56 UTC] PHP Deprecated:  chr(): Providing a value not in-between 0 and 255 is deprecated, this is because a byte value must be in the [0, 255] interval. The value used will be constrained using % 256 in C:\Users\Pablo\Documents\GitHub\nine-screen-canvas-flow\vendor\phpseclib\phpseclib\phpseclib\Math\BigInteger\Engines\BCMath.php on line 157
[13-Mar-2026 14:24:56 UTC] PHP Deprecated:  chr(): Providing a value not in-between 0 and 255 is deprecated, this is because a byte value must be in the [0, 255] interval. The value used will be constrained using % 256 in C:\Users\Pablo\Documents\GitHub\nine-screen-canvas-flow\vendor\phpseclib\phpseclib\phpseclib\Math\BigInteger\Engines\BCMath.php on line 157
[13-Mar-2026 14:24:56 UTC] PHP Deprecated:  chr(): Providing a value not in-between 0 and 255 is deprecated, this is because a byte value must be in the [0, 255] interval. The value used will be constrained using % 256 in C:\Users\Pablo\Documents\GitHub\nine-screen-canvas-flow\vendor\phpseclib\phpseclib\phpseclib\Math\BigInteger\Engines\BCMath.php on line 157
[13-Mar-2026 14:24:56 UTC] PHP Deprecated:  chr(): Providing a value not in-between 0 and 255 is deprecated, this is because a byte value must be in the [0, 255] interval. The value used will be constrained using % 256 in C:\Users\Pablo\Documents\GitHub\nine-screen-canvas-flow\vendor\phpseclib\phpseclib\phpseclib\Math\BigInteger\Engines\BCMath.php on line 157
[13-Mar-2026 14:24:56 UTC] PHP Deprecated:  chr(): Providing a value not in-between 0 and 255 is deprecated, this is because a byte value must be in the [0, 255] interval. The value used will be constrained using % 256 in C:\Users\Pablo\Documents\GitHub\nine-screen-canvas-flow\vendor\phpseclib\phpseclib\phpseclib\Math\BigInteger\Engines\BCMath.php on line 157
[13-Mar-2026 14:24:56 UTC] PHP Deprecated:  chr(): Providing a value not in-between 0 and 255 is deprecated, this is because a byte value must be in the [0, 255] interval. The value used will be constrained using % 256 in C:\Users\Pablo\Documents\GitHub\nine-screen-canvas-flow\vendor\phpseclib\phpseclib\phpseclib\Math\BigInteger\Engines\BCMath.php on line 157
[13-Mar-2026 14:24:56 UTC] PHP Deprecated:  chr(): Providing a value not in-between 0 and 255 is deprecated, this is because a byte value must be in the [0, 255] interval. The value used will be constrained using % 256 in C:\Users\Pablo\Documents\GitHub\nine-screen-canvas-flow\vendor\phpseclib\phpseclib\phpseclib\Math\BigInteger\Engines\BCMath.php on line 157
[13-Mar-2026 14:24:56 UTC] PHP Deprecated:  chr(): Providing a value not in-between 0 and 255 is deprecated, this is because a byte value must be in the [0, 255] interval. The value used will be constrained using % 256 in C:\Users\Pablo\Documents\GitHub\nine-screen-canvas-flow\vendor\phpseclib\phpseclib\phpseclib\Math\BigInteger\Engines\BCMath.php on line 157
[13-Mar-2026 14:24:56 UTC] PHP Deprecated:  chr(): Providing a value not in-between 0 and 255 is deprecated, this is because a byte value must be in the [0, 255] interval. The value used will be constrained using % 256 in C:\Users\Pablo\Documents\GitHub\nine-screen-canvas-flow\vendor\phpseclib\phpseclib\phpseclib\Math\BigInteger\Engines\BCMath.php on line 157
[13-Mar-2026 14:24:56 UTC] PHP Deprecated:  chr(): Providing a value not in-between 0 and 255 is deprecated, this is because a byte value must be in the [0, 255] interval. The value used will be constrained using % 256 in C:\Users\Pablo\Documents\GitHub\nine-screen-canvas-flow\vendor\phpseclib\phpseclib\phpseclib\Math\BigInteger\Engines\BCMath.php on line 157
[13-Mar-2026 14:24:56 UTC] PHP Deprecated:  chr(): Providing a value not in-between 0 and 255 is deprecated, this is because a byte value must be in the [0, 255] interval. The value used will be constrained using % 256 in C:\Users\Pablo\Documents\GitHub\nine-screen-canvas-flow\vendor\phpseclib\phpseclib\phpseclib\Math\BigInteger\Engines\BCMath.php on line 157
[13-Mar-2026 14:24:56 UTC] PHP Deprecated:  chr(): Providing a value not in-between 0 and 255 is deprecated, this is because a byte value must be in the [0, 255] interval. The value used will be constrained using % 256 in C:\Users\Pablo\Documents\GitHub\nine-screen-canvas-flow\vendor\phpseclib\phpseclib\phpseclib\Math\BigInteger\Engines\BCMath.php on line 157
[13-Mar-2026 14:24:56 UTC] PHP Deprecated:  chr(): Providing a value not in-between 0 and 255 is deprecated, this is because a byte value must be in the [0, 255] interval. The value used will be constrained using % 256 in C:\Users\Pablo\Documents\GitHub\nine-screen-canvas-flow\vendor\phpseclib\phpseclib\phpseclib\Math\BigInteger\Engines\BCMath.php on line 157
[13-Mar-2026 14:24:56 UTC] PHP Deprecated:  chr(): Providing a value not in-between 0 and 255 is deprecated, this is because a byte value must be in the [0, 255] interval. The value used will be constrained using % 256 in C:\Users\Pablo\Documents\GitHub\nine-screen-canvas-flow\vendor\phpseclib\phpseclib\phpseclib\Math\BigInteger\Engines\BCMath.php on line 157
[13-Mar-2026 14:24:56 UTC] PHP Deprecated:  chr(): Providing a value not in-between 0 and 255 is deprecated, this is because a byte value must be in the [0, 255] interval. The value used will be constrained using % 256 in C:\Users\Pablo\Documents\GitHub\nine-screen-canvas-flow\vendor\phpseclib\phpseclib\phpseclib\Math\BigInteger\Engines\BCMath.php on line 157
[13-Mar-2026 14:24:56 UTC] PHP Deprecated:  chr(): Providing a value not in-between 0 and 255 is deprecated, this is because a byte value must be in the [0, 255] interval. The value used will be constrained using % 256 in C:\Users\Pablo\Documents\GitHub\nine-screen-canvas-flow\vendor\phpseclib\phpseclib\phpseclib\Math\BigInteger\Engines\BCMath.php on line 157
[13-Mar-2026 14:24:56 UTC] PHP Deprecated:  chr(): Providing a value not in-between 0 and 255 is deprecated, this is because a byte value must be in the [0, 255] interval. The value used will be constrained using % 256 in C:\Users\Pablo\Documents\GitHub\nine-screen-canvas-flow\vendor\phpseclib\phpseclib\phpseclib\Math\BigInteger\Engines\BCMath.php on line 157
[13-Mar-2026 14:24:56 UTC] PHP Deprecated:  chr(): Providing a value not in-between 0 and 255 is deprecated, this is because a byte value must be in the [0, 255] interval. The value used will be constrained using % 256 in C:\Users\Pablo\Documents\GitHub\nine-screen-canvas-flow\vendor\phpseclib\phpseclib\phpseclib\Math\BigInteger\Engines\BCMath.php on line 157
[13-Mar-2026 14:24:56 UTC] PHP Deprecated:  chr(): Providing a value not in-between 0 and 255 is deprecated, this is because a byte value must be in the [0, 255] interval. The value used will be constrained using % 256 in C:\Users\Pablo\Documents\GitHub\nine-screen-canvas-flow\vendor\phpseclib\phpseclib\phpseclib\Math\BigInteger\Engines\BCMath.php on line 157
[13-Mar-2026 14:24:56 UTC] PHP Deprecated:  chr(): Providing a value not in-between 0 and 255 is deprecated, this is because a byte value must be in the [0, 255] interval. The value used will be constrained using % 256 in C:\Users\Pablo\Documents\GitHub\nine-screen-canvas-flow\vendor\phpseclib\phpseclib\phpseclib\Math\BigInteger\Engines\BCMath.php on line 157
[13-Mar-2026 14:24:56 UTC] PHP Deprecated:  chr(): Providing a value not in-between 0 and 255 is deprecated, this is because a byte value must be in the [0, 255] interval. The value used will be constrained using % 256 in C:\Users\Pablo\Documents\GitHub\nine-screen-canvas-flow\vendor\phpseclib\phpseclib\phpseclib\Math\BigInteger\Engines\BCMath.php on line 157
[13-Mar-2026 14:24:56 UTC] PHP Deprecated:  chr(): Providing a value not in-between 0 and 255 is deprecated, this is because a byte value must be in the [0, 255] interval. The value used will be constrained using % 256 in C:\Users\Pablo\Documents\GitHub\nine-screen-canvas-flow\vendor\phpseclib\phpseclib\phpseclib\Math\BigInteger\Engines\BCMath.php on line 157
[13-Mar-2026 14:24:56 UTC] PHP Deprecated:  chr(): Providing a value not in-between 0 and 255 is deprecated, this is because a byte value must be in the [0, 255] interval. The value used will be constrained using % 256 in C:\Users\Pablo\Documents\GitHub\nine-screen-canvas-flow\vendor\phpseclib\phpseclib\phpseclib\Math\BigInteger\Engines\BCMath.php on line 157
[13-Mar-2026 14:24:56 UTC] PHP Deprecated:  chr(): Providing a value not in-between 0 and 255 is deprecated, this is because a byte value must be in the [0, 255] interval. The value used will be constrained using % 256 in C:\Users\Pablo\Documents\GitHub\nine-screen-canvas-flow\vendor\phpseclib\phpseclib\phpseclib\Math\BigInteger\Engines\BCMath.php on line 157
[13-Mar-2026 14:24:56 UTC] PHP Deprecated:  chr(): Providing a value not in-between 0 and 255 is deprecated, this is because a byte value must be in the [0, 255] interval. The value used will be constrained using % 256 in C:\Users\Pablo\Documents\GitHub\nine-screen-canvas-flow\vendor\phpseclib\phpseclib\phpseclib\Math\BigInteger\Engines\BCMath.php on line 157
[13-Mar-2026 14:24:56 UTC] PHP Deprecated:  chr(): Providing a value not in-between 0 and 255 is deprecated, this is because a byte value must be in the [0, 255] interval. The value used will be constrained using % 256 in C:\Users\Pablo\Documents\GitHub\nine-screen-canvas-flow\vendor\phpseclib\phpseclib\phpseclib\Math\BigInteger\Engines\BCMath.php on line 157
[13-Mar-2026 14:24:56 UTC] PHP Deprecated:  chr(): Providing a value not in-between 0 and 255 is deprecated, this is because a byte value must be in the [0, 255] interval. The value used will be constrained using % 256 in C:\Users\Pablo\Documents\GitHub\nine-screen-canvas-flow\vendor\phpseclib\phpseclib\phpseclib\Math\BigInteger\Engines\BCMath.php on line 157
[13-Mar-2026 14:24:56 UTC] PHP Deprecated:  chr(): Providing a value not in-between 0 and 255 is deprecated, this is because a byte value must be in the [0, 255] interval. The value used will be constrained using % 256 in C:\Users\Pablo\Documents\GitHub\nine-screen-canvas-flow\vendor\phpseclib\phpseclib\phpseclib\Math\BigInteger\Engines\BCMath.php on line 157
[13-Mar-2026 14:24:56 UTC] PHP Deprecated:  chr(): Providing a value not in-between 0 and 255 is deprecated, this is because a byte value must be in the [0, 255] interval. The value used will be constrained using % 256 in C:\Users\Pablo\Documents\GitHub\nine-screen-canvas-flow\vendor\phpseclib\phpseclib\phpseclib\Math\BigInteger\Engines\BCMath.php on line 157
[13-Mar-2026 14:24:56 UTC] PHP Deprecated:  chr(): Providing a value not in-between 0 and 255 is deprecated, this is because a byte value must be in the [0, 255] interval. The value used will be constrained using % 256 in C:\Users\Pablo\Documents\GitHub\nine-screen-canvas-flow\vendor\phpseclib\phpseclib\phpseclib\Math\BigInteger\Engines\BCMath.php on line 157
[13-Mar-2026 14:24:56 UTC] PHP Deprecated:  chr(): Providing a value not in-between 0 and 255 is deprecated, this is because a byte value must be in the [0, 255] interval. The value used will be constrained using % 256 in C:\Users\Pablo\Documents\GitHub\nine-screen-canvas-flow\vendor\phpseclib\phpseclib\phpseclib\Math\BigInteger\Engines\BCMath.php on line 157
[13-Mar-2026 14:24:56 UTC] PHP Deprecated:  chr(): Providing a value not in-between 0 and 255 is deprecated, this is because a byte value must be in the [0, 255] interval. The value used will be constrained using % 256 in C:\Users\Pablo\Documents\GitHub\nine-screen-canvas-flow\vendor\phpseclib\phpseclib\phpseclib\Math\BigInteger\Engines\BCMath.php on line 157
[13-Mar-2026 14:24:56 UTC] PHP Deprecated:  chr(): Providing a value not in-between 0 and 255 is deprecated, this is because a byte value must be in the [0, 255] interval. The value used will be constrained using % 256 in C:\Users\Pablo\Documents\GitHub\nine-screen-canvas-flow\vendor\phpseclib\phpseclib\phpseclib\Math\BigInteger\Engines\BCMath.php on line 157
[13-Mar-2026 14:24:56 UTC] PHP Deprecated:  chr(): Providing a value not in-between 0 and 255 is deprecated, this is because a byte value must be in the [0, 255] interval. The value used will be constrained using % 256 in C:\Users\Pablo\Documents\GitHub\nine-screen-canvas-flow\vendor\phpseclib\phpseclib\phpseclib\Math\BigInteger\Engines\BCMath.php on line 157
[13-Mar-2026 14:24:56 UTC] PHP Deprecated:  chr(): Providing a value not in-between 0 and 255 is deprecated, this is because a byte value must be in the [0, 255] interval. The value used will be constrained using % 256 in C:\Users\Pablo\Documents\GitHub\nine-screen-canvas-flow\vendor\phpseclib\phpseclib\phpseclib\Math\BigInteger\Engines\BCMath.php on line 157
[13-Mar-2026 14:24:56 UTC] PHP Deprecated:  chr(): Providing a value not in-between 0 and 255 is deprecated, this is because a byte value must be in the [0, 255] interval. The value used will be constrained using % 256 in C:\Users\Pablo\Documents\GitHub\nine-screen-canvas-flow\vendor\phpseclib\phpseclib\phpseclib\Math\BigInteger\Engines\BCMath.php on line 157
[13-Mar-2026 14:24:56 UTC] PHP Deprecated:  chr(): Providing a value not in-between 0 and 255 is deprecated, this is because a byte value must be in the [0, 255] interval. The value used will be constrained using % 256 in C:\Users\Pablo\Documents\GitHub\nine-screen-canvas-flow\vendor\phpseclib\phpseclib\phpseclib\Math\BigInteger\Engines\BCMath.php on line 157
[13-Mar-2026 14:24:56 UTC] PHP Deprecated:  chr(): Providing a value not in-between 0 and 255 is deprecated, this is because a byte value must be in the [0, 255] interval. The value used will be constrained using % 256 in C:\Users\Pablo\Documents\GitHub\nine-screen-canvas-flow\vendor\phpseclib\phpseclib\phpseclib\Math\BigInteger\Engines\BCMath.php on line 157
[13-Mar-2026 14:24:56 UTC] PHP Deprecated:  chr(): Providing a value not in-between 0 and 255 is deprecated, this is because a byte value must be in the [0, 255] interval. The value used will be constrained using % 256 in C:\Users\Pablo\Documents\GitHub\nine-screen-canvas-flow\vendor\phpseclib\phpseclib\phpseclib\Math\BigInteger\Engines\BCMath.php on line 157
[13-Mar-2026 14:24:56 UTC] PHP Deprecated:  chr(): Providing a value not in-between 0 and 255 is deprecated, this is because a byte value must be in the [0, 255] interval. The value used will be constrained using % 256 in C:\Users\Pablo\Documents\GitHub\nine-screen-canvas-flow\vendor\phpseclib\phpseclib\phpseclib\Math\BigInteger\Engines\BCMath.php on line 157
[13-Mar-2026 14:24:56 UTC] PHP Deprecated:  chr(): Providing a value not in-between 0 and 255 is deprecated, this is because a byte value must be in the [0, 255] interval. The value used will be constrained using % 256 in C:\Users\Pablo\Documents\GitHub\nine-screen-canvas-flow\vendor\phpseclib\phpseclib\phpseclib\Math\BigInteger\Engines\BCMath.php on line 157
[13-Mar-2026 14:24:56 UTC] PHP Deprecated:  chr(): Providing a value not in-between 0 and 255 is deprecated, this is because a byte value must be in the [0, 255] interval. The value used will be constrained using % 256 in C:\Users\Pablo\Documents\GitHub\nine-screen-canvas-flow\vendor\phpseclib\phpseclib\phpseclib\Math\BigInteger\Engines\BCMath.php on line 157
[13-Mar-2026 14:24:56 UTC] PHP Deprecated:  chr(): Providing a value not in-between 0 and 255 is deprecated, this is because a byte value must be in the [0, 255] interval. The value used will be constrained using % 256 in C:\Users\Pablo\Documents\GitHub\nine-screen-canvas-flow\vendor\phpseclib\phpseclib\phpseclib\Math\BigInteger\Engines\BCMath.php on line 157
[13-Mar-2026 14:24:56 UTC] PHP Deprecated:  chr(): Providing a value not in-between 0 and 255 is deprecated, this is because a byte value must be in the [0, 255] interval. The value used will be constrained using % 256 in C:\Users\Pablo\Documents\GitHub\nine-screen-canvas-flow\vendor\phpseclib\phpseclib\phpseclib\Math\BigInteger\Engines\BCMath.php on line 157
[13-Mar-2026 14:24:56 UTC] PHP Deprecated:  chr(): Providing a value not in-between 0 and 255 is deprecated, this is because a byte value must be in the [0, 255] interval. The value used will be constrained using % 256 in C:\Users\Pablo\Documents\GitHub\nine-screen-canvas-flow\vendor\phpseclib\phpseclib\phpseclib\Math\BigInteger\Engines\BCMath.php on line 157
[13-Mar-2026 14:24:56 UTC] PHP Deprecated:  chr(): Providing a value not in-between 0 and 255 is deprecated, this is because a byte value must be in the [0, 255] interval. The value used will be constrained using % 256 in C:\Users\Pablo\Documents\GitHub\nine-screen-canvas-flow\vendor\phpseclib\phpseclib\phpseclib\Math\BigInteger\Engines\BCMath.php on line 157
[13-Mar-2026 14:24:56 UTC] PHP Deprecated:  chr(): Providing a value not in-between 0 and 255 is deprecated, this is because a byte value must be in the [0, 255] interval. The value used will be constrained using % 256 in C:\Users\Pablo\Documents\GitHub\nine-screen-canvas-flow\vendor\phpseclib\phpseclib\phpseclib\Math\BigInteger\Engines\BCMath.php on line 157
[13-Mar-2026 14:24:56 UTC] PHP Deprecated:  chr(): Providing a value not in-between 0 and 255 is deprecated, this is because a byte value must be in the [0, 255] interval. The value used will be constrained using % 256 in C:\Users\Pablo\Documents\GitHub\nine-screen-canvas-flow\vendor\phpseclib\phpseclib\phpseclib\Math\BigInteger\Engines\BCMath.php on line 157
[13-Mar-2026 14:24:56 UTC] PHP Deprecated:  chr(): Providing a value not in-between 0 and 255 is deprecated, this is because a byte value must be in the [0, 255] interval. The value used will be constrained using % 256 in C:\Users\Pablo\Documents\GitHub\nine-screen-canvas-flow\vendor\phpseclib\phpseclib\phpseclib\Math\BigInteger\Engines\BCMath.php on line 157
[13-Mar-2026 14:24:56 UTC] PHP Deprecated:  chr(): Providing a value not in-between 0 and 255 is deprecated, this is because a byte value must be in the [0, 255] interval. The value used will be constrained using % 256 in C:\Users\Pablo\Documents\GitHub\nine-screen-canvas-flow\vendor\phpseclib\phpseclib\phpseclib\Math\BigInteger\Engines\BCMath.php on line 157
[13-Mar-2026 14:24:56 UTC] PHP Deprecated:  chr(): Providing a value not in-between 0 and 255 is deprecated, this is because a byte value must be in the [0, 255] interval. The value used will be constrained using % 256 in C:\Users\Pablo\Documents\GitHub\nine-screen-canvas-flow\vendor\phpseclib\phpseclib\phpseclib\Math\BigInteger\Engines\BCMath.php on line 157
[13-Mar-2026 14:24:56 UTC] PHP Deprecated:  chr(): Providing a value not in-between 0 and 255 is deprecated, this is because a byte value must be in the [0, 255] interval. The value used will be constrained using % 256 in C:\Users\Pablo\Documents\GitHub\nine-screen-canvas-flow\vendor\phpseclib\phpseclib\phpseclib\Math\BigInteger\Engines\BCMath.php on line 157
[13-Mar-2026 14:24:56 UTC] PHP Deprecated:  chr(): Providing a value not in-between 0 and 255 is deprecated, this is because a byte value must be in the [0, 255] interval. The value used will be constrained using % 256 in C:\Users\Pablo\Documents\GitHub\nine-screen-canvas-flow\vendor\phpseclib\phpseclib\phpseclib\Math\BigInteger\Engines\BCMath.php on line 157
[13-Mar-2026 14:24:56 UTC] PHP Deprecated:  chr(): Providing a value not in-between 0 and 255 is deprecated, this is because a byte value must be in the [0, 255] interval. The value used will be constrained using % 256 in C:\Users\Pablo\Documents\GitHub\nine-screen-canvas-flow\vendor\phpseclib\phpseclib\phpseclib\Math\BigInteger\Engines\BCMath.php on line 157
[13-Mar-2026 14:24:56 UTC] PHP Deprecated:  chr(): Providing a value not in-between 0 and 255 is deprecated, this is because a byte value must be in the [0, 255] interval. The value used will be constrained using % 256 in C:\Users\Pablo\Documents\GitHub\nine-screen-canvas-flow\vendor\phpseclib\phpseclib\phpseclib\Math\BigInteger\Engines\BCMath.php on line 157
[13-Mar-2026 14:24:56 UTC] PHP Deprecated:  chr(): Providing a value not in-between 0 and 255 is deprecated, this is because a byte value must be in the [0, 255] interval. The value used will be constrained using % 256 in C:\Users\Pablo\Documents\GitHub\nine-screen-canvas-flow\vendor\phpseclib\phpseclib\phpseclib\Math\BigInteger\Engines\BCMath.php on line 157
[13-Mar-2026 14:24:56 UTC] PHP Deprecated:  chr(): Providing a value not in-between 0 and 255 is deprecated, this is because a byte value must be in the [0, 255] interval. The value used will be constrained using % 256 in C:\Users\Pablo\Documents\GitHub\nine-screen-canvas-flow\vendor\phpseclib\phpseclib\phpseclib\Math\BigInteger\Engines\BCMath.php on line 157
[13-Mar-2026 14:24:56 UTC] PHP Deprecated:  chr(): Providing a value not in-between 0 and 255 is deprecated, this is because a byte value must be in the [0, 255] interval. The value used will be constrained using % 256 in C:\Users\Pablo\Documents\GitHub\nine-screen-canvas-flow\vendor\phpseclib\phpseclib\phpseclib\Math\BigInteger\Engines\BCMath.php on line 157
[13-Mar-2026 14:24:56 UTC] PHP Deprecated:  chr(): Providing a value not in-between 0 and 255 is deprecated, this is because a byte value must be in the [0, 255] interval. The value used will be constrained using % 256 in C:\Users\Pablo\Documents\GitHub\nine-screen-canvas-flow\vendor\phpseclib\phpseclib\phpseclib\Math\BigInteger\Engines\BCMath.php on line 157
[13-Mar-2026 14:24:56 UTC] PHP Deprecated:  chr(): Providing a value not in-between 0 and 255 is deprecated, this is because a byte value must be in the [0, 255] interval. The value used will be constrained using % 256 in C:\Users\Pablo\Documents\GitHub\nine-screen-canvas-flow\vendor\phpseclib\phpseclib\phpseclib\Math\BigInteger\Engines\BCMath.php on line 157
[13-Mar-2026 14:24:56 UTC] PHP Deprecated:  chr(): Providing a value not in-between 0 and 255 is deprecated, this is because a byte value must be in the [0, 255] interval. The value used will be constrained using % 256 in C:\Users\Pablo\Documents\GitHub\nine-screen-canvas-flow\vendor\phpseclib\phpseclib\phpseclib\Math\BigInteger\Engines\BCMath.php on line 157
[13-Mar-2026 14:24:56 UTC] PHP Deprecated:  chr(): Providing a value not in-between 0 and 255 is deprecated, this is because a byte value must be in the [0, 255] interval. The value used will be constrained using % 256 in C:\Users\Pablo\Documents\GitHub\nine-screen-canvas-flow\vendor\phpseclib\phpseclib\phpseclib\Math\BigInteger\Engines\BCMath.php on line 157
[13-Mar-2026 14:24:56 UTC] PHP Deprecated:  chr(): Providing a value not in-between 0 and 255 is deprecated, this is because a byte value must be in the [0, 255] interval. The value used will be constrained using % 256 in C:\Users\Pablo\Documents\GitHub\nine-screen-canvas-flow\vendor\phpseclib\phpseclib\phpseclib\Math\BigInteger\Engines\BCMath.php on line 157
[13-Mar-2026 14:24:56 UTC] PHP Deprecated:  chr(): Providing a value not in-between 0 and 255 is deprecated, this is because a byte value must be in the [0, 255] interval. The value used will be constrained using % 256 in C:\Users\Pablo\Documents\GitHub\nine-screen-canvas-flow\vendor\phpseclib\phpseclib\phpseclib\Math\BigInteger\Engines\BCMath.php on line 157
[13-Mar-2026 14:24:56 UTC] PHP Deprecated:  chr(): Providing a value not in-between 0 and 255 is deprecated, this is because a byte value must be in the [0, 255] interval. The value used will be constrained using % 256 in C:\Users\Pablo\Documents\GitHub\nine-screen-canvas-flow\vendor\phpseclib\phpseclib\phpseclib\Math\BigInteger\Engines\BCMath.php on line 157
[13-Mar-2026 14:24:56 UTC] PHP Deprecated:  chr(): Providing a value not in-between 0 and 255 is deprecated, this is because a byte value must be in the [0, 255] interval. The value used will be constrained using % 256 in C:\Users\Pablo\Documents\GitHub\nine-screen-canvas-flow\vendor\phpseclib\phpseclib\phpseclib\Math\BigInteger\Engines\BCMath.php on line 157
[13-Mar-2026 14:24:56 UTC] PHP Deprecated:  chr(): Providing a value not in-between 0 and 255 is deprecated, this is because a byte value must be in the [0, 255] interval. The value used will be constrained using % 256 in C:\Users\Pablo\Documents\GitHub\nine-screen-canvas-flow\vendor\phpseclib\phpseclib\phpseclib\Math\BigInteger\Engines\BCMath.php on line 157
[13-Mar-2026 14:24:56 UTC] PHP Deprecated:  chr(): Providing a value not in-between 0 and 255 is deprecated, this is because a byte value must be in the [0, 255] interval. The value used will be constrained using % 256 in C:\Users\Pablo\Documents\GitHub\nine-screen-canvas-flow\vendor\phpseclib\phpseclib\phpseclib\Math\BigInteger\Engines\BCMath.php on line 157
[13-Mar-2026 14:24:56 UTC] PHP Deprecated:  chr(): Providing a value not in-between 0 and 255 is deprecated, this is because a byte value must be in the [0, 255] interval. The value used will be constrained using % 256 in C:\Users\Pablo\Documents\GitHub\nine-screen-canvas-flow\vendor\phpseclib\phpseclib\phpseclib\Math\BigInteger\Engines\BCMath.php on line 157
[13-Mar-2026 14:24:56 UTC] PHP Deprecated:  chr(): Providing a value not in-between 0 and 255 is deprecated, this is because a byte value must be in the [0, 255] interval. The value used will be constrained using % 256 in C:\Users\Pablo\Documents\GitHub\nine-screen-canvas-flow\vendor\phpseclib\phpseclib\phpseclib\Math\BigInteger\Engines\BCMath.php on line 157
[13-Mar-2026 14:24:56 UTC] PHP Deprecated:  chr(): Providing a value not in-between 0 and 255 is deprecated, this is because a byte value must be in the [0, 255] interval. The value used will be constrained using % 256 in C:\Users\Pablo\Documents\GitHub\nine-screen-canvas-flow\vendor\phpseclib\phpseclib\phpseclib\Math\BigInteger\Engines\BCMath.php on line 157
[13-Mar-2026 14:24:56 UTC] PHP Deprecated:  chr(): Providing a value not in-between 0 and 255 is deprecated, this is because a byte value must be in the [0, 255] interval. The value used will be constrained using % 256 in C:\Users\Pablo\Documents\GitHub\nine-screen-canvas-flow\vendor\phpseclib\phpseclib\phpseclib\Math\BigInteger\Engines\BCMath.php on line 157
[13-Mar-2026 14:24:56 UTC] PHP Deprecated:  chr(): Providing a value not in-between 0 and 255 is deprecated, this is because a byte value must be in the [0, 255] interval. The value used will be constrained using % 256 in C:\Users\Pablo\Documents\GitHub\nine-screen-canvas-flow\vendor\phpseclib\phpseclib\phpseclib\Math\BigInteger\Engines\BCMath.php on line 157
[13-Mar-2026 14:24:56 UTC] PHP Deprecated:  chr(): Providing a value not in-between 0 and 255 is deprecated, this is because a byte value must be in the [0, 255] interval. The value used will be constrained using % 256 in C:\Users\Pablo\Documents\GitHub\nine-screen-canvas-flow\vendor\phpseclib\phpseclib\phpseclib\Math\BigInteger\Engines\BCMath.php on line 157
[13-Mar-2026 14:24:56 UTC] PHP Deprecated:  chr(): Providing a value not in-between 0 and 255 is deprecated, this is because a byte value must be in the [0, 255] interval. The value used will be constrained using % 256 in C:\Users\Pablo\Documents\GitHub\nine-screen-canvas-flow\vendor\phpseclib\phpseclib\phpseclib\Math\BigInteger\Engines\BCMath.php on line 157
[13-Mar-2026 14:24:56 UTC] PHP Deprecated:  chr(): Providing a value not in-between 0 and 255 is deprecated, this is because a byte value must be in the [0, 255] interval. The value used will be constrained using % 256 in C:\Users\Pablo\Documents\GitHub\nine-screen-canvas-flow\vendor\phpseclib\phpseclib\phpseclib\Math\BigInteger\Engines\BCMath.php on line 157
[13-Mar-2026 14:24:56 UTC] PHP Deprecated:  chr(): Providing a value not in-between 0 and 255 is deprecated, this is because a byte value must be in the [0, 255] interval. The value used will be constrained using % 256 in C:\Users\Pablo\Documents\GitHub\nine-screen-canvas-flow\vendor\phpseclib\phpseclib\phpseclib\Math\BigInteger\Engines\BCMath.php on line 157
[13-Mar-2026 14:24:56 UTC] PHP Deprecated:  chr(): Providing a value not in-between 0 and 255 is deprecated, this is because a byte value must be in the [0, 255] interval. The value used will be constrained using % 256 in C:\Users\Pablo\Documents\GitHub\nine-screen-canvas-flow\vendor\phpseclib\phpseclib\phpseclib\Math\BigInteger\Engines\BCMath.php on line 157
[13-Mar-2026 14:24:56 UTC] PHP Deprecated:  chr(): Providing a value not in-between 0 and 255 is deprecated, this is because a byte value must be in the [0, 255] interval. The value used will be constrained using % 256 in C:\Users\Pablo\Documents\GitHub\nine-screen-canvas-flow\vendor\phpseclib\phpseclib\phpseclib\Math\BigInteger\Engines\BCMath.php on line 157
[13-Mar-2026 14:24:56 UTC] PHP Deprecated:  chr(): Providing a value not in-between 0 and 255 is deprecated, this is because a byte value must be in the [0, 255] interval. The value used will be constrained using % 256 in C:\Users\Pablo\Documents\GitHub\nine-screen-canvas-flow\vendor\phpseclib\phpseclib\phpseclib\Math\BigInteger\Engines\BCMath.php on line 157
[13-Mar-2026 14:24:56 UTC] PHP Deprecated:  chr(): Providing a value not in-between 0 and 255 is deprecated, this is because a byte value must be in the [0, 255] interval. The value used will be constrained using % 256 in C:\Users\Pablo\Documents\GitHub\nine-screen-canvas-flow\vendor\phpseclib\phpseclib\phpseclib\Math\BigInteger\Engines\BCMath.php on line 157
[13-Mar-2026 14:24:56 UTC] PHP Deprecated:  chr(): Providing a value not in-between 0 and 255 is deprecated, this is because a byte value must be in the [0, 255] interval. The value used will be constrained using % 256 in C:\Users\Pablo\Documents\GitHub\nine-screen-canvas-flow\vendor\phpseclib\phpseclib\phpseclib\Math\BigInteger\Engines\BCMath.php on line 157
[13-Mar-2026 14:24:56 UTC] PHP Deprecated:  chr(): Providing a value not in-between 0 and 255 is deprecated, this is because a byte value must be in the [0, 255] interval. The value used will be constrained using % 256 in C:\Users\Pablo\Documents\GitHub\nine-screen-canvas-flow\vendor\phpseclib\phpseclib\phpseclib\Math\BigInteger\Engines\BCMath.php on line 157
[13-Mar-2026 14:24:56 UTC] PHP Deprecated:  chr(): Providing a value not in-between 0 and 255 is deprecated, this is because a byte value must be in the [0, 255] interval. The value used will be constrained using % 256 in C:\Users\Pablo\Documents\GitHub\nine-screen-canvas-flow\vendor\phpseclib\phpseclib\phpseclib\Math\BigInteger\Engines\BCMath.php on line 157
[13-Mar-2026 14:24:56 UTC] PHP Deprecated:  chr(): Providing a value not in-between 0 and 255 is deprecated, this is because a byte value must be in the [0, 255] interval. The value used will be constrained using % 256 in C:\Users\Pablo\Documents\GitHub\nine-screen-canvas-flow\vendor\phpseclib\phpseclib\phpseclib\Math\BigInteger\Engines\BCMath.php on line 157
[13-Mar-2026 14:24:56 UTC] PHP Deprecated:  chr(): Providing a value not in-between 0 and 255 is deprecated, this is because a byte value must be in the [0, 255] interval. The value used will be constrained using % 256 in C:\Users\Pablo\Documents\GitHub\nine-screen-canvas-flow\vendor\phpseclib\phpseclib\phpseclib\Math\BigInteger\Engines\BCMath.php on line 157
[13-Mar-2026 14:24:56 UTC] PHP Deprecated:  chr(): Providing a value not in-between 0 and 255 is deprecated, this is because a byte value must be in the [0, 255] interval. The value used will be constrained using % 256 in C:\Users\Pablo\Documents\GitHub\nine-screen-canvas-flow\vendor\phpseclib\phpseclib\phpseclib\Math\BigInteger\Engines\BCMath.php on line 157
[13-Mar-2026 14:24:56 UTC] PHP Deprecated:  chr(): Providing a value not in-between 0 and 255 is deprecated, this is because a byte value must be in the [0, 255] interval. The value used will be constrained using % 256 in C:\Users\Pablo\Documents\GitHub\nine-screen-canvas-flow\vendor\phpseclib\phpseclib\phpseclib\Math\BigInteger\Engines\BCMath.php on line 157
[13-Mar-2026 14:24:56 UTC] PHP Deprecated:  chr(): Providing a value not in-between 0 and 255 is deprecated, this is because a byte value must be in the [0, 255] interval. The value used will be constrained using % 256 in C:\Users\Pablo\Documents\GitHub\nine-screen-canvas-flow\vendor\phpseclib\phpseclib\phpseclib\Math\BigInteger\Engines\BCMath.php on line 157
[13-Mar-2026 14:24:56 UTC] PHP Deprecated:  chr(): Providing a value not in-between 0 and 255 is deprecated, this is because a byte value must be in the [0, 255] interval. The value used will be constrained using % 256 in C:\Users\Pablo\Documents\GitHub\nine-screen-canvas-flow\vendor\phpseclib\phpseclib\phpseclib\Math\BigInteger\Engines\BCMath.php on line 157
[13-Mar-2026 14:24:56 UTC] PHP Deprecated:  chr(): Providing a value not in-between 0 and 255 is deprecated, this is because a byte value must be in the [0, 255] interval. The value used will be constrained using % 256 in C:\Users\Pablo\Documents\GitHub\nine-screen-canvas-flow\vendor\phpseclib\phpseclib\phpseclib\Math\BigInteger\Engines\BCMath.php on line 157
[13-Mar-2026 14:24:56 UTC] PHP Deprecated:  chr(): Providing a value not in-between 0 and 255 is deprecated, this is because a byte value must be in the [0, 255] interval. The value used will be constrained using % 256 in C:\Users\Pablo\Documents\GitHub\nine-screen-canvas-flow\vendor\phpseclib\phpseclib\phpseclib\Math\BigInteger\Engines\BCMath.php on line 157
[13-Mar-2026 14:24:56 UTC] PHP Deprecated:  chr(): Providing a value not in-between 0 and 255 is deprecated, this is because a byte value must be in the [0, 255] interval. The value used will be constrained using % 256 in C:\Users\Pablo\Documents\GitHub\nine-screen-canvas-flow\vendor\phpseclib\phpseclib\phpseclib\Math\BigInteger\Engines\BCMath.php on line 157
[13-Mar-2026 14:24:56 UTC] PHP Deprecated:  chr(): Providing a value not in-between 0 and 255 is deprecated, this is because a byte value must be in the [0, 255] interval. The value used will be constrained using % 256 in C:\Users\Pablo\Documents\GitHub\nine-screen-canvas-flow\vendor\phpseclib\phpseclib\phpseclib\Math\BigInteger\Engines\BCMath.php on line 157
[13-Mar-2026 14:24:56 UTC] PHP Deprecated:  chr(): Providing a value not in-between 0 and 255 is deprecated, this is because a byte value must be in the [0, 255] interval. The value used will be constrained using % 256 in C:\Users\Pablo\Documents\GitHub\nine-screen-canvas-flow\vendor\phpseclib\phpseclib\phpseclib\Math\BigInteger\Engines\BCMath.php on line 157
[13-Mar-2026 14:24:56 UTC] PHP Deprecated:  chr(): Providing a value not in-between 0 and 255 is deprecated, this is because a byte value must be in the [0, 255] interval. The value used will be constrained using % 256 in C:\Users\Pablo\Documents\GitHub\nine-screen-canvas-flow\vendor\phpseclib\phpseclib\phpseclib\Math\BigInteger\Engines\BCMath.php on line 157
[13-Mar-2026 14:24:56 UTC] PHP Deprecated:  chr(): Providing a value not in-between 0 and 255 is deprecated, this is because a byte value must be in the [0, 255] interval. The value used will be constrained using % 256 in C:\Users\Pablo\Documents\GitHub\nine-screen-canvas-flow\vendor\phpseclib\phpseclib\phpseclib\Math\BigInteger\Engines\BCMath.php on line 157
[13-Mar-2026 14:24:56 UTC] PHP Deprecated:  chr(): Providing a value not in-between 0 and 255 is deprecated, this is because a byte value must be in the [0, 255] interval. The value used will be constrained using % 256 in C:\Users\Pablo\Documents\GitHub\nine-screen-canvas-flow\vendor\phpseclib\phpseclib\phpseclib\Math\BigInteger\Engines\BCMath.php on line 157
[13-Mar-2026 14:24:56 UTC] PHP Deprecated:  chr(): Providing a value not in-between 0 and 255 is deprecated, this is because a byte value must be in the [0, 255] interval. The value used will be constrained using % 256 in C:\Users\Pablo\Documents\GitHub\nine-screen-canvas-flow\vendor\phpseclib\phpseclib\phpseclib\Math\BigInteger\Engines\BCMath.php on line 157
[13-Mar-2026 14:24:56 UTC] PHP Deprecated:  chr(): Providing a value not in-between 0 and 255 is deprecated, this is because a byte value must be in the [0, 255] interval. The value used will be constrained using % 256 in C:\Users\Pablo\Documents\GitHub\nine-screen-canvas-flow\vendor\phpseclib\phpseclib\phpseclib\Math\BigInteger\Engines\BCMath.php on line 157
[13-Mar-2026 14:24:56 UTC] PHP Deprecated:  chr(): Providing a value not in-between 0 and 255 is deprecated, this is because a byte value must be in the [0, 255] interval. The value used will be constrained using % 256 in C:\Users\Pablo\Documents\GitHub\nine-screen-canvas-flow\vendor\phpseclib\phpseclib\phpseclib\Math\BigInteger\Engines\BCMath.php on line 157
[13-Mar-2026 14:24:56 UTC] PHP Deprecated:  chr(): Providing a value not in-between 0 and 255 is deprecated, this is because a byte value must be in the [0, 255] interval. The value used will be constrained using % 256 in C:\Users\Pablo\Documents\GitHub\nine-screen-canvas-flow\vendor\phpseclib\phpseclib\phpseclib\Math\BigInteger\Engines\BCMath.php on line 157
[13-Mar-2026 14:24:56 UTC] PHP Deprecated:  chr(): Providing a value not in-between 0 and 255 is deprecated, this is because a byte value must be in the [0, 255] interval. The value used will be constrained using % 256 in C:\Users\Pablo\Documents\GitHub\nine-screen-canvas-flow\vendor\phpseclib\phpseclib\phpseclib\Math\BigInteger\Engines\BCMath.php on line 157
[13-Mar-2026 14:24:56 UTC] PHP Deprecated:  chr(): Providing a value not in-between 0 and 255 is deprecated, this is because a byte value must be in the [0, 255] interval. The value used will be constrained using % 256 in C:\Users\Pablo\Documents\GitHub\nine-screen-canvas-flow\vendor\phpseclib\phpseclib\phpseclib\Math\BigInteger\Engines\BCMath.php on line 157
[13-Mar-2026 14:24:56 UTC] PHP Deprecated:  chr(): Providing a value not in-between 0 and 255 is deprecated, this is because a byte value must be in the [0, 255] interval. The value used will be constrained using % 256 in C:\Users\Pablo\Documents\GitHub\nine-screen-canvas-flow\vendor\phpseclib\phpseclib\phpseclib\Math\BigInteger\Engines\BCMath.php on line 157
[13-Mar-2026 14:24:56 UTC] PHP Deprecated:  chr(): Providing a value not in-between 0 and 255 is deprecated, this is because a byte value must be in the [0, 255] interval. The value used will be constrained using % 256 in C:\Users\Pablo\Documents\GitHub\nine-screen-canvas-flow\vendor\phpseclib\phpseclib\phpseclib\Math\BigInteger\Engines\BCMath.php on line 157
[13-Mar-2026 14:24:56 UTC] PHP Deprecated:  chr(): Providing a value not in-between 0 and 255 is deprecated, this is because a byte value must be in the [0, 255] interval. The value used will be constrained using % 256 in C:\Users\Pablo\Documents\GitHub\nine-screen-canvas-flow\vendor\phpseclib\phpseclib\phpseclib\Math\BigInteger\Engines\BCMath.php on line 157
[13-Mar-2026 14:24:56 UTC] PHP Deprecated:  chr(): Providing a value not in-between 0 and 255 is deprecated, this is because a byte value must be in the [0, 255] interval. The value used will be constrained using % 256 in C:\Users\Pablo\Documents\GitHub\nine-screen-canvas-flow\vendor\phpseclib\phpseclib\phpseclib\Math\BigInteger\Engines\BCMath.php on line 157
[13-Mar-2026 14:24:56 UTC] PHP Deprecated:  chr(): Providing a value not in-between 0 and 255 is deprecated, this is because a byte value must be in the [0, 255] interval. The value used will be constrained using % 256 in C:\Users\Pablo\Documents\GitHub\nine-screen-canvas-flow\vendor\phpseclib\phpseclib\phpseclib\Math\BigInteger\Engines\BCMath.php on line 157
[13-Mar-2026 14:24:56 UTC] PHP Deprecated:  chr(): Providing a value not in-between 0 and 255 is deprecated, this is because a byte value must be in the [0, 255] interval. The value used will be constrained using % 256 in C:\Users\Pablo\Documents\GitHub\nine-screen-canvas-flow\vendor\phpseclib\phpseclib\phpseclib\Math\BigInteger\Engines\BCMath.php on line 157
[13-Mar-2026 14:24:56 UTC] PHP Deprecated:  chr(): Providing a value not in-between 0 and 255 is deprecated, this is because a byte value must be in the [0, 255] interval. The value used will be constrained using % 256 in C:\Users\Pablo\Documents\GitHub\nine-screen-canvas-flow\vendor\phpseclib\phpseclib\phpseclib\Math\BigInteger\Engines\BCMath.php on line 157
[13-Mar-2026 14:24:56 UTC] PHP Deprecated:  chr(): Providing a value not in-between 0 and 255 is deprecated, this is because a byte value must be in the [0, 255] interval. The value used will be constrained using % 256 in C:\Users\Pablo\Documents\GitHub\nine-screen-canvas-flow\vendor\phpseclib\phpseclib\phpseclib\Math\BigInteger\Engines\BCMath.php on line 157
[13-Mar-2026 14:24:56 UTC] PHP Deprecated:  chr(): Providing a value not in-between 0 and 255 is deprecated, this is because a byte value must be in the [0, 255] interval. The value used will be constrained using % 256 in C:\Users\Pablo\Documents\GitHub\nine-screen-canvas-flow\vendor\phpseclib\phpseclib\phpseclib\Math\BigInteger\Engines\BCMath.php on line 157
[13-Mar-2026 14:24:56 UTC] PHP Deprecated:  chr(): Providing a value not in-between 0 and 255 is deprecated, this is because a byte value must be in the [0, 255] interval. The value used will be constrained using % 256 in C:\Users\Pablo\Documents\GitHub\nine-screen-canvas-flow\vendor\phpseclib\phpseclib\phpseclib\Math\BigInteger\Engines\BCMath.php on line 157
[13-Mar-2026 14:24:56 UTC] PHP Deprecated:  chr(): Providing a value not in-between 0 and 255 is deprecated, this is because a byte value must be in the [0, 255] interval. The value used will be constrained using % 256 in C:\Users\Pablo\Documents\GitHub\nine-screen-canvas-flow\vendor\phpseclib\phpseclib\phpseclib\Math\BigInteger\Engines\BCMath.php on line 157
[13-Mar-2026 14:24:56 UTC] PHP Deprecated:  chr(): Providing a value not in-between 0 and 255 is deprecated, this is because a byte value must be in the [0, 255] interval. The value used will be constrained using % 256 in C:\Users\Pablo\Documents\GitHub\nine-screen-canvas-flow\vendor\phpseclib\phpseclib\phpseclib\Math\BigInteger\Engines\BCMath.php on line 157
[13-Mar-2026 14:24:56 UTC] PHP Deprecated:  chr(): Providing a value not in-between 0 and 255 is deprecated, this is because a byte value must be in the [0, 255] interval. The value used will be constrained using % 256 in C:\Users\Pablo\Documents\GitHub\nine-screen-canvas-flow\vendor\phpseclib\phpseclib\phpseclib\Math\BigInteger\Engines\BCMath.php on line 157
[13-Mar-2026 14:24:56 UTC] PHP Deprecated:  chr(): Providing a value not in-between 0 and 255 is deprecated, this is because a byte value must be in the [0, 255] interval. The value used will be constrained using % 256 in C:\Users\Pablo\Documents\GitHub\nine-screen-canvas-flow\vendor\phpseclib\phpseclib\phpseclib\Math\BigInteger\Engines\BCMath.php on line 157
[13-Mar-2026 14:24:56 UTC] PHP Deprecated:  chr(): Providing a value not in-between 0 and 255 is deprecated, this is because a byte value must be in the [0, 255] interval. The value used will be constrained using % 256 in C:\Users\Pablo\Documents\GitHub\nine-screen-canvas-flow\vendor\phpseclib\phpseclib\phpseclib\Math\BigInteger\Engines\BCMath.php on line 157
[13-Mar-2026 14:24:56 UTC] PHP Deprecated:  chr(): Providing a value not in-between 0 and 255 is deprecated, this is because a byte value must be in the [0, 255] interval. The value used will be constrained using % 256 in C:\Users\Pablo\Documents\GitHub\nine-screen-canvas-flow\vendor\phpseclib\phpseclib\phpseclib\Math\BigInteger\Engines\BCMath.php on line 157
[13-Mar-2026 14:24:56 UTC] PHP Deprecated:  chr(): Providing a value not in-between 0 and 255 is deprecated, this is because a byte value must be in the [0, 255] interval. The value used will be constrained using % 256 in C:\Users\Pablo\Documents\GitHub\nine-screen-canvas-flow\vendor\phpseclib\phpseclib\phpseclib\Math\BigInteger\Engines\BCMath.php on line 157
[13-Mar-2026 14:24:56 UTC] PHP Deprecated:  chr(): Providing a value not in-between 0 and 255 is deprecated, this is because a byte value must be in the [0, 255] interval. The value used will be constrained using % 256 in C:\Users\Pablo\Documents\GitHub\nine-screen-canvas-flow\vendor\phpseclib\phpseclib\phpseclib\Math\BigInteger\Engines\BCMath.php on line 157
[13-Mar-2026 14:24:56 UTC] PHP Deprecated:  chr(): Providing a value not in-between 0 and 255 is deprecated, this is because a byte value must be in the [0, 255] interval. The value used will be constrained using % 256 in C:\Users\Pablo\Documents\GitHub\nine-screen-canvas-flow\vendor\phpseclib\phpseclib\phpseclib\Math\BigInteger\Engines\BCMath.php on line 157
[13-Mar-2026 14:24:56 UTC] PHP Deprecated:  chr(): Providing a value not in-between 0 and 255 is deprecated, this is because a byte value must be in the [0, 255] interval. The value used will be constrained using % 256 in C:\Users\Pablo\Documents\GitHub\nine-screen-canvas-flow\vendor\phpseclib\phpseclib\phpseclib\Math\BigInteger\Engines\BCMath.php on line 157
[13-Mar-2026 14:24:56 UTC] PHP Deprecated:  chr(): Providing a value not in-between 0 and 255 is deprecated, this is because a byte value must be in the [0, 255] interval. The value used will be constrained using % 256 in C:\Users\Pablo\Documents\GitHub\nine-screen-canvas-flow\vendor\phpseclib\phpseclib\phpseclib\Math\BigInteger\Engines\BCMath.php on line 157
[13-Mar-2026 14:24:56 UTC] PHP Deprecated:  chr(): Providing a value not in-between 0 and 255 is deprecated, this is because a byte value must be in the [0, 255] interval. The value used will be constrained using % 256 in C:\Users\Pablo\Documents\GitHub\nine-screen-canvas-flow\vendor\phpseclib\phpseclib\phpseclib\Math\BigInteger\Engines\BCMath.php on line 157
[13-Mar-2026 14:24:56 UTC] PHP Deprecated:  chr(): Providing a value not in-between 0 and 255 is deprecated, this is because a byte value must be in the [0, 255] interval. The value used will be constrained using % 256 in C:\Users\Pablo\Documents\GitHub\nine-screen-canvas-flow\vendor\phpseclib\phpseclib\phpseclib\Math\BigInteger\Engines\BCMath.php on line 157
[13-Mar-2026 14:24:56 UTC] PHP Deprecated:  chr(): Providing a value not in-between 0 and 255 is deprecated, this is because a byte value must be in the [0, 255] interval. The value used will be constrained using % 256 in C:\Users\Pablo\Documents\GitHub\nine-screen-canvas-flow\vendor\phpseclib\phpseclib\phpseclib\Math\BigInteger\Engines\BCMath.php on line 157
[13-Mar-2026 14:24:56 UTC] PHP Deprecated:  chr(): Providing a value not in-between 0 and 255 is deprecated, this is because a byte value must be in the [0, 255] interval. The value used will be constrained using % 256 in C:\Users\Pablo\Documents\GitHub\nine-screen-canvas-flow\vendor\phpseclib\phpseclib\phpseclib\Math\BigInteger\Engines\BCMath.php on line 157
[13-Mar-2026 14:24:56 UTC] PHP Deprecated:  chr(): Providing a value not in-between 0 and 255 is deprecated, this is because a byte value must be in the [0, 255] interval. The value used will be constrained using % 256 in C:\Users\Pablo\Documents\GitHub\nine-screen-canvas-flow\vendor\phpseclib\phpseclib\phpseclib\Math\BigInteger\Engines\BCMath.php on line 157
[13-Mar-2026 14:24:56 UTC] PHP Deprecated:  chr(): Providing a value not in-between 0 and 255 is deprecated, this is because a byte value must be in the [0, 255] interval. The value used will be constrained using % 256 in C:\Users\Pablo\Documents\GitHub\nine-screen-canvas-flow\vendor\phpseclib\phpseclib\phpseclib\Math\BigInteger\Engines\BCMath.php on line 157
[13-Mar-2026 14:24:56 UTC] PHP Deprecated:  chr(): Providing a value not in-between 0 and 255 is deprecated, this is because a byte value must be in the [0, 255] interval. The value used will be constrained using % 256 in C:\Users\Pablo\Documents\GitHub\nine-screen-canvas-flow\vendor\phpseclib\phpseclib\phpseclib\Math\BigInteger\Engines\BCMath.php on line 157
[13-Mar-2026 14:24:56 UTC] PHP Deprecated:  chr(): Providing a value not in-between 0 and 255 is deprecated, this is because a byte value must be in the [0, 255] interval. The value used will be constrained using % 256 in C:\Users\Pablo\Documents\GitHub\nine-screen-canvas-flow\vendor\phpseclib\phpseclib\phpseclib\Math\BigInteger\Engines\BCMath.php on line 157
[13-Mar-2026 14:24:56 UTC] PHP Deprecated:  chr(): Providing a value not in-between 0 and 255 is deprecated, this is because a byte value must be in the [0, 255] interval. The value used will be constrained using % 256 in C:\Users\Pablo\Documents\GitHub\nine-screen-canvas-flow\vendor\phpseclib\phpseclib\phpseclib\Math\BigInteger\Engines\BCMath.php on line 157
[13-Mar-2026 14:24:56 UTC] PHP Deprecated:  chr(): Providing a value not in-between 0 and 255 is deprecated, this is because a byte value must be in the [0, 255] interval. The value used will be constrained using % 256 in C:\Users\Pablo\Documents\GitHub\nine-screen-canvas-flow\vendor\phpseclib\phpseclib\phpseclib\Math\BigInteger\Engines\BCMath.php on line 157
[13-Mar-2026 14:24:56 UTC] PHP Deprecated:  chr(): Providing a value not in-between 0 and 255 is deprecated, this is because a byte value must be in the [0, 255] interval. The value used will be constrained using % 256 in C:\Users\Pablo\Documents\GitHub\nine-screen-canvas-flow\vendor\phpseclib\phpseclib\phpseclib\Math\BigInteger\Engines\BCMath.php on line 157
[13-Mar-2026 14:24:56 UTC] PHP Deprecated:  chr(): Providing a value not in-between 0 and 255 is deprecated, this is because a byte value must be in the [0, 255] interval. The value used will be constrained using % 256 in C:\Users\Pablo\Documents\GitHub\nine-screen-canvas-flow\vendor\phpseclib\phpseclib\phpseclib\Math\BigInteger\Engines\BCMath.php on line 157
[13-Mar-2026 14:24:56 UTC] PHP Deprecated:  chr(): Providing a value not in-between 0 and 255 is deprecated, this is because a byte value must be in the [0, 255] interval. The value used will be constrained using % 256 in C:\Users\Pablo\Documents\GitHub\nine-screen-canvas-flow\vendor\phpseclib\phpseclib\phpseclib\Math\BigInteger\Engines\BCMath.php on line 157
[13-Mar-2026 14:24:56 UTC] PHP Deprecated:  chr(): Providing a value not in-between 0 and 255 is deprecated, this is because a byte value must be in the [0, 255] interval. The value used will be constrained using % 256 in C:\Users\Pablo\Documents\GitHub\nine-screen-canvas-flow\vendor\phpseclib\phpseclib\phpseclib\Math\BigInteger\Engines\BCMath.php on line 157
[13-Mar-2026 14:24:56 UTC] PHP Deprecated:  chr(): Providing a value not in-between 0 and 255 is deprecated, this is because a byte value must be in the [0, 255] interval. The value used will be constrained using % 256 in C:\Users\Pablo\Documents\GitHub\nine-screen-canvas-flow\vendor\phpseclib\phpseclib\phpseclib\Math\BigInteger\Engines\BCMath.php on line 157
[13-Mar-2026 14:24:56 UTC] PHP Deprecated:  chr(): Providing a value not in-between 0 and 255 is deprecated, this is because a byte value must be in the [0, 255] interval. The value used will be constrained using % 256 in C:\Users\Pablo\Documents\GitHub\nine-screen-canvas-flow\vendor\phpseclib\phpseclib\phpseclib\Math\BigInteger\Engines\BCMath.php on line 157
[13-Mar-2026 14:24:56 UTC] PHP Deprecated:  chr(): Providing a value not in-between 0 and 255 is deprecated, this is because a byte value must be in the [0, 255] interval. The value used will be constrained using % 256 in C:\Users\Pablo\Documents\GitHub\nine-screen-canvas-flow\vendor\phpseclib\phpseclib\phpseclib\Math\BigInteger\Engines\BCMath.php on line 157
[13-Mar-2026 14:24:56 UTC] PHP Deprecated:  chr(): Providing a value not in-between 0 and 255 is deprecated, this is because a byte value must be in the [0, 255] interval. The value used will be constrained using % 256 in C:\Users\Pablo\Documents\GitHub\nine-screen-canvas-flow\vendor\phpseclib\phpseclib\phpseclib\Math\BigInteger\Engines\BCMath.php on line 157
[13-Mar-2026 14:24:56 UTC] PHP Deprecated:  chr(): Providing a value not in-between 0 and 255 is deprecated, this is because a byte value must be in the [0, 255] interval. The value used will be constrained using % 256 in C:\Users\Pablo\Documents\GitHub\nine-screen-canvas-flow\vendor\phpseclib\phpseclib\phpseclib\Math\BigInteger\Engines\BCMath.php on line 157
[13-Mar-2026 14:24:56 UTC] PHP Deprecated:  chr(): Providing a value not in-between 0 and 255 is deprecated, this is because a byte value must be in the [0, 255] interval. The value used will be constrained using % 256 in C:\Users\Pablo\Documents\GitHub\nine-screen-canvas-flow\vendor\phpseclib\phpseclib\phpseclib\Math\BigInteger\Engines\BCMath.php on line 157
[13-Mar-2026 14:24:56 UTC] PHP Deprecated:  chr(): Providing a value not in-between 0 and 255 is deprecated, this is because a byte value must be in the [0, 255] interval. The value used will be constrained using % 256 in C:\Users\Pablo\Documents\GitHub\nine-screen-canvas-flow\vendor\phpseclib\phpseclib\phpseclib\Math\BigInteger\Engines\BCMath.php on line 157
[13-Mar-2026 14:24:56 UTC] PHP Deprecated:  chr(): Providing a value not in-between 0 and 255 is deprecated, this is because a byte value must be in the [0, 255] interval. The value used will be constrained using % 256 in C:\Users\Pablo\Documents\GitHub\nine-screen-canvas-flow\vendor\phpseclib\phpseclib\phpseclib\Math\BigInteger\Engines\BCMath.php on line 157
[13-Mar-2026 14:24:56 UTC] PHP Deprecated:  chr(): Providing a value not in-between 0 and 255 is deprecated, this is because a byte value must be in the [0, 255] interval. The value used will be constrained using % 256 in C:\Users\Pablo\Documents\GitHub\nine-screen-canvas-flow\vendor\phpseclib\phpseclib\phpseclib\Math\BigInteger\Engines\BCMath.php on line 157
[13-Mar-2026 14:24:56 UTC] PHP Deprecated:  chr(): Providing a value not in-between 0 and 255 is deprecated, this is because a byte value must be in the [0, 255] interval. The value used will be constrained using % 256 in C:\Users\Pablo\Documents\GitHub\nine-screen-canvas-flow\vendor\phpseclib\phpseclib\phpseclib\Math\BigInteger\Engines\BCMath.php on line 157
[13-Mar-2026 14:24:56 UTC] PHP Deprecated:  chr(): Providing a value not in-between 0 and 255 is deprecated, this is because a byte value must be in the [0, 255] interval. The value used will be constrained using % 256 in C:\Users\Pablo\Documents\GitHub\nine-screen-canvas-flow\vendor\phpseclib\phpseclib\phpseclib\Math\BigInteger\Engines\BCMath.php on line 157
[13-Mar-2026 14:24:56 UTC] PHP Deprecated:  chr(): Providing a value not in-between 0 and 255 is deprecated, this is because a byte value must be in the [0, 255] interval. The value used will be constrained using % 256 in C:\Users\Pablo\Documents\GitHub\nine-screen-canvas-flow\vendor\phpseclib\phpseclib\phpseclib\Math\BigInteger\Engines\BCMath.php on line 157
[13-Mar-2026 14:24:56 UTC] PHP Deprecated:  chr(): Providing a value not in-between 0 and 255 is deprecated, this is because a byte value must be in the [0, 255] interval. The value used will be constrained using % 256 in C:\Users\Pablo\Documents\GitHub\nine-screen-canvas-flow\vendor\phpseclib\phpseclib\phpseclib\Math\BigInteger\Engines\BCMath.php on line 157
[13-Mar-2026 14:24:56 UTC] PHP Deprecated:  chr(): Providing a value not in-between 0 and 255 is deprecated, this is because a byte value must be in the [0, 255] interval. The value used will be constrained using % 256 in C:\Users\Pablo\Documents\GitHub\nine-screen-canvas-flow\vendor\phpseclib\phpseclib\phpseclib\Math\BigInteger\Engines\BCMath.php on line 157
[13-Mar-2026 14:24:56 UTC] PHP Deprecated:  chr(): Providing a value not in-between 0 and 255 is deprecated, this is because a byte value must be in the [0, 255] interval. The value used will be constrained using % 256 in C:\Users\Pablo\Documents\GitHub\nine-screen-canvas-flow\vendor\phpseclib\phpseclib\phpseclib\Math\BigInteger\Engines\BCMath.php on line 157
[13-Mar-2026 14:24:56 UTC] PHP Deprecated:  chr(): Providing a value not in-between 0 and 255 is deprecated, this is because a byte value must be in the [0, 255] interval. The value used will be constrained using % 256 in C:\Users\Pablo\Documents\GitHub\nine-screen-canvas-flow\vendor\phpseclib\phpseclib\phpseclib\Math\BigInteger\Engines\BCMath.php on line 157
[13-Mar-2026 14:24:56 UTC] PHP Deprecated:  chr(): Providing a value not in-between 0 and 255 is deprecated, this is because a byte value must be in the [0, 255] interval. The value used will be constrained using % 256 in C:\Users\Pablo\Documents\GitHub\nine-screen-canvas-flow\vendor\phpseclib\phpseclib\phpseclib\Math\BigInteger\Engines\BCMath.php on line 157
[13-Mar-2026 14:24:56 UTC] PHP Deprecated:  chr(): Providing a value not in-between 0 and 255 is deprecated, this is because a byte value must be in the [0, 255] interval. The value used will be constrained using % 256 in C:\Users\Pablo\Documents\GitHub\nine-screen-canvas-flow\vendor\phpseclib\phpseclib\phpseclib\Math\BigInteger\Engines\BCMath.php on line 157
[13-Mar-2026 14:24:56 UTC] PHP Deprecated:  chr(): Providing a value not in-between 0 and 255 is deprecated, this is because a byte value must be in the [0, 255] interval. The value used will be constrained using % 256 in C:\Users\Pablo\Documents\GitHub\nine-screen-canvas-flow\vendor\phpseclib\phpseclib\phpseclib\Math\BigInteger\Engines\BCMath.php on line 157
[13-Mar-2026 14:24:56 UTC] PHP Deprecated:  chr(): Providing a value not in-between 0 and 255 is deprecated, this is because a byte value must be in the [0, 255] interval. The value used will be constrained using % 256 in C:\Users\Pablo\Documents\GitHub\nine-screen-canvas-flow\vendor\phpseclib\phpseclib\phpseclib\Math\BigInteger\Engines\BCMath.php on line 157
[13-Mar-2026 14:24:56 UTC] PHP Deprecated:  chr(): Providing a value not in-between 0 and 255 is deprecated, this is because a byte value must be in the [0, 255] interval. The value used will be constrained using % 256 in C:\Users\Pablo\Documents\GitHub\nine-screen-canvas-flow\vendor\phpseclib\phpseclib\phpseclib\Math\BigInteger\Engines\BCMath.php on line 157
[13-Mar-2026 14:24:56 UTC] PHP Deprecated:  chr(): Providing a value not in-between 0 and 255 is deprecated, this is because a byte value must be in the [0, 255] interval. The value used will be constrained using % 256 in C:\Users\Pablo\Documents\GitHub\nine-screen-canvas-flow\vendor\phpseclib\phpseclib\phpseclib\Math\BigInteger\Engines\BCMath.php on line 157
[13-Mar-2026 14:24:56 UTC] PHP Deprecated:  chr(): Providing a value not in-between 0 and 255 is deprecated, this is because a byte value must be in the [0, 255] interval. The value used will be constrained using % 256 in C:\Users\Pablo\Documents\GitHub\nine-screen-canvas-flow\vendor\phpseclib\phpseclib\phpseclib\Math\BigInteger\Engines\BCMath.php on line 157
[13-Mar-2026 14:24:56 UTC] PHP Deprecated:  chr(): Providing a value not in-between 0 and 255 is deprecated, this is because a byte value must be in the [0, 255] interval. The value used will be constrained using % 256 in C:\Users\Pablo\Documents\GitHub\nine-screen-canvas-flow\vendor\phpseclib\phpseclib\phpseclib\Math\BigInteger\Engines\BCMath.php on line 157
[13-Mar-2026 14:24:56 UTC] PHP Deprecated:  chr(): Providing a value not in-between 0 and 255 is deprecated, this is because a byte value must be in the [0, 255] interval. The value used will be constrained using % 256 in C:\Users\Pablo\Documents\GitHub\nine-screen-canvas-flow\vendor\phpseclib\phpseclib\phpseclib\Math\BigInteger\Engines\BCMath.php on line 157
[13-Mar-2026 14:24:56 UTC] PHP Deprecated:  chr(): Providing a value not in-between 0 and 255 is deprecated, this is because a byte value must be in the [0, 255] interval. The value used will be constrained using % 256 in C:\Users\Pablo\Documents\GitHub\nine-screen-canvas-flow\vendor\phpseclib\phpseclib\phpseclib\Math\BigInteger\Engines\BCMath.php on line 157
[13-Mar-2026 14:24:56 UTC] PHP Deprecated:  chr(): Providing a value not in-between 0 and 255 is deprecated, this is because a byte value must be in the [0, 255] interval. The value used will be constrained using % 256 in C:\Users\Pablo\Documents\GitHub\nine-screen-canvas-flow\vendor\phpseclib\phpseclib\phpseclib\Math\BigInteger\Engines\BCMath.php on line 157
[13-Mar-2026 14:24:56 UTC] PHP Deprecated:  chr(): Providing a value not in-between 0 and 255 is deprecated, this is because a byte value must be in the [0, 255] interval. The value used will be constrained using % 256 in C:\Users\Pablo\Documents\GitHub\nine-screen-canvas-flow\vendor\phpseclib\phpseclib\phpseclib\Math\BigInteger\Engines\BCMath.php on line 157
[13-Mar-2026 14:24:56 UTC] PHP Deprecated:  chr(): Providing a value not in-between 0 and 255 is deprecated, this is because a byte value must be in the [0, 255] interval. The value used will be constrained using % 256 in C:\Users\Pablo\Documents\GitHub\nine-screen-canvas-flow\vendor\phpseclib\phpseclib\phpseclib\Math\BigInteger\Engines\BCMath.php on line 157
[13-Mar-2026 14:24:56 UTC] PHP Deprecated:  chr(): Providing a value not in-between 0 and 255 is deprecated, this is because a byte value must be in the [0, 255] interval. The value used will be constrained using % 256 in C:\Users\Pablo\Documents\GitHub\nine-screen-canvas-flow\vendor\phpseclib\phpseclib\phpseclib\Math\BigInteger\Engines\BCMath.php on line 157
[13-Mar-2026 14:24:56 UTC] PHP Deprecated:  chr(): Providing a value not in-between 0 and 255 is deprecated, this is because a byte value must be in the [0, 255] interval. The value used will be constrained using % 256 in C:\Users\Pablo\Documents\GitHub\nine-screen-canvas-flow\vendor\phpseclib\phpseclib\phpseclib\Math\BigInteger\Engines\BCMath.php on line 157
[13-Mar-2026 14:24:56 UTC] PHP Deprecated:  chr(): Providing a value not in-between 0 and 255 is deprecated, this is because a byte value must be in the [0, 255] interval. The value used will be constrained using % 256 in C:\Users\Pablo\Documents\GitHub\nine-screen-canvas-flow\vendor\phpseclib\phpseclib\phpseclib\Math\BigInteger\Engines\BCMath.php on line 157
[13-Mar-2026 14:24:56 UTC] PHP Deprecated:  chr(): Providing a value not in-between 0 and 255 is deprecated, this is because a byte value must be in the [0, 255] interval. The value used will be constrained using % 256 in C:\Users\Pablo\Documents\GitHub\nine-screen-canvas-flow\vendor\phpseclib\phpseclib\phpseclib\Math\BigInteger\Engines\BCMath.php on line 157
[13-Mar-2026 14:24:56 UTC] PHP Deprecated:  chr(): Providing a value not in-between 0 and 255 is deprecated, this is because a byte value must be in the [0, 255] interval. The value used will be constrained using % 256 in C:\Users\Pablo\Documents\GitHub\nine-screen-canvas-flow\vendor\phpseclib\phpseclib\phpseclib\Math\BigInteger\Engines\BCMath.php on line 157
[13-Mar-2026 14:24:56 UTC] PHP Deprecated:  chr(): Providing a value not in-between 0 and 255 is deprecated, this is because a byte value must be in the [0, 255] interval. The value used will be constrained using % 256 in C:\Users\Pablo\Documents\GitHub\nine-screen-canvas-flow\vendor\phpseclib\phpseclib\phpseclib\Math\BigInteger\Engines\BCMath.php on line 157
[13-Mar-2026 14:24:56 UTC] PHP Deprecated:  chr(): Providing a value not in-between 0 and 255 is deprecated, this is because a byte value must be in the [0, 255] interval. The value used will be constrained using % 256 in C:\Users\Pablo\Documents\GitHub\nine-screen-canvas-flow\vendor\phpseclib\phpseclib\phpseclib\Math\BigInteger\Engines\BCMath.php on line 157
[13-Mar-2026 14:24:56 UTC] PHP Deprecated:  chr(): Providing a value not in-between 0 and 255 is deprecated, this is because a byte value must be in the [0, 255] interval. The value used will be constrained using % 256 in C:\Users\Pablo\Documents\GitHub\nine-screen-canvas-flow\vendor\phpseclib\phpseclib\phpseclib\Math\BigInteger\Engines\BCMath.php on line 157
[13-Mar-2026 14:24:56 UTC] PHP Deprecated:  chr(): Providing a value not in-between 0 and 255 is deprecated, this is because a byte value must be in the [0, 255] interval. The value used will be constrained using % 256 in C:\Users\Pablo\Documents\GitHub\nine-screen-canvas-flow\vendor\phpseclib\phpseclib\phpseclib\Math\BigInteger\Engines\BCMath.php on line 157
[13-Mar-2026 14:24:56 UTC] PHP Deprecated:  chr(): Providing a value not in-between 0 and 255 is deprecated, this is because a byte value must be in the [0, 255] interval. The value used will be constrained using % 256 in C:\Users\Pablo\Documents\GitHub\nine-screen-canvas-flow\vendor\phpseclib\phpseclib\phpseclib\Math\BigInteger\Engines\BCMath.php on line 157
[13-Mar-2026 14:24:56 UTC] PHP Deprecated:  chr(): Providing a value not in-between 0 and 255 is deprecated, this is because a byte value must be in the [0, 255] interval. The value used will be constrained using % 256 in C:\Users\Pablo\Documents\GitHub\nine-screen-canvas-flow\vendor\phpseclib\phpseclib\phpseclib\Math\BigInteger\Engines\BCMath.php on line 157
[13-Mar-2026 14:24:56 UTC] PHP Deprecated:  chr(): Providing a value not in-between 0 and 255 is deprecated, this is because a byte value must be in the [0, 255] interval. The value used will be constrained using % 256 in C:\Users\Pablo\Documents\GitHub\nine-screen-canvas-flow\vendor\phpseclib\phpseclib\phpseclib\Math\BigInteger\Engines\BCMath.php on line 157
[13-Mar-2026 14:24:56 UTC] PHP Deprecated:  chr(): Providing a value not in-between 0 and 255 is deprecated, this is because a byte value must be in the [0, 255] interval. The value used will be constrained using % 256 in C:\Users\Pablo\Documents\GitHub\nine-screen-canvas-flow\vendor\phpseclib\phpseclib\phpseclib\Math\BigInteger\Engines\BCMath.php on line 157
[13-Mar-2026 14:24:56 UTC] PHP Deprecated:  chr(): Providing a value not in-between 0 and 255 is deprecated, this is because a byte value must be in the [0, 255] interval. The value used will be constrained using % 256 in C:\Users\Pablo\Documents\GitHub\nine-screen-canvas-flow\vendor\phpseclib\phpseclib\phpseclib\Math\BigInteger\Engines\BCMath.php on line 157
[13-Mar-2026 14:24:56 UTC] PHP Deprecated:  chr(): Providing a value not in-between 0 and 255 is deprecated, this is because a byte value must be in the [0, 255] interval. The value used will be constrained using % 256 in C:\Users\Pablo\Documents\GitHub\nine-screen-canvas-flow\vendor\phpseclib\phpseclib\phpseclib\Math\BigInteger\Engines\BCMath.php on line 157
[13-Mar-2026 14:24:56 UTC] PHP Deprecated:  chr(): Providing a value not in-between 0 and 255 is deprecated, this is because a byte value must be in the [0, 255] interval. The value used will be constrained using % 256 in C:\Users\Pablo\Documents\GitHub\nine-screen-canvas-flow\vendor\phpseclib\phpseclib\phpseclib\Math\BigInteger\Engines\BCMath.php on line 157
[13-Mar-2026 14:24:56 UTC] PHP Deprecated:  chr(): Providing a value not in-between 0 and 255 is deprecated, this is because a byte value must be in the [0, 255] interval. The value used will be constrained using % 256 in C:\Users\Pablo\Documents\GitHub\nine-screen-canvas-flow\vendor\phpseclib\phpseclib\phpseclib\Math\BigInteger\Engines\BCMath.php on line 157
[13-Mar-2026 14:24:56 UTC] PHP Deprecated:  chr(): Providing a value not in-between 0 and 255 is deprecated, this is because a byte value must be in the [0, 255] interval. The value used will be constrained using % 256 in C:\Users\Pablo\Documents\GitHub\nine-screen-canvas-flow\vendor\phpseclib\phpseclib\phpseclib\Math\BigInteger\Engines\BCMath.php on line 157
[13-Mar-2026 14:24:56 UTC] PHP Deprecated:  chr(): Providing a value not in-between 0 and 255 is deprecated, this is because a byte value must be in the [0, 255] interval. The value used will be constrained using % 256 in C:\Users\Pablo\Documents\GitHub\nine-screen-canvas-flow\vendor\phpseclib\phpseclib\phpseclib\Math\BigInteger\Engines\BCMath.php on line 157
[13-Mar-2026 14:24:56 UTC] PHP Deprecated:  chr(): Providing a value not in-between 0 and 255 is deprecated, this is because a byte value must be in the [0, 255] interval. The value used will be constrained using % 256 in C:\Users\Pablo\Documents\GitHub\nine-screen-canvas-flow\vendor\phpseclib\phpseclib\phpseclib\Math\BigInteger\Engines\BCMath.php on line 157
[13-Mar-2026 14:24:56 UTC] PHP Deprecated:  chr(): Providing a value not in-between 0 and 255 is deprecated, this is because a byte value must be in the [0, 255] interval. The value used will be constrained using % 256 in C:\Users\Pablo\Documents\GitHub\nine-screen-canvas-flow\vendor\phpseclib\phpseclib\phpseclib\Math\BigInteger\Engines\BCMath.php on line 157
[13-Mar-2026 14:24:56 UTC] PHP Deprecated:  chr(): Providing a value not in-between 0 and 255 is deprecated, this is because a byte value must be in the [0, 255] interval. The value used will be constrained using % 256 in C:\Users\Pablo\Documents\GitHub\nine-screen-canvas-flow\vendor\phpseclib\phpseclib\phpseclib\Math\BigInteger\Engines\BCMath.php on line 157
[13-Mar-2026 14:24:56 UTC] PHP Deprecated:  chr(): Providing a value not in-between 0 and 255 is deprecated, this is because a byte value must be in the [0, 255] interval. The value used will be constrained using % 256 in C:\Users\Pablo\Documents\GitHub\nine-screen-canvas-flow\vendor\phpseclib\phpseclib\phpseclib\Math\BigInteger\Engines\BCMath.php on line 157
[13-Mar-2026 14:24:56 UTC] PHP Deprecated:  chr(): Providing a value not in-between 0 and 255 is deprecated, this is because a byte value must be in the [0, 255] interval. The value used will be constrained using % 256 in C:\Users\Pablo\Documents\GitHub\nine-screen-canvas-flow\vendor\phpseclib\phpseclib\phpseclib\Math\BigInteger\Engines\BCMath.php on line 157
[13-Mar-2026 14:24:56 UTC] PHP Deprecated:  chr(): Providing a value not in-between 0 and 255 is deprecated, this is because a byte value must be in the [0, 255] interval. The value used will be constrained using % 256 in C:\Users\Pablo\Documents\GitHub\nine-screen-canvas-flow\vendor\phpseclib\phpseclib\phpseclib\Math\BigInteger\Engines\BCMath.php on line 157
[13-Mar-2026 14:24:56 UTC] PHP Deprecated:  chr(): Providing a value not in-between 0 and 255 is deprecated, this is because a byte value must be in the [0, 255] interval. The value used will be constrained using % 256 in C:\Users\Pablo\Documents\GitHub\nine-screen-canvas-flow\vendor\phpseclib\phpseclib\phpseclib\Math\BigInteger\Engines\BCMath.php on line 157
[13-Mar-2026 14:24:56 UTC] PHP Deprecated:  chr(): Providing a value not in-between 0 and 255 is deprecated, this is because a byte value must be in the [0, 255] interval. The value used will be constrained using % 256 in C:\Users\Pablo\Documents\GitHub\nine-screen-canvas-flow\vendor\phpseclib\phpseclib\phpseclib\Math\BigInteger\Engines\BCMath.php on line 157
[13-Mar-2026 14:24:56 UTC] PHP Deprecated:  chr(): Providing a value not in-between 0 and 255 is deprecated, this is because a byte value must be in the [0, 255] interval. The value used will be constrained using % 256 in C:\Users\Pablo\Documents\GitHub\nine-screen-canvas-flow\vendor\phpseclib\phpseclib\phpseclib\Math\BigInteger\Engines\BCMath.php on line 157
[13-Mar-2026 14:24:56 UTC] PHP Deprecated:  chr(): Providing a value not in-between 0 and 255 is deprecated, this is because a byte value must be in the [0, 255] interval. The value used will be constrained using % 256 in C:\Users\Pablo\Documents\GitHub\nine-screen-canvas-flow\vendor\phpseclib\phpseclib\phpseclib\Math\BigInteger\Engines\BCMath.php on line 157
[13-Mar-2026 14:24:56 UTC] PHP Deprecated:  chr(): Providing a value not in-between 0 and 255 is deprecated, this is because a byte value must be in the [0, 255] interval. The value used will be constrained using % 256 in C:\Users\Pablo\Documents\GitHub\nine-screen-canvas-flow\vendor\phpseclib\phpseclib\phpseclib\Math\BigInteger\Engines\BCMath.php on line 157
[13-Mar-2026 14:24:56 UTC] PHP Deprecated:  chr(): Providing a value not in-between 0 and 255 is deprecated, this is because a byte value must be in the [0, 255] interval. The value used will be constrained using % 256 in C:\Users\Pablo\Documents\GitHub\nine-screen-canvas-flow\vendor\phpseclib\phpseclib\phpseclib\Math\BigInteger\Engines\BCMath.php on line 157
[13-Mar-2026 14:24:56 UTC] PHP Deprecated:  chr(): Providing a value not in-between 0 and 255 is deprecated, this is because a byte value must be in the [0, 255] interval. The value used will be constrained using % 256 in C:\Users\Pablo\Documents\GitHub\nine-screen-canvas-flow\vendor\phpseclib\phpseclib\phpseclib\Math\BigInteger\Engines\BCMath.php on line 157
[13-Mar-2026 14:24:56 UTC] PHP Deprecated:  chr(): Providing a value not in-between 0 and 255 is deprecated, this is because a byte value must be in the [0, 255] interval. The value used will be constrained using % 256 in C:\Users\Pablo\Documents\GitHub\nine-screen-canvas-flow\vendor\phpseclib\phpseclib\phpseclib\Math\BigInteger\Engines\BCMath.php on line 157
[13-Mar-2026 14:24:56 UTC] PHP Deprecated:  chr(): Providing a value not in-between 0 and 255 is deprecated, this is because a byte value must be in the [0, 255] interval. The value used will be constrained using % 256 in C:\Users\Pablo\Documents\GitHub\nine-screen-canvas-flow\vendor\phpseclib\phpseclib\phpseclib\Math\BigInteger\Engines\BCMath.php on line 157
[13-Mar-2026 14:24:56 UTC] PHP Deprecated:  chr(): Providing a value not in-between 0 and 255 is deprecated, this is because a byte value must be in the [0, 255] interval. The value used will be constrained using % 256 in C:\Users\Pablo\Documents\GitHub\nine-screen-canvas-flow\vendor\phpseclib\phpseclib\phpseclib\Math\BigInteger\Engines\BCMath.php on line 157
[13-Mar-2026 14:24:56 UTC] PHP Deprecated:  chr(): Providing a value not in-between 0 and 255 is deprecated, this is because a byte value must be in the [0, 255] interval. The value used will be constrained using % 256 in C:\Users\Pablo\Documents\GitHub\nine-screen-canvas-flow\vendor\phpseclib\phpseclib\phpseclib\Math\BigInteger\Engines\BCMath.php on line 157
[13-Mar-2026 14:24:56 UTC] PHP Deprecated:  chr(): Providing a value not in-between 0 and 255 is deprecated, this is because a byte value must be in the [0, 255] interval. The value used will be constrained using % 256 in C:\Users\Pablo\Documents\GitHub\nine-screen-canvas-flow\vendor\phpseclib\phpseclib\phpseclib\Math\BigInteger\Engines\BCMath.php on line 157
[13-Mar-2026 14:24:56 UTC] PHP Deprecated:  chr(): Providing a value not in-between 0 and 255 is deprecated, this is because a byte value must be in the [0, 255] interval. The value used will be constrained using % 256 in C:\Users\Pablo\Documents\GitHub\nine-screen-canvas-flow\vendor\phpseclib\phpseclib\phpseclib\Math\BigInteger\Engines\BCMath.php on line 157
[13-Mar-2026 14:24:56 UTC] PHP Deprecated:  chr(): Providing a value not in-between 0 and 255 is deprecated, this is because a byte value must be in the [0, 255] interval. The value used will be constrained using % 256 in C:\Users\Pablo\Documents\GitHub\nine-screen-canvas-flow\vendor\phpseclib\phpseclib\phpseclib\Math\BigInteger\Engines\BCMath.php on line 157
[13-Mar-2026 14:24:56 UTC] PHP Deprecated:  chr(): Providing a value not in-between 0 and 255 is deprecated, this is because a byte value must be in the [0, 255] interval. The value used will be constrained using % 256 in C:\Users\Pablo\Documents\GitHub\nine-screen-canvas-flow\vendor\phpseclib\phpseclib\phpseclib\Math\BigInteger\Engines\BCMath.php on line 157
[13-Mar-2026 14:24:56 UTC] PHP Deprecated:  chr(): Providing a value not in-between 0 and 255 is deprecated, this is because a byte value must be in the [0, 255] interval. The value used will be constrained using % 256 in C:\Users\Pablo\Documents\GitHub\nine-screen-canvas-flow\vendor\phpseclib\phpseclib\phpseclib\Math\BigInteger\Engines\BCMath.php on line 157
[13-Mar-2026 14:24:56 UTC] PHP Deprecated:  chr(): Providing a value not in-between 0 and 255 is deprecated, this is because a byte value must be in the [0, 255] interval. The value used will be constrained using % 256 in C:\Users\Pablo\Documents\GitHub\nine-screen-canvas-flow\vendor\phpseclib\phpseclib\phpseclib\Math\BigInteger\Engines\BCMath.php on line 157
[13-Mar-2026 14:24:56 UTC] PHP Deprecated:  chr(): Providing a value not in-between 0 and 255 is deprecated, this is because a byte value must be in the [0, 255] interval. The value used will be constrained using % 256 in C:\Users\Pablo\Documents\GitHub\nine-screen-canvas-flow\vendor\phpseclib\phpseclib\phpseclib\Math\BigInteger\Engines\BCMath.php on line 157
[13-Mar-2026 14:24:56 UTC] PHP Deprecated:  chr(): Providing a value not in-between 0 and 255 is deprecated, this is because a byte value must be in the [0, 255] interval. The value used will be constrained using % 256 in C:\Users\Pablo\Documents\GitHub\nine-screen-canvas-flow\vendor\phpseclib\phpseclib\phpseclib\Math\BigInteger\Engines\BCMath.php on line 157
[13-Mar-2026 14:24:56 UTC] PHP Deprecated:  chr(): Providing a value not in-between 0 and 255 is deprecated, this is because a byte value must be in the [0, 255] interval. The value used will be constrained using % 256 in C:\Users\Pablo\Documents\GitHub\nine-screen-canvas-flow\vendor\phpseclib\phpseclib\phpseclib\Math\BigInteger\Engines\BCMath.php on line 157
[13-Mar-2026 14:24:56 UTC] PHP Deprecated:  chr(): Providing a value not in-between 0 and 255 is deprecated, this is because a byte value must be in the [0, 255] interval. The value used will be constrained using % 256 in C:\Users\Pablo\Documents\GitHub\nine-screen-canvas-flow\vendor\phpseclib\phpseclib\phpseclib\Math\BigInteger\Engines\BCMath.php on line 157
[13-Mar-2026 14:24:56 UTC] PHP Deprecated:  chr(): Providing a value not in-between 0 and 255 is deprecated, this is because a byte value must be in the [0, 255] interval. The value used will be constrained using % 256 in C:\Users\Pablo\Documents\GitHub\nine-screen-canvas-flow\vendor\phpseclib\phpseclib\phpseclib\Math\BigInteger\Engines\BCMath.php on line 157
[13-Mar-2026 14:24:56 UTC] PHP Deprecated:  chr(): Providing a value not in-between 0 and 255 is deprecated, this is because a byte value must be in the [0, 255] interval. The value used will be constrained using % 256 in C:\Users\Pablo\Documents\GitHub\nine-screen-canvas-flow\vendor\phpseclib\phpseclib\phpseclib\Math\BigInteger\Engines\BCMath.php on line 157
[13-Mar-2026 14:24:56 UTC] PHP Deprecated:  chr(): Providing a value not in-between 0 and 255 is deprecated, this is because a byte value must be in the [0, 255] interval. The value used will be constrained using % 256 in C:\Users\Pablo\Documents\GitHub\nine-screen-canvas-flow\vendor\phpseclib\phpseclib\phpseclib\Math\BigInteger\Engines\BCMath.php on line 157
[13-Mar-2026 14:24:56 UTC] PHP Deprecated:  chr(): Providing a value not in-between 0 and 255 is deprecated, this is because a byte value must be in the [0, 255] interval. The value used will be constrained using % 256 in C:\Users\Pablo\Documents\GitHub\nine-screen-canvas-flow\vendor\phpseclib\phpseclib\phpseclib\Math\BigInteger\Engines\BCMath.php on line 157
[13-Mar-2026 14:24:56 UTC] PHP Deprecated:  chr(): Providing a value not in-between 0 and 255 is deprecated, this is because a byte value must be in the [0, 255] interval. The value used will be constrained using % 256 in C:\Users\Pablo\Documents\GitHub\nine-screen-canvas-flow\vendor\phpseclib\phpseclib\phpseclib\Math\BigInteger\Engines\BCMath.php on line 157
[13-Mar-2026 14:24:56 UTC] PHP Deprecated:  chr(): Providing a value not in-between 0 and 255 is deprecated, this is because a byte value must be in the [0, 255] interval. The value used will be constrained using % 256 in C:\Users\Pablo\Documents\GitHub\nine-screen-canvas-flow\vendor\phpseclib\phpseclib\phpseclib\Math\BigInteger\Engines\BCMath.php on line 157
[13-Mar-2026 14:24:56 UTC] PHP Deprecated:  chr(): Providing a value not in-between 0 and 255 is deprecated, this is because a byte value must be in the [0, 255] interval. The value used will be constrained using % 256 in C:\Users\Pablo\Documents\GitHub\nine-screen-canvas-flow\vendor\phpseclib\phpseclib\phpseclib\Math\BigInteger\Engines\BCMath.php on line 157
[13-Mar-2026 14:24:56 UTC] PHP Deprecated:  chr(): Providing a value not in-between 0 and 255 is deprecated, this is because a byte value must be in the [0, 255] interval. The value used will be constrained using % 256 in C:\Users\Pablo\Documents\GitHub\nine-screen-canvas-flow\vendor\phpseclib\phpseclib\phpseclib\Math\BigInteger\Engines\BCMath.php on line 157
[13-Mar-2026 14:24:56 UTC] PHP Deprecated:  chr(): Providing a value not in-between 0 and 255 is deprecated, this is because a byte value must be in the [0, 255] interval. The value used will be constrained using % 256 in C:\Users\Pablo\Documents\GitHub\nine-screen-canvas-flow\vendor\phpseclib\phpseclib\phpseclib\Math\BigInteger\Engines\BCMath.php on line 157
[13-Mar-2026 14:24:56 UTC] PHP Deprecated:  chr(): Providing a value not in-between 0 and 255 is deprecated, this is because a byte value must be in the [0, 255] interval. The value used will be constrained using % 256 in C:\Users\Pablo\Documents\GitHub\nine-screen-canvas-flow\vendor\phpseclib\phpseclib\phpseclib\Math\BigInteger\Engines\BCMath.php on line 157
[13-Mar-2026 14:24:56 UTC] PHP Deprecated:  chr(): Providing a value not in-between 0 and 255 is deprecated, this is because a byte value must be in the [0, 255] interval. The value used will be constrained using % 256 in C:\Users\Pablo\Documents\GitHub\nine-screen-canvas-flow\vendor\phpseclib\phpseclib\phpseclib\Math\BigInteger\Engines\BCMath.php on line 157
[13-Mar-2026 14:24:56 UTC] PHP Deprecated:  chr(): Providing a value not in-between 0 and 255 is deprecated, this is because a byte value must be in the [0, 255] interval. The value used will be constrained using % 256 in C:\Users\Pablo\Documents\GitHub\nine-screen-canvas-flow\vendor\phpseclib\phpseclib\phpseclib\Math\BigInteger\Engines\BCMath.php on line 157
[13-Mar-2026 14:24:56 UTC] PHP Deprecated:  chr(): Providing a value not in-between 0 and 255 is deprecated, this is because a byte value must be in the [0, 255] interval. The value used will be constrained using % 256 in C:\Users\Pablo\Documents\GitHub\nine-screen-canvas-flow\vendor\phpseclib\phpseclib\phpseclib\Math\BigInteger\Engines\BCMath.php on line 157
[13-Mar-2026 14:24:56 UTC] PHP Deprecated:  chr(): Providing a value not in-between 0 and 255 is deprecated, this is because a byte value must be in the [0, 255] interval. The value used will be constrained using % 256 in C:\Users\Pablo\Documents\GitHub\nine-screen-canvas-flow\vendor\phpseclib\phpseclib\phpseclib\Math\BigInteger\Engines\BCMath.php on line 157
[13-Mar-2026 14:24:56 UTC] PHP Deprecated:  chr(): Providing a value not in-between 0 and 255 is deprecated, this is because a byte value must be in the [0, 255] interval. The value used will be constrained using % 256 in C:\Users\Pablo\Documents\GitHub\nine-screen-canvas-flow\vendor\phpseclib\phpseclib\phpseclib\Math\BigInteger\Engines\BCMath.php on line 157
[13-Mar-2026 14:24:56 UTC] PHP Deprecated:  chr(): Providing a value not in-between 0 and 255 is deprecated, this is because a byte value must be in the [0, 255] interval. The value used will be constrained using % 256 in C:\Users\Pablo\Documents\GitHub\nine-screen-canvas-flow\vendor\phpseclib\phpseclib\phpseclib\Math\BigInteger\Engines\BCMath.php on line 157
[13-Mar-2026 14:24:56 UTC] PHP Deprecated:  chr(): Providing a value not in-between 0 and 255 is deprecated, this is because a byte value must be in the [0, 255] interval. The value used will be constrained using % 256 in C:\Users\Pablo\Documents\GitHub\nine-screen-canvas-flow\vendor\phpseclib\phpseclib\phpseclib\Math\BigInteger\Engines\BCMath.php on line 157
[13-Mar-2026 14:24:56 UTC] PHP Deprecated:  chr(): Providing a value not in-between 0 and 255 is deprecated, this is because a byte value must be in the [0, 255] interval. The value used will be constrained using % 256 in C:\Users\Pablo\Documents\GitHub\nine-screen-canvas-flow\vendor\phpseclib\phpseclib\phpseclib\Math\BigInteger\Engines\BCMath.php on line 157
[13-Mar-2026 14:24:56 UTC] PHP Deprecated:  chr(): Providing a value not in-between 0 and 255 is deprecated, this is because a byte value must be in the [0, 255] interval. The value used will be constrained using % 256 in C:\Users\Pablo\Documents\GitHub\nine-screen-canvas-flow\vendor\phpseclib\phpseclib\phpseclib\Math\BigInteger\Engines\BCMath.php on line 157
[13-Mar-2026 14:24:56 UTC] PHP Deprecated:  chr(): Providing a value not in-between 0 and 255 is deprecated, this is because a byte value must be in the [0, 255] interval. The value used will be constrained using % 256 in C:\Users\Pablo\Documents\GitHub\nine-screen-canvas-flow\vendor\phpseclib\phpseclib\phpseclib\Math\BigInteger\Engines\BCMath.php on line 157
[13-Mar-2026 14:24:56 UTC] PHP Deprecated:  chr(): Providing a value not in-between 0 and 255 is deprecated, this is because a byte value must be in the [0, 255] interval. The value used will be constrained using % 256 in C:\Users\Pablo\Documents\GitHub\nine-screen-canvas-flow\vendor\phpseclib\phpseclib\phpseclib\Math\BigInteger\Engines\BCMath.php on line 157
[13-Mar-2026 14:24:56 UTC] PHP Deprecated:  chr(): Providing a value not in-between 0 and 255 is deprecated, this is because a byte value must be in the [0, 255] interval. The value used will be constrained using % 256 in C:\Users\Pablo\Documents\GitHub\nine-screen-canvas-flow\vendor\phpseclib\phpseclib\phpseclib\Math\BigInteger\Engines\BCMath.php on line 157
[13-Mar-2026 14:24:56 UTC] PHP Deprecated:  chr(): Providing a value not in-between 0 and 255 is deprecated, this is because a byte value must be in the [0, 255] interval. The value used will be constrained using % 256 in C:\Users\Pablo\Documents\GitHub\nine-screen-canvas-flow\vendor\phpseclib\phpseclib\phpseclib\Math\BigInteger\Engines\BCMath.php on line 157
[13-Mar-2026 14:24:56 UTC] PHP Deprecated:  chr(): Providing a value not in-between 0 and 255 is deprecated, this is because a byte value must be in the [0, 255] interval. The value used will be constrained using % 256 in C:\Users\Pablo\Documents\GitHub\nine-screen-canvas-flow\vendor\phpseclib\phpseclib\phpseclib\Math\BigInteger\Engines\BCMath.php on line 157
[13-Mar-2026 14:24:56 UTC] PHP Deprecated:  chr(): Providing a value not in-between 0 and 255 is deprecated, this is because a byte value must be in the [0, 255] interval. The value used will be constrained using % 256 in C:\Users\Pablo\Documents\GitHub\nine-screen-canvas-flow\vendor\phpseclib\phpseclib\phpseclib\Math\BigInteger\Engines\BCMath.php on line 157
[13-Mar-2026 14:24:56 UTC] PHP Deprecated:  chr(): Providing a value not in-between 0 and 255 is deprecated, this is because a byte value must be in the [0, 255] interval. The value used will be constrained using % 256 in C:\Users\Pablo\Documents\GitHub\nine-screen-canvas-flow\vendor\phpseclib\phpseclib\phpseclib\Math\BigInteger\Engines\BCMath.php on line 157
[13-Mar-2026 14:24:56 UTC] PHP Deprecated:  chr(): Providing a value not in-between 0 and 255 is deprecated, this is because a byte value must be in the [0, 255] interval. The value used will be constrained using % 256 in C:\Users\Pablo\Documents\GitHub\nine-screen-canvas-flow\vendor\phpseclib\phpseclib\phpseclib\Math\BigInteger\Engines\BCMath.php on line 157
[13-Mar-2026 14:24:56 UTC] PHP Deprecated:  chr(): Providing a value not in-between 0 and 255 is deprecated, this is because a byte value must be in the [0, 255] interval. The value used will be constrained using % 256 in C:\Users\Pablo\Documents\GitHub\nine-screen-canvas-flow\vendor\phpseclib\phpseclib\phpseclib\Math\BigInteger\Engines\BCMath.php on line 157
[13-Mar-2026 14:24:56 UTC] PHP Deprecated:  chr(): Providing a value not in-between 0 and 255 is deprecated, this is because a byte value must be in the [0, 255] interval. The value used will be constrained using % 256 in C:\Users\Pablo\Documents\GitHub\nine-screen-canvas-flow\vendor\phpseclib\phpseclib\phpseclib\Math\BigInteger\Engines\BCMath.php on line 157
[13-Mar-2026 14:24:56 UTC] PHP Deprecated:  chr(): Providing a value not in-between 0 and 255 is deprecated, this is because a byte value must be in the [0, 255] interval. The value used will be constrained using % 256 in C:\Users\Pablo\Documents\GitHub\nine-screen-canvas-flow\vendor\phpseclib\phpseclib\phpseclib\Math\BigInteger\Engines\BCMath.php on line 157
[13-Mar-2026 14:24:56 UTC] PHP Deprecated:  chr(): Providing a value not in-between 0 and 255 is deprecated, this is because a byte value must be in the [0, 255] interval. The value used will be constrained using % 256 in C:\Users\Pablo\Documents\GitHub\nine-screen-canvas-flow\vendor\phpseclib\phpseclib\phpseclib\Math\BigInteger\Engines\BCMath.php on line 157
[13-Mar-2026 14:24:56 UTC] PHP Deprecated:  chr(): Providing a value not in-between 0 and 255 is deprecated, this is because a byte value must be in the [0, 255] interval. The value used will be constrained using % 256 in C:\Users\Pablo\Documents\GitHub\nine-screen-canvas-flow\vendor\phpseclib\phpseclib\phpseclib\Math\BigInteger\Engines\BCMath.php on line 157
[13-Mar-2026 14:24:56 UTC] PHP Deprecated:  chr(): Providing a value not in-between 0 and 255 is deprecated, this is because a byte value must be in the [0, 255] interval. The value used will be constrained using % 256 in C:\Users\Pablo\Documents\GitHub\nine-screen-canvas-flow\vendor\phpseclib\phpseclib\phpseclib\Math\BigInteger\Engines\BCMath.php on line 157
[13-Mar-2026 14:24:56 UTC] PHP Deprecated:  chr(): Providing a value not in-between 0 and 255 is deprecated, this is because a byte value must be in the [0, 255] interval. The value used will be constrained using % 256 in C:\Users\Pablo\Documents\GitHub\nine-screen-canvas-flow\vendor\phpseclib\phpseclib\phpseclib\Math\BigInteger\Engines\BCMath.php on line 157
[13-Mar-2026 14:24:56 UTC] PHP Deprecated:  chr(): Providing a value not in-between 0 and 255 is deprecated, this is because a byte value must be in the [0, 255] interval. The value used will be constrained using % 256 in C:\Users\Pablo\Documents\GitHub\nine-screen-canvas-flow\vendor\phpseclib\phpseclib\phpseclib\Math\BigInteger\Engines\BCMath.php on line 157
[13-Mar-2026 14:24:56 UTC] PHP Deprecated:  chr(): Providing a value not in-between 0 and 255 is deprecated, this is because a byte value must be in the [0, 255] interval. The value used will be constrained using % 256 in C:\Users\Pablo\Documents\GitHub\nine-screen-canvas-flow\vendor\phpseclib\phpseclib\phpseclib\Math\BigInteger\Engines\BCMath.php on line 157
[13-Mar-2026 14:24:56 UTC] PHP Deprecated:  chr(): Providing a value not in-between 0 and 255 is deprecated, this is because a byte value must be in the [0, 255] interval. The value used will be constrained using % 256 in C:\Users\Pablo\Documents\GitHub\nine-screen-canvas-flow\vendor\phpseclib\phpseclib\phpseclib\Math\BigInteger\Engines\BCMath.php on line 157
[13-Mar-2026 14:24:56 UTC] PHP Deprecated:  chr(): Providing a value not in-between 0 and 255 is deprecated, this is because a byte value must be in the [0, 255] interval. The value used will be constrained using % 256 in C:\Users\Pablo\Documents\GitHub\nine-screen-canvas-flow\vendor\phpseclib\phpseclib\phpseclib\Math\BigInteger\Engines\BCMath.php on line 157
[13-Mar-2026 14:24:56 UTC] PHP Deprecated:  chr(): Providing a value not in-between 0 and 255 is deprecated, this is because a byte value must be in the [0, 255] interval. The value used will be constrained using % 256 in C:\Users\Pablo\Documents\GitHub\nine-screen-canvas-flow\vendor\phpseclib\phpseclib\phpseclib\Math\BigInteger\Engines\BCMath.php on line 157
[13-Mar-2026 14:24:56 UTC] PHP Deprecated:  chr(): Providing a value not in-between 0 and 255 is deprecated, this is because a byte value must be in the [0, 255] interval. The value used will be constrained using % 256 in C:\Users\Pablo\Documents\GitHub\nine-screen-canvas-flow\vendor\phpseclib\phpseclib\phpseclib\Math\BigInteger\Engines\BCMath.php on line 157
[13-Mar-2026 14:24:56 UTC] PHP Deprecated:  chr(): Providing a value not in-between 0 and 255 is deprecated, this is because a byte value must be in the [0, 255] interval. The value used will be constrained using % 256 in C:\Users\Pablo\Documents\GitHub\nine-screen-canvas-flow\vendor\phpseclib\phpseclib\phpseclib\Math\BigInteger\Engines\BCMath.php on line 157
[13-Mar-2026 14:24:56 UTC] PHP Deprecated:  chr(): Providing a value not in-between 0 and 255 is deprecated, this is because a byte value must be in the [0, 255] interval. The value used will be constrained using % 256 in C:\Users\Pablo\Documents\GitHub\nine-screen-canvas-flow\vendor\phpseclib\phpseclib\phpseclib\Math\BigInteger\Engines\BCMath.php on line 157
[13-Mar-2026 14:24:56 UTC] PHP Deprecated:  chr(): Providing a value not in-between 0 and 255 is deprecated, this is because a byte value must be in the [0, 255] interval. The value used will be constrained using % 256 in C:\Users\Pablo\Documents\GitHub\nine-screen-canvas-flow\vendor\phpseclib\phpseclib\phpseclib\Math\BigInteger\Engines\BCMath.php on line 157
[13-Mar-2026 14:24:56 UTC] PHP Deprecated:  chr(): Providing a value not in-between 0 and 255 is deprecated, this is because a byte value must be in the [0, 255] interval. The value used will be constrained using % 256 in C:\Users\Pablo\Documents\GitHub\nine-screen-canvas-flow\vendor\phpseclib\phpseclib\phpseclib\Math\BigInteger\Engines\BCMath.php on line 157
[13-Mar-2026 14:24:56 UTC] PHP Deprecated:  chr(): Providing a value not in-between 0 and 255 is deprecated, this is because a byte value must be in the [0, 255] interval. The value used will be constrained using % 256 in C:\Users\Pablo\Documents\GitHub\nine-screen-canvas-flow\vendor\phpseclib\phpseclib\phpseclib\Math\BigInteger\Engines\BCMath.php on line 157
[13-Mar-2026 14:24:56 UTC] PHP Deprecated:  chr(): Providing a value not in-between 0 and 255 is deprecated, this is because a byte value must be in the [0, 255] interval. The value used will be constrained using % 256 in C:\Users\Pablo\Documents\GitHub\nine-screen-canvas-flow\vendor\phpseclib\phpseclib\phpseclib\Math\BigInteger\Engines\BCMath.php on line 157
[13-Mar-2026 14:24:56 UTC] PHP Deprecated:  chr(): Providing a value not in-between 0 and 255 is deprecated, this is because a byte value must be in the [0, 255] interval. The value used will be constrained using % 256 in C:\Users\Pablo\Documents\GitHub\nine-screen-canvas-flow\vendor\phpseclib\phpseclib\phpseclib\Math\BigInteger\Engines\BCMath.php on line 157
[13-Mar-2026 14:24:56 UTC] PHP Deprecated:  chr(): Providing a value not in-between 0 and 255 is deprecated, this is because a byte value must be in the [0, 255] interval. The value used will be constrained using % 256 in C:\Users\Pablo\Documents\GitHub\nine-screen-canvas-flow\vendor\phpseclib\phpseclib\phpseclib\Math\BigInteger\Engines\BCMath.php on line 157
[13-Mar-2026 14:24:56 UTC] PHP Deprecated:  chr(): Providing a value not in-between 0 and 255 is deprecated, this is because a byte value must be in the [0, 255] interval. The value used will be constrained using % 256 in C:\Users\Pablo\Documents\GitHub\nine-screen-canvas-flow\vendor\phpseclib\phpseclib\phpseclib\Math\BigInteger\Engines\BCMath.php on line 157
[13-Mar-2026 14:24:56 UTC] PHP Deprecated:  chr(): Providing a value not in-between 0 and 255 is deprecated, this is because a byte value must be in the [0, 255] interval. The value used will be constrained using % 256 in C:\Users\Pablo\Documents\GitHub\nine-screen-canvas-flow\vendor\phpseclib\phpseclib\phpseclib\Math\BigInteger\Engines\BCMath.php on line 157
[13-Mar-2026 14:24:56 UTC] PHP Deprecated:  chr(): Providing a value not in-between 0 and 255 is deprecated, this is because a byte value must be in the [0, 255] interval. The value used will be constrained using % 256 in C:\Users\Pablo\Documents\GitHub\nine-screen-canvas-flow\vendor\phpseclib\phpseclib\phpseclib\Math\BigInteger\Engines\BCMath.php on line 157
[13-Mar-2026 14:24:56 UTC] PHP Deprecated:  chr(): Providing a value not in-between 0 and 255 is deprecated, this is because a byte value must be in the [0, 255] interval. The value used will be constrained using % 256 in C:\Users\Pablo\Documents\GitHub\nine-screen-canvas-flow\vendor\phpseclib\phpseclib\phpseclib\Math\BigInteger\Engines\BCMath.php on line 157
[13-Mar-2026 14:24:56 UTC] PHP Deprecated:  chr(): Providing a value not in-between 0 and 255 is deprecated, this is because a byte value must be in the [0, 255] interval. The value used will be constrained using % 256 in C:\Users\Pablo\Documents\GitHub\nine-screen-canvas-flow\vendor\phpseclib\phpseclib\phpseclib\Math\BigInteger\Engines\BCMath.php on line 157
[13-Mar-2026 14:24:56 UTC] PHP Deprecated:  chr(): Providing a value not in-between 0 and 255 is deprecated, this is because a byte value must be in the [0, 255] interval. The value used will be constrained using % 256 in C:\Users\Pablo\Documents\GitHub\nine-screen-canvas-flow\vendor\phpseclib\phpseclib\phpseclib\Math\BigInteger\Engines\BCMath.php on line 157
[13-Mar-2026 14:24:56 UTC] PHP Deprecated:  chr(): Providing a value not in-between 0 and 255 is deprecated, this is because a byte value must be in the [0, 255] interval. The value used will be constrained using % 256 in C:\Users\Pablo\Documents\GitHub\nine-screen-canvas-flow\vendor\phpseclib\phpseclib\phpseclib\Math\BigInteger\Engines\BCMath.php on line 157
[13-Mar-2026 14:24:56 UTC] PHP Deprecated:  chr(): Providing a value not in-between 0 and 255 is deprecated, this is because a byte value must be in the [0, 255] interval. The value used will be constrained using % 256 in C:\Users\Pablo\Documents\GitHub\nine-screen-canvas-flow\vendor\phpseclib\phpseclib\phpseclib\Math\BigInteger\Engines\BCMath.php on line 157
[13-Mar-2026 14:24:56 UTC] PHP Deprecated:  chr(): Providing a value not in-between 0 and 255 is deprecated, this is because a byte value must be in the [0, 255] interval. The value used will be constrained using % 256 in C:\Users\Pablo\Documents\GitHub\nine-screen-canvas-flow\vendor\phpseclib\phpseclib\phpseclib\Math\BigInteger\Engines\BCMath.php on line 157
[13-Mar-2026 14:24:56 UTC] PHP Deprecated:  chr(): Providing a value not in-between 0 and 255 is deprecated, this is because a byte value must be in the [0, 255] interval. The value used will be constrained using % 256 in C:\Users\Pablo\Documents\GitHub\nine-screen-canvas-flow\vendor\phpseclib\phpseclib\phpseclib\Math\BigInteger\Engines\BCMath.php on line 157
[13-Mar-2026 14:24:56 UTC] PHP Deprecated:  chr(): Providing a value not in-between 0 and 255 is deprecated, this is because a byte value must be in the [0, 255] interval. The value used will be constrained using % 256 in C:\Users\Pablo\Documents\GitHub\nine-screen-canvas-flow\vendor\phpseclib\phpseclib\phpseclib\Math\BigInteger\Engines\BCMath.php on line 157
[13-Mar-2026 14:24:56 UTC] PHP Deprecated:  chr(): Providing a value not in-between 0 and 255 is deprecated, this is because a byte value must be in the [0, 255] interval. The value used will be constrained using % 256 in C:\Users\Pablo\Documents\GitHub\nine-screen-canvas-flow\vendor\phpseclib\phpseclib\phpseclib\Math\BigInteger\Engines\BCMath.php on line 157
[13-Mar-2026 14:24:56 UTC] PHP Deprecated:  chr(): Providing a value not in-between 0 and 255 is deprecated, this is because a byte value must be in the [0, 255] interval. The value used will be constrained using % 256 in C:\Users\Pablo\Documents\GitHub\nine-screen-canvas-flow\vendor\phpseclib\phpseclib\phpseclib\Math\BigInteger\Engines\BCMath.php on line 157
[13-Mar-2026 14:24:56 UTC] PHP Deprecated:  chr(): Providing a value not in-between 0 and 255 is deprecated, this is because a byte value must be in the [0, 255] interval. The value used will be constrained using % 256 in C:\Users\Pablo\Documents\GitHub\nine-screen-canvas-flow\vendor\phpseclib\phpseclib\phpseclib\Math\BigInteger\Engines\BCMath.php on line 157
[13-Mar-2026 14:24:56 UTC] PHP Deprecated:  chr(): Providing a value not in-between 0 and 255 is deprecated, this is because a byte value must be in the [0, 255] interval. The value used will be constrained using % 256 in C:\Users\Pablo\Documents\GitHub\nine-screen-canvas-flow\vendor\phpseclib\phpseclib\phpseclib\Math\BigInteger\Engines\BCMath.php on line 157
[13-Mar-2026 14:24:56 UTC] PHP Deprecated:  chr(): Providing a value not in-between 0 and 255 is deprecated, this is because a byte value must be in the [0, 255] interval. The value used will be constrained using % 256 in C:\Users\Pablo\Documents\GitHub\nine-screen-canvas-flow\vendor\phpseclib\phpseclib\phpseclib\Math\BigInteger\Engines\BCMath.php on line 157
[13-Mar-2026 14:24:56 UTC] PHP Deprecated:  chr(): Providing a value not in-between 0 and 255 is deprecated, this is because a byte value must be in the [0, 255] interval. The value used will be constrained using % 256 in C:\Users\Pablo\Documents\GitHub\nine-screen-canvas-flow\vendor\phpseclib\phpseclib\phpseclib\Math\BigInteger\Engines\BCMath.php on line 157
[13-Mar-2026 14:24:56 UTC] PHP Deprecated:  chr(): Providing a value not in-between 0 and 255 is deprecated, this is because a byte value must be in the [0, 255] interval. The value used will be constrained using % 256 in C:\Users\Pablo\Documents\GitHub\nine-screen-canvas-flow\vendor\phpseclib\phpseclib\phpseclib\Math\BigInteger\Engines\BCMath.php on line 157
[13-Mar-2026 14:24:56 UTC] PHP Deprecated:  chr(): Providing a value not in-between 0 and 255 is deprecated, this is because a byte value must be in the [0, 255] interval. The value used will be constrained using % 256 in C:\Users\Pablo\Documents\GitHub\nine-screen-canvas-flow\vendor\phpseclib\phpseclib\phpseclib\Math\BigInteger\Engines\BCMath.php on line 157
[13-Mar-2026 14:24:56 UTC] PHP Deprecated:  chr(): Providing a value not in-between 0 and 255 is deprecated, this is because a byte value must be in the [0, 255] interval. The value used will be constrained using % 256 in C:\Users\Pablo\Documents\GitHub\nine-screen-canvas-flow\vendor\phpseclib\phpseclib\phpseclib\Math\BigInteger\Engines\BCMath.php on line 157
[13-Mar-2026 14:24:56 UTC] PHP Deprecated:  chr(): Providing a value not in-between 0 and 255 is deprecated, this is because a byte value must be in the [0, 255] interval. The value used will be constrained using % 256 in C:\Users\Pablo\Documents\GitHub\nine-screen-canvas-flow\vendor\phpseclib\phpseclib\phpseclib\Math\BigInteger\Engines\BCMath.php on line 157
[13-Mar-2026 14:24:56 UTC] PHP Deprecated:  chr(): Providing a value not in-between 0 and 255 is deprecated, this is because a byte value must be in the [0, 255] interval. The value used will be constrained using % 256 in C:\Users\Pablo\Documents\GitHub\nine-screen-canvas-flow\vendor\phpseclib\phpseclib\phpseclib\Math\BigInteger\Engines\BCMath.php on line 157
[13-Mar-2026 14:24:56 UTC] PHP Deprecated:  chr(): Providing a value not in-between 0 and 255 is deprecated, this is because a byte value must be in the [0, 255] interval. The value used will be constrained using % 256 in C:\Users\Pablo\Documents\GitHub\nine-screen-canvas-flow\vendor\phpseclib\phpseclib\phpseclib\Math\BigInteger\Engines\BCMath.php on line 157
[13-Mar-2026 14:24:56 UTC] PHP Deprecated:  chr(): Providing a value not in-between 0 and 255 is deprecated, this is because a byte value must be in the [0, 255] interval. The value used will be constrained using % 256 in C:\Users\Pablo\Documents\GitHub\nine-screen-canvas-flow\vendor\phpseclib\phpseclib\phpseclib\Math\BigInteger\Engines\BCMath.php on line 157
[13-Mar-2026 14:24:56 UTC] PHP Deprecated:  chr(): Providing a value not in-between 0 and 255 is deprecated, this is because a byte value must be in the [0, 255] interval. The value used will be constrained using % 256 in C:\Users\Pablo\Documents\GitHub\nine-screen-canvas-flow\vendor\phpseclib\phpseclib\phpseclib\Math\BigInteger\Engines\BCMath.php on line 157
[13-Mar-2026 14:24:56 UTC] PHP Deprecated:  chr(): Providing a value not in-between 0 and 255 is deprecated, this is because a byte value must be in the [0, 255] interval. The value used will be constrained using % 256 in C:\Users\Pablo\Documents\GitHub\nine-screen-canvas-flow\vendor\phpseclib\phpseclib\phpseclib\Math\BigInteger\Engines\BCMath.php on line 157
[13-Mar-2026 14:24:56 UTC] PHP Deprecated:  chr(): Providing a value not in-between 0 and 255 is deprecated, this is because a byte value must be in the [0, 255] interval. The value used will be constrained using % 256 in C:\Users\Pablo\Documents\GitHub\nine-screen-canvas-flow\vendor\phpseclib\phpseclib\phpseclib\Math\BigInteger\Engines\BCMath.php on line 157
[13-Mar-2026 14:24:56 UTC] PHP Deprecated:  chr(): Providing a value not in-between 0 and 255 is deprecated, this is because a byte value must be in the [0, 255] interval. The value used will be constrained using % 256 in C:\Users\Pablo\Documents\GitHub\nine-screen-canvas-flow\vendor\phpseclib\phpseclib\phpseclib\Math\BigInteger\Engines\BCMath.php on line 157
[13-Mar-2026 14:24:56 UTC] PHP Deprecated:  chr(): Providing a value not in-between 0 and 255 is deprecated, this is because a byte value must be in the [0, 255] interval. The value used will be constrained using % 256 in C:\Users\Pablo\Documents\GitHub\nine-screen-canvas-flow\vendor\phpseclib\phpseclib\phpseclib\Math\BigInteger\Engines\BCMath.php on line 157
[13-Mar-2026 14:24:56 UTC] PHP Deprecated:  chr(): Providing a value not in-between 0 and 255 is deprecated, this is because a byte value must be in the [0, 255] interval. The value used will be constrained using % 256 in C:\Users\Pablo\Documents\GitHub\nine-screen-canvas-flow\vendor\phpseclib\phpseclib\phpseclib\Math\BigInteger\Engines\BCMath.php on line 157
[13-Mar-2026 14:24:56 UTC] PHP Deprecated:  chr(): Providing a value not in-between 0 and 255 is deprecated, this is because a byte value must be in the [0, 255] interval. The value used will be constrained using % 256 in C:\Users\Pablo\Documents\GitHub\nine-screen-canvas-flow\vendor\phpseclib\phpseclib\phpseclib\Math\BigInteger\Engines\BCMath.php on line 157
[13-Mar-2026 14:24:56 UTC] PHP Deprecated:  chr(): Providing a value not in-between 0 and 255 is deprecated, this is because a byte value must be in the [0, 255] interval. The value used will be constrained using % 256 in C:\Users\Pablo\Documents\GitHub\nine-screen-canvas-flow\vendor\phpseclib\phpseclib\phpseclib\Math\BigInteger\Engines\BCMath.php on line 157
[13-Mar-2026 14:24:56 UTC] PHP Deprecated:  chr(): Providing a value not in-between 0 and 255 is deprecated, this is because a byte value must be in the [0, 255] interval. The value used will be constrained using % 256 in C:\Users\Pablo\Documents\GitHub\nine-screen-canvas-flow\vendor\phpseclib\phpseclib\phpseclib\Math\BigInteger\Engines\BCMath.php on line 157
[13-Mar-2026 14:24:56 UTC] PHP Deprecated:  chr(): Providing a value not in-between 0 and 255 is deprecated, this is because a byte value must be in the [0, 255] interval. The value used will be constrained using % 256 in C:\Users\Pablo\Documents\GitHub\nine-screen-canvas-flow\vendor\phpseclib\phpseclib\phpseclib\Math\BigInteger\Engines\BCMath.php on line 157
[13-Mar-2026 14:24:56 UTC] PHP Deprecated:  chr(): Providing a value not in-between 0 and 255 is deprecated, this is because a byte value must be in the [0, 255] interval. The value used will be constrained using % 256 in C:\Users\Pablo\Documents\GitHub\nine-screen-canvas-flow\vendor\phpseclib\phpseclib\phpseclib\Math\BigInteger\Engines\BCMath.php on line 157
[13-Mar-2026 14:24:56 UTC] PHP Deprecated:  chr(): Providing a value not in-between 0 and 255 is deprecated, this is because a byte value must be in the [0, 255] interval. The value used will be constrained using % 256 in C:\Users\Pablo\Documents\GitHub\nine-screen-canvas-flow\vendor\phpseclib\phpseclib\phpseclib\Math\BigInteger\Engines\BCMath.php on line 157
[13-Mar-2026 14:24:56 UTC] PHP Deprecated:  chr(): Providing a value not in-between 0 and 255 is deprecated, this is because a byte value must be in the [0, 255] interval. The value used will be constrained using % 256 in C:\Users\Pablo\Documents\GitHub\nine-screen-canvas-flow\vendor\phpseclib\phpseclib\phpseclib\Math\BigInteger\Engines\BCMath.php on line 157
[13-Mar-2026 14:24:56 UTC] PHP Deprecated:  chr(): Providing a value not in-between 0 and 255 is deprecated, this is because a byte value must be in the [0, 255] interval. The value used will be constrained using % 256 in C:\Users\Pablo\Documents\GitHub\nine-screen-canvas-flow\vendor\phpseclib\phpseclib\phpseclib\Math\BigInteger\Engines\BCMath.php on line 157
[13-Mar-2026 14:24:56 UTC] PHP Deprecated:  chr(): Providing a value not in-between 0 and 255 is deprecated, this is because a byte value must be in the [0, 255] interval. The value used will be constrained using % 256 in C:\Users\Pablo\Documents\GitHub\nine-screen-canvas-flow\vendor\phpseclib\phpseclib\phpseclib\Math\BigInteger\Engines\BCMath.php on line 157
[13-Mar-2026 14:24:56 UTC] PHP Deprecated:  chr(): Providing a value not in-between 0 and 255 is deprecated, this is because a byte value must be in the [0, 255] interval. The value used will be constrained using % 256 in C:\Users\Pablo\Documents\GitHub\nine-screen-canvas-flow\vendor\phpseclib\phpseclib\phpseclib\Math\BigInteger\Engines\BCMath.php on line 157
[13-Mar-2026 14:24:56 UTC] PHP Deprecated:  chr(): Providing a value not in-between 0 and 255 is deprecated, this is because a byte value must be in the [0, 255] interval. The value used will be constrained using % 256 in C:\Users\Pablo\Documents\GitHub\nine-screen-canvas-flow\vendor\phpseclib\phpseclib\phpseclib\Math\BigInteger\Engines\BCMath.php on line 157
[13-Mar-2026 14:24:56 UTC] PHP Deprecated:  chr(): Providing a value not in-between 0 and 255 is deprecated, this is because a byte value must be in the [0, 255] interval. The value used will be constrained using % 256 in C:\Users\Pablo\Documents\GitHub\nine-screen-canvas-flow\vendor\phpseclib\phpseclib\phpseclib\Math\BigInteger\Engines\BCMath.php on line 157
[13-Mar-2026 14:24:56 UTC] PHP Deprecated:  chr(): Providing a value not in-between 0 and 255 is deprecated, this is because a byte value must be in the [0, 255] interval. The value used will be constrained using % 256 in C:\Users\Pablo\Documents\GitHub\nine-screen-canvas-flow\vendor\phpseclib\phpseclib\phpseclib\Math\BigInteger\Engines\BCMath.php on line 157
[13-Mar-2026 14:24:56 UTC] PHP Deprecated:  chr(): Providing a value not in-between 0 and 255 is deprecated, this is because a byte value must be in the [0, 255] interval. The value used will be constrained using % 256 in C:\Users\Pablo\Documents\GitHub\nine-screen-canvas-flow\vendor\phpseclib\phpseclib\phpseclib\Math\BigInteger\Engines\BCMath.php on line 157
[13-Mar-2026 14:24:56 UTC] PHP Deprecated:  chr(): Providing a value not in-between 0 and 255 is deprecated, this is because a byte value must be in the [0, 255] interval. The value used will be constrained using % 256 in C:\Users\Pablo\Documents\GitHub\nine-screen-canvas-flow\vendor\phpseclib\phpseclib\phpseclib\Math\BigInteger\Engines\BCMath.php on line 157
[13-Mar-2026 14:24:56 UTC] PHP Deprecated:  chr(): Providing a value not in-between 0 and 255 is deprecated, this is because a byte value must be in the [0, 255] interval. The value used will be constrained using % 256 in C:\Users\Pablo\Documents\GitHub\nine-screen-canvas-flow\vendor\phpseclib\phpseclib\phpseclib\Math\BigInteger\Engines\BCMath.php on line 157
[13-Mar-2026 14:24:56 UTC] PHP Deprecated:  chr(): Providing a value not in-between 0 and 255 is deprecated, this is because a byte value must be in the [0, 255] interval. The value used will be constrained using % 256 in C:\Users\Pablo\Documents\GitHub\nine-screen-canvas-flow\vendor\phpseclib\phpseclib\phpseclib\Math\BigInteger\Engines\BCMath.php on line 157
[13-Mar-2026 14:24:56 UTC] PHP Deprecated:  chr(): Providing a value not in-between 0 and 255 is deprecated, this is because a byte value must be in the [0, 255] interval. The value used will be constrained using % 256 in C:\Users\Pablo\Documents\GitHub\nine-screen-canvas-flow\vendor\phpseclib\phpseclib\phpseclib\Math\BigInteger\Engines\BCMath.php on line 157
[13-Mar-2026 14:24:56 UTC] PHP Deprecated:  chr(): Providing a value not in-between 0 and 255 is deprecated, this is because a byte value must be in the [0, 255] interval. The value used will be constrained using % 256 in C:\Users\Pablo\Documents\GitHub\nine-screen-canvas-flow\vendor\phpseclib\phpseclib\phpseclib\Math\BigInteger\Engines\BCMath.php on line 157
[13-Mar-2026 14:24:56 UTC] PHP Deprecated:  chr(): Providing a value not in-between 0 and 255 is deprecated, this is because a byte value must be in the [0, 255] interval. The value used will be constrained using % 256 in C:\Users\Pablo\Documents\GitHub\nine-screen-canvas-flow\vendor\phpseclib\phpseclib\phpseclib\Math\BigInteger\Engines\BCMath.php on line 157
[13-Mar-2026 14:24:56 UTC] PHP Deprecated:  chr(): Providing a value not in-between 0 and 255 is deprecated, this is because a byte value must be in the [0, 255] interval. The value used will be constrained using % 256 in C:\Users\Pablo\Documents\GitHub\nine-screen-canvas-flow\vendor\phpseclib\phpseclib\phpseclib\Math\BigInteger\Engines\BCMath.php on line 157
[13-Mar-2026 14:24:56 UTC] PHP Deprecated:  chr(): Providing a value not in-between 0 and 255 is deprecated, this is because a byte value must be in the [0, 255] interval. The value used will be constrained using % 256 in C:\Users\Pablo\Documents\GitHub\nine-screen-canvas-flow\vendor\phpseclib\phpseclib\phpseclib\Math\BigInteger\Engines\BCMath.php on line 157
[13-Mar-2026 14:24:56 UTC] PHP Deprecated:  chr(): Providing a value not in-between 0 and 255 is deprecated, this is because a byte value must be in the [0, 255] interval. The value used will be constrained using % 256 in C:\Users\Pablo\Documents\GitHub\nine-screen-canvas-flow\vendor\phpseclib\phpseclib\phpseclib\Math\BigInteger\Engines\BCMath.php on line 157
[13-Mar-2026 14:24:56 UTC] PHP Deprecated:  chr(): Providing a value not in-between 0 and 255 is deprecated, this is because a byte value must be in the [0, 255] interval. The value used will be constrained using % 256 in C:\Users\Pablo\Documents\GitHub\nine-screen-canvas-flow\vendor\phpseclib\phpseclib\phpseclib\Math\BigInteger\Engines\BCMath.php on line 157
[13-Mar-2026 14:24:56 UTC] PHP Deprecated:  chr(): Providing a value not in-between 0 and 255 is deprecated, this is because a byte value must be in the [0, 255] interval. The value used will be constrained using % 256 in C:\Users\Pablo\Documents\GitHub\nine-screen-canvas-flow\vendor\phpseclib\phpseclib\phpseclib\Math\BigInteger\Engines\BCMath.php on line 157
[13-Mar-2026 14:24:56 UTC] PHP Deprecated:  chr(): Providing a value not in-between 0 and 255 is deprecated, this is because a byte value must be in the [0, 255] interval. The value used will be constrained using % 256 in C:\Users\Pablo\Documents\GitHub\nine-screen-canvas-flow\vendor\phpseclib\phpseclib\phpseclib\Math\BigInteger\Engines\BCMath.php on line 157
[13-Mar-2026 14:24:56 UTC] PHP Deprecated:  chr(): Providing a value not in-between 0 and 255 is deprecated, this is because a byte value must be in the [0, 255] interval. The value used will be constrained using % 256 in C:\Users\Pablo\Documents\GitHub\nine-screen-canvas-flow\vendor\phpseclib\phpseclib\phpseclib\Math\BigInteger\Engines\BCMath.php on line 157
[13-Mar-2026 14:24:56 UTC] PHP Deprecated:  chr(): Providing a value not in-between 0 and 255 is deprecated, this is because a byte value must be in the [0, 255] interval. The value used will be constrained using % 256 in C:\Users\Pablo\Documents\GitHub\nine-screen-canvas-flow\vendor\phpseclib\phpseclib\phpseclib\Math\BigInteger\Engines\BCMath.php on line 157
[13-Mar-2026 14:24:56 UTC] PHP Deprecated:  chr(): Providing a value not in-between 0 and 255 is deprecated, this is because a byte value must be in the [0, 255] interval. The value used will be constrained using % 256 in C:\Users\Pablo\Documents\GitHub\nine-screen-canvas-flow\vendor\phpseclib\phpseclib\phpseclib\Math\BigInteger\Engines\BCMath.php on line 157
[13-Mar-2026 14:24:56 UTC] PHP Deprecated:  chr(): Providing a value not in-between 0 and 255 is deprecated, this is because a byte value must be in the [0, 255] interval. The value used will be constrained using % 256 in C:\Users\Pablo\Documents\GitHub\nine-screen-canvas-flow\vendor\phpseclib\phpseclib\phpseclib\Math\BigInteger\Engines\BCMath.php on line 157
[13-Mar-2026 14:24:56 UTC] PHP Deprecated:  chr(): Providing a value not in-between 0 and 255 is deprecated, this is because a byte value must be in the [0, 255] interval. The value used will be constrained using % 256 in C:\Users\Pablo\Documents\GitHub\nine-screen-canvas-flow\vendor\phpseclib\phpseclib\phpseclib\Math\BigInteger\Engines\BCMath.php on line 157
[13-Mar-2026 14:24:56 UTC] PHP Deprecated:  chr(): Providing a value not in-between 0 and 255 is deprecated, this is because a byte value must be in the [0, 255] interval. The value used will be constrained using % 256 in C:\Users\Pablo\Documents\GitHub\nine-screen-canvas-flow\vendor\phpseclib\phpseclib\phpseclib\Math\BigInteger\Engines\BCMath.php on line 157
[13-Mar-2026 14:24:56 UTC] PHP Deprecated:  chr(): Providing a value not in-between 0 and 255 is deprecated, this is because a byte value must be in the [0, 255] interval. The value used will be constrained using % 256 in C:\Users\Pablo\Documents\GitHub\nine-screen-canvas-flow\vendor\phpseclib\phpseclib\phpseclib\Math\BigInteger\Engines\BCMath.php on line 157
[13-Mar-2026 14:24:56 UTC] PHP Deprecated:  chr(): Providing a value not in-between 0 and 255 is deprecated, this is because a byte value must be in the [0, 255] interval. The value used will be constrained using % 256 in C:\Users\Pablo\Documents\GitHub\nine-screen-canvas-flow\vendor\phpseclib\phpseclib\phpseclib\Math\BigInteger\Engines\BCMath.php on line 157
[13-Mar-2026 14:24:56 UTC] PHP Deprecated:  chr(): Providing a value not in-between 0 and 255 is deprecated, this is because a byte value must be in the [0, 255] interval. The value used will be constrained using % 256 in C:\Users\Pablo\Documents\GitHub\nine-screen-canvas-flow\vendor\phpseclib\phpseclib\phpseclib\Math\BigInteger\Engines\BCMath.php on line 157
[13-Mar-2026 14:24:56 UTC] PHP Deprecated:  chr(): Providing a value not in-between 0 and 255 is deprecated, this is because a byte value must be in the [0, 255] interval. The value used will be constrained using % 256 in C:\Users\Pablo\Documents\GitHub\nine-screen-canvas-flow\vendor\phpseclib\phpseclib\phpseclib\Math\BigInteger\Engines\BCMath.php on line 157
[13-Mar-2026 14:24:56 UTC] PHP Deprecated:  chr(): Providing a value not in-between 0 and 255 is deprecated, this is because a byte value must be in the [0, 255] interval. The value used will be constrained using % 256 in C:\Users\Pablo\Documents\GitHub\nine-screen-canvas-flow\vendor\phpseclib\phpseclib\phpseclib\Math\BigInteger\Engines\BCMath.php on line 157
[13-Mar-2026 14:24:56 UTC] PHP Deprecated:  chr(): Providing a value not in-between 0 and 255 is deprecated, this is because a byte value must be in the [0, 255] interval. The value used will be constrained using % 256 in C:\Users\Pablo\Documents\GitHub\nine-screen-canvas-flow\vendor\phpseclib\phpseclib\phpseclib\Math\BigInteger\Engines\BCMath.php on line 157
[13-Mar-2026 14:24:56 UTC] PHP Deprecated:  chr(): Providing a value not in-between 0 and 255 is deprecated, this is because a byte value must be in the [0, 255] interval. The value used will be constrained using % 256 in C:\Users\Pablo\Documents\GitHub\nine-screen-canvas-flow\vendor\phpseclib\phpseclib\phpseclib\Math\BigInteger\Engines\BCMath.php on line 157
[13-Mar-2026 14:24:56 UTC] PHP Deprecated:  chr(): Providing a value not in-between 0 and 255 is deprecated, this is because a byte value must be in the [0, 255] interval. The value used will be constrained using % 256 in C:\Users\Pablo\Documents\GitHub\nine-screen-canvas-flow\vendor\phpseclib\phpseclib\phpseclib\Math\BigInteger\Engines\BCMath.php on line 157
[13-Mar-2026 14:24:56 UTC] PHP Deprecated:  chr(): Providing a value not in-between 0 and 255 is deprecated, this is because a byte value must be in the [0, 255] interval. The value used will be constrained using % 256 in C:\Users\Pablo\Documents\GitHub\nine-screen-canvas-flow\vendor\phpseclib\phpseclib\phpseclib\Math\BigInteger\Engines\BCMath.php on line 157
[13-Mar-2026 14:24:56 UTC] PHP Deprecated:  chr(): Providing a value not in-between 0 and 255 is deprecated, this is because a byte value must be in the [0, 255] interval. The value used will be constrained using % 256 in C:\Users\Pablo\Documents\GitHub\nine-screen-canvas-flow\vendor\phpseclib\phpseclib\phpseclib\Math\BigInteger\Engines\BCMath.php on line 157
[13-Mar-2026 14:24:56 UTC] PHP Deprecated:  chr(): Providing a value not in-between 0 and 255 is deprecated, this is because a byte value must be in the [0, 255] interval. The value used will be constrained using % 256 in C:\Users\Pablo\Documents\GitHub\nine-screen-canvas-flow\vendor\phpseclib\phpseclib\phpseclib\Math\BigInteger\Engines\BCMath.php on line 157
[13-Mar-2026 14:24:56 UTC] PHP Deprecated:  chr(): Providing a value not in-between 0 and 255 is deprecated, this is because a byte value must be in the [0, 255] interval. The value used will be constrained using % 256 in C:\Users\Pablo\Documents\GitHub\nine-screen-canvas-flow\vendor\phpseclib\phpseclib\phpseclib\Math\BigInteger\Engines\BCMath.php on line 157
[13-Mar-2026 14:24:56 UTC] PHP Deprecated:  chr(): Providing a value not in-between 0 and 255 is deprecated, this is because a byte value must be in the [0, 255] interval. The value used will be constrained using % 256 in C:\Users\Pablo\Documents\GitHub\nine-screen-canvas-flow\vendor\phpseclib\phpseclib\phpseclib\Math\BigInteger\Engines\BCMath.php on line 157
[13-Mar-2026 14:24:56 UTC] PHP Deprecated:  chr(): Providing a value not in-between 0 and 255 is deprecated, this is because a byte value must be in the [0, 255] interval. The value used will be constrained using % 256 in C:\Users\Pablo\Documents\GitHub\nine-screen-canvas-flow\vendor\phpseclib\phpseclib\phpseclib\Math\BigInteger\Engines\BCMath.php on line 157
[13-Mar-2026 14:24:56 UTC] PHP Deprecated:  chr(): Providing a value not in-between 0 and 255 is deprecated, this is because a byte value must be in the [0, 255] interval. The value used will be constrained using % 256 in C:\Users\Pablo\Documents\GitHub\nine-screen-canvas-flow\vendor\phpseclib\phpseclib\phpseclib\Math\BigInteger\Engines\BCMath.php on line 157
[13-Mar-2026 14:24:56 UTC] PHP Deprecated:  chr(): Providing a value not in-between 0 and 255 is deprecated, this is because a byte value must be in the [0, 255] interval. The value used will be constrained using % 256 in C:\Users\Pablo\Documents\GitHub\nine-screen-canvas-flow\vendor\phpseclib\phpseclib\phpseclib\Math\BigInteger\Engines\BCMath.php on line 157
[13-Mar-2026 14:24:56 UTC] PHP Deprecated:  chr(): Providing a value not in-between 0 and 255 is deprecated, this is because a byte value must be in the [0, 255] interval. The value used will be constrained using % 256 in C:\Users\Pablo\Documents\GitHub\nine-screen-canvas-flow\vendor\phpseclib\phpseclib\phpseclib\Math\BigInteger\Engines\BCMath.php on line 157
[13-Mar-2026 14:24:56 UTC] PHP Deprecated:  chr(): Providing a value not in-between 0 and 255 is deprecated, this is because a byte value must be in the [0, 255] interval. The value used will be constrained using % 256 in C:\Users\Pablo\Documents\GitHub\nine-screen-canvas-flow\vendor\phpseclib\phpseclib\phpseclib\Math\BigInteger\Engines\BCMath.php on line 157
[13-Mar-2026 14:24:56 UTC] PHP Deprecated:  chr(): Providing a value not in-between 0 and 255 is deprecated, this is because a byte value must be in the [0, 255] interval. The value used will be constrained using % 256 in C:\Users\Pablo\Documents\GitHub\nine-screen-canvas-flow\vendor\phpseclib\phpseclib\phpseclib\Math\BigInteger\Engines\BCMath.php on line 157
[13-Mar-2026 14:24:56 UTC] PHP Deprecated:  chr(): Providing a value not in-between 0 and 255 is deprecated, this is because a byte value must be in the [0, 255] interval. The value used will be constrained using % 256 in C:\Users\Pablo\Documents\GitHub\nine-screen-canvas-flow\vendor\phpseclib\phpseclib\phpseclib\Math\BigInteger\Engines\BCMath.php on line 157
[13-Mar-2026 14:24:56 UTC] PHP Deprecated:  chr(): Providing a value not in-between 0 and 255 is deprecated, this is because a byte value must be in the [0, 255] interval. The value used will be constrained using % 256 in C:\Users\Pablo\Documents\GitHub\nine-screen-canvas-flow\vendor\phpseclib\phpseclib\phpseclib\Math\BigInteger\Engines\BCMath.php on line 157
[13-Mar-2026 14:24:56 UTC] PHP Deprecated:  chr(): Providing a value not in-between 0 and 255 is deprecated, this is because a byte value must be in the [0, 255] interval. The value used will be constrained using % 256 in C:\Users\Pablo\Documents\GitHub\nine-screen-canvas-flow\vendor\phpseclib\phpseclib\phpseclib\Math\BigInteger\Engines\BCMath.php on line 157
[13-Mar-2026 14:24:56 UTC] PHP Deprecated:  chr(): Providing a value not in-between 0 and 255 is deprecated, this is because a byte value must be in the [0, 255] interval. The value used will be constrained using % 256 in C:\Users\Pablo\Documents\GitHub\nine-screen-canvas-flow\vendor\phpseclib\phpseclib\phpseclib\Math\BigInteger\Engines\BCMath.php on line 157
[13-Mar-2026 14:24:56 UTC] PHP Deprecated:  chr(): Providing a value not in-between 0 and 255 is deprecated, this is because a byte value must be in the [0, 255] interval. The value used will be constrained using % 256 in C:\Users\Pablo\Documents\GitHub\nine-screen-canvas-flow\vendor\phpseclib\phpseclib\phpseclib\Math\BigInteger\Engines\BCMath.php on line 157
[13-Mar-2026 14:24:56 UTC] PHP Deprecated:  chr(): Providing a value not in-between 0 and 255 is deprecated, this is because a byte value must be in the [0, 255] interval. The value used will be constrained using % 256 in C:\Users\Pablo\Documents\GitHub\nine-screen-canvas-flow\vendor\phpseclib\phpseclib\phpseclib\Math\BigInteger\Engines\BCMath.php on line 157
[13-Mar-2026 14:24:56 UTC] PHP Deprecated:  chr(): Providing a value not in-between 0 and 255 is deprecated, this is because a byte value must be in the [0, 255] interval. The value used will be constrained using % 256 in C:\Users\Pablo\Documents\GitHub\nine-screen-canvas-flow\vendor\phpseclib\phpseclib\phpseclib\Math\BigInteger\Engines\BCMath.php on line 157
[13-Mar-2026 14:24:56 UTC] PHP Deprecated:  chr(): Providing a value not in-between 0 and 255 is deprecated, this is because a byte value must be in the [0, 255] interval. The value used will be constrained using % 256 in C:\Users\Pablo\Documents\GitHub\nine-screen-canvas-flow\vendor\phpseclib\phpseclib\phpseclib\Math\BigInteger\Engines\BCMath.php on line 157
[13-Mar-2026 14:24:56 UTC] PHP Deprecated:  chr(): Providing a value not in-between 0 and 255 is deprecated, this is because a byte value must be in the [0, 255] interval. The value used will be constrained using % 256 in C:\Users\Pablo\Documents\GitHub\nine-screen-canvas-flow\vendor\phpseclib\phpseclib\phpseclib\Math\BigInteger\Engines\BCMath.php on line 157
[13-Mar-2026 14:24:56 UTC] PHP Deprecated:  chr(): Providing a value not in-between 0 and 255 is deprecated, this is because a byte value must be in the [0, 255] interval. The value used will be constrained using % 256 in C:\Users\Pablo\Documents\GitHub\nine-screen-canvas-flow\vendor\phpseclib\phpseclib\phpseclib\Math\BigInteger\Engines\BCMath.php on line 157
[13-Mar-2026 14:24:56 UTC] PHP Deprecated:  chr(): Providing a value not in-between 0 and 255 is deprecated, this is because a byte value must be in the [0, 255] interval. The value used will be constrained using % 256 in C:\Users\Pablo\Documents\GitHub\nine-screen-canvas-flow\vendor\phpseclib\phpseclib\phpseclib\Math\BigInteger\Engines\BCMath.php on line 157
[13-Mar-2026 14:24:56 UTC] PHP Deprecated:  chr(): Providing a value not in-between 0 and 255 is deprecated, this is because a byte value must be in the [0, 255] interval. The value used will be constrained using % 256 in C:\Users\Pablo\Documents\GitHub\nine-screen-canvas-flow\vendor\phpseclib\phpseclib\phpseclib\Math\BigInteger\Engines\BCMath.php on line 157
[13-Mar-2026 14:24:56 UTC] PHP Deprecated:  chr(): Providing a value not in-between 0 and 255 is deprecated, this is because a byte value must be in the [0, 255] interval. The value used will be constrained using % 256 in C:\Users\Pablo\Documents\GitHub\nine-screen-canvas-flow\vendor\phpseclib\phpseclib\phpseclib\Math\BigInteger\Engines\BCMath.php on line 157
[13-Mar-2026 14:24:56 UTC] PHP Deprecated:  chr(): Providing a value not in-between 0 and 255 is deprecated, this is because a byte value must be in the [0, 255] interval. The value used will be constrained using % 256 in C:\Users\Pablo\Documents\GitHub\nine-screen-canvas-flow\vendor\phpseclib\phpseclib\phpseclib\Math\BigInteger\Engines\BCMath.php on line 157
[13-Mar-2026 14:24:56 UTC] PHP Deprecated:  chr(): Providing a value not in-between 0 and 255 is deprecated, this is because a byte value must be in the [0, 255] interval. The value used will be constrained using % 256 in C:\Users\Pablo\Documents\GitHub\nine-screen-canvas-flow\vendor\phpseclib\phpseclib\phpseclib\Math\BigInteger\Engines\BCMath.php on line 157
[13-Mar-2026 14:24:56 UTC] PHP Deprecated:  chr(): Providing a value not in-between 0 and 255 is deprecated, this is because a byte value must be in the [0, 255] interval. The value used will be constrained using % 256 in C:\Users\Pablo\Documents\GitHub\nine-screen-canvas-flow\vendor\phpseclib\phpseclib\phpseclib\Math\BigInteger\Engines\BCMath.php on line 157
[13-Mar-2026 14:24:56 UTC] PHP Deprecated:  chr(): Providing a value not in-between 0 and 255 is deprecated, this is because a byte value must be in the [0, 255] interval. The value used will be constrained using % 256 in C:\Users\Pablo\Documents\GitHub\nine-screen-canvas-flow\vendor\phpseclib\phpseclib\phpseclib\Math\BigInteger\Engines\BCMath.php on line 157
[13-Mar-2026 14:24:56 UTC] PHP Deprecated:  chr(): Providing a value not in-between 0 and 255 is deprecated, this is because a byte value must be in the [0, 255] interval. The value used will be constrained using % 256 in C:\Users\Pablo\Documents\GitHub\nine-screen-canvas-flow\vendor\phpseclib\phpseclib\phpseclib\Math\BigInteger\Engines\BCMath.php on line 157
[13-Mar-2026 14:24:56 UTC] PHP Deprecated:  chr(): Providing a value not in-between 0 and 255 is deprecated, this is because a byte value must be in the [0, 255] interval. The value used will be constrained using % 256 in C:\Users\Pablo\Documents\GitHub\nine-screen-canvas-flow\vendor\phpseclib\phpseclib\phpseclib\Math\BigInteger\Engines\BCMath.php on line 157
[13-Mar-2026 14:24:56 UTC] PHP Deprecated:  chr(): Providing a value not in-between 0 and 255 is deprecated, this is because a byte value must be in the [0, 255] interval. The value used will be constrained using % 256 in C:\Users\Pablo\Documents\GitHub\nine-screen-canvas-flow\vendor\phpseclib\phpseclib\phpseclib\Math\BigInteger\Engines\BCMath.php on line 157
[13-Mar-2026 14:24:56 UTC] PHP Deprecated:  chr(): Providing a value not in-between 0 and 255 is deprecated, this is because a byte value must be in the [0, 255] interval. The value used will be constrained using % 256 in C:\Users\Pablo\Documents\GitHub\nine-screen-canvas-flow\vendor\phpseclib\phpseclib\phpseclib\Math\BigInteger\Engines\BCMath.php on line 157
[13-Mar-2026 14:24:56 UTC] PHP Deprecated:  chr(): Providing a value not in-between 0 and 255 is deprecated, this is because a byte value must be in the [0, 255] interval. The value used will be constrained using % 256 in C:\Users\Pablo\Documents\GitHub\nine-screen-canvas-flow\vendor\phpseclib\phpseclib\phpseclib\Math\BigInteger\Engines\BCMath.php on line 157
[13-Mar-2026 14:24:56 UTC] PHP Deprecated:  chr(): Providing a value not in-between 0 and 255 is deprecated, this is because a byte value must be in the [0, 255] interval. The value used will be constrained using % 256 in C:\Users\Pablo\Documents\GitHub\nine-screen-canvas-flow\vendor\phpseclib\phpseclib\phpseclib\Math\BigInteger\Engines\BCMath.php on line 157
[13-Mar-2026 14:24:56 UTC] PHP Deprecated:  chr(): Providing a value not in-between 0 and 255 is deprecated, this is because a byte value must be in the [0, 255] interval. The value used will be constrained using % 256 in C:\Users\Pablo\Documents\GitHub\nine-screen-canvas-flow\vendor\phpseclib\phpseclib\phpseclib\Math\BigInteger\Engines\BCMath.php on line 157
[13-Mar-2026 14:24:56 UTC] PHP Deprecated:  chr(): Providing a value not in-between 0 and 255 is deprecated, this is because a byte value must be in the [0, 255] interval. The value used will be constrained using % 256 in C:\Users\Pablo\Documents\GitHub\nine-screen-canvas-flow\vendor\phpseclib\phpseclib\phpseclib\Math\BigInteger\Engines\BCMath.php on line 157
[13-Mar-2026 14:24:56 UTC] PHP Deprecated:  chr(): Providing a value not in-between 0 and 255 is deprecated, this is because a byte value must be in the [0, 255] interval. The value used will be constrained using % 256 in C:\Users\Pablo\Documents\GitHub\nine-screen-canvas-flow\vendor\phpseclib\phpseclib\phpseclib\Math\BigInteger\Engines\BCMath.php on line 157
[13-Mar-2026 14:24:56 UTC] PHP Deprecated:  chr(): Providing a value not in-between 0 and 255 is deprecated, this is because a byte value must be in the [0, 255] interval. The value used will be constrained using % 256 in C:\Users\Pablo\Documents\GitHub\nine-screen-canvas-flow\vendor\phpseclib\phpseclib\phpseclib\Math\BigInteger\Engines\BCMath.php on line 157
[13-Mar-2026 14:24:56 UTC] PHP Deprecated:  chr(): Providing a value not in-between 0 and 255 is deprecated, this is because a byte value must be in the [0, 255] interval. The value used will be constrained using % 256 in C:\Users\Pablo\Documents\GitHub\nine-screen-canvas-flow\vendor\phpseclib\phpseclib\phpseclib\Math\BigInteger\Engines\BCMath.php on line 157
[13-Mar-2026 14:24:56 UTC] PHP Deprecated:  chr(): Providing a value not in-between 0 and 255 is deprecated, this is because a byte value must be in the [0, 255] interval. The value used will be constrained using % 256 in C:\Users\Pablo\Documents\GitHub\nine-screen-canvas-flow\vendor\phpseclib\phpseclib\phpseclib\Math\BigInteger\Engines\BCMath.php on line 157
[13-Mar-2026 14:24:56 UTC] PHP Deprecated:  chr(): Providing a value not in-between 0 and 255 is deprecated, this is because a byte value must be in the [0, 255] interval. The value used will be constrained using % 256 in C:\Users\Pablo\Documents\GitHub\nine-screen-canvas-flow\vendor\phpseclib\phpseclib\phpseclib\Math\BigInteger\Engines\BCMath.php on line 157
[13-Mar-2026 14:24:56 UTC] PHP Deprecated:  chr(): Providing a value not in-between 0 and 255 is deprecated, this is because a byte value must be in the [0, 255] interval. The value used will be constrained using % 256 in C:\Users\Pablo\Documents\GitHub\nine-screen-canvas-flow\vendor\phpseclib\phpseclib\phpseclib\Math\BigInteger\Engines\BCMath.php on line 157
[13-Mar-2026 14:24:57 UTC] Purchases database connection failed: SQLSTATE[HY000] [1045] Access denied for user 'alvarotrigo_alvarotrigo'@'79.117.116.182' (using password: YES)
[13-Mar-2026 14:24:57 UTC] Attempted connection to: host=nocn.noc-n.com, dbname=alvarotrigo_alvarotrigo, user=alvarotrigo_alvarotrigo
[13-Mar-2026 14:24:57 UTC] Error checking user paid status: Purchases database connection failed: SQLSTATE[HY000] [1045] Access denied for user 'alvarotrigo_alvarotrigo'@'79.117.116.182' (using password: YES)
[13-Mar-2026 14:24:57 UTC] MySQL select query: SELECT * FROM `users` WHERE `email` = :where_email_0 AND `pro_status_source` = :where_pro_status_source_1
[13-Mar-2026 14:24:57 UTC] MySQL select params: {"where_email_0":"ptrigol@gmail.com","where_pro_status_source_1":"polar"}
[13-Mar-2026 14:24:57 UTC] MySQL select returned 0 rows
[13-Mar-2026 14:24:57 UTC] MySQL select query: SELECT * FROM `subscriptions` WHERE `customer_email` = :where_customer_email_0 AND `status` = :where_status_1
[13-Mar-2026 14:24:57 UTC] MySQL select params: {"where_customer_email_0":"ptrigol@gmail.com","where_status_1":"active"}
[13-Mar-2026 14:24:57 UTC] MySQL select returned 0 rows
[13-Mar-2026 14:24:57 UTC] syncClerkSession - Creating/updating user: clerk_user_id=user_3AhnQJV5XslRK9dMtMXyCieGbiA, email=ptrigol@gmail.com, is_pro=false
[13-Mar-2026 14:24:57 UTC] Checking for existing user with clerk_user_id: user_3AhnQJV5XslRK9dMtMXyCieGbiA
[13-Mar-2026 14:24:57 UTC] MySQL select query: SELECT * FROM `users` WHERE `clerk_user_id` = :where_clerk_user_id_0
[13-Mar-2026 14:24:57 UTC] MySQL select params: {"where_clerk_user_id_0":"user_3AhnQJV5XslRK9dMtMXyCieGbiA"}
[13-Mar-2026 14:24:57 UTC] MySQL select returned 1 rows
[13-Mar-2026 14:24:57 UTC] Select query result: [{"id":2,"clerk_user_id":"user_3AhnQJV5XslRK9dMtMXyCieGbiA","email":"ptrigol@gmail.com","name":"Pablo Trigo","is_pro":0,"pro_status_source":null,"subscription_id":null,"last_login":"2026-03-13T13:26:06.000Z","created_at":"2026-03-09T10:58:19.000Z","updated_at":"2026-03-13T13:26:06.000Z"}] (type: array, empty: false)
[13-Mar-2026 14:24:57 UTC] Updating existing user: user_3AhnQJV5XslRK9dMtMXyCieGbiA (ptrigol@gmail.com)
[13-Mar-2026 14:24:57 UTC] MySQL update query: UPDATE `users` SET `clerk_user_id` = :clerk_user_id, `email` = :email, `name` = :name, `is_pro` = :is_pro, `pro_status_source` = :pro_status_source, `subscription_id` = :subscription_id, `last_login` = :last_login, `updated_at` = :updated_at WHERE `clerk_user_id` = :where_clerk_user_id_0
[13-Mar-2026 14:24:57 UTC] MySQL update params: {"clerk_user_id":"user_3AhnQJV5XslRK9dMtMXyCieGbiA","email":"ptrigol@gmail.com","name":"Pablo Trigo","is_pro":0,"pro_status_source":null,"subscription_id":null,"last_login":"2026-03-13 14:24:57","updated_at":"2026-03-13 14:24:57","where_clerk_user_id_0":"user_3AhnQJV5XslRK9dMtMXyCieGbiA"}
[13-Mar-2026 14:24:57 UTC] MySQL update affected rows: 1
[13-Mar-2026 14:24:57 UTC] MySQL select query: SELECT * FROM `users` WHERE `clerk_user_id` = :where_clerk_user_id_0
[13-Mar-2026 14:24:57 UTC] MySQL select params: {"where_clerk_user_id_0":"user_3AhnQJV5XslRK9dMtMXyCieGbiA"}
[13-Mar-2026 14:24:57 UTC] MySQL select returned 1 rows
[13-Mar-2026 14:24:57 UTC] User updated successfully: [{"id":2,"clerk_user_id":"user_3AhnQJV5XslRK9dMtMXyCieGbiA","email":"ptrigol@gmail.com","name":"Pablo Trigo","is_pro":0,"pro_status_source":null,"subscription_id":null,"last_login":"2026-03-13T14:24:57.000Z","created_at":"2026-03-09T10:58:19.000Z","updated_at":"2026-03-13T14:24:57.000Z"}]
[13-Mar-2026 14:24:57 UTC] syncClerkSession - User created/updated successfully: user_3AhnQJV5XslRK9dMtMXyCieGbiA
[13-Mar-2026 14:24:57 UTC] MySQL select query: SELECT `id` FROM `users` WHERE `clerk_user_id` = :where_clerk_user_id_0
[13-Mar-2026 14:24:57 UTC] MySQL select params: {"where_clerk_user_id_0":"user_3AhnQJV5XslRK9dMtMXyCieGbiA"}
[13-Mar-2026 14:24:57 UTC] MySQL select returned 1 rows
[13-Mar-2026 14:24:57 UTC] MySQL select query: SELECT * FROM `user_pages` WHERE `id` = :where_id_0 AND `user_id` = :where_user_id_1
[13-Mar-2026 14:24:57 UTC] MySQL select params: {"where_id_0":"9c8ec1a8-1ecd-11f1-8378-d85ed359730c","where_user_id_1":2}
[13-Mar-2026 14:24:57 UTC] MySQL select returned 1 rows
[13-Mar-2026 14:24:58 UTC] Pages API - Incoming request - Method: GET, Payload size: 0 bytes (0 KB)
[13-Mar-2026 14:24:58 UTC] Pages API - Method: GET
[13-Mar-2026 14:24:58 UTC] Pages API - clerk_user_id from request: null
[13-Mar-2026 14:24:58 UTC] Pages API - clerk_user_id from session: null
[13-Mar-2026 14:24:58 UTC] Pages API - Using clerk_user_id: null
[13-Mar-2026 14:24:58 UTC] Pages API - ERROR: No clerk_user_id found in session or request
[13-Mar-2026 14:24:58 UTC] Pages API error: User not authenticated
[13-Mar-2026 14:25:00 UTC] Successfully loaded .env from: C:\Users\Pablo\Documents\GitHub\nine-screen-canvas-flow/.env
[13-Mar-2026 14:25:00 UTC] PHP Deprecated:  chr(): Providing a value not in-between 0 and 255 is deprecated, this is because a byte value must be in the [0, 255] interval. The value used will be constrained using % 256 in C:\Users\Pablo\Documents\GitHub\nine-screen-canvas-flow\vendor\phpseclib\phpseclib\phpseclib\Math\BigInteger\Engines\BCMath.php on line 157
[13-Mar-2026 14:25:00 UTC] PHP Deprecated:  chr(): Providing a value not in-between 0 and 255 is deprecated, this is because a byte value must be in the [0, 255] interval. The value used will be constrained using % 256 in C:\Users\Pablo\Documents\GitHub\nine-screen-canvas-flow\vendor\phpseclib\phpseclib\phpseclib\Math\BigInteger\Engines\BCMath.php on line 157
[13-Mar-2026 14:25:00 UTC] PHP Deprecated:  chr(): Providing a value not in-between 0 and 255 is deprecated, this is because a byte value must be in the [0, 255] interval. The value used will be constrained using % 256 in C:\Users\Pablo\Documents\GitHub\nine-screen-canvas-flow\vendor\phpseclib\phpseclib\phpseclib\Math\BigInteger\Engines\BCMath.php on line 157
[13-Mar-2026 14:25:00 UTC] PHP Deprecated:  chr(): Providing a value not in-between 0 and 255 is deprecated, this is because a byte value must be in the [0, 255] interval. The value used will be constrained using % 256 in C:\Users\Pablo\Documents\GitHub\nine-screen-canvas-flow\vendor\phpseclib\phpseclib\phpseclib\Math\BigInteger\Engines\BCMath.php on line 157
[13-Mar-2026 14:25:00 UTC] PHP Deprecated:  chr(): Providing a value not in-between 0 and 255 is deprecated, this is because a byte value must be in the [0, 255] interval. The value used will be constrained using % 256 in C:\Users\Pablo\Documents\GitHub\nine-screen-canvas-flow\vendor\phpseclib\phpseclib\phpseclib\Math\BigInteger\Engines\BCMath.php on line 157
[13-Mar-2026 14:25:00 UTC] PHP Deprecated:  chr(): Providing a value not in-between 0 and 255 is deprecated, this is because a byte value must be in the [0, 255] interval. The value used will be constrained using % 256 in C:\Users\Pablo\Documents\GitHub\nine-screen-canvas-flow\vendor\phpseclib\phpseclib\phpseclib\Math\BigInteger\Engines\BCMath.php on line 157
[13-Mar-2026 14:25:00 UTC] PHP Deprecated:  chr(): Providing a value not in-between 0 and 255 is deprecated, this is because a byte value must be in the [0, 255] interval. The value used will be constrained using % 256 in C:\Users\Pablo\Documents\GitHub\nine-screen-canvas-flow\vendor\phpseclib\phpseclib\phpseclib\Math\BigInteger\Engines\BCMath.php on line 157
[13-Mar-2026 14:25:00 UTC] PHP Deprecated:  chr(): Providing a value not in-between 0 and 255 is deprecated, this is because a byte value must be in the [0, 255] interval. The value used will be constrained using % 256 in C:\Users\Pablo\Documents\GitHub\nine-screen-canvas-flow\vendor\phpseclib\phpseclib\phpseclib\Math\BigInteger\Engines\BCMath.php on line 157
[13-Mar-2026 14:25:00 UTC] PHP Deprecated:  chr(): Providing a value not in-between 0 and 255 is deprecated, this is because a byte value must be in the [0, 255] interval. The value used will be constrained using % 256 in C:\Users\Pablo\Documents\GitHub\nine-screen-canvas-flow\vendor\phpseclib\phpseclib\phpseclib\Math\BigInteger\Engines\BCMath.php on line 157
[13-Mar-2026 14:25:00 UTC] PHP Deprecated:  chr(): Providing a value not in-between 0 and 255 is deprecated, this is because a byte value must be in the [0, 255] interval. The value used will be constrained using % 256 in C:\Users\Pablo\Documents\GitHub\nine-screen-canvas-flow\vendor\phpseclib\phpseclib\phpseclib\Math\BigInteger\Engines\BCMath.php on line 157
[13-Mar-2026 14:25:00 UTC] PHP Deprecated:  chr(): Providing a value not in-between 0 and 255 is deprecated, this is because a byte value must be in the [0, 255] interval. The value used will be constrained using % 256 in C:\Users\Pablo\Documents\GitHub\nine-screen-canvas-flow\vendor\phpseclib\phpseclib\phpseclib\Math\BigInteger\Engines\BCMath.php on line 157
[13-Mar-2026 14:25:00 UTC] PHP Deprecated:  chr(): Providing a value not in-between 0 and 255 is deprecated, this is because a byte value must be in the [0, 255] interval. The value used will be constrained using % 256 in C:\Users\Pablo\Documents\GitHub\nine-screen-canvas-flow\vendor\phpseclib\phpseclib\phpseclib\Math\BigInteger\Engines\BCMath.php on line 157
[13-Mar-2026 14:25:00 UTC] PHP Deprecated:  chr(): Providing a value not in-between 0 and 255 is deprecated, this is because a byte value must be in the [0, 255] interval. The value used will be constrained using % 256 in C:\Users\Pablo\Documents\GitHub\nine-screen-canvas-flow\vendor\phpseclib\phpseclib\phpseclib\Math\BigInteger\Engines\BCMath.php on line 157
[13-Mar-2026 14:25:00 UTC] PHP Deprecated:  chr(): Providing a value not in-between 0 and 255 is deprecated, this is because a byte value must be in the [0, 255] interval. The value used will be constrained using % 256 in C:\Users\Pablo\Documents\GitHub\nine-screen-canvas-flow\vendor\phpseclib\phpseclib\phpseclib\Math\BigInteger\Engines\BCMath.php on line 157
[13-Mar-2026 14:25:00 UTC] PHP Deprecated:  chr(): Providing a value not in-between 0 and 255 is deprecated, this is because a byte value must be in the [0, 255] interval. The value used will be constrained using % 256 in C:\Users\Pablo\Documents\GitHub\nine-screen-canvas-flow\vendor\phpseclib\phpseclib\phpseclib\Math\BigInteger\Engines\BCMath.php on line 157
[13-Mar-2026 14:25:00 UTC] PHP Deprecated:  chr(): Providing a value not in-between 0 and 255 is deprecated, this is because a byte value must be in the [0, 255] interval. The value used will be constrained using % 256 in C:\Users\Pablo\Documents\GitHub\nine-screen-canvas-flow\vendor\phpseclib\phpseclib\phpseclib\Math\BigInteger\Engines\BCMath.php on line 157
[13-Mar-2026 14:25:00 UTC] PHP Deprecated:  chr(): Providing a value not in-between 0 and 255 is deprecated, this is because a byte value must be in the [0, 255] interval. The value used will be constrained using % 256 in C:\Users\Pablo\Documents\GitHub\nine-screen-canvas-flow\vendor\phpseclib\phpseclib\phpseclib\Math\BigInteger\Engines\BCMath.php on line 157
[13-Mar-2026 14:25:00 UTC] PHP Deprecated:  chr(): Providing a value not in-between 0 and 255 is deprecated, this is because a byte value must be in the [0, 255] interval. The value used will be constrained using % 256 in C:\Users\Pablo\Documents\GitHub\nine-screen-canvas-flow\vendor\phpseclib\phpseclib\phpseclib\Math\BigInteger\Engines\BCMath.php on line 157
[13-Mar-2026 14:25:00 UTC] PHP Deprecated:  chr(): Providing a value not in-between 0 and 255 is deprecated, this is because a byte value must be in the [0, 255] interval. The value used will be constrained using % 256 in C:\Users\Pablo\Documents\GitHub\nine-screen-canvas-flow\vendor\phpseclib\phpseclib\phpseclib\Math\BigInteger\Engines\BCMath.php on line 157
[13-Mar-2026 14:25:00 UTC] PHP Deprecated:  chr(): Providing a value not in-between 0 and 255 is deprecated, this is because a byte value must be in the [0, 255] interval. The value used will be constrained using % 256 in C:\Users\Pablo\Documents\GitHub\nine-screen-canvas-flow\vendor\phpseclib\phpseclib\phpseclib\Math\BigInteger\Engines\BCMath.php on line 157
[13-Mar-2026 14:25:00 UTC] PHP Deprecated:  chr(): Providing a value not in-between 0 and 255 is deprecated, this is because a byte value must be in the [0, 255] interval. The value used will be constrained using % 256 in C:\Users\Pablo\Documents\GitHub\nine-screen-canvas-flow\vendor\phpseclib\phpseclib\phpseclib\Math\BigInteger\Engines\BCMath.php on line 157
[13-Mar-2026 14:25:00 UTC] PHP Deprecated:  chr(): Providing a value not in-between 0 and 255 is deprecated, this is because a byte value must be in the [0, 255] interval. The value used will be constrained using % 256 in C:\Users\Pablo\Documents\GitHub\nine-screen-canvas-flow\vendor\phpseclib\phpseclib\phpseclib\Math\BigInteger\Engines\BCMath.php on line 157
[13-Mar-2026 14:25:00 UTC] PHP Deprecated:  chr(): Providing a value not in-between 0 and 255 is deprecated, this is because a byte value must be in the [0, 255] interval. The value used will be constrained using % 256 in C:\Users\Pablo\Documents\GitHub\nine-screen-canvas-flow\vendor\phpseclib\phpseclib\phpseclib\Math\BigInteger\Engines\BCMath.php on line 157
[13-Mar-2026 14:25:00 UTC] PHP Deprecated:  chr(): Providing a value not in-between 0 and 255 is deprecated, this is because a byte value must be in the [0, 255] interval. The value used will be constrained using % 256 in C:\Users\Pablo\Documents\GitHub\nine-screen-canvas-flow\vendor\phpseclib\phpseclib\phpseclib\Math\BigInteger\Engines\BCMath.php on line 157
[13-Mar-2026 14:25:00 UTC] PHP Deprecated:  chr(): Providing a value not in-between 0 and 255 is deprecated, this is because a byte value must be in the [0, 255] interval. The value used will be constrained using % 256 in C:\Users\Pablo\Documents\GitHub\nine-screen-canvas-flow\vendor\phpseclib\phpseclib\phpseclib\Math\BigInteger\Engines\BCMath.php on line 157
[13-Mar-2026 14:25:00 UTC] PHP Deprecated:  chr(): Providing a value not in-between 0 and 255 is deprecated, this is because a byte value must be in the [0, 255] interval. The value used will be constrained using % 256 in C:\Users\Pablo\Documents\GitHub\nine-screen-canvas-flow\vendor\phpseclib\phpseclib\phpseclib\Math\BigInteger\Engines\BCMath.php on line 157
[13-Mar-2026 14:25:00 UTC] PHP Deprecated:  chr(): Providing a value not in-between 0 and 255 is deprecated, this is because a byte value must be in the [0, 255] interval. The value used will be constrained using % 256 in C:\Users\Pablo\Documents\GitHub\nine-screen-canvas-flow\vendor\phpseclib\phpseclib\phpseclib\Math\BigInteger\Engines\BCMath.php on line 157
[13-Mar-2026 14:25:00 UTC] PHP Deprecated:  chr(): Providing a value not in-between 0 and 255 is deprecated, this is because a byte value must be in the [0, 255] interval. The value used will be constrained using % 256 in C:\Users\Pablo\Documents\GitHub\nine-screen-canvas-flow\vendor\phpseclib\phpseclib\phpseclib\Math\BigInteger\Engines\BCMath.php on line 157
[13-Mar-2026 14:25:00 UTC] PHP Deprecated:  chr(): Providing a value not in-between 0 and 255 is deprecated, this is because a byte value must be in the [0, 255] interval. The value used will be constrained using % 256 in C:\Users\Pablo\Documents\GitHub\nine-screen-canvas-flow\vendor\phpseclib\phpseclib\phpseclib\Math\BigInteger\Engines\BCMath.php on line 157
[13-Mar-2026 14:25:00 UTC] PHP Deprecated:  chr(): Providing a value not in-between 0 and 255 is deprecated, this is because a byte value must be in the [0, 255] interval. The value used will be constrained using % 256 in C:\Users\Pablo\Documents\GitHub\nine-screen-canvas-flow\vendor\phpseclib\phpseclib\phpseclib\Math\BigInteger\Engines\BCMath.php on line 157
[13-Mar-2026 14:25:00 UTC] PHP Deprecated:  chr(): Providing a value not in-between 0 and 255 is deprecated, this is because a byte value must be in the [0, 255] interval. The value used will be constrained using % 256 in C:\Users\Pablo\Documents\GitHub\nine-screen-canvas-flow\vendor\phpseclib\phpseclib\phpseclib\Math\BigInteger\Engines\BCMath.php on line 157
[13-Mar-2026 14:25:00 UTC] PHP Deprecated:  chr(): Providing a value not in-between 0 and 255 is deprecated, this is because a byte value must be in the [0, 255] interval. The value used will be constrained using % 256 in C:\Users\Pablo\Documents\GitHub\nine-screen-canvas-flow\vendor\phpseclib\phpseclib\phpseclib\Math\BigInteger\Engines\BCMath.php on line 157
[13-Mar-2026 14:25:00 UTC] PHP Deprecated:  chr(): Providing a value not in-between 0 and 255 is deprecated, this is because a byte value must be in the [0, 255] interval. The value used will be constrained using % 256 in C:\Users\Pablo\Documents\GitHub\nine-screen-canvas-flow\vendor\phpseclib\phpseclib\phpseclib\Math\BigInteger\Engines\BCMath.php on line 157
[13-Mar-2026 14:25:00 UTC] PHP Deprecated:  chr(): Providing a value not in-between 0 and 255 is deprecated, this is because a byte value must be in the [0, 255] interval. The value used will be constrained using % 256 in C:\Users\Pablo\Documents\GitHub\nine-screen-canvas-flow\vendor\phpseclib\phpseclib\phpseclib\Math\BigInteger\Engines\BCMath.php on line 157
[13-Mar-2026 14:25:00 UTC] PHP Deprecated:  chr(): Providing a value not in-between 0 and 255 is deprecated, this is because a byte value must be in the [0, 255] interval. The value used will be constrained using % 256 in C:\Users\Pablo\Documents\GitHub\nine-screen-canvas-flow\vendor\phpseclib\phpseclib\phpseclib\Math\BigInteger\Engines\BCMath.php on line 157
[13-Mar-2026 14:25:00 UTC] PHP Deprecated:  chr(): Providing a value not in-between 0 and 255 is deprecated, this is because a byte value must be in the [0, 255] interval. The value used will be constrained using % 256 in C:\Users\Pablo\Documents\GitHub\nine-screen-canvas-flow\vendor\phpseclib\phpseclib\phpseclib\Math\BigInteger\Engines\BCMath.php on line 157
[13-Mar-2026 14:25:00 UTC] PHP Deprecated:  chr(): Providing a value not in-between 0 and 255 is deprecated, this is because a byte value must be in the [0, 255] interval. The value used will be constrained using % 256 in C:\Users\Pablo\Documents\GitHub\nine-screen-canvas-flow\vendor\phpseclib\phpseclib\phpseclib\Math\BigInteger\Engines\BCMath.php on line 157
[13-Mar-2026 14:25:00 UTC] PHP Deprecated:  chr(): Providing a value not in-between 0 and 255 is deprecated, this is because a byte value must be in the [0, 255] interval. The value used will be constrained using % 256 in C:\Users\Pablo\Documents\GitHub\nine-screen-canvas-flow\vendor\phpseclib\phpseclib\phpseclib\Math\BigInteger\Engines\BCMath.php on line 157
[13-Mar-2026 14:25:00 UTC] PHP Deprecated:  chr(): Providing a value not in-between 0 and 255 is deprecated, this is because a byte value must be in the [0, 255] interval. The value used will be constrained using % 256 in C:\Users\Pablo\Documents\GitHub\nine-screen-canvas-flow\vendor\phpseclib\phpseclib\phpseclib\Math\BigInteger\Engines\BCMath.php on line 157
[13-Mar-2026 14:25:00 UTC] PHP Deprecated:  chr(): Providing a value not in-between 0 and 255 is deprecated, this is because a byte value must be in the [0, 255] interval. The value used will be constrained using % 256 in C:\Users\Pablo\Documents\GitHub\nine-screen-canvas-flow\vendor\phpseclib\phpseclib\phpseclib\Math\BigInteger\Engines\BCMath.php on line 157
[13-Mar-2026 14:25:00 UTC] PHP Deprecated:  chr(): Providing a value not in-between 0 and 255 is deprecated, this is because a byte value must be in the [0, 255] interval. The value used will be constrained using % 256 in C:\Users\Pablo\Documents\GitHub\nine-screen-canvas-flow\vendor\phpseclib\phpseclib\phpseclib\Math\BigInteger\Engines\BCMath.php on line 157
[13-Mar-2026 14:25:00 UTC] PHP Deprecated:  chr(): Providing a value not in-between 0 and 255 is deprecated, this is because a byte value must be in the [0, 255] interval. The value used will be constrained using % 256 in C:\Users\Pablo\Documents\GitHub\nine-screen-canvas-flow\vendor\phpseclib\phpseclib\phpseclib\Math\BigInteger\Engines\BCMath.php on line 157
[13-Mar-2026 14:25:00 UTC] PHP Deprecated:  chr(): Providing a value not in-between 0 and 255 is deprecated, this is because a byte value must be in the [0, 255] interval. The value used will be constrained using % 256 in C:\Users\Pablo\Documents\GitHub\nine-screen-canvas-flow\vendor\phpseclib\phpseclib\phpseclib\Math\BigInteger\Engines\BCMath.php on line 157
[13-Mar-2026 14:25:00 UTC] PHP Deprecated:  chr(): Providing a value not in-between 0 and 255 is deprecated, this is because a byte value must be in the [0, 255] interval. The value used will be constrained using % 256 in C:\Users\Pablo\Documents\GitHub\nine-screen-canvas-flow\vendor\phpseclib\phpseclib\phpseclib\Math\BigInteger\Engines\BCMath.php on line 157
[13-Mar-2026 14:25:00 UTC] PHP Deprecated:  chr(): Providing a value not in-between 0 and 255 is deprecated, this is because a byte value must be in the [0, 255] interval. The value used will be constrained using % 256 in C:\Users\Pablo\Documents\GitHub\nine-screen-canvas-flow\vendor\phpseclib\phpseclib\phpseclib\Math\BigInteger\Engines\BCMath.php on line 157
[13-Mar-2026 14:25:00 UTC] PHP Deprecated:  chr(): Providing a value not in-between 0 and 255 is deprecated, this is because a byte value must be in the [0, 255] interval. The value used will be constrained using % 256 in C:\Users\Pablo\Documents\GitHub\nine-screen-canvas-flow\vendor\phpseclib\phpseclib\phpseclib\Math\BigInteger\Engines\BCMath.php on line 157
[13-Mar-2026 14:25:00 UTC] PHP Deprecated:  chr(): Providing a value not in-between 0 and 255 is deprecated, this is because a byte value must be in the [0, 255] interval. The value used will be constrained using % 256 in C:\Users\Pablo\Documents\GitHub\nine-screen-canvas-flow\vendor\phpseclib\phpseclib\phpseclib\Math\BigInteger\Engines\BCMath.php on line 157
[13-Mar-2026 14:25:00 UTC] PHP Deprecated:  chr(): Providing a value not in-between 0 and 255 is deprecated, this is because a byte value must be in the [0, 255] interval. The value used will be constrained using % 256 in C:\Users\Pablo\Documents\GitHub\nine-screen-canvas-flow\vendor\phpseclib\phpseclib\phpseclib\Math\BigInteger\Engines\BCMath.php on line 157
[13-Mar-2026 14:25:00 UTC] PHP Deprecated:  chr(): Providing a value not in-between 0 and 255 is deprecated, this is because a byte value must be in the [0, 255] interval. The value used will be constrained using % 256 in C:\Users\Pablo\Documents\GitHub\nine-screen-canvas-flow\vendor\phpseclib\phpseclib\phpseclib\Math\BigInteger\Engines\BCMath.php on line 157
[13-Mar-2026 14:25:00 UTC] PHP Deprecated:  chr(): Providing a value not in-between 0 and 255 is deprecated, this is because a byte value must be in the [0, 255] interval. The value used will be constrained using % 256 in C:\Users\Pablo\Documents\GitHub\nine-screen-canvas-flow\vendor\phpseclib\phpseclib\phpseclib\Math\BigInteger\Engines\BCMath.php on line 157
[13-Mar-2026 14:25:00 UTC] PHP Deprecated:  chr(): Providing a value not in-between 0 and 255 is deprecated, this is because a byte value must be in the [0, 255] interval. The value used will be constrained using % 256 in C:\Users\Pablo\Documents\GitHub\nine-screen-canvas-flow\vendor\phpseclib\phpseclib\phpseclib\Math\BigInteger\Engines\BCMath.php on line 157
[13-Mar-2026 14:25:00 UTC] PHP Deprecated:  chr(): Providing a value not in-between 0 and 255 is deprecated, this is because a byte value must be in the [0, 255] interval. The value used will be constrained using % 256 in C:\Users\Pablo\Documents\GitHub\nine-screen-canvas-flow\vendor\phpseclib\phpseclib\phpseclib\Math\BigInteger\Engines\BCMath.php on line 157
[13-Mar-2026 14:25:00 UTC] PHP Deprecated:  chr(): Providing a value not in-between 0 and 255 is deprecated, this is because a byte value must be in the [0, 255] interval. The value used will be constrained using % 256 in C:\Users\Pablo\Documents\GitHub\nine-screen-canvas-flow\vendor\phpseclib\phpseclib\phpseclib\Math\BigInteger\Engines\BCMath.php on line 157
[13-Mar-2026 14:25:00 UTC] PHP Deprecated:  chr(): Providing a value not in-between 0 and 255 is deprecated, this is because a byte value must be in the [0, 255] interval. The value used will be constrained using % 256 in C:\Users\Pablo\Documents\GitHub\nine-screen-canvas-flow\vendor\phpseclib\phpseclib\phpseclib\Math\BigInteger\Engines\BCMath.php on line 157
[13-Mar-2026 14:25:00 UTC] PHP Deprecated:  chr(): Providing a value not in-between 0 and 255 is deprecated, this is because a byte value must be in the [0, 255] interval. The value used will be constrained using % 256 in C:\Users\Pablo\Documents\GitHub\nine-screen-canvas-flow\vendor\phpseclib\phpseclib\phpseclib\Math\BigInteger\Engines\BCMath.php on line 157
[13-Mar-2026 14:25:00 UTC] PHP Deprecated:  chr(): Providing a value not in-between 0 and 255 is deprecated, this is because a byte value must be in the [0, 255] interval. The value used will be constrained using % 256 in C:\Users\Pablo\Documents\GitHub\nine-screen-canvas-flow\vendor\phpseclib\phpseclib\phpseclib\Math\BigInteger\Engines\BCMath.php on line 157
[13-Mar-2026 14:25:00 UTC] PHP Deprecated:  chr(): Providing a value not in-between 0 and 255 is deprecated, this is because a byte value must be in the [0, 255] interval. The value used will be constrained using % 256 in C:\Users\Pablo\Documents\GitHub\nine-screen-canvas-flow\vendor\phpseclib\phpseclib\phpseclib\Math\BigInteger\Engines\BCMath.php on line 157
[13-Mar-2026 14:25:00 UTC] PHP Deprecated:  chr(): Providing a value not in-between 0 and 255 is deprecated, this is because a byte value must be in the [0, 255] interval. The value used will be constrained using % 256 in C:\Users\Pablo\Documents\GitHub\nine-screen-canvas-flow\vendor\phpseclib\phpseclib\phpseclib\Math\BigInteger\Engines\BCMath.php on line 157
[13-Mar-2026 14:25:00 UTC] PHP Deprecated:  chr(): Providing a value not in-between 0 and 255 is deprecated, this is because a byte value must be in the [0, 255] interval. The value used will be constrained using % 256 in C:\Users\Pablo\Documents\GitHub\nine-screen-canvas-flow\vendor\phpseclib\phpseclib\phpseclib\Math\BigInteger\Engines\BCMath.php on line 157
[13-Mar-2026 14:25:00 UTC] PHP Deprecated:  chr(): Providing a value not in-between 0 and 255 is deprecated, this is because a byte value must be in the [0, 255] interval. The value used will be constrained using % 256 in C:\Users\Pablo\Documents\GitHub\nine-screen-canvas-flow\vendor\phpseclib\phpseclib\phpseclib\Math\BigInteger\Engines\BCMath.php on line 157
[13-Mar-2026 14:25:00 UTC] PHP Deprecated:  chr(): Providing a value not in-between 0 and 255 is deprecated, this is because a byte value must be in the [0, 255] interval. The value used will be constrained using % 256 in C:\Users\Pablo\Documents\GitHub\nine-screen-canvas-flow\vendor\phpseclib\phpseclib\phpseclib\Math\BigInteger\Engines\BCMath.php on line 157
[13-Mar-2026 14:25:00 UTC] PHP Deprecated:  chr(): Providing a value not in-between 0 and 255 is deprecated, this is because a byte value must be in the [0, 255] interval. The value used will be constrained using % 256 in C:\Users\Pablo\Documents\GitHub\nine-screen-canvas-flow\vendor\phpseclib\phpseclib\phpseclib\Math\BigInteger\Engines\BCMath.php on line 157
[13-Mar-2026 14:25:00 UTC] PHP Deprecated:  chr(): Providing a value not in-between 0 and 255 is deprecated, this is because a byte value must be in the [0, 255] interval. The value used will be constrained using % 256 in C:\Users\Pablo\Documents\GitHub\nine-screen-canvas-flow\vendor\phpseclib\phpseclib\phpseclib\Math\BigInteger\Engines\BCMath.php on line 157
[13-Mar-2026 14:25:00 UTC] PHP Deprecated:  chr(): Providing a value not in-between 0 and 255 is deprecated, this is because a byte value must be in the [0, 255] interval. The value used will be constrained using % 256 in C:\Users\Pablo\Documents\GitHub\nine-screen-canvas-flow\vendor\phpseclib\phpseclib\phpseclib\Math\BigInteger\Engines\BCMath.php on line 157
[13-Mar-2026 14:25:00 UTC] PHP Deprecated:  chr(): Providing a value not in-between 0 and 255 is deprecated, this is because a byte value must be in the [0, 255] interval. The value used will be constrained using % 256 in C:\Users\Pablo\Documents\GitHub\nine-screen-canvas-flow\vendor\phpseclib\phpseclib\phpseclib\Math\BigInteger\Engines\BCMath.php on line 157
[13-Mar-2026 14:25:00 UTC] PHP Deprecated:  chr(): Providing a value not in-between 0 and 255 is deprecated, this is because a byte value must be in the [0, 255] interval. The value used will be constrained using % 256 in C:\Users\Pablo\Documents\GitHub\nine-screen-canvas-flow\vendor\phpseclib\phpseclib\phpseclib\Math\BigInteger\Engines\BCMath.php on line 157
[13-Mar-2026 14:25:00 UTC] PHP Deprecated:  chr(): Providing a value not in-between 0 and 255 is deprecated, this is because a byte value must be in the [0, 255] interval. The value used will be constrained using % 256 in C:\Users\Pablo\Documents\GitHub\nine-screen-canvas-flow\vendor\phpseclib\phpseclib\phpseclib\Math\BigInteger\Engines\BCMath.php on line 157
[13-Mar-2026 14:25:00 UTC] PHP Deprecated:  chr(): Providing a value not in-between 0 and 255 is deprecated, this is because a byte value must be in the [0, 255] interval. The value used will be constrained using % 256 in C:\Users\Pablo\Documents\GitHub\nine-screen-canvas-flow\vendor\phpseclib\phpseclib\phpseclib\Math\BigInteger\Engines\BCMath.php on line 157
[13-Mar-2026 14:25:00 UTC] PHP Deprecated:  chr(): Providing a value not in-between 0 and 255 is deprecated, this is because a byte value must be in the [0, 255] interval. The value used will be constrained using % 256 in C:\Users\Pablo\Documents\GitHub\nine-screen-canvas-flow\vendor\phpseclib\phpseclib\phpseclib\Math\BigInteger\Engines\BCMath.php on line 157
[13-Mar-2026 14:25:00 UTC] PHP Deprecated:  chr(): Providing a value not in-between 0 and 255 is deprecated, this is because a byte value must be in the [0, 255] interval. The value used will be constrained using % 256 in C:\Users\Pablo\Documents\GitHub\nine-screen-canvas-flow\vendor\phpseclib\phpseclib\phpseclib\Math\BigInteger\Engines\BCMath.php on line 157
[13-Mar-2026 14:25:00 UTC] PHP Deprecated:  chr(): Providing a value not in-between 0 and 255 is deprecated, this is because a byte value must be in the [0, 255] interval. The value used will be constrained using % 256 in C:\Users\Pablo\Documents\GitHub\nine-screen-canvas-flow\vendor\phpseclib\phpseclib\phpseclib\Math\BigInteger\Engines\BCMath.php on line 157
[13-Mar-2026 14:25:00 UTC] PHP Deprecated:  chr(): Providing a value not in-between 0 and 255 is deprecated, this is because a byte value must be in the [0, 255] interval. The value used will be constrained using % 256 in C:\Users\Pablo\Documents\GitHub\nine-screen-canvas-flow\vendor\phpseclib\phpseclib\phpseclib\Math\BigInteger\Engines\BCMath.php on line 157
[13-Mar-2026 14:25:00 UTC] PHP Deprecated:  chr(): Providing a value not in-between 0 and 255 is deprecated, this is because a byte value must be in the [0, 255] interval. The value used will be constrained using % 256 in C:\Users\Pablo\Documents\GitHub\nine-screen-canvas-flow\vendor\phpseclib\phpseclib\phpseclib\Math\BigInteger\Engines\BCMath.php on line 157
[13-Mar-2026 14:25:00 UTC] PHP Deprecated:  chr(): Providing a value not in-between 0 and 255 is deprecated, this is because a byte value must be in the [0, 255] interval. The value used will be constrained using % 256 in C:\Users\Pablo\Documents\GitHub\nine-screen-canvas-flow\vendor\phpseclib\phpseclib\phpseclib\Math\BigInteger\Engines\BCMath.php on line 157
[13-Mar-2026 14:25:00 UTC] PHP Deprecated:  chr(): Providing a value not in-between 0 and 255 is deprecated, this is because a byte value must be in the [0, 255] interval. The value used will be constrained using % 256 in C:\Users\Pablo\Documents\GitHub\nine-screen-canvas-flow\vendor\phpseclib\phpseclib\phpseclib\Math\BigInteger\Engines\BCMath.php on line 157
[13-Mar-2026 14:25:00 UTC] PHP Deprecated:  chr(): Providing a value not in-between 0 and 255 is deprecated, this is because a byte value must be in the [0, 255] interval. The value used will be constrained using % 256 in C:\Users\Pablo\Documents\GitHub\nine-screen-canvas-flow\vendor\phpseclib\phpseclib\phpseclib\Math\BigInteger\Engines\BCMath.php on line 157
[13-Mar-2026 14:25:00 UTC] PHP Deprecated:  chr(): Providing a value not in-between 0 and 255 is deprecated, this is because a byte value must be in the [0, 255] interval. The value used will be constrained using % 256 in C:\Users\Pablo\Documents\GitHub\nine-screen-canvas-flow\vendor\phpseclib\phpseclib\phpseclib\Math\BigInteger\Engines\BCMath.php on line 157
[13-Mar-2026 14:25:00 UTC] PHP Deprecated:  chr(): Providing a value not in-between 0 and 255 is deprecated, this is because a byte value must be in the [0, 255] interval. The value used will be constrained using % 256 in C:\Users\Pablo\Documents\GitHub\nine-screen-canvas-flow\vendor\phpseclib\phpseclib\phpseclib\Math\BigInteger\Engines\BCMath.php on line 157
[13-Mar-2026 14:25:00 UTC] PHP Deprecated:  chr(): Providing a value not in-between 0 and 255 is deprecated, this is because a byte value must be in the [0, 255] interval. The value used will be constrained using % 256 in C:\Users\Pablo\Documents\GitHub\nine-screen-canvas-flow\vendor\phpseclib\phpseclib\phpseclib\Math\BigInteger\Engines\BCMath.php on line 157
[13-Mar-2026 14:25:00 UTC] PHP Deprecated:  chr(): Providing a value not in-between 0 and 255 is deprecated, this is because a byte value must be in the [0, 255] interval. The value used will be constrained using % 256 in C:\Users\Pablo\Documents\GitHub\nine-screen-canvas-flow\vendor\phpseclib\phpseclib\phpseclib\Math\BigInteger\Engines\BCMath.php on line 157
[13-Mar-2026 14:25:00 UTC] PHP Deprecated:  chr(): Providing a value not in-between 0 and 255 is deprecated, this is because a byte value must be in the [0, 255] interval. The value used will be constrained using % 256 in C:\Users\Pablo\Documents\GitHub\nine-screen-canvas-flow\vendor\phpseclib\phpseclib\phpseclib\Math\BigInteger\Engines\BCMath.php on line 157
[13-Mar-2026 14:25:00 UTC] PHP Deprecated:  chr(): Providing a value not in-between 0 and 255 is deprecated, this is because a byte value must be in the [0, 255] interval. The value used will be constrained using % 256 in C:\Users\Pablo\Documents\GitHub\nine-screen-canvas-flow\vendor\phpseclib\phpseclib\phpseclib\Math\BigInteger\Engines\BCMath.php on line 157
[13-Mar-2026 14:25:00 UTC] PHP Deprecated:  chr(): Providing a value not in-between 0 and 255 is deprecated, this is because a byte value must be in the [0, 255] interval. The value used will be constrained using % 256 in C:\Users\Pablo\Documents\GitHub\nine-screen-canvas-flow\vendor\phpseclib\phpseclib\phpseclib\Math\BigInteger\Engines\BCMath.php on line 157
[13-Mar-2026 14:25:00 UTC] PHP Deprecated:  chr(): Providing a value not in-between 0 and 255 is deprecated, this is because a byte value must be in the [0, 255] interval. The value used will be constrained using % 256 in C:\Users\Pablo\Documents\GitHub\nine-screen-canvas-flow\vendor\phpseclib\phpseclib\phpseclib\Math\BigInteger\Engines\BCMath.php on line 157
[13-Mar-2026 14:25:00 UTC] PHP Deprecated:  chr(): Providing a value not in-between 0 and 255 is deprecated, this is because a byte value must be in the [0, 255] interval. The value used will be constrained using % 256 in C:\Users\Pablo\Documents\GitHub\nine-screen-canvas-flow\vendor\phpseclib\phpseclib\phpseclib\Math\BigInteger\Engines\BCMath.php on line 157
[13-Mar-2026 14:25:00 UTC] PHP Deprecated:  chr(): Providing a value not in-between 0 and 255 is deprecated, this is because a byte value must be in the [0, 255] interval. The value used will be constrained using % 256 in C:\Users\Pablo\Documents\GitHub\nine-screen-canvas-flow\vendor\phpseclib\phpseclib\phpseclib\Math\BigInteger\Engines\BCMath.php on line 157
[13-Mar-2026 14:25:00 UTC] PHP Deprecated:  chr(): Providing a value not in-between 0 and 255 is deprecated, this is because a byte value must be in the [0, 255] interval. The value used will be constrained using % 256 in C:\Users\Pablo\Documents\GitHub\nine-screen-canvas-flow\vendor\phpseclib\phpseclib\phpseclib\Math\BigInteger\Engines\BCMath.php on line 157
[13-Mar-2026 14:25:00 UTC] PHP Deprecated:  chr(): Providing a value not in-between 0 and 255 is deprecated, this is because a byte value must be in the [0, 255] interval. The value used will be constrained using % 256 in C:\Users\Pablo\Documents\GitHub\nine-screen-canvas-flow\vendor\phpseclib\phpseclib\phpseclib\Math\BigInteger\Engines\BCMath.php on line 157
[13-Mar-2026 14:25:00 UTC] PHP Deprecated:  chr(): Providing a value not in-between 0 and 255 is deprecated, this is because a byte value must be in the [0, 255] interval. The value used will be constrained using % 256 in C:\Users\Pablo\Documents\GitHub\nine-screen-canvas-flow\vendor\phpseclib\phpseclib\phpseclib\Math\BigInteger\Engines\BCMath.php on line 157
[13-Mar-2026 14:25:00 UTC] PHP Deprecated:  chr(): Providing a value not in-between 0 and 255 is deprecated, this is because a byte value must be in the [0, 255] interval. The value used will be constrained using % 256 in C:\Users\Pablo\Documents\GitHub\nine-screen-canvas-flow\vendor\phpseclib\phpseclib\phpseclib\Math\BigInteger\Engines\BCMath.php on line 157
[13-Mar-2026 14:25:00 UTC] PHP Deprecated:  chr(): Providing a value not in-between 0 and 255 is deprecated, this is because a byte value must be in the [0, 255] interval. The value used will be constrained using % 256 in C:\Users\Pablo\Documents\GitHub\nine-screen-canvas-flow\vendor\phpseclib\phpseclib\phpseclib\Math\BigInteger\Engines\BCMath.php on line 157
[13-Mar-2026 14:25:00 UTC] PHP Deprecated:  chr(): Providing a value not in-between 0 and 255 is deprecated, this is because a byte value must be in the [0, 255] interval. The value used will be constrained using % 256 in C:\Users\Pablo\Documents\GitHub\nine-screen-canvas-flow\vendor\phpseclib\phpseclib\phpseclib\Math\BigInteger\Engines\BCMath.php on line 157
[13-Mar-2026 14:25:00 UTC] PHP Deprecated:  chr(): Providing a value not in-between 0 and 255 is deprecated, this is because a byte value must be in the [0, 255] interval. The value used will be constrained using % 256 in C:\Users\Pablo\Documents\GitHub\nine-screen-canvas-flow\vendor\phpseclib\phpseclib\phpseclib\Math\BigInteger\Engines\BCMath.php on line 157
[13-Mar-2026 14:25:00 UTC] PHP Deprecated:  chr(): Providing a value not in-between 0 and 255 is deprecated, this is because a byte value must be in the [0, 255] interval. The value used will be constrained using % 256 in C:\Users\Pablo\Documents\GitHub\nine-screen-canvas-flow\vendor\phpseclib\phpseclib\phpseclib\Math\BigInteger\Engines\BCMath.php on line 157
[13-Mar-2026 14:25:00 UTC] PHP Deprecated:  chr(): Providing a value not in-between 0 and 255 is deprecated, this is because a byte value must be in the [0, 255] interval. The value used will be constrained using % 256 in C:\Users\Pablo\Documents\GitHub\nine-screen-canvas-flow\vendor\phpseclib\phpseclib\phpseclib\Math\BigInteger\Engines\BCMath.php on line 157
[13-Mar-2026 14:25:00 UTC] PHP Deprecated:  chr(): Providing a value not in-between 0 and 255 is deprecated, this is because a byte value must be in the [0, 255] interval. The value used will be constrained using % 256 in C:\Users\Pablo\Documents\GitHub\nine-screen-canvas-flow\vendor\phpseclib\phpseclib\phpseclib\Math\BigInteger\Engines\BCMath.php on line 157
[13-Mar-2026 14:25:00 UTC] PHP Deprecated:  chr(): Providing a value not in-between 0 and 255 is deprecated, this is because a byte value must be in the [0, 255] interval. The value used will be constrained using % 256 in C:\Users\Pablo\Documents\GitHub\nine-screen-canvas-flow\vendor\phpseclib\phpseclib\phpseclib\Math\BigInteger\Engines\BCMath.php on line 157
[13-Mar-2026 14:25:00 UTC] PHP Deprecated:  chr(): Providing a value not in-between 0 and 255 is deprecated, this is because a byte value must be in the [0, 255] interval. The value used will be constrained using % 256 in C:\Users\Pablo\Documents\GitHub\nine-screen-canvas-flow\vendor\phpseclib\phpseclib\phpseclib\Math\BigInteger\Engines\BCMath.php on line 157
[13-Mar-2026 14:25:00 UTC] PHP Deprecated:  chr(): Providing a value not in-between 0 and 255 is deprecated, this is because a byte value must be in the [0, 255] interval. The value used will be constrained using % 256 in C:\Users\Pablo\Documents\GitHub\nine-screen-canvas-flow\vendor\phpseclib\phpseclib\phpseclib\Math\BigInteger\Engines\BCMath.php on line 157
[13-Mar-2026 14:25:00 UTC] PHP Deprecated:  chr(): Providing a value not in-between 0 and 255 is deprecated, this is because a byte value must be in the [0, 255] interval. The value used will be constrained using % 256 in C:\Users\Pablo\Documents\GitHub\nine-screen-canvas-flow\vendor\phpseclib\phpseclib\phpseclib\Math\BigInteger\Engines\BCMath.php on line 157
[13-Mar-2026 14:25:00 UTC] PHP Deprecated:  chr(): Providing a value not in-between 0 and 255 is deprecated, this is because a byte value must be in the [0, 255] interval. The value used will be constrained using % 256 in C:\Users\Pablo\Documents\GitHub\nine-screen-canvas-flow\vendor\phpseclib\phpseclib\phpseclib\Math\BigInteger\Engines\BCMath.php on line 157
[13-Mar-2026 14:25:00 UTC] PHP Deprecated:  chr(): Providing a value not in-between 0 and 255 is deprecated, this is because a byte value must be in the [0, 255] interval. The value used will be constrained using % 256 in C:\Users\Pablo\Documents\GitHub\nine-screen-canvas-flow\vendor\phpseclib\phpseclib\phpseclib\Math\BigInteger\Engines\BCMath.php on line 157
[13-Mar-2026 14:25:00 UTC] PHP Deprecated:  chr(): Providing a value not in-between 0 and 255 is deprecated, this is because a byte value must be in the [0, 255] interval. The value used will be constrained using % 256 in C:\Users\Pablo\Documents\GitHub\nine-screen-canvas-flow\vendor\phpseclib\phpseclib\phpseclib\Math\BigInteger\Engines\BCMath.php on line 157
[13-Mar-2026 14:25:00 UTC] PHP Deprecated:  chr(): Providing a value not in-between 0 and 255 is deprecated, this is because a byte value must be in the [0, 255] interval. The value used will be constrained using % 256 in C:\Users\Pablo\Documents\GitHub\nine-screen-canvas-flow\vendor\phpseclib\phpseclib\phpseclib\Math\BigInteger\Engines\BCMath.php on line 157
[13-Mar-2026 14:25:00 UTC] PHP Deprecated:  chr(): Providing a value not in-between 0 and 255 is deprecated, this is because a byte value must be in the [0, 255] interval. The value used will be constrained using % 256 in C:\Users\Pablo\Documents\GitHub\nine-screen-canvas-flow\vendor\phpseclib\phpseclib\phpseclib\Math\BigInteger\Engines\BCMath.php on line 157
[13-Mar-2026 14:25:00 UTC] PHP Deprecated:  chr(): Providing a value not in-between 0 and 255 is deprecated, this is because a byte value must be in the [0, 255] interval. The value used will be constrained using % 256 in C:\Users\Pablo\Documents\GitHub\nine-screen-canvas-flow\vendor\phpseclib\phpseclib\phpseclib\Math\BigInteger\Engines\BCMath.php on line 157
[13-Mar-2026 14:25:00 UTC] PHP Deprecated:  chr(): Providing a value not in-between 0 and 255 is deprecated, this is because a byte value must be in the [0, 255] interval. The value used will be constrained using % 256 in C:\Users\Pablo\Documents\GitHub\nine-screen-canvas-flow\vendor\phpseclib\phpseclib\phpseclib\Math\BigInteger\Engines\BCMath.php on line 157
[13-Mar-2026 14:25:00 UTC] PHP Deprecated:  chr(): Providing a value not in-between 0 and 255 is deprecated, this is because a byte value must be in the [0, 255] interval. The value used will be constrained using % 256 in C:\Users\Pablo\Documents\GitHub\nine-screen-canvas-flow\vendor\phpseclib\phpseclib\phpseclib\Math\BigInteger\Engines\BCMath.php on line 157
[13-Mar-2026 14:25:00 UTC] PHP Deprecated:  chr(): Providing a value not in-between 0 and 255 is deprecated, this is because a byte value must be in the [0, 255] interval. The value used will be constrained using % 256 in C:\Users\Pablo\Documents\GitHub\nine-screen-canvas-flow\vendor\phpseclib\phpseclib\phpseclib\Math\BigInteger\Engines\BCMath.php on line 157
[13-Mar-2026 14:25:00 UTC] PHP Deprecated:  chr(): Providing a value not in-between 0 and 255 is deprecated, this is because a byte value must be in the [0, 255] interval. The value used will be constrained using % 256 in C:\Users\Pablo\Documents\GitHub\nine-screen-canvas-flow\vendor\phpseclib\phpseclib\phpseclib\Math\BigInteger\Engines\BCMath.php on line 157
[13-Mar-2026 14:25:00 UTC] PHP Deprecated:  chr(): Providing a value not in-between 0 and 255 is deprecated, this is because a byte value must be in the [0, 255] interval. The value used will be constrained using % 256 in C:\Users\Pablo\Documents\GitHub\nine-screen-canvas-flow\vendor\phpseclib\phpseclib\phpseclib\Math\BigInteger\Engines\BCMath.php on line 157
[13-Mar-2026 14:25:00 UTC] PHP Deprecated:  chr(): Providing a value not in-between 0 and 255 is deprecated, this is because a byte value must be in the [0, 255] interval. The value used will be constrained using % 256 in C:\Users\Pablo\Documents\GitHub\nine-screen-canvas-flow\vendor\phpseclib\phpseclib\phpseclib\Math\BigInteger\Engines\BCMath.php on line 157
[13-Mar-2026 14:25:00 UTC] PHP Deprecated:  chr(): Providing a value not in-between 0 and 255 is deprecated, this is because a byte value must be in the [0, 255] interval. The value used will be constrained using % 256 in C:\Users\Pablo\Documents\GitHub\nine-screen-canvas-flow\vendor\phpseclib\phpseclib\phpseclib\Math\BigInteger\Engines\BCMath.php on line 157
[13-Mar-2026 14:25:00 UTC] PHP Deprecated:  chr(): Providing a value not in-between 0 and 255 is deprecated, this is because a byte value must be in the [0, 255] interval. The value used will be constrained using % 256 in C:\Users\Pablo\Documents\GitHub\nine-screen-canvas-flow\vendor\phpseclib\phpseclib\phpseclib\Math\BigInteger\Engines\BCMath.php on line 157
[13-Mar-2026 14:25:00 UTC] PHP Deprecated:  chr(): Providing a value not in-between 0 and 255 is deprecated, this is because a byte value must be in the [0, 255] interval. The value used will be constrained using % 256 in C:\Users\Pablo\Documents\GitHub\nine-screen-canvas-flow\vendor\phpseclib\phpseclib\phpseclib\Math\BigInteger\Engines\BCMath.php on line 157
[13-Mar-2026 14:25:00 UTC] PHP Deprecated:  chr(): Providing a value not in-between 0 and 255 is deprecated, this is because a byte value must be in the [0, 255] interval. The value used will be constrained using % 256 in C:\Users\Pablo\Documents\GitHub\nine-screen-canvas-flow\vendor\phpseclib\phpseclib\phpseclib\Math\BigInteger\Engines\BCMath.php on line 157
[13-Mar-2026 14:25:00 UTC] PHP Deprecated:  chr(): Providing a value not in-between 0 and 255 is deprecated, this is because a byte value must be in the [0, 255] interval. The value used will be constrained using % 256 in C:\Users\Pablo\Documents\GitHub\nine-screen-canvas-flow\vendor\phpseclib\phpseclib\phpseclib\Math\BigInteger\Engines\BCMath.php on line 157
[13-Mar-2026 14:25:00 UTC] PHP Deprecated:  chr(): Providing a value not in-between 0 and 255 is deprecated, this is because a byte value must be in the [0, 255] interval. The value used will be constrained using % 256 in C:\Users\Pablo\Documents\GitHub\nine-screen-canvas-flow\vendor\phpseclib\phpseclib\phpseclib\Math\BigInteger\Engines\BCMath.php on line 157
[13-Mar-2026 14:25:00 UTC] PHP Deprecated:  chr(): Providing a value not in-between 0 and 255 is deprecated, this is because a byte value must be in the [0, 255] interval. The value used will be constrained using % 256 in C:\Users\Pablo\Documents\GitHub\nine-screen-canvas-flow\vendor\phpseclib\phpseclib\phpseclib\Math\BigInteger\Engines\BCMath.php on line 157
[13-Mar-2026 14:25:00 UTC] PHP Deprecated:  chr(): Providing a value not in-between 0 and 255 is deprecated, this is because a byte value must be in the [0, 255] interval. The value used will be constrained using % 256 in C:\Users\Pablo\Documents\GitHub\nine-screen-canvas-flow\vendor\phpseclib\phpseclib\phpseclib\Math\BigInteger\Engines\BCMath.php on line 157
[13-Mar-2026 14:25:00 UTC] PHP Deprecated:  chr(): Providing a value not in-between 0 and 255 is deprecated, this is because a byte value must be in the [0, 255] interval. The value used will be constrained using % 256 in C:\Users\Pablo\Documents\GitHub\nine-screen-canvas-flow\vendor\phpseclib\phpseclib\phpseclib\Math\BigInteger\Engines\BCMath.php on line 157
[13-Mar-2026 14:25:00 UTC] PHP Deprecated:  chr(): Providing a value not in-between 0 and 255 is deprecated, this is because a byte value must be in the [0, 255] interval. The value used will be constrained using % 256 in C:\Users\Pablo\Documents\GitHub\nine-screen-canvas-flow\vendor\phpseclib\phpseclib\phpseclib\Math\BigInteger\Engines\BCMath.php on line 157
[13-Mar-2026 14:25:00 UTC] PHP Deprecated:  chr(): Providing a value not in-between 0 and 255 is deprecated, this is because a byte value must be in the [0, 255] interval. The value used will be constrained using % 256 in C:\Users\Pablo\Documents\GitHub\nine-screen-canvas-flow\vendor\phpseclib\phpseclib\phpseclib\Math\BigInteger\Engines\BCMath.php on line 157
[13-Mar-2026 14:25:00 UTC] PHP Deprecated:  chr(): Providing a value not in-between 0 and 255 is deprecated, this is because a byte value must be in the [0, 255] interval. The value used will be constrained using % 256 in C:\Users\Pablo\Documents\GitHub\nine-screen-canvas-flow\vendor\phpseclib\phpseclib\phpseclib\Math\BigInteger\Engines\BCMath.php on line 157
[13-Mar-2026 14:25:00 UTC] PHP Deprecated:  chr(): Providing a value not in-between 0 and 255 is deprecated, this is because a byte value must be in the [0, 255] interval. The value used will be constrained using % 256 in C:\Users\Pablo\Documents\GitHub\nine-screen-canvas-flow\vendor\phpseclib\phpseclib\phpseclib\Math\BigInteger\Engines\BCMath.php on line 157
[13-Mar-2026 14:25:00 UTC] PHP Deprecated:  chr(): Providing a value not in-between 0 and 255 is deprecated, this is because a byte value must be in the [0, 255] interval. The value used will be constrained using % 256 in C:\Users\Pablo\Documents\GitHub\nine-screen-canvas-flow\vendor\phpseclib\phpseclib\phpseclib\Math\BigInteger\Engines\BCMath.php on line 157
[13-Mar-2026 14:25:00 UTC] PHP Deprecated:  chr(): Providing a value not in-between 0 and 255 is deprecated, this is because a byte value must be in the [0, 255] interval. The value used will be constrained using % 256 in C:\Users\Pablo\Documents\GitHub\nine-screen-canvas-flow\vendor\phpseclib\phpseclib\phpseclib\Math\BigInteger\Engines\BCMath.php on line 157
[13-Mar-2026 14:25:00 UTC] PHP Deprecated:  chr(): Providing a value not in-between 0 and 255 is deprecated, this is because a byte value must be in the [0, 255] interval. The value used will be constrained using % 256 in C:\Users\Pablo\Documents\GitHub\nine-screen-canvas-flow\vendor\phpseclib\phpseclib\phpseclib\Math\BigInteger\Engines\BCMath.php on line 157
[13-Mar-2026 14:25:00 UTC] PHP Deprecated:  chr(): Providing a value not in-between 0 and 255 is deprecated, this is because a byte value must be in the [0, 255] interval. The value used will be constrained using % 256 in C:\Users\Pablo\Documents\GitHub\nine-screen-canvas-flow\vendor\phpseclib\phpseclib\phpseclib\Math\BigInteger\Engines\BCMath.php on line 157
[13-Mar-2026 14:25:00 UTC] PHP Deprecated:  chr(): Providing a value not in-between 0 and 255 is deprecated, this is because a byte value must be in the [0, 255] interval. The value used will be constrained using % 256 in C:\Users\Pablo\Documents\GitHub\nine-screen-canvas-flow\vendor\phpseclib\phpseclib\phpseclib\Math\BigInteger\Engines\BCMath.php on line 157
[13-Mar-2026 14:25:00 UTC] PHP Deprecated:  chr(): Providing a value not in-between 0 and 255 is deprecated, this is because a byte value must be in the [0, 255] interval. The value used will be constrained using % 256 in C:\Users\Pablo\Documents\GitHub\nine-screen-canvas-flow\vendor\phpseclib\phpseclib\phpseclib\Math\BigInteger\Engines\BCMath.php on line 157
[13-Mar-2026 14:25:00 UTC] PHP Deprecated:  chr(): Providing a value not in-between 0 and 255 is deprecated, this is because a byte value must be in the [0, 255] interval. The value used will be constrained using % 256 in C:\Users\Pablo\Documents\GitHub\nine-screen-canvas-flow\vendor\phpseclib\phpseclib\phpseclib\Math\BigInteger\Engines\BCMath.php on line 157
[13-Mar-2026 14:25:00 UTC] PHP Deprecated:  chr(): Providing a value not in-between 0 and 255 is deprecated, this is because a byte value must be in the [0, 255] interval. The value used will be constrained using % 256 in C:\Users\Pablo\Documents\GitHub\nine-screen-canvas-flow\vendor\phpseclib\phpseclib\phpseclib\Math\BigInteger\Engines\BCMath.php on line 157
[13-Mar-2026 14:25:00 UTC] PHP Deprecated:  chr(): Providing a value not in-between 0 and 255 is deprecated, this is because a byte value must be in the [0, 255] interval. The value used will be constrained using % 256 in C:\Users\Pablo\Documents\GitHub\nine-screen-canvas-flow\vendor\phpseclib\phpseclib\phpseclib\Math\BigInteger\Engines\BCMath.php on line 157
[13-Mar-2026 14:25:00 UTC] PHP Deprecated:  chr(): Providing a value not in-between 0 and 255 is deprecated, this is because a byte value must be in the [0, 255] interval. The value used will be constrained using % 256 in C:\Users\Pablo\Documents\GitHub\nine-screen-canvas-flow\vendor\phpseclib\phpseclib\phpseclib\Math\BigInteger\Engines\BCMath.php on line 157
[13-Mar-2026 14:25:00 UTC] PHP Deprecated:  chr(): Providing a value not in-between 0 and 255 is deprecated, this is because a byte value must be in the [0, 255] interval. The value used will be constrained using % 256 in C:\Users\Pablo\Documents\GitHub\nine-screen-canvas-flow\vendor\phpseclib\phpseclib\phpseclib\Math\BigInteger\Engines\BCMath.php on line 157
[13-Mar-2026 14:25:00 UTC] PHP Deprecated:  chr(): Providing a value not in-between 0 and 255 is deprecated, this is because a byte value must be in the [0, 255] interval. The value used will be constrained using % 256 in C:\Users\Pablo\Documents\GitHub\nine-screen-canvas-flow\vendor\phpseclib\phpseclib\phpseclib\Math\BigInteger\Engines\BCMath.php on line 157
[13-Mar-2026 14:25:00 UTC] PHP Deprecated:  chr(): Providing a value not in-between 0 and 255 is deprecated, this is because a byte value must be in the [0, 255] interval. The value used will be constrained using % 256 in C:\Users\Pablo\Documents\GitHub\nine-screen-canvas-flow\vendor\phpseclib\phpseclib\phpseclib\Math\BigInteger\Engines\BCMath.php on line 157
[13-Mar-2026 14:25:00 UTC] PHP Deprecated:  chr(): Providing a value not in-between 0 and 255 is deprecated, this is because a byte value must be in the [0, 255] interval. The value used will be constrained using % 256 in C:\Users\Pablo\Documents\GitHub\nine-screen-canvas-flow\vendor\phpseclib\phpseclib\phpseclib\Math\BigInteger\Engines\BCMath.php on line 157
[13-Mar-2026 14:25:00 UTC] PHP Deprecated:  chr(): Providing a value not in-between 0 and 255 is deprecated, this is because a byte value must be in the [0, 255] interval. The value used will be constrained using % 256 in C:\Users\Pablo\Documents\GitHub\nine-screen-canvas-flow\vendor\phpseclib\phpseclib\phpseclib\Math\BigInteger\Engines\BCMath.php on line 157
[13-Mar-2026 14:25:00 UTC] PHP Deprecated:  chr(): Providing a value not in-between 0 and 255 is deprecated, this is because a byte value must be in the [0, 255] interval. The value used will be constrained using % 256 in C:\Users\Pablo\Documents\GitHub\nine-screen-canvas-flow\vendor\phpseclib\phpseclib\phpseclib\Math\BigInteger\Engines\BCMath.php on line 157
[13-Mar-2026 14:25:00 UTC] PHP Deprecated:  chr(): Providing a value not in-between 0 and 255 is deprecated, this is because a byte value must be in the [0, 255] interval. The value used will be constrained using % 256 in C:\Users\Pablo\Documents\GitHub\nine-screen-canvas-flow\vendor\phpseclib\phpseclib\phpseclib\Math\BigInteger\Engines\BCMath.php on line 157
[13-Mar-2026 14:25:00 UTC] PHP Deprecated:  chr(): Providing a value not in-between 0 and 255 is deprecated, this is because a byte value must be in the [0, 255] interval. The value used will be constrained using % 256 in C:\Users\Pablo\Documents\GitHub\nine-screen-canvas-flow\vendor\phpseclib\phpseclib\phpseclib\Math\BigInteger\Engines\BCMath.php on line 157
[13-Mar-2026 14:25:00 UTC] PHP Deprecated:  chr(): Providing a value not in-between 0 and 255 is deprecated, this is because a byte value must be in the [0, 255] interval. The value used will be constrained using % 256 in C:\Users\Pablo\Documents\GitHub\nine-screen-canvas-flow\vendor\phpseclib\phpseclib\phpseclib\Math\BigInteger\Engines\BCMath.php on line 157
[13-Mar-2026 14:25:00 UTC] PHP Deprecated:  chr(): Providing a value not in-between 0 and 255 is deprecated, this is because a byte value must be in the [0, 255] interval. The value used will be constrained using % 256 in C:\Users\Pablo\Documents\GitHub\nine-screen-canvas-flow\vendor\phpseclib\phpseclib\phpseclib\Math\BigInteger\Engines\BCMath.php on line 157
[13-Mar-2026 14:25:00 UTC] PHP Deprecated:  chr(): Providing a value not in-between 0 and 255 is deprecated, this is because a byte value must be in the [0, 255] interval. The value used will be constrained using % 256 in C:\Users\Pablo\Documents\GitHub\nine-screen-canvas-flow\vendor\phpseclib\phpseclib\phpseclib\Math\BigInteger\Engines\BCMath.php on line 157
[13-Mar-2026 14:25:00 UTC] PHP Deprecated:  chr(): Providing a value not in-between 0 and 255 is deprecated, this is because a byte value must be in the [0, 255] interval. The value used will be constrained using % 256 in C:\Users\Pablo\Documents\GitHub\nine-screen-canvas-flow\vendor\phpseclib\phpseclib\phpseclib\Math\BigInteger\Engines\BCMath.php on line 157
[13-Mar-2026 14:25:00 UTC] PHP Deprecated:  chr(): Providing a value not in-between 0 and 255 is deprecated, this is because a byte value must be in the [0, 255] interval. The value used will be constrained using % 256 in C:\Users\Pablo\Documents\GitHub\nine-screen-canvas-flow\vendor\phpseclib\phpseclib\phpseclib\Math\BigInteger\Engines\BCMath.php on line 157
[13-Mar-2026 14:25:00 UTC] PHP Deprecated:  chr(): Providing a value not in-between 0 and 255 is deprecated, this is because a byte value must be in the [0, 255] interval. The value used will be constrained using % 256 in C:\Users\Pablo\Documents\GitHub\nine-screen-canvas-flow\vendor\phpseclib\phpseclib\phpseclib\Math\BigInteger\Engines\BCMath.php on line 157
[13-Mar-2026 14:25:00 UTC] PHP Deprecated:  chr(): Providing a value not in-between 0 and 255 is deprecated, this is because a byte value must be in the [0, 255] interval. The value used will be constrained using % 256 in C:\Users\Pablo\Documents\GitHub\nine-screen-canvas-flow\vendor\phpseclib\phpseclib\phpseclib\Math\BigInteger\Engines\BCMath.php on line 157
[13-Mar-2026 14:25:00 UTC] PHP Deprecated:  chr(): Providing a value not in-between 0 and 255 is deprecated, this is because a byte value must be in the [0, 255] interval. The value used will be constrained using % 256 in C:\Users\Pablo\Documents\GitHub\nine-screen-canvas-flow\vendor\phpseclib\phpseclib\phpseclib\Math\BigInteger\Engines\BCMath.php on line 157
[13-Mar-2026 14:25:00 UTC] PHP Deprecated:  chr(): Providing a value not in-between 0 and 255 is deprecated, this is because a byte value must be in the [0, 255] interval. The value used will be constrained using % 256 in C:\Users\Pablo\Documents\GitHub\nine-screen-canvas-flow\vendor\phpseclib\phpseclib\phpseclib\Math\BigInteger\Engines\BCMath.php on line 157
[13-Mar-2026 14:25:00 UTC] PHP Deprecated:  chr(): Providing a value not in-between 0 and 255 is deprecated, this is because a byte value must be in the [0, 255] interval. The value used will be constrained using % 256 in C:\Users\Pablo\Documents\GitHub\nine-screen-canvas-flow\vendor\phpseclib\phpseclib\phpseclib\Math\BigInteger\Engines\BCMath.php on line 157
[13-Mar-2026 14:25:00 UTC] PHP Deprecated:  chr(): Providing a value not in-between 0 and 255 is deprecated, this is because a byte value must be in the [0, 255] interval. The value used will be constrained using % 256 in C:\Users\Pablo\Documents\GitHub\nine-screen-canvas-flow\vendor\phpseclib\phpseclib\phpseclib\Math\BigInteger\Engines\BCMath.php on line 157
[13-Mar-2026 14:25:00 UTC] PHP Deprecated:  chr(): Providing a value not in-between 0 and 255 is deprecated, this is because a byte value must be in the [0, 255] interval. The value used will be constrained using % 256 in C:\Users\Pablo\Documents\GitHub\nine-screen-canvas-flow\vendor\phpseclib\phpseclib\phpseclib\Math\BigInteger\Engines\BCMath.php on line 157
[13-Mar-2026 14:25:00 UTC] PHP Deprecated:  chr(): Providing a value not in-between 0 and 255 is deprecated, this is because a byte value must be in the [0, 255] interval. The value used will be constrained using % 256 in C:\Users\Pablo\Documents\GitHub\nine-screen-canvas-flow\vendor\phpseclib\phpseclib\phpseclib\Math\BigInteger\Engines\BCMath.php on line 157
[13-Mar-2026 14:25:00 UTC] PHP Deprecated:  chr(): Providing a value not in-between 0 and 255 is deprecated, this is because a byte value must be in the [0, 255] interval. The value used will be constrained using % 256 in C:\Users\Pablo\Documents\GitHub\nine-screen-canvas-flow\vendor\phpseclib\phpseclib\phpseclib\Math\BigInteger\Engines\BCMath.php on line 157
[13-Mar-2026 14:25:00 UTC] PHP Deprecated:  chr(): Providing a value not in-between 0 and 255 is deprecated, this is because a byte value must be in the [0, 255] interval. The value used will be constrained using % 256 in C:\Users\Pablo\Documents\GitHub\nine-screen-canvas-flow\vendor\phpseclib\phpseclib\phpseclib\Math\BigInteger\Engines\BCMath.php on line 157
[13-Mar-2026 14:25:00 UTC] PHP Deprecated:  chr(): Providing a value not in-between 0 and 255 is deprecated, this is because a byte value must be in the [0, 255] interval. The value used will be constrained using % 256 in C:\Users\Pablo\Documents\GitHub\nine-screen-canvas-flow\vendor\phpseclib\phpseclib\phpseclib\Math\BigInteger\Engines\BCMath.php on line 157
[13-Mar-2026 14:25:00 UTC] PHP Deprecated:  chr(): Providing a value not in-between 0 and 255 is deprecated, this is because a byte value must be in the [0, 255] interval. The value used will be constrained using % 256 in C:\Users\Pablo\Documents\GitHub\nine-screen-canvas-flow\vendor\phpseclib\phpseclib\phpseclib\Math\BigInteger\Engines\BCMath.php on line 157
[13-Mar-2026 14:25:00 UTC] PHP Deprecated:  chr(): Providing a value not in-between 0 and 255 is deprecated, this is because a byte value must be in the [0, 255] interval. The value used will be constrained using % 256 in C:\Users\Pablo\Documents\GitHub\nine-screen-canvas-flow\vendor\phpseclib\phpseclib\phpseclib\Math\BigInteger\Engines\BCMath.php on line 157
[13-Mar-2026 14:25:00 UTC] PHP Deprecated:  chr(): Providing a value not in-between 0 and 255 is deprecated, this is because a byte value must be in the [0, 255] interval. The value used will be constrained using % 256 in C:\Users\Pablo\Documents\GitHub\nine-screen-canvas-flow\vendor\phpseclib\phpseclib\phpseclib\Math\BigInteger\Engines\BCMath.php on line 157
[13-Mar-2026 14:25:00 UTC] PHP Deprecated:  chr(): Providing a value not in-between 0 and 255 is deprecated, this is because a byte value must be in the [0, 255] interval. The value used will be constrained using % 256 in C:\Users\Pablo\Documents\GitHub\nine-screen-canvas-flow\vendor\phpseclib\phpseclib\phpseclib\Math\BigInteger\Engines\BCMath.php on line 157
[13-Mar-2026 14:25:00 UTC] PHP Deprecated:  chr(): Providing a value not in-between 0 and 255 is deprecated, this is because a byte value must be in the [0, 255] interval. The value used will be constrained using % 256 in C:\Users\Pablo\Documents\GitHub\nine-screen-canvas-flow\vendor\phpseclib\phpseclib\phpseclib\Math\BigInteger\Engines\BCMath.php on line 157
[13-Mar-2026 14:25:00 UTC] PHP Deprecated:  chr(): Providing a value not in-between 0 and 255 is deprecated, this is because a byte value must be in the [0, 255] interval. The value used will be constrained using % 256 in C:\Users\Pablo\Documents\GitHub\nine-screen-canvas-flow\vendor\phpseclib\phpseclib\phpseclib\Math\BigInteger\Engines\BCMath.php on line 157
[13-Mar-2026 14:25:00 UTC] PHP Deprecated:  chr(): Providing a value not in-between 0 and 255 is deprecated, this is because a byte value must be in the [0, 255] interval. The value used will be constrained using % 256 in C:\Users\Pablo\Documents\GitHub\nine-screen-canvas-flow\vendor\phpseclib\phpseclib\phpseclib\Math\BigInteger\Engines\BCMath.php on line 157
[13-Mar-2026 14:25:00 UTC] PHP Deprecated:  chr(): Providing a value not in-between 0 and 255 is deprecated, this is because a byte value must be in the [0, 255] interval. The value used will be constrained using % 256 in C:\Users\Pablo\Documents\GitHub\nine-screen-canvas-flow\vendor\phpseclib\phpseclib\phpseclib\Math\BigInteger\Engines\BCMath.php on line 157
[13-Mar-2026 14:25:00 UTC] PHP Deprecated:  chr(): Providing a value not in-between 0 and 255 is deprecated, this is because a byte value must be in the [0, 255] interval. The value used will be constrained using % 256 in C:\Users\Pablo\Documents\GitHub\nine-screen-canvas-flow\vendor\phpseclib\phpseclib\phpseclib\Math\BigInteger\Engines\BCMath.php on line 157
[13-Mar-2026 14:25:00 UTC] PHP Deprecated:  chr(): Providing a value not in-between 0 and 255 is deprecated, this is because a byte value must be in the [0, 255] interval. The value used will be constrained using % 256 in C:\Users\Pablo\Documents\GitHub\nine-screen-canvas-flow\vendor\phpseclib\phpseclib\phpseclib\Math\BigInteger\Engines\BCMath.php on line 157
[13-Mar-2026 14:25:00 UTC] PHP Deprecated:  chr(): Providing a value not in-between 0 and 255 is deprecated, this is because a byte value must be in the [0, 255] interval. The value used will be constrained using % 256 in C:\Users\Pablo\Documents\GitHub\nine-screen-canvas-flow\vendor\phpseclib\phpseclib\phpseclib\Math\BigInteger\Engines\BCMath.php on line 157
[13-Mar-2026 14:25:00 UTC] PHP Deprecated:  chr(): Providing a value not in-between 0 and 255 is deprecated, this is because a byte value must be in the [0, 255] interval. The value used will be constrained using % 256 in C:\Users\Pablo\Documents\GitHub\nine-screen-canvas-flow\vendor\phpseclib\phpseclib\phpseclib\Math\BigInteger\Engines\BCMath.php on line 157
[13-Mar-2026 14:25:00 UTC] PHP Deprecated:  chr(): Providing a value not in-between 0 and 255 is deprecated, this is because a byte value must be in the [0, 255] interval. The value used will be constrained using % 256 in C:\Users\Pablo\Documents\GitHub\nine-screen-canvas-flow\vendor\phpseclib\phpseclib\phpseclib\Math\BigInteger\Engines\BCMath.php on line 157
[13-Mar-2026 14:25:00 UTC] PHP Deprecated:  chr(): Providing a value not in-between 0 and 255 is deprecated, this is because a byte value must be in the [0, 255] interval. The value used will be constrained using % 256 in C:\Users\Pablo\Documents\GitHub\nine-screen-canvas-flow\vendor\phpseclib\phpseclib\phpseclib\Math\BigInteger\Engines\BCMath.php on line 157
[13-Mar-2026 14:25:00 UTC] PHP Deprecated:  chr(): Providing a value not in-between 0 and 255 is deprecated, this is because a byte value must be in the [0, 255] interval. The value used will be constrained using % 256 in C:\Users\Pablo\Documents\GitHub\nine-screen-canvas-flow\vendor\phpseclib\phpseclib\phpseclib\Math\BigInteger\Engines\BCMath.php on line 157
[13-Mar-2026 14:25:00 UTC] PHP Deprecated:  chr(): Providing a value not in-between 0 and 255 is deprecated, this is because a byte value must be in the [0, 255] interval. The value used will be constrained using % 256 in C:\Users\Pablo\Documents\GitHub\nine-screen-canvas-flow\vendor\phpseclib\phpseclib\phpseclib\Math\BigInteger\Engines\BCMath.php on line 157
[13-Mar-2026 14:25:00 UTC] PHP Deprecated:  chr(): Providing a value not in-between 0 and 255 is deprecated, this is because a byte value must be in the [0, 255] interval. The value used will be constrained using % 256 in C:\Users\Pablo\Documents\GitHub\nine-screen-canvas-flow\vendor\phpseclib\phpseclib\phpseclib\Math\BigInteger\Engines\BCMath.php on line 157
[13-Mar-2026 14:25:00 UTC] PHP Deprecated:  chr(): Providing a value not in-between 0 and 255 is deprecated, this is because a byte value must be in the [0, 255] interval. The value used will be constrained using % 256 in C:\Users\Pablo\Documents\GitHub\nine-screen-canvas-flow\vendor\phpseclib\phpseclib\phpseclib\Math\BigInteger\Engines\BCMath.php on line 157
[13-Mar-2026 14:25:00 UTC] PHP Deprecated:  chr(): Providing a value not in-between 0 and 255 is deprecated, this is because a byte value must be in the [0, 255] interval. The value used will be constrained using % 256 in C:\Users\Pablo\Documents\GitHub\nine-screen-canvas-flow\vendor\phpseclib\phpseclib\phpseclib\Math\BigInteger\Engines\BCMath.php on line 157
[13-Mar-2026 14:25:00 UTC] PHP Deprecated:  chr(): Providing a value not in-between 0 and 255 is deprecated, this is because a byte value must be in the [0, 255] interval. The value used will be constrained using % 256 in C:\Users\Pablo\Documents\GitHub\nine-screen-canvas-flow\vendor\phpseclib\phpseclib\phpseclib\Math\BigInteger\Engines\BCMath.php on line 157
[13-Mar-2026 14:25:00 UTC] PHP Deprecated:  chr(): Providing a value not in-between 0 and 255 is deprecated, this is because a byte value must be in the [0, 255] interval. The value used will be constrained using % 256 in C:\Users\Pablo\Documents\GitHub\nine-screen-canvas-flow\vendor\phpseclib\phpseclib\phpseclib\Math\BigInteger\Engines\BCMath.php on line 157
[13-Mar-2026 14:25:00 UTC] PHP Deprecated:  chr(): Providing a value not in-between 0 and 255 is deprecated, this is because a byte value must be in the [0, 255] interval. The value used will be constrained using % 256 in C:\Users\Pablo\Documents\GitHub\nine-screen-canvas-flow\vendor\phpseclib\phpseclib\phpseclib\Math\BigInteger\Engines\BCMath.php on line 157
[13-Mar-2026 14:25:00 UTC] PHP Deprecated:  chr(): Providing a value not in-between 0 and 255 is deprecated, this is because a byte value must be in the [0, 255] interval. The value used will be constrained using % 256 in C:\Users\Pablo\Documents\GitHub\nine-screen-canvas-flow\vendor\phpseclib\phpseclib\phpseclib\Math\BigInteger\Engines\BCMath.php on line 157
[13-Mar-2026 14:25:00 UTC] PHP Deprecated:  chr(): Providing a value not in-between 0 and 255 is deprecated, this is because a byte value must be in the [0, 255] interval. The value used will be constrained using % 256 in C:\Users\Pablo\Documents\GitHub\nine-screen-canvas-flow\vendor\phpseclib\phpseclib\phpseclib\Math\BigInteger\Engines\BCMath.php on line 157
[13-Mar-2026 14:25:00 UTC] PHP Deprecated:  chr(): Providing a value not in-between 0 and 255 is deprecated, this is because a byte value must be in the [0, 255] interval. The value used will be constrained using % 256 in C:\Users\Pablo\Documents\GitHub\nine-screen-canvas-flow\vendor\phpseclib\phpseclib\phpseclib\Math\BigInteger\Engines\BCMath.php on line 157
[13-Mar-2026 14:25:00 UTC] PHP Deprecated:  chr(): Providing a value not in-between 0 and 255 is deprecated, this is because a byte value must be in the [0, 255] interval. The value used will be constrained using % 256 in C:\Users\Pablo\Documents\GitHub\nine-screen-canvas-flow\vendor\phpseclib\phpseclib\phpseclib\Math\BigInteger\Engines\BCMath.php on line 157
[13-Mar-2026 14:25:00 UTC] PHP Deprecated:  chr(): Providing a value not in-between 0 and 255 is deprecated, this is because a byte value must be in the [0, 255] interval. The value used will be constrained using % 256 in C:\Users\Pablo\Documents\GitHub\nine-screen-canvas-flow\vendor\phpseclib\phpseclib\phpseclib\Math\BigInteger\Engines\BCMath.php on line 157
[13-Mar-2026 14:25:00 UTC] PHP Deprecated:  chr(): Providing a value not in-between 0 and 255 is deprecated, this is because a byte value must be in the [0, 255] interval. The value used will be constrained using % 256 in C:\Users\Pablo\Documents\GitHub\nine-screen-canvas-flow\vendor\phpseclib\phpseclib\phpseclib\Math\BigInteger\Engines\BCMath.php on line 157
[13-Mar-2026 14:25:00 UTC] PHP Deprecated:  chr(): Providing a value not in-between 0 and 255 is deprecated, this is because a byte value must be in the [0, 255] interval. The value used will be constrained using % 256 in C:\Users\Pablo\Documents\GitHub\nine-screen-canvas-flow\vendor\phpseclib\phpseclib\phpseclib\Math\BigInteger\Engines\BCMath.php on line 157
[13-Mar-2026 14:25:00 UTC] PHP Deprecated:  chr(): Providing a value not in-between 0 and 255 is deprecated, this is because a byte value must be in the [0, 255] interval. The value used will be constrained using % 256 in C:\Users\Pablo\Documents\GitHub\nine-screen-canvas-flow\vendor\phpseclib\phpseclib\phpseclib\Math\BigInteger\Engines\BCMath.php on line 157
[13-Mar-2026 14:25:00 UTC] PHP Deprecated:  chr(): Providing a value not in-between 0 and 255 is deprecated, this is because a byte value must be in the [0, 255] interval. The value used will be constrained using % 256 in C:\Users\Pablo\Documents\GitHub\nine-screen-canvas-flow\vendor\phpseclib\phpseclib\phpseclib\Math\BigInteger\Engines\BCMath.php on line 157
[13-Mar-2026 14:25:00 UTC] PHP Deprecated:  chr(): Providing a value not in-between 0 and 255 is deprecated, this is because a byte value must be in the [0, 255] interval. The value used will be constrained using % 256 in C:\Users\Pablo\Documents\GitHub\nine-screen-canvas-flow\vendor\phpseclib\phpseclib\phpseclib\Math\BigInteger\Engines\BCMath.php on line 157
[13-Mar-2026 14:25:00 UTC] PHP Deprecated:  chr(): Providing a value not in-between 0 and 255 is deprecated, this is because a byte value must be in the [0, 255] interval. The value used will be constrained using % 256 in C:\Users\Pablo\Documents\GitHub\nine-screen-canvas-flow\vendor\phpseclib\phpseclib\phpseclib\Math\BigInteger\Engines\BCMath.php on line 157
[13-Mar-2026 14:25:00 UTC] PHP Deprecated:  chr(): Providing a value not in-between 0 and 255 is deprecated, this is because a byte value must be in the [0, 255] interval. The value used will be constrained using % 256 in C:\Users\Pablo\Documents\GitHub\nine-screen-canvas-flow\vendor\phpseclib\phpseclib\phpseclib\Math\BigInteger\Engines\BCMath.php on line 157
[13-Mar-2026 14:25:00 UTC] PHP Deprecated:  chr(): Providing a value not in-between 0 and 255 is deprecated, this is because a byte value must be in the [0, 255] interval. The value used will be constrained using % 256 in C:\Users\Pablo\Documents\GitHub\nine-screen-canvas-flow\vendor\phpseclib\phpseclib\phpseclib\Math\BigInteger\Engines\BCMath.php on line 157
[13-Mar-2026 14:25:00 UTC] PHP Deprecated:  chr(): Providing a value not in-between 0 and 255 is deprecated, this is because a byte value must be in the [0, 255] interval. The value used will be constrained using % 256 in C:\Users\Pablo\Documents\GitHub\nine-screen-canvas-flow\vendor\phpseclib\phpseclib\phpseclib\Math\BigInteger\Engines\BCMath.php on line 157
[13-Mar-2026 14:25:00 UTC] PHP Deprecated:  chr(): Providing a value not in-between 0 and 255 is deprecated, this is because a byte value must be in the [0, 255] interval. The value used will be constrained using % 256 in C:\Users\Pablo\Documents\GitHub\nine-screen-canvas-flow\vendor\phpseclib\phpseclib\phpseclib\Math\BigInteger\Engines\BCMath.php on line 157
[13-Mar-2026 14:25:00 UTC] PHP Deprecated:  chr(): Providing a value not in-between 0 and 255 is deprecated, this is because a byte value must be in the [0, 255] interval. The value used will be constrained using % 256 in C:\Users\Pablo\Documents\GitHub\nine-screen-canvas-flow\vendor\phpseclib\phpseclib\phpseclib\Math\BigInteger\Engines\BCMath.php on line 157
[13-Mar-2026 14:25:00 UTC] PHP Deprecated:  chr(): Providing a value not in-between 0 and 255 is deprecated, this is because a byte value must be in the [0, 255] interval. The value used will be constrained using % 256 in C:\Users\Pablo\Documents\GitHub\nine-screen-canvas-flow\vendor\phpseclib\phpseclib\phpseclib\Math\BigInteger\Engines\BCMath.php on line 157
[13-Mar-2026 14:25:00 UTC] PHP Deprecated:  chr(): Providing a value not in-between 0 and 255 is deprecated, this is because a byte value must be in the [0, 255] interval. The value used will be constrained using % 256 in C:\Users\Pablo\Documents\GitHub\nine-screen-canvas-flow\vendor\phpseclib\phpseclib\phpseclib\Math\BigInteger\Engines\BCMath.php on line 157
[13-Mar-2026 14:25:00 UTC] PHP Deprecated:  chr(): Providing a value not in-between 0 and 255 is deprecated, this is because a byte value must be in the [0, 255] interval. The value used will be constrained using % 256 in C:\Users\Pablo\Documents\GitHub\nine-screen-canvas-flow\vendor\phpseclib\phpseclib\phpseclib\Math\BigInteger\Engines\BCMath.php on line 157
[13-Mar-2026 14:25:00 UTC] PHP Deprecated:  chr(): Providing a value not in-between 0 and 255 is deprecated, this is because a byte value must be in the [0, 255] interval. The value used will be constrained using % 256 in C:\Users\Pablo\Documents\GitHub\nine-screen-canvas-flow\vendor\phpseclib\phpseclib\phpseclib\Math\BigInteger\Engines\BCMath.php on line 157
[13-Mar-2026 14:25:00 UTC] PHP Deprecated:  chr(): Providing a value not in-between 0 and 255 is deprecated, this is because a byte value must be in the [0, 255] interval. The value used will be constrained using % 256 in C:\Users\Pablo\Documents\GitHub\nine-screen-canvas-flow\vendor\phpseclib\phpseclib\phpseclib\Math\BigInteger\Engines\BCMath.php on line 157
[13-Mar-2026 14:25:00 UTC] PHP Deprecated:  chr(): Providing a value not in-between 0 and 255 is deprecated, this is because a byte value must be in the [0, 255] interval. The value used will be constrained using % 256 in C:\Users\Pablo\Documents\GitHub\nine-screen-canvas-flow\vendor\phpseclib\phpseclib\phpseclib\Math\BigInteger\Engines\BCMath.php on line 157
[13-Mar-2026 14:25:00 UTC] PHP Deprecated:  chr(): Providing a value not in-between 0 and 255 is deprecated, this is because a byte value must be in the [0, 255] interval. The value used will be constrained using % 256 in C:\Users\Pablo\Documents\GitHub\nine-screen-canvas-flow\vendor\phpseclib\phpseclib\phpseclib\Math\BigInteger\Engines\BCMath.php on line 157
[13-Mar-2026 14:25:00 UTC] PHP Deprecated:  chr(): Providing a value not in-between 0 and 255 is deprecated, this is because a byte value must be in the [0, 255] interval. The value used will be constrained using % 256 in C:\Users\Pablo\Documents\GitHub\nine-screen-canvas-flow\vendor\phpseclib\phpseclib\phpseclib\Math\BigInteger\Engines\BCMath.php on line 157
[13-Mar-2026 14:25:00 UTC] PHP Deprecated:  chr(): Providing a value not in-between 0 and 255 is deprecated, this is because a byte value must be in the [0, 255] interval. The value used will be constrained using % 256 in C:\Users\Pablo\Documents\GitHub\nine-screen-canvas-flow\vendor\phpseclib\phpseclib\phpseclib\Math\BigInteger\Engines\BCMath.php on line 157
[13-Mar-2026 14:25:00 UTC] PHP Deprecated:  chr(): Providing a value not in-between 0 and 255 is deprecated, this is because a byte value must be in the [0, 255] interval. The value used will be constrained using % 256 in C:\Users\Pablo\Documents\GitHub\nine-screen-canvas-flow\vendor\phpseclib\phpseclib\phpseclib\Math\BigInteger\Engines\BCMath.php on line 157
[13-Mar-2026 14:25:00 UTC] PHP Deprecated:  chr(): Providing a value not in-between 0 and 255 is deprecated, this is because a byte value must be in the [0, 255] interval. The value used will be constrained using % 256 in C:\Users\Pablo\Documents\GitHub\nine-screen-canvas-flow\vendor\phpseclib\phpseclib\phpseclib\Math\BigInteger\Engines\BCMath.php on line 157
[13-Mar-2026 14:25:00 UTC] PHP Deprecated:  chr(): Providing a value not in-between 0 and 255 is deprecated, this is because a byte value must be in the [0, 255] interval. The value used will be constrained using % 256 in C:\Users\Pablo\Documents\GitHub\nine-screen-canvas-flow\vendor\phpseclib\phpseclib\phpseclib\Math\BigInteger\Engines\BCMath.php on line 157
[13-Mar-2026 14:25:00 UTC] PHP Deprecated:  chr(): Providing a value not in-between 0 and 255 is deprecated, this is because a byte value must be in the [0, 255] interval. The value used will be constrained using % 256 in C:\Users\Pablo\Documents\GitHub\nine-screen-canvas-flow\vendor\phpseclib\phpseclib\phpseclib\Math\BigInteger\Engines\BCMath.php on line 157
[13-Mar-2026 14:25:00 UTC] PHP Deprecated:  chr(): Providing a value not in-between 0 and 255 is deprecated, this is because a byte value must be in the [0, 255] interval. The value used will be constrained using % 256 in C:\Users\Pablo\Documents\GitHub\nine-screen-canvas-flow\vendor\phpseclib\phpseclib\phpseclib\Math\BigInteger\Engines\BCMath.php on line 157
[13-Mar-2026 14:25:00 UTC] PHP Deprecated:  chr(): Providing a value not in-between 0 and 255 is deprecated, this is because a byte value must be in the [0, 255] interval. The value used will be constrained using % 256 in C:\Users\Pablo\Documents\GitHub\nine-screen-canvas-flow\vendor\phpseclib\phpseclib\phpseclib\Math\BigInteger\Engines\BCMath.php on line 157
[13-Mar-2026 14:25:00 UTC] PHP Deprecated:  chr(): Providing a value not in-between 0 and 255 is deprecated, this is because a byte value must be in the [0, 255] interval. The value used will be constrained using % 256 in C:\Users\Pablo\Documents\GitHub\nine-screen-canvas-flow\vendor\phpseclib\phpseclib\phpseclib\Math\BigInteger\Engines\BCMath.php on line 157
[13-Mar-2026 14:25:00 UTC] PHP Deprecated:  chr(): Providing a value not in-between 0 and 255 is deprecated, this is because a byte value must be in the [0, 255] interval. The value used will be constrained using % 256 in C:\Users\Pablo\Documents\GitHub\nine-screen-canvas-flow\vendor\phpseclib\phpseclib\phpseclib\Math\BigInteger\Engines\BCMath.php on line 157
[13-Mar-2026 14:25:00 UTC] PHP Deprecated:  chr(): Providing a value not in-between 0 and 255 is deprecated, this is because a byte value must be in the [0, 255] interval. The value used will be constrained using % 256 in C:\Users\Pablo\Documents\GitHub\nine-screen-canvas-flow\vendor\phpseclib\phpseclib\phpseclib\Math\BigInteger\Engines\BCMath.php on line 157
[13-Mar-2026 14:25:00 UTC] PHP Deprecated:  chr(): Providing a value not in-between 0 and 255 is deprecated, this is because a byte value must be in the [0, 255] interval. The value used will be constrained using % 256 in C:\Users\Pablo\Documents\GitHub\nine-screen-canvas-flow\vendor\phpseclib\phpseclib\phpseclib\Math\BigInteger\Engines\BCMath.php on line 157
[13-Mar-2026 14:25:00 UTC] PHP Deprecated:  chr(): Providing a value not in-between 0 and 255 is deprecated, this is because a byte value must be in the [0, 255] interval. The value used will be constrained using % 256 in C:\Users\Pablo\Documents\GitHub\nine-screen-canvas-flow\vendor\phpseclib\phpseclib\phpseclib\Math\BigInteger\Engines\BCMath.php on line 157
[13-Mar-2026 14:25:00 UTC] PHP Deprecated:  chr(): Providing a value not in-between 0 and 255 is deprecated, this is because a byte value must be in the [0, 255] interval. The value used will be constrained using % 256 in C:\Users\Pablo\Documents\GitHub\nine-screen-canvas-flow\vendor\phpseclib\phpseclib\phpseclib\Math\BigInteger\Engines\BCMath.php on line 157
[13-Mar-2026 14:25:00 UTC] PHP Deprecated:  chr(): Providing a value not in-between 0 and 255 is deprecated, this is because a byte value must be in the [0, 255] interval. The value used will be constrained using % 256 in C:\Users\Pablo\Documents\GitHub\nine-screen-canvas-flow\vendor\phpseclib\phpseclib\phpseclib\Math\BigInteger\Engines\BCMath.php on line 157
[13-Mar-2026 14:25:00 UTC] PHP Deprecated:  chr(): Providing a value not in-between 0 and 255 is deprecated, this is because a byte value must be in the [0, 255] interval. The value used will be constrained using % 256 in C:\Users\Pablo\Documents\GitHub\nine-screen-canvas-flow\vendor\phpseclib\phpseclib\phpseclib\Math\BigInteger\Engines\BCMath.php on line 157
[13-Mar-2026 14:25:00 UTC] PHP Deprecated:  chr(): Providing a value not in-between 0 and 255 is deprecated, this is because a byte value must be in the [0, 255] interval. The value used will be constrained using % 256 in C:\Users\Pablo\Documents\GitHub\nine-screen-canvas-flow\vendor\phpseclib\phpseclib\phpseclib\Math\BigInteger\Engines\BCMath.php on line 157
[13-Mar-2026 14:25:00 UTC] PHP Deprecated:  chr(): Providing a value not in-between 0 and 255 is deprecated, this is because a byte value must be in the [0, 255] interval. The value used will be constrained using % 256 in C:\Users\Pablo\Documents\GitHub\nine-screen-canvas-flow\vendor\phpseclib\phpseclib\phpseclib\Math\BigInteger\Engines\BCMath.php on line 157
[13-Mar-2026 14:25:00 UTC] PHP Deprecated:  chr(): Providing a value not in-between 0 and 255 is deprecated, this is because a byte value must be in the [0, 255] interval. The value used will be constrained using % 256 in C:\Users\Pablo\Documents\GitHub\nine-screen-canvas-flow\vendor\phpseclib\phpseclib\phpseclib\Math\BigInteger\Engines\BCMath.php on line 157
[13-Mar-2026 14:25:00 UTC] PHP Deprecated:  chr(): Providing a value not in-between 0 and 255 is deprecated, this is because a byte value must be in the [0, 255] interval. The value used will be constrained using % 256 in C:\Users\Pablo\Documents\GitHub\nine-screen-canvas-flow\vendor\phpseclib\phpseclib\phpseclib\Math\BigInteger\Engines\BCMath.php on line 157
[13-Mar-2026 14:25:00 UTC] PHP Deprecated:  chr(): Providing a value not in-between 0 and 255 is deprecated, this is because a byte value must be in the [0, 255] interval. The value used will be constrained using % 256 in C:\Users\Pablo\Documents\GitHub\nine-screen-canvas-flow\vendor\phpseclib\phpseclib\phpseclib\Math\BigInteger\Engines\BCMath.php on line 157
[13-Mar-2026 14:25:00 UTC] PHP Deprecated:  chr(): Providing a value not in-between 0 and 255 is deprecated, this is because a byte value must be in the [0, 255] interval. The value used will be constrained using % 256 in C:\Users\Pablo\Documents\GitHub\nine-screen-canvas-flow\vendor\phpseclib\phpseclib\phpseclib\Math\BigInteger\Engines\BCMath.php on line 157
[13-Mar-2026 14:25:00 UTC] PHP Deprecated:  chr(): Providing a value not in-between 0 and 255 is deprecated, this is because a byte value must be in the [0, 255] interval. The value used will be constrained using % 256 in C:\Users\Pablo\Documents\GitHub\nine-screen-canvas-flow\vendor\phpseclib\phpseclib\phpseclib\Math\BigInteger\Engines\BCMath.php on line 157
[13-Mar-2026 14:25:00 UTC] PHP Deprecated:  chr(): Providing a value not in-between 0 and 255 is deprecated, this is because a byte value must be in the [0, 255] interval. The value used will be constrained using % 256 in C:\Users\Pablo\Documents\GitHub\nine-screen-canvas-flow\vendor\phpseclib\phpseclib\phpseclib\Math\BigInteger\Engines\BCMath.php on line 157
[13-Mar-2026 14:25:00 UTC] PHP Deprecated:  chr(): Providing a value not in-between 0 and 255 is deprecated, this is because a byte value must be in the [0, 255] interval. The value used will be constrained using % 256 in C:\Users\Pablo\Documents\GitHub\nine-screen-canvas-flow\vendor\phpseclib\phpseclib\phpseclib\Math\BigInteger\Engines\BCMath.php on line 157
[13-Mar-2026 14:25:00 UTC] PHP Deprecated:  chr(): Providing a value not in-between 0 and 255 is deprecated, this is because a byte value must be in the [0, 255] interval. The value used will be constrained using % 256 in C:\Users\Pablo\Documents\GitHub\nine-screen-canvas-flow\vendor\phpseclib\phpseclib\phpseclib\Math\BigInteger\Engines\BCMath.php on line 157
[13-Mar-2026 14:25:00 UTC] PHP Deprecated:  chr(): Providing a value not in-between 0 and 255 is deprecated, this is because a byte value must be in the [0, 255] interval. The value used will be constrained using % 256 in C:\Users\Pablo\Documents\GitHub\nine-screen-canvas-flow\vendor\phpseclib\phpseclib\phpseclib\Math\BigInteger\Engines\BCMath.php on line 157
[13-Mar-2026 14:25:00 UTC] PHP Deprecated:  chr(): Providing a value not in-between 0 and 255 is deprecated, this is because a byte value must be in the [0, 255] interval. The value used will be constrained using % 256 in C:\Users\Pablo\Documents\GitHub\nine-screen-canvas-flow\vendor\phpseclib\phpseclib\phpseclib\Math\BigInteger\Engines\BCMath.php on line 157
[13-Mar-2026 14:25:00 UTC] PHP Deprecated:  chr(): Providing a value not in-between 0 and 255 is deprecated, this is because a byte value must be in the [0, 255] interval. The value used will be constrained using % 256 in C:\Users\Pablo\Documents\GitHub\nine-screen-canvas-flow\vendor\phpseclib\phpseclib\phpseclib\Math\BigInteger\Engines\BCMath.php on line 157
[13-Mar-2026 14:25:00 UTC] PHP Deprecated:  chr(): Providing a value not in-between 0 and 255 is deprecated, this is because a byte value must be in the [0, 255] interval. The value used will be constrained using % 256 in C:\Users\Pablo\Documents\GitHub\nine-screen-canvas-flow\vendor\phpseclib\phpseclib\phpseclib\Math\BigInteger\Engines\BCMath.php on line 157
[13-Mar-2026 14:25:00 UTC] PHP Deprecated:  chr(): Providing a value not in-between 0 and 255 is deprecated, this is because a byte value must be in the [0, 255] interval. The value used will be constrained using % 256 in C:\Users\Pablo\Documents\GitHub\nine-screen-canvas-flow\vendor\phpseclib\phpseclib\phpseclib\Math\BigInteger\Engines\BCMath.php on line 157
[13-Mar-2026 14:25:00 UTC] PHP Deprecated:  chr(): Providing a value not in-between 0 and 255 is deprecated, this is because a byte value must be in the [0, 255] interval. The value used will be constrained using % 256 in C:\Users\Pablo\Documents\GitHub\nine-screen-canvas-flow\vendor\phpseclib\phpseclib\phpseclib\Math\BigInteger\Engines\BCMath.php on line 157
[13-Mar-2026 14:25:00 UTC] PHP Deprecated:  chr(): Providing a value not in-between 0 and 255 is deprecated, this is because a byte value must be in the [0, 255] interval. The value used will be constrained using % 256 in C:\Users\Pablo\Documents\GitHub\nine-screen-canvas-flow\vendor\phpseclib\phpseclib\phpseclib\Math\BigInteger\Engines\BCMath.php on line 157
[13-Mar-2026 14:25:00 UTC] PHP Deprecated:  chr(): Providing a value not in-between 0 and 255 is deprecated, this is because a byte value must be in the [0, 255] interval. The value used will be constrained using % 256 in C:\Users\Pablo\Documents\GitHub\nine-screen-canvas-flow\vendor\phpseclib\phpseclib\phpseclib\Math\BigInteger\Engines\BCMath.php on line 157
[13-Mar-2026 14:25:00 UTC] PHP Deprecated:  chr(): Providing a value not in-between 0 and 255 is deprecated, this is because a byte value must be in the [0, 255] interval. The value used will be constrained using % 256 in C:\Users\Pablo\Documents\GitHub\nine-screen-canvas-flow\vendor\phpseclib\phpseclib\phpseclib\Math\BigInteger\Engines\BCMath.php on line 157
[13-Mar-2026 14:25:00 UTC] PHP Deprecated:  chr(): Providing a value not in-between 0 and 255 is deprecated, this is because a byte value must be in the [0, 255] interval. The value used will be constrained using % 256 in C:\Users\Pablo\Documents\GitHub\nine-screen-canvas-flow\vendor\phpseclib\phpseclib\phpseclib\Math\BigInteger\Engines\BCMath.php on line 157
[13-Mar-2026 14:25:00 UTC] PHP Deprecated:  chr(): Providing a value not in-between 0 and 255 is deprecated, this is because a byte value must be in the [0, 255] interval. The value used will be constrained using % 256 in C:\Users\Pablo\Documents\GitHub\nine-screen-canvas-flow\vendor\phpseclib\phpseclib\phpseclib\Math\BigInteger\Engines\BCMath.php on line 157
[13-Mar-2026 14:25:00 UTC] PHP Deprecated:  chr(): Providing a value not in-between 0 and 255 is deprecated, this is because a byte value must be in the [0, 255] interval. The value used will be constrained using % 256 in C:\Users\Pablo\Documents\GitHub\nine-screen-canvas-flow\vendor\phpseclib\phpseclib\phpseclib\Math\BigInteger\Engines\BCMath.php on line 157
[13-Mar-2026 14:25:00 UTC] PHP Deprecated:  chr(): Providing a value not in-between 0 and 255 is deprecated, this is because a byte value must be in the [0, 255] interval. The value used will be constrained using % 256 in C:\Users\Pablo\Documents\GitHub\nine-screen-canvas-flow\vendor\phpseclib\phpseclib\phpseclib\Math\BigInteger\Engines\BCMath.php on line 157
[13-Mar-2026 14:25:00 UTC] PHP Deprecated:  chr(): Providing a value not in-between 0 and 255 is deprecated, this is because a byte value must be in the [0, 255] interval. The value used will be constrained using % 256 in C:\Users\Pablo\Documents\GitHub\nine-screen-canvas-flow\vendor\phpseclib\phpseclib\phpseclib\Math\BigInteger\Engines\BCMath.php on line 157
[13-Mar-2026 14:25:00 UTC] PHP Deprecated:  chr(): Providing a value not in-between 0 and 255 is deprecated, this is because a byte value must be in the [0, 255] interval. The value used will be constrained using % 256 in C:\Users\Pablo\Documents\GitHub\nine-screen-canvas-flow\vendor\phpseclib\phpseclib\phpseclib\Math\BigInteger\Engines\BCMath.php on line 157
[13-Mar-2026 14:25:00 UTC] PHP Deprecated:  chr(): Providing a value not in-between 0 and 255 is deprecated, this is because a byte value must be in the [0, 255] interval. The value used will be constrained using % 256 in C:\Users\Pablo\Documents\GitHub\nine-screen-canvas-flow\vendor\phpseclib\phpseclib\phpseclib\Math\BigInteger\Engines\BCMath.php on line 157
[13-Mar-2026 14:25:00 UTC] PHP Deprecated:  chr(): Providing a value not in-between 0 and 255 is deprecated, this is because a byte value must be in the [0, 255] interval. The value used will be constrained using % 256 in C:\Users\Pablo\Documents\GitHub\nine-screen-canvas-flow\vendor\phpseclib\phpseclib\phpseclib\Math\BigInteger\Engines\BCMath.php on line 157
[13-Mar-2026 14:25:00 UTC] PHP Deprecated:  chr(): Providing a value not in-between 0 and 255 is deprecated, this is because a byte value must be in the [0, 255] interval. The value used will be constrained using % 256 in C:\Users\Pablo\Documents\GitHub\nine-screen-canvas-flow\vendor\phpseclib\phpseclib\phpseclib\Math\BigInteger\Engines\BCMath.php on line 157
[13-Mar-2026 14:25:00 UTC] PHP Deprecated:  chr(): Providing a value not in-between 0 and 255 is deprecated, this is because a byte value must be in the [0, 255] interval. The value used will be constrained using % 256 in C:\Users\Pablo\Documents\GitHub\nine-screen-canvas-flow\vendor\phpseclib\phpseclib\phpseclib\Math\BigInteger\Engines\BCMath.php on line 157
[13-Mar-2026 14:25:00 UTC] PHP Deprecated:  chr(): Providing a value not in-between 0 and 255 is deprecated, this is because a byte value must be in the [0, 255] interval. The value used will be constrained using % 256 in C:\Users\Pablo\Documents\GitHub\nine-screen-canvas-flow\vendor\phpseclib\phpseclib\phpseclib\Math\BigInteger\Engines\BCMath.php on line 157
[13-Mar-2026 14:25:00 UTC] PHP Deprecated:  chr(): Providing a value not in-between 0 and 255 is deprecated, this is because a byte value must be in the [0, 255] interval. The value used will be constrained using % 256 in C:\Users\Pablo\Documents\GitHub\nine-screen-canvas-flow\vendor\phpseclib\phpseclib\phpseclib\Math\BigInteger\Engines\BCMath.php on line 157
[13-Mar-2026 14:25:00 UTC] PHP Deprecated:  chr(): Providing a value not in-between 0 and 255 is deprecated, this is because a byte value must be in the [0, 255] interval. The value used will be constrained using % 256 in C:\Users\Pablo\Documents\GitHub\nine-screen-canvas-flow\vendor\phpseclib\phpseclib\phpseclib\Math\BigInteger\Engines\BCMath.php on line 157
[13-Mar-2026 14:25:00 UTC] PHP Deprecated:  chr(): Providing a value not in-between 0 and 255 is deprecated, this is because a byte value must be in the [0, 255] interval. The value used will be constrained using % 256 in C:\Users\Pablo\Documents\GitHub\nine-screen-canvas-flow\vendor\phpseclib\phpseclib\phpseclib\Math\BigInteger\Engines\BCMath.php on line 157
[13-Mar-2026 14:25:00 UTC] PHP Deprecated:  chr(): Providing a value not in-between 0 and 255 is deprecated, this is because a byte value must be in the [0, 255] interval. The value used will be constrained using % 256 in C:\Users\Pablo\Documents\GitHub\nine-screen-canvas-flow\vendor\phpseclib\phpseclib\phpseclib\Math\BigInteger\Engines\BCMath.php on line 157
[13-Mar-2026 14:25:00 UTC] PHP Deprecated:  chr(): Providing a value not in-between 0 and 255 is deprecated, this is because a byte value must be in the [0, 255] interval. The value used will be constrained using % 256 in C:\Users\Pablo\Documents\GitHub\nine-screen-canvas-flow\vendor\phpseclib\phpseclib\phpseclib\Math\BigInteger\Engines\BCMath.php on line 157
[13-Mar-2026 14:25:00 UTC] PHP Deprecated:  chr(): Providing a value not in-between 0 and 255 is deprecated, this is because a byte value must be in the [0, 255] interval. The value used will be constrained using % 256 in C:\Users\Pablo\Documents\GitHub\nine-screen-canvas-flow\vendor\phpseclib\phpseclib\phpseclib\Math\BigInteger\Engines\BCMath.php on line 157
[13-Mar-2026 14:25:00 UTC] PHP Deprecated:  chr(): Providing a value not in-between 0 and 255 is deprecated, this is because a byte value must be in the [0, 255] interval. The value used will be constrained using % 256 in C:\Users\Pablo\Documents\GitHub\nine-screen-canvas-flow\vendor\phpseclib\phpseclib\phpseclib\Math\BigInteger\Engines\BCMath.php on line 157
[13-Mar-2026 14:25:00 UTC] PHP Deprecated:  chr(): Providing a value not in-between 0 and 255 is deprecated, this is because a byte value must be in the [0, 255] interval. The value used will be constrained using % 256 in C:\Users\Pablo\Documents\GitHub\nine-screen-canvas-flow\vendor\phpseclib\phpseclib\phpseclib\Math\BigInteger\Engines\BCMath.php on line 157
[13-Mar-2026 14:25:00 UTC] PHP Deprecated:  chr(): Providing a value not in-between 0 and 255 is deprecated, this is because a byte value must be in the [0, 255] interval. The value used will be constrained using % 256 in C:\Users\Pablo\Documents\GitHub\nine-screen-canvas-flow\vendor\phpseclib\phpseclib\phpseclib\Math\BigInteger\Engines\BCMath.php on line 157
[13-Mar-2026 14:25:00 UTC] PHP Deprecated:  chr(): Providing a value not in-between 0 and 255 is deprecated, this is because a byte value must be in the [0, 255] interval. The value used will be constrained using % 256 in C:\Users\Pablo\Documents\GitHub\nine-screen-canvas-flow\vendor\phpseclib\phpseclib\phpseclib\Math\BigInteger\Engines\BCMath.php on line 157
[13-Mar-2026 14:25:00 UTC] PHP Deprecated:  chr(): Providing a value not in-between 0 and 255 is deprecated, this is because a byte value must be in the [0, 255] interval. The value used will be constrained using % 256 in C:\Users\Pablo\Documents\GitHub\nine-screen-canvas-flow\vendor\phpseclib\phpseclib\phpseclib\Math\BigInteger\Engines\BCMath.php on line 157
[13-Mar-2026 14:25:00 UTC] PHP Deprecated:  chr(): Providing a value not in-between 0 and 255 is deprecated, this is because a byte value must be in the [0, 255] interval. The value used will be constrained using % 256 in C:\Users\Pablo\Documents\GitHub\nine-screen-canvas-flow\vendor\phpseclib\phpseclib\phpseclib\Math\BigInteger\Engines\BCMath.php on line 157
[13-Mar-2026 14:25:00 UTC] PHP Deprecated:  chr(): Providing a value not in-between 0 and 255 is deprecated, this is because a byte value must be in the [0, 255] interval. The value used will be constrained using % 256 in C:\Users\Pablo\Documents\GitHub\nine-screen-canvas-flow\vendor\phpseclib\phpseclib\phpseclib\Math\BigInteger\Engines\BCMath.php on line 157
[13-Mar-2026 14:25:00 UTC] PHP Deprecated:  chr(): Providing a value not in-between 0 and 255 is deprecated, this is because a byte value must be in the [0, 255] interval. The value used will be constrained using % 256 in C:\Users\Pablo\Documents\GitHub\nine-screen-canvas-flow\vendor\phpseclib\phpseclib\phpseclib\Math\BigInteger\Engines\BCMath.php on line 157
[13-Mar-2026 14:25:00 UTC] PHP Deprecated:  chr(): Providing a value not in-between 0 and 255 is deprecated, this is because a byte value must be in the [0, 255] interval. The value used will be constrained using % 256 in C:\Users\Pablo\Documents\GitHub\nine-screen-canvas-flow\vendor\phpseclib\phpseclib\phpseclib\Math\BigInteger\Engines\BCMath.php on line 157
[13-Mar-2026 14:25:00 UTC] PHP Deprecated:  chr(): Providing a value not in-between 0 and 255 is deprecated, this is because a byte value must be in the [0, 255] interval. The value used will be constrained using % 256 in C:\Users\Pablo\Documents\GitHub\nine-screen-canvas-flow\vendor\phpseclib\phpseclib\phpseclib\Math\BigInteger\Engines\BCMath.php on line 157
[13-Mar-2026 14:25:00 UTC] PHP Deprecated:  chr(): Providing a value not in-between 0 and 255 is deprecated, this is because a byte value must be in the [0, 255] interval. The value used will be constrained using % 256 in C:\Users\Pablo\Documents\GitHub\nine-screen-canvas-flow\vendor\phpseclib\phpseclib\phpseclib\Math\BigInteger\Engines\BCMath.php on line 157
[13-Mar-2026 14:25:00 UTC] PHP Deprecated:  chr(): Providing a value not in-between 0 and 255 is deprecated, this is because a byte value must be in the [0, 255] interval. The value used will be constrained using % 256 in C:\Users\Pablo\Documents\GitHub\nine-screen-canvas-flow\vendor\phpseclib\phpseclib\phpseclib\Math\BigInteger\Engines\BCMath.php on line 157
[13-Mar-2026 14:25:00 UTC] PHP Deprecated:  chr(): Providing a value not in-between 0 and 255 is deprecated, this is because a byte value must be in the [0, 255] interval. The value used will be constrained using % 256 in C:\Users\Pablo\Documents\GitHub\nine-screen-canvas-flow\vendor\phpseclib\phpseclib\phpseclib\Math\BigInteger\Engines\BCMath.php on line 157
[13-Mar-2026 14:25:00 UTC] PHP Deprecated:  chr(): Providing a value not in-between 0 and 255 is deprecated, this is because a byte value must be in the [0, 255] interval. The value used will be constrained using % 256 in C:\Users\Pablo\Documents\GitHub\nine-screen-canvas-flow\vendor\phpseclib\phpseclib\phpseclib\Math\BigInteger\Engines\BCMath.php on line 157
[13-Mar-2026 14:25:00 UTC] PHP Deprecated:  chr(): Providing a value not in-between 0 and 255 is deprecated, this is because a byte value must be in the [0, 255] interval. The value used will be constrained using % 256 in C:\Users\Pablo\Documents\GitHub\nine-screen-canvas-flow\vendor\phpseclib\phpseclib\phpseclib\Math\BigInteger\Engines\BCMath.php on line 157
[13-Mar-2026 14:25:00 UTC] PHP Deprecated:  chr(): Providing a value not in-between 0 and 255 is deprecated, this is because a byte value must be in the [0, 255] interval. The value used will be constrained using % 256 in C:\Users\Pablo\Documents\GitHub\nine-screen-canvas-flow\vendor\phpseclib\phpseclib\phpseclib\Math\BigInteger\Engines\BCMath.php on line 157
[13-Mar-2026 14:25:00 UTC] PHP Deprecated:  chr(): Providing a value not in-between 0 and 255 is deprecated, this is because a byte value must be in the [0, 255] interval. The value used will be constrained using % 256 in C:\Users\Pablo\Documents\GitHub\nine-screen-canvas-flow\vendor\phpseclib\phpseclib\phpseclib\Math\BigInteger\Engines\BCMath.php on line 157
[13-Mar-2026 14:25:00 UTC] PHP Deprecated:  chr(): Providing a value not in-between 0 and 255 is deprecated, this is because a byte value must be in the [0, 255] interval. The value used will be constrained using % 256 in C:\Users\Pablo\Documents\GitHub\nine-screen-canvas-flow\vendor\phpseclib\phpseclib\phpseclib\Math\BigInteger\Engines\BCMath.php on line 157
[13-Mar-2026 14:25:00 UTC] PHP Deprecated:  chr(): Providing a value not in-between 0 and 255 is deprecated, this is because a byte value must be in the [0, 255] interval. The value used will be constrained using % 256 in C:\Users\Pablo\Documents\GitHub\nine-screen-canvas-flow\vendor\phpseclib\phpseclib\phpseclib\Math\BigInteger\Engines\BCMath.php on line 157
[13-Mar-2026 14:25:00 UTC] PHP Deprecated:  chr(): Providing a value not in-between 0 and 255 is deprecated, this is because a byte value must be in the [0, 255] interval. The value used will be constrained using % 256 in C:\Users\Pablo\Documents\GitHub\nine-screen-canvas-flow\vendor\phpseclib\phpseclib\phpseclib\Math\BigInteger\Engines\BCMath.php on line 157
[13-Mar-2026 14:25:00 UTC] PHP Deprecated:  chr(): Providing a value not in-between 0 and 255 is deprecated, this is because a byte value must be in the [0, 255] interval. The value used will be constrained using % 256 in C:\Users\Pablo\Documents\GitHub\nine-screen-canvas-flow\vendor\phpseclib\phpseclib\phpseclib\Math\BigInteger\Engines\BCMath.php on line 157
[13-Mar-2026 14:25:00 UTC] PHP Deprecated:  chr(): Providing a value not in-between 0 and 255 is deprecated, this is because a byte value must be in the [0, 255] interval. The value used will be constrained using % 256 in C:\Users\Pablo\Documents\GitHub\nine-screen-canvas-flow\vendor\phpseclib\phpseclib\phpseclib\Math\BigInteger\Engines\BCMath.php on line 157
[13-Mar-2026 14:25:00 UTC] PHP Deprecated:  chr(): Providing a value not in-between 0 and 255 is deprecated, this is because a byte value must be in the [0, 255] interval. The value used will be constrained using % 256 in C:\Users\Pablo\Documents\GitHub\nine-screen-canvas-flow\vendor\phpseclib\phpseclib\phpseclib\Math\BigInteger\Engines\BCMath.php on line 157
[13-Mar-2026 14:25:00 UTC] PHP Deprecated:  chr(): Providing a value not in-between 0 and 255 is deprecated, this is because a byte value must be in the [0, 255] interval. The value used will be constrained using % 256 in C:\Users\Pablo\Documents\GitHub\nine-screen-canvas-flow\vendor\phpseclib\phpseclib\phpseclib\Math\BigInteger\Engines\BCMath.php on line 157
[13-Mar-2026 14:25:00 UTC] PHP Deprecated:  chr(): Providing a value not in-between 0 and 255 is deprecated, this is because a byte value must be in the [0, 255] interval. The value used will be constrained using % 256 in C:\Users\Pablo\Documents\GitHub\nine-screen-canvas-flow\vendor\phpseclib\phpseclib\phpseclib\Math\BigInteger\Engines\BCMath.php on line 157
[13-Mar-2026 14:25:00 UTC] PHP Deprecated:  chr(): Providing a value not in-between 0 and 255 is deprecated, this is because a byte value must be in the [0, 255] interval. The value used will be constrained using % 256 in C:\Users\Pablo\Documents\GitHub\nine-screen-canvas-flow\vendor\phpseclib\phpseclib\phpseclib\Math\BigInteger\Engines\BCMath.php on line 157
[13-Mar-2026 14:25:00 UTC] PHP Deprecated:  chr(): Providing a value not in-between 0 and 255 is deprecated, this is because a byte value must be in the [0, 255] interval. The value used will be constrained using % 256 in C:\Users\Pablo\Documents\GitHub\nine-screen-canvas-flow\vendor\phpseclib\phpseclib\phpseclib\Math\BigInteger\Engines\BCMath.php on line 157
[13-Mar-2026 14:25:00 UTC] PHP Deprecated:  chr(): Providing a value not in-between 0 and 255 is deprecated, this is because a byte value must be in the [0, 255] interval. The value used will be constrained using % 256 in C:\Users\Pablo\Documents\GitHub\nine-screen-canvas-flow\vendor\phpseclib\phpseclib\phpseclib\Math\BigInteger\Engines\BCMath.php on line 157
[13-Mar-2026 14:25:00 UTC] PHP Deprecated:  chr(): Providing a value not in-between 0 and 255 is deprecated, this is because a byte value must be in the [0, 255] interval. The value used will be constrained using % 256 in C:\Users\Pablo\Documents\GitHub\nine-screen-canvas-flow\vendor\phpseclib\phpseclib\phpseclib\Math\BigInteger\Engines\BCMath.php on line 157
[13-Mar-2026 14:25:00 UTC] PHP Deprecated:  chr(): Providing a value not in-between 0 and 255 is deprecated, this is because a byte value must be in the [0, 255] interval. The value used will be constrained using % 256 in C:\Users\Pablo\Documents\GitHub\nine-screen-canvas-flow\vendor\phpseclib\phpseclib\phpseclib\Math\BigInteger\Engines\BCMath.php on line 157
[13-Mar-2026 14:25:00 UTC] PHP Deprecated:  chr(): Providing a value not in-between 0 and 255 is deprecated, this is because a byte value must be in the [0, 255] interval. The value used will be constrained using % 256 in C:\Users\Pablo\Documents\GitHub\nine-screen-canvas-flow\vendor\phpseclib\phpseclib\phpseclib\Math\BigInteger\Engines\BCMath.php on line 157
[13-Mar-2026 14:25:00 UTC] PHP Deprecated:  chr(): Providing a value not in-between 0 and 255 is deprecated, this is because a byte value must be in the [0, 255] interval. The value used will be constrained using % 256 in C:\Users\Pablo\Documents\GitHub\nine-screen-canvas-flow\vendor\phpseclib\phpseclib\phpseclib\Math\BigInteger\Engines\BCMath.php on line 157
[13-Mar-2026 14:25:00 UTC] PHP Deprecated:  chr(): Providing a value not in-between 0 and 255 is deprecated, this is because a byte value must be in the [0, 255] interval. The value used will be constrained using % 256 in C:\Users\Pablo\Documents\GitHub\nine-screen-canvas-flow\vendor\phpseclib\phpseclib\phpseclib\Math\BigInteger\Engines\BCMath.php on line 157
[13-Mar-2026 14:25:00 UTC] PHP Deprecated:  chr(): Providing a value not in-between 0 and 255 is deprecated, this is because a byte value must be in the [0, 255] interval. The value used will be constrained using % 256 in C:\Users\Pablo\Documents\GitHub\nine-screen-canvas-flow\vendor\phpseclib\phpseclib\phpseclib\Math\BigInteger\Engines\BCMath.php on line 157
[13-Mar-2026 14:25:00 UTC] PHP Deprecated:  chr(): Providing a value not in-between 0 and 255 is deprecated, this is because a byte value must be in the [0, 255] interval. The value used will be constrained using % 256 in C:\Users\Pablo\Documents\GitHub\nine-screen-canvas-flow\vendor\phpseclib\phpseclib\phpseclib\Math\BigInteger\Engines\BCMath.php on line 157
[13-Mar-2026 14:25:00 UTC] PHP Deprecated:  chr(): Providing a value not in-between 0 and 255 is deprecated, this is because a byte value must be in the [0, 255] interval. The value used will be constrained using % 256 in C:\Users\Pablo\Documents\GitHub\nine-screen-canvas-flow\vendor\phpseclib\phpseclib\phpseclib\Math\BigInteger\Engines\BCMath.php on line 157
[13-Mar-2026 14:25:00 UTC] PHP Deprecated:  chr(): Providing a value not in-between 0 and 255 is deprecated, this is because a byte value must be in the [0, 255] interval. The value used will be constrained using % 256 in C:\Users\Pablo\Documents\GitHub\nine-screen-canvas-flow\vendor\phpseclib\phpseclib\phpseclib\Math\BigInteger\Engines\BCMath.php on line 157
[13-Mar-2026 14:25:00 UTC] PHP Deprecated:  chr(): Providing a value not in-between 0 and 255 is deprecated, this is because a byte value must be in the [0, 255] interval. The value used will be constrained using % 256 in C:\Users\Pablo\Documents\GitHub\nine-screen-canvas-flow\vendor\phpseclib\phpseclib\phpseclib\Math\BigInteger\Engines\BCMath.php on line 157
[13-Mar-2026 14:25:00 UTC] PHP Deprecated:  chr(): Providing a value not in-between 0 and 255 is deprecated, this is because a byte value must be in the [0, 255] interval. The value used will be constrained using % 256 in C:\Users\Pablo\Documents\GitHub\nine-screen-canvas-flow\vendor\phpseclib\phpseclib\phpseclib\Math\BigInteger\Engines\BCMath.php on line 157
[13-Mar-2026 14:25:00 UTC] PHP Deprecated:  chr(): Providing a value not in-between 0 and 255 is deprecated, this is because a byte value must be in the [0, 255] interval. The value used will be constrained using % 256 in C:\Users\Pablo\Documents\GitHub\nine-screen-canvas-flow\vendor\phpseclib\phpseclib\phpseclib\Math\BigInteger\Engines\BCMath.php on line 157
[13-Mar-2026 14:25:00 UTC] PHP Deprecated:  chr(): Providing a value not in-between 0 and 255 is deprecated, this is because a byte value must be in the [0, 255] interval. The value used will be constrained using % 256 in C:\Users\Pablo\Documents\GitHub\nine-screen-canvas-flow\vendor\phpseclib\phpseclib\phpseclib\Math\BigInteger\Engines\BCMath.php on line 157
[13-Mar-2026 14:25:00 UTC] PHP Deprecated:  chr(): Providing a value not in-between 0 and 255 is deprecated, this is because a byte value must be in the [0, 255] interval. The value used will be constrained using % 256 in C:\Users\Pablo\Documents\GitHub\nine-screen-canvas-flow\vendor\phpseclib\phpseclib\phpseclib\Math\BigInteger\Engines\BCMath.php on line 157
[13-Mar-2026 14:25:00 UTC] PHP Deprecated:  chr(): Providing a value not in-between 0 and 255 is deprecated, this is because a byte value must be in the [0, 255] interval. The value used will be constrained using % 256 in C:\Users\Pablo\Documents\GitHub\nine-screen-canvas-flow\vendor\phpseclib\phpseclib\phpseclib\Math\BigInteger\Engines\BCMath.php on line 157
[13-Mar-2026 14:25:00 UTC] PHP Deprecated:  chr(): Providing a value not in-between 0 and 255 is deprecated, this is because a byte value must be in the [0, 255] interval. The value used will be constrained using % 256 in C:\Users\Pablo\Documents\GitHub\nine-screen-canvas-flow\vendor\phpseclib\phpseclib\phpseclib\Math\BigInteger\Engines\BCMath.php on line 157
[13-Mar-2026 14:25:00 UTC] PHP Deprecated:  chr(): Providing a value not in-between 0 and 255 is deprecated, this is because a byte value must be in the [0, 255] interval. The value used will be constrained using % 256 in C:\Users\Pablo\Documents\GitHub\nine-screen-canvas-flow\vendor\phpseclib\phpseclib\phpseclib\Math\BigInteger\Engines\BCMath.php on line 157
[13-Mar-2026 14:25:00 UTC] PHP Deprecated:  chr(): Providing a value not in-between 0 and 255 is deprecated, this is because a byte value must be in the [0, 255] interval. The value used will be constrained using % 256 in C:\Users\Pablo\Documents\GitHub\nine-screen-canvas-flow\vendor\phpseclib\phpseclib\phpseclib\Math\BigInteger\Engines\BCMath.php on line 157
[13-Mar-2026 14:25:00 UTC] PHP Deprecated:  chr(): Providing a value not in-between 0 and 255 is deprecated, this is because a byte value must be in the [0, 255] interval. The value used will be constrained using % 256 in C:\Users\Pablo\Documents\GitHub\nine-screen-canvas-flow\vendor\phpseclib\phpseclib\phpseclib\Math\BigInteger\Engines\BCMath.php on line 157
[13-Mar-2026 14:25:00 UTC] PHP Deprecated:  chr(): Providing a value not in-between 0 and 255 is deprecated, this is because a byte value must be in the [0, 255] interval. The value used will be constrained using % 256 in C:\Users\Pablo\Documents\GitHub\nine-screen-canvas-flow\vendor\phpseclib\phpseclib\phpseclib\Math\BigInteger\Engines\BCMath.php on line 157
[13-Mar-2026 14:25:00 UTC] PHP Deprecated:  chr(): Providing a value not in-between 0 and 255 is deprecated, this is because a byte value must be in the [0, 255] interval. The value used will be constrained using % 256 in C:\Users\Pablo\Documents\GitHub\nine-screen-canvas-flow\vendor\phpseclib\phpseclib\phpseclib\Math\BigInteger\Engines\BCMath.php on line 157
[13-Mar-2026 14:25:00 UTC] PHP Deprecated:  chr(): Providing a value not in-between 0 and 255 is deprecated, this is because a byte value must be in the [0, 255] interval. The value used will be constrained using % 256 in C:\Users\Pablo\Documents\GitHub\nine-screen-canvas-flow\vendor\phpseclib\phpseclib\phpseclib\Math\BigInteger\Engines\BCMath.php on line 157
[13-Mar-2026 14:25:00 UTC] PHP Deprecated:  chr(): Providing a value not in-between 0 and 255 is deprecated, this is because a byte value must be in the [0, 255] interval. The value used will be constrained using % 256 in C:\Users\Pablo\Documents\GitHub\nine-screen-canvas-flow\vendor\phpseclib\phpseclib\phpseclib\Math\BigInteger\Engines\BCMath.php on line 157
[13-Mar-2026 14:25:00 UTC] PHP Deprecated:  chr(): Providing a value not in-between 0 and 255 is deprecated, this is because a byte value must be in the [0, 255] interval. The value used will be constrained using % 256 in C:\Users\Pablo\Documents\GitHub\nine-screen-canvas-flow\vendor\phpseclib\phpseclib\phpseclib\Math\BigInteger\Engines\BCMath.php on line 157
[13-Mar-2026 14:25:00 UTC] PHP Deprecated:  chr(): Providing a value not in-between 0 and 255 is deprecated, this is because a byte value must be in the [0, 255] interval. The value used will be constrained using % 256 in C:\Users\Pablo\Documents\GitHub\nine-screen-canvas-flow\vendor\phpseclib\phpseclib\phpseclib\Math\BigInteger\Engines\BCMath.php on line 157
[13-Mar-2026 14:25:00 UTC] PHP Deprecated:  chr(): Providing a value not in-between 0 and 255 is deprecated, this is because a byte value must be in the [0, 255] interval. The value used will be constrained using % 256 in C:\Users\Pablo\Documents\GitHub\nine-screen-canvas-flow\vendor\phpseclib\phpseclib\phpseclib\Math\BigInteger\Engines\BCMath.php on line 157
[13-Mar-2026 14:25:00 UTC] PHP Deprecated:  chr(): Providing a value not in-between 0 and 255 is deprecated, this is because a byte value must be in the [0, 255] interval. The value used will be constrained using % 256 in C:\Users\Pablo\Documents\GitHub\nine-screen-canvas-flow\vendor\phpseclib\phpseclib\phpseclib\Math\BigInteger\Engines\BCMath.php on line 157
[13-Mar-2026 14:25:00 UTC] PHP Deprecated:  chr(): Providing a value not in-between 0 and 255 is deprecated, this is because a byte value must be in the [0, 255] interval. The value used will be constrained using % 256 in C:\Users\Pablo\Documents\GitHub\nine-screen-canvas-flow\vendor\phpseclib\phpseclib\phpseclib\Math\BigInteger\Engines\BCMath.php on line 157
[13-Mar-2026 14:25:00 UTC] PHP Deprecated:  chr(): Providing a value not in-between 0 and 255 is deprecated, this is because a byte value must be in the [0, 255] interval. The value used will be constrained using % 256 in C:\Users\Pablo\Documents\GitHub\nine-screen-canvas-flow\vendor\phpseclib\phpseclib\phpseclib\Math\BigInteger\Engines\BCMath.php on line 157
[13-Mar-2026 14:25:00 UTC] PHP Deprecated:  chr(): Providing a value not in-between 0 and 255 is deprecated, this is because a byte value must be in the [0, 255] interval. The value used will be constrained using % 256 in C:\Users\Pablo\Documents\GitHub\nine-screen-canvas-flow\vendor\phpseclib\phpseclib\phpseclib\Math\BigInteger\Engines\BCMath.php on line 157
[13-Mar-2026 14:25:00 UTC] PHP Deprecated:  chr(): Providing a value not in-between 0 and 255 is deprecated, this is because a byte value must be in the [0, 255] interval. The value used will be constrained using % 256 in C:\Users\Pablo\Documents\GitHub\nine-screen-canvas-flow\vendor\phpseclib\phpseclib\phpseclib\Math\BigInteger\Engines\BCMath.php on line 157
[13-Mar-2026 14:25:00 UTC] PHP Deprecated:  chr(): Providing a value not in-between 0 and 255 is deprecated, this is because a byte value must be in the [0, 255] interval. The value used will be constrained using % 256 in C:\Users\Pablo\Documents\GitHub\nine-screen-canvas-flow\vendor\phpseclib\phpseclib\phpseclib\Math\BigInteger\Engines\BCMath.php on line 157
[13-Mar-2026 14:25:00 UTC] PHP Deprecated:  chr(): Providing a value not in-between 0 and 255 is deprecated, this is because a byte value must be in the [0, 255] interval. The value used will be constrained using % 256 in C:\Users\Pablo\Documents\GitHub\nine-screen-canvas-flow\vendor\phpseclib\phpseclib\phpseclib\Math\BigInteger\Engines\BCMath.php on line 157
[13-Mar-2026 14:25:00 UTC] PHP Deprecated:  chr(): Providing a value not in-between 0 and 255 is deprecated, this is because a byte value must be in the [0, 255] interval. The value used will be constrained using % 256 in C:\Users\Pablo\Documents\GitHub\nine-screen-canvas-flow\vendor\phpseclib\phpseclib\phpseclib\Math\BigInteger\Engines\BCMath.php on line 157
[13-Mar-2026 14:25:00 UTC] PHP Deprecated:  chr(): Providing a value not in-between 0 and 255 is deprecated, this is because a byte value must be in the [0, 255] interval. The value used will be constrained using % 256 in C:\Users\Pablo\Documents\GitHub\nine-screen-canvas-flow\vendor\phpseclib\phpseclib\phpseclib\Math\BigInteger\Engines\BCMath.php on line 157
[13-Mar-2026 14:25:00 UTC] PHP Deprecated:  chr(): Providing a value not in-between 0 and 255 is deprecated, this is because a byte value must be in the [0, 255] interval. The value used will be constrained using % 256 in C:\Users\Pablo\Documents\GitHub\nine-screen-canvas-flow\vendor\phpseclib\phpseclib\phpseclib\Math\BigInteger\Engines\BCMath.php on line 157
[13-Mar-2026 14:25:00 UTC] PHP Deprecated:  chr(): Providing a value not in-between 0 and 255 is deprecated, this is because a byte value must be in the [0, 255] interval. The value used will be constrained using % 256 in C:\Users\Pablo\Documents\GitHub\nine-screen-canvas-flow\vendor\phpseclib\phpseclib\phpseclib\Math\BigInteger\Engines\BCMath.php on line 157
[13-Mar-2026 14:25:00 UTC] PHP Deprecated:  chr(): Providing a value not in-between 0 and 255 is deprecated, this is because a byte value must be in the [0, 255] interval. The value used will be constrained using % 256 in C:\Users\Pablo\Documents\GitHub\nine-screen-canvas-flow\vendor\phpseclib\phpseclib\phpseclib\Math\BigInteger\Engines\BCMath.php on line 157
[13-Mar-2026 14:25:00 UTC] PHP Deprecated:  chr(): Providing a value not in-between 0 and 255 is deprecated, this is because a byte value must be in the [0, 255] interval. The value used will be constrained using % 256 in C:\Users\Pablo\Documents\GitHub\nine-screen-canvas-flow\vendor\phpseclib\phpseclib\phpseclib\Math\BigInteger\Engines\BCMath.php on line 157
[13-Mar-2026 14:25:00 UTC] PHP Deprecated:  chr(): Providing a value not in-between 0 and 255 is deprecated, this is because a byte value must be in the [0, 255] interval. The value used will be constrained using % 256 in C:\Users\Pablo\Documents\GitHub\nine-screen-canvas-flow\vendor\phpseclib\phpseclib\phpseclib\Math\BigInteger\Engines\BCMath.php on line 157
[13-Mar-2026 14:25:00 UTC] PHP Deprecated:  chr(): Providing a value not in-between 0 and 255 is deprecated, this is because a byte value must be in the [0, 255] interval. The value used will be constrained using % 256 in C:\Users\Pablo\Documents\GitHub\nine-screen-canvas-flow\vendor\phpseclib\phpseclib\phpseclib\Math\BigInteger\Engines\BCMath.php on line 157
[13-Mar-2026 14:25:00 UTC] PHP Deprecated:  chr(): Providing a value not in-between 0 and 255 is deprecated, this is because a byte value must be in the [0, 255] interval. The value used will be constrained using % 256 in C:\Users\Pablo\Documents\GitHub\nine-screen-canvas-flow\vendor\phpseclib\phpseclib\phpseclib\Math\BigInteger\Engines\BCMath.php on line 157
[13-Mar-2026 14:25:00 UTC] PHP Deprecated:  chr(): Providing a value not in-between 0 and 255 is deprecated, this is because a byte value must be in the [0, 255] interval. The value used will be constrained using % 256 in C:\Users\Pablo\Documents\GitHub\nine-screen-canvas-flow\vendor\phpseclib\phpseclib\phpseclib\Math\BigInteger\Engines\BCMath.php on line 157
[13-Mar-2026 14:25:00 UTC] PHP Deprecated:  chr(): Providing a value not in-between 0 and 255 is deprecated, this is because a byte value must be in the [0, 255] interval. The value used will be constrained using % 256 in C:\Users\Pablo\Documents\GitHub\nine-screen-canvas-flow\vendor\phpseclib\phpseclib\phpseclib\Math\BigInteger\Engines\BCMath.php on line 157
[13-Mar-2026 14:25:00 UTC] PHP Deprecated:  chr(): Providing a value not in-between 0 and 255 is deprecated, this is because a byte value must be in the [0, 255] interval. The value used will be constrained using % 256 in C:\Users\Pablo\Documents\GitHub\nine-screen-canvas-flow\vendor\phpseclib\phpseclib\phpseclib\Math\BigInteger\Engines\BCMath.php on line 157
[13-Mar-2026 14:25:00 UTC] PHP Deprecated:  chr(): Providing a value not in-between 0 and 255 is deprecated, this is because a byte value must be in the [0, 255] interval. The value used will be constrained using % 256 in C:\Users\Pablo\Documents\GitHub\nine-screen-canvas-flow\vendor\phpseclib\phpseclib\phpseclib\Math\BigInteger\Engines\BCMath.php on line 157
[13-Mar-2026 14:25:00 UTC] PHP Deprecated:  chr(): Providing a value not in-between 0 and 255 is deprecated, this is because a byte value must be in the [0, 255] interval. The value used will be constrained using % 256 in C:\Users\Pablo\Documents\GitHub\nine-screen-canvas-flow\vendor\phpseclib\phpseclib\phpseclib\Math\BigInteger\Engines\BCMath.php on line 157
[13-Mar-2026 14:25:00 UTC] PHP Deprecated:  chr(): Providing a value not in-between 0 and 255 is deprecated, this is because a byte value must be in the [0, 255] interval. The value used will be constrained using % 256 in C:\Users\Pablo\Documents\GitHub\nine-screen-canvas-flow\vendor\phpseclib\phpseclib\phpseclib\Math\BigInteger\Engines\BCMath.php on line 157
[13-Mar-2026 14:25:00 UTC] PHP Deprecated:  chr(): Providing a value not in-between 0 and 255 is deprecated, this is because a byte value must be in the [0, 255] interval. The value used will be constrained using % 256 in C:\Users\Pablo\Documents\GitHub\nine-screen-canvas-flow\vendor\phpseclib\phpseclib\phpseclib\Math\BigInteger\Engines\BCMath.php on line 157
[13-Mar-2026 14:25:00 UTC] PHP Deprecated:  chr(): Providing a value not in-between 0 and 255 is deprecated, this is because a byte value must be in the [0, 255] interval. The value used will be constrained using % 256 in C:\Users\Pablo\Documents\GitHub\nine-screen-canvas-flow\vendor\phpseclib\phpseclib\phpseclib\Math\BigInteger\Engines\BCMath.php on line 157
[13-Mar-2026 14:25:00 UTC] PHP Deprecated:  chr(): Providing a value not in-between 0 and 255 is deprecated, this is because a byte value must be in the [0, 255] interval. The value used will be constrained using % 256 in C:\Users\Pablo\Documents\GitHub\nine-screen-canvas-flow\vendor\phpseclib\phpseclib\phpseclib\Math\BigInteger\Engines\BCMath.php on line 157
[13-Mar-2026 14:25:00 UTC] PHP Deprecated:  chr(): Providing a value not in-between 0 and 255 is deprecated, this is because a byte value must be in the [0, 255] interval. The value used will be constrained using % 256 in C:\Users\Pablo\Documents\GitHub\nine-screen-canvas-flow\vendor\phpseclib\phpseclib\phpseclib\Math\BigInteger\Engines\BCMath.php on line 157
[13-Mar-2026 14:25:00 UTC] PHP Deprecated:  chr(): Providing a value not in-between 0 and 255 is deprecated, this is because a byte value must be in the [0, 255] interval. The value used will be constrained using % 256 in C:\Users\Pablo\Documents\GitHub\nine-screen-canvas-flow\vendor\phpseclib\phpseclib\phpseclib\Math\BigInteger\Engines\BCMath.php on line 157
[13-Mar-2026 14:25:00 UTC] PHP Deprecated:  chr(): Providing a value not in-between 0 and 255 is deprecated, this is because a byte value must be in the [0, 255] interval. The value used will be constrained using % 256 in C:\Users\Pablo\Documents\GitHub\nine-screen-canvas-flow\vendor\phpseclib\phpseclib\phpseclib\Math\BigInteger\Engines\BCMath.php on line 157
[13-Mar-2026 14:25:00 UTC] PHP Deprecated:  chr(): Providing a value not in-between 0 and 255 is deprecated, this is because a byte value must be in the [0, 255] interval. The value used will be constrained using % 256 in C:\Users\Pablo\Documents\GitHub\nine-screen-canvas-flow\vendor\phpseclib\phpseclib\phpseclib\Math\BigInteger\Engines\BCMath.php on line 157
[13-Mar-2026 14:25:00 UTC] PHP Deprecated:  chr(): Providing a value not in-between 0 and 255 is deprecated, this is because a byte value must be in the [0, 255] interval. The value used will be constrained using % 256 in C:\Users\Pablo\Documents\GitHub\nine-screen-canvas-flow\vendor\phpseclib\phpseclib\phpseclib\Math\BigInteger\Engines\BCMath.php on line 157
[13-Mar-2026 14:25:00 UTC] PHP Deprecated:  chr(): Providing a value not in-between 0 and 255 is deprecated, this is because a byte value must be in the [0, 255] interval. The value used will be constrained using % 256 in C:\Users\Pablo\Documents\GitHub\nine-screen-canvas-flow\vendor\phpseclib\phpseclib\phpseclib\Math\BigInteger\Engines\BCMath.php on line 157
[13-Mar-2026 14:25:00 UTC] PHP Deprecated:  chr(): Providing a value not in-between 0 and 255 is deprecated, this is because a byte value must be in the [0, 255] interval. The value used will be constrained using % 256 in C:\Users\Pablo\Documents\GitHub\nine-screen-canvas-flow\vendor\phpseclib\phpseclib\phpseclib\Math\BigInteger\Engines\BCMath.php on line 157
[13-Mar-2026 14:25:00 UTC] PHP Deprecated:  chr(): Providing a value not in-between 0 and 255 is deprecated, this is because a byte value must be in the [0, 255] interval. The value used will be constrained using % 256 in C:\Users\Pablo\Documents\GitHub\nine-screen-canvas-flow\vendor\phpseclib\phpseclib\phpseclib\Math\BigInteger\Engines\BCMath.php on line 157
[13-Mar-2026 14:25:00 UTC] PHP Deprecated:  chr(): Providing a value not in-between 0 and 255 is deprecated, this is because a byte value must be in the [0, 255] interval. The value used will be constrained using % 256 in C:\Users\Pablo\Documents\GitHub\nine-screen-canvas-flow\vendor\phpseclib\phpseclib\phpseclib\Math\BigInteger\Engines\BCMath.php on line 157
[13-Mar-2026 14:25:00 UTC] PHP Deprecated:  chr(): Providing a value not in-between 0 and 255 is deprecated, this is because a byte value must be in the [0, 255] interval. The value used will be constrained using % 256 in C:\Users\Pablo\Documents\GitHub\nine-screen-canvas-flow\vendor\phpseclib\phpseclib\phpseclib\Math\BigInteger\Engines\BCMath.php on line 157
[13-Mar-2026 14:25:00 UTC] PHP Deprecated:  chr(): Providing a value not in-between 0 and 255 is deprecated, this is because a byte value must be in the [0, 255] interval. The value used will be constrained using % 256 in C:\Users\Pablo\Documents\GitHub\nine-screen-canvas-flow\vendor\phpseclib\phpseclib\phpseclib\Math\BigInteger\Engines\BCMath.php on line 157
[13-Mar-2026 14:25:00 UTC] PHP Deprecated:  chr(): Providing a value not in-between 0 and 255 is deprecated, this is because a byte value must be in the [0, 255] interval. The value used will be constrained using % 256 in C:\Users\Pablo\Documents\GitHub\nine-screen-canvas-flow\vendor\phpseclib\phpseclib\phpseclib\Math\BigInteger\Engines\BCMath.php on line 157
[13-Mar-2026 14:25:00 UTC] PHP Deprecated:  chr(): Providing a value not in-between 0 and 255 is deprecated, this is because a byte value must be in the [0, 255] interval. The value used will be constrained using % 256 in C:\Users\Pablo\Documents\GitHub\nine-screen-canvas-flow\vendor\phpseclib\phpseclib\phpseclib\Math\BigInteger\Engines\BCMath.php on line 157
[13-Mar-2026 14:25:00 UTC] PHP Deprecated:  chr(): Providing a value not in-between 0 and 255 is deprecated, this is because a byte value must be in the [0, 255] interval. The value used will be constrained using % 256 in C:\Users\Pablo\Documents\GitHub\nine-screen-canvas-flow\vendor\phpseclib\phpseclib\phpseclib\Math\BigInteger\Engines\BCMath.php on line 157
[13-Mar-2026 14:25:00 UTC] PHP Deprecated:  chr(): Providing a value not in-between 0 and 255 is deprecated, this is because a byte value must be in the [0, 255] interval. The value used will be constrained using % 256 in C:\Users\Pablo\Documents\GitHub\nine-screen-canvas-flow\vendor\phpseclib\phpseclib\phpseclib\Math\BigInteger\Engines\BCMath.php on line 157
[13-Mar-2026 14:25:00 UTC] PHP Deprecated:  chr(): Providing a value not in-between 0 and 255 is deprecated, this is because a byte value must be in the [0, 255] interval. The value used will be constrained using % 256 in C:\Users\Pablo\Documents\GitHub\nine-screen-canvas-flow\vendor\phpseclib\phpseclib\phpseclib\Math\BigInteger\Engines\BCMath.php on line 157
[13-Mar-2026 14:25:00 UTC] PHP Deprecated:  chr(): Providing a value not in-between 0 and 255 is deprecated, this is because a byte value must be in the [0, 255] interval. The value used will be constrained using % 256 in C:\Users\Pablo\Documents\GitHub\nine-screen-canvas-flow\vendor\phpseclib\phpseclib\phpseclib\Math\BigInteger\Engines\BCMath.php on line 157
[13-Mar-2026 14:25:00 UTC] PHP Deprecated:  chr(): Providing a value not in-between 0 and 255 is deprecated, this is because a byte value must be in the [0, 255] interval. The value used will be constrained using % 256 in C:\Users\Pablo\Documents\GitHub\nine-screen-canvas-flow\vendor\phpseclib\phpseclib\phpseclib\Math\BigInteger\Engines\BCMath.php on line 157
[13-Mar-2026 14:25:00 UTC] PHP Deprecated:  chr(): Providing a value not in-between 0 and 255 is deprecated, this is because a byte value must be in the [0, 255] interval. The value used will be constrained using % 256 in C:\Users\Pablo\Documents\GitHub\nine-screen-canvas-flow\vendor\phpseclib\phpseclib\phpseclib\Math\BigInteger\Engines\BCMath.php on line 157
[13-Mar-2026 14:25:00 UTC] PHP Deprecated:  chr(): Providing a value not in-between 0 and 255 is deprecated, this is because a byte value must be in the [0, 255] interval. The value used will be constrained using % 256 in C:\Users\Pablo\Documents\GitHub\nine-screen-canvas-flow\vendor\phpseclib\phpseclib\phpseclib\Math\BigInteger\Engines\BCMath.php on line 157
[13-Mar-2026 14:25:00 UTC] PHP Deprecated:  chr(): Providing a value not in-between 0 and 255 is deprecated, this is because a byte value must be in the [0, 255] interval. The value used will be constrained using % 256 in C:\Users\Pablo\Documents\GitHub\nine-screen-canvas-flow\vendor\phpseclib\phpseclib\phpseclib\Math\BigInteger\Engines\BCMath.php on line 157
[13-Mar-2026 14:25:00 UTC] PHP Deprecated:  chr(): Providing a value not in-between 0 and 255 is deprecated, this is because a byte value must be in the [0, 255] interval. The value used will be constrained using % 256 in C:\Users\Pablo\Documents\GitHub\nine-screen-canvas-flow\vendor\phpseclib\phpseclib\phpseclib\Math\BigInteger\Engines\BCMath.php on line 157
[13-Mar-2026 14:25:00 UTC] PHP Deprecated:  chr(): Providing a value not in-between 0 and 255 is deprecated, this is because a byte value must be in the [0, 255] interval. The value used will be constrained using % 256 in C:\Users\Pablo\Documents\GitHub\nine-screen-canvas-flow\vendor\phpseclib\phpseclib\phpseclib\Math\BigInteger\Engines\BCMath.php on line 157
[13-Mar-2026 14:25:00 UTC] PHP Deprecated:  chr(): Providing a value not in-between 0 and 255 is deprecated, this is because a byte value must be in the [0, 255] interval. The value used will be constrained using % 256 in C:\Users\Pablo\Documents\GitHub\nine-screen-canvas-flow\vendor\phpseclib\phpseclib\phpseclib\Math\BigInteger\Engines\BCMath.php on line 157
[13-Mar-2026 14:25:00 UTC] PHP Deprecated:  chr(): Providing a value not in-between 0 and 255 is deprecated, this is because a byte value must be in the [0, 255] interval. The value used will be constrained using % 256 in C:\Users\Pablo\Documents\GitHub\nine-screen-canvas-flow\vendor\phpseclib\phpseclib\phpseclib\Math\BigInteger\Engines\BCMath.php on line 157
[13-Mar-2026 14:25:00 UTC] PHP Deprecated:  chr(): Providing a value not in-between 0 and 255 is deprecated, this is because a byte value must be in the [0, 255] interval. The value used will be constrained using % 256 in C:\Users\Pablo\Documents\GitHub\nine-screen-canvas-flow\vendor\phpseclib\phpseclib\phpseclib\Math\BigInteger\Engines\BCMath.php on line 157
[13-Mar-2026 14:25:00 UTC] PHP Deprecated:  chr(): Providing a value not in-between 0 and 255 is deprecated, this is because a byte value must be in the [0, 255] interval. The value used will be constrained using % 256 in C:\Users\Pablo\Documents\GitHub\nine-screen-canvas-flow\vendor\phpseclib\phpseclib\phpseclib\Math\BigInteger\Engines\BCMath.php on line 157
[13-Mar-2026 14:25:00 UTC] PHP Deprecated:  chr(): Providing a value not in-between 0 and 255 is deprecated, this is because a byte value must be in the [0, 255] interval. The value used will be constrained using % 256 in C:\Users\Pablo\Documents\GitHub\nine-screen-canvas-flow\vendor\phpseclib\phpseclib\phpseclib\Math\BigInteger\Engines\BCMath.php on line 157
[13-Mar-2026 14:25:00 UTC] PHP Deprecated:  chr(): Providing a value not in-between 0 and 255 is deprecated, this is because a byte value must be in the [0, 255] interval. The value used will be constrained using % 256 in C:\Users\Pablo\Documents\GitHub\nine-screen-canvas-flow\vendor\phpseclib\phpseclib\phpseclib\Math\BigInteger\Engines\BCMath.php on line 157
[13-Mar-2026 14:25:00 UTC] PHP Deprecated:  chr(): Providing a value not in-between 0 and 255 is deprecated, this is because a byte value must be in the [0, 255] interval. The value used will be constrained using % 256 in C:\Users\Pablo\Documents\GitHub\nine-screen-canvas-flow\vendor\phpseclib\phpseclib\phpseclib\Math\BigInteger\Engines\BCMath.php on line 157
[13-Mar-2026 14:25:00 UTC] PHP Deprecated:  chr(): Providing a value not in-between 0 and 255 is deprecated, this is because a byte value must be in the [0, 255] interval. The value used will be constrained using % 256 in C:\Users\Pablo\Documents\GitHub\nine-screen-canvas-flow\vendor\phpseclib\phpseclib\phpseclib\Math\BigInteger\Engines\BCMath.php on line 157
[13-Mar-2026 14:25:00 UTC] PHP Deprecated:  chr(): Providing a value not in-between 0 and 255 is deprecated, this is because a byte value must be in the [0, 255] interval. The value used will be constrained using % 256 in C:\Users\Pablo\Documents\GitHub\nine-screen-canvas-flow\vendor\phpseclib\phpseclib\phpseclib\Math\BigInteger\Engines\BCMath.php on line 157
[13-Mar-2026 14:25:00 UTC] PHP Deprecated:  chr(): Providing a value not in-between 0 and 255 is deprecated, this is because a byte value must be in the [0, 255] interval. The value used will be constrained using % 256 in C:\Users\Pablo\Documents\GitHub\nine-screen-canvas-flow\vendor\phpseclib\phpseclib\phpseclib\Math\BigInteger\Engines\BCMath.php on line 157
[13-Mar-2026 14:25:00 UTC] PHP Deprecated:  chr(): Providing a value not in-between 0 and 255 is deprecated, this is because a byte value must be in the [0, 255] interval. The value used will be constrained using % 256 in C:\Users\Pablo\Documents\GitHub\nine-screen-canvas-flow\vendor\phpseclib\phpseclib\phpseclib\Math\BigInteger\Engines\BCMath.php on line 157
[13-Mar-2026 14:25:00 UTC] PHP Deprecated:  chr(): Providing a value not in-between 0 and 255 is deprecated, this is because a byte value must be in the [0, 255] interval. The value used will be constrained using % 256 in C:\Users\Pablo\Documents\GitHub\nine-screen-canvas-flow\vendor\phpseclib\phpseclib\phpseclib\Math\BigInteger\Engines\BCMath.php on line 157
[13-Mar-2026 14:25:00 UTC] PHP Deprecated:  chr(): Providing a value not in-between 0 and 255 is deprecated, this is because a byte value must be in the [0, 255] interval. The value used will be constrained using % 256 in C:\Users\Pablo\Documents\GitHub\nine-screen-canvas-flow\vendor\phpseclib\phpseclib\phpseclib\Math\BigInteger\Engines\BCMath.php on line 157
[13-Mar-2026 14:25:00 UTC] PHP Deprecated:  chr(): Providing a value not in-between 0 and 255 is deprecated, this is because a byte value must be in the [0, 255] interval. The value used will be constrained using % 256 in C:\Users\Pablo\Documents\GitHub\nine-screen-canvas-flow\vendor\phpseclib\phpseclib\phpseclib\Math\BigInteger\Engines\BCMath.php on line 157
[13-Mar-2026 14:25:00 UTC] PHP Deprecated:  chr(): Providing a value not in-between 0 and 255 is deprecated, this is because a byte value must be in the [0, 255] interval. The value used will be constrained using % 256 in C:\Users\Pablo\Documents\GitHub\nine-screen-canvas-flow\vendor\phpseclib\phpseclib\phpseclib\Math\BigInteger\Engines\BCMath.php on line 157
[13-Mar-2026 14:25:00 UTC] PHP Deprecated:  chr(): Providing a value not in-between 0 and 255 is deprecated, this is because a byte value must be in the [0, 255] interval. The value used will be constrained using % 256 in C:\Users\Pablo\Documents\GitHub\nine-screen-canvas-flow\vendor\phpseclib\phpseclib\phpseclib\Math\BigInteger\Engines\BCMath.php on line 157
[13-Mar-2026 14:25:00 UTC] PHP Deprecated:  chr(): Providing a value not in-between 0 and 255 is deprecated, this is because a byte value must be in the [0, 255] interval. The value used will be constrained using % 256 in C:\Users\Pablo\Documents\GitHub\nine-screen-canvas-flow\vendor\phpseclib\phpseclib\phpseclib\Math\BigInteger\Engines\BCMath.php on line 157
[13-Mar-2026 14:25:00 UTC] PHP Deprecated:  chr(): Providing a value not in-between 0 and 255 is deprecated, this is because a byte value must be in the [0, 255] interval. The value used will be constrained using % 256 in C:\Users\Pablo\Documents\GitHub\nine-screen-canvas-flow\vendor\phpseclib\phpseclib\phpseclib\Math\BigInteger\Engines\BCMath.php on line 157
[13-Mar-2026 14:25:00 UTC] PHP Deprecated:  chr(): Providing a value not in-between 0 and 255 is deprecated, this is because a byte value must be in the [0, 255] interval. The value used will be constrained using % 256 in C:\Users\Pablo\Documents\GitHub\nine-screen-canvas-flow\vendor\phpseclib\phpseclib\phpseclib\Math\BigInteger\Engines\BCMath.php on line 157
[13-Mar-2026 14:25:00 UTC] PHP Deprecated:  chr(): Providing a value not in-between 0 and 255 is deprecated, this is because a byte value must be in the [0, 255] interval. The value used will be constrained using % 256 in C:\Users\Pablo\Documents\GitHub\nine-screen-canvas-flow\vendor\phpseclib\phpseclib\phpseclib\Math\BigInteger\Engines\BCMath.php on line 157
[13-Mar-2026 14:25:00 UTC] PHP Deprecated:  chr(): Providing a value not in-between 0 and 255 is deprecated, this is because a byte value must be in the [0, 255] interval. The value used will be constrained using % 256 in C:\Users\Pablo\Documents\GitHub\nine-screen-canvas-flow\vendor\phpseclib\phpseclib\phpseclib\Math\BigInteger\Engines\BCMath.php on line 157
[13-Mar-2026 14:25:00 UTC] PHP Deprecated:  chr(): Providing a value not in-between 0 and 255 is deprecated, this is because a byte value must be in the [0, 255] interval. The value used will be constrained using % 256 in C:\Users\Pablo\Documents\GitHub\nine-screen-canvas-flow\vendor\phpseclib\phpseclib\phpseclib\Math\BigInteger\Engines\BCMath.php on line 157
[13-Mar-2026 14:25:00 UTC] PHP Deprecated:  chr(): Providing a value not in-between 0 and 255 is deprecated, this is because a byte value must be in the [0, 255] interval. The value used will be constrained using % 256 in C:\Users\Pablo\Documents\GitHub\nine-screen-canvas-flow\vendor\phpseclib\phpseclib\phpseclib\Math\BigInteger\Engines\BCMath.php on line 157
[13-Mar-2026 14:25:00 UTC] PHP Deprecated:  chr(): Providing a value not in-between 0 and 255 is deprecated, this is because a byte value must be in the [0, 255] interval. The value used will be constrained using % 256 in C:\Users\Pablo\Documents\GitHub\nine-screen-canvas-flow\vendor\phpseclib\phpseclib\phpseclib\Math\BigInteger\Engines\BCMath.php on line 157
[13-Mar-2026 14:25:00 UTC] PHP Deprecated:  chr(): Providing a value not in-between 0 and 255 is deprecated, this is because a byte value must be in the [0, 255] interval. The value used will be constrained using % 256 in C:\Users\Pablo\Documents\GitHub\nine-screen-canvas-flow\vendor\phpseclib\phpseclib\phpseclib\Math\BigInteger\Engines\BCMath.php on line 157
[13-Mar-2026 14:25:00 UTC] PHP Deprecated:  chr(): Providing a value not in-between 0 and 255 is deprecated, this is because a byte value must be in the [0, 255] interval. The value used will be constrained using % 256 in C:\Users\Pablo\Documents\GitHub\nine-screen-canvas-flow\vendor\phpseclib\phpseclib\phpseclib\Math\BigInteger\Engines\BCMath.php on line 157
[13-Mar-2026 14:25:00 UTC] PHP Deprecated:  chr(): Providing a value not in-between 0 and 255 is deprecated, this is because a byte value must be in the [0, 255] interval. The value used will be constrained using % 256 in C:\Users\Pablo\Documents\GitHub\nine-screen-canvas-flow\vendor\phpseclib\phpseclib\phpseclib\Math\BigInteger\Engines\BCMath.php on line 157
[13-Mar-2026 14:25:00 UTC] PHP Deprecated:  chr(): Providing a value not in-between 0 and 255 is deprecated, this is because a byte value must be in the [0, 255] interval. The value used will be constrained using % 256 in C:\Users\Pablo\Documents\GitHub\nine-screen-canvas-flow\vendor\phpseclib\phpseclib\phpseclib\Math\BigInteger\Engines\BCMath.php on line 157
[13-Mar-2026 14:25:00 UTC] PHP Deprecated:  chr(): Providing a value not in-between 0 and 255 is deprecated, this is because a byte value must be in the [0, 255] interval. The value used will be constrained using % 256 in C:\Users\Pablo\Documents\GitHub\nine-screen-canvas-flow\vendor\phpseclib\phpseclib\phpseclib\Math\BigInteger\Engines\BCMath.php on line 157
[13-Mar-2026 14:25:00 UTC] PHP Deprecated:  chr(): Providing a value not in-between 0 and 255 is deprecated, this is because a byte value must be in the [0, 255] interval. The value used will be constrained using % 256 in C:\Users\Pablo\Documents\GitHub\nine-screen-canvas-flow\vendor\phpseclib\phpseclib\phpseclib\Math\BigInteger\Engines\BCMath.php on line 157
[13-Mar-2026 14:25:00 UTC] PHP Deprecated:  chr(): Providing a value not in-between 0 and 255 is deprecated, this is because a byte value must be in the [0, 255] interval. The value used will be constrained using % 256 in C:\Users\Pablo\Documents\GitHub\nine-screen-canvas-flow\vendor\phpseclib\phpseclib\phpseclib\Math\BigInteger\Engines\BCMath.php on line 157
[13-Mar-2026 14:25:00 UTC] PHP Deprecated:  chr(): Providing a value not in-between 0 and 255 is deprecated, this is because a byte value must be in the [0, 255] interval. The value used will be constrained using % 256 in C:\Users\Pablo\Documents\GitHub\nine-screen-canvas-flow\vendor\phpseclib\phpseclib\phpseclib\Math\BigInteger\Engines\BCMath.php on line 157
[13-Mar-2026 14:25:00 UTC] PHP Deprecated:  chr(): Providing a value not in-between 0 and 255 is deprecated, this is because a byte value must be in the [0, 255] interval. The value used will be constrained using % 256 in C:\Users\Pablo\Documents\GitHub\nine-screen-canvas-flow\vendor\phpseclib\phpseclib\phpseclib\Math\BigInteger\Engines\BCMath.php on line 157
[13-Mar-2026 14:25:00 UTC] PHP Deprecated:  chr(): Providing a value not in-between 0 and 255 is deprecated, this is because a byte value must be in the [0, 255] interval. The value used will be constrained using % 256 in C:\Users\Pablo\Documents\GitHub\nine-screen-canvas-flow\vendor\phpseclib\phpseclib\phpseclib\Math\BigInteger\Engines\BCMath.php on line 157
[13-Mar-2026 14:25:00 UTC] PHP Deprecated:  chr(): Providing a value not in-between 0 and 255 is deprecated, this is because a byte value must be in the [0, 255] interval. The value used will be constrained using % 256 in C:\Users\Pablo\Documents\GitHub\nine-screen-canvas-flow\vendor\phpseclib\phpseclib\phpseclib\Math\BigInteger\Engines\BCMath.php on line 157
[13-Mar-2026 14:25:00 UTC] PHP Deprecated:  chr(): Providing a value not in-between 0 and 255 is deprecated, this is because a byte value must be in the [0, 255] interval. The value used will be constrained using % 256 in C:\Users\Pablo\Documents\GitHub\nine-screen-canvas-flow\vendor\phpseclib\phpseclib\phpseclib\Math\BigInteger\Engines\BCMath.php on line 157
[13-Mar-2026 14:25:00 UTC] PHP Deprecated:  chr(): Providing a value not in-between 0 and 255 is deprecated, this is because a byte value must be in the [0, 255] interval. The value used will be constrained using % 256 in C:\Users\Pablo\Documents\GitHub\nine-screen-canvas-flow\vendor\phpseclib\phpseclib\phpseclib\Math\BigInteger\Engines\BCMath.php on line 157
[13-Mar-2026 14:25:00 UTC] PHP Deprecated:  chr(): Providing a value not in-between 0 and 255 is deprecated, this is because a byte value must be in the [0, 255] interval. The value used will be constrained using % 256 in C:\Users\Pablo\Documents\GitHub\nine-screen-canvas-flow\vendor\phpseclib\phpseclib\phpseclib\Math\BigInteger\Engines\BCMath.php on line 157
[13-Mar-2026 14:25:00 UTC] PHP Deprecated:  chr(): Providing a value not in-between 0 and 255 is deprecated, this is because a byte value must be in the [0, 255] interval. The value used will be constrained using % 256 in C:\Users\Pablo\Documents\GitHub\nine-screen-canvas-flow\vendor\phpseclib\phpseclib\phpseclib\Math\BigInteger\Engines\BCMath.php on line 157
[13-Mar-2026 14:25:00 UTC] PHP Deprecated:  chr(): Providing a value not in-between 0 and 255 is deprecated, this is because a byte value must be in the [0, 255] interval. The value used will be constrained using % 256 in C:\Users\Pablo\Documents\GitHub\nine-screen-canvas-flow\vendor\phpseclib\phpseclib\phpseclib\Math\BigInteger\Engines\BCMath.php on line 157
[13-Mar-2026 14:25:00 UTC] PHP Deprecated:  chr(): Providing a value not in-between 0 and 255 is deprecated, this is because a byte value must be in the [0, 255] interval. The value used will be constrained using % 256 in C:\Users\Pablo\Documents\GitHub\nine-screen-canvas-flow\vendor\phpseclib\phpseclib\phpseclib\Math\BigInteger\Engines\BCMath.php on line 157
[13-Mar-2026 14:25:00 UTC] PHP Deprecated:  chr(): Providing a value not in-between 0 and 255 is deprecated, this is because a byte value must be in the [0, 255] interval. The value used will be constrained using % 256 in C:\Users\Pablo\Documents\GitHub\nine-screen-canvas-flow\vendor\phpseclib\phpseclib\phpseclib\Math\BigInteger\Engines\BCMath.php on line 157
[13-Mar-2026 14:25:00 UTC] PHP Deprecated:  chr(): Providing a value not in-between 0 and 255 is deprecated, this is because a byte value must be in the [0, 255] interval. The value used will be constrained using % 256 in C:\Users\Pablo\Documents\GitHub\nine-screen-canvas-flow\vendor\phpseclib\phpseclib\phpseclib\Math\BigInteger\Engines\BCMath.php on line 157
[13-Mar-2026 14:25:00 UTC] PHP Deprecated:  chr(): Providing a value not in-between 0 and 255 is deprecated, this is because a byte value must be in the [0, 255] interval. The value used will be constrained using % 256 in C:\Users\Pablo\Documents\GitHub\nine-screen-canvas-flow\vendor\phpseclib\phpseclib\phpseclib\Math\BigInteger\Engines\BCMath.php on line 157
[13-Mar-2026 14:25:00 UTC] PHP Deprecated:  chr(): Providing a value not in-between 0 and 255 is deprecated, this is because a byte value must be in the [0, 255] interval. The value used will be constrained using % 256 in C:\Users\Pablo\Documents\GitHub\nine-screen-canvas-flow\vendor\phpseclib\phpseclib\phpseclib\Math\BigInteger\Engines\BCMath.php on line 157
[13-Mar-2026 14:25:00 UTC] PHP Deprecated:  chr(): Providing a value not in-between 0 and 255 is deprecated, this is because a byte value must be in the [0, 255] interval. The value used will be constrained using % 256 in C:\Users\Pablo\Documents\GitHub\nine-screen-canvas-flow\vendor\phpseclib\phpseclib\phpseclib\Math\BigInteger\Engines\BCMath.php on line 157
[13-Mar-2026 14:25:00 UTC] PHP Deprecated:  chr(): Providing a value not in-between 0 and 255 is deprecated, this is because a byte value must be in the [0, 255] interval. The value used will be constrained using % 256 in C:\Users\Pablo\Documents\GitHub\nine-screen-canvas-flow\vendor\phpseclib\phpseclib\phpseclib\Math\BigInteger\Engines\BCMath.php on line 157
[13-Mar-2026 14:25:00 UTC] PHP Deprecated:  chr(): Providing a value not in-between 0 and 255 is deprecated, this is because a byte value must be in the [0, 255] interval. The value used will be constrained using % 256 in C:\Users\Pablo\Documents\GitHub\nine-screen-canvas-flow\vendor\phpseclib\phpseclib\phpseclib\Math\BigInteger\Engines\BCMath.php on line 157
[13-Mar-2026 14:25:00 UTC] PHP Deprecated:  chr(): Providing a value not in-between 0 and 255 is deprecated, this is because a byte value must be in the [0, 255] interval. The value used will be constrained using % 256 in C:\Users\Pablo\Documents\GitHub\nine-screen-canvas-flow\vendor\phpseclib\phpseclib\phpseclib\Math\BigInteger\Engines\BCMath.php on line 157
[13-Mar-2026 14:25:00 UTC] PHP Deprecated:  chr(): Providing a value not in-between 0 and 255 is deprecated, this is because a byte value must be in the [0, 255] interval. The value used will be constrained using % 256 in C:\Users\Pablo\Documents\GitHub\nine-screen-canvas-flow\vendor\phpseclib\phpseclib\phpseclib\Math\BigInteger\Engines\BCMath.php on line 157
[13-Mar-2026 14:25:00 UTC] PHP Deprecated:  chr(): Providing a value not in-between 0 and 255 is deprecated, this is because a byte value must be in the [0, 255] interval. The value used will be constrained using % 256 in C:\Users\Pablo\Documents\GitHub\nine-screen-canvas-flow\vendor\phpseclib\phpseclib\phpseclib\Math\BigInteger\Engines\BCMath.php on line 157
[13-Mar-2026 14:25:00 UTC] PHP Deprecated:  chr(): Providing a value not in-between 0 and 255 is deprecated, this is because a byte value must be in the [0, 255] interval. The value used will be constrained using % 256 in C:\Users\Pablo\Documents\GitHub\nine-screen-canvas-flow\vendor\phpseclib\phpseclib\phpseclib\Math\BigInteger\Engines\BCMath.php on line 157
[13-Mar-2026 14:25:00 UTC] PHP Deprecated:  chr(): Providing a value not in-between 0 and 255 is deprecated, this is because a byte value must be in the [0, 255] interval. The value used will be constrained using % 256 in C:\Users\Pablo\Documents\GitHub\nine-screen-canvas-flow\vendor\phpseclib\phpseclib\phpseclib\Math\BigInteger\Engines\BCMath.php on line 157
[13-Mar-2026 14:25:00 UTC] PHP Deprecated:  chr(): Providing a value not in-between 0 and 255 is deprecated, this is because a byte value must be in the [0, 255] interval. The value used will be constrained using % 256 in C:\Users\Pablo\Documents\GitHub\nine-screen-canvas-flow\vendor\phpseclib\phpseclib\phpseclib\Math\BigInteger\Engines\BCMath.php on line 157
[13-Mar-2026 14:25:00 UTC] PHP Deprecated:  chr(): Providing a value not in-between 0 and 255 is deprecated, this is because a byte value must be in the [0, 255] interval. The value used will be constrained using % 256 in C:\Users\Pablo\Documents\GitHub\nine-screen-canvas-flow\vendor\phpseclib\phpseclib\phpseclib\Math\BigInteger\Engines\BCMath.php on line 157
[13-Mar-2026 14:25:00 UTC] PHP Deprecated:  chr(): Providing a value not in-between 0 and 255 is deprecated, this is because a byte value must be in the [0, 255] interval. The value used will be constrained using % 256 in C:\Users\Pablo\Documents\GitHub\nine-screen-canvas-flow\vendor\phpseclib\phpseclib\phpseclib\Math\BigInteger\Engines\BCMath.php on line 157
[13-Mar-2026 14:25:00 UTC] PHP Deprecated:  chr(): Providing a value not in-between 0 and 255 is deprecated, this is because a byte value must be in the [0, 255] interval. The value used will be constrained using % 256 in C:\Users\Pablo\Documents\GitHub\nine-screen-canvas-flow\vendor\phpseclib\phpseclib\phpseclib\Math\BigInteger\Engines\BCMath.php on line 157
[13-Mar-2026 14:25:00 UTC] PHP Deprecated:  chr(): Providing a value not in-between 0 and 255 is deprecated, this is because a byte value must be in the [0, 255] interval. The value used will be constrained using % 256 in C:\Users\Pablo\Documents\GitHub\nine-screen-canvas-flow\vendor\phpseclib\phpseclib\phpseclib\Math\BigInteger\Engines\BCMath.php on line 157
[13-Mar-2026 14:25:00 UTC] PHP Deprecated:  chr(): Providing a value not in-between 0 and 255 is deprecated, this is because a byte value must be in the [0, 255] interval. The value used will be constrained using % 256 in C:\Users\Pablo\Documents\GitHub\nine-screen-canvas-flow\vendor\phpseclib\phpseclib\phpseclib\Math\BigInteger\Engines\BCMath.php on line 157
[13-Mar-2026 14:25:00 UTC] PHP Deprecated:  chr(): Providing a value not in-between 0 and 255 is deprecated, this is because a byte value must be in the [0, 255] interval. The value used will be constrained using % 256 in C:\Users\Pablo\Documents\GitHub\nine-screen-canvas-flow\vendor\phpseclib\phpseclib\phpseclib\Math\BigInteger\Engines\BCMath.php on line 157
[13-Mar-2026 14:25:00 UTC] PHP Deprecated:  chr(): Providing a value not in-between 0 and 255 is deprecated, this is because a byte value must be in the [0, 255] interval. The value used will be constrained using % 256 in C:\Users\Pablo\Documents\GitHub\nine-screen-canvas-flow\vendor\phpseclib\phpseclib\phpseclib\Math\BigInteger\Engines\BCMath.php on line 157
[13-Mar-2026 14:25:00 UTC] PHP Deprecated:  chr(): Providing a value not in-between 0 and 255 is deprecated, this is because a byte value must be in the [0, 255] interval. The value used will be constrained using % 256 in C:\Users\Pablo\Documents\GitHub\nine-screen-canvas-flow\vendor\phpseclib\phpseclib\phpseclib\Math\BigInteger\Engines\BCMath.php on line 157
[13-Mar-2026 14:25:00 UTC] PHP Deprecated:  chr(): Providing a value not in-between 0 and 255 is deprecated, this is because a byte value must be in the [0, 255] interval. The value used will be constrained using % 256 in C:\Users\Pablo\Documents\GitHub\nine-screen-canvas-flow\vendor\phpseclib\phpseclib\phpseclib\Math\BigInteger\Engines\BCMath.php on line 157
[13-Mar-2026 14:25:01 UTC] PHP Deprecated:  chr(): Providing a value not in-between 0 and 255 is deprecated, this is because a byte value must be in the [0, 255] interval. The value used will be constrained using % 256 in C:\Users\Pablo\Documents\GitHub\nine-screen-canvas-flow\vendor\phpseclib\phpseclib\phpseclib\Math\BigInteger\Engines\BCMath.php on line 157
[13-Mar-2026 14:25:01 UTC] PHP Deprecated:  chr(): Providing a value not in-between 0 and 255 is deprecated, this is because a byte value must be in the [0, 255] interval. The value used will be constrained using % 256 in C:\Users\Pablo\Documents\GitHub\nine-screen-canvas-flow\vendor\phpseclib\phpseclib\phpseclib\Math\BigInteger\Engines\BCMath.php on line 157
[13-Mar-2026 14:25:01 UTC] PHP Deprecated:  chr(): Providing a value not in-between 0 and 255 is deprecated, this is because a byte value must be in the [0, 255] interval. The value used will be constrained using % 256 in C:\Users\Pablo\Documents\GitHub\nine-screen-canvas-flow\vendor\phpseclib\phpseclib\phpseclib\Math\BigInteger\Engines\BCMath.php on line 157
[13-Mar-2026 14:25:01 UTC] PHP Deprecated:  chr(): Providing a value not in-between 0 and 255 is deprecated, this is because a byte value must be in the [0, 255] interval. The value used will be constrained using % 256 in C:\Users\Pablo\Documents\GitHub\nine-screen-canvas-flow\vendor\phpseclib\phpseclib\phpseclib\Math\BigInteger\Engines\BCMath.php on line 157
[13-Mar-2026 14:25:01 UTC] PHP Deprecated:  chr(): Providing a value not in-between 0 and 255 is deprecated, this is because a byte value must be in the [0, 255] interval. The value used will be constrained using % 256 in C:\Users\Pablo\Documents\GitHub\nine-screen-canvas-flow\vendor\phpseclib\phpseclib\phpseclib\Math\BigInteger\Engines\BCMath.php on line 157
[13-Mar-2026 14:25:01 UTC] PHP Deprecated:  chr(): Providing a value not in-between 0 and 255 is deprecated, this is because a byte value must be in the [0, 255] interval. The value used will be constrained using % 256 in C:\Users\Pablo\Documents\GitHub\nine-screen-canvas-flow\vendor\phpseclib\phpseclib\phpseclib\Math\BigInteger\Engines\BCMath.php on line 157
[13-Mar-2026 14:25:01 UTC] PHP Deprecated:  chr(): Providing a value not in-between 0 and 255 is deprecated, this is because a byte value must be in the [0, 255] interval. The value used will be constrained using % 256 in C:\Users\Pablo\Documents\GitHub\nine-screen-canvas-flow\vendor\phpseclib\phpseclib\phpseclib\Math\BigInteger\Engines\BCMath.php on line 157
[13-Mar-2026 14:25:01 UTC] PHP Deprecated:  chr(): Providing a value not in-between 0 and 255 is deprecated, this is because a byte value must be in the [0, 255] interval. The value used will be constrained using % 256 in C:\Users\Pablo\Documents\GitHub\nine-screen-canvas-flow\vendor\phpseclib\phpseclib\phpseclib\Math\BigInteger\Engines\BCMath.php on line 157
[13-Mar-2026 14:25:01 UTC] PHP Deprecated:  chr(): Providing a value not in-between 0 and 255 is deprecated, this is because a byte value must be in the [0, 255] interval. The value used will be constrained using % 256 in C:\Users\Pablo\Documents\GitHub\nine-screen-canvas-flow\vendor\phpseclib\phpseclib\phpseclib\Math\BigInteger\Engines\BCMath.php on line 157
[13-Mar-2026 14:25:01 UTC] PHP Deprecated:  chr(): Providing a value not in-between 0 and 255 is deprecated, this is because a byte value must be in the [0, 255] interval. The value used will be constrained using % 256 in C:\Users\Pablo\Documents\GitHub\nine-screen-canvas-flow\vendor\phpseclib\phpseclib\phpseclib\Math\BigInteger\Engines\BCMath.php on line 157
[13-Mar-2026 14:25:01 UTC] PHP Deprecated:  chr(): Providing a value not in-between 0 and 255 is deprecated, this is because a byte value must be in the [0, 255] interval. The value used will be constrained using % 256 in C:\Users\Pablo\Documents\GitHub\nine-screen-canvas-flow\vendor\phpseclib\phpseclib\phpseclib\Math\BigInteger\Engines\BCMath.php on line 157
[13-Mar-2026 14:25:01 UTC] PHP Deprecated:  chr(): Providing a value not in-between 0 and 255 is deprecated, this is because a byte value must be in the [0, 255] interval. The value used will be constrained using % 256 in C:\Users\Pablo\Documents\GitHub\nine-screen-canvas-flow\vendor\phpseclib\phpseclib\phpseclib\Math\BigInteger\Engines\BCMath.php on line 157
[13-Mar-2026 14:25:01 UTC] PHP Deprecated:  chr(): Providing a value not in-between 0 and 255 is deprecated, this is because a byte value must be in the [0, 255] interval. The value used will be constrained using % 256 in C:\Users\Pablo\Documents\GitHub\nine-screen-canvas-flow\vendor\phpseclib\phpseclib\phpseclib\Math\BigInteger\Engines\BCMath.php on line 157
[13-Mar-2026 14:25:01 UTC] PHP Deprecated:  chr(): Providing a value not in-between 0 and 255 is deprecated, this is because a byte value must be in the [0, 255] interval. The value used will be constrained using % 256 in C:\Users\Pablo\Documents\GitHub\nine-screen-canvas-flow\vendor\phpseclib\phpseclib\phpseclib\Math\BigInteger\Engines\BCMath.php on line 157
[13-Mar-2026 14:25:01 UTC] PHP Deprecated:  chr(): Providing a value not in-between 0 and 255 is deprecated, this is because a byte value must be in the [0, 255] interval. The value used will be constrained using % 256 in C:\Users\Pablo\Documents\GitHub\nine-screen-canvas-flow\vendor\phpseclib\phpseclib\phpseclib\Math\BigInteger\Engines\BCMath.php on line 157
[13-Mar-2026 14:25:01 UTC] PHP Deprecated:  chr(): Providing a value not in-between 0 and 255 is deprecated, this is because a byte value must be in the [0, 255] interval. The value used will be constrained using % 256 in C:\Users\Pablo\Documents\GitHub\nine-screen-canvas-flow\vendor\phpseclib\phpseclib\phpseclib\Math\BigInteger\Engines\BCMath.php on line 157
[13-Mar-2026 14:25:01 UTC] PHP Deprecated:  chr(): Providing a value not in-between 0 and 255 is deprecated, this is because a byte value must be in the [0, 255] interval. The value used will be constrained using % 256 in C:\Users\Pablo\Documents\GitHub\nine-screen-canvas-flow\vendor\phpseclib\phpseclib\phpseclib\Math\BigInteger\Engines\BCMath.php on line 157
[13-Mar-2026 14:25:01 UTC] PHP Deprecated:  chr(): Providing a value not in-between 0 and 255 is deprecated, this is because a byte value must be in the [0, 255] interval. The value used will be constrained using % 256 in C:\Users\Pablo\Documents\GitHub\nine-screen-canvas-flow\vendor\phpseclib\phpseclib\phpseclib\Math\BigInteger\Engines\BCMath.php on line 157
[13-Mar-2026 14:25:01 UTC] PHP Deprecated:  chr(): Providing a value not in-between 0 and 255 is deprecated, this is because a byte value must be in the [0, 255] interval. The value used will be constrained using % 256 in C:\Users\Pablo\Documents\GitHub\nine-screen-canvas-flow\vendor\phpseclib\phpseclib\phpseclib\Math\BigInteger\Engines\BCMath.php on line 157
[13-Mar-2026 14:25:01 UTC] PHP Deprecated:  chr(): Providing a value not in-between 0 and 255 is deprecated, this is because a byte value must be in the [0, 255] interval. The value used will be constrained using % 256 in C:\Users\Pablo\Documents\GitHub\nine-screen-canvas-flow\vendor\phpseclib\phpseclib\phpseclib\Math\BigInteger\Engines\BCMath.php on line 157
[13-Mar-2026 14:25:01 UTC] PHP Deprecated:  chr(): Providing a value not in-between 0 and 255 is deprecated, this is because a byte value must be in the [0, 255] interval. The value used will be constrained using % 256 in C:\Users\Pablo\Documents\GitHub\nine-screen-canvas-flow\vendor\phpseclib\phpseclib\phpseclib\Math\BigInteger\Engines\BCMath.php on line 157
[13-Mar-2026 14:25:01 UTC] PHP Deprecated:  chr(): Providing a value not in-between 0 and 255 is deprecated, this is because a byte value must be in the [0, 255] interval. The value used will be constrained using % 256 in C:\Users\Pablo\Documents\GitHub\nine-screen-canvas-flow\vendor\phpseclib\phpseclib\phpseclib\Math\BigInteger\Engines\BCMath.php on line 157
[13-Mar-2026 14:25:01 UTC] PHP Deprecated:  chr(): Providing a value not in-between 0 and 255 is deprecated, this is because a byte value must be in the [0, 255] interval. The value used will be constrained using % 256 in C:\Users\Pablo\Documents\GitHub\nine-screen-canvas-flow\vendor\phpseclib\phpseclib\phpseclib\Math\BigInteger\Engines\BCMath.php on line 157
[13-Mar-2026 14:25:01 UTC] PHP Deprecated:  chr(): Providing a value not in-between 0 and 255 is deprecated, this is because a byte value must be in the [0, 255] interval. The value used will be constrained using % 256 in C:\Users\Pablo\Documents\GitHub\nine-screen-canvas-flow\vendor\phpseclib\phpseclib\phpseclib\Math\BigInteger\Engines\BCMath.php on line 157
[13-Mar-2026 14:25:01 UTC] PHP Deprecated:  chr(): Providing a value not in-between 0 and 255 is deprecated, this is because a byte value must be in the [0, 255] interval. The value used will be constrained using % 256 in C:\Users\Pablo\Documents\GitHub\nine-screen-canvas-flow\vendor\phpseclib\phpseclib\phpseclib\Math\BigInteger\Engines\BCMath.php on line 157
[13-Mar-2026 14:25:01 UTC] PHP Deprecated:  chr(): Providing a value not in-between 0 and 255 is deprecated, this is because a byte value must be in the [0, 255] interval. The value used will be constrained using % 256 in C:\Users\Pablo\Documents\GitHub\nine-screen-canvas-flow\vendor\phpseclib\phpseclib\phpseclib\Math\BigInteger\Engines\BCMath.php on line 157
[13-Mar-2026 14:25:01 UTC] PHP Deprecated:  chr(): Providing a value not in-between 0 and 255 is deprecated, this is because a byte value must be in the [0, 255] interval. The value used will be constrained using % 256 in C:\Users\Pablo\Documents\GitHub\nine-screen-canvas-flow\vendor\phpseclib\phpseclib\phpseclib\Math\BigInteger\Engines\BCMath.php on line 157
[13-Mar-2026 14:25:01 UTC] PHP Deprecated:  chr(): Providing a value not in-between 0 and 255 is deprecated, this is because a byte value must be in the [0, 255] interval. The value used will be constrained using % 256 in C:\Users\Pablo\Documents\GitHub\nine-screen-canvas-flow\vendor\phpseclib\phpseclib\phpseclib\Math\BigInteger\Engines\BCMath.php on line 157
[13-Mar-2026 14:25:01 UTC] PHP Deprecated:  chr(): Providing a value not in-between 0 and 255 is deprecated, this is because a byte value must be in the [0, 255] interval. The value used will be constrained using % 256 in C:\Users\Pablo\Documents\GitHub\nine-screen-canvas-flow\vendor\phpseclib\phpseclib\phpseclib\Math\BigInteger\Engines\BCMath.php on line 157
[13-Mar-2026 14:25:01 UTC] PHP Deprecated:  chr(): Providing a value not in-between 0 and 255 is deprecated, this is because a byte value must be in the [0, 255] interval. The value used will be constrained using % 256 in C:\Users\Pablo\Documents\GitHub\nine-screen-canvas-flow\vendor\phpseclib\phpseclib\phpseclib\Math\BigInteger\Engines\BCMath.php on line 157
[13-Mar-2026 14:25:01 UTC] PHP Deprecated:  chr(): Providing a value not in-between 0 and 255 is deprecated, this is because a byte value must be in the [0, 255] interval. The value used will be constrained using % 256 in C:\Users\Pablo\Documents\GitHub\nine-screen-canvas-flow\vendor\phpseclib\phpseclib\phpseclib\Math\BigInteger\Engines\BCMath.php on line 157
[13-Mar-2026 14:25:01 UTC] PHP Deprecated:  chr(): Providing a value not in-between 0 and 255 is deprecated, this is because a byte value must be in the [0, 255] interval. The value used will be constrained using % 256 in C:\Users\Pablo\Documents\GitHub\nine-screen-canvas-flow\vendor\phpseclib\phpseclib\phpseclib\Math\BigInteger\Engines\BCMath.php on line 157
[13-Mar-2026 14:25:01 UTC] PHP Deprecated:  chr(): Providing a value not in-between 0 and 255 is deprecated, this is because a byte value must be in the [0, 255] interval. The value used will be constrained using % 256 in C:\Users\Pablo\Documents\GitHub\nine-screen-canvas-flow\vendor\phpseclib\phpseclib\phpseclib\Math\BigInteger\Engines\BCMath.php on line 157
[13-Mar-2026 14:25:01 UTC] PHP Deprecated:  chr(): Providing a value not in-between 0 and 255 is deprecated, this is because a byte value must be in the [0, 255] interval. The value used will be constrained using % 256 in C:\Users\Pablo\Documents\GitHub\nine-screen-canvas-flow\vendor\phpseclib\phpseclib\phpseclib\Math\BigInteger\Engines\BCMath.php on line 157
[13-Mar-2026 14:25:01 UTC] PHP Deprecated:  chr(): Providing a value not in-between 0 and 255 is deprecated, this is because a byte value must be in the [0, 255] interval. The value used will be constrained using % 256 in C:\Users\Pablo\Documents\GitHub\nine-screen-canvas-flow\vendor\phpseclib\phpseclib\phpseclib\Math\BigInteger\Engines\BCMath.php on line 157
[13-Mar-2026 14:25:01 UTC] PHP Deprecated:  chr(): Providing a value not in-between 0 and 255 is deprecated, this is because a byte value must be in the [0, 255] interval. The value used will be constrained using % 256 in C:\Users\Pablo\Documents\GitHub\nine-screen-canvas-flow\vendor\phpseclib\phpseclib\phpseclib\Math\BigInteger\Engines\BCMath.php on line 157
[13-Mar-2026 14:25:01 UTC] PHP Deprecated:  chr(): Providing a value not in-between 0 and 255 is deprecated, this is because a byte value must be in the [0, 255] interval. The value used will be constrained using % 256 in C:\Users\Pablo\Documents\GitHub\nine-screen-canvas-flow\vendor\phpseclib\phpseclib\phpseclib\Math\BigInteger\Engines\BCMath.php on line 157
[13-Mar-2026 14:25:01 UTC] PHP Deprecated:  chr(): Providing a value not in-between 0 and 255 is deprecated, this is because a byte value must be in the [0, 255] interval. The value used will be constrained using % 256 in C:\Users\Pablo\Documents\GitHub\nine-screen-canvas-flow\vendor\phpseclib\phpseclib\phpseclib\Math\BigInteger\Engines\BCMath.php on line 157
[13-Mar-2026 14:25:01 UTC] PHP Deprecated:  chr(): Providing a value not in-between 0 and 255 is deprecated, this is because a byte value must be in the [0, 255] interval. The value used will be constrained using % 256 in C:\Users\Pablo\Documents\GitHub\nine-screen-canvas-flow\vendor\phpseclib\phpseclib\phpseclib\Math\BigInteger\Engines\BCMath.php on line 157
[13-Mar-2026 14:25:01 UTC] PHP Deprecated:  chr(): Providing a value not in-between 0 and 255 is deprecated, this is because a byte value must be in the [0, 255] interval. The value used will be constrained using % 256 in C:\Users\Pablo\Documents\GitHub\nine-screen-canvas-flow\vendor\phpseclib\phpseclib\phpseclib\Math\BigInteger\Engines\BCMath.php on line 157
[13-Mar-2026 14:25:01 UTC] PHP Deprecated:  chr(): Providing a value not in-between 0 and 255 is deprecated, this is because a byte value must be in the [0, 255] interval. The value used will be constrained using % 256 in C:\Users\Pablo\Documents\GitHub\nine-screen-canvas-flow\vendor\phpseclib\phpseclib\phpseclib\Math\BigInteger\Engines\BCMath.php on line 157
[13-Mar-2026 14:25:01 UTC] PHP Deprecated:  chr(): Providing a value not in-between 0 and 255 is deprecated, this is because a byte value must be in the [0, 255] interval. The value used will be constrained using % 256 in C:\Users\Pablo\Documents\GitHub\nine-screen-canvas-flow\vendor\phpseclib\phpseclib\phpseclib\Math\BigInteger\Engines\BCMath.php on line 157
[13-Mar-2026 14:25:01 UTC] PHP Deprecated:  chr(): Providing a value not in-between 0 and 255 is deprecated, this is because a byte value must be in the [0, 255] interval. The value used will be constrained using % 256 in C:\Users\Pablo\Documents\GitHub\nine-screen-canvas-flow\vendor\phpseclib\phpseclib\phpseclib\Math\BigInteger\Engines\BCMath.php on line 157
[13-Mar-2026 14:25:01 UTC] PHP Deprecated:  chr(): Providing a value not in-between 0 and 255 is deprecated, this is because a byte value must be in the [0, 255] interval. The value used will be constrained using % 256 in C:\Users\Pablo\Documents\GitHub\nine-screen-canvas-flow\vendor\phpseclib\phpseclib\phpseclib\Math\BigInteger\Engines\BCMath.php on line 157
[13-Mar-2026 14:25:01 UTC] PHP Deprecated:  chr(): Providing a value not in-between 0 and 255 is deprecated, this is because a byte value must be in the [0, 255] interval. The value used will be constrained using % 256 in C:\Users\Pablo\Documents\GitHub\nine-screen-canvas-flow\vendor\phpseclib\phpseclib\phpseclib\Math\BigInteger\Engines\BCMath.php on line 157
[13-Mar-2026 14:25:01 UTC] PHP Deprecated:  chr(): Providing a value not in-between 0 and 255 is deprecated, this is because a byte value must be in the [0, 255] interval. The value used will be constrained using % 256 in C:\Users\Pablo\Documents\GitHub\nine-screen-canvas-flow\vendor\phpseclib\phpseclib\phpseclib\Math\BigInteger\Engines\BCMath.php on line 157
[13-Mar-2026 14:25:01 UTC] PHP Deprecated:  chr(): Providing a value not in-between 0 and 255 is deprecated, this is because a byte value must be in the [0, 255] interval. The value used will be constrained using % 256 in C:\Users\Pablo\Documents\GitHub\nine-screen-canvas-flow\vendor\phpseclib\phpseclib\phpseclib\Math\BigInteger\Engines\BCMath.php on line 157
[13-Mar-2026 14:25:01 UTC] PHP Deprecated:  chr(): Providing a value not in-between 0 and 255 is deprecated, this is because a byte value must be in the [0, 255] interval. The value used will be constrained using % 256 in C:\Users\Pablo\Documents\GitHub\nine-screen-canvas-flow\vendor\phpseclib\phpseclib\phpseclib\Math\BigInteger\Engines\BCMath.php on line 157
[13-Mar-2026 14:25:01 UTC] PHP Deprecated:  chr(): Providing a value not in-between 0 and 255 is deprecated, this is because a byte value must be in the [0, 255] interval. The value used will be constrained using % 256 in C:\Users\Pablo\Documents\GitHub\nine-screen-canvas-flow\vendor\phpseclib\phpseclib\phpseclib\Math\BigInteger\Engines\BCMath.php on line 157
[13-Mar-2026 14:25:01 UTC] PHP Deprecated:  chr(): Providing a value not in-between 0 and 255 is deprecated, this is because a byte value must be in the [0, 255] interval. The value used will be constrained using % 256 in C:\Users\Pablo\Documents\GitHub\nine-screen-canvas-flow\vendor\phpseclib\phpseclib\phpseclib\Math\BigInteger\Engines\BCMath.php on line 157
[13-Mar-2026 14:25:01 UTC] PHP Deprecated:  chr(): Providing a value not in-between 0 and 255 is deprecated, this is because a byte value must be in the [0, 255] interval. The value used will be constrained using % 256 in C:\Users\Pablo\Documents\GitHub\nine-screen-canvas-flow\vendor\phpseclib\phpseclib\phpseclib\Math\BigInteger\Engines\BCMath.php on line 157
[13-Mar-2026 14:25:01 UTC] PHP Deprecated:  chr(): Providing a value not in-between 0 and 255 is deprecated, this is because a byte value must be in the [0, 255] interval. The value used will be constrained using % 256 in C:\Users\Pablo\Documents\GitHub\nine-screen-canvas-flow\vendor\phpseclib\phpseclib\phpseclib\Math\BigInteger\Engines\BCMath.php on line 157
[13-Mar-2026 14:25:01 UTC] PHP Deprecated:  chr(): Providing a value not in-between 0 and 255 is deprecated, this is because a byte value must be in the [0, 255] interval. The value used will be constrained using % 256 in C:\Users\Pablo\Documents\GitHub\nine-screen-canvas-flow\vendor\phpseclib\phpseclib\phpseclib\Math\BigInteger\Engines\BCMath.php on line 157
[13-Mar-2026 14:25:01 UTC] PHP Deprecated:  chr(): Providing a value not in-between 0 and 255 is deprecated, this is because a byte value must be in the [0, 255] interval. The value used will be constrained using % 256 in C:\Users\Pablo\Documents\GitHub\nine-screen-canvas-flow\vendor\phpseclib\phpseclib\phpseclib\Math\BigInteger\Engines\BCMath.php on line 157
[13-Mar-2026 14:25:01 UTC] PHP Deprecated:  chr(): Providing a value not in-between 0 and 255 is deprecated, this is because a byte value must be in the [0, 255] interval. The value used will be constrained using % 256 in C:\Users\Pablo\Documents\GitHub\nine-screen-canvas-flow\vendor\phpseclib\phpseclib\phpseclib\Math\BigInteger\Engines\BCMath.php on line 157
[13-Mar-2026 14:25:01 UTC] PHP Deprecated:  chr(): Providing a value not in-between 0 and 255 is deprecated, this is because a byte value must be in the [0, 255] interval. The value used will be constrained using % 256 in C:\Users\Pablo\Documents\GitHub\nine-screen-canvas-flow\vendor\phpseclib\phpseclib\phpseclib\Math\BigInteger\Engines\BCMath.php on line 157
[13-Mar-2026 14:25:01 UTC] PHP Deprecated:  chr(): Providing a value not in-between 0 and 255 is deprecated, this is because a byte value must be in the [0, 255] interval. The value used will be constrained using % 256 in C:\Users\Pablo\Documents\GitHub\nine-screen-canvas-flow\vendor\phpseclib\phpseclib\phpseclib\Math\BigInteger\Engines\BCMath.php on line 157
[13-Mar-2026 14:25:01 UTC] PHP Deprecated:  chr(): Providing a value not in-between 0 and 255 is deprecated, this is because a byte value must be in the [0, 255] interval. The value used will be constrained using % 256 in C:\Users\Pablo\Documents\GitHub\nine-screen-canvas-flow\vendor\phpseclib\phpseclib\phpseclib\Math\BigInteger\Engines\BCMath.php on line 157
[13-Mar-2026 14:25:01 UTC] PHP Deprecated:  chr(): Providing a value not in-between 0 and 255 is deprecated, this is because a byte value must be in the [0, 255] interval. The value used will be constrained using % 256 in C:\Users\Pablo\Documents\GitHub\nine-screen-canvas-flow\vendor\phpseclib\phpseclib\phpseclib\Math\BigInteger\Engines\BCMath.php on line 157
[13-Mar-2026 14:25:01 UTC] PHP Deprecated:  chr(): Providing a value not in-between 0 and 255 is deprecated, this is because a byte value must be in the [0, 255] interval. The value used will be constrained using % 256 in C:\Users\Pablo\Documents\GitHub\nine-screen-canvas-flow\vendor\phpseclib\phpseclib\phpseclib\Math\BigInteger\Engines\BCMath.php on line 157
[13-Mar-2026 14:25:01 UTC] PHP Deprecated:  chr(): Providing a value not in-between 0 and 255 is deprecated, this is because a byte value must be in the [0, 255] interval. The value used will be constrained using % 256 in C:\Users\Pablo\Documents\GitHub\nine-screen-canvas-flow\vendor\phpseclib\phpseclib\phpseclib\Math\BigInteger\Engines\BCMath.php on line 157
[13-Mar-2026 14:25:01 UTC] PHP Deprecated:  chr(): Providing a value not in-between 0 and 255 is deprecated, this is because a byte value must be in the [0, 255] interval. The value used will be constrained using % 256 in C:\Users\Pablo\Documents\GitHub\nine-screen-canvas-flow\vendor\phpseclib\phpseclib\phpseclib\Math\BigInteger\Engines\BCMath.php on line 157
[13-Mar-2026 14:25:01 UTC] PHP Deprecated:  chr(): Providing a value not in-between 0 and 255 is deprecated, this is because a byte value must be in the [0, 255] interval. The value used will be constrained using % 256 in C:\Users\Pablo\Documents\GitHub\nine-screen-canvas-flow\vendor\phpseclib\phpseclib\phpseclib\Math\BigInteger\Engines\BCMath.php on line 157
[13-Mar-2026 14:25:01 UTC] PHP Deprecated:  chr(): Providing a value not in-between 0 and 255 is deprecated, this is because a byte value must be in the [0, 255] interval. The value used will be constrained using % 256 in C:\Users\Pablo\Documents\GitHub\nine-screen-canvas-flow\vendor\phpseclib\phpseclib\phpseclib\Math\BigInteger\Engines\BCMath.php on line 157
[13-Mar-2026 14:25:01 UTC] PHP Deprecated:  chr(): Providing a value not in-between 0 and 255 is deprecated, this is because a byte value must be in the [0, 255] interval. The value used will be constrained using % 256 in C:\Users\Pablo\Documents\GitHub\nine-screen-canvas-flow\vendor\phpseclib\phpseclib\phpseclib\Math\BigInteger\Engines\BCMath.php on line 157
[13-Mar-2026 14:25:01 UTC] PHP Deprecated:  chr(): Providing a value not in-between 0 and 255 is deprecated, this is because a byte value must be in the [0, 255] interval. The value used will be constrained using % 256 in C:\Users\Pablo\Documents\GitHub\nine-screen-canvas-flow\vendor\phpseclib\phpseclib\phpseclib\Math\BigInteger\Engines\BCMath.php on line 157
[13-Mar-2026 14:25:01 UTC] PHP Deprecated:  chr(): Providing a value not in-between 0 and 255 is deprecated, this is because a byte value must be in the [0, 255] interval. The value used will be constrained using % 256 in C:\Users\Pablo\Documents\GitHub\nine-screen-canvas-flow\vendor\phpseclib\phpseclib\phpseclib\Math\BigInteger\Engines\BCMath.php on line 157
[13-Mar-2026 14:25:01 UTC] PHP Deprecated:  chr(): Providing a value not in-between 0 and 255 is deprecated, this is because a byte value must be in the [0, 255] interval. The value used will be constrained using % 256 in C:\Users\Pablo\Documents\GitHub\nine-screen-canvas-flow\vendor\phpseclib\phpseclib\phpseclib\Math\BigInteger\Engines\BCMath.php on line 157
[13-Mar-2026 14:25:01 UTC] PHP Deprecated:  chr(): Providing a value not in-between 0 and 255 is deprecated, this is because a byte value must be in the [0, 255] interval. The value used will be constrained using % 256 in C:\Users\Pablo\Documents\GitHub\nine-screen-canvas-flow\vendor\phpseclib\phpseclib\phpseclib\Math\BigInteger\Engines\BCMath.php on line 157
[13-Mar-2026 14:25:01 UTC] PHP Deprecated:  chr(): Providing a value not in-between 0 and 255 is deprecated, this is because a byte value must be in the [0, 255] interval. The value used will be constrained using % 256 in C:\Users\Pablo\Documents\GitHub\nine-screen-canvas-flow\vendor\phpseclib\phpseclib\phpseclib\Math\BigInteger\Engines\BCMath.php on line 157
[13-Mar-2026 14:25:01 UTC] PHP Deprecated:  chr(): Providing a value not in-between 0 and 255 is deprecated, this is because a byte value must be in the [0, 255] interval. The value used will be constrained using % 256 in C:\Users\Pablo\Documents\GitHub\nine-screen-canvas-flow\vendor\phpseclib\phpseclib\phpseclib\Math\BigInteger\Engines\BCMath.php on line 157
[13-Mar-2026 14:25:01 UTC] PHP Deprecated:  chr(): Providing a value not in-between 0 and 255 is deprecated, this is because a byte value must be in the [0, 255] interval. The value used will be constrained using % 256 in C:\Users\Pablo\Documents\GitHub\nine-screen-canvas-flow\vendor\phpseclib\phpseclib\phpseclib\Math\BigInteger\Engines\BCMath.php on line 157
[13-Mar-2026 14:25:01 UTC] PHP Deprecated:  chr(): Providing a value not in-between 0 and 255 is deprecated, this is because a byte value must be in the [0, 255] interval. The value used will be constrained using % 256 in C:\Users\Pablo\Documents\GitHub\nine-screen-canvas-flow\vendor\phpseclib\phpseclib\phpseclib\Math\BigInteger\Engines\BCMath.php on line 157
[13-Mar-2026 14:25:01 UTC] PHP Deprecated:  chr(): Providing a value not in-between 0 and 255 is deprecated, this is because a byte value must be in the [0, 255] interval. The value used will be constrained using % 256 in C:\Users\Pablo\Documents\GitHub\nine-screen-canvas-flow\vendor\phpseclib\phpseclib\phpseclib\Math\BigInteger\Engines\BCMath.php on line 157
[13-Mar-2026 14:25:01 UTC] PHP Deprecated:  chr(): Providing a value not in-between 0 and 255 is deprecated, this is because a byte value must be in the [0, 255] interval. The value used will be constrained using % 256 in C:\Users\Pablo\Documents\GitHub\nine-screen-canvas-flow\vendor\phpseclib\phpseclib\phpseclib\Math\BigInteger\Engines\BCMath.php on line 157
[13-Mar-2026 14:25:01 UTC] PHP Deprecated:  chr(): Providing a value not in-between 0 and 255 is deprecated, this is because a byte value must be in the [0, 255] interval. The value used will be constrained using % 256 in C:\Users\Pablo\Documents\GitHub\nine-screen-canvas-flow\vendor\phpseclib\phpseclib\phpseclib\Math\BigInteger\Engines\BCMath.php on line 157
[13-Mar-2026 14:25:01 UTC] PHP Deprecated:  chr(): Providing a value not in-between 0 and 255 is deprecated, this is because a byte value must be in the [0, 255] interval. The value used will be constrained using % 256 in C:\Users\Pablo\Documents\GitHub\nine-screen-canvas-flow\vendor\phpseclib\phpseclib\phpseclib\Math\BigInteger\Engines\BCMath.php on line 157
[13-Mar-2026 14:25:01 UTC] PHP Deprecated:  chr(): Providing a value not in-between 0 and 255 is deprecated, this is because a byte value must be in the [0, 255] interval. The value used will be constrained using % 256 in C:\Users\Pablo\Documents\GitHub\nine-screen-canvas-flow\vendor\phpseclib\phpseclib\phpseclib\Math\BigInteger\Engines\BCMath.php on line 157
[13-Mar-2026 14:25:01 UTC] PHP Deprecated:  chr(): Providing a value not in-between 0 and 255 is deprecated, this is because a byte value must be in the [0, 255] interval. The value used will be constrained using % 256 in C:\Users\Pablo\Documents\GitHub\nine-screen-canvas-flow\vendor\phpseclib\phpseclib\phpseclib\Math\BigInteger\Engines\BCMath.php on line 157
[13-Mar-2026 14:25:01 UTC] PHP Deprecated:  chr(): Providing a value not in-between 0 and 255 is deprecated, this is because a byte value must be in the [0, 255] interval. The value used will be constrained using % 256 in C:\Users\Pablo\Documents\GitHub\nine-screen-canvas-flow\vendor\phpseclib\phpseclib\phpseclib\Math\BigInteger\Engines\BCMath.php on line 157
[13-Mar-2026 14:25:01 UTC] PHP Deprecated:  chr(): Providing a value not in-between 0 and 255 is deprecated, this is because a byte value must be in the [0, 255] interval. The value used will be constrained using % 256 in C:\Users\Pablo\Documents\GitHub\nine-screen-canvas-flow\vendor\phpseclib\phpseclib\phpseclib\Math\BigInteger\Engines\BCMath.php on line 157
[13-Mar-2026 14:25:01 UTC] PHP Deprecated:  chr(): Providing a value not in-between 0 and 255 is deprecated, this is because a byte value must be in the [0, 255] interval. The value used will be constrained using % 256 in C:\Users\Pablo\Documents\GitHub\nine-screen-canvas-flow\vendor\phpseclib\phpseclib\phpseclib\Math\BigInteger\Engines\BCMath.php on line 157
[13-Mar-2026 14:25:01 UTC] PHP Deprecated:  chr(): Providing a value not in-between 0 and 255 is deprecated, this is because a byte value must be in the [0, 255] interval. The value used will be constrained using % 256 in C:\Users\Pablo\Documents\GitHub\nine-screen-canvas-flow\vendor\phpseclib\phpseclib\phpseclib\Math\BigInteger\Engines\BCMath.php on line 157
[13-Mar-2026 14:25:01 UTC] PHP Deprecated:  chr(): Providing a value not in-between 0 and 255 is deprecated, this is because a byte value must be in the [0, 255] interval. The value used will be constrained using % 256 in C:\Users\Pablo\Documents\GitHub\nine-screen-canvas-flow\vendor\phpseclib\phpseclib\phpseclib\Math\BigInteger\Engines\BCMath.php on line 157
[13-Mar-2026 14:25:01 UTC] PHP Deprecated:  chr(): Providing a value not in-between 0 and 255 is deprecated, this is because a byte value must be in the [0, 255] interval. The value used will be constrained using % 256 in C:\Users\Pablo\Documents\GitHub\nine-screen-canvas-flow\vendor\phpseclib\phpseclib\phpseclib\Math\BigInteger\Engines\BCMath.php on line 157
[13-Mar-2026 14:25:01 UTC] PHP Deprecated:  chr(): Providing a value not in-between 0 and 255 is deprecated, this is because a byte value must be in the [0, 255] interval. The value used will be constrained using % 256 in C:\Users\Pablo\Documents\GitHub\nine-screen-canvas-flow\vendor\phpseclib\phpseclib\phpseclib\Math\BigInteger\Engines\BCMath.php on line 157
[13-Mar-2026 14:25:01 UTC] PHP Deprecated:  chr(): Providing a value not in-between 0 and 255 is deprecated, this is because a byte value must be in the [0, 255] interval. The value used will be constrained using % 256 in C:\Users\Pablo\Documents\GitHub\nine-screen-canvas-flow\vendor\phpseclib\phpseclib\phpseclib\Math\BigInteger\Engines\BCMath.php on line 157
[13-Mar-2026 14:25:01 UTC] PHP Deprecated:  chr(): Providing a value not in-between 0 and 255 is deprecated, this is because a byte value must be in the [0, 255] interval. The value used will be constrained using % 256 in C:\Users\Pablo\Documents\GitHub\nine-screen-canvas-flow\vendor\phpseclib\phpseclib\phpseclib\Math\BigInteger\Engines\BCMath.php on line 157
[13-Mar-2026 14:25:01 UTC] PHP Deprecated:  chr(): Providing a value not in-between 0 and 255 is deprecated, this is because a byte value must be in the [0, 255] interval. The value used will be constrained using % 256 in C:\Users\Pablo\Documents\GitHub\nine-screen-canvas-flow\vendor\phpseclib\phpseclib\phpseclib\Math\BigInteger\Engines\BCMath.php on line 157
[13-Mar-2026 14:25:01 UTC] PHP Deprecated:  chr(): Providing a value not in-between 0 and 255 is deprecated, this is because a byte value must be in the [0, 255] interval. The value used will be constrained using % 256 in C:\Users\Pablo\Documents\GitHub\nine-screen-canvas-flow\vendor\phpseclib\phpseclib\phpseclib\Math\BigInteger\Engines\BCMath.php on line 157
[13-Mar-2026 14:25:01 UTC] PHP Deprecated:  chr(): Providing a value not in-between 0 and 255 is deprecated, this is because a byte value must be in the [0, 255] interval. The value used will be constrained using % 256 in C:\Users\Pablo\Documents\GitHub\nine-screen-canvas-flow\vendor\phpseclib\phpseclib\phpseclib\Math\BigInteger\Engines\BCMath.php on line 157
[13-Mar-2026 14:25:01 UTC] PHP Deprecated:  chr(): Providing a value not in-between 0 and 255 is deprecated, this is because a byte value must be in the [0, 255] interval. The value used will be constrained using % 256 in C:\Users\Pablo\Documents\GitHub\nine-screen-canvas-flow\vendor\phpseclib\phpseclib\phpseclib\Math\BigInteger\Engines\BCMath.php on line 157
[13-Mar-2026 14:25:01 UTC] PHP Deprecated:  chr(): Providing a value not in-between 0 and 255 is deprecated, this is because a byte value must be in the [0, 255] interval. The value used will be constrained using % 256 in C:\Users\Pablo\Documents\GitHub\nine-screen-canvas-flow\vendor\phpseclib\phpseclib\phpseclib\Math\BigInteger\Engines\BCMath.php on line 157
[13-Mar-2026 14:25:01 UTC] PHP Deprecated:  chr(): Providing a value not in-between 0 and 255 is deprecated, this is because a byte value must be in the [0, 255] interval. The value used will be constrained using % 256 in C:\Users\Pablo\Documents\GitHub\nine-screen-canvas-flow\vendor\phpseclib\phpseclib\phpseclib\Math\BigInteger\Engines\BCMath.php on line 157
[13-Mar-2026 14:25:01 UTC] PHP Deprecated:  chr(): Providing a value not in-between 0 and 255 is deprecated, this is because a byte value must be in the [0, 255] interval. The value used will be constrained using % 256 in C:\Users\Pablo\Documents\GitHub\nine-screen-canvas-flow\vendor\phpseclib\phpseclib\phpseclib\Math\BigInteger\Engines\BCMath.php on line 157
[13-Mar-2026 14:25:01 UTC] PHP Deprecated:  chr(): Providing a value not in-between 0 and 255 is deprecated, this is because a byte value must be in the [0, 255] interval. The value used will be constrained using % 256 in C:\Users\Pablo\Documents\GitHub\nine-screen-canvas-flow\vendor\phpseclib\phpseclib\phpseclib\Math\BigInteger\Engines\BCMath.php on line 157
[13-Mar-2026 14:25:01 UTC] PHP Deprecated:  chr(): Providing a value not in-between 0 and 255 is deprecated, this is because a byte value must be in the [0, 255] interval. The value used will be constrained using % 256 in C:\Users\Pablo\Documents\GitHub\nine-screen-canvas-flow\vendor\phpseclib\phpseclib\phpseclib\Math\BigInteger\Engines\BCMath.php on line 157
[13-Mar-2026 14:25:01 UTC] PHP Deprecated:  chr(): Providing a value not in-between 0 and 255 is deprecated, this is because a byte value must be in the [0, 255] interval. The value used will be constrained using % 256 in C:\Users\Pablo\Documents\GitHub\nine-screen-canvas-flow\vendor\phpseclib\phpseclib\phpseclib\Math\BigInteger\Engines\BCMath.php on line 157
[13-Mar-2026 14:25:01 UTC] PHP Deprecated:  chr(): Providing a value not in-between 0 and 255 is deprecated, this is because a byte value must be in the [0, 255] interval. The value used will be constrained using % 256 in C:\Users\Pablo\Documents\GitHub\nine-screen-canvas-flow\vendor\phpseclib\phpseclib\phpseclib\Math\BigInteger\Engines\BCMath.php on line 157
[13-Mar-2026 14:25:01 UTC] PHP Deprecated:  chr(): Providing a value not in-between 0 and 255 is deprecated, this is because a byte value must be in the [0, 255] interval. The value used will be constrained using % 256 in C:\Users\Pablo\Documents\GitHub\nine-screen-canvas-flow\vendor\phpseclib\phpseclib\phpseclib\Math\BigInteger\Engines\BCMath.php on line 157
[13-Mar-2026 14:25:01 UTC] PHP Deprecated:  chr(): Providing a value not in-between 0 and 255 is deprecated, this is because a byte value must be in the [0, 255] interval. The value used will be constrained using % 256 in C:\Users\Pablo\Documents\GitHub\nine-screen-canvas-flow\vendor\phpseclib\phpseclib\phpseclib\Math\BigInteger\Engines\BCMath.php on line 157
[13-Mar-2026 14:25:01 UTC] PHP Deprecated:  chr(): Providing a value not in-between 0 and 255 is deprecated, this is because a byte value must be in the [0, 255] interval. The value used will be constrained using % 256 in C:\Users\Pablo\Documents\GitHub\nine-screen-canvas-flow\vendor\phpseclib\phpseclib\phpseclib\Math\BigInteger\Engines\BCMath.php on line 157
[13-Mar-2026 14:25:01 UTC] PHP Deprecated:  chr(): Providing a value not in-between 0 and 255 is deprecated, this is because a byte value must be in the [0, 255] interval. The value used will be constrained using % 256 in C:\Users\Pablo\Documents\GitHub\nine-screen-canvas-flow\vendor\phpseclib\phpseclib\phpseclib\Math\BigInteger\Engines\BCMath.php on line 157
[13-Mar-2026 14:25:01 UTC] PHP Deprecated:  chr(): Providing a value not in-between 0 and 255 is deprecated, this is because a byte value must be in the [0, 255] interval. The value used will be constrained using % 256 in C:\Users\Pablo\Documents\GitHub\nine-screen-canvas-flow\vendor\phpseclib\phpseclib\phpseclib\Math\BigInteger\Engines\BCMath.php on line 157
[13-Mar-2026 14:25:01 UTC] PHP Deprecated:  chr(): Providing a value not in-between 0 and 255 is deprecated, this is because a byte value must be in the [0, 255] interval. The value used will be constrained using % 256 in C:\Users\Pablo\Documents\GitHub\nine-screen-canvas-flow\vendor\phpseclib\phpseclib\phpseclib\Math\BigInteger\Engines\BCMath.php on line 157
[13-Mar-2026 14:25:01 UTC] PHP Deprecated:  chr(): Providing a value not in-between 0 and 255 is deprecated, this is because a byte value must be in the [0, 255] interval. The value used will be constrained using % 256 in C:\Users\Pablo\Documents\GitHub\nine-screen-canvas-flow\vendor\phpseclib\phpseclib\phpseclib\Math\BigInteger\Engines\BCMath.php on line 157
[13-Mar-2026 14:25:01 UTC] PHP Deprecated:  chr(): Providing a value not in-between 0 and 255 is deprecated, this is because a byte value must be in the [0, 255] interval. The value used will be constrained using % 256 in C:\Users\Pablo\Documents\GitHub\nine-screen-canvas-flow\vendor\phpseclib\phpseclib\phpseclib\Math\BigInteger\Engines\BCMath.php on line 157
[13-Mar-2026 14:25:01 UTC] PHP Deprecated:  chr(): Providing a value not in-between 0 and 255 is deprecated, this is because a byte value must be in the [0, 255] interval. The value used will be constrained using % 256 in C:\Users\Pablo\Documents\GitHub\nine-screen-canvas-flow\vendor\phpseclib\phpseclib\phpseclib\Math\BigInteger\Engines\BCMath.php on line 157
[13-Mar-2026 14:25:01 UTC] PHP Deprecated:  chr(): Providing a value not in-between 0 and 255 is deprecated, this is because a byte value must be in the [0, 255] interval. The value used will be constrained using % 256 in C:\Users\Pablo\Documents\GitHub\nine-screen-canvas-flow\vendor\phpseclib\phpseclib\phpseclib\Math\BigInteger\Engines\BCMath.php on line 157
[13-Mar-2026 14:25:01 UTC] PHP Deprecated:  chr(): Providing a value not in-between 0 and 255 is deprecated, this is because a byte value must be in the [0, 255] interval. The value used will be constrained using % 256 in C:\Users\Pablo\Documents\GitHub\nine-screen-canvas-flow\vendor\phpseclib\phpseclib\phpseclib\Math\BigInteger\Engines\BCMath.php on line 157
[13-Mar-2026 14:25:01 UTC] PHP Deprecated:  chr(): Providing a value not in-between 0 and 255 is deprecated, this is because a byte value must be in the [0, 255] interval. The value used will be constrained using % 256 in C:\Users\Pablo\Documents\GitHub\nine-screen-canvas-flow\vendor\phpseclib\phpseclib\phpseclib\Math\BigInteger\Engines\BCMath.php on line 157
[13-Mar-2026 14:25:01 UTC] PHP Deprecated:  chr(): Providing a value not in-between 0 and 255 is deprecated, this is because a byte value must be in the [0, 255] interval. The value used will be constrained using % 256 in C:\Users\Pablo\Documents\GitHub\nine-screen-canvas-flow\vendor\phpseclib\phpseclib\phpseclib\Math\BigInteger\Engines\BCMath.php on line 157
[13-Mar-2026 14:25:01 UTC] PHP Deprecated:  chr(): Providing a value not in-between 0 and 255 is deprecated, this is because a byte value must be in the [0, 255] interval. The value used will be constrained using % 256 in C:\Users\Pablo\Documents\GitHub\nine-screen-canvas-flow\vendor\phpseclib\phpseclib\phpseclib\Math\BigInteger\Engines\BCMath.php on line 157
[13-Mar-2026 14:25:01 UTC] PHP Deprecated:  chr(): Providing a value not in-between 0 and 255 is deprecated, this is because a byte value must be in the [0, 255] interval. The value used will be constrained using % 256 in C:\Users\Pablo\Documents\GitHub\nine-screen-canvas-flow\vendor\phpseclib\phpseclib\phpseclib\Math\BigInteger\Engines\BCMath.php on line 157
[13-Mar-2026 14:25:01 UTC] PHP Deprecated:  chr(): Providing a value not in-between 0 and 255 is deprecated, this is because a byte value must be in the [0, 255] interval. The value used will be constrained using % 256 in C:\Users\Pablo\Documents\GitHub\nine-screen-canvas-flow\vendor\phpseclib\phpseclib\phpseclib\Math\BigInteger\Engines\BCMath.php on line 157
[13-Mar-2026 14:25:01 UTC] PHP Deprecated:  chr(): Providing a value not in-between 0 and 255 is deprecated, this is because a byte value must be in the [0, 255] interval. The value used will be constrained using % 256 in C:\Users\Pablo\Documents\GitHub\nine-screen-canvas-flow\vendor\phpseclib\phpseclib\phpseclib\Math\BigInteger\Engines\BCMath.php on line 157
[13-Mar-2026 14:25:01 UTC] PHP Deprecated:  chr(): Providing a value not in-between 0 and 255 is deprecated, this is because a byte value must be in the [0, 255] interval. The value used will be constrained using % 256 in C:\Users\Pablo\Documents\GitHub\nine-screen-canvas-flow\vendor\phpseclib\phpseclib\phpseclib\Math\BigInteger\Engines\BCMath.php on line 157
[13-Mar-2026 14:25:01 UTC] PHP Deprecated:  chr(): Providing a value not in-between 0 and 255 is deprecated, this is because a byte value must be in the [0, 255] interval. The value used will be constrained using % 256 in C:\Users\Pablo\Documents\GitHub\nine-screen-canvas-flow\vendor\phpseclib\phpseclib\phpseclib\Math\BigInteger\Engines\BCMath.php on line 157
[13-Mar-2026 14:25:01 UTC] PHP Deprecated:  chr(): Providing a value not in-between 0 and 255 is deprecated, this is because a byte value must be in the [0, 255] interval. The value used will be constrained using % 256 in C:\Users\Pablo\Documents\GitHub\nine-screen-canvas-flow\vendor\phpseclib\phpseclib\phpseclib\Math\BigInteger\Engines\BCMath.php on line 157
[13-Mar-2026 14:25:01 UTC] PHP Deprecated:  chr(): Providing a value not in-between 0 and 255 is deprecated, this is because a byte value must be in the [0, 255] interval. The value used will be constrained using % 256 in C:\Users\Pablo\Documents\GitHub\nine-screen-canvas-flow\vendor\phpseclib\phpseclib\phpseclib\Math\BigInteger\Engines\BCMath.php on line 157
[13-Mar-2026 14:25:01 UTC] PHP Deprecated:  chr(): Providing a value not in-between 0 and 255 is deprecated, this is because a byte value must be in the [0, 255] interval. The value used will be constrained using % 256 in C:\Users\Pablo\Documents\GitHub\nine-screen-canvas-flow\vendor\phpseclib\phpseclib\phpseclib\Math\BigInteger\Engines\BCMath.php on line 157
[13-Mar-2026 14:25:01 UTC] PHP Deprecated:  chr(): Providing a value not in-between 0 and 255 is deprecated, this is because a byte value must be in the [0, 255] interval. The value used will be constrained using % 256 in C:\Users\Pablo\Documents\GitHub\nine-screen-canvas-flow\vendor\phpseclib\phpseclib\phpseclib\Math\BigInteger\Engines\BCMath.php on line 157
[13-Mar-2026 14:25:01 UTC] PHP Deprecated:  chr(): Providing a value not in-between 0 and 255 is deprecated, this is because a byte value must be in the [0, 255] interval. The value used will be constrained using % 256 in C:\Users\Pablo\Documents\GitHub\nine-screen-canvas-flow\vendor\phpseclib\phpseclib\phpseclib\Math\BigInteger\Engines\BCMath.php on line 157
[13-Mar-2026 14:25:01 UTC] PHP Deprecated:  chr(): Providing a value not in-between 0 and 255 is deprecated, this is because a byte value must be in the [0, 255] interval. The value used will be constrained using % 256 in C:\Users\Pablo\Documents\GitHub\nine-screen-canvas-flow\vendor\phpseclib\phpseclib\phpseclib\Math\BigInteger\Engines\BCMath.php on line 157
[13-Mar-2026 14:25:01 UTC] PHP Deprecated:  chr(): Providing a value not in-between 0 and 255 is deprecated, this is because a byte value must be in the [0, 255] interval. The value used will be constrained using % 256 in C:\Users\Pablo\Documents\GitHub\nine-screen-canvas-flow\vendor\phpseclib\phpseclib\phpseclib\Math\BigInteger\Engines\BCMath.php on line 157
[13-Mar-2026 14:25:01 UTC] PHP Deprecated:  chr(): Providing a value not in-between 0 and 255 is deprecated, this is because a byte value must be in the [0, 255] interval. The value used will be constrained using % 256 in C:\Users\Pablo\Documents\GitHub\nine-screen-canvas-flow\vendor\phpseclib\phpseclib\phpseclib\Math\BigInteger\Engines\BCMath.php on line 157
[13-Mar-2026 14:25:01 UTC] PHP Deprecated:  chr(): Providing a value not in-between 0 and 255 is deprecated, this is because a byte value must be in the [0, 255] interval. The value used will be constrained using % 256 in C:\Users\Pablo\Documents\GitHub\nine-screen-canvas-flow\vendor\phpseclib\phpseclib\phpseclib\Math\BigInteger\Engines\BCMath.php on line 157
[13-Mar-2026 14:25:01 UTC] PHP Deprecated:  chr(): Providing a value not in-between 0 and 255 is deprecated, this is because a byte value must be in the [0, 255] interval. The value used will be constrained using % 256 in C:\Users\Pablo\Documents\GitHub\nine-screen-canvas-flow\vendor\phpseclib\phpseclib\phpseclib\Math\BigInteger\Engines\BCMath.php on line 157
[13-Mar-2026 14:25:01 UTC] PHP Deprecated:  chr(): Providing a value not in-between 0 and 255 is deprecated, this is because a byte value must be in the [0, 255] interval. The value used will be constrained using % 256 in C:\Users\Pablo\Documents\GitHub\nine-screen-canvas-flow\vendor\phpseclib\phpseclib\phpseclib\Math\BigInteger\Engines\BCMath.php on line 157
[13-Mar-2026 14:25:01 UTC] PHP Deprecated:  chr(): Providing a value not in-between 0 and 255 is deprecated, this is because a byte value must be in the [0, 255] interval. The value used will be constrained using % 256 in C:\Users\Pablo\Documents\GitHub\nine-screen-canvas-flow\vendor\phpseclib\phpseclib\phpseclib\Math\BigInteger\Engines\BCMath.php on line 157
[13-Mar-2026 14:25:01 UTC] PHP Deprecated:  chr(): Providing a value not in-between 0 and 255 is deprecated, this is because a byte value must be in the [0, 255] interval. The value used will be constrained using % 256 in C:\Users\Pablo\Documents\GitHub\nine-screen-canvas-flow\vendor\phpseclib\phpseclib\phpseclib\Math\BigInteger\Engines\BCMath.php on line 157
[13-Mar-2026 14:25:01 UTC] PHP Deprecated:  chr(): Providing a value not in-between 0 and 255 is deprecated, this is because a byte value must be in the [0, 255] interval. The value used will be constrained using % 256 in C:\Users\Pablo\Documents\GitHub\nine-screen-canvas-flow\vendor\phpseclib\phpseclib\phpseclib\Math\BigInteger\Engines\BCMath.php on line 157
[13-Mar-2026 14:25:01 UTC] PHP Deprecated:  chr(): Providing a value not in-between 0 and 255 is deprecated, this is because a byte value must be in the [0, 255] interval. The value used will be constrained using % 256 in C:\Users\Pablo\Documents\GitHub\nine-screen-canvas-flow\vendor\phpseclib\phpseclib\phpseclib\Math\BigInteger\Engines\BCMath.php on line 157
[13-Mar-2026 14:25:01 UTC] PHP Deprecated:  chr(): Providing a value not in-between 0 and 255 is deprecated, this is because a byte value must be in the [0, 255] interval. The value used will be constrained using % 256 in C:\Users\Pablo\Documents\GitHub\nine-screen-canvas-flow\vendor\phpseclib\phpseclib\phpseclib\Math\BigInteger\Engines\BCMath.php on line 157
[13-Mar-2026 14:25:01 UTC] PHP Deprecated:  chr(): Providing a value not in-between 0 and 255 is deprecated, this is because a byte value must be in the [0, 255] interval. The value used will be constrained using % 256 in C:\Users\Pablo\Documents\GitHub\nine-screen-canvas-flow\vendor\phpseclib\phpseclib\phpseclib\Math\BigInteger\Engines\BCMath.php on line 157
[13-Mar-2026 14:25:01 UTC] PHP Deprecated:  chr(): Providing a value not in-between 0 and 255 is deprecated, this is because a byte value must be in the [0, 255] interval. The value used will be constrained using % 256 in C:\Users\Pablo\Documents\GitHub\nine-screen-canvas-flow\vendor\phpseclib\phpseclib\phpseclib\Math\BigInteger\Engines\BCMath.php on line 157
[13-Mar-2026 14:25:01 UTC] PHP Deprecated:  chr(): Providing a value not in-between 0 and 255 is deprecated, this is because a byte value must be in the [0, 255] interval. The value used will be constrained using % 256 in C:\Users\Pablo\Documents\GitHub\nine-screen-canvas-flow\vendor\phpseclib\phpseclib\phpseclib\Math\BigInteger\Engines\BCMath.php on line 157
[13-Mar-2026 14:25:01 UTC] PHP Deprecated:  chr(): Providing a value not in-between 0 and 255 is deprecated, this is because a byte value must be in the [0, 255] interval. The value used will be constrained using % 256 in C:\Users\Pablo\Documents\GitHub\nine-screen-canvas-flow\vendor\phpseclib\phpseclib\phpseclib\Math\BigInteger\Engines\BCMath.php on line 157
[13-Mar-2026 14:25:01 UTC] PHP Deprecated:  chr(): Providing a value not in-between 0 and 255 is deprecated, this is because a byte value must be in the [0, 255] interval. The value used will be constrained using % 256 in C:\Users\Pablo\Documents\GitHub\nine-screen-canvas-flow\vendor\phpseclib\phpseclib\phpseclib\Math\BigInteger\Engines\BCMath.php on line 157
[13-Mar-2026 14:25:01 UTC] PHP Deprecated:  chr(): Providing a value not in-between 0 and 255 is deprecated, this is because a byte value must be in the [0, 255] interval. The value used will be constrained using % 256 in C:\Users\Pablo\Documents\GitHub\nine-screen-canvas-flow\vendor\phpseclib\phpseclib\phpseclib\Math\BigInteger\Engines\BCMath.php on line 157
[13-Mar-2026 14:25:01 UTC] PHP Deprecated:  chr(): Providing a value not in-between 0 and 255 is deprecated, this is because a byte value must be in the [0, 255] interval. The value used will be constrained using % 256 in C:\Users\Pablo\Documents\GitHub\nine-screen-canvas-flow\vendor\phpseclib\phpseclib\phpseclib\Math\BigInteger\Engines\BCMath.php on line 157
[13-Mar-2026 14:25:01 UTC] PHP Deprecated:  chr(): Providing a value not in-between 0 and 255 is deprecated, this is because a byte value must be in the [0, 255] interval. The value used will be constrained using % 256 in C:\Users\Pablo\Documents\GitHub\nine-screen-canvas-flow\vendor\phpseclib\phpseclib\phpseclib\Math\BigInteger\Engines\BCMath.php on line 157
[13-Mar-2026 14:25:01 UTC] PHP Deprecated:  chr(): Providing a value not in-between 0 and 255 is deprecated, this is because a byte value must be in the [0, 255] interval. The value used will be constrained using % 256 in C:\Users\Pablo\Documents\GitHub\nine-screen-canvas-flow\vendor\phpseclib\phpseclib\phpseclib\Math\BigInteger\Engines\BCMath.php on line 157
[13-Mar-2026 14:25:01 UTC] PHP Deprecated:  chr(): Providing a value not in-between 0 and 255 is deprecated, this is because a byte value must be in the [0, 255] interval. The value used will be constrained using % 256 in C:\Users\Pablo\Documents\GitHub\nine-screen-canvas-flow\vendor\phpseclib\phpseclib\phpseclib\Math\BigInteger\Engines\BCMath.php on line 157
[13-Mar-2026 14:25:01 UTC] PHP Deprecated:  chr(): Providing a value not in-between 0 and 255 is deprecated, this is because a byte value must be in the [0, 255] interval. The value used will be constrained using % 256 in C:\Users\Pablo\Documents\GitHub\nine-screen-canvas-flow\vendor\phpseclib\phpseclib\phpseclib\Math\BigInteger\Engines\BCMath.php on line 157
[13-Mar-2026 14:25:01 UTC] PHP Deprecated:  chr(): Providing a value not in-between 0 and 255 is deprecated, this is because a byte value must be in the [0, 255] interval. The value used will be constrained using % 256 in C:\Users\Pablo\Documents\GitHub\nine-screen-canvas-flow\vendor\phpseclib\phpseclib\phpseclib\Math\BigInteger\Engines\BCMath.php on line 157
[13-Mar-2026 14:25:01 UTC] PHP Deprecated:  chr(): Providing a value not in-between 0 and 255 is deprecated, this is because a byte value must be in the [0, 255] interval. The value used will be constrained using % 256 in C:\Users\Pablo\Documents\GitHub\nine-screen-canvas-flow\vendor\phpseclib\phpseclib\phpseclib\Math\BigInteger\Engines\BCMath.php on line 157
[13-Mar-2026 14:25:01 UTC] PHP Deprecated:  chr(): Providing a value not in-between 0 and 255 is deprecated, this is because a byte value must be in the [0, 255] interval. The value used will be constrained using % 256 in C:\Users\Pablo\Documents\GitHub\nine-screen-canvas-flow\vendor\phpseclib\phpseclib\phpseclib\Math\BigInteger\Engines\BCMath.php on line 157
[13-Mar-2026 14:25:01 UTC] PHP Deprecated:  chr(): Providing a value not in-between 0 and 255 is deprecated, this is because a byte value must be in the [0, 255] interval. The value used will be constrained using % 256 in C:\Users\Pablo\Documents\GitHub\nine-screen-canvas-flow\vendor\phpseclib\phpseclib\phpseclib\Math\BigInteger\Engines\BCMath.php on line 157
[13-Mar-2026 14:25:01 UTC] PHP Deprecated:  chr(): Providing a value not in-between 0 and 255 is deprecated, this is because a byte value must be in the [0, 255] interval. The value used will be constrained using % 256 in C:\Users\Pablo\Documents\GitHub\nine-screen-canvas-flow\vendor\phpseclib\phpseclib\phpseclib\Math\BigInteger\Engines\BCMath.php on line 157
[13-Mar-2026 14:25:01 UTC] PHP Deprecated:  chr(): Providing a value not in-between 0 and 255 is deprecated, this is because a byte value must be in the [0, 255] interval. The value used will be constrained using % 256 in C:\Users\Pablo\Documents\GitHub\nine-screen-canvas-flow\vendor\phpseclib\phpseclib\phpseclib\Math\BigInteger\Engines\BCMath.php on line 157
[13-Mar-2026 14:25:01 UTC] PHP Deprecated:  chr(): Providing a value not in-between 0 and 255 is deprecated, this is because a byte value must be in the [0, 255] interval. The value used will be constrained using % 256 in C:\Users\Pablo\Documents\GitHub\nine-screen-canvas-flow\vendor\phpseclib\phpseclib\phpseclib\Math\BigInteger\Engines\BCMath.php on line 157
[13-Mar-2026 14:25:01 UTC] PHP Deprecated:  chr(): Providing a value not in-between 0 and 255 is deprecated, this is because a byte value must be in the [0, 255] interval. The value used will be constrained using % 256 in C:\Users\Pablo\Documents\GitHub\nine-screen-canvas-flow\vendor\phpseclib\phpseclib\phpseclib\Math\BigInteger\Engines\BCMath.php on line 157
[13-Mar-2026 14:25:01 UTC] PHP Deprecated:  chr(): Providing a value not in-between 0 and 255 is deprecated, this is because a byte value must be in the [0, 255] interval. The value used will be constrained using % 256 in C:\Users\Pablo\Documents\GitHub\nine-screen-canvas-flow\vendor\phpseclib\phpseclib\phpseclib\Math\BigInteger\Engines\BCMath.php on line 157
[13-Mar-2026 14:25:01 UTC] PHP Deprecated:  chr(): Providing a value not in-between 0 and 255 is deprecated, this is because a byte value must be in the [0, 255] interval. The value used will be constrained using % 256 in C:\Users\Pablo\Documents\GitHub\nine-screen-canvas-flow\vendor\phpseclib\phpseclib\phpseclib\Math\BigInteger\Engines\BCMath.php on line 157
[13-Mar-2026 14:25:01 UTC] PHP Deprecated:  chr(): Providing a value not in-between 0 and 255 is deprecated, this is because a byte value must be in the [0, 255] interval. The value used will be constrained using % 256 in C:\Users\Pablo\Documents\GitHub\nine-screen-canvas-flow\vendor\phpseclib\phpseclib\phpseclib\Math\BigInteger\Engines\BCMath.php on line 157
[13-Mar-2026 14:25:01 UTC] PHP Deprecated:  chr(): Providing a value not in-between 0 and 255 is deprecated, this is because a byte value must be in the [0, 255] interval. The value used will be constrained using % 256 in C:\Users\Pablo\Documents\GitHub\nine-screen-canvas-flow\vendor\phpseclib\phpseclib\phpseclib\Math\BigInteger\Engines\BCMath.php on line 157
[13-Mar-2026 14:25:01 UTC] PHP Deprecated:  chr(): Providing a value not in-between 0 and 255 is deprecated, this is because a byte value must be in the [0, 255] interval. The value used will be constrained using % 256 in C:\Users\Pablo\Documents\GitHub\nine-screen-canvas-flow\vendor\phpseclib\phpseclib\phpseclib\Math\BigInteger\Engines\BCMath.php on line 157
[13-Mar-2026 14:25:01 UTC] PHP Deprecated:  chr(): Providing a value not in-between 0 and 255 is deprecated, this is because a byte value must be in the [0, 255] interval. The value used will be constrained using % 256 in C:\Users\Pablo\Documents\GitHub\nine-screen-canvas-flow\vendor\phpseclib\phpseclib\phpseclib\Math\BigInteger\Engines\BCMath.php on line 157
[13-Mar-2026 14:25:01 UTC] PHP Deprecated:  chr(): Providing a value not in-between 0 and 255 is deprecated, this is because a byte value must be in the [0, 255] interval. The value used will be constrained using % 256 in C:\Users\Pablo\Documents\GitHub\nine-screen-canvas-flow\vendor\phpseclib\phpseclib\phpseclib\Math\BigInteger\Engines\BCMath.php on line 157
[13-Mar-2026 14:25:01 UTC] PHP Deprecated:  chr(): Providing a value not in-between 0 and 255 is deprecated, this is because a byte value must be in the [0, 255] interval. The value used will be constrained using % 256 in C:\Users\Pablo\Documents\GitHub\nine-screen-canvas-flow\vendor\phpseclib\phpseclib\phpseclib\Math\BigInteger\Engines\BCMath.php on line 157
[13-Mar-2026 14:25:01 UTC] PHP Deprecated:  chr(): Providing a value not in-between 0 and 255 is deprecated, this is because a byte value must be in the [0, 255] interval. The value used will be constrained using % 256 in C:\Users\Pablo\Documents\GitHub\nine-screen-canvas-flow\vendor\phpseclib\phpseclib\phpseclib\Math\BigInteger\Engines\BCMath.php on line 157
[13-Mar-2026 14:25:01 UTC] PHP Deprecated:  chr(): Providing a value not in-between 0 and 255 is deprecated, this is because a byte value must be in the [0, 255] interval. The value used will be constrained using % 256 in C:\Users\Pablo\Documents\GitHub\nine-screen-canvas-flow\vendor\phpseclib\phpseclib\phpseclib\Math\BigInteger\Engines\BCMath.php on line 157
[13-Mar-2026 14:25:01 UTC] PHP Deprecated:  chr(): Providing a value not in-between 0 and 255 is deprecated, this is because a byte value must be in the [0, 255] interval. The value used will be constrained using % 256 in C:\Users\Pablo\Documents\GitHub\nine-screen-canvas-flow\vendor\phpseclib\phpseclib\phpseclib\Math\BigInteger\Engines\BCMath.php on line 157
[13-Mar-2026 14:25:01 UTC] PHP Deprecated:  chr(): Providing a value not in-between 0 and 255 is deprecated, this is because a byte value must be in the [0, 255] interval. The value used will be constrained using % 256 in C:\Users\Pablo\Documents\GitHub\nine-screen-canvas-flow\vendor\phpseclib\phpseclib\phpseclib\Math\BigInteger\Engines\BCMath.php on line 157
[13-Mar-2026 14:25:01 UTC] PHP Deprecated:  chr(): Providing a value not in-between 0 and 255 is deprecated, this is because a byte value must be in the [0, 255] interval. The value used will be constrained using % 256 in C:\Users\Pablo\Documents\GitHub\nine-screen-canvas-flow\vendor\phpseclib\phpseclib\phpseclib\Math\BigInteger\Engines\BCMath.php on line 157
[13-Mar-2026 14:25:01 UTC] PHP Deprecated:  chr(): Providing a value not in-between 0 and 255 is deprecated, this is because a byte value must be in the [0, 255] interval. The value used will be constrained using % 256 in C:\Users\Pablo\Documents\GitHub\nine-screen-canvas-flow\vendor\phpseclib\phpseclib\phpseclib\Math\BigInteger\Engines\BCMath.php on line 157
[13-Mar-2026 14:25:01 UTC] PHP Deprecated:  chr(): Providing a value not in-between 0 and 255 is deprecated, this is because a byte value must be in the [0, 255] interval. The value used will be constrained using % 256 in C:\Users\Pablo\Documents\GitHub\nine-screen-canvas-flow\vendor\phpseclib\phpseclib\phpseclib\Math\BigInteger\Engines\BCMath.php on line 157
[13-Mar-2026 14:25:01 UTC] PHP Deprecated:  chr(): Providing a value not in-between 0 and 255 is deprecated, this is because a byte value must be in the [0, 255] interval. The value used will be constrained using % 256 in C:\Users\Pablo\Documents\GitHub\nine-screen-canvas-flow\vendor\phpseclib\phpseclib\phpseclib\Math\BigInteger\Engines\BCMath.php on line 157
[13-Mar-2026 14:25:01 UTC] PHP Deprecated:  chr(): Providing a value not in-between 0 and 255 is deprecated, this is because a byte value must be in the [0, 255] interval. The value used will be constrained using % 256 in C:\Users\Pablo\Documents\GitHub\nine-screen-canvas-flow\vendor\phpseclib\phpseclib\phpseclib\Math\BigInteger\Engines\BCMath.php on line 157
[13-Mar-2026 14:25:01 UTC] PHP Deprecated:  chr(): Providing a value not in-between 0 and 255 is deprecated, this is because a byte value must be in the [0, 255] interval. The value used will be constrained using % 256 in C:\Users\Pablo\Documents\GitHub\nine-screen-canvas-flow\vendor\phpseclib\phpseclib\phpseclib\Math\BigInteger\Engines\BCMath.php on line 157
[13-Mar-2026 14:25:01 UTC] PHP Deprecated:  chr(): Providing a value not in-between 0 and 255 is deprecated, this is because a byte value must be in the [0, 255] interval. The value used will be constrained using % 256 in C:\Users\Pablo\Documents\GitHub\nine-screen-canvas-flow\vendor\phpseclib\phpseclib\phpseclib\Math\BigInteger\Engines\BCMath.php on line 157
[13-Mar-2026 14:25:01 UTC] PHP Deprecated:  chr(): Providing a value not in-between 0 and 255 is deprecated, this is because a byte value must be in the [0, 255] interval. The value used will be constrained using % 256 in C:\Users\Pablo\Documents\GitHub\nine-screen-canvas-flow\vendor\phpseclib\phpseclib\phpseclib\Math\BigInteger\Engines\BCMath.php on line 157
[13-Mar-2026 14:25:01 UTC] PHP Deprecated:  chr(): Providing a value not in-between 0 and 255 is deprecated, this is because a byte value must be in the [0, 255] interval. The value used will be constrained using % 256 in C:\Users\Pablo\Documents\GitHub\nine-screen-canvas-flow\vendor\phpseclib\phpseclib\phpseclib\Math\BigInteger\Engines\BCMath.php on line 157
[13-Mar-2026 14:25:01 UTC] PHP Deprecated:  chr(): Providing a value not in-between 0 and 255 is deprecated, this is because a byte value must be in the [0, 255] interval. The value used will be constrained using % 256 in C:\Users\Pablo\Documents\GitHub\nine-screen-canvas-flow\vendor\phpseclib\phpseclib\phpseclib\Math\BigInteger\Engines\BCMath.php on line 157
[13-Mar-2026 14:25:01 UTC] PHP Deprecated:  chr(): Providing a value not in-between 0 and 255 is deprecated, this is because a byte value must be in the [0, 255] interval. The value used will be constrained using % 256 in C:\Users\Pablo\Documents\GitHub\nine-screen-canvas-flow\vendor\phpseclib\phpseclib\phpseclib\Math\BigInteger\Engines\BCMath.php on line 157
[13-Mar-2026 14:25:01 UTC] PHP Deprecated:  chr(): Providing a value not in-between 0 and 255 is deprecated, this is because a byte value must be in the [0, 255] interval. The value used will be constrained using % 256 in C:\Users\Pablo\Documents\GitHub\nine-screen-canvas-flow\vendor\phpseclib\phpseclib\phpseclib\Math\BigInteger\Engines\BCMath.php on line 157
[13-Mar-2026 14:25:01 UTC] PHP Deprecated:  chr(): Providing a value not in-between 0 and 255 is deprecated, this is because a byte value must be in the [0, 255] interval. The value used will be constrained using % 256 in C:\Users\Pablo\Documents\GitHub\nine-screen-canvas-flow\vendor\phpseclib\phpseclib\phpseclib\Math\BigInteger\Engines\BCMath.php on line 157
[13-Mar-2026 14:25:01 UTC] PHP Deprecated:  chr(): Providing a value not in-between 0 and 255 is deprecated, this is because a byte value must be in the [0, 255] interval. The value used will be constrained using % 256 in C:\Users\Pablo\Documents\GitHub\nine-screen-canvas-flow\vendor\phpseclib\phpseclib\phpseclib\Math\BigInteger\Engines\BCMath.php on line 157
[13-Mar-2026 14:25:01 UTC] PHP Deprecated:  chr(): Providing a value not in-between 0 and 255 is deprecated, this is because a byte value must be in the [0, 255] interval. The value used will be constrained using % 256 in C:\Users\Pablo\Documents\GitHub\nine-screen-canvas-flow\vendor\phpseclib\phpseclib\phpseclib\Math\BigInteger\Engines\BCMath.php on line 157
[13-Mar-2026 14:25:01 UTC] PHP Deprecated:  chr(): Providing a value not in-between 0 and 255 is deprecated, this is because a byte value must be in the [0, 255] interval. The value used will be constrained using % 256 in C:\Users\Pablo\Documents\GitHub\nine-screen-canvas-flow\vendor\phpseclib\phpseclib\phpseclib\Math\BigInteger\Engines\BCMath.php on line 157
[13-Mar-2026 14:25:01 UTC] PHP Deprecated:  chr(): Providing a value not in-between 0 and 255 is deprecated, this is because a byte value must be in the [0, 255] interval. The value used will be constrained using % 256 in C:\Users\Pablo\Documents\GitHub\nine-screen-canvas-flow\vendor\phpseclib\phpseclib\phpseclib\Math\BigInteger\Engines\BCMath.php on line 157
[13-Mar-2026 14:25:01 UTC] PHP Deprecated:  chr(): Providing a value not in-between 0 and 255 is deprecated, this is because a byte value must be in the [0, 255] interval. The value used will be constrained using % 256 in C:\Users\Pablo\Documents\GitHub\nine-screen-canvas-flow\vendor\phpseclib\phpseclib\phpseclib\Math\BigInteger\Engines\BCMath.php on line 157
[13-Mar-2026 14:25:01 UTC] PHP Deprecated:  chr(): Providing a value not in-between 0 and 255 is deprecated, this is because a byte value must be in the [0, 255] interval. The value used will be constrained using % 256 in C:\Users\Pablo\Documents\GitHub\nine-screen-canvas-flow\vendor\phpseclib\phpseclib\phpseclib\Math\BigInteger\Engines\BCMath.php on line 157
[13-Mar-2026 14:25:01 UTC] PHP Deprecated:  chr(): Providing a value not in-between 0 and 255 is deprecated, this is because a byte value must be in the [0, 255] interval. The value used will be constrained using % 256 in C:\Users\Pablo\Documents\GitHub\nine-screen-canvas-flow\vendor\phpseclib\phpseclib\phpseclib\Math\BigInteger\Engines\BCMath.php on line 157
[13-Mar-2026 14:25:01 UTC] PHP Deprecated:  chr(): Providing a value not in-between 0 and 255 is deprecated, this is because a byte value must be in the [0, 255] interval. The value used will be constrained using % 256 in C:\Users\Pablo\Documents\GitHub\nine-screen-canvas-flow\vendor\phpseclib\phpseclib\phpseclib\Math\BigInteger\Engines\BCMath.php on line 157
[13-Mar-2026 14:25:01 UTC] PHP Deprecated:  chr(): Providing a value not in-between 0 and 255 is deprecated, this is because a byte value must be in the [0, 255] interval. The value used will be constrained using % 256 in C:\Users\Pablo\Documents\GitHub\nine-screen-canvas-flow\vendor\phpseclib\phpseclib\phpseclib\Math\BigInteger\Engines\BCMath.php on line 157
[13-Mar-2026 14:25:01 UTC] PHP Deprecated:  chr(): Providing a value not in-between 0 and 255 is deprecated, this is because a byte value must be in the [0, 255] interval. The value used will be constrained using % 256 in C:\Users\Pablo\Documents\GitHub\nine-screen-canvas-flow\vendor\phpseclib\phpseclib\phpseclib\Math\BigInteger\Engines\BCMath.php on line 157
[13-Mar-2026 14:25:01 UTC] PHP Deprecated:  chr(): Providing a value not in-between 0 and 255 is deprecated, this is because a byte value must be in the [0, 255] interval. The value used will be constrained using % 256 in C:\Users\Pablo\Documents\GitHub\nine-screen-canvas-flow\vendor\phpseclib\phpseclib\phpseclib\Math\BigInteger\Engines\BCMath.php on line 157
[13-Mar-2026 14:25:01 UTC] PHP Deprecated:  chr(): Providing a value not in-between 0 and 255 is deprecated, this is because a byte value must be in the [0, 255] interval. The value used will be constrained using % 256 in C:\Users\Pablo\Documents\GitHub\nine-screen-canvas-flow\vendor\phpseclib\phpseclib\phpseclib\Math\BigInteger\Engines\BCMath.php on line 157
[13-Mar-2026 14:25:01 UTC] PHP Deprecated:  chr(): Providing a value not in-between 0 and 255 is deprecated, this is because a byte value must be in the [0, 255] interval. The value used will be constrained using % 256 in C:\Users\Pablo\Documents\GitHub\nine-screen-canvas-flow\vendor\phpseclib\phpseclib\phpseclib\Math\BigInteger\Engines\BCMath.php on line 157
[13-Mar-2026 14:25:01 UTC] PHP Deprecated:  chr(): Providing a value not in-between 0 and 255 is deprecated, this is because a byte value must be in the [0, 255] interval. The value used will be constrained using % 256 in C:\Users\Pablo\Documents\GitHub\nine-screen-canvas-flow\vendor\phpseclib\phpseclib\phpseclib\Math\BigInteger\Engines\BCMath.php on line 157
[13-Mar-2026 14:25:01 UTC] PHP Deprecated:  chr(): Providing a value not in-between 0 and 255 is deprecated, this is because a byte value must be in the [0, 255] interval. The value used will be constrained using % 256 in C:\Users\Pablo\Documents\GitHub\nine-screen-canvas-flow\vendor\phpseclib\phpseclib\phpseclib\Math\BigInteger\Engines\BCMath.php on line 157
[13-Mar-2026 14:25:01 UTC] PHP Deprecated:  chr(): Providing a value not in-between 0 and 255 is deprecated, this is because a byte value must be in the [0, 255] interval. The value used will be constrained using % 256 in C:\Users\Pablo\Documents\GitHub\nine-screen-canvas-flow\vendor\phpseclib\phpseclib\phpseclib\Math\BigInteger\Engines\BCMath.php on line 157
[13-Mar-2026 14:25:01 UTC] PHP Deprecated:  chr(): Providing a value not in-between 0 and 255 is deprecated, this is because a byte value must be in the [0, 255] interval. The value used will be constrained using % 256 in C:\Users\Pablo\Documents\GitHub\nine-screen-canvas-flow\vendor\phpseclib\phpseclib\phpseclib\Math\BigInteger\Engines\BCMath.php on line 157
[13-Mar-2026 14:25:01 UTC] PHP Deprecated:  chr(): Providing a value not in-between 0 and 255 is deprecated, this is because a byte value must be in the [0, 255] interval. The value used will be constrained using % 256 in C:\Users\Pablo\Documents\GitHub\nine-screen-canvas-flow\vendor\phpseclib\phpseclib\phpseclib\Math\BigInteger\Engines\BCMath.php on line 157
[13-Mar-2026 14:25:01 UTC] PHP Deprecated:  chr(): Providing a value not in-between 0 and 255 is deprecated, this is because a byte value must be in the [0, 255] interval. The value used will be constrained using % 256 in C:\Users\Pablo\Documents\GitHub\nine-screen-canvas-flow\vendor\phpseclib\phpseclib\phpseclib\Math\BigInteger\Engines\BCMath.php on line 157
[13-Mar-2026 14:25:01 UTC] PHP Deprecated:  chr(): Providing a value not in-between 0 and 255 is deprecated, this is because a byte value must be in the [0, 255] interval. The value used will be constrained using % 256 in C:\Users\Pablo\Documents\GitHub\nine-screen-canvas-flow\vendor\phpseclib\phpseclib\phpseclib\Math\BigInteger\Engines\BCMath.php on line 157
[13-Mar-2026 14:25:01 UTC] PHP Deprecated:  chr(): Providing a value not in-between 0 and 255 is deprecated, this is because a byte value must be in the [0, 255] interval. The value used will be constrained using % 256 in C:\Users\Pablo\Documents\GitHub\nine-screen-canvas-flow\vendor\phpseclib\phpseclib\phpseclib\Math\BigInteger\Engines\BCMath.php on line 157
[13-Mar-2026 14:25:01 UTC] PHP Deprecated:  chr(): Providing a value not in-between 0 and 255 is deprecated, this is because a byte value must be in the [0, 255] interval. The value used will be constrained using % 256 in C:\Users\Pablo\Documents\GitHub\nine-screen-canvas-flow\vendor\phpseclib\phpseclib\phpseclib\Math\BigInteger\Engines\BCMath.php on line 157
[13-Mar-2026 14:25:01 UTC] PHP Deprecated:  chr(): Providing a value not in-between 0 and 255 is deprecated, this is because a byte value must be in the [0, 255] interval. The value used will be constrained using % 256 in C:\Users\Pablo\Documents\GitHub\nine-screen-canvas-flow\vendor\phpseclib\phpseclib\phpseclib\Math\BigInteger\Engines\BCMath.php on line 157
[13-Mar-2026 14:25:01 UTC] PHP Deprecated:  chr(): Providing a value not in-between 0 and 255 is deprecated, this is because a byte value must be in the [0, 255] interval. The value used will be constrained using % 256 in C:\Users\Pablo\Documents\GitHub\nine-screen-canvas-flow\vendor\phpseclib\phpseclib\phpseclib\Math\BigInteger\Engines\BCMath.php on line 157
[13-Mar-2026 14:25:01 UTC] PHP Deprecated:  chr(): Providing a value not in-between 0 and 255 is deprecated, this is because a byte value must be in the [0, 255] interval. The value used will be constrained using % 256 in C:\Users\Pablo\Documents\GitHub\nine-screen-canvas-flow\vendor\phpseclib\phpseclib\phpseclib\Math\BigInteger\Engines\BCMath.php on line 157
[13-Mar-2026 14:25:01 UTC] PHP Deprecated:  chr(): Providing a value not in-between 0 and 255 is deprecated, this is because a byte value must be in the [0, 255] interval. The value used will be constrained using % 256 in C:\Users\Pablo\Documents\GitHub\nine-screen-canvas-flow\vendor\phpseclib\phpseclib\phpseclib\Math\BigInteger\Engines\BCMath.php on line 157
[13-Mar-2026 14:25:01 UTC] PHP Deprecated:  chr(): Providing a value not in-between 0 and 255 is deprecated, this is because a byte value must be in the [0, 255] interval. The value used will be constrained using % 256 in C:\Users\Pablo\Documents\GitHub\nine-screen-canvas-flow\vendor\phpseclib\phpseclib\phpseclib\Math\BigInteger\Engines\BCMath.php on line 157
[13-Mar-2026 14:25:01 UTC] PHP Deprecated:  chr(): Providing a value not in-between 0 and 255 is deprecated, this is because a byte value must be in the [0, 255] interval. The value used will be constrained using % 256 in C:\Users\Pablo\Documents\GitHub\nine-screen-canvas-flow\vendor\phpseclib\phpseclib\phpseclib\Math\BigInteger\Engines\BCMath.php on line 157
[13-Mar-2026 14:25:01 UTC] PHP Deprecated:  chr(): Providing a value not in-between 0 and 255 is deprecated, this is because a byte value must be in the [0, 255] interval. The value used will be constrained using % 256 in C:\Users\Pablo\Documents\GitHub\nine-screen-canvas-flow\vendor\phpseclib\phpseclib\phpseclib\Math\BigInteger\Engines\BCMath.php on line 157
[13-Mar-2026 14:25:01 UTC] PHP Deprecated:  chr(): Providing a value not in-between 0 and 255 is deprecated, this is because a byte value must be in the [0, 255] interval. The value used will be constrained using % 256 in C:\Users\Pablo\Documents\GitHub\nine-screen-canvas-flow\vendor\phpseclib\phpseclib\phpseclib\Math\BigInteger\Engines\BCMath.php on line 157
[13-Mar-2026 14:25:01 UTC] PHP Deprecated:  chr(): Providing a value not in-between 0 and 255 is deprecated, this is because a byte value must be in the [0, 255] interval. The value used will be constrained using % 256 in C:\Users\Pablo\Documents\GitHub\nine-screen-canvas-flow\vendor\phpseclib\phpseclib\phpseclib\Math\BigInteger\Engines\BCMath.php on line 157
[13-Mar-2026 14:25:01 UTC] PHP Deprecated:  chr(): Providing a value not in-between 0 and 255 is deprecated, this is because a byte value must be in the [0, 255] interval. The value used will be constrained using % 256 in C:\Users\Pablo\Documents\GitHub\nine-screen-canvas-flow\vendor\phpseclib\phpseclib\phpseclib\Math\BigInteger\Engines\BCMath.php on line 157
[13-Mar-2026 14:25:01 UTC] PHP Deprecated:  chr(): Providing a value not in-between 0 and 255 is deprecated, this is because a byte value must be in the [0, 255] interval. The value used will be constrained using % 256 in C:\Users\Pablo\Documents\GitHub\nine-screen-canvas-flow\vendor\phpseclib\phpseclib\phpseclib\Math\BigInteger\Engines\BCMath.php on line 157
[13-Mar-2026 14:25:01 UTC] PHP Deprecated:  chr(): Providing a value not in-between 0 and 255 is deprecated, this is because a byte value must be in the [0, 255] interval. The value used will be constrained using % 256 in C:\Users\Pablo\Documents\GitHub\nine-screen-canvas-flow\vendor\phpseclib\phpseclib\phpseclib\Math\BigInteger\Engines\BCMath.php on line 157
[13-Mar-2026 14:25:01 UTC] PHP Deprecated:  chr(): Providing a value not in-between 0 and 255 is deprecated, this is because a byte value must be in the [0, 255] interval. The value used will be constrained using % 256 in C:\Users\Pablo\Documents\GitHub\nine-screen-canvas-flow\vendor\phpseclib\phpseclib\phpseclib\Math\BigInteger\Engines\BCMath.php on line 157
[13-Mar-2026 14:25:01 UTC] PHP Deprecated:  chr(): Providing a value not in-between 0 and 255 is deprecated, this is because a byte value must be in the [0, 255] interval. The value used will be constrained using % 256 in C:\Users\Pablo\Documents\GitHub\nine-screen-canvas-flow\vendor\phpseclib\phpseclib\phpseclib\Math\BigInteger\Engines\BCMath.php on line 157
[13-Mar-2026 14:25:01 UTC] PHP Deprecated:  chr(): Providing a value not in-between 0 and 255 is deprecated, this is because a byte value must be in the [0, 255] interval. The value used will be constrained using % 256 in C:\Users\Pablo\Documents\GitHub\nine-screen-canvas-flow\vendor\phpseclib\phpseclib\phpseclib\Math\BigInteger\Engines\BCMath.php on line 157
[13-Mar-2026 14:25:01 UTC] PHP Deprecated:  chr(): Providing a value not in-between 0 and 255 is deprecated, this is because a byte value must be in the [0, 255] interval. The value used will be constrained using % 256 in C:\Users\Pablo\Documents\GitHub\nine-screen-canvas-flow\vendor\phpseclib\phpseclib\phpseclib\Math\BigInteger\Engines\BCMath.php on line 157
[13-Mar-2026 14:25:01 UTC] PHP Deprecated:  chr(): Providing a value not in-between 0 and 255 is deprecated, this is because a byte value must be in the [0, 255] interval. The value used will be constrained using % 256 in C:\Users\Pablo\Documents\GitHub\nine-screen-canvas-flow\vendor\phpseclib\phpseclib\phpseclib\Math\BigInteger\Engines\BCMath.php on line 157
[13-Mar-2026 14:25:01 UTC] PHP Deprecated:  chr(): Providing a value not in-between 0 and 255 is deprecated, this is because a byte value must be in the [0, 255] interval. The value used will be constrained using % 256 in C:\Users\Pablo\Documents\GitHub\nine-screen-canvas-flow\vendor\phpseclib\phpseclib\phpseclib\Math\BigInteger\Engines\BCMath.php on line 157
[13-Mar-2026 14:25:01 UTC] PHP Deprecated:  chr(): Providing a value not in-between 0 and 255 is deprecated, this is because a byte value must be in the [0, 255] interval. The value used will be constrained using % 256 in C:\Users\Pablo\Documents\GitHub\nine-screen-canvas-flow\vendor\phpseclib\phpseclib\phpseclib\Math\BigInteger\Engines\BCMath.php on line 157
[13-Mar-2026 14:25:01 UTC] PHP Deprecated:  chr(): Providing a value not in-between 0 and 255 is deprecated, this is because a byte value must be in the [0, 255] interval. The value used will be constrained using % 256 in C:\Users\Pablo\Documents\GitHub\nine-screen-canvas-flow\vendor\phpseclib\phpseclib\phpseclib\Math\BigInteger\Engines\BCMath.php on line 157
[13-Mar-2026 14:25:01 UTC] PHP Deprecated:  chr(): Providing a value not in-between 0 and 255 is deprecated, this is because a byte value must be in the [0, 255] interval. The value used will be constrained using % 256 in C:\Users\Pablo\Documents\GitHub\nine-screen-canvas-flow\vendor\phpseclib\phpseclib\phpseclib\Math\BigInteger\Engines\BCMath.php on line 157
[13-Mar-2026 14:25:01 UTC] PHP Deprecated:  chr(): Providing a value not in-between 0 and 255 is deprecated, this is because a byte value must be in the [0, 255] interval. The value used will be constrained using % 256 in C:\Users\Pablo\Documents\GitHub\nine-screen-canvas-flow\vendor\phpseclib\phpseclib\phpseclib\Math\BigInteger\Engines\BCMath.php on line 157
[13-Mar-2026 14:25:01 UTC] PHP Deprecated:  chr(): Providing a value not in-between 0 and 255 is deprecated, this is because a byte value must be in the [0, 255] interval. The value used will be constrained using % 256 in C:\Users\Pablo\Documents\GitHub\nine-screen-canvas-flow\vendor\phpseclib\phpseclib\phpseclib\Math\BigInteger\Engines\BCMath.php on line 157
[13-Mar-2026 14:25:01 UTC] PHP Deprecated:  chr(): Providing a value not in-between 0 and 255 is deprecated, this is because a byte value must be in the [0, 255] interval. The value used will be constrained using % 256 in C:\Users\Pablo\Documents\GitHub\nine-screen-canvas-flow\vendor\phpseclib\phpseclib\phpseclib\Math\BigInteger\Engines\BCMath.php on line 157
[13-Mar-2026 14:25:01 UTC] PHP Deprecated:  chr(): Providing a value not in-between 0 and 255 is deprecated, this is because a byte value must be in the [0, 255] interval. The value used will be constrained using % 256 in C:\Users\Pablo\Documents\GitHub\nine-screen-canvas-flow\vendor\phpseclib\phpseclib\phpseclib\Math\BigInteger\Engines\BCMath.php on line 157
[13-Mar-2026 14:25:01 UTC] PHP Deprecated:  chr(): Providing a value not in-between 0 and 255 is deprecated, this is because a byte value must be in the [0, 255] interval. The value used will be constrained using % 256 in C:\Users\Pablo\Documents\GitHub\nine-screen-canvas-flow\vendor\phpseclib\phpseclib\phpseclib\Math\BigInteger\Engines\BCMath.php on line 157
[13-Mar-2026 14:25:01 UTC] PHP Deprecated:  chr(): Providing a value not in-between 0 and 255 is deprecated, this is because a byte value must be in the [0, 255] interval. The value used will be constrained using % 256 in C:\Users\Pablo\Documents\GitHub\nine-screen-canvas-flow\vendor\phpseclib\phpseclib\phpseclib\Math\BigInteger\Engines\BCMath.php on line 157
[13-Mar-2026 14:25:01 UTC] PHP Deprecated:  chr(): Providing a value not in-between 0 and 255 is deprecated, this is because a byte value must be in the [0, 255] interval. The value used will be constrained using % 256 in C:\Users\Pablo\Documents\GitHub\nine-screen-canvas-flow\vendor\phpseclib\phpseclib\phpseclib\Math\BigInteger\Engines\BCMath.php on line 157
[13-Mar-2026 14:25:01 UTC] PHP Deprecated:  chr(): Providing a value not in-between 0 and 255 is deprecated, this is because a byte value must be in the [0, 255] interval. The value used will be constrained using % 256 in C:\Users\Pablo\Documents\GitHub\nine-screen-canvas-flow\vendor\phpseclib\phpseclib\phpseclib\Math\BigInteger\Engines\BCMath.php on line 157
[13-Mar-2026 14:25:01 UTC] PHP Deprecated:  chr(): Providing a value not in-between 0 and 255 is deprecated, this is because a byte value must be in the [0, 255] interval. The value used will be constrained using % 256 in C:\Users\Pablo\Documents\GitHub\nine-screen-canvas-flow\vendor\phpseclib\phpseclib\phpseclib\Math\BigInteger\Engines\BCMath.php on line 157
[13-Mar-2026 14:25:01 UTC] PHP Deprecated:  chr(): Providing a value not in-between 0 and 255 is deprecated, this is because a byte value must be in the [0, 255] interval. The value used will be constrained using % 256 in C:\Users\Pablo\Documents\GitHub\nine-screen-canvas-flow\vendor\phpseclib\phpseclib\phpseclib\Math\BigInteger\Engines\BCMath.php on line 157
[13-Mar-2026 14:25:01 UTC] PHP Deprecated:  chr(): Providing a value not in-between 0 and 255 is deprecated, this is because a byte value must be in the [0, 255] interval. The value used will be constrained using % 256 in C:\Users\Pablo\Documents\GitHub\nine-screen-canvas-flow\vendor\phpseclib\phpseclib\phpseclib\Math\BigInteger\Engines\BCMath.php on line 157
[13-Mar-2026 14:25:01 UTC] PHP Deprecated:  chr(): Providing a value not in-between 0 and 255 is deprecated, this is because a byte value must be in the [0, 255] interval. The value used will be constrained using % 256 in C:\Users\Pablo\Documents\GitHub\nine-screen-canvas-flow\vendor\phpseclib\phpseclib\phpseclib\Math\BigInteger\Engines\BCMath.php on line 157
[13-Mar-2026 14:25:01 UTC] PHP Deprecated:  chr(): Providing a value not in-between 0 and 255 is deprecated, this is because a byte value must be in the [0, 255] interval. The value used will be constrained using % 256 in C:\Users\Pablo\Documents\GitHub\nine-screen-canvas-flow\vendor\phpseclib\phpseclib\phpseclib\Math\BigInteger\Engines\BCMath.php on line 157
[13-Mar-2026 14:25:01 UTC] PHP Deprecated:  chr(): Providing a value not in-between 0 and 255 is deprecated, this is because a byte value must be in the [0, 255] interval. The value used will be constrained using % 256 in C:\Users\Pablo\Documents\GitHub\nine-screen-canvas-flow\vendor\phpseclib\phpseclib\phpseclib\Math\BigInteger\Engines\BCMath.php on line 157
[13-Mar-2026 14:25:01 UTC] PHP Deprecated:  chr(): Providing a value not in-between 0 and 255 is deprecated, this is because a byte value must be in the [0, 255] interval. The value used will be constrained using % 256 in C:\Users\Pablo\Documents\GitHub\nine-screen-canvas-flow\vendor\phpseclib\phpseclib\phpseclib\Math\BigInteger\Engines\BCMath.php on line 157
[13-Mar-2026 14:25:01 UTC] PHP Deprecated:  chr(): Providing a value not in-between 0 and 255 is deprecated, this is because a byte value must be in the [0, 255] interval. The value used will be constrained using % 256 in C:\Users\Pablo\Documents\GitHub\nine-screen-canvas-flow\vendor\phpseclib\phpseclib\phpseclib\Math\BigInteger\Engines\BCMath.php on line 157
[13-Mar-2026 14:25:01 UTC] PHP Deprecated:  chr(): Providing a value not in-between 0 and 255 is deprecated, this is because a byte value must be in the [0, 255] interval. The value used will be constrained using % 256 in C:\Users\Pablo\Documents\GitHub\nine-screen-canvas-flow\vendor\phpseclib\phpseclib\phpseclib\Math\BigInteger\Engines\BCMath.php on line 157
[13-Mar-2026 14:25:01 UTC] PHP Deprecated:  chr(): Providing a value not in-between 0 and 255 is deprecated, this is because a byte value must be in the [0, 255] interval. The value used will be constrained using % 256 in C:\Users\Pablo\Documents\GitHub\nine-screen-canvas-flow\vendor\phpseclib\phpseclib\phpseclib\Math\BigInteger\Engines\BCMath.php on line 157
[13-Mar-2026 14:25:01 UTC] PHP Deprecated:  chr(): Providing a value not in-between 0 and 255 is deprecated, this is because a byte value must be in the [0, 255] interval. The value used will be constrained using % 256 in C:\Users\Pablo\Documents\GitHub\nine-screen-canvas-flow\vendor\phpseclib\phpseclib\phpseclib\Math\BigInteger\Engines\BCMath.php on line 157
[13-Mar-2026 14:25:01 UTC] PHP Deprecated:  chr(): Providing a value not in-between 0 and 255 is deprecated, this is because a byte value must be in the [0, 255] interval. The value used will be constrained using % 256 in C:\Users\Pablo\Documents\GitHub\nine-screen-canvas-flow\vendor\phpseclib\phpseclib\phpseclib\Math\BigInteger\Engines\BCMath.php on line 157
[13-Mar-2026 14:25:01 UTC] PHP Deprecated:  chr(): Providing a value not in-between 0 and 255 is deprecated, this is because a byte value must be in the [0, 255] interval. The value used will be constrained using % 256 in C:\Users\Pablo\Documents\GitHub\nine-screen-canvas-flow\vendor\phpseclib\phpseclib\phpseclib\Math\BigInteger\Engines\BCMath.php on line 157
[13-Mar-2026 14:25:01 UTC] PHP Deprecated:  chr(): Providing a value not in-between 0 and 255 is deprecated, this is because a byte value must be in the [0, 255] interval. The value used will be constrained using % 256 in C:\Users\Pablo\Documents\GitHub\nine-screen-canvas-flow\vendor\phpseclib\phpseclib\phpseclib\Math\BigInteger\Engines\BCMath.php on line 157
[13-Mar-2026 14:25:01 UTC] PHP Deprecated:  chr(): Providing a value not in-between 0 and 255 is deprecated, this is because a byte value must be in the [0, 255] interval. The value used will be constrained using % 256 in C:\Users\Pablo\Documents\GitHub\nine-screen-canvas-flow\vendor\phpseclib\phpseclib\phpseclib\Math\BigInteger\Engines\BCMath.php on line 157
[13-Mar-2026 14:25:01 UTC] PHP Deprecated:  chr(): Providing a value not in-between 0 and 255 is deprecated, this is because a byte value must be in the [0, 255] interval. The value used will be constrained using % 256 in C:\Users\Pablo\Documents\GitHub\nine-screen-canvas-flow\vendor\phpseclib\phpseclib\phpseclib\Math\BigInteger\Engines\BCMath.php on line 157
[13-Mar-2026 14:25:01 UTC] PHP Deprecated:  chr(): Providing a value not in-between 0 and 255 is deprecated, this is because a byte value must be in the [0, 255] interval. The value used will be constrained using % 256 in C:\Users\Pablo\Documents\GitHub\nine-screen-canvas-flow\vendor\phpseclib\phpseclib\phpseclib\Math\BigInteger\Engines\BCMath.php on line 157
[13-Mar-2026 14:25:01 UTC] PHP Deprecated:  chr(): Providing a value not in-between 0 and 255 is deprecated, this is because a byte value must be in the [0, 255] interval. The value used will be constrained using % 256 in C:\Users\Pablo\Documents\GitHub\nine-screen-canvas-flow\vendor\phpseclib\phpseclib\phpseclib\Math\BigInteger\Engines\BCMath.php on line 157
[13-Mar-2026 14:25:01 UTC] PHP Deprecated:  chr(): Providing a value not in-between 0 and 255 is deprecated, this is because a byte value must be in the [0, 255] interval. The value used will be constrained using % 256 in C:\Users\Pablo\Documents\GitHub\nine-screen-canvas-flow\vendor\phpseclib\phpseclib\phpseclib\Math\BigInteger\Engines\BCMath.php on line 157
[13-Mar-2026 14:25:01 UTC] PHP Deprecated:  chr(): Providing a value not in-between 0 and 255 is deprecated, this is because a byte value must be in the [0, 255] interval. The value used will be constrained using % 256 in C:\Users\Pablo\Documents\GitHub\nine-screen-canvas-flow\vendor\phpseclib\phpseclib\phpseclib\Math\BigInteger\Engines\BCMath.php on line 157
[13-Mar-2026 14:25:01 UTC] PHP Deprecated:  chr(): Providing a value not in-between 0 and 255 is deprecated, this is because a byte value must be in the [0, 255] interval. The value used will be constrained using % 256 in C:\Users\Pablo\Documents\GitHub\nine-screen-canvas-flow\vendor\phpseclib\phpseclib\phpseclib\Math\BigInteger\Engines\BCMath.php on line 157
[13-Mar-2026 14:25:01 UTC] PHP Deprecated:  chr(): Providing a value not in-between 0 and 255 is deprecated, this is because a byte value must be in the [0, 255] interval. The value used will be constrained using % 256 in C:\Users\Pablo\Documents\GitHub\nine-screen-canvas-flow\vendor\phpseclib\phpseclib\phpseclib\Math\BigInteger\Engines\BCMath.php on line 157
[13-Mar-2026 14:25:01 UTC] PHP Deprecated:  chr(): Providing a value not in-between 0 and 255 is deprecated, this is because a byte value must be in the [0, 255] interval. The value used will be constrained using % 256 in C:\Users\Pablo\Documents\GitHub\nine-screen-canvas-flow\vendor\phpseclib\phpseclib\phpseclib\Math\BigInteger\Engines\BCMath.php on line 157
[13-Mar-2026 14:25:01 UTC] PHP Deprecated:  chr(): Providing a value not in-between 0 and 255 is deprecated, this is because a byte value must be in the [0, 255] interval. The value used will be constrained using % 256 in C:\Users\Pablo\Documents\GitHub\nine-screen-canvas-flow\vendor\phpseclib\phpseclib\phpseclib\Math\BigInteger\Engines\BCMath.php on line 157
[13-Mar-2026 14:25:01 UTC] PHP Deprecated:  chr(): Providing a value not in-between 0 and 255 is deprecated, this is because a byte value must be in the [0, 255] interval. The value used will be constrained using % 256 in C:\Users\Pablo\Documents\GitHub\nine-screen-canvas-flow\vendor\phpseclib\phpseclib\phpseclib\Math\BigInteger\Engines\BCMath.php on line 157
[13-Mar-2026 14:25:01 UTC] PHP Deprecated:  chr(): Providing a value not in-between 0 and 255 is deprecated, this is because a byte value must be in the [0, 255] interval. The value used will be constrained using % 256 in C:\Users\Pablo\Documents\GitHub\nine-screen-canvas-flow\vendor\phpseclib\phpseclib\phpseclib\Math\BigInteger\Engines\BCMath.php on line 157
[13-Mar-2026 14:25:01 UTC] PHP Deprecated:  chr(): Providing a value not in-between 0 and 255 is deprecated, this is because a byte value must be in the [0, 255] interval. The value used will be constrained using % 256 in C:\Users\Pablo\Documents\GitHub\nine-screen-canvas-flow\vendor\phpseclib\phpseclib\phpseclib\Math\BigInteger\Engines\BCMath.php on line 157
[13-Mar-2026 14:25:01 UTC] PHP Deprecated:  chr(): Providing a value not in-between 0 and 255 is deprecated, this is because a byte value must be in the [0, 255] interval. The value used will be constrained using % 256 in C:\Users\Pablo\Documents\GitHub\nine-screen-canvas-flow\vendor\phpseclib\phpseclib\phpseclib\Math\BigInteger\Engines\BCMath.php on line 157
[13-Mar-2026 14:25:01 UTC] PHP Deprecated:  chr(): Providing a value not in-between 0 and 255 is deprecated, this is because a byte value must be in the [0, 255] interval. The value used will be constrained using % 256 in C:\Users\Pablo\Documents\GitHub\nine-screen-canvas-flow\vendor\phpseclib\phpseclib\phpseclib\Math\BigInteger\Engines\BCMath.php on line 157
[13-Mar-2026 14:25:01 UTC] PHP Deprecated:  chr(): Providing a value not in-between 0 and 255 is deprecated, this is because a byte value must be in the [0, 255] interval. The value used will be constrained using % 256 in C:\Users\Pablo\Documents\GitHub\nine-screen-canvas-flow\vendor\phpseclib\phpseclib\phpseclib\Math\BigInteger\Engines\BCMath.php on line 157
[13-Mar-2026 14:25:01 UTC] PHP Deprecated:  chr(): Providing a value not in-between 0 and 255 is deprecated, this is because a byte value must be in the [0, 255] interval. The value used will be constrained using % 256 in C:\Users\Pablo\Documents\GitHub\nine-screen-canvas-flow\vendor\phpseclib\phpseclib\phpseclib\Math\BigInteger\Engines\BCMath.php on line 157
[13-Mar-2026 14:25:01 UTC] PHP Deprecated:  chr(): Providing a value not in-between 0 and 255 is deprecated, this is because a byte value must be in the [0, 255] interval. The value used will be constrained using % 256 in C:\Users\Pablo\Documents\GitHub\nine-screen-canvas-flow\vendor\phpseclib\phpseclib\phpseclib\Math\BigInteger\Engines\BCMath.php on line 157
[13-Mar-2026 14:25:01 UTC] PHP Deprecated:  chr(): Providing a value not in-between 0 and 255 is deprecated, this is because a byte value must be in the [0, 255] interval. The value used will be constrained using % 256 in C:\Users\Pablo\Documents\GitHub\nine-screen-canvas-flow\vendor\phpseclib\phpseclib\phpseclib\Math\BigInteger\Engines\BCMath.php on line 157
[13-Mar-2026 14:25:01 UTC] PHP Deprecated:  chr(): Providing a value not in-between 0 and 255 is deprecated, this is because a byte value must be in the [0, 255] interval. The value used will be constrained using % 256 in C:\Users\Pablo\Documents\GitHub\nine-screen-canvas-flow\vendor\phpseclib\phpseclib\phpseclib\Math\BigInteger\Engines\BCMath.php on line 157
[13-Mar-2026 14:25:01 UTC] PHP Deprecated:  chr(): Providing a value not in-between 0 and 255 is deprecated, this is because a byte value must be in the [0, 255] interval. The value used will be constrained using % 256 in C:\Users\Pablo\Documents\GitHub\nine-screen-canvas-flow\vendor\phpseclib\phpseclib\phpseclib\Math\BigInteger\Engines\BCMath.php on line 157
[13-Mar-2026 14:25:01 UTC] PHP Deprecated:  chr(): Providing a value not in-between 0 and 255 is deprecated, this is because a byte value must be in the [0, 255] interval. The value used will be constrained using % 256 in C:\Users\Pablo\Documents\GitHub\nine-screen-canvas-flow\vendor\phpseclib\phpseclib\phpseclib\Math\BigInteger\Engines\BCMath.php on line 157
[13-Mar-2026 14:25:01 UTC] PHP Deprecated:  chr(): Providing a value not in-between 0 and 255 is deprecated, this is because a byte value must be in the [0, 255] interval. The value used will be constrained using % 256 in C:\Users\Pablo\Documents\GitHub\nine-screen-canvas-flow\vendor\phpseclib\phpseclib\phpseclib\Math\BigInteger\Engines\BCMath.php on line 157
[13-Mar-2026 14:25:01 UTC] PHP Deprecated:  chr(): Providing a value not in-between 0 and 255 is deprecated, this is because a byte value must be in the [0, 255] interval. The value used will be constrained using % 256 in C:\Users\Pablo\Documents\GitHub\nine-screen-canvas-flow\vendor\phpseclib\phpseclib\phpseclib\Math\BigInteger\Engines\BCMath.php on line 157
[13-Mar-2026 14:25:01 UTC] Purchases database connection failed: SQLSTATE[HY000] [1045] Access denied for user 'alvarotrigo_alvarotrigo'@'79.117.116.182' (using password: YES)
[13-Mar-2026 14:25:01 UTC] Attempted connection to: host=nocn.noc-n.com, dbname=alvarotrigo_alvarotrigo, user=alvarotrigo_alvarotrigo
[13-Mar-2026 14:25:01 UTC] Error checking user paid status: Purchases database connection failed: SQLSTATE[HY000] [1045] Access denied for user 'alvarotrigo_alvarotrigo'@'79.117.116.182' (using password: YES)
[13-Mar-2026 14:25:01 UTC] MySQL select query: SELECT * FROM `users` WHERE `email` = :where_email_0 AND `pro_status_source` = :where_pro_status_source_1
[13-Mar-2026 14:25:01 UTC] MySQL select params: {"where_email_0":"ptrigol@gmail.com","where_pro_status_source_1":"polar"}
[13-Mar-2026 14:25:01 UTC] MySQL select returned 0 rows
[13-Mar-2026 14:25:01 UTC] MySQL select query: SELECT * FROM `subscriptions` WHERE `customer_email` = :where_customer_email_0 AND `status` = :where_status_1
[13-Mar-2026 14:25:01 UTC] MySQL select params: {"where_customer_email_0":"ptrigol@gmail.com","where_status_1":"active"}
[13-Mar-2026 14:25:01 UTC] MySQL select returned 0 rows
[13-Mar-2026 14:25:01 UTC] syncClerkSession - Creating/updating user: clerk_user_id=user_3AhnQJV5XslRK9dMtMXyCieGbiA, email=ptrigol@gmail.com, is_pro=false
[13-Mar-2026 14:25:01 UTC] Checking for existing user with clerk_user_id: user_3AhnQJV5XslRK9dMtMXyCieGbiA
[13-Mar-2026 14:25:01 UTC] MySQL select query: SELECT * FROM `users` WHERE `clerk_user_id` = :where_clerk_user_id_0
[13-Mar-2026 14:25:01 UTC] MySQL select params: {"where_clerk_user_id_0":"user_3AhnQJV5XslRK9dMtMXyCieGbiA"}
[13-Mar-2026 14:25:01 UTC] MySQL select returned 1 rows
[13-Mar-2026 14:25:01 UTC] Select query result: [{"id":2,"clerk_user_id":"user_3AhnQJV5XslRK9dMtMXyCieGbiA","email":"ptrigol@gmail.com","name":"Pablo Trigo","is_pro":0,"pro_status_source":null,"subscription_id":null,"last_login":"2026-03-13T14:24:57.000Z","created_at":"2026-03-09T10:58:19.000Z","updated_at":"2026-03-13T14:24:57.000Z"}] (type: array, empty: false)
[13-Mar-2026 14:25:01 UTC] Updating existing user: user_3AhnQJV5XslRK9dMtMXyCieGbiA (ptrigol@gmail.com)
[13-Mar-2026 14:25:01 UTC] MySQL update query: UPDATE `users` SET `clerk_user_id` = :clerk_user_id, `email` = :email, `name` = :name, `is_pro` = :is_pro, `pro_status_source` = :pro_status_source, `subscription_id` = :subscription_id, `last_login` = :last_login, `updated_at` = :updated_at WHERE `clerk_user_id` = :where_clerk_user_id_0
[13-Mar-2026 14:25:01 UTC] MySQL update params: {"clerk_user_id":"user_3AhnQJV5XslRK9dMtMXyCieGbiA","email":"ptrigol@gmail.com","name":"Pablo Trigo","is_pro":0,"pro_status_source":null,"subscription_id":null,"last_login":"2026-03-13 14:25:01","updated_at":"2026-03-13 14:25:01","where_clerk_user_id_0":"user_3AhnQJV5XslRK9dMtMXyCieGbiA"}
[13-Mar-2026 14:25:01 UTC] MySQL update affected rows: 1
[13-Mar-2026 14:25:01 UTC] MySQL select query: SELECT * FROM `users` WHERE `clerk_user_id` = :where_clerk_user_id_0
[13-Mar-2026 14:25:01 UTC] MySQL select params: {"where_clerk_user_id_0":"user_3AhnQJV5XslRK9dMtMXyCieGbiA"}
[13-Mar-2026 14:25:01 UTC] MySQL select returned 1 rows
[13-Mar-2026 14:25:01 UTC] User updated successfully: [{"id":2,"clerk_user_id":"user_3AhnQJV5XslRK9dMtMXyCieGbiA","email":"ptrigol@gmail.com","name":"Pablo Trigo","is_pro":0,"pro_status_source":null,"subscription_id":null,"last_login":"2026-03-13T14:25:01.000Z","created_at":"2026-03-09T10:58:19.000Z","updated_at":"2026-03-13T14:25:01.000Z"}]
[13-Mar-2026 14:25:01 UTC] syncClerkSession - User created/updated successfully: user_3AhnQJV5XslRK9dMtMXyCieGbiA
[13-Mar-2026 14:25:01 UTC] MySQL select query: SELECT `id` FROM `users` WHERE `clerk_user_id` = :where_clerk_user_id_0
[13-Mar-2026 14:25:01 UTC] MySQL select params: {"where_clerk_user_id_0":"user_3AhnQJV5XslRK9dMtMXyCieGbiA"}
[13-Mar-2026 14:25:01 UTC] MySQL select returned 1 rows
[13-Mar-2026 14:25:01 UTC] MySQL select query: SELECT * FROM `user_pages` WHERE `id` = :where_id_0 AND `user_id` = :where_user_id_1
[13-Mar-2026 14:25:01 UTC] MySQL select params: {"where_id_0":"9c8ec1a8-1ecd-11f1-8378-d85ed359730c","where_user_id_1":2}
[13-Mar-2026 14:25:01 UTC] MySQL select returned 1 rows
[13-Mar-2026 14:25:03 UTC] Pages API - Incoming request - Method: GET, Payload size: 0 bytes (0 KB)
[13-Mar-2026 14:25:03 UTC] Pages API - Method: GET
[13-Mar-2026 14:25:03 UTC] Pages API - clerk_user_id from request: null
[13-Mar-2026 14:25:03 UTC] Pages API - clerk_user_id from session: user_3AhnQJV5XslRK9dMtMXyCieGbiA
[13-Mar-2026 14:25:03 UTC] Pages API - Using clerk_user_id: user_3AhnQJV5XslRK9dMtMXyCieGbiA
[13-Mar-2026 14:25:03 UTC] Pages API - Using clerk_user_id: user_3AhnQJV5XslRK9dMtMXyCieGbiA
[13-Mar-2026 14:25:03 UTC] MySQL select query: SELECT `id` FROM `users` WHERE `clerk_user_id` = :where_clerk_user_id_0
[13-Mar-2026 14:25:03 UTC] MySQL select params: {"where_clerk_user_id_0":"user_3AhnQJV5XslRK9dMtMXyCieGbiA"}
[13-Mar-2026 14:25:03 UTC] MySQL select returned 1 rows
[13-Mar-2026 14:25:03 UTC] getUserIdFromClerkId - Query result: [{"id":2}]
[13-Mar-2026 14:25:03 UTC] Pages API - User ID from database: 2
[13-Mar-2026 14:25:03 UTC] Pages API - Success! User ID: 2
[13-Mar-2026 14:25:03 UTC] MySQL select query: SELECT `id`, `title`, `thumbnail_url`, `is_favorite`, `is_public`, `share_token`, `share_slug`, `last_accessed`, `created_at`, `updated_at` FROM `user_pages` WHERE `user_id` = :where_user_id_0 ORDER BY COALESCE(`last_accessed`, '1970-01-01 00:00:00') DESC
[13-Mar-2026 14:25:03 UTC] MySQL select params: {"where_user_id_0":2}
[13-Mar-2026 14:25:03 UTC] MySQL select returned 4 rows
[13-Mar-2026 14:25:17 UTC] Successfully loaded .env from: C:\Users\Pablo\Documents\GitHub\nine-screen-canvas-flow/.env
[13-Mar-2026 14:25:18 UTC] MySQL select query: SELECT `id` FROM `users` WHERE `clerk_user_id` = :where_clerk_user_id_0
[13-Mar-2026 14:25:18 UTC] MySQL select params: {"where_clerk_user_id_0":"user_3AhnQJV5XslRK9dMtMXyCieGbiA"}
[13-Mar-2026 14:25:18 UTC] MySQL select returned 1 rows
[13-Mar-2026 14:25:18 UTC] MySQL select query: SELECT * FROM `user_pages` WHERE `id` = :where_id_0 AND `user_id` = :where_user_id_1
[13-Mar-2026 14:25:18 UTC] MySQL select params: {"where_id_0":"9c8ec1a8-1ecd-11f1-8378-d85ed359730c","where_user_id_1":2}
[13-Mar-2026 14:25:18 UTC] MySQL select returned 1 rows
[13-Mar-2026 14:25:18 UTC] Pages API - Incoming request - Method: GET, Payload size: 0 bytes (0 KB)
[13-Mar-2026 14:25:18 UTC] Pages API - Method: GET
[13-Mar-2026 14:25:18 UTC] Pages API - clerk_user_id from request: null
[13-Mar-2026 14:25:18 UTC] Pages API - clerk_user_id from session: user_3AhnQJV5XslRK9dMtMXyCieGbiA
[13-Mar-2026 14:25:18 UTC] Pages API - Using clerk_user_id: user_3AhnQJV5XslRK9dMtMXyCieGbiA
[13-Mar-2026 14:25:18 UTC] Pages API - Using clerk_user_id: user_3AhnQJV5XslRK9dMtMXyCieGbiA
[13-Mar-2026 14:25:18 UTC] MySQL select query: SELECT `id` FROM `users` WHERE `clerk_user_id` = :where_clerk_user_id_0
[13-Mar-2026 14:25:18 UTC] MySQL select params: {"where_clerk_user_id_0":"user_3AhnQJV5XslRK9dMtMXyCieGbiA"}
[13-Mar-2026 14:25:18 UTC] MySQL select returned 1 rows
[13-Mar-2026 14:25:18 UTC] getUserIdFromClerkId - Query result: [{"id":2}]
[13-Mar-2026 14:25:18 UTC] Pages API - User ID from database: 2
[13-Mar-2026 14:25:18 UTC] Pages API - Success! User ID: 2
[13-Mar-2026 14:25:18 UTC] MySQL select query: SELECT `id`, `title`, `thumbnail_url`, `is_favorite`, `is_public`, `share_token`, `share_slug`, `last_accessed`, `created_at`, `updated_at` FROM `user_pages` WHERE `user_id` = :where_user_id_0 ORDER BY COALESCE(`last_accessed`, '1970-01-01 00:00:00') DESC
[13-Mar-2026 14:25:18 UTC] MySQL select params: {"where_user_id_0":2}
[13-Mar-2026 14:25:18 UTC] MySQL select returned 4 rows
[13-Mar-2026 14:26:05 UTC] Domain API - action=suggest, clerk_user_id=user_3AhnQJV5XslRK9dMtMXyCieGbiA
[13-Mar-2026 14:26:07 UTC] Domain API - action=lookup, clerk_user_id=user_3AhnQJV5XslRK9dMtMXyCieGbiA
[13-Mar-2026 14:26:12 UTC] Domain API - action=lookup, clerk_user_id=user_3AhnQJV5XslRK9dMtMXyCieGbiA
[13-Mar-2026 14:26:15 UTC] Domain API - action=lookup, clerk_user_id=user_3AhnQJV5XslRK9dMtMXyCieGbiA
[13-Mar-2026 14:26:18 UTC] Domain API - action=lookup, clerk_user_id=user_3AhnQJV5XslRK9dMtMXyCieGbiA
[13-Mar-2026 14:26:29 UTC] Domain API - action=suggest, clerk_user_id=user_3AhnQJV5XslRK9dMtMXyCieGbiA
[13-Mar-2026 14:26:30 UTC] Domain API - action=lookup, clerk_user_id=user_3AhnQJV5XslRK9dMtMXyCieGbiA
[13-Mar-2026 14:26:33 UTC] Domain API - action=lookup, clerk_user_id=user_3AhnQJV5XslRK9dMtMXyCieGbiA
[13-Mar-2026 14:28:54 UTC] Domain API - action=suggest, clerk_user_id=user_3AhnQJV5XslRK9dMtMXyCieGbiA
[13-Mar-2026 14:28:55 UTC] Domain API - action=lookup, clerk_user_id=user_3AhnQJV5XslRK9dMtMXyCieGbiA
[13-Mar-2026 14:37:44 UTC] Successfully loaded .env from: C:\Users\Pablo\Documents\GitHub\nine-screen-canvas-flow/.env
[13-Mar-2026 14:37:44 UTC] syncClerkSession - Refreshing paid status for: ptrigol@gmail.com
[13-Mar-2026 14:37:45 UTC] Purchases database connection failed: SQLSTATE[HY000] [1045] Access denied for user 'alvarotrigo_alvarotrigo'@'79.117.116.182' (using password: YES)
[13-Mar-2026 14:37:45 UTC] Attempted connection to: host=nocn.noc-n.com, dbname=alvarotrigo_alvarotrigo, user=alvarotrigo_alvarotrigo
[13-Mar-2026 14:37:45 UTC] Error checking user paid status: Purchases database connection failed: SQLSTATE[HY000] [1045] Access denied for user 'alvarotrigo_alvarotrigo'@'79.117.116.182' (using password: YES)
[13-Mar-2026 14:37:45 UTC] MySQL select query: SELECT * FROM `users` WHERE `email` = :where_email_0 AND `pro_status_source` = :where_pro_status_source_1
[13-Mar-2026 14:37:45 UTC] MySQL select params: {"where_email_0":"ptrigol@gmail.com","where_pro_status_source_1":"polar"}
[13-Mar-2026 14:37:45 UTC] MySQL select returned 0 rows
[13-Mar-2026 14:37:45 UTC] MySQL select query: SELECT * FROM `subscriptions` WHERE `customer_email` = :where_customer_email_0 AND `status` = :where_status_1
[13-Mar-2026 14:37:45 UTC] MySQL select params: {"where_customer_email_0":"ptrigol@gmail.com","where_status_1":"active"}
[13-Mar-2026 14:37:45 UTC] MySQL select returned 0 rows
[13-Mar-2026 14:37:45 UTC] syncClerkSession - Paid status refreshed: is_paid=false
[13-Mar-2026 14:37:45 UTC] MySQL select query: SELECT `id` FROM `users` WHERE `clerk_user_id` = :where_clerk_user_id_0
[13-Mar-2026 14:37:45 UTC] MySQL select params: {"where_clerk_user_id_0":"user_3AhnQJV5XslRK9dMtMXyCieGbiA"}
[13-Mar-2026 14:37:45 UTC] MySQL select returned 1 rows
[13-Mar-2026 14:37:45 UTC] MySQL select query: SELECT * FROM `user_pages` WHERE `id` = :where_id_0 AND `user_id` = :where_user_id_1
[13-Mar-2026 14:37:45 UTC] MySQL select params: {"where_id_0":"9c8ec1a8-1ecd-11f1-8378-d85ed359730c","where_user_id_1":2}
[13-Mar-2026 14:37:45 UTC] MySQL select returned 1 rows
[13-Mar-2026 14:37:46 UTC] Pages API - Incoming request - Method: GET, Payload size: 0 bytes (0 KB)
[13-Mar-2026 14:37:46 UTC] Pages API - Method: GET
[13-Mar-2026 14:37:46 UTC] Pages API - clerk_user_id from request: null
[13-Mar-2026 14:37:46 UTC] Pages API - clerk_user_id from session: user_3AhnQJV5XslRK9dMtMXyCieGbiA
[13-Mar-2026 14:37:46 UTC] Pages API - Using clerk_user_id: user_3AhnQJV5XslRK9dMtMXyCieGbiA
[13-Mar-2026 14:37:46 UTC] Pages API - Using clerk_user_id: user_3AhnQJV5XslRK9dMtMXyCieGbiA
[13-Mar-2026 14:37:46 UTC] MySQL select query: SELECT `id` FROM `users` WHERE `clerk_user_id` = :where_clerk_user_id_0
[13-Mar-2026 14:37:46 UTC] MySQL select params: {"where_clerk_user_id_0":"user_3AhnQJV5XslRK9dMtMXyCieGbiA"}
[13-Mar-2026 14:37:46 UTC] MySQL select returned 1 rows
[13-Mar-2026 14:37:46 UTC] getUserIdFromClerkId - Query result: [{"id":2}]
[13-Mar-2026 14:37:46 UTC] Pages API - User ID from database: 2
[13-Mar-2026 14:37:46 UTC] Pages API - Success! User ID: 2
[13-Mar-2026 14:37:46 UTC] MySQL select query: SELECT `id`, `title`, `thumbnail_url`, `is_favorite`, `is_public`, `share_token`, `share_slug`, `last_accessed`, `created_at`, `updated_at` FROM `user_pages` WHERE `user_id` = :where_user_id_0 ORDER BY COALESCE(`last_accessed`, '1970-01-01 00:00:00') DESC
[13-Mar-2026 14:37:46 UTC] MySQL select params: {"where_user_id_0":2}
[13-Mar-2026 14:37:46 UTC] MySQL select returned 4 rows
[13-Mar-2026 14:37:52 UTC] Domain API - action=suggest, clerk_user_id=user_3AhnQJV5XslRK9dMtMXyCieGbiA
[13-Mar-2026 14:37:54 UTC] Domain API - action=lookup, clerk_user_id=user_3AhnQJV5XslRK9dMtMXyCieGbiA
[13-Mar-2026 14:38:46 UTC] Successfully loaded .env from: C:\Users\Pablo\Documents\GitHub\nine-screen-canvas-flow/.env
[13-Mar-2026 14:38:46 UTC] MySQL select query: SELECT `id` FROM `users` WHERE `clerk_user_id` = :where_clerk_user_id_0
[13-Mar-2026 14:38:46 UTC] MySQL select params: {"where_clerk_user_id_0":"user_3AhnQJV5XslRK9dMtMXyCieGbiA"}
[13-Mar-2026 14:38:46 UTC] MySQL select returned 1 rows
[13-Mar-2026 14:38:46 UTC] MySQL select query: SELECT * FROM `user_pages` WHERE `id` = :where_id_0 AND `user_id` = :where_user_id_1
[13-Mar-2026 14:38:46 UTC] MySQL select params: {"where_id_0":"9c8ec1a8-1ecd-11f1-8378-d85ed359730c","where_user_id_1":2}
[13-Mar-2026 14:38:46 UTC] MySQL select returned 1 rows
[13-Mar-2026 14:38:47 UTC] Pages API - Incoming request - Method: GET, Payload size: 0 bytes (0 KB)
[13-Mar-2026 14:38:47 UTC] Pages API - Method: GET
[13-Mar-2026 14:38:47 UTC] Pages API - clerk_user_id from request: null
[13-Mar-2026 14:38:47 UTC] Pages API - clerk_user_id from session: user_3AhnQJV5XslRK9dMtMXyCieGbiA
[13-Mar-2026 14:38:47 UTC] Pages API - Using clerk_user_id: user_3AhnQJV5XslRK9dMtMXyCieGbiA
[13-Mar-2026 14:38:47 UTC] Pages API - Using clerk_user_id: user_3AhnQJV5XslRK9dMtMXyCieGbiA
[13-Mar-2026 14:38:47 UTC] MySQL select query: SELECT `id` FROM `users` WHERE `clerk_user_id` = :where_clerk_user_id_0
[13-Mar-2026 14:38:47 UTC] MySQL select params: {"where_clerk_user_id_0":"user_3AhnQJV5XslRK9dMtMXyCieGbiA"}
[13-Mar-2026 14:38:47 UTC] MySQL select returned 1 rows
[13-Mar-2026 14:38:47 UTC] getUserIdFromClerkId - Query result: [{"id":2}]
[13-Mar-2026 14:38:47 UTC] Pages API - User ID from database: 2
[13-Mar-2026 14:38:47 UTC] Pages API - Success! User ID: 2
[13-Mar-2026 14:38:47 UTC] MySQL select query: SELECT `id`, `title`, `thumbnail_url`, `is_favorite`, `is_public`, `share_token`, `share_slug`, `last_accessed`, `created_at`, `updated_at` FROM `user_pages` WHERE `user_id` = :where_user_id_0 ORDER BY COALESCE(`last_accessed`, '1970-01-01 00:00:00') DESC
[13-Mar-2026 14:38:47 UTC] MySQL select params: {"where_user_id_0":2}
[13-Mar-2026 14:38:47 UTC] MySQL select returned 4 rows
[13-Mar-2026 14:38:48 UTC] Domain API - action=suggest, clerk_user_id=user_3AhnQJV5XslRK9dMtMXyCieGbiA
[13-Mar-2026 14:38:50 UTC] Domain API - action=lookup, clerk_user_id=user_3AhnQJV5XslRK9dMtMXyCieGbiA
[13-Mar-2026 14:40:01 UTC] Successfully loaded .env from: C:\Users\Pablo\Documents\GitHub\nine-screen-canvas-flow/.env
[13-Mar-2026 14:40:01 UTC] MySQL select query: SELECT `id` FROM `users` WHERE `clerk_user_id` = :where_clerk_user_id_0
[13-Mar-2026 14:40:01 UTC] MySQL select params: {"where_clerk_user_id_0":"user_3AhnQJV5XslRK9dMtMXyCieGbiA"}
[13-Mar-2026 14:40:01 UTC] MySQL select returned 1 rows
[13-Mar-2026 14:40:01 UTC] MySQL select query: SELECT * FROM `user_pages` WHERE `id` = :where_id_0 AND `user_id` = :where_user_id_1
[13-Mar-2026 14:40:01 UTC] MySQL select params: {"where_id_0":"9c8ec1a8-1ecd-11f1-8378-d85ed359730c","where_user_id_1":2}
[13-Mar-2026 14:40:01 UTC] MySQL select returned 1 rows
[13-Mar-2026 14:40:02 UTC] Pages API - Incoming request - Method: GET, Payload size: 0 bytes (0 KB)
[13-Mar-2026 14:40:02 UTC] Pages API - Method: GET
[13-Mar-2026 14:40:02 UTC] Pages API - clerk_user_id from request: null
[13-Mar-2026 14:40:02 UTC] Pages API - clerk_user_id from session: user_3AhnQJV5XslRK9dMtMXyCieGbiA
[13-Mar-2026 14:40:02 UTC] Pages API - Using clerk_user_id: user_3AhnQJV5XslRK9dMtMXyCieGbiA
[13-Mar-2026 14:40:02 UTC] Pages API - Using clerk_user_id: user_3AhnQJV5XslRK9dMtMXyCieGbiA
[13-Mar-2026 14:40:02 UTC] MySQL select query: SELECT `id` FROM `users` WHERE `clerk_user_id` = :where_clerk_user_id_0
[13-Mar-2026 14:40:02 UTC] MySQL select params: {"where_clerk_user_id_0":"user_3AhnQJV5XslRK9dMtMXyCieGbiA"}
[13-Mar-2026 14:40:02 UTC] MySQL select returned 1 rows
[13-Mar-2026 14:40:02 UTC] getUserIdFromClerkId - Query result: [{"id":2}]
[13-Mar-2026 14:40:02 UTC] Pages API - User ID from database: 2
[13-Mar-2026 14:40:02 UTC] Pages API - Success! User ID: 2
[13-Mar-2026 14:40:02 UTC] MySQL select query: SELECT `id`, `title`, `thumbnail_url`, `is_favorite`, `is_public`, `share_token`, `share_slug`, `last_accessed`, `created_at`, `updated_at` FROM `user_pages` WHERE `user_id` = :where_user_id_0 ORDER BY COALESCE(`last_accessed`, '1970-01-01 00:00:00') DESC
[13-Mar-2026 14:40:02 UTC] MySQL select params: {"where_user_id_0":2}
[13-Mar-2026 14:40:02 UTC] MySQL select returned 4 rows
[13-Mar-2026 14:40:03 UTC] Domain API - action=suggest, clerk_user_id=user_3AhnQJV5XslRK9dMtMXyCieGbiA
[13-Mar-2026 14:40:05 UTC] Domain API - action=lookup, clerk_user_id=user_3AhnQJV5XslRK9dMtMXyCieGbiA
[13-Mar-2026 14:40:39 UTC] Successfully loaded .env from: C:\Users\Pablo\Documents\GitHub\nine-screen-canvas-flow/.env
[13-Mar-2026 14:40:39 UTC] MySQL select query: SELECT `id` FROM `users` WHERE `clerk_user_id` = :where_clerk_user_id_0
[13-Mar-2026 14:40:39 UTC] MySQL select params: {"where_clerk_user_id_0":"user_3AhnQJV5XslRK9dMtMXyCieGbiA"}
[13-Mar-2026 14:40:39 UTC] MySQL select returned 1 rows
[13-Mar-2026 14:40:39 UTC] MySQL select query: SELECT * FROM `user_pages` WHERE `id` = :where_id_0 AND `user_id` = :where_user_id_1
[13-Mar-2026 14:40:39 UTC] MySQL select params: {"where_id_0":"9c8ec1a8-1ecd-11f1-8378-d85ed359730c","where_user_id_1":2}
[13-Mar-2026 14:40:39 UTC] MySQL select returned 1 rows
[13-Mar-2026 14:40:40 UTC] Pages API - Incoming request - Method: GET, Payload size: 0 bytes (0 KB)
[13-Mar-2026 14:40:40 UTC] Pages API - Method: GET
[13-Mar-2026 14:40:40 UTC] Pages API - clerk_user_id from request: null
[13-Mar-2026 14:40:40 UTC] Pages API - clerk_user_id from session: user_3AhnQJV5XslRK9dMtMXyCieGbiA
[13-Mar-2026 14:40:40 UTC] Pages API - Using clerk_user_id: user_3AhnQJV5XslRK9dMtMXyCieGbiA
[13-Mar-2026 14:40:40 UTC] Pages API - Using clerk_user_id: user_3AhnQJV5XslRK9dMtMXyCieGbiA
[13-Mar-2026 14:40:40 UTC] MySQL select query: SELECT `id` FROM `users` WHERE `clerk_user_id` = :where_clerk_user_id_0
[13-Mar-2026 14:40:40 UTC] MySQL select params: {"where_clerk_user_id_0":"user_3AhnQJV5XslRK9dMtMXyCieGbiA"}
[13-Mar-2026 14:40:40 UTC] MySQL select returned 1 rows
[13-Mar-2026 14:40:40 UTC] getUserIdFromClerkId - Query result: [{"id":2}]
[13-Mar-2026 14:40:40 UTC] Pages API - User ID from database: 2
[13-Mar-2026 14:40:40 UTC] Pages API - Success! User ID: 2
[13-Mar-2026 14:40:40 UTC] MySQL select query: SELECT `id`, `title`, `thumbnail_url`, `is_favorite`, `is_public`, `share_token`, `share_slug`, `last_accessed`, `created_at`, `updated_at` FROM `user_pages` WHERE `user_id` = :where_user_id_0 ORDER BY COALESCE(`last_accessed`, '1970-01-01 00:00:00') DESC
[13-Mar-2026 14:40:40 UTC] MySQL select params: {"where_user_id_0":2}
[13-Mar-2026 14:40:40 UTC] MySQL select returned 4 rows
[13-Mar-2026 14:40:41 UTC] Domain API - action=suggest, clerk_user_id=user_3AhnQJV5XslRK9dMtMXyCieGbiA
[13-Mar-2026 14:40:43 UTC] Domain API - action=lookup, clerk_user_id=user_3AhnQJV5XslRK9dMtMXyCieGbiA
[13-Mar-2026 14:40:49 UTC] Successfully loaded .env from: C:\Users\Pablo\Documents\GitHub\nine-screen-canvas-flow/.env
[13-Mar-2026 14:40:49 UTC] MySQL select query: SELECT `id` FROM `users` WHERE `clerk_user_id` = :where_clerk_user_id_0
[13-Mar-2026 14:40:49 UTC] MySQL select params: {"where_clerk_user_id_0":"user_3AhnQJV5XslRK9dMtMXyCieGbiA"}
[13-Mar-2026 14:40:49 UTC] MySQL select returned 1 rows
[13-Mar-2026 14:40:49 UTC] MySQL select query: SELECT * FROM `user_pages` WHERE `id` = :where_id_0 AND `user_id` = :where_user_id_1
[13-Mar-2026 14:40:49 UTC] MySQL select params: {"where_id_0":"9c8ec1a8-1ecd-11f1-8378-d85ed359730c","where_user_id_1":2}
[13-Mar-2026 14:40:49 UTC] MySQL select returned 1 rows
[13-Mar-2026 14:40:51 UTC] Pages API - Incoming request - Method: GET, Payload size: 0 bytes (0 KB)
[13-Mar-2026 14:40:51 UTC] Pages API - Method: GET
[13-Mar-2026 14:40:51 UTC] Pages API - clerk_user_id from request: null
[13-Mar-2026 14:40:51 UTC] Pages API - clerk_user_id from session: user_3AhnQJV5XslRK9dMtMXyCieGbiA
[13-Mar-2026 14:40:51 UTC] Pages API - Using clerk_user_id: user_3AhnQJV5XslRK9dMtMXyCieGbiA
[13-Mar-2026 14:40:51 UTC] Pages API - Using clerk_user_id: user_3AhnQJV5XslRK9dMtMXyCieGbiA
[13-Mar-2026 14:40:51 UTC] MySQL select query: SELECT `id` FROM `users` WHERE `clerk_user_id` = :where_clerk_user_id_0
[13-Mar-2026 14:40:51 UTC] MySQL select params: {"where_clerk_user_id_0":"user_3AhnQJV5XslRK9dMtMXyCieGbiA"}
[13-Mar-2026 14:40:51 UTC] MySQL select returned 1 rows
[13-Mar-2026 14:40:51 UTC] getUserIdFromClerkId - Query result: [{"id":2}]
[13-Mar-2026 14:40:51 UTC] Pages API - User ID from database: 2
[13-Mar-2026 14:40:51 UTC] Pages API - Success! User ID: 2
[13-Mar-2026 14:40:51 UTC] MySQL select query: SELECT `id`, `title`, `thumbnail_url`, `is_favorite`, `is_public`, `share_token`, `share_slug`, `last_accessed`, `created_at`, `updated_at` FROM `user_pages` WHERE `user_id` = :where_user_id_0 ORDER BY COALESCE(`last_accessed`, '1970-01-01 00:00:00') DESC
[13-Mar-2026 14:40:51 UTC] MySQL select params: {"where_user_id_0":2}
[13-Mar-2026 14:40:51 UTC] MySQL select returned 4 rows
[13-Mar-2026 14:40:51 UTC] Domain API - action=suggest, clerk_user_id=user_3AhnQJV5XslRK9dMtMXyCieGbiA
[13-Mar-2026 14:40:53 UTC] Domain API - action=lookup, clerk_user_id=user_3AhnQJV5XslRK9dMtMXyCieGbiA
[13-Mar-2026 14:42:48 UTC] Successfully loaded .env from: C:\Users\Pablo\Documents\GitHub\nine-screen-canvas-flow/.env
[13-Mar-2026 14:42:48 UTC] syncClerkSession - Refreshing paid status for: ptrigol@gmail.com
[13-Mar-2026 14:42:48 UTC] Purchases database connection failed: SQLSTATE[HY000] [1045] Access denied for user 'alvarotrigo_alvarotrigo'@'79.117.116.182' (using password: YES)
[13-Mar-2026 14:42:48 UTC] Attempted connection to: host=nocn.noc-n.com, dbname=alvarotrigo_alvarotrigo, user=alvarotrigo_alvarotrigo
[13-Mar-2026 14:42:48 UTC] Error checking user paid status: Purchases database connection failed: SQLSTATE[HY000] [1045] Access denied for user 'alvarotrigo_alvarotrigo'@'79.117.116.182' (using password: YES)
[13-Mar-2026 14:42:48 UTC] MySQL select query: SELECT * FROM `users` WHERE `email` = :where_email_0 AND `pro_status_source` = :where_pro_status_source_1
[13-Mar-2026 14:42:48 UTC] MySQL select params: {"where_email_0":"ptrigol@gmail.com","where_pro_status_source_1":"polar"}
[13-Mar-2026 14:42:48 UTC] MySQL select returned 0 rows
[13-Mar-2026 14:42:48 UTC] MySQL select query: SELECT * FROM `subscriptions` WHERE `customer_email` = :where_customer_email_0 AND `status` = :where_status_1
[13-Mar-2026 14:42:48 UTC] MySQL select params: {"where_customer_email_0":"ptrigol@gmail.com","where_status_1":"active"}
[13-Mar-2026 14:42:48 UTC] MySQL select returned 0 rows
[13-Mar-2026 14:42:48 UTC] syncClerkSession - Paid status refreshed: is_paid=false
[13-Mar-2026 14:42:48 UTC] MySQL select query: SELECT `id` FROM `users` WHERE `clerk_user_id` = :where_clerk_user_id_0
[13-Mar-2026 14:42:48 UTC] MySQL select params: {"where_clerk_user_id_0":"user_3AhnQJV5XslRK9dMtMXyCieGbiA"}
[13-Mar-2026 14:42:48 UTC] MySQL select returned 1 rows
[13-Mar-2026 14:42:48 UTC] MySQL select query: SELECT * FROM `user_pages` WHERE `id` = :where_id_0 AND `user_id` = :where_user_id_1
[13-Mar-2026 14:42:48 UTC] MySQL select params: {"where_id_0":"9c8ec1a8-1ecd-11f1-8378-d85ed359730c","where_user_id_1":2}
[13-Mar-2026 14:42:48 UTC] MySQL select returned 1 rows
[13-Mar-2026 14:42:50 UTC] Pages API - Incoming request - Method: GET, Payload size: 0 bytes (0 KB)
[13-Mar-2026 14:42:50 UTC] Pages API - Method: GET
[13-Mar-2026 14:42:50 UTC] Pages API - clerk_user_id from request: null
[13-Mar-2026 14:42:50 UTC] Pages API - clerk_user_id from session: user_3AhnQJV5XslRK9dMtMXyCieGbiA
[13-Mar-2026 14:42:50 UTC] Pages API - Using clerk_user_id: user_3AhnQJV5XslRK9dMtMXyCieGbiA
[13-Mar-2026 14:42:50 UTC] Pages API - Using clerk_user_id: user_3AhnQJV5XslRK9dMtMXyCieGbiA
[13-Mar-2026 14:42:50 UTC] MySQL select query: SELECT `id` FROM `users` WHERE `clerk_user_id` = :where_clerk_user_id_0
[13-Mar-2026 14:42:50 UTC] MySQL select params: {"where_clerk_user_id_0":"user_3AhnQJV5XslRK9dMtMXyCieGbiA"}
[13-Mar-2026 14:42:50 UTC] MySQL select returned 1 rows
[13-Mar-2026 14:42:50 UTC] getUserIdFromClerkId - Query result: [{"id":2}]
[13-Mar-2026 14:42:50 UTC] Pages API - User ID from database: 2
[13-Mar-2026 14:42:50 UTC] Pages API - Success! User ID: 2
[13-Mar-2026 14:42:50 UTC] MySQL select query: SELECT `id`, `title`, `thumbnail_url`, `is_favorite`, `is_public`, `share_token`, `share_slug`, `last_accessed`, `created_at`, `updated_at` FROM `user_pages` WHERE `user_id` = :where_user_id_0 ORDER BY COALESCE(`last_accessed`, '1970-01-01 00:00:00') DESC
[13-Mar-2026 14:42:50 UTC] MySQL select params: {"where_user_id_0":2}
[13-Mar-2026 14:42:50 UTC] MySQL select returned 4 rows
[13-Mar-2026 14:42:51 UTC] Domain API - action=suggest, clerk_user_id=user_3AhnQJV5XslRK9dMtMXyCieGbiA
[13-Mar-2026 14:42:52 UTC] Domain API - action=lookup, clerk_user_id=user_3AhnQJV5XslRK9dMtMXyCieGbiA
[13-Mar-2026 14:44:23 UTC] Pages API - Incoming request - Method: PUT, Payload size: 60,265 bytes (58.85 KB)
[13-Mar-2026 14:44:23 UTC] Pages API - Method: PUT
[13-Mar-2026 14:44:23 UTC] Pages API - clerk_user_id from request: user_3AhnQJV5XslRK9dMtMXyCieGbiA
[13-Mar-2026 14:44:23 UTC] Pages API - clerk_user_id from session: user_3AhnQJV5XslRK9dMtMXyCieGbiA
[13-Mar-2026 14:44:23 UTC] Pages API - Using clerk_user_id: user_3AhnQJV5XslRK9dMtMXyCieGbiA
[13-Mar-2026 14:44:23 UTC] Pages API - Using clerk_user_id: user_3AhnQJV5XslRK9dMtMXyCieGbiA
[13-Mar-2026 14:44:23 UTC] MySQL select query: SELECT `id` FROM `users` WHERE `clerk_user_id` = :where_clerk_user_id_0
[13-Mar-2026 14:44:23 UTC] MySQL select params: {"where_clerk_user_id_0":"user_3AhnQJV5XslRK9dMtMXyCieGbiA"}
[13-Mar-2026 14:44:23 UTC] MySQL select returned 1 rows
[13-Mar-2026 14:44:23 UTC] getUserIdFromClerkId - Query result: [{"id":2}]
[13-Mar-2026 14:44:23 UTC] Pages API - User ID from database: 2
[13-Mar-2026 14:44:23 UTC] Pages API - Success! User ID: 2
[13-Mar-2026 14:44:23 UTC] MySQL select query: SELECT `id`, `updated_at` FROM `user_pages` WHERE `id` = :where_id_0 AND `user_id` = :where_user_id_1
[13-Mar-2026 14:44:23 UTC] MySQL select params: {"where_id_0":"9c8ec1a8-1ecd-11f1-8378-d85ed359730c","where_user_id_1":2}
[13-Mar-2026 14:44:23 UTC] MySQL select returned 1 rows
[13-Mar-2026 14:44:23 UTC] MySQL update query: UPDATE `user_pages` SET `title` = :title, `data` = :data, `last_accessed` = :last_accessed, `updated_at` = :updated_at WHERE `id` = :where_id_0 AND `user_id` = :where_user_id_1
[13-Mar-2026 14:44:23 UTC] MySQL update params: {"title":"Pro Page","data":"{\"fullHtml\":\"\\n                <!-- NAV -->\\n\\n   ...[truncated]","last_accessed":"2026-03-13 14:44:23","updated_at":"2026-03-13 14:44:23","where_id_0":"9c8ec1a8-1ecd-11f1-8378-d85ed359730c","where_user_id_1":2}
[13-Mar-2026 14:44:23 UTC] MySQL update affected rows: 1
[13-Mar-2026 14:44:23 UTC] MySQL select query: SELECT * FROM `user_pages` WHERE `id` = :where_id_0 AND `user_id` = :where_user_id_1
[13-Mar-2026 14:44:23 UTC] MySQL select params: {"where_id_0":"9c8ec1a8-1ecd-11f1-8378-d85ed359730c","where_user_id_1":2}
[13-Mar-2026 14:44:23 UTC] MySQL select returned 1 rows
[13-Mar-2026 14:44:35 UTC] Domain API - action=suggest, clerk_user_id=user_3AhnQJV5XslRK9dMtMXyCieGbiA
[13-Mar-2026 14:44:37 UTC] Domain API - action=lookup, clerk_user_id=user_3AhnQJV5XslRK9dMtMXyCieGbiA
[13-Mar-2026 14:45:23 UTC] Domain API - action=lookup, clerk_user_id=user_3AhnQJV5XslRK9dMtMXyCieGbiA
[13-Mar-2026 14:45:25 UTC] Domain API - action=lookup, clerk_user_id=user_3AhnQJV5XslRK9dMtMXyCieGbiA
[13-Mar-2026 14:45:26 UTC] Domain API - action=lookup, clerk_user_id=user_3AhnQJV5XslRK9dMtMXyCieGbiA
[13-Mar-2026 14:45:29 UTC] Domain API - action=lookup, clerk_user_id=user_3AhnQJV5XslRK9dMtMXyCieGbiA
[13-Mar-2026 14:45:31 UTC] Domain API - action=lookup, clerk_user_id=user_3AhnQJV5XslRK9dMtMXyCieGbiA
[13-Mar-2026 14:46:13 UTC] Successfully loaded .env from: C:\Users\Pablo\Documents\GitHub\nine-screen-canvas-flow/.env
[13-Mar-2026 14:46:13 UTC] MySQL select query: SELECT `id` FROM `users` WHERE `clerk_user_id` = :where_clerk_user_id_0
[13-Mar-2026 14:46:13 UTC] MySQL select params: {"where_clerk_user_id_0":"user_3AhnQJV5XslRK9dMtMXyCieGbiA"}
[13-Mar-2026 14:46:13 UTC] MySQL select returned 1 rows
[13-Mar-2026 14:46:13 UTC] MySQL select query: SELECT * FROM `user_pages` WHERE `id` = :where_id_0 AND `user_id` = :where_user_id_1
[13-Mar-2026 14:46:13 UTC] MySQL select params: {"where_id_0":"9c8ec1a8-1ecd-11f1-8378-d85ed359730c","where_user_id_1":2}
[13-Mar-2026 14:46:13 UTC] MySQL select returned 1 rows
[13-Mar-2026 14:46:15 UTC] Pages API - Incoming request - Method: GET, Payload size: 0 bytes (0 KB)
[13-Mar-2026 14:46:15 UTC] Pages API - Method: GET
[13-Mar-2026 14:46:15 UTC] Pages API - clerk_user_id from request: null
[13-Mar-2026 14:46:15 UTC] Pages API - clerk_user_id from session: user_3AhnQJV5XslRK9dMtMXyCieGbiA
[13-Mar-2026 14:46:15 UTC] Pages API - Using clerk_user_id: user_3AhnQJV5XslRK9dMtMXyCieGbiA
[13-Mar-2026 14:46:15 UTC] Pages API - Using clerk_user_id: user_3AhnQJV5XslRK9dMtMXyCieGbiA
[13-Mar-2026 14:46:15 UTC] MySQL select query: SELECT `id` FROM `users` WHERE `clerk_user_id` = :where_clerk_user_id_0
[13-Mar-2026 14:46:15 UTC] MySQL select params: {"where_clerk_user_id_0":"user_3AhnQJV5XslRK9dMtMXyCieGbiA"}
[13-Mar-2026 14:46:15 UTC] MySQL select returned 1 rows
[13-Mar-2026 14:46:15 UTC] getUserIdFromClerkId - Query result: [{"id":2}]
[13-Mar-2026 14:46:15 UTC] Pages API - User ID from database: 2
[13-Mar-2026 14:46:15 UTC] Pages API - Success! User ID: 2
[13-Mar-2026 14:46:15 UTC] MySQL select query: SELECT `id`, `title`, `thumbnail_url`, `is_favorite`, `is_public`, `share_token`, `share_slug`, `last_accessed`, `created_at`, `updated_at` FROM `user_pages` WHERE `user_id` = :where_user_id_0 ORDER BY COALESCE(`last_accessed`, '1970-01-01 00:00:00') DESC
[13-Mar-2026 14:46:15 UTC] MySQL select params: {"where_user_id_0":2}
[13-Mar-2026 14:46:15 UTC] MySQL select returned 4 rows
[13-Mar-2026 14:46:15 UTC] Domain API - action=suggest, clerk_user_id=user_3AhnQJV5XslRK9dMtMXyCieGbiA
[13-Mar-2026 14:46:17 UTC] Domain API - action=lookup, clerk_user_id=user_3AhnQJV5XslRK9dMtMXyCieGbiA
[13-Mar-2026 14:46:21 UTC] Domain API - action=lookup, clerk_user_id=user_3AhnQJV5XslRK9dMtMXyCieGbiA
[13-Mar-2026 14:46:24 UTC] Domain API - action=lookup, clerk_user_id=user_3AhnQJV5XslRK9dMtMXyCieGbiA
[13-Mar-2026 14:46:52 UTC] Domain API - action=suggest, clerk_user_id=user_3AhnQJV5XslRK9dMtMXyCieGbiA
[13-Mar-2026 14:46:54 UTC] Domain API - action=lookup, clerk_user_id=user_3AhnQJV5XslRK9dMtMXyCieGbiA
[13-Mar-2026 14:47:22 UTC] Pages API - Incoming request - Method: GET, Payload size: 0 bytes (0 KB)
[13-Mar-2026 14:47:22 UTC] Pages API - Method: GET
[13-Mar-2026 14:47:22 UTC] Pages API - clerk_user_id from request: null
[13-Mar-2026 14:47:22 UTC] Pages API - clerk_user_id from session: user_3AhnQJV5XslRK9dMtMXyCieGbiA
[13-Mar-2026 14:47:22 UTC] Pages API - Using clerk_user_id: user_3AhnQJV5XslRK9dMtMXyCieGbiA
[13-Mar-2026 14:47:22 UTC] Pages API - Using clerk_user_id: user_3AhnQJV5XslRK9dMtMXyCieGbiA
[13-Mar-2026 14:47:22 UTC] MySQL select query: SELECT `id` FROM `users` WHERE `clerk_user_id` = :where_clerk_user_id_0
[13-Mar-2026 14:47:22 UTC] MySQL select params: {"where_clerk_user_id_0":"user_3AhnQJV5XslRK9dMtMXyCieGbiA"}
[13-Mar-2026 14:47:22 UTC] MySQL select returned 1 rows
[13-Mar-2026 14:47:22 UTC] getUserIdFromClerkId - Query result: [{"id":2}]
[13-Mar-2026 14:47:22 UTC] Pages API - User ID from database: 2
[13-Mar-2026 14:47:22 UTC] Pages API - Success! User ID: 2
[13-Mar-2026 14:47:22 UTC] MySQL select query: SELECT `id`, `title`, `thumbnail_url`, `is_favorite`, `is_public`, `share_token`, `share_slug`, `last_accessed`, `created_at`, `updated_at` FROM `user_pages` WHERE `user_id` = :where_user_id_0 ORDER BY COALESCE(`last_accessed`, '1970-01-01 00:00:00') DESC
[13-Mar-2026 14:47:22 UTC] MySQL select params: {"where_user_id_0":2}
[13-Mar-2026 14:47:22 UTC] MySQL select returned 4 rows
[13-Mar-2026 14:47:24 UTC] Successfully loaded .env from: C:\Users\Pablo\Documents\GitHub\nine-screen-canvas-flow/.env
[13-Mar-2026 14:47:24 UTC] MySQL select query: SELECT `id` FROM `users` WHERE `clerk_user_id` = :where_clerk_user_id_0
[13-Mar-2026 14:47:24 UTC] MySQL select params: {"where_clerk_user_id_0":"user_3AhnQJV5XslRK9dMtMXyCieGbiA"}
[13-Mar-2026 14:47:24 UTC] MySQL select returned 1 rows
[13-Mar-2026 14:47:24 UTC] MySQL select query: SELECT * FROM `user_pages` WHERE `id` = :where_id_0 AND `user_id` = :where_user_id_1
[13-Mar-2026 14:47:24 UTC] MySQL select params: {"where_id_0":"dde44853-1c76-11f1-929a-d85ed359730c","where_user_id_1":2}
[13-Mar-2026 14:47:24 UTC] MySQL select returned 1 rows
[13-Mar-2026 14:47:25 UTC] Pages API - Incoming request - Method: GET, Payload size: 0 bytes (0 KB)
[13-Mar-2026 14:47:25 UTC] Pages API - Method: GET
[13-Mar-2026 14:47:25 UTC] Pages API - clerk_user_id from request: null
[13-Mar-2026 14:47:25 UTC] Pages API - clerk_user_id from session: user_3AhnQJV5XslRK9dMtMXyCieGbiA
[13-Mar-2026 14:47:25 UTC] Pages API - Using clerk_user_id: user_3AhnQJV5XslRK9dMtMXyCieGbiA
[13-Mar-2026 14:47:25 UTC] Pages API - Using clerk_user_id: user_3AhnQJV5XslRK9dMtMXyCieGbiA
[13-Mar-2026 14:47:25 UTC] MySQL select query: SELECT `id` FROM `users` WHERE `clerk_user_id` = :where_clerk_user_id_0
[13-Mar-2026 14:47:25 UTC] MySQL select params: {"where_clerk_user_id_0":"user_3AhnQJV5XslRK9dMtMXyCieGbiA"}
[13-Mar-2026 14:47:25 UTC] MySQL select returned 1 rows
[13-Mar-2026 14:47:25 UTC] getUserIdFromClerkId - Query result: [{"id":2}]
[13-Mar-2026 14:47:25 UTC] Pages API - User ID from database: 2
[13-Mar-2026 14:47:25 UTC] Pages API - Success! User ID: 2
[13-Mar-2026 14:47:25 UTC] MySQL select query: SELECT `id`, `title`, `thumbnail_url`, `is_favorite`, `is_public`, `share_token`, `share_slug`, `last_accessed`, `created_at`, `updated_at` FROM `user_pages` WHERE `user_id` = :where_user_id_0 ORDER BY COALESCE(`last_accessed`, '1970-01-01 00:00:00') DESC
[13-Mar-2026 14:47:25 UTC] MySQL select params: {"where_user_id_0":2}
[13-Mar-2026 14:47:25 UTC] MySQL select returned 4 rows
[13-Mar-2026 14:47:29 UTC] Successfully loaded .env from: C:\Users\Pablo\Documents\GitHub\nine-screen-canvas-flow/.env
[13-Mar-2026 14:47:29 UTC] Successfully loaded .env from: C:\Users\Pablo\Documents\GitHub\nine-screen-canvas-flow/.env
[13-Mar-2026 14:51:10 UTC] Pages API - Incoming request - Method: GET, Payload size: 0 bytes (0 KB)
[13-Mar-2026 14:51:10 UTC] Pages API - Method: GET
[13-Mar-2026 14:51:10 UTC] Pages API - clerk_user_id from request: null
[13-Mar-2026 14:51:10 UTC] Pages API - clerk_user_id from session: user_3AhnQJV5XslRK9dMtMXyCieGbiA
[13-Mar-2026 14:51:10 UTC] Pages API - Using clerk_user_id: user_3AhnQJV5XslRK9dMtMXyCieGbiA
[13-Mar-2026 14:51:10 UTC] Pages API - Using clerk_user_id: user_3AhnQJV5XslRK9dMtMXyCieGbiA
[13-Mar-2026 14:51:10 UTC] MySQL select query: SELECT `id` FROM `users` WHERE `clerk_user_id` = :where_clerk_user_id_0
[13-Mar-2026 14:51:10 UTC] MySQL select params: {"where_clerk_user_id_0":"user_3AhnQJV5XslRK9dMtMXyCieGbiA"}
[13-Mar-2026 14:51:10 UTC] MySQL select returned 1 rows
[13-Mar-2026 14:51:10 UTC] getUserIdFromClerkId - Query result: [{"id":2}]
[13-Mar-2026 14:51:10 UTC] Pages API - User ID from database: 2
[13-Mar-2026 14:51:10 UTC] Pages API - Success! User ID: 2
[13-Mar-2026 14:51:10 UTC] MySQL select query: SELECT `id`, `title`, `thumbnail_url`, `is_favorite`, `is_public`, `share_token`, `share_slug`, `last_accessed`, `created_at`, `updated_at` FROM `user_pages` WHERE `user_id` = :where_user_id_0 ORDER BY COALESCE(`last_accessed`, '1970-01-01 00:00:00') DESC
[13-Mar-2026 14:51:10 UTC] MySQL select params: {"where_user_id_0":2}
[13-Mar-2026 14:51:10 UTC] MySQL select returned 4 rows
[13-Mar-2026 14:51:12 UTC] Successfully loaded .env from: C:\Users\Pablo\Documents\GitHub\nine-screen-canvas-flow/.env
[13-Mar-2026 14:51:12 UTC] syncClerkSession - Refreshing paid status for: ptrigol@gmail.com
[13-Mar-2026 14:51:13 UTC] Purchases database connection failed: SQLSTATE[HY000] [1045] Access denied for user 'alvarotrigo_alvarotrigo'@'79.117.116.182' (using password: YES)
[13-Mar-2026 14:51:13 UTC] Attempted connection to: host=nocn.noc-n.com, dbname=alvarotrigo_alvarotrigo, user=alvarotrigo_alvarotrigo
[13-Mar-2026 14:51:13 UTC] Error checking user paid status: Purchases database connection failed: SQLSTATE[HY000] [1045] Access denied for user 'alvarotrigo_alvarotrigo'@'79.117.116.182' (using password: YES)
[13-Mar-2026 14:51:13 UTC] MySQL select query: SELECT * FROM `users` WHERE `email` = :where_email_0 AND `pro_status_source` = :where_pro_status_source_1
[13-Mar-2026 14:51:13 UTC] MySQL select params: {"where_email_0":"ptrigol@gmail.com","where_pro_status_source_1":"polar"}
[13-Mar-2026 14:51:13 UTC] MySQL select returned 0 rows
[13-Mar-2026 14:51:13 UTC] MySQL select query: SELECT * FROM `subscriptions` WHERE `customer_email` = :where_customer_email_0 AND `status` = :where_status_1
[13-Mar-2026 14:51:13 UTC] MySQL select params: {"where_customer_email_0":"ptrigol@gmail.com","where_status_1":"active"}
[13-Mar-2026 14:51:13 UTC] MySQL select returned 0 rows
[13-Mar-2026 14:51:13 UTC] syncClerkSession - Paid status refreshed: is_paid=false
[13-Mar-2026 14:51:13 UTC] MySQL select query: SELECT `id` FROM `users` WHERE `clerk_user_id` = :where_clerk_user_id_0
[13-Mar-2026 14:51:13 UTC] MySQL select params: {"where_clerk_user_id_0":"user_3AhnQJV5XslRK9dMtMXyCieGbiA"}
[13-Mar-2026 14:51:13 UTC] MySQL select returned 1 rows
[13-Mar-2026 14:51:13 UTC] MySQL select query: SELECT * FROM `user_pages` WHERE `id` = :where_id_0 AND `user_id` = :where_user_id_1
[13-Mar-2026 14:51:13 UTC] MySQL select params: {"where_id_0":"6599637d-1ec0-11f1-8378-d85ed359730c","where_user_id_1":2}
[13-Mar-2026 14:51:13 UTC] MySQL select returned 1 rows
[13-Mar-2026 14:51:14 UTC] Pages API - Incoming request - Method: GET, Payload size: 0 bytes (0 KB)
[13-Mar-2026 14:51:14 UTC] Pages API - Method: GET
[13-Mar-2026 14:51:14 UTC] Pages API - clerk_user_id from request: null
[13-Mar-2026 14:51:14 UTC] Pages API - clerk_user_id from session: user_3AhnQJV5XslRK9dMtMXyCieGbiA
[13-Mar-2026 14:51:14 UTC] Pages API - Using clerk_user_id: user_3AhnQJV5XslRK9dMtMXyCieGbiA
[13-Mar-2026 14:51:14 UTC] Pages API - Using clerk_user_id: user_3AhnQJV5XslRK9dMtMXyCieGbiA
[13-Mar-2026 14:51:14 UTC] MySQL select query: SELECT `id` FROM `users` WHERE `clerk_user_id` = :where_clerk_user_id_0
[13-Mar-2026 14:51:14 UTC] MySQL select params: {"where_clerk_user_id_0":"user_3AhnQJV5XslRK9dMtMXyCieGbiA"}
[13-Mar-2026 14:51:14 UTC] MySQL select returned 1 rows
[13-Mar-2026 14:51:14 UTC] getUserIdFromClerkId - Query result: [{"id":2}]
[13-Mar-2026 14:51:14 UTC] Pages API - User ID from database: 2
[13-Mar-2026 14:51:14 UTC] Pages API - Success! User ID: 2
[13-Mar-2026 14:51:14 UTC] MySQL select query: SELECT `id`, `title`, `thumbnail_url`, `is_favorite`, `is_public`, `share_token`, `share_slug`, `last_accessed`, `created_at`, `updated_at` FROM `user_pages` WHERE `user_id` = :where_user_id_0 ORDER BY COALESCE(`last_accessed`, '1970-01-01 00:00:00') DESC
[13-Mar-2026 14:51:14 UTC] MySQL select params: {"where_user_id_0":2}
[13-Mar-2026 14:51:14 UTC] MySQL select returned 4 rows
[13-Mar-2026 14:51:23 UTC] Successfully loaded .env from: C:\Users\Pablo\Documents\GitHub\nine-screen-canvas-flow/.env
[13-Mar-2026 14:51:23 UTC] MySQL select query: SELECT `id` FROM `users` WHERE `clerk_user_id` = :where_clerk_user_id_0
[13-Mar-2026 14:51:23 UTC] MySQL select params: {"where_clerk_user_id_0":"user_3AhnQJV5XslRK9dMtMXyCieGbiA"}
[13-Mar-2026 14:51:23 UTC] MySQL select returned 1 rows
[13-Mar-2026 14:51:23 UTC] MySQL select query: SELECT * FROM `user_pages` WHERE `id` = :where_id_0 AND `user_id` = :where_user_id_1
[13-Mar-2026 14:51:23 UTC] MySQL select params: {"where_id_0":"6599637d-1ec0-11f1-8378-d85ed359730c","where_user_id_1":2}
[13-Mar-2026 14:51:23 UTC] MySQL select returned 1 rows
[13-Mar-2026 14:51:24 UTC] Pages API - Incoming request - Method: GET, Payload size: 0 bytes (0 KB)
[13-Mar-2026 14:51:24 UTC] Pages API - Method: GET
[13-Mar-2026 14:51:24 UTC] Pages API - clerk_user_id from request: null
[13-Mar-2026 14:51:24 UTC] Pages API - clerk_user_id from session: user_3AhnQJV5XslRK9dMtMXyCieGbiA
[13-Mar-2026 14:51:24 UTC] Pages API - Using clerk_user_id: user_3AhnQJV5XslRK9dMtMXyCieGbiA
[13-Mar-2026 14:51:24 UTC] Pages API - Using clerk_user_id: user_3AhnQJV5XslRK9dMtMXyCieGbiA
[13-Mar-2026 14:51:24 UTC] MySQL select query: SELECT `id` FROM `users` WHERE `clerk_user_id` = :where_clerk_user_id_0
[13-Mar-2026 14:51:24 UTC] MySQL select params: {"where_clerk_user_id_0":"user_3AhnQJV5XslRK9dMtMXyCieGbiA"}
[13-Mar-2026 14:51:24 UTC] MySQL select returned 1 rows
[13-Mar-2026 14:51:24 UTC] getUserIdFromClerkId - Query result: [{"id":2}]
[13-Mar-2026 14:51:24 UTC] Pages API - User ID from database: 2
[13-Mar-2026 14:51:24 UTC] Pages API - Success! User ID: 2
[13-Mar-2026 14:51:24 UTC] MySQL select query: SELECT `id`, `title`, `thumbnail_url`, `is_favorite`, `is_public`, `share_token`, `share_slug`, `last_accessed`, `created_at`, `updated_at` FROM `user_pages` WHERE `user_id` = :where_user_id_0 ORDER BY COALESCE(`last_accessed`, '1970-01-01 00:00:00') DESC
[13-Mar-2026 14:51:24 UTC] MySQL select params: {"where_user_id_0":2}
[13-Mar-2026 14:51:24 UTC] MySQL select returned 4 rows
[13-Mar-2026 14:51:25 UTC] Domain API - action=suggest, clerk_user_id=user_3AhnQJV5XslRK9dMtMXyCieGbiA
[13-Mar-2026 14:51:26 UTC] Domain API - action=lookup, clerk_user_id=user_3AhnQJV5XslRK9dMtMXyCieGbiA
[13-Mar-2026 14:54:19 UTC] Successfully loaded .env from: C:\Users\Pablo\Documents\GitHub\nine-screen-canvas-flow/.env
[13-Mar-2026 14:54:19 UTC] MySQL select query: SELECT `id` FROM `users` WHERE `clerk_user_id` = :where_clerk_user_id_0
[13-Mar-2026 14:54:19 UTC] MySQL select params: {"where_clerk_user_id_0":"user_3AhnQJV5XslRK9dMtMXyCieGbiA"}
[13-Mar-2026 14:54:19 UTC] MySQL select returned 1 rows
[13-Mar-2026 14:54:19 UTC] MySQL select query: SELECT * FROM `user_pages` WHERE `id` = :where_id_0 AND `user_id` = :where_user_id_1
[13-Mar-2026 14:54:19 UTC] MySQL select params: {"where_id_0":"6599637d-1ec0-11f1-8378-d85ed359730c","where_user_id_1":2}
[13-Mar-2026 14:54:19 UTC] MySQL select returned 1 rows
[13-Mar-2026 14:54:21 UTC] Pages API - Incoming request - Method: GET, Payload size: 0 bytes (0 KB)
[13-Mar-2026 14:54:21 UTC] Pages API - Method: GET
[13-Mar-2026 14:54:21 UTC] Pages API - clerk_user_id from request: null
[13-Mar-2026 14:54:21 UTC] Pages API - clerk_user_id from session: user_3AhnQJV5XslRK9dMtMXyCieGbiA
[13-Mar-2026 14:54:21 UTC] Pages API - Using clerk_user_id: user_3AhnQJV5XslRK9dMtMXyCieGbiA
[13-Mar-2026 14:54:21 UTC] Pages API - Using clerk_user_id: user_3AhnQJV5XslRK9dMtMXyCieGbiA
[13-Mar-2026 14:54:21 UTC] MySQL select query: SELECT `id` FROM `users` WHERE `clerk_user_id` = :where_clerk_user_id_0
[13-Mar-2026 14:54:21 UTC] MySQL select params: {"where_clerk_user_id_0":"user_3AhnQJV5XslRK9dMtMXyCieGbiA"}
[13-Mar-2026 14:54:21 UTC] MySQL select returned 1 rows
[13-Mar-2026 14:54:21 UTC] getUserIdFromClerkId - Query result: [{"id":2}]
[13-Mar-2026 14:54:21 UTC] Pages API - User ID from database: 2
[13-Mar-2026 14:54:21 UTC] Pages API - Success! User ID: 2
[13-Mar-2026 14:54:21 UTC] MySQL select query: SELECT `id`, `title`, `thumbnail_url`, `is_favorite`, `is_public`, `share_token`, `share_slug`, `last_accessed`, `created_at`, `updated_at` FROM `user_pages` WHERE `user_id` = :where_user_id_0 ORDER BY COALESCE(`last_accessed`, '1970-01-01 00:00:00') DESC
[13-Mar-2026 14:54:21 UTC] MySQL select params: {"where_user_id_0":2}
[13-Mar-2026 14:54:21 UTC] MySQL select returned 4 rows
[13-Mar-2026 14:54:57 UTC] Successfully loaded .env from: C:\Users\Pablo\Documents\GitHub\nine-screen-canvas-flow/.env
[13-Mar-2026 14:54:57 UTC] MySQL select query: SELECT `id` FROM `users` WHERE `clerk_user_id` = :where_clerk_user_id_0
[13-Mar-2026 14:54:57 UTC] MySQL select params: {"where_clerk_user_id_0":"user_3AhnQJV5XslRK9dMtMXyCieGbiA"}
[13-Mar-2026 14:54:57 UTC] MySQL select returned 1 rows
[13-Mar-2026 14:54:57 UTC] MySQL select query: SELECT * FROM `user_pages` WHERE `id` = :where_id_0 AND `user_id` = :where_user_id_1
[13-Mar-2026 14:54:57 UTC] MySQL select params: {"where_id_0":"6599637d-1ec0-11f1-8378-d85ed359730c","where_user_id_1":2}
[13-Mar-2026 14:54:57 UTC] MySQL select returned 1 rows
[13-Mar-2026 14:54:58 UTC] Pages API - Incoming request - Method: GET, Payload size: 0 bytes (0 KB)
[13-Mar-2026 14:54:58 UTC] Pages API - Method: GET
[13-Mar-2026 14:54:58 UTC] Pages API - clerk_user_id from request: null
[13-Mar-2026 14:54:58 UTC] Pages API - clerk_user_id from session: user_3AhnQJV5XslRK9dMtMXyCieGbiA
[13-Mar-2026 14:54:58 UTC] Pages API - Using clerk_user_id: user_3AhnQJV5XslRK9dMtMXyCieGbiA
[13-Mar-2026 14:54:58 UTC] Pages API - Using clerk_user_id: user_3AhnQJV5XslRK9dMtMXyCieGbiA
[13-Mar-2026 14:54:58 UTC] MySQL select query: SELECT `id` FROM `users` WHERE `clerk_user_id` = :where_clerk_user_id_0
[13-Mar-2026 14:54:58 UTC] MySQL select params: {"where_clerk_user_id_0":"user_3AhnQJV5XslRK9dMtMXyCieGbiA"}
[13-Mar-2026 14:54:58 UTC] MySQL select returned 1 rows
[13-Mar-2026 14:54:58 UTC] getUserIdFromClerkId - Query result: [{"id":2}]
[13-Mar-2026 14:54:58 UTC] Pages API - User ID from database: 2
[13-Mar-2026 14:54:58 UTC] Pages API - Success! User ID: 2
[13-Mar-2026 14:54:58 UTC] MySQL select query: SELECT `id`, `title`, `thumbnail_url`, `is_favorite`, `is_public`, `share_token`, `share_slug`, `last_accessed`, `created_at`, `updated_at` FROM `user_pages` WHERE `user_id` = :where_user_id_0 ORDER BY COALESCE(`last_accessed`, '1970-01-01 00:00:00') DESC
[13-Mar-2026 14:54:58 UTC] MySQL select params: {"where_user_id_0":2}
[13-Mar-2026 14:54:58 UTC] MySQL select returned 4 rows
[13-Mar-2026 14:55:00 UTC] Domain API - action=suggest, clerk_user_id=user_3AhnQJV5XslRK9dMtMXyCieGbiA
[13-Mar-2026 14:55:01 UTC] Domain API - action=lookup, clerk_user_id=user_3AhnQJV5XslRK9dMtMXyCieGbiA
[13-Mar-2026 14:55:07 UTC] Domain API - action=suggest, clerk_user_id=user_3AhnQJV5XslRK9dMtMXyCieGbiA
[13-Mar-2026 14:55:08 UTC] Domain API - action=lookup, clerk_user_id=user_3AhnQJV5XslRK9dMtMXyCieGbiA
[13-Mar-2026 14:56:25 UTC] Successfully loaded .env from: C:\Users\Pablo\Documents\GitHub\nine-screen-canvas-flow/.env
[13-Mar-2026 14:56:25 UTC] syncClerkSession - Refreshing paid status for: ptrigol@gmail.com
[13-Mar-2026 14:56:26 UTC] Purchases database connection failed: SQLSTATE[HY000] [1045] Access denied for user 'alvarotrigo_alvarotrigo'@'79.117.116.182' (using password: YES)
[13-Mar-2026 14:56:26 UTC] Attempted connection to: host=nocn.noc-n.com, dbname=alvarotrigo_alvarotrigo, user=alvarotrigo_alvarotrigo
[13-Mar-2026 14:56:26 UTC] Error checking user paid status: Purchases database connection failed: SQLSTATE[HY000] [1045] Access denied for user 'alvarotrigo_alvarotrigo'@'79.117.116.182' (using password: YES)
[13-Mar-2026 14:56:26 UTC] MySQL select query: SELECT * FROM `users` WHERE `email` = :where_email_0 AND `pro_status_source` = :where_pro_status_source_1
[13-Mar-2026 14:56:26 UTC] MySQL select params: {"where_email_0":"ptrigol@gmail.com","where_pro_status_source_1":"polar"}
[13-Mar-2026 14:56:26 UTC] MySQL select returned 0 rows
[13-Mar-2026 14:56:26 UTC] MySQL select query: SELECT * FROM `subscriptions` WHERE `customer_email` = :where_customer_email_0 AND `status` = :where_status_1
[13-Mar-2026 14:56:26 UTC] MySQL select params: {"where_customer_email_0":"ptrigol@gmail.com","where_status_1":"active"}
[13-Mar-2026 14:56:26 UTC] MySQL select returned 0 rows
[13-Mar-2026 14:56:26 UTC] syncClerkSession - Paid status refreshed: is_paid=false
[13-Mar-2026 14:56:26 UTC] MySQL select query: SELECT `id` FROM `users` WHERE `clerk_user_id` = :where_clerk_user_id_0
[13-Mar-2026 14:56:26 UTC] MySQL select params: {"where_clerk_user_id_0":"user_3AhnQJV5XslRK9dMtMXyCieGbiA"}
[13-Mar-2026 14:56:26 UTC] MySQL select returned 1 rows
[13-Mar-2026 14:56:26 UTC] MySQL select query: SELECT * FROM `user_pages` WHERE `id` = :where_id_0 AND `user_id` = :where_user_id_1
[13-Mar-2026 14:56:26 UTC] MySQL select params: {"where_id_0":"6599637d-1ec0-11f1-8378-d85ed359730c","where_user_id_1":2}
[13-Mar-2026 14:56:26 UTC] MySQL select returned 1 rows
[13-Mar-2026 14:56:27 UTC] Pages API - Incoming request - Method: GET, Payload size: 0 bytes (0 KB)
[13-Mar-2026 14:56:27 UTC] Pages API - Method: GET
[13-Mar-2026 14:56:27 UTC] Pages API - clerk_user_id from request: null
[13-Mar-2026 14:56:27 UTC] Pages API - clerk_user_id from session: user_3AhnQJV5XslRK9dMtMXyCieGbiA
[13-Mar-2026 14:56:27 UTC] Pages API - Using clerk_user_id: user_3AhnQJV5XslRK9dMtMXyCieGbiA
[13-Mar-2026 14:56:27 UTC] Pages API - Using clerk_user_id: user_3AhnQJV5XslRK9dMtMXyCieGbiA
[13-Mar-2026 14:56:27 UTC] MySQL select query: SELECT `id` FROM `users` WHERE `clerk_user_id` = :where_clerk_user_id_0
[13-Mar-2026 14:56:27 UTC] MySQL select params: {"where_clerk_user_id_0":"user_3AhnQJV5XslRK9dMtMXyCieGbiA"}
[13-Mar-2026 14:56:27 UTC] MySQL select returned 1 rows
[13-Mar-2026 14:56:27 UTC] getUserIdFromClerkId - Query result: [{"id":2}]
[13-Mar-2026 14:56:27 UTC] Pages API - User ID from database: 2
[13-Mar-2026 14:56:27 UTC] Pages API - Success! User ID: 2
[13-Mar-2026 14:56:27 UTC] MySQL select query: SELECT `id`, `title`, `thumbnail_url`, `is_favorite`, `is_public`, `share_token`, `share_slug`, `last_accessed`, `created_at`, `updated_at` FROM `user_pages` WHERE `user_id` = :where_user_id_0 ORDER BY COALESCE(`last_accessed`, '1970-01-01 00:00:00') DESC
[13-Mar-2026 14:56:27 UTC] MySQL select params: {"where_user_id_0":2}
[13-Mar-2026 14:56:27 UTC] MySQL select returned 4 rows
[13-Mar-2026 14:56:28 UTC] Domain API - action=suggest, clerk_user_id=user_3AhnQJV5XslRK9dMtMXyCieGbiA
[13-Mar-2026 14:56:30 UTC] Domain API - action=lookup, clerk_user_id=user_3AhnQJV5XslRK9dMtMXyCieGbiA
[13-Mar-2026 14:56:35 UTC] Domain API - action=lookup, clerk_user_id=user_3AhnQJV5XslRK9dMtMXyCieGbiA
[13-Mar-2026 14:57:41 UTC] Successfully loaded .env from: C:\Users\Pablo\Documents\GitHub\nine-screen-canvas-flow/.env
[13-Mar-2026 14:57:41 UTC] MySQL select query: SELECT `id` FROM `users` WHERE `clerk_user_id` = :where_clerk_user_id_0
[13-Mar-2026 14:57:41 UTC] MySQL select params: {"where_clerk_user_id_0":"user_3AhnQJV5XslRK9dMtMXyCieGbiA"}
[13-Mar-2026 14:57:41 UTC] MySQL select returned 1 rows
[13-Mar-2026 14:57:41 UTC] MySQL select query: SELECT * FROM `user_pages` WHERE `id` = :where_id_0 AND `user_id` = :where_user_id_1
[13-Mar-2026 14:57:41 UTC] MySQL select params: {"where_id_0":"6599637d-1ec0-11f1-8378-d85ed359730c","where_user_id_1":2}
[13-Mar-2026 14:57:41 UTC] MySQL select returned 1 rows
[13-Mar-2026 14:57:43 UTC] Pages API - Incoming request - Method: GET, Payload size: 0 bytes (0 KB)
[13-Mar-2026 14:57:43 UTC] Pages API - Method: GET
[13-Mar-2026 14:57:43 UTC] Pages API - clerk_user_id from request: null
[13-Mar-2026 14:57:43 UTC] Pages API - clerk_user_id from session: user_3AhnQJV5XslRK9dMtMXyCieGbiA
[13-Mar-2026 14:57:43 UTC] Pages API - Using clerk_user_id: user_3AhnQJV5XslRK9dMtMXyCieGbiA
[13-Mar-2026 14:57:43 UTC] Pages API - Using clerk_user_id: user_3AhnQJV5XslRK9dMtMXyCieGbiA
[13-Mar-2026 14:57:43 UTC] MySQL select query: SELECT `id` FROM `users` WHERE `clerk_user_id` = :where_clerk_user_id_0
[13-Mar-2026 14:57:43 UTC] MySQL select params: {"where_clerk_user_id_0":"user_3AhnQJV5XslRK9dMtMXyCieGbiA"}
[13-Mar-2026 14:57:43 UTC] MySQL select returned 1 rows
[13-Mar-2026 14:57:43 UTC] getUserIdFromClerkId - Query result: [{"id":2}]
[13-Mar-2026 14:57:43 UTC] Pages API - User ID from database: 2
[13-Mar-2026 14:57:43 UTC] Pages API - Success! User ID: 2
[13-Mar-2026 14:57:43 UTC] MySQL select query: SELECT `id`, `title`, `thumbnail_url`, `is_favorite`, `is_public`, `share_token`, `share_slug`, `last_accessed`, `created_at`, `updated_at` FROM `user_pages` WHERE `user_id` = :where_user_id_0 ORDER BY COALESCE(`last_accessed`, '1970-01-01 00:00:00') DESC
[13-Mar-2026 14:57:43 UTC] MySQL select params: {"where_user_id_0":2}
[13-Mar-2026 14:57:43 UTC] MySQL select returned 4 rows
[13-Mar-2026 14:57:45 UTC] Domain API - action=suggest, clerk_user_id=user_3AhnQJV5XslRK9dMtMXyCieGbiA
[13-Mar-2026 14:57:46 UTC] Domain API - action=lookup, clerk_user_id=user_3AhnQJV5XslRK9dMtMXyCieGbiA
[13-Mar-2026 14:57:55 UTC] Domain API - action=suggest, clerk_user_id=user_3AhnQJV5XslRK9dMtMXyCieGbiA
[13-Mar-2026 14:57:56 UTC] Domain API - action=lookup, clerk_user_id=user_3AhnQJV5XslRK9dMtMXyCieGbiA
[13-Mar-2026 14:57:58 UTC] Domain API - action=suggest, clerk_user_id=user_3AhnQJV5XslRK9dMtMXyCieGbiA
[13-Mar-2026 14:58:00 UTC] Domain API - action=lookup, clerk_user_id=user_3AhnQJV5XslRK9dMtMXyCieGbiA
[13-Mar-2026 14:58:02 UTC] Domain API - action=lookup, clerk_user_id=user_3AhnQJV5XslRK9dMtMXyCieGbiA
[13-Mar-2026 14:58:02 UTC] Domain API lookup - unexpected code 701 for 13marzo.c: Couldn't extract a TLD or TLD not serviced by OpenSRS [13marzo.c]
[13-Mar-2026 14:58:05 UTC] Domain API - action=lookup, clerk_user_id=user_3AhnQJV5XslRK9dMtMXyCieGbiA
[13-Mar-2026 14:58:11 UTC] Domain API - action=suggest, clerk_user_id=user_3AhnQJV5XslRK9dMtMXyCieGbiA
[13-Mar-2026 14:58:12 UTC] Domain API - action=lookup, clerk_user_id=user_3AhnQJV5XslRK9dMtMXyCieGbiA
[13-Mar-2026 14:58:17 UTC] Domain API - action=lookup, clerk_user_id=user_3AhnQJV5XslRK9dMtMXyCieGbiA
[13-Mar-2026 14:59:52 UTC] Domain API - action=suggest, clerk_user_id=user_3AhnQJV5XslRK9dMtMXyCieGbiA
[13-Mar-2026 14:59:53 UTC] Domain API - action=lookup, clerk_user_id=user_3AhnQJV5XslRK9dMtMXyCieGbiA
[13-Mar-2026 15:00:10 UTC] Domain API - action=suggest, clerk_user_id=user_3AhnQJV5XslRK9dMtMXyCieGbiA
[13-Mar-2026 15:00:12 UTC] Domain API - action=lookup, clerk_user_id=user_3AhnQJV5XslRK9dMtMXyCieGbiA
[13-Mar-2026 15:00:13 UTC] Domain API - action=lookup, clerk_user_id=user_3AhnQJV5XslRK9dMtMXyCieGbiA
[13-Mar-2026 15:00:13 UTC] Domain API lookup - unexpected code 701 for 13marzo.c: Couldn't extract a TLD or TLD not serviced by OpenSRS [13marzo.c]
[13-Mar-2026 15:00:26 UTC] Domain API - action=lookup, clerk_user_id=user_3AhnQJV5XslRK9dMtMXyCieGbiA
[13-Mar-2026 15:00:46 UTC] Successfully loaded .env from: C:\Users\Pablo\Documents\GitHub\nine-screen-canvas-flow/.env
[13-Mar-2026 15:00:46 UTC] MySQL select query: SELECT `id` FROM `users` WHERE `clerk_user_id` = :where_clerk_user_id_0
[13-Mar-2026 15:00:46 UTC] MySQL select params: {"where_clerk_user_id_0":"user_3AhnQJV5XslRK9dMtMXyCieGbiA"}
[13-Mar-2026 15:00:46 UTC] MySQL select returned 1 rows
[13-Mar-2026 15:00:46 UTC] MySQL select query: SELECT * FROM `user_pages` WHERE `id` = :where_id_0 AND `user_id` = :where_user_id_1
[13-Mar-2026 15:00:46 UTC] MySQL select params: {"where_id_0":"6599637d-1ec0-11f1-8378-d85ed359730c","where_user_id_1":2}
[13-Mar-2026 15:00:46 UTC] MySQL select returned 1 rows
[13-Mar-2026 15:00:47 UTC] Pages API - Incoming request - Method: GET, Payload size: 0 bytes (0 KB)
[13-Mar-2026 15:00:47 UTC] Pages API - Method: GET
[13-Mar-2026 15:00:47 UTC] Pages API - clerk_user_id from request: null
[13-Mar-2026 15:00:47 UTC] Pages API - clerk_user_id from session: user_3AhnQJV5XslRK9dMtMXyCieGbiA
[13-Mar-2026 15:00:47 UTC] Pages API - Using clerk_user_id: user_3AhnQJV5XslRK9dMtMXyCieGbiA
[13-Mar-2026 15:00:47 UTC] Pages API - Using clerk_user_id: user_3AhnQJV5XslRK9dMtMXyCieGbiA
[13-Mar-2026 15:00:47 UTC] MySQL select query: SELECT `id` FROM `users` WHERE `clerk_user_id` = :where_clerk_user_id_0
[13-Mar-2026 15:00:47 UTC] MySQL select params: {"where_clerk_user_id_0":"user_3AhnQJV5XslRK9dMtMXyCieGbiA"}
[13-Mar-2026 15:00:47 UTC] MySQL select returned 1 rows
[13-Mar-2026 15:00:47 UTC] getUserIdFromClerkId - Query result: [{"id":2}]
[13-Mar-2026 15:00:47 UTC] Pages API - User ID from database: 2
[13-Mar-2026 15:00:47 UTC] Pages API - Success! User ID: 2
[13-Mar-2026 15:00:47 UTC] MySQL select query: SELECT `id`, `title`, `thumbnail_url`, `is_favorite`, `is_public`, `share_token`, `share_slug`, `last_accessed`, `created_at`, `updated_at` FROM `user_pages` WHERE `user_id` = :where_user_id_0 ORDER BY COALESCE(`last_accessed`, '1970-01-01 00:00:00') DESC
[13-Mar-2026 15:00:47 UTC] MySQL select params: {"where_user_id_0":2}
[13-Mar-2026 15:00:47 UTC] MySQL select returned 4 rows
[13-Mar-2026 15:00:49 UTC] Domain API - action=suggest, clerk_user_id=user_3AhnQJV5XslRK9dMtMXyCieGbiA
[13-Mar-2026 15:00:50 UTC] Domain API - action=lookup, clerk_user_id=user_3AhnQJV5XslRK9dMtMXyCieGbiA
[13-Mar-2026 15:00:51 UTC] Domain API - action=suggest, clerk_user_id=user_3AhnQJV5XslRK9dMtMXyCieGbiA
[13-Mar-2026 15:00:53 UTC] Domain API - action=lookup, clerk_user_id=user_3AhnQJV5XslRK9dMtMXyCieGbiA
[13-Mar-2026 15:01:59 UTC] Domain API - action=lookup, clerk_user_id=user_3AhnQJV5XslRK9dMtMXyCieGbiA
[13-Mar-2026 15:05:49 UTC] Successfully loaded .env from: C:\Users\Pablo\Documents\GitHub\nine-screen-canvas-flow/.env
[13-Mar-2026 15:05:49 UTC] syncClerkSession - Refreshing paid status for: ptrigol@gmail.com
[13-Mar-2026 15:05:50 UTC] Purchases database connection failed: SQLSTATE[HY000] [1045] Access denied for user 'alvarotrigo_alvarotrigo'@'79.117.116.182' (using password: YES)
[13-Mar-2026 15:05:50 UTC] Attempted connection to: host=nocn.noc-n.com, dbname=alvarotrigo_alvarotrigo, user=alvarotrigo_alvarotrigo
[13-Mar-2026 15:05:50 UTC] Error checking user paid status: Purchases database connection failed: SQLSTATE[HY000] [1045] Access denied for user 'alvarotrigo_alvarotrigo'@'79.117.116.182' (using password: YES)
[13-Mar-2026 15:05:50 UTC] MySQL select query: SELECT * FROM `users` WHERE `email` = :where_email_0 AND `pro_status_source` = :where_pro_status_source_1
[13-Mar-2026 15:05:50 UTC] MySQL select params: {"where_email_0":"ptrigol@gmail.com","where_pro_status_source_1":"polar"}
[13-Mar-2026 15:05:50 UTC] MySQL select returned 0 rows
[13-Mar-2026 15:05:50 UTC] MySQL select query: SELECT * FROM `subscriptions` WHERE `customer_email` = :where_customer_email_0 AND `status` = :where_status_1
[13-Mar-2026 15:05:50 UTC] MySQL select params: {"where_customer_email_0":"ptrigol@gmail.com","where_status_1":"active"}
[13-Mar-2026 15:05:50 UTC] MySQL select returned 0 rows
[13-Mar-2026 15:05:50 UTC] syncClerkSession - Paid status refreshed: is_paid=false
[13-Mar-2026 15:05:50 UTC] MySQL select query: SELECT `id` FROM `users` WHERE `clerk_user_id` = :where_clerk_user_id_0
[13-Mar-2026 15:05:50 UTC] MySQL select params: {"where_clerk_user_id_0":"user_3AhnQJV5XslRK9dMtMXyCieGbiA"}
[13-Mar-2026 15:05:50 UTC] MySQL select returned 1 rows
[13-Mar-2026 15:05:50 UTC] MySQL select query: SELECT * FROM `user_pages` WHERE `id` = :where_id_0 AND `user_id` = :where_user_id_1
[13-Mar-2026 15:05:50 UTC] MySQL select params: {"where_id_0":"6599637d-1ec0-11f1-8378-d85ed359730c","where_user_id_1":2}
[13-Mar-2026 15:05:50 UTC] MySQL select returned 1 rows
[13-Mar-2026 15:05:51 UTC] Pages API - Incoming request - Method: GET, Payload size: 0 bytes (0 KB)
[13-Mar-2026 15:05:51 UTC] Pages API - Method: GET
[13-Mar-2026 15:05:51 UTC] Pages API - clerk_user_id from request: null
[13-Mar-2026 15:05:51 UTC] Pages API - clerk_user_id from session: user_3AhnQJV5XslRK9dMtMXyCieGbiA
[13-Mar-2026 15:05:51 UTC] Pages API - Using clerk_user_id: user_3AhnQJV5XslRK9dMtMXyCieGbiA
[13-Mar-2026 15:05:51 UTC] Pages API - Using clerk_user_id: user_3AhnQJV5XslRK9dMtMXyCieGbiA
[13-Mar-2026 15:05:51 UTC] MySQL select query: SELECT `id` FROM `users` WHERE `clerk_user_id` = :where_clerk_user_id_0
[13-Mar-2026 15:05:51 UTC] MySQL select params: {"where_clerk_user_id_0":"user_3AhnQJV5XslRK9dMtMXyCieGbiA"}
[13-Mar-2026 15:05:51 UTC] MySQL select returned 1 rows
[13-Mar-2026 15:05:51 UTC] getUserIdFromClerkId - Query result: [{"id":2}]
[13-Mar-2026 15:05:51 UTC] Pages API - User ID from database: 2
[13-Mar-2026 15:05:51 UTC] Pages API - Success! User ID: 2
[13-Mar-2026 15:05:51 UTC] MySQL select query: SELECT `id`, `title`, `thumbnail_url`, `is_favorite`, `is_public`, `share_token`, `share_slug`, `last_accessed`, `created_at`, `updated_at` FROM `user_pages` WHERE `user_id` = :where_user_id_0 ORDER BY COALESCE(`last_accessed`, '1970-01-01 00:00:00') DESC
[13-Mar-2026 15:05:51 UTC] MySQL select params: {"where_user_id_0":2}
[13-Mar-2026 15:05:51 UTC] MySQL select returned 4 rows
[13-Mar-2026 15:05:53 UTC] Domain API - action=suggest, clerk_user_id=user_3AhnQJV5XslRK9dMtMXyCieGbiA
[13-Mar-2026 15:05:54 UTC] Domain API - action=lookup, clerk_user_id=user_3AhnQJV5XslRK9dMtMXyCieGbiA
[13-Mar-2026 15:06:18 UTC] Domain API - action=suggest, clerk_user_id=user_3AhnQJV5XslRK9dMtMXyCieGbiA
[13-Mar-2026 15:06:20 UTC] Domain API - action=lookup, clerk_user_id=user_3AhnQJV5XslRK9dMtMXyCieGbiA
[13-Mar-2026 15:07:40 UTC] Successfully loaded .env from: C:\Users\Pablo\Documents\GitHub\nine-screen-canvas-flow/.env
[13-Mar-2026 15:07:40 UTC] MySQL select query: SELECT `id` FROM `users` WHERE `clerk_user_id` = :where_clerk_user_id_0
[13-Mar-2026 15:07:40 UTC] MySQL select params: {"where_clerk_user_id_0":"user_3AhnQJV5XslRK9dMtMXyCieGbiA"}
[13-Mar-2026 15:07:40 UTC] MySQL select returned 1 rows
[13-Mar-2026 15:07:40 UTC] MySQL select query: SELECT * FROM `user_pages` WHERE `id` = :where_id_0 AND `user_id` = :where_user_id_1
[13-Mar-2026 15:07:40 UTC] MySQL select params: {"where_id_0":"6599637d-1ec0-11f1-8378-d85ed359730c","where_user_id_1":2}
[13-Mar-2026 15:07:40 UTC] MySQL select returned 1 rows
[13-Mar-2026 15:07:42 UTC] Pages API - Incoming request - Method: GET, Payload size: 0 bytes (0 KB)
[13-Mar-2026 15:07:42 UTC] Pages API - Method: GET
[13-Mar-2026 15:07:42 UTC] Pages API - clerk_user_id from request: null
[13-Mar-2026 15:07:42 UTC] Pages API - clerk_user_id from session: user_3AhnQJV5XslRK9dMtMXyCieGbiA
[13-Mar-2026 15:07:42 UTC] Pages API - Using clerk_user_id: user_3AhnQJV5XslRK9dMtMXyCieGbiA
[13-Mar-2026 15:07:42 UTC] Pages API - Using clerk_user_id: user_3AhnQJV5XslRK9dMtMXyCieGbiA
[13-Mar-2026 15:07:42 UTC] MySQL select query: SELECT `id` FROM `users` WHERE `clerk_user_id` = :where_clerk_user_id_0
[13-Mar-2026 15:07:42 UTC] MySQL select params: {"where_clerk_user_id_0":"user_3AhnQJV5XslRK9dMtMXyCieGbiA"}
[13-Mar-2026 15:07:42 UTC] MySQL select returned 1 rows
[13-Mar-2026 15:07:42 UTC] getUserIdFromClerkId - Query result: [{"id":2}]
[13-Mar-2026 15:07:42 UTC] Pages API - User ID from database: 2
[13-Mar-2026 15:07:42 UTC] Pages API - Success! User ID: 2
[13-Mar-2026 15:07:42 UTC] MySQL select query: SELECT `id`, `title`, `thumbnail_url`, `is_favorite`, `is_public`, `share_token`, `share_slug`, `last_accessed`, `created_at`, `updated_at` FROM `user_pages` WHERE `user_id` = :where_user_id_0 ORDER BY COALESCE(`last_accessed`, '1970-01-01 00:00:00') DESC
[13-Mar-2026 15:07:42 UTC] MySQL select params: {"where_user_id_0":2}
[13-Mar-2026 15:07:42 UTC] MySQL select returned 4 rows
[13-Mar-2026 15:07:44 UTC] Domain API - action=suggest, clerk_user_id=user_3AhnQJV5XslRK9dMtMXyCieGbiA
[13-Mar-2026 15:07:45 UTC] Domain API - action=lookup, clerk_user_id=user_3AhnQJV5XslRK9dMtMXyCieGbiA
[13-Mar-2026 15:07:56 UTC] Domain API - action=lookup, clerk_user_id=user_3AhnQJV5XslRK9dMtMXyCieGbiA
[13-Mar-2026 15:11:12 UTC] Successfully loaded .env from: C:\Users\Pablo\Documents\GitHub\nine-screen-canvas-flow/.env
[13-Mar-2026 15:11:12 UTC] syncClerkSession - Refreshing paid status for: ptrigol@gmail.com
[13-Mar-2026 15:11:12 UTC] Purchases database connection failed: SQLSTATE[HY000] [1045] Access denied for user 'alvarotrigo_alvarotrigo'@'79.117.116.182' (using password: YES)
[13-Mar-2026 15:11:12 UTC] Attempted connection to: host=nocn.noc-n.com, dbname=alvarotrigo_alvarotrigo, user=alvarotrigo_alvarotrigo
[13-Mar-2026 15:11:12 UTC] Error checking user paid status: Purchases database connection failed: SQLSTATE[HY000] [1045] Access denied for user 'alvarotrigo_alvarotrigo'@'79.117.116.182' (using password: YES)
[13-Mar-2026 15:11:12 UTC] MySQL select query: SELECT * FROM `users` WHERE `email` = :where_email_0 AND `pro_status_source` = :where_pro_status_source_1
[13-Mar-2026 15:11:12 UTC] MySQL select params: {"where_email_0":"ptrigol@gmail.com","where_pro_status_source_1":"polar"}
[13-Mar-2026 15:11:12 UTC] MySQL select returned 0 rows
[13-Mar-2026 15:11:12 UTC] MySQL select query: SELECT * FROM `subscriptions` WHERE `customer_email` = :where_customer_email_0 AND `status` = :where_status_1
[13-Mar-2026 15:11:12 UTC] MySQL select params: {"where_customer_email_0":"ptrigol@gmail.com","where_status_1":"active"}
[13-Mar-2026 15:11:12 UTC] MySQL select returned 0 rows
[13-Mar-2026 15:11:12 UTC] syncClerkSession - Paid status refreshed: is_paid=false
[13-Mar-2026 15:11:12 UTC] MySQL select query: SELECT `id` FROM `users` WHERE `clerk_user_id` = :where_clerk_user_id_0
[13-Mar-2026 15:11:12 UTC] MySQL select params: {"where_clerk_user_id_0":"user_3AhnQJV5XslRK9dMtMXyCieGbiA"}
[13-Mar-2026 15:11:12 UTC] MySQL select returned 1 rows
[13-Mar-2026 15:11:12 UTC] MySQL select query: SELECT * FROM `user_pages` WHERE `id` = :where_id_0 AND `user_id` = :where_user_id_1
[13-Mar-2026 15:11:12 UTC] MySQL select params: {"where_id_0":"6599637d-1ec0-11f1-8378-d85ed359730c","where_user_id_1":2}
[13-Mar-2026 15:11:12 UTC] MySQL select returned 1 rows
[13-Mar-2026 15:11:13 UTC] Domain API - action=suggest, clerk_user_id=user_3AhnQJV5XslRK9dMtMXyCieGbiA
[13-Mar-2026 15:11:14 UTC] Pages API - Incoming request - Method: GET, Payload size: 0 bytes (0 KB)
[13-Mar-2026 15:11:14 UTC] Pages API - Method: GET
[13-Mar-2026 15:11:14 UTC] Pages API - clerk_user_id from request: null
[13-Mar-2026 15:11:14 UTC] Pages API - clerk_user_id from session: user_3AhnQJV5XslRK9dMtMXyCieGbiA
[13-Mar-2026 15:11:14 UTC] Pages API - Using clerk_user_id: user_3AhnQJV5XslRK9dMtMXyCieGbiA
[13-Mar-2026 15:11:14 UTC] Pages API - Using clerk_user_id: user_3AhnQJV5XslRK9dMtMXyCieGbiA
[13-Mar-2026 15:11:14 UTC] MySQL select query: SELECT `id` FROM `users` WHERE `clerk_user_id` = :where_clerk_user_id_0
[13-Mar-2026 15:11:14 UTC] MySQL select params: {"where_clerk_user_id_0":"user_3AhnQJV5XslRK9dMtMXyCieGbiA"}
[13-Mar-2026 15:11:14 UTC] MySQL select returned 1 rows
[13-Mar-2026 15:11:14 UTC] getUserIdFromClerkId - Query result: [{"id":2}]
[13-Mar-2026 15:11:14 UTC] Pages API - User ID from database: 2
[13-Mar-2026 15:11:14 UTC] Pages API - Success! User ID: 2
[13-Mar-2026 15:11:14 UTC] MySQL select query: SELECT `id`, `title`, `thumbnail_url`, `is_favorite`, `is_public`, `share_token`, `share_slug`, `last_accessed`, `created_at`, `updated_at` FROM `user_pages` WHERE `user_id` = :where_user_id_0 ORDER BY COALESCE(`last_accessed`, '1970-01-01 00:00:00') DESC
[13-Mar-2026 15:11:14 UTC] MySQL select params: {"where_user_id_0":2}
[13-Mar-2026 15:11:14 UTC] MySQL select returned 4 rows
[13-Mar-2026 15:11:15 UTC] Domain API - action=lookup, clerk_user_id=user_3AhnQJV5XslRK9dMtMXyCieGbiA
[13-Mar-2026 15:17:00 UTC] Domain API - action=lookup, clerk_user_id=user_3AhnQJV5XslRK9dMtMXyCieGbiA
[13-Mar-2026 15:17:03 UTC] Pages API - Incoming request - Method: POST, Payload size: 168 bytes (0.16 KB)
[13-Mar-2026 15:17:03 UTC] Pages API - Method: POST
[13-Mar-2026 15:17:03 UTC] Pages API - clerk_user_id from request: user_3AhnQJV5XslRK9dMtMXyCieGbiA
[13-Mar-2026 15:17:03 UTC] Pages API - clerk_user_id from session: user_3AhnQJV5XslRK9dMtMXyCieGbiA
[13-Mar-2026 15:17:03 UTC] Pages API - Using clerk_user_id: user_3AhnQJV5XslRK9dMtMXyCieGbiA
[13-Mar-2026 15:17:03 UTC] Pages API - Using clerk_user_id: user_3AhnQJV5XslRK9dMtMXyCieGbiA
[13-Mar-2026 15:17:03 UTC] MySQL select query: SELECT `id` FROM `users` WHERE `clerk_user_id` = :where_clerk_user_id_0
[13-Mar-2026 15:17:03 UTC] MySQL select params: {"where_clerk_user_id_0":"user_3AhnQJV5XslRK9dMtMXyCieGbiA"}
[13-Mar-2026 15:17:03 UTC] MySQL select returned 1 rows
[13-Mar-2026 15:17:03 UTC] getUserIdFromClerkId - Query result: [{"id":2}]
[13-Mar-2026 15:17:03 UTC] Pages API - User ID from database: 2
[13-Mar-2026 15:17:03 UTC] Pages API - Success! User ID: 2
[13-Mar-2026 15:17:03 UTC] Pages API POST - action='publish-domain', input_keys=action,id,clerk_user_id,domain,share_slug, raw_snippet={"action":"publish-domain","id":"6599637d-1ec0-11f1-8378-d85ed359730c","clerk_user_id":"user_3AhnQJV5XslRK9dMtMXyCieGbiA
[13-Mar-2026 15:17:03 UTC] publishPageWithDomain - START: pageId=6599637d-1ec0-11f1-8378-d85ed359730c, userId=2, domain=propage.com
[13-Mar-2026 15:17:03 UTC] publishPageWithDomain - ERROR: Domain registration requires a Pro plan.
[13-Mar-2026 15:17:12 UTC] Domain API - action=lookup, clerk_user_id=user_3AhnQJV5XslRK9dMtMXyCieGbiA
[13-Mar-2026 15:17:14 UTC] Domain API - action=lookup, clerk_user_id=user_3AhnQJV5XslRK9dMtMXyCieGbiA
[13-Mar-2026 15:17:14 UTC] Domain API lookup - unexpected code 701 for 13marzo.c: Couldn't extract a TLD or TLD not serviced by OpenSRS [13marzo.c]
[13-Mar-2026 15:17:16 UTC] Domain API - action=lookup, clerk_user_id=user_3AhnQJV5XslRK9dMtMXyCieGbiA
[13-Mar-2026 15:19:43 UTC] Successfully loaded .env from: C:\Users\Pablo\Documents\GitHub\nine-screen-canvas-flow/.env
[13-Mar-2026 15:19:43 UTC] syncClerkSession - Refreshing paid status for: ptrigol@gmail.com
[13-Mar-2026 15:19:43 UTC] Purchases database connection failed: SQLSTATE[HY000] [1045] Access denied for user 'alvarotrigo_alvarotrigo'@'79.117.116.182' (using password: YES)
[13-Mar-2026 15:19:43 UTC] Attempted connection to: host=nocn.noc-n.com, dbname=alvarotrigo_alvarotrigo, user=alvarotrigo_alvarotrigo
[13-Mar-2026 15:19:43 UTC] Error checking user paid status: Purchases database connection failed: SQLSTATE[HY000] [1045] Access denied for user 'alvarotrigo_alvarotrigo'@'79.117.116.182' (using password: YES)
[13-Mar-2026 15:19:43 UTC] MySQL select query: SELECT * FROM `users` WHERE `email` = :where_email_0 AND `pro_status_source` = :where_pro_status_source_1
[13-Mar-2026 15:19:43 UTC] MySQL select params: {"where_email_0":"ptrigol@gmail.com","where_pro_status_source_1":"polar"}
[13-Mar-2026 15:19:43 UTC] MySQL select returned 0 rows
[13-Mar-2026 15:19:43 UTC] MySQL select query: SELECT * FROM `subscriptions` WHERE `customer_email` = :where_customer_email_0 AND `status` = :where_status_1
[13-Mar-2026 15:19:43 UTC] MySQL select params: {"where_customer_email_0":"ptrigol@gmail.com","where_status_1":"active"}
[13-Mar-2026 15:19:43 UTC] MySQL select returned 0 rows
[13-Mar-2026 15:19:43 UTC] syncClerkSession - Paid status refreshed: is_paid=false
[13-Mar-2026 15:19:43 UTC] MySQL select query: SELECT `id` FROM `users` WHERE `clerk_user_id` = :where_clerk_user_id_0
[13-Mar-2026 15:19:43 UTC] MySQL select params: {"where_clerk_user_id_0":"user_3AhnQJV5XslRK9dMtMXyCieGbiA"}
[13-Mar-2026 15:19:43 UTC] MySQL select returned 1 rows
[13-Mar-2026 15:19:43 UTC] MySQL select query: SELECT * FROM `user_pages` WHERE `id` = :where_id_0 AND `user_id` = :where_user_id_1
[13-Mar-2026 15:19:43 UTC] MySQL select params: {"where_id_0":"6599637d-1ec0-11f1-8378-d85ed359730c","where_user_id_1":2}
[13-Mar-2026 15:19:43 UTC] MySQL select returned 1 rows
[13-Mar-2026 15:19:44 UTC] Domain API - action=suggest, clerk_user_id=user_3AhnQJV5XslRK9dMtMXyCieGbiA
[13-Mar-2026 15:19:45 UTC] Pages API - Incoming request - Method: GET, Payload size: 0 bytes (0 KB)
[13-Mar-2026 15:19:45 UTC] Pages API - Method: GET
[13-Mar-2026 15:19:45 UTC] Pages API - clerk_user_id from request: null
[13-Mar-2026 15:19:45 UTC] Pages API - clerk_user_id from session: user_3AhnQJV5XslRK9dMtMXyCieGbiA
[13-Mar-2026 15:19:45 UTC] Pages API - Using clerk_user_id: user_3AhnQJV5XslRK9dMtMXyCieGbiA
[13-Mar-2026 15:19:45 UTC] Pages API - Using clerk_user_id: user_3AhnQJV5XslRK9dMtMXyCieGbiA
[13-Mar-2026 15:19:45 UTC] MySQL select query: SELECT `id` FROM `users` WHERE `clerk_user_id` = :where_clerk_user_id_0
[13-Mar-2026 15:19:45 UTC] MySQL select params: {"where_clerk_user_id_0":"user_3AhnQJV5XslRK9dMtMXyCieGbiA"}
[13-Mar-2026 15:19:45 UTC] MySQL select returned 1 rows
[13-Mar-2026 15:19:45 UTC] getUserIdFromClerkId - Query result: [{"id":2}]
[13-Mar-2026 15:19:45 UTC] Pages API - User ID from database: 2
[13-Mar-2026 15:19:45 UTC] Pages API - Success! User ID: 2
[13-Mar-2026 15:19:45 UTC] MySQL select query: SELECT `id`, `title`, `thumbnail_url`, `is_favorite`, `is_public`, `share_token`, `share_slug`, `last_accessed`, `created_at`, `updated_at` FROM `user_pages` WHERE `user_id` = :where_user_id_0 ORDER BY COALESCE(`last_accessed`, '1970-01-01 00:00:00') DESC
[13-Mar-2026 15:19:45 UTC] MySQL select params: {"where_user_id_0":2}
[13-Mar-2026 15:19:45 UTC] MySQL select returned 4 rows
[13-Mar-2026 15:19:47 UTC] Domain API - action=lookup, clerk_user_id=user_3AhnQJV5XslRK9dMtMXyCieGbiA
[13-Mar-2026 15:19:58 UTC] Domain API - action=lookup, clerk_user_id=user_3AhnQJV5XslRK9dMtMXyCieGbiA
[13-Mar-2026 15:20:09 UTC] Domain API - action=lookup, clerk_user_id=user_3AhnQJV5XslRK9dMtMXyCieGbiA
[13-Mar-2026 15:20:16 UTC] Domain API - action=lookup, clerk_user_id=user_3AhnQJV5XslRK9dMtMXyCieGbiA
[13-Mar-2026 15:20:28 UTC] Domain API - action=lookup, clerk_user_id=user_3AhnQJV5XslRK9dMtMXyCieGbiA
[13-Mar-2026 15:20:34 UTC] Domain API - action=lookup, clerk_user_id=user_3AhnQJV5XslRK9dMtMXyCieGbiA
[13-Mar-2026 15:20:50 UTC] Domain API - action=lookup, clerk_user_id=user_3AhnQJV5XslRK9dMtMXyCieGbiA
[13-Mar-2026 15:23:15 UTC] Domain API - action=lookup, clerk_user_id=user_3AhnQJV5XslRK9dMtMXyCieGbiA
[13-Mar-2026 15:24:59 UTC] Successfully loaded .env from: C:\Users\Pablo\Documents\GitHub\nine-screen-canvas-flow/.env
[13-Mar-2026 15:24:59 UTC] syncClerkSession - Refreshing paid status for: ptrigol@gmail.com
[13-Mar-2026 15:24:59 UTC] Purchases database connection failed: SQLSTATE[HY000] [1045] Access denied for user 'alvarotrigo_alvarotrigo'@'79.117.116.182' (using password: YES)
[13-Mar-2026 15:24:59 UTC] Attempted connection to: host=nocn.noc-n.com, dbname=alvarotrigo_alvarotrigo, user=alvarotrigo_alvarotrigo
[13-Mar-2026 15:24:59 UTC] Error checking user paid status: Purchases database connection failed: SQLSTATE[HY000] [1045] Access denied for user 'alvarotrigo_alvarotrigo'@'79.117.116.182' (using password: YES)
[13-Mar-2026 15:24:59 UTC] MySQL select query: SELECT * FROM `users` WHERE `email` = :where_email_0 AND `pro_status_source` = :where_pro_status_source_1
[13-Mar-2026 15:24:59 UTC] MySQL select params: {"where_email_0":"ptrigol@gmail.com","where_pro_status_source_1":"polar"}
[13-Mar-2026 15:24:59 UTC] MySQL select returned 0 rows
[13-Mar-2026 15:24:59 UTC] MySQL select query: SELECT * FROM `subscriptions` WHERE `customer_email` = :where_customer_email_0 AND `status` = :where_status_1
[13-Mar-2026 15:24:59 UTC] MySQL select params: {"where_customer_email_0":"ptrigol@gmail.com","where_status_1":"active"}
[13-Mar-2026 15:24:59 UTC] MySQL select returned 0 rows
[13-Mar-2026 15:24:59 UTC] syncClerkSession - Paid status refreshed: is_paid=false
[13-Mar-2026 15:24:59 UTC] MySQL select query: SELECT `id` FROM `users` WHERE `clerk_user_id` = :where_clerk_user_id_0
[13-Mar-2026 15:24:59 UTC] MySQL select params: {"where_clerk_user_id_0":"user_3AhnQJV5XslRK9dMtMXyCieGbiA"}
[13-Mar-2026 15:24:59 UTC] MySQL select returned 1 rows
[13-Mar-2026 15:24:59 UTC] MySQL select query: SELECT * FROM `user_pages` WHERE `id` = :where_id_0 AND `user_id` = :where_user_id_1
[13-Mar-2026 15:24:59 UTC] MySQL select params: {"where_id_0":"6599637d-1ec0-11f1-8378-d85ed359730c","where_user_id_1":2}
[13-Mar-2026 15:24:59 UTC] MySQL select returned 1 rows
[13-Mar-2026 15:25:00 UTC] Domain API - action=suggest, clerk_user_id=user_3AhnQJV5XslRK9dMtMXyCieGbiA
[13-Mar-2026 15:25:01 UTC] Pages API - Incoming request - Method: GET, Payload size: 0 bytes (0 KB)
[13-Mar-2026 15:25:01 UTC] Pages API - Method: GET
[13-Mar-2026 15:25:01 UTC] Pages API - clerk_user_id from request: null
[13-Mar-2026 15:25:01 UTC] Pages API - clerk_user_id from session: user_3AhnQJV5XslRK9dMtMXyCieGbiA
[13-Mar-2026 15:25:01 UTC] Pages API - Using clerk_user_id: user_3AhnQJV5XslRK9dMtMXyCieGbiA
[13-Mar-2026 15:25:01 UTC] Pages API - Using clerk_user_id: user_3AhnQJV5XslRK9dMtMXyCieGbiA
[13-Mar-2026 15:25:01 UTC] MySQL select query: SELECT `id` FROM `users` WHERE `clerk_user_id` = :where_clerk_user_id_0
[13-Mar-2026 15:25:01 UTC] MySQL select params: {"where_clerk_user_id_0":"user_3AhnQJV5XslRK9dMtMXyCieGbiA"}
[13-Mar-2026 15:25:01 UTC] MySQL select returned 1 rows
[13-Mar-2026 15:25:01 UTC] getUserIdFromClerkId - Query result: [{"id":2}]
[13-Mar-2026 15:25:01 UTC] Pages API - User ID from database: 2
[13-Mar-2026 15:25:01 UTC] Pages API - Success! User ID: 2
[13-Mar-2026 15:25:01 UTC] MySQL select query: SELECT `id`, `title`, `thumbnail_url`, `is_favorite`, `is_public`, `share_token`, `share_slug`, `last_accessed`, `created_at`, `updated_at` FROM `user_pages` WHERE `user_id` = :where_user_id_0 ORDER BY COALESCE(`last_accessed`, '1970-01-01 00:00:00') DESC
[13-Mar-2026 15:25:01 UTC] MySQL select params: {"where_user_id_0":2}
[13-Mar-2026 15:25:01 UTC] MySQL select returned 4 rows
[13-Mar-2026 15:25:02 UTC] Domain API - action=lookup, clerk_user_id=user_3AhnQJV5XslRK9dMtMXyCieGbiA
[13-Mar-2026 15:25:07 UTC] Domain API - action=lookup, clerk_user_id=user_3AhnQJV5XslRK9dMtMXyCieGbiA
[13-Mar-2026 15:26:40 UTC] Successfully loaded .env from: C:\Users\Pablo\Documents\GitHub\nine-screen-canvas-flow/.env
[13-Mar-2026 15:26:40 UTC] MySQL select query: SELECT `id` FROM `users` WHERE `clerk_user_id` = :where_clerk_user_id_0
[13-Mar-2026 15:26:40 UTC] MySQL select params: {"where_clerk_user_id_0":"user_3AhnQJV5XslRK9dMtMXyCieGbiA"}
[13-Mar-2026 15:26:40 UTC] MySQL select returned 1 rows
[13-Mar-2026 15:26:40 UTC] MySQL select query: SELECT * FROM `user_pages` WHERE `id` = :where_id_0 AND `user_id` = :where_user_id_1
[13-Mar-2026 15:26:40 UTC] MySQL select params: {"where_id_0":"6599637d-1ec0-11f1-8378-d85ed359730c","where_user_id_1":2}
[13-Mar-2026 15:26:40 UTC] MySQL select returned 1 rows
[13-Mar-2026 15:26:41 UTC] Domain API - action=suggest, clerk_user_id=user_3AhnQJV5XslRK9dMtMXyCieGbiA
[13-Mar-2026 15:26:42 UTC] Pages API - Incoming request - Method: GET, Payload size: 0 bytes (0 KB)
[13-Mar-2026 15:26:42 UTC] Pages API - Method: GET
[13-Mar-2026 15:26:42 UTC] Pages API - clerk_user_id from request: null
[13-Mar-2026 15:26:42 UTC] Pages API - clerk_user_id from session: user_3AhnQJV5XslRK9dMtMXyCieGbiA
[13-Mar-2026 15:26:42 UTC] Pages API - Using clerk_user_id: user_3AhnQJV5XslRK9dMtMXyCieGbiA
[13-Mar-2026 15:26:42 UTC] Pages API - Using clerk_user_id: user_3AhnQJV5XslRK9dMtMXyCieGbiA
[13-Mar-2026 15:26:42 UTC] MySQL select query: SELECT `id` FROM `users` WHERE `clerk_user_id` = :where_clerk_user_id_0
[13-Mar-2026 15:26:42 UTC] MySQL select params: {"where_clerk_user_id_0":"user_3AhnQJV5XslRK9dMtMXyCieGbiA"}
[13-Mar-2026 15:26:42 UTC] MySQL select returned 1 rows
[13-Mar-2026 15:26:42 UTC] getUserIdFromClerkId - Query result: [{"id":2}]
[13-Mar-2026 15:26:42 UTC] Pages API - User ID from database: 2
[13-Mar-2026 15:26:42 UTC] Pages API - Success! User ID: 2
[13-Mar-2026 15:26:42 UTC] MySQL select query: SELECT `id`, `title`, `thumbnail_url`, `is_favorite`, `is_public`, `share_token`, `share_slug`, `last_accessed`, `created_at`, `updated_at` FROM `user_pages` WHERE `user_id` = :where_user_id_0 ORDER BY COALESCE(`last_accessed`, '1970-01-01 00:00:00') DESC
[13-Mar-2026 15:26:42 UTC] MySQL select params: {"where_user_id_0":2}
[13-Mar-2026 15:26:42 UTC] MySQL select returned 4 rows
[13-Mar-2026 15:26:47 UTC] Domain API - action=lookup, clerk_user_id=user_3AhnQJV5XslRK9dMtMXyCieGbiA
[13-Mar-2026 15:26:53 UTC] Domain API - action=lookup, clerk_user_id=user_3AhnQJV5XslRK9dMtMXyCieGbiA
[13-Mar-2026 15:26:54 UTC] Domain API - action=suggest, clerk_user_id=user_3AhnQJV5XslRK9dMtMXyCieGbiA
[13-Mar-2026 15:26:55 UTC] Domain API - action=suggest, clerk_user_id=user_3AhnQJV5XslRK9dMtMXyCieGbiA
[13-Mar-2026 15:26:56 UTC] Domain API - action=suggest, clerk_user_id=user_3AhnQJV5XslRK9dMtMXyCieGbiA
[13-Mar-2026 15:26:57 UTC] Domain API - action=suggest, clerk_user_id=user_3AhnQJV5XslRK9dMtMXyCieGbiA
[13-Mar-2026 15:26:58 UTC] Domain API - action=suggest, clerk_user_id=user_3AhnQJV5XslRK9dMtMXyCieGbiA
[13-Mar-2026 15:26:59 UTC] Domain API - action=suggest, clerk_user_id=user_3AhnQJV5XslRK9dMtMXyCieGbiA
[13-Mar-2026 15:26:59 UTC] Domain API - action=suggest, clerk_user_id=user_3AhnQJV5XslRK9dMtMXyCieGbiA
[13-Mar-2026 15:27:00 UTC] Domain API - action=suggest, clerk_user_id=user_3AhnQJV5XslRK9dMtMXyCieGbiA
[13-Mar-2026 15:27:01 UTC] Domain API - action=suggest, clerk_user_id=user_3AhnQJV5XslRK9dMtMXyCieGbiA
[13-Mar-2026 15:27:02 UTC] Domain API - action=suggest, clerk_user_id=user_3AhnQJV5XslRK9dMtMXyCieGbiA
[13-Mar-2026 15:27:03 UTC] Domain API - action=lookup, clerk_user_id=user_3AhnQJV5XslRK9dMtMXyCieGbiA
[13-Mar-2026 15:27:04 UTC] Domain API - action=suggest, clerk_user_id=user_3AhnQJV5XslRK9dMtMXyCieGbiA
[13-Mar-2026 15:27:05 UTC] Domain API - action=suggest, clerk_user_id=user_3AhnQJV5XslRK9dMtMXyCieGbiA
[13-Mar-2026 15:27:06 UTC] Domain API - action=suggest, clerk_user_id=user_3AhnQJV5XslRK9dMtMXyCieGbiA
[13-Mar-2026 15:27:07 UTC] Domain API - action=suggest, clerk_user_id=user_3AhnQJV5XslRK9dMtMXyCieGbiA
[13-Mar-2026 15:27:08 UTC] Domain API - action=suggest, clerk_user_id=user_3AhnQJV5XslRK9dMtMXyCieGbiA
[13-Mar-2026 15:27:08 UTC] Domain API - action=suggest, clerk_user_id=user_3AhnQJV5XslRK9dMtMXyCieGbiA
[13-Mar-2026 15:27:10 UTC] Domain API - action=suggest, clerk_user_id=user_3AhnQJV5XslRK9dMtMXyCieGbiA
[13-Mar-2026 15:27:11 UTC] Domain API - action=suggest, clerk_user_id=user_3AhnQJV5XslRK9dMtMXyCieGbiA
[13-Mar-2026 15:27:11 UTC] Domain API - action=suggest, clerk_user_id=user_3AhnQJV5XslRK9dMtMXyCieGbiA
[13-Mar-2026 15:27:12 UTC] Domain API - action=suggest, clerk_user_id=user_3AhnQJV5XslRK9dMtMXyCieGbiA
[13-Mar-2026 15:27:13 UTC] Domain API - action=suggest, clerk_user_id=user_3AhnQJV5XslRK9dMtMXyCieGbiA
[13-Mar-2026 15:27:14 UTC] Domain API - action=suggest, clerk_user_id=user_3AhnQJV5XslRK9dMtMXyCieGbiA
[13-Mar-2026 15:27:15 UTC] Domain API - action=suggest, clerk_user_id=user_3AhnQJV5XslRK9dMtMXyCieGbiA
[13-Mar-2026 15:27:16 UTC] Domain API - action=suggest, clerk_user_id=user_3AhnQJV5XslRK9dMtMXyCieGbiA
[13-Mar-2026 15:27:17 UTC] Domain API - action=suggest, clerk_user_id=user_3AhnQJV5XslRK9dMtMXyCieGbiA
[13-Mar-2026 15:27:18 UTC] Domain API - action=suggest, clerk_user_id=user_3AhnQJV5XslRK9dMtMXyCieGbiA
[13-Mar-2026 15:27:18 UTC] Domain API - action=suggest, clerk_user_id=user_3AhnQJV5XslRK9dMtMXyCieGbiA
[13-Mar-2026 15:27:19 UTC] Domain API - action=suggest, clerk_user_id=user_3AhnQJV5XslRK9dMtMXyCieGbiA
[13-Mar-2026 15:27:20 UTC] Domain API - action=suggest, clerk_user_id=user_3AhnQJV5XslRK9dMtMXyCieGbiA
[13-Mar-2026 15:27:21 UTC] Domain API - action=suggest, clerk_user_id=user_3AhnQJV5XslRK9dMtMXyCieGbiA
[13-Mar-2026 15:27:22 UTC] Domain API - action=suggest, clerk_user_id=user_3AhnQJV5XslRK9dMtMXyCieGbiA
[13-Mar-2026 15:27:23 UTC] Domain API - action=suggest, clerk_user_id=user_3AhnQJV5XslRK9dMtMXyCieGbiA
[13-Mar-2026 15:27:24 UTC] Domain API - action=suggest, clerk_user_id=user_3AhnQJV5XslRK9dMtMXyCieGbiA
[13-Mar-2026 15:27:25 UTC] Domain API - action=suggest, clerk_user_id=user_3AhnQJV5XslRK9dMtMXyCieGbiA
[13-Mar-2026 15:27:25 UTC] Domain API - action=suggest, clerk_user_id=user_3AhnQJV5XslRK9dMtMXyCieGbiA
[13-Mar-2026 15:27:26 UTC] Domain API - action=suggest, clerk_user_id=user_3AhnQJV5XslRK9dMtMXyCieGbiA
[13-Mar-2026 15:27:27 UTC] Domain API - action=suggest, clerk_user_id=user_3AhnQJV5XslRK9dMtMXyCieGbiA
[13-Mar-2026 15:27:28 UTC] Domain API - action=suggest, clerk_user_id=user_3AhnQJV5XslRK9dMtMXyCieGbiA
[13-Mar-2026 15:27:29 UTC] Domain API - action=suggest, clerk_user_id=user_3AhnQJV5XslRK9dMtMXyCieGbiA
[13-Mar-2026 15:27:30 UTC] Domain API - action=suggest, clerk_user_id=user_3AhnQJV5XslRK9dMtMXyCieGbiA
[13-Mar-2026 15:27:31 UTC] Domain API - action=suggest, clerk_user_id=user_3AhnQJV5XslRK9dMtMXyCieGbiA
[13-Mar-2026 15:27:32 UTC] Domain API - action=suggest, clerk_user_id=user_3AhnQJV5XslRK9dMtMXyCieGbiA
[13-Mar-2026 15:27:32 UTC] Domain API - action=suggest, clerk_user_id=user_3AhnQJV5XslRK9dMtMXyCieGbiA
[13-Mar-2026 15:27:33 UTC] Domain API - action=suggest, clerk_user_id=user_3AhnQJV5XslRK9dMtMXyCieGbiA
[13-Mar-2026 15:27:34 UTC] Domain API - action=suggest, clerk_user_id=user_3AhnQJV5XslRK9dMtMXyCieGbiA
[13-Mar-2026 15:27:35 UTC] Domain API - action=suggest, clerk_user_id=user_3AhnQJV5XslRK9dMtMXyCieGbiA
[13-Mar-2026 15:27:36 UTC] Domain API - action=suggest, clerk_user_id=user_3AhnQJV5XslRK9dMtMXyCieGbiA
[13-Mar-2026 15:27:37 UTC] Domain API - action=lookup, clerk_user_id=user_3AhnQJV5XslRK9dMtMXyCieGbiA
[13-Mar-2026 15:27:38 UTC] Domain API - action=suggest, clerk_user_id=user_3AhnQJV5XslRK9dMtMXyCieGbiA
[13-Mar-2026 15:27:39 UTC] Domain API - action=suggest, clerk_user_id=user_3AhnQJV5XslRK9dMtMXyCieGbiA
[13-Mar-2026 15:27:40 UTC] Domain API - action=suggest, clerk_user_id=user_3AhnQJV5XslRK9dMtMXyCieGbiA
[13-Mar-2026 15:27:40 UTC] Domain API - action=suggest, clerk_user_id=user_3AhnQJV5XslRK9dMtMXyCieGbiA
[13-Mar-2026 15:27:41 UTC] Domain API - action=suggest, clerk_user_id=user_3AhnQJV5XslRK9dMtMXyCieGbiA
[13-Mar-2026 15:27:42 UTC] Domain API - action=suggest, clerk_user_id=user_3AhnQJV5XslRK9dMtMXyCieGbiA
[13-Mar-2026 15:27:43 UTC] Domain API - action=suggest, clerk_user_id=user_3AhnQJV5XslRK9dMtMXyCieGbiA
[13-Mar-2026 15:27:44 UTC] Domain API - action=suggest, clerk_user_id=user_3AhnQJV5XslRK9dMtMXyCieGbiA
[13-Mar-2026 15:27:45 UTC] Domain API - action=lookup, clerk_user_id=user_3AhnQJV5XslRK9dMtMXyCieGbiA
[13-Mar-2026 15:27:48 UTC] Domain API - action=lookup, clerk_user_id=user_3AhnQJV5XslRK9dMtMXyCieGbiA
[13-Mar-2026 15:27:55 UTC] Domain API - action=lookup, clerk_user_id=user_3AhnQJV5XslRK9dMtMXyCieGbiA
[13-Mar-2026 15:28:00 UTC] Domain API - action=lookup, clerk_user_id=user_3AhnQJV5XslRK9dMtMXyCieGbiA
[13-Mar-2026 15:28:01 UTC] Domain API - action=suggest, clerk_user_id=user_3AhnQJV5XslRK9dMtMXyCieGbiA
[13-Mar-2026 15:28:02 UTC] Domain API - action=suggest, clerk_user_id=user_3AhnQJV5XslRK9dMtMXyCieGbiA
[13-Mar-2026 15:28:03 UTC] Domain API - action=suggest, clerk_user_id=user_3AhnQJV5XslRK9dMtMXyCieGbiA
[13-Mar-2026 15:28:04 UTC] Domain API - action=suggest, clerk_user_id=user_3AhnQJV5XslRK9dMtMXyCieGbiA
[13-Mar-2026 15:28:04 UTC] Domain API - action=suggest, clerk_user_id=user_3AhnQJV5XslRK9dMtMXyCieGbiA
[13-Mar-2026 15:28:05 UTC] Domain API - action=suggest, clerk_user_id=user_3AhnQJV5XslRK9dMtMXyCieGbiA
[13-Mar-2026 15:28:06 UTC] Domain API - action=suggest, clerk_user_id=user_3AhnQJV5XslRK9dMtMXyCieGbiA
[13-Mar-2026 15:28:07 UTC] Domain API - action=suggest, clerk_user_id=user_3AhnQJV5XslRK9dMtMXyCieGbiA
[13-Mar-2026 15:28:08 UTC] Domain API - action=suggest, clerk_user_id=user_3AhnQJV5XslRK9dMtMXyCieGbiA
[13-Mar-2026 15:28:09 UTC] Domain API - action=suggest, clerk_user_id=user_3AhnQJV5XslRK9dMtMXyCieGbiA
[13-Mar-2026 15:28:09 UTC] Domain API - action=suggest, clerk_user_id=user_3AhnQJV5XslRK9dMtMXyCieGbiA
[13-Mar-2026 15:28:10 UTC] Domain API - action=suggest, clerk_user_id=user_3AhnQJV5XslRK9dMtMXyCieGbiA
[13-Mar-2026 15:28:11 UTC] Domain API - action=suggest, clerk_user_id=user_3AhnQJV5XslRK9dMtMXyCieGbiA
[13-Mar-2026 15:28:12 UTC] Domain API - action=suggest, clerk_user_id=user_3AhnQJV5XslRK9dMtMXyCieGbiA
[13-Mar-2026 15:28:13 UTC] Domain API - action=suggest, clerk_user_id=user_3AhnQJV5XslRK9dMtMXyCieGbiA
[13-Mar-2026 15:28:14 UTC] Domain API - action=suggest, clerk_user_id=user_3AhnQJV5XslRK9dMtMXyCieGbiA
[13-Mar-2026 15:28:15 UTC] Domain API - action=suggest, clerk_user_id=user_3AhnQJV5XslRK9dMtMXyCieGbiA
[13-Mar-2026 15:28:16 UTC] Domain API - action=suggest, clerk_user_id=user_3AhnQJV5XslRK9dMtMXyCieGbiA
[13-Mar-2026 15:28:17 UTC] Domain API - action=suggest, clerk_user_id=user_3AhnQJV5XslRK9dMtMXyCieGbiA
[13-Mar-2026 15:28:17 UTC] Domain API - action=suggest, clerk_user_id=user_3AhnQJV5XslRK9dMtMXyCieGbiA
[13-Mar-2026 15:28:18 UTC] Domain API - action=suggest, clerk_user_id=user_3AhnQJV5XslRK9dMtMXyCieGbiA
[13-Mar-2026 15:28:19 UTC] Domain API - action=suggest, clerk_user_id=user_3AhnQJV5XslRK9dMtMXyCieGbiA
[13-Mar-2026 15:28:20 UTC] Domain API - action=suggest, clerk_user_id=user_3AhnQJV5XslRK9dMtMXyCieGbiA
[13-Mar-2026 15:28:21 UTC] Domain API - action=suggest, clerk_user_id=user_3AhnQJV5XslRK9dMtMXyCieGbiA
[13-Mar-2026 15:28:22 UTC] Domain API - action=suggest, clerk_user_id=user_3AhnQJV5XslRK9dMtMXyCieGbiA
[13-Mar-2026 15:28:22 UTC] Domain API - action=suggest, clerk_user_id=user_3AhnQJV5XslRK9dMtMXyCieGbiA
[13-Mar-2026 15:28:23 UTC] Domain API - action=suggest, clerk_user_id=user_3AhnQJV5XslRK9dMtMXyCieGbiA
[13-Mar-2026 15:28:24 UTC] Domain API - action=suggest, clerk_user_id=user_3AhnQJV5XslRK9dMtMXyCieGbiA
[13-Mar-2026 15:28:25 UTC] Domain API - action=suggest, clerk_user_id=user_3AhnQJV5XslRK9dMtMXyCieGbiA
[13-Mar-2026 15:28:26 UTC] Domain API - action=suggest, clerk_user_id=user_3AhnQJV5XslRK9dMtMXyCieGbiA
[13-Mar-2026 15:28:27 UTC] Domain API - action=suggest, clerk_user_id=user_3AhnQJV5XslRK9dMtMXyCieGbiA
[13-Mar-2026 15:28:28 UTC] Domain API - action=suggest, clerk_user_id=user_3AhnQJV5XslRK9dMtMXyCieGbiA
[13-Mar-2026 15:28:29 UTC] Domain API - action=suggest, clerk_user_id=user_3AhnQJV5XslRK9dMtMXyCieGbiA
[13-Mar-2026 15:28:30 UTC] Domain API - action=suggest, clerk_user_id=user_3AhnQJV5XslRK9dMtMXyCieGbiA
[13-Mar-2026 15:28:30 UTC] Domain API - action=suggest, clerk_user_id=user_3AhnQJV5XslRK9dMtMXyCieGbiA
[13-Mar-2026 15:28:31 UTC] Domain API - action=suggest, clerk_user_id=user_3AhnQJV5XslRK9dMtMXyCieGbiA
[13-Mar-2026 15:28:32 UTC] Domain API - action=suggest, clerk_user_id=user_3AhnQJV5XslRK9dMtMXyCieGbiA
[13-Mar-2026 15:28:33 UTC] Domain API - action=suggest, clerk_user_id=user_3AhnQJV5XslRK9dMtMXyCieGbiA
[13-Mar-2026 15:28:34 UTC] Domain API - action=suggest, clerk_user_id=user_3AhnQJV5XslRK9dMtMXyCieGbiA
[13-Mar-2026 15:28:35 UTC] Domain API - action=suggest, clerk_user_id=user_3AhnQJV5XslRK9dMtMXyCieGbiA
[13-Mar-2026 15:28:36 UTC] Domain API - action=suggest, clerk_user_id=user_3AhnQJV5XslRK9dMtMXyCieGbiA
[13-Mar-2026 15:28:37 UTC] Domain API - action=suggest, clerk_user_id=user_3AhnQJV5XslRK9dMtMXyCieGbiA
[13-Mar-2026 15:28:37 UTC] Domain API - action=suggest, clerk_user_id=user_3AhnQJV5XslRK9dMtMXyCieGbiA
[13-Mar-2026 15:28:38 UTC] Domain API - action=suggest, clerk_user_id=user_3AhnQJV5XslRK9dMtMXyCieGbiA
[13-Mar-2026 15:28:39 UTC] Domain API - action=suggest, clerk_user_id=user_3AhnQJV5XslRK9dMtMXyCieGbiA
[13-Mar-2026 15:28:40 UTC] Domain API - action=suggest, clerk_user_id=user_3AhnQJV5XslRK9dMtMXyCieGbiA
[13-Mar-2026 15:28:41 UTC] Domain API - action=suggest, clerk_user_id=user_3AhnQJV5XslRK9dMtMXyCieGbiA
[13-Mar-2026 15:28:41 UTC] Domain API - action=suggest, clerk_user_id=user_3AhnQJV5XslRK9dMtMXyCieGbiA
[13-Mar-2026 15:28:42 UTC] Domain API - action=suggest, clerk_user_id=user_3AhnQJV5XslRK9dMtMXyCieGbiA
[13-Mar-2026 15:28:43 UTC] Domain API - action=suggest, clerk_user_id=user_3AhnQJV5XslRK9dMtMXyCieGbiA
[13-Mar-2026 15:28:44 UTC] Domain API - action=suggest, clerk_user_id=user_3AhnQJV5XslRK9dMtMXyCieGbiA
[13-Mar-2026 15:28:45 UTC] Domain API - action=suggest, clerk_user_id=user_3AhnQJV5XslRK9dMtMXyCieGbiA
[13-Mar-2026 15:28:46 UTC] Domain API - action=suggest, clerk_user_id=user_3AhnQJV5XslRK9dMtMXyCieGbiA
[13-Mar-2026 15:28:47 UTC] Domain API - action=suggest, clerk_user_id=user_3AhnQJV5XslRK9dMtMXyCieGbiA
[13-Mar-2026 15:28:48 UTC] Domain API - action=suggest, clerk_user_id=user_3AhnQJV5XslRK9dMtMXyCieGbiA
[13-Mar-2026 15:28:49 UTC] Domain API - action=suggest, clerk_user_id=user_3AhnQJV5XslRK9dMtMXyCieGbiA
[13-Mar-2026 15:28:50 UTC] Domain API - action=suggest, clerk_user_id=user_3AhnQJV5XslRK9dMtMXyCieGbiA
[13-Mar-2026 15:28:50 UTC] Domain API - action=suggest, clerk_user_id=user_3AhnQJV5XslRK9dMtMXyCieGbiA
[13-Mar-2026 15:28:51 UTC] Domain API - action=suggest, clerk_user_id=user_3AhnQJV5XslRK9dMtMXyCieGbiA
[13-Mar-2026 15:28:52 UTC] Domain API - action=suggest, clerk_user_id=user_3AhnQJV5XslRK9dMtMXyCieGbiA
[13-Mar-2026 15:28:53 UTC] Domain API - action=suggest, clerk_user_id=user_3AhnQJV5XslRK9dMtMXyCieGbiA
[13-Mar-2026 15:28:54 UTC] Domain API - action=suggest, clerk_user_id=user_3AhnQJV5XslRK9dMtMXyCieGbiA
[13-Mar-2026 15:28:55 UTC] Domain API - action=suggest, clerk_user_id=user_3AhnQJV5XslRK9dMtMXyCieGbiA
[13-Mar-2026 15:28:55 UTC] Domain API - action=suggest, clerk_user_id=user_3AhnQJV5XslRK9dMtMXyCieGbiA
[13-Mar-2026 15:28:56 UTC] Domain API - action=suggest, clerk_user_id=user_3AhnQJV5XslRK9dMtMXyCieGbiA
[13-Mar-2026 15:28:57 UTC] Domain API - action=suggest, clerk_user_id=user_3AhnQJV5XslRK9dMtMXyCieGbiA
[13-Mar-2026 15:28:58 UTC] Domain API - action=suggest, clerk_user_id=user_3AhnQJV5XslRK9dMtMXyCieGbiA
[13-Mar-2026 15:28:59 UTC] Domain API - action=suggest, clerk_user_id=user_3AhnQJV5XslRK9dMtMXyCieGbiA
[13-Mar-2026 15:28:59 UTC] Domain API - action=suggest, clerk_user_id=user_3AhnQJV5XslRK9dMtMXyCieGbiA
[13-Mar-2026 15:29:00 UTC] Domain API - action=suggest, clerk_user_id=user_3AhnQJV5XslRK9dMtMXyCieGbiA
[13-Mar-2026 15:29:01 UTC] Domain API - action=suggest, clerk_user_id=user_3AhnQJV5XslRK9dMtMXyCieGbiA
[13-Mar-2026 15:29:02 UTC] Domain API - action=suggest, clerk_user_id=user_3AhnQJV5XslRK9dMtMXyCieGbiA
[13-Mar-2026 15:29:03 UTC] Domain API - action=suggest, clerk_user_id=user_3AhnQJV5XslRK9dMtMXyCieGbiA
[13-Mar-2026 15:29:04 UTC] Domain API - action=suggest, clerk_user_id=user_3AhnQJV5XslRK9dMtMXyCieGbiA
[13-Mar-2026 15:29:05 UTC] Domain API - action=suggest, clerk_user_id=user_3AhnQJV5XslRK9dMtMXyCieGbiA
[13-Mar-2026 15:29:06 UTC] Domain API - action=suggest, clerk_user_id=user_3AhnQJV5XslRK9dMtMXyCieGbiA
[13-Mar-2026 15:29:07 UTC] Domain API - action=suggest, clerk_user_id=user_3AhnQJV5XslRK9dMtMXyCieGbiA
[13-Mar-2026 15:29:08 UTC] Domain API - action=suggest, clerk_user_id=user_3AhnQJV5XslRK9dMtMXyCieGbiA
[13-Mar-2026 15:29:09 UTC] Domain API - action=suggest, clerk_user_id=user_3AhnQJV5XslRK9dMtMXyCieGbiA
[13-Mar-2026 15:29:10 UTC] Domain API - action=suggest, clerk_user_id=user_3AhnQJV5XslRK9dMtMXyCieGbiA
[13-Mar-2026 15:29:10 UTC] Domain API - action=suggest, clerk_user_id=user_3AhnQJV5XslRK9dMtMXyCieGbiA
[13-Mar-2026 15:29:11 UTC] Domain API - action=suggest, clerk_user_id=user_3AhnQJV5XslRK9dMtMXyCieGbiA
[13-Mar-2026 15:29:12 UTC] Domain API - action=suggest, clerk_user_id=user_3AhnQJV5XslRK9dMtMXyCieGbiA
[13-Mar-2026 15:29:13 UTC] Domain API - action=suggest, clerk_user_id=user_3AhnQJV5XslRK9dMtMXyCieGbiA
[13-Mar-2026 15:29:14 UTC] Domain API - action=suggest, clerk_user_id=user_3AhnQJV5XslRK9dMtMXyCieGbiA
[13-Mar-2026 15:29:15 UTC] Domain API - action=suggest, clerk_user_id=user_3AhnQJV5XslRK9dMtMXyCieGbiA
[13-Mar-2026 15:29:16 UTC] Domain API - action=suggest, clerk_user_id=user_3AhnQJV5XslRK9dMtMXyCieGbiA
[13-Mar-2026 15:29:16 UTC] Domain API - action=suggest, clerk_user_id=user_3AhnQJV5XslRK9dMtMXyCieGbiA
[13-Mar-2026 15:29:17 UTC] Domain API - action=suggest, clerk_user_id=user_3AhnQJV5XslRK9dMtMXyCieGbiA
[13-Mar-2026 15:29:18 UTC] Domain API - action=suggest, clerk_user_id=user_3AhnQJV5XslRK9dMtMXyCieGbiA
[13-Mar-2026 15:29:19 UTC] Domain API - action=suggest, clerk_user_id=user_3AhnQJV5XslRK9dMtMXyCieGbiA
[13-Mar-2026 15:29:20 UTC] Domain API - action=suggest, clerk_user_id=user_3AhnQJV5XslRK9dMtMXyCieGbiA
[13-Mar-2026 15:29:21 UTC] Domain API - action=suggest, clerk_user_id=user_3AhnQJV5XslRK9dMtMXyCieGbiA
[13-Mar-2026 15:29:21 UTC] Domain API - action=suggest, clerk_user_id=user_3AhnQJV5XslRK9dMtMXyCieGbiA
[13-Mar-2026 15:29:22 UTC] Domain API - action=suggest, clerk_user_id=user_3AhnQJV5XslRK9dMtMXyCieGbiA
[13-Mar-2026 15:29:23 UTC] Domain API - action=suggest, clerk_user_id=user_3AhnQJV5XslRK9dMtMXyCieGbiA
[13-Mar-2026 15:29:24 UTC] Domain API - action=suggest, clerk_user_id=user_3AhnQJV5XslRK9dMtMXyCieGbiA
[13-Mar-2026 15:29:25 UTC] Domain API - action=suggest, clerk_user_id=user_3AhnQJV5XslRK9dMtMXyCieGbiA
[13-Mar-2026 15:29:26 UTC] Domain API - action=suggest, clerk_user_id=user_3AhnQJV5XslRK9dMtMXyCieGbiA
[13-Mar-2026 15:29:27 UTC] Domain API - action=suggest, clerk_user_id=user_3AhnQJV5XslRK9dMtMXyCieGbiA
[13-Mar-2026 15:29:28 UTC] Domain API - action=suggest, clerk_user_id=user_3AhnQJV5XslRK9dMtMXyCieGbiA
[13-Mar-2026 15:29:28 UTC] Domain API - action=suggest, clerk_user_id=user_3AhnQJV5XslRK9dMtMXyCieGbiA
[13-Mar-2026 15:29:29 UTC] Domain API - action=suggest, clerk_user_id=user_3AhnQJV5XslRK9dMtMXyCieGbiA
[13-Mar-2026 15:29:30 UTC] Domain API - action=suggest, clerk_user_id=user_3AhnQJV5XslRK9dMtMXyCieGbiA
[13-Mar-2026 15:29:31 UTC] Domain API - action=suggest, clerk_user_id=user_3AhnQJV5XslRK9dMtMXyCieGbiA
[13-Mar-2026 15:29:32 UTC] Domain API - action=suggest, clerk_user_id=user_3AhnQJV5XslRK9dMtMXyCieGbiA
[13-Mar-2026 15:29:33 UTC] Domain API - action=suggest, clerk_user_id=user_3AhnQJV5XslRK9dMtMXyCieGbiA
[13-Mar-2026 15:29:33 UTC] Domain API - action=suggest, clerk_user_id=user_3AhnQJV5XslRK9dMtMXyCieGbiA
[13-Mar-2026 15:29:34 UTC] Domain API - action=suggest, clerk_user_id=user_3AhnQJV5XslRK9dMtMXyCieGbiA
[13-Mar-2026 15:29:35 UTC] Domain API - action=suggest, clerk_user_id=user_3AhnQJV5XslRK9dMtMXyCieGbiA
[13-Mar-2026 15:29:36 UTC] Domain API - action=suggest, clerk_user_id=user_3AhnQJV5XslRK9dMtMXyCieGbiA
[13-Mar-2026 15:29:37 UTC] Domain API - action=suggest, clerk_user_id=user_3AhnQJV5XslRK9dMtMXyCieGbiA
[13-Mar-2026 15:29:38 UTC] Domain API - action=suggest, clerk_user_id=user_3AhnQJV5XslRK9dMtMXyCieGbiA
[13-Mar-2026 15:29:39 UTC] Domain API - action=suggest, clerk_user_id=user_3AhnQJV5XslRK9dMtMXyCieGbiA
[13-Mar-2026 15:29:39 UTC] Domain API - action=suggest, clerk_user_id=user_3AhnQJV5XslRK9dMtMXyCieGbiA
[13-Mar-2026 15:29:40 UTC] Domain API - action=suggest, clerk_user_id=user_3AhnQJV5XslRK9dMtMXyCieGbiA
[13-Mar-2026 15:29:41 UTC] Domain API - action=suggest, clerk_user_id=user_3AhnQJV5XslRK9dMtMXyCieGbiA
[13-Mar-2026 15:29:42 UTC] Domain API - action=suggest, clerk_user_id=user_3AhnQJV5XslRK9dMtMXyCieGbiA
[13-Mar-2026 15:29:43 UTC] Domain API - action=suggest, clerk_user_id=user_3AhnQJV5XslRK9dMtMXyCieGbiA
[13-Mar-2026 15:29:44 UTC] Domain API - action=suggest, clerk_user_id=user_3AhnQJV5XslRK9dMtMXyCieGbiA
[13-Mar-2026 15:29:45 UTC] Domain API - action=suggest, clerk_user_id=user_3AhnQJV5XslRK9dMtMXyCieGbiA
[13-Mar-2026 15:29:46 UTC] Domain API - action=suggest, clerk_user_id=user_3AhnQJV5XslRK9dMtMXyCieGbiA
[13-Mar-2026 15:29:47 UTC] Domain API - action=suggest, clerk_user_id=user_3AhnQJV5XslRK9dMtMXyCieGbiA
[13-Mar-2026 15:29:47 UTC] Domain API - action=suggest, clerk_user_id=user_3AhnQJV5XslRK9dMtMXyCieGbiA
[13-Mar-2026 15:29:48 UTC] Domain API - action=suggest, clerk_user_id=user_3AhnQJV5XslRK9dMtMXyCieGbiA
[13-Mar-2026 15:29:49 UTC] Domain API - action=suggest, clerk_user_id=user_3AhnQJV5XslRK9dMtMXyCieGbiA
[13-Mar-2026 15:29:50 UTC] Domain API - action=suggest, clerk_user_id=user_3AhnQJV5XslRK9dMtMXyCieGbiA
[13-Mar-2026 15:29:51 UTC] Domain API - action=suggest, clerk_user_id=user_3AhnQJV5XslRK9dMtMXyCieGbiA
[13-Mar-2026 15:29:52 UTC] Domain API - action=suggest, clerk_user_id=user_3AhnQJV5XslRK9dMtMXyCieGbiA
[13-Mar-2026 15:29:52 UTC] Domain API - action=suggest, clerk_user_id=user_3AhnQJV5XslRK9dMtMXyCieGbiA
[13-Mar-2026 15:29:54 UTC] Domain API - action=suggest, clerk_user_id=user_3AhnQJV5XslRK9dMtMXyCieGbiA
[13-Mar-2026 15:29:54 UTC] Domain API - action=suggest, clerk_user_id=user_3AhnQJV5XslRK9dMtMXyCieGbiA
[13-Mar-2026 15:29:55 UTC] Domain API - action=suggest, clerk_user_id=user_3AhnQJV5XslRK9dMtMXyCieGbiA
[13-Mar-2026 15:29:56 UTC] Domain API - action=suggest, clerk_user_id=user_3AhnQJV5XslRK9dMtMXyCieGbiA
[13-Mar-2026 15:29:57 UTC] Domain API - action=suggest, clerk_user_id=user_3AhnQJV5XslRK9dMtMXyCieGbiA
[13-Mar-2026 15:29:58 UTC] Domain API - action=suggest, clerk_user_id=user_3AhnQJV5XslRK9dMtMXyCieGbiA
[13-Mar-2026 15:29:59 UTC] Domain API - action=suggest, clerk_user_id=user_3AhnQJV5XslRK9dMtMXyCieGbiA
[13-Mar-2026 15:30:00 UTC] Domain API - action=suggest, clerk_user_id=user_3AhnQJV5XslRK9dMtMXyCieGbiA
[13-Mar-2026 15:30:01 UTC] Domain API - action=suggest, clerk_user_id=user_3AhnQJV5XslRK9dMtMXyCieGbiA
[13-Mar-2026 15:30:02 UTC] Domain API - action=suggest, clerk_user_id=user_3AhnQJV5XslRK9dMtMXyCieGbiA
[13-Mar-2026 15:30:03 UTC] Domain API - action=suggest, clerk_user_id=user_3AhnQJV5XslRK9dMtMXyCieGbiA
[13-Mar-2026 15:30:04 UTC] Domain API - action=suggest, clerk_user_id=user_3AhnQJV5XslRK9dMtMXyCieGbiA
[13-Mar-2026 15:30:05 UTC] Domain API - action=suggest, clerk_user_id=user_3AhnQJV5XslRK9dMtMXyCieGbiA
[13-Mar-2026 15:30:06 UTC] Domain API - action=suggest, clerk_user_id=user_3AhnQJV5XslRK9dMtMXyCieGbiA
[13-Mar-2026 15:30:07 UTC] Domain API - action=suggest, clerk_user_id=user_3AhnQJV5XslRK9dMtMXyCieGbiA
[13-Mar-2026 15:30:08 UTC] Domain API - action=suggest, clerk_user_id=user_3AhnQJV5XslRK9dMtMXyCieGbiA
[13-Mar-2026 15:30:09 UTC] Domain API - action=suggest, clerk_user_id=user_3AhnQJV5XslRK9dMtMXyCieGbiA
[13-Mar-2026 15:30:10 UTC] Domain API - action=suggest, clerk_user_id=user_3AhnQJV5XslRK9dMtMXyCieGbiA
[13-Mar-2026 15:30:11 UTC] Domain API - action=suggest, clerk_user_id=user_3AhnQJV5XslRK9dMtMXyCieGbiA
[13-Mar-2026 15:30:11 UTC] Domain API - action=suggest, clerk_user_id=user_3AhnQJV5XslRK9dMtMXyCieGbiA
[13-Mar-2026 15:30:12 UTC] Domain API - action=suggest, clerk_user_id=user_3AhnQJV5XslRK9dMtMXyCieGbiA
[13-Mar-2026 15:30:13 UTC] Domain API - action=suggest, clerk_user_id=user_3AhnQJV5XslRK9dMtMXyCieGbiA
[13-Mar-2026 15:30:14 UTC] Domain API - action=suggest, clerk_user_id=user_3AhnQJV5XslRK9dMtMXyCieGbiA
[13-Mar-2026 15:30:15 UTC] Domain API - action=suggest, clerk_user_id=user_3AhnQJV5XslRK9dMtMXyCieGbiA
[13-Mar-2026 15:30:16 UTC] Domain API - action=suggest, clerk_user_id=user_3AhnQJV5XslRK9dMtMXyCieGbiA
[13-Mar-2026 15:30:17 UTC] Domain API - action=suggest, clerk_user_id=user_3AhnQJV5XslRK9dMtMXyCieGbiA
[13-Mar-2026 15:30:18 UTC] Domain API - action=suggest, clerk_user_id=user_3AhnQJV5XslRK9dMtMXyCieGbiA
[13-Mar-2026 15:30:18 UTC] Domain API - action=suggest, clerk_user_id=user_3AhnQJV5XslRK9dMtMXyCieGbiA
[13-Mar-2026 15:30:19 UTC] Domain API - action=suggest, clerk_user_id=user_3AhnQJV5XslRK9dMtMXyCieGbiA
[13-Mar-2026 15:30:20 UTC] Domain API - action=suggest, clerk_user_id=user_3AhnQJV5XslRK9dMtMXyCieGbiA
[13-Mar-2026 15:30:21 UTC] Domain API - action=suggest, clerk_user_id=user_3AhnQJV5XslRK9dMtMXyCieGbiA
[13-Mar-2026 15:30:22 UTC] Domain API - action=suggest, clerk_user_id=user_3AhnQJV5XslRK9dMtMXyCieGbiA
[13-Mar-2026 15:30:23 UTC] Domain API - action=suggest, clerk_user_id=user_3AhnQJV5XslRK9dMtMXyCieGbiA
[13-Mar-2026 15:30:24 UTC] Domain API - action=suggest, clerk_user_id=user_3AhnQJV5XslRK9dMtMXyCieGbiA
[13-Mar-2026 15:30:25 UTC] Domain API - action=suggest, clerk_user_id=user_3AhnQJV5XslRK9dMtMXyCieGbiA
[13-Mar-2026 15:30:26 UTC] Domain API - action=suggest, clerk_user_id=user_3AhnQJV5XslRK9dMtMXyCieGbiA
[13-Mar-2026 15:30:26 UTC] Domain API - action=suggest, clerk_user_id=user_3AhnQJV5XslRK9dMtMXyCieGbiA
[13-Mar-2026 15:30:27 UTC] Domain API - action=suggest, clerk_user_id=user_3AhnQJV5XslRK9dMtMXyCieGbiA
[13-Mar-2026 15:30:28 UTC] Domain API - action=suggest, clerk_user_id=user_3AhnQJV5XslRK9dMtMXyCieGbiA
[13-Mar-2026 15:30:29 UTC] Domain API - action=suggest, clerk_user_id=user_3AhnQJV5XslRK9dMtMXyCieGbiA
[13-Mar-2026 15:30:30 UTC] Domain API - action=suggest, clerk_user_id=user_3AhnQJV5XslRK9dMtMXyCieGbiA
[13-Mar-2026 15:30:31 UTC] Domain API - action=suggest, clerk_user_id=user_3AhnQJV5XslRK9dMtMXyCieGbiA
[13-Mar-2026 15:30:32 UTC] Domain API - action=suggest, clerk_user_id=user_3AhnQJV5XslRK9dMtMXyCieGbiA
[13-Mar-2026 15:30:33 UTC] Domain API - action=suggest, clerk_user_id=user_3AhnQJV5XslRK9dMtMXyCieGbiA
[13-Mar-2026 15:30:33 UTC] Domain API - action=suggest, clerk_user_id=user_3AhnQJV5XslRK9dMtMXyCieGbiA
[13-Mar-2026 15:30:34 UTC] Domain API - action=suggest, clerk_user_id=user_3AhnQJV5XslRK9dMtMXyCieGbiA
[13-Mar-2026 15:30:35 UTC] Domain API - action=suggest, clerk_user_id=user_3AhnQJV5XslRK9dMtMXyCieGbiA
[13-Mar-2026 15:30:36 UTC] Domain API - action=suggest, clerk_user_id=user_3AhnQJV5XslRK9dMtMXyCieGbiA
[13-Mar-2026 15:30:37 UTC] Domain API - action=suggest, clerk_user_id=user_3AhnQJV5XslRK9dMtMXyCieGbiA
[13-Mar-2026 15:30:38 UTC] Domain API - action=suggest, clerk_user_id=user_3AhnQJV5XslRK9dMtMXyCieGbiA
[13-Mar-2026 15:30:39 UTC] Domain API - action=suggest, clerk_user_id=user_3AhnQJV5XslRK9dMtMXyCieGbiA
[13-Mar-2026 15:30:39 UTC] Domain API - action=suggest, clerk_user_id=user_3AhnQJV5XslRK9dMtMXyCieGbiA
[13-Mar-2026 15:30:40 UTC] Domain API - action=suggest, clerk_user_id=user_3AhnQJV5XslRK9dMtMXyCieGbiA
[13-Mar-2026 15:30:41 UTC] Domain API - action=suggest, clerk_user_id=user_3AhnQJV5XslRK9dMtMXyCieGbiA
[13-Mar-2026 15:30:42 UTC] Domain API - action=suggest, clerk_user_id=user_3AhnQJV5XslRK9dMtMXyCieGbiA
[13-Mar-2026 15:30:43 UTC] Domain API - action=suggest, clerk_user_id=user_3AhnQJV5XslRK9dMtMXyCieGbiA
[13-Mar-2026 15:30:44 UTC] Domain API - action=suggest, clerk_user_id=user_3AhnQJV5XslRK9dMtMXyCieGbiA
[13-Mar-2026 15:30:45 UTC] Domain API - action=suggest, clerk_user_id=user_3AhnQJV5XslRK9dMtMXyCieGbiA
[13-Mar-2026 15:30:45 UTC] Domain API - action=suggest, clerk_user_id=user_3AhnQJV5XslRK9dMtMXyCieGbiA
[13-Mar-2026 15:30:46 UTC] Domain API - action=suggest, clerk_user_id=user_3AhnQJV5XslRK9dMtMXyCieGbiA
[13-Mar-2026 15:30:47 UTC] Domain API - action=suggest, clerk_user_id=user_3AhnQJV5XslRK9dMtMXyCieGbiA
[13-Mar-2026 15:30:48 UTC] Domain API - action=suggest, clerk_user_id=user_3AhnQJV5XslRK9dMtMXyCieGbiA
[13-Mar-2026 15:30:49 UTC] Domain API - action=suggest, clerk_user_id=user_3AhnQJV5XslRK9dMtMXyCieGbiA
[13-Mar-2026 15:30:50 UTC] Domain API - action=suggest, clerk_user_id=user_3AhnQJV5XslRK9dMtMXyCieGbiA
[13-Mar-2026 15:30:51 UTC] Domain API - action=suggest, clerk_user_id=user_3AhnQJV5XslRK9dMtMXyCieGbiA
[13-Mar-2026 15:30:52 UTC] Domain API - action=suggest, clerk_user_id=user_3AhnQJV5XslRK9dMtMXyCieGbiA
[13-Mar-2026 15:30:52 UTC] Domain API - action=suggest, clerk_user_id=user_3AhnQJV5XslRK9dMtMXyCieGbiA
[13-Mar-2026 15:30:53 UTC] Domain API - action=suggest, clerk_user_id=user_3AhnQJV5XslRK9dMtMXyCieGbiA
[13-Mar-2026 15:30:54 UTC] Domain API - action=suggest, clerk_user_id=user_3AhnQJV5XslRK9dMtMXyCieGbiA
[13-Mar-2026 15:30:55 UTC] Domain API - action=suggest, clerk_user_id=user_3AhnQJV5XslRK9dMtMXyCieGbiA
[13-Mar-2026 15:30:56 UTC] Domain API - action=suggest, clerk_user_id=user_3AhnQJV5XslRK9dMtMXyCieGbiA
[13-Mar-2026 15:30:57 UTC] Domain API - action=suggest, clerk_user_id=user_3AhnQJV5XslRK9dMtMXyCieGbiA
[13-Mar-2026 15:30:58 UTC] Domain API - action=suggest, clerk_user_id=user_3AhnQJV5XslRK9dMtMXyCieGbiA
[13-Mar-2026 15:30:59 UTC] Domain API - action=suggest, clerk_user_id=user_3AhnQJV5XslRK9dMtMXyCieGbiA
[13-Mar-2026 15:31:00 UTC] Domain API - action=suggest, clerk_user_id=user_3AhnQJV5XslRK9dMtMXyCieGbiA
[13-Mar-2026 15:31:01 UTC] Domain API - action=suggest, clerk_user_id=user_3AhnQJV5XslRK9dMtMXyCieGbiA
[13-Mar-2026 15:31:01 UTC] Domain API - action=suggest, clerk_user_id=user_3AhnQJV5XslRK9dMtMXyCieGbiA
[13-Mar-2026 15:31:02 UTC] Domain API - action=suggest, clerk_user_id=user_3AhnQJV5XslRK9dMtMXyCieGbiA
[13-Mar-2026 15:31:03 UTC] Domain API - action=suggest, clerk_user_id=user_3AhnQJV5XslRK9dMtMXyCieGbiA
[13-Mar-2026 15:31:04 UTC] Domain API - action=suggest, clerk_user_id=user_3AhnQJV5XslRK9dMtMXyCieGbiA
[13-Mar-2026 15:31:05 UTC] Domain API - action=suggest, clerk_user_id=user_3AhnQJV5XslRK9dMtMXyCieGbiA
[13-Mar-2026 15:31:05 UTC] Domain API - action=suggest, clerk_user_id=user_3AhnQJV5XslRK9dMtMXyCieGbiA
[13-Mar-2026 15:31:06 UTC] Domain API - action=suggest, clerk_user_id=user_3AhnQJV5XslRK9dMtMXyCieGbiA
[13-Mar-2026 15:31:07 UTC] Domain API - action=suggest, clerk_user_id=user_3AhnQJV5XslRK9dMtMXyCieGbiA
[13-Mar-2026 15:31:08 UTC] Domain API - action=suggest, clerk_user_id=user_3AhnQJV5XslRK9dMtMXyCieGbiA
[13-Mar-2026 15:31:09 UTC] Domain API - action=suggest, clerk_user_id=user_3AhnQJV5XslRK9dMtMXyCieGbiA
[13-Mar-2026 15:31:10 UTC] Successfully loaded .env from: C:\Users\Pablo\Documents\GitHub\nine-screen-canvas-flow/.env
[13-Mar-2026 15:31:10 UTC] syncClerkSession - Refreshing paid status for: ptrigol@gmail.com
[13-Mar-2026 15:31:10 UTC] Purchases database connection failed: SQLSTATE[HY000] [1045] Access denied for user 'alvarotrigo_alvarotrigo'@'79.117.116.182' (using password: YES)
[13-Mar-2026 15:31:10 UTC] Attempted connection to: host=nocn.noc-n.com, dbname=alvarotrigo_alvarotrigo, user=alvarotrigo_alvarotrigo
[13-Mar-2026 15:31:10 UTC] Error checking user paid status: Purchases database connection failed: SQLSTATE[HY000] [1045] Access denied for user 'alvarotrigo_alvarotrigo'@'79.117.116.182' (using password: YES)
[13-Mar-2026 15:31:10 UTC] MySQL select query: SELECT * FROM `users` WHERE `email` = :where_email_0 AND `pro_status_source` = :where_pro_status_source_1
[13-Mar-2026 15:31:10 UTC] MySQL select params: {"where_email_0":"ptrigol@gmail.com","where_pro_status_source_1":"polar"}
[13-Mar-2026 15:31:10 UTC] MySQL select returned 0 rows
[13-Mar-2026 15:31:10 UTC] MySQL select query: SELECT * FROM `subscriptions` WHERE `customer_email` = :where_customer_email_0 AND `status` = :where_status_1
[13-Mar-2026 15:31:10 UTC] MySQL select params: {"where_customer_email_0":"ptrigol@gmail.com","where_status_1":"active"}
[13-Mar-2026 15:31:10 UTC] MySQL select returned 0 rows
[13-Mar-2026 15:31:10 UTC] syncClerkSession - Paid status refreshed: is_paid=false
[13-Mar-2026 15:31:10 UTC] MySQL select query: SELECT `id` FROM `users` WHERE `clerk_user_id` = :where_clerk_user_id_0
[13-Mar-2026 15:31:10 UTC] MySQL select params: {"where_clerk_user_id_0":"user_3AhnQJV5XslRK9dMtMXyCieGbiA"}
[13-Mar-2026 15:31:10 UTC] MySQL select returned 1 rows
[13-Mar-2026 15:31:10 UTC] MySQL select query: SELECT * FROM `user_pages` WHERE `id` = :where_id_0 AND `user_id` = :where_user_id_1
[13-Mar-2026 15:31:10 UTC] MySQL select params: {"where_id_0":"6599637d-1ec0-11f1-8378-d85ed359730c","where_user_id_1":2}
[13-Mar-2026 15:31:10 UTC] MySQL select returned 1 rows
[13-Mar-2026 15:31:10 UTC] Domain API - action=suggest, clerk_user_id=user_3AhnQJV5XslRK9dMtMXyCieGbiA
[13-Mar-2026 15:31:11 UTC] Domain API - action=suggest, clerk_user_id=user_3AhnQJV5XslRK9dMtMXyCieGbiA
[13-Mar-2026 15:31:12 UTC] Domain API - action=suggest, clerk_user_id=user_3AhnQJV5XslRK9dMtMXyCieGbiA
[13-Mar-2026 15:31:13 UTC] Pages API - Incoming request - Method: GET, Payload size: 0 bytes (0 KB)
[13-Mar-2026 15:31:13 UTC] Pages API - Method: GET
[13-Mar-2026 15:31:13 UTC] Pages API - clerk_user_id from request: null
[13-Mar-2026 15:31:13 UTC] Pages API - clerk_user_id from session: user_3AhnQJV5XslRK9dMtMXyCieGbiA
[13-Mar-2026 15:31:13 UTC] Pages API - Using clerk_user_id: user_3AhnQJV5XslRK9dMtMXyCieGbiA
[13-Mar-2026 15:31:13 UTC] Pages API - Using clerk_user_id: user_3AhnQJV5XslRK9dMtMXyCieGbiA
[13-Mar-2026 15:31:13 UTC] MySQL select query: SELECT `id` FROM `users` WHERE `clerk_user_id` = :where_clerk_user_id_0
[13-Mar-2026 15:31:13 UTC] MySQL select params: {"where_clerk_user_id_0":"user_3AhnQJV5XslRK9dMtMXyCieGbiA"}
[13-Mar-2026 15:31:13 UTC] MySQL select returned 1 rows
[13-Mar-2026 15:31:13 UTC] getUserIdFromClerkId - Query result: [{"id":2}]
[13-Mar-2026 15:31:13 UTC] Pages API - User ID from database: 2
[13-Mar-2026 15:31:13 UTC] Pages API - Success! User ID: 2
[13-Mar-2026 15:31:13 UTC] MySQL select query: SELECT `id`, `title`, `thumbnail_url`, `is_favorite`, `is_public`, `share_token`, `share_slug`, `last_accessed`, `created_at`, `updated_at` FROM `user_pages` WHERE `user_id` = :where_user_id_0 ORDER BY COALESCE(`last_accessed`, '1970-01-01 00:00:00') DESC
[13-Mar-2026 15:31:13 UTC] MySQL select params: {"where_user_id_0":2}
[13-Mar-2026 15:31:13 UTC] MySQL select returned 4 rows
[13-Mar-2026 15:31:13 UTC] Domain API - action=suggest, clerk_user_id=user_3AhnQJV5XslRK9dMtMXyCieGbiA
[13-Mar-2026 15:31:14 UTC] Domain API - action=lookup, clerk_user_id=user_3AhnQJV5XslRK9dMtMXyCieGbiA
[13-Mar-2026 15:31:19 UTC] Domain API - action=lookup, clerk_user_id=user_3AhnQJV5XslRK9dMtMXyCieGbiA
[13-Mar-2026 15:31:23 UTC] Domain API - action=lookup, clerk_user_id=user_3AhnQJV5XslRK9dMtMXyCieGbiA
[13-Mar-2026 15:31:24 UTC] Domain API - action=suggest, clerk_user_id=user_3AhnQJV5XslRK9dMtMXyCieGbiA
[13-Mar-2026 15:31:25 UTC] Domain API - action=suggest, clerk_user_id=user_3AhnQJV5XslRK9dMtMXyCieGbiA
[13-Mar-2026 15:31:26 UTC] Domain API - action=suggest, clerk_user_id=user_3AhnQJV5XslRK9dMtMXyCieGbiA
[13-Mar-2026 15:31:27 UTC] Domain API - action=suggest, clerk_user_id=user_3AhnQJV5XslRK9dMtMXyCieGbiA
[13-Mar-2026 15:31:27 UTC] Domain API - action=suggest, clerk_user_id=user_3AhnQJV5XslRK9dMtMXyCieGbiA
[13-Mar-2026 15:31:28 UTC] Domain API - action=suggest, clerk_user_id=user_3AhnQJV5XslRK9dMtMXyCieGbiA
[13-Mar-2026 15:31:29 UTC] Domain API - action=suggest, clerk_user_id=user_3AhnQJV5XslRK9dMtMXyCieGbiA
[13-Mar-2026 15:31:30 UTC] Domain API - action=suggest, clerk_user_id=user_3AhnQJV5XslRK9dMtMXyCieGbiA
[13-Mar-2026 15:31:31 UTC] Domain API - action=suggest, clerk_user_id=user_3AhnQJV5XslRK9dMtMXyCieGbiA
[13-Mar-2026 15:31:32 UTC] Domain API - action=suggest, clerk_user_id=user_3AhnQJV5XslRK9dMtMXyCieGbiA
[13-Mar-2026 15:31:33 UTC] Domain API - action=lookup, clerk_user_id=user_3AhnQJV5XslRK9dMtMXyCieGbiA
[13-Mar-2026 15:31:37 UTC] Domain API - action=lookup, clerk_user_id=user_3AhnQJV5XslRK9dMtMXyCieGbiA
[13-Mar-2026 15:31:43 UTC] Domain API - action=lookup, clerk_user_id=user_3AhnQJV5XslRK9dMtMXyCieGbiA
[13-Mar-2026 15:31:44 UTC] Domain API - action=suggest, clerk_user_id=user_3AhnQJV5XslRK9dMtMXyCieGbiA
[13-Mar-2026 15:31:45 UTC] Domain API - action=suggest, clerk_user_id=user_3AhnQJV5XslRK9dMtMXyCieGbiA
[13-Mar-2026 15:31:46 UTC] Domain API - action=suggest, clerk_user_id=user_3AhnQJV5XslRK9dMtMXyCieGbiA
[13-Mar-2026 15:31:47 UTC] Domain API - action=suggest, clerk_user_id=user_3AhnQJV5XslRK9dMtMXyCieGbiA
[13-Mar-2026 15:31:48 UTC] Domain API - action=suggest, clerk_user_id=user_3AhnQJV5XslRK9dMtMXyCieGbiA
[13-Mar-2026 15:31:48 UTC] Domain API - action=suggest, clerk_user_id=user_3AhnQJV5XslRK9dMtMXyCieGbiA
[13-Mar-2026 15:31:49 UTC] Domain API - action=suggest, clerk_user_id=user_3AhnQJV5XslRK9dMtMXyCieGbiA
[13-Mar-2026 15:31:50 UTC] Domain API - action=suggest, clerk_user_id=user_3AhnQJV5XslRK9dMtMXyCieGbiA
[13-Mar-2026 15:31:51 UTC] Domain API - action=suggest, clerk_user_id=user_3AhnQJV5XslRK9dMtMXyCieGbiA
[13-Mar-2026 15:31:52 UTC] Domain API - action=suggest, clerk_user_id=user_3AhnQJV5XslRK9dMtMXyCieGbiA
[13-Mar-2026 15:31:53 UTC] Domain API - action=suggest, clerk_user_id=user_3AhnQJV5XslRK9dMtMXyCieGbiA
[13-Mar-2026 15:31:54 UTC] Domain API - action=suggest, clerk_user_id=user_3AhnQJV5XslRK9dMtMXyCieGbiA
[13-Mar-2026 15:31:55 UTC] Domain API - action=suggest, clerk_user_id=user_3AhnQJV5XslRK9dMtMXyCieGbiA
[13-Mar-2026 15:31:55 UTC] Domain API - action=suggest, clerk_user_id=user_3AhnQJV5XslRK9dMtMXyCieGbiA
[13-Mar-2026 15:31:56 UTC] Domain API - action=suggest, clerk_user_id=user_3AhnQJV5XslRK9dMtMXyCieGbiA
[13-Mar-2026 15:31:57 UTC] Domain API - action=suggest, clerk_user_id=user_3AhnQJV5XslRK9dMtMXyCieGbiA
[13-Mar-2026 15:31:58 UTC] Domain API - action=suggest, clerk_user_id=user_3AhnQJV5XslRK9dMtMXyCieGbiA
[13-Mar-2026 15:31:59 UTC] Domain API - action=suggest, clerk_user_id=user_3AhnQJV5XslRK9dMtMXyCieGbiA
[13-Mar-2026 15:32:00 UTC] Domain API - action=suggest, clerk_user_id=user_3AhnQJV5XslRK9dMtMXyCieGbiA
[13-Mar-2026 15:32:01 UTC] Domain API - action=suggest, clerk_user_id=user_3AhnQJV5XslRK9dMtMXyCieGbiA
[13-Mar-2026 15:32:02 UTC] Domain API - action=suggest, clerk_user_id=user_3AhnQJV5XslRK9dMtMXyCieGbiA
[13-Mar-2026 15:32:03 UTC] Domain API - action=suggest, clerk_user_id=user_3AhnQJV5XslRK9dMtMXyCieGbiA
[13-Mar-2026 15:32:03 UTC] Domain API - action=suggest, clerk_user_id=user_3AhnQJV5XslRK9dMtMXyCieGbiA
[13-Mar-2026 15:32:04 UTC] Domain API - action=suggest, clerk_user_id=user_3AhnQJV5XslRK9dMtMXyCieGbiA
[13-Mar-2026 15:32:05 UTC] Domain API - action=suggest, clerk_user_id=user_3AhnQJV5XslRK9dMtMXyCieGbiA
[13-Mar-2026 15:32:06 UTC] Domain API - action=suggest, clerk_user_id=user_3AhnQJV5XslRK9dMtMXyCieGbiA
[13-Mar-2026 15:32:07 UTC] Domain API - action=suggest, clerk_user_id=user_3AhnQJV5XslRK9dMtMXyCieGbiA
[13-Mar-2026 15:32:08 UTC] Domain API - action=suggest, clerk_user_id=user_3AhnQJV5XslRK9dMtMXyCieGbiA
[13-Mar-2026 15:32:09 UTC] Domain API - action=suggest, clerk_user_id=user_3AhnQJV5XslRK9dMtMXyCieGbiA
[13-Mar-2026 15:32:10 UTC] Domain API - action=suggest, clerk_user_id=user_3AhnQJV5XslRK9dMtMXyCieGbiA
[13-Mar-2026 15:32:10 UTC] Domain API - action=suggest, clerk_user_id=user_3AhnQJV5XslRK9dMtMXyCieGbiA
[13-Mar-2026 15:32:11 UTC] Domain API - action=suggest, clerk_user_id=user_3AhnQJV5XslRK9dMtMXyCieGbiA
[13-Mar-2026 15:32:12 UTC] Domain API - action=suggest, clerk_user_id=user_3AhnQJV5XslRK9dMtMXyCieGbiA
[13-Mar-2026 15:32:13 UTC] Domain API - action=suggest, clerk_user_id=user_3AhnQJV5XslRK9dMtMXyCieGbiA
[13-Mar-2026 15:32:14 UTC] Domain API - action=suggest, clerk_user_id=user_3AhnQJV5XslRK9dMtMXyCieGbiA
[13-Mar-2026 15:32:15 UTC] Domain API - action=suggest, clerk_user_id=user_3AhnQJV5XslRK9dMtMXyCieGbiA
[13-Mar-2026 15:32:15 UTC] Domain API - action=suggest, clerk_user_id=user_3AhnQJV5XslRK9dMtMXyCieGbiA
[13-Mar-2026 15:32:16 UTC] Domain API - action=suggest, clerk_user_id=user_3AhnQJV5XslRK9dMtMXyCieGbiA
[13-Mar-2026 15:32:17 UTC] Domain API - action=suggest, clerk_user_id=user_3AhnQJV5XslRK9dMtMXyCieGbiA
[13-Mar-2026 15:32:18 UTC] Domain API - action=suggest, clerk_user_id=user_3AhnQJV5XslRK9dMtMXyCieGbiA
[13-Mar-2026 15:32:19 UTC] Domain API - action=suggest, clerk_user_id=user_3AhnQJV5XslRK9dMtMXyCieGbiA
[13-Mar-2026 15:32:19 UTC] Domain API - action=suggest, clerk_user_id=user_3AhnQJV5XslRK9dMtMXyCieGbiA
[13-Mar-2026 15:32:20 UTC] Domain API - action=suggest, clerk_user_id=user_3AhnQJV5XslRK9dMtMXyCieGbiA
[13-Mar-2026 15:32:21 UTC] Domain API - action=suggest, clerk_user_id=user_3AhnQJV5XslRK9dMtMXyCieGbiA
[13-Mar-2026 15:32:22 UTC] Domain API - action=suggest, clerk_user_id=user_3AhnQJV5XslRK9dMtMXyCieGbiA
[13-Mar-2026 15:32:23 UTC] Domain API - action=suggest, clerk_user_id=user_3AhnQJV5XslRK9dMtMXyCieGbiA
[13-Mar-2026 15:32:24 UTC] Domain API - action=suggest, clerk_user_id=user_3AhnQJV5XslRK9dMtMXyCieGbiA
[13-Mar-2026 15:32:24 UTC] Domain API - action=suggest, clerk_user_id=user_3AhnQJV5XslRK9dMtMXyCieGbiA
[13-Mar-2026 15:32:25 UTC] Domain API - action=lookup, clerk_user_id=user_3AhnQJV5XslRK9dMtMXyCieGbiA
[13-Mar-2026 15:32:26 UTC] Domain API - action=suggest, clerk_user_id=user_3AhnQJV5XslRK9dMtMXyCieGbiA
[13-Mar-2026 15:32:27 UTC] Domain API - action=suggest, clerk_user_id=user_3AhnQJV5XslRK9dMtMXyCieGbiA
[13-Mar-2026 15:32:28 UTC] Domain API - action=suggest, clerk_user_id=user_3AhnQJV5XslRK9dMtMXyCieGbiA
[13-Mar-2026 15:32:28 UTC] Domain API - action=suggest, clerk_user_id=user_3AhnQJV5XslRK9dMtMXyCieGbiA
[13-Mar-2026 15:32:29 UTC] Domain API - action=suggest, clerk_user_id=user_3AhnQJV5XslRK9dMtMXyCieGbiA
[13-Mar-2026 15:32:30 UTC] Domain API - action=suggest, clerk_user_id=user_3AhnQJV5XslRK9dMtMXyCieGbiA
[13-Mar-2026 15:32:31 UTC] Domain API - action=suggest, clerk_user_id=user_3AhnQJV5XslRK9dMtMXyCieGbiA
[13-Mar-2026 15:32:31 UTC] Domain API - action=suggest, clerk_user_id=user_3AhnQJV5XslRK9dMtMXyCieGbiA
[13-Mar-2026 15:32:32 UTC] Domain API - action=suggest, clerk_user_id=user_3AhnQJV5XslRK9dMtMXyCieGbiA
[13-Mar-2026 15:32:33 UTC] Domain API - action=suggest, clerk_user_id=user_3AhnQJV5XslRK9dMtMXyCieGbiA
[13-Mar-2026 15:32:33 UTC] Domain API - action=suggest, clerk_user_id=user_3AhnQJV5XslRK9dMtMXyCieGbiA
[13-Mar-2026 15:32:34 UTC] Domain API - action=suggest, clerk_user_id=user_3AhnQJV5XslRK9dMtMXyCieGbiA
[13-Mar-2026 15:32:35 UTC] Domain API - action=suggest, clerk_user_id=user_3AhnQJV5XslRK9dMtMXyCieGbiA
[13-Mar-2026 15:32:35 UTC] Domain API - action=suggest, clerk_user_id=user_3AhnQJV5XslRK9dMtMXyCieGbiA
[13-Mar-2026 15:32:36 UTC] Domain API - action=suggest, clerk_user_id=user_3AhnQJV5XslRK9dMtMXyCieGbiA
[13-Mar-2026 15:32:37 UTC] Domain API - action=suggest, clerk_user_id=user_3AhnQJV5XslRK9dMtMXyCieGbiA
[13-Mar-2026 15:32:37 UTC] Domain API - action=suggest, clerk_user_id=user_3AhnQJV5XslRK9dMtMXyCieGbiA
[13-Mar-2026 15:32:38 UTC] Domain API - action=suggest, clerk_user_id=user_3AhnQJV5XslRK9dMtMXyCieGbiA
[13-Mar-2026 15:32:39 UTC] Domain API - action=suggest, clerk_user_id=user_3AhnQJV5XslRK9dMtMXyCieGbiA
[13-Mar-2026 15:32:40 UTC] Domain API - action=suggest, clerk_user_id=user_3AhnQJV5XslRK9dMtMXyCieGbiA
[13-Mar-2026 15:32:40 UTC] Domain API - action=suggest, clerk_user_id=user_3AhnQJV5XslRK9dMtMXyCieGbiA
[13-Mar-2026 15:32:41 UTC] Domain API - action=suggest, clerk_user_id=user_3AhnQJV5XslRK9dMtMXyCieGbiA
[13-Mar-2026 15:32:42 UTC] Domain API - action=suggest, clerk_user_id=user_3AhnQJV5XslRK9dMtMXyCieGbiA
[13-Mar-2026 15:32:43 UTC] Domain API - action=suggest, clerk_user_id=user_3AhnQJV5XslRK9dMtMXyCieGbiA
[13-Mar-2026 15:32:43 UTC] Domain API - action=suggest, clerk_user_id=user_3AhnQJV5XslRK9dMtMXyCieGbiA
[13-Mar-2026 15:32:44 UTC] Domain API - action=suggest, clerk_user_id=user_3AhnQJV5XslRK9dMtMXyCieGbiA
[13-Mar-2026 15:32:45 UTC] Domain API - action=suggest, clerk_user_id=user_3AhnQJV5XslRK9dMtMXyCieGbiA
[13-Mar-2026 15:32:45 UTC] Domain API - action=suggest, clerk_user_id=user_3AhnQJV5XslRK9dMtMXyCieGbiA
[13-Mar-2026 15:32:46 UTC] Domain API - action=suggest, clerk_user_id=user_3AhnQJV5XslRK9dMtMXyCieGbiA
[13-Mar-2026 15:32:47 UTC] Domain API - action=suggest, clerk_user_id=user_3AhnQJV5XslRK9dMtMXyCieGbiA
[13-Mar-2026 15:32:48 UTC] Domain API - action=suggest, clerk_user_id=user_3AhnQJV5XslRK9dMtMXyCieGbiA
[13-Mar-2026 15:32:48 UTC] Domain API - action=suggest, clerk_user_id=user_3AhnQJV5XslRK9dMtMXyCieGbiA
[13-Mar-2026 15:32:49 UTC] Domain API - action=suggest, clerk_user_id=user_3AhnQJV5XslRK9dMtMXyCieGbiA
[13-Mar-2026 15:32:50 UTC] Domain API - action=suggest, clerk_user_id=user_3AhnQJV5XslRK9dMtMXyCieGbiA
[13-Mar-2026 15:32:50 UTC] Domain API - action=suggest, clerk_user_id=user_3AhnQJV5XslRK9dMtMXyCieGbiA
[13-Mar-2026 15:32:51 UTC] Domain API - action=suggest, clerk_user_id=user_3AhnQJV5XslRK9dMtMXyCieGbiA
[13-Mar-2026 15:32:52 UTC] Domain API - action=suggest, clerk_user_id=user_3AhnQJV5XslRK9dMtMXyCieGbiA
[13-Mar-2026 15:32:53 UTC] Domain API - action=suggest, clerk_user_id=user_3AhnQJV5XslRK9dMtMXyCieGbiA
[13-Mar-2026 15:32:54 UTC] Domain API - action=suggest, clerk_user_id=user_3AhnQJV5XslRK9dMtMXyCieGbiA
[13-Mar-2026 15:32:54 UTC] Domain API - action=suggest, clerk_user_id=user_3AhnQJV5XslRK9dMtMXyCieGbiA
[13-Mar-2026 15:32:55 UTC] Domain API - action=suggest, clerk_user_id=user_3AhnQJV5XslRK9dMtMXyCieGbiA
[13-Mar-2026 15:32:56 UTC] Domain API - action=suggest, clerk_user_id=user_3AhnQJV5XslRK9dMtMXyCieGbiA
[13-Mar-2026 15:32:56 UTC] Domain API - action=suggest, clerk_user_id=user_3AhnQJV5XslRK9dMtMXyCieGbiA
[13-Mar-2026 15:32:57 UTC] Domain API - action=suggest, clerk_user_id=user_3AhnQJV5XslRK9dMtMXyCieGbiA
[13-Mar-2026 15:32:58 UTC] Domain API - action=suggest, clerk_user_id=user_3AhnQJV5XslRK9dMtMXyCieGbiA
[13-Mar-2026 15:32:59 UTC] Domain API - action=suggest, clerk_user_id=user_3AhnQJV5XslRK9dMtMXyCieGbiA
[13-Mar-2026 15:32:59 UTC] Domain API - action=suggest, clerk_user_id=user_3AhnQJV5XslRK9dMtMXyCieGbiA
[13-Mar-2026 15:33:00 UTC] Domain API - action=suggest, clerk_user_id=user_3AhnQJV5XslRK9dMtMXyCieGbiA
[13-Mar-2026 15:33:01 UTC] Domain API - action=suggest, clerk_user_id=user_3AhnQJV5XslRK9dMtMXyCieGbiA
[13-Mar-2026 15:33:01 UTC] Domain API - action=suggest, clerk_user_id=user_3AhnQJV5XslRK9dMtMXyCieGbiA
[13-Mar-2026 15:33:02 UTC] Domain API - action=suggest, clerk_user_id=user_3AhnQJV5XslRK9dMtMXyCieGbiA
[13-Mar-2026 15:33:03 UTC] Domain API - action=suggest, clerk_user_id=user_3AhnQJV5XslRK9dMtMXyCieGbiA
[13-Mar-2026 15:33:03 UTC] Domain API - action=suggest, clerk_user_id=user_3AhnQJV5XslRK9dMtMXyCieGbiA
[13-Mar-2026 15:33:04 UTC] Domain API - action=suggest, clerk_user_id=user_3AhnQJV5XslRK9dMtMXyCieGbiA
[13-Mar-2026 15:33:05 UTC] Domain API - action=suggest, clerk_user_id=user_3AhnQJV5XslRK9dMtMXyCieGbiA
[13-Mar-2026 15:33:06 UTC] Domain API - action=suggest, clerk_user_id=user_3AhnQJV5XslRK9dMtMXyCieGbiA
[13-Mar-2026 15:33:06 UTC] Domain API - action=suggest, clerk_user_id=user_3AhnQJV5XslRK9dMtMXyCieGbiA
[13-Mar-2026 15:33:07 UTC] Domain API - action=suggest, clerk_user_id=user_3AhnQJV5XslRK9dMtMXyCieGbiA
[13-Mar-2026 15:33:08 UTC] Domain API - action=suggest, clerk_user_id=user_3AhnQJV5XslRK9dMtMXyCieGbiA
[13-Mar-2026 15:33:09 UTC] Domain API - action=suggest, clerk_user_id=user_3AhnQJV5XslRK9dMtMXyCieGbiA
[13-Mar-2026 15:33:10 UTC] Domain API - action=suggest, clerk_user_id=user_3AhnQJV5XslRK9dMtMXyCieGbiA
[13-Mar-2026 15:33:10 UTC] Domain API - action=suggest, clerk_user_id=user_3AhnQJV5XslRK9dMtMXyCieGbiA
[13-Mar-2026 15:33:11 UTC] Domain API - action=suggest, clerk_user_id=user_3AhnQJV5XslRK9dMtMXyCieGbiA
[13-Mar-2026 15:33:12 UTC] Domain API - action=suggest, clerk_user_id=user_3AhnQJV5XslRK9dMtMXyCieGbiA
[13-Mar-2026 15:33:12 UTC] Domain API - action=suggest, clerk_user_id=user_3AhnQJV5XslRK9dMtMXyCieGbiA
[13-Mar-2026 15:33:13 UTC] Domain API - action=suggest, clerk_user_id=user_3AhnQJV5XslRK9dMtMXyCieGbiA
[13-Mar-2026 15:33:14 UTC] Domain API - action=suggest, clerk_user_id=user_3AhnQJV5XslRK9dMtMXyCieGbiA
[13-Mar-2026 15:33:15 UTC] Domain API - action=suggest, clerk_user_id=user_3AhnQJV5XslRK9dMtMXyCieGbiA
[13-Mar-2026 15:33:15 UTC] Domain API - action=suggest, clerk_user_id=user_3AhnQJV5XslRK9dMtMXyCieGbiA
[13-Mar-2026 15:33:16 UTC] Domain API - action=suggest, clerk_user_id=user_3AhnQJV5XslRK9dMtMXyCieGbiA
[13-Mar-2026 15:33:17 UTC] Domain API - action=suggest, clerk_user_id=user_3AhnQJV5XslRK9dMtMXyCieGbiA
[13-Mar-2026 15:33:18 UTC] Domain API - action=suggest, clerk_user_id=user_3AhnQJV5XslRK9dMtMXyCieGbiA
[13-Mar-2026 15:33:18 UTC] Domain API - action=suggest, clerk_user_id=user_3AhnQJV5XslRK9dMtMXyCieGbiA
[13-Mar-2026 15:33:19 UTC] Domain API - action=suggest, clerk_user_id=user_3AhnQJV5XslRK9dMtMXyCieGbiA
[13-Mar-2026 15:33:20 UTC] Domain API - action=suggest, clerk_user_id=user_3AhnQJV5XslRK9dMtMXyCieGbiA
[13-Mar-2026 15:33:20 UTC] Domain API - action=suggest, clerk_user_id=user_3AhnQJV5XslRK9dMtMXyCieGbiA
[13-Mar-2026 15:33:21 UTC] Domain API - action=suggest, clerk_user_id=user_3AhnQJV5XslRK9dMtMXyCieGbiA
[13-Mar-2026 15:33:22 UTC] Domain API - action=suggest, clerk_user_id=user_3AhnQJV5XslRK9dMtMXyCieGbiA
[13-Mar-2026 15:33:23 UTC] Domain API - action=suggest, clerk_user_id=user_3AhnQJV5XslRK9dMtMXyCieGbiA
[13-Mar-2026 15:33:23 UTC] Domain API - action=suggest, clerk_user_id=user_3AhnQJV5XslRK9dMtMXyCieGbiA
[13-Mar-2026 15:33:24 UTC] Domain API - action=suggest, clerk_user_id=user_3AhnQJV5XslRK9dMtMXyCieGbiA
[13-Mar-2026 15:33:25 UTC] Domain API - action=suggest, clerk_user_id=user_3AhnQJV5XslRK9dMtMXyCieGbiA
[13-Mar-2026 15:33:26 UTC] Domain API - action=suggest, clerk_user_id=user_3AhnQJV5XslRK9dMtMXyCieGbiA
[13-Mar-2026 15:33:26 UTC] Domain API - action=suggest, clerk_user_id=user_3AhnQJV5XslRK9dMtMXyCieGbiA
[13-Mar-2026 15:33:27 UTC] Domain API - action=suggest, clerk_user_id=user_3AhnQJV5XslRK9dMtMXyCieGbiA
[13-Mar-2026 15:33:28 UTC] Domain API - action=suggest, clerk_user_id=user_3AhnQJV5XslRK9dMtMXyCieGbiA
[13-Mar-2026 15:33:29 UTC] Domain API - action=suggest, clerk_user_id=user_3AhnQJV5XslRK9dMtMXyCieGbiA
[13-Mar-2026 15:33:30 UTC] Domain API - action=suggest, clerk_user_id=user_3AhnQJV5XslRK9dMtMXyCieGbiA
[13-Mar-2026 15:33:30 UTC] Domain API - action=suggest, clerk_user_id=user_3AhnQJV5XslRK9dMtMXyCieGbiA
[13-Mar-2026 15:33:31 UTC] Domain API - action=suggest, clerk_user_id=user_3AhnQJV5XslRK9dMtMXyCieGbiA
[13-Mar-2026 15:33:32 UTC] Domain API - action=suggest, clerk_user_id=user_3AhnQJV5XslRK9dMtMXyCieGbiA
[13-Mar-2026 15:33:32 UTC] Domain API - action=suggest, clerk_user_id=user_3AhnQJV5XslRK9dMtMXyCieGbiA
[13-Mar-2026 15:33:33 UTC] Domain API - action=suggest, clerk_user_id=user_3AhnQJV5XslRK9dMtMXyCieGbiA
[13-Mar-2026 15:33:34 UTC] Domain API - action=suggest, clerk_user_id=user_3AhnQJV5XslRK9dMtMXyCieGbiA
[13-Mar-2026 15:33:35 UTC] Domain API - action=suggest, clerk_user_id=user_3AhnQJV5XslRK9dMtMXyCieGbiA
[13-Mar-2026 15:33:35 UTC] Domain API - action=suggest, clerk_user_id=user_3AhnQJV5XslRK9dMtMXyCieGbiA
[13-Mar-2026 15:33:36 UTC] Domain API - action=suggest, clerk_user_id=user_3AhnQJV5XslRK9dMtMXyCieGbiA
[13-Mar-2026 15:33:37 UTC] Domain API - action=suggest, clerk_user_id=user_3AhnQJV5XslRK9dMtMXyCieGbiA
[13-Mar-2026 15:33:38 UTC] Domain API - action=suggest, clerk_user_id=user_3AhnQJV5XslRK9dMtMXyCieGbiA
[13-Mar-2026 15:33:39 UTC] Domain API - action=suggest, clerk_user_id=user_3AhnQJV5XslRK9dMtMXyCieGbiA
[13-Mar-2026 15:33:39 UTC] Domain API - action=suggest, clerk_user_id=user_3AhnQJV5XslRK9dMtMXyCieGbiA
[13-Mar-2026 15:33:40 UTC] Domain API - action=suggest, clerk_user_id=user_3AhnQJV5XslRK9dMtMXyCieGbiA
[13-Mar-2026 15:33:41 UTC] Domain API - action=suggest, clerk_user_id=user_3AhnQJV5XslRK9dMtMXyCieGbiA
[13-Mar-2026 15:33:41 UTC] Domain API - action=suggest, clerk_user_id=user_3AhnQJV5XslRK9dMtMXyCieGbiA
[13-Mar-2026 15:33:42 UTC] Domain API - action=suggest, clerk_user_id=user_3AhnQJV5XslRK9dMtMXyCieGbiA
[13-Mar-2026 15:33:43 UTC] Domain API - action=suggest, clerk_user_id=user_3AhnQJV5XslRK9dMtMXyCieGbiA
[13-Mar-2026 15:33:43 UTC] Domain API - action=suggest, clerk_user_id=user_3AhnQJV5XslRK9dMtMXyCieGbiA
[13-Mar-2026 15:33:44 UTC] Domain API - action=suggest, clerk_user_id=user_3AhnQJV5XslRK9dMtMXyCieGbiA
[13-Mar-2026 15:33:45 UTC] Domain API - action=suggest, clerk_user_id=user_3AhnQJV5XslRK9dMtMXyCieGbiA
[13-Mar-2026 15:33:46 UTC] Domain API - action=suggest, clerk_user_id=user_3AhnQJV5XslRK9dMtMXyCieGbiA
[13-Mar-2026 15:33:47 UTC] Domain API - action=suggest, clerk_user_id=user_3AhnQJV5XslRK9dMtMXyCieGbiA
[13-Mar-2026 15:33:47 UTC] Domain API - action=suggest, clerk_user_id=user_3AhnQJV5XslRK9dMtMXyCieGbiA
[13-Mar-2026 15:33:48 UTC] Domain API - action=suggest, clerk_user_id=user_3AhnQJV5XslRK9dMtMXyCieGbiA
[13-Mar-2026 15:33:48 UTC] Domain API - action=suggest, clerk_user_id=user_3AhnQJV5XslRK9dMtMXyCieGbiA
[13-Mar-2026 15:33:49 UTC] Domain API - action=suggest, clerk_user_id=user_3AhnQJV5XslRK9dMtMXyCieGbiA
[13-Mar-2026 15:33:50 UTC] Domain API - action=suggest, clerk_user_id=user_3AhnQJV5XslRK9dMtMXyCieGbiA
[13-Mar-2026 15:33:51 UTC] Domain API - action=suggest, clerk_user_id=user_3AhnQJV5XslRK9dMtMXyCieGbiA
[13-Mar-2026 15:33:51 UTC] Domain API - action=suggest, clerk_user_id=user_3AhnQJV5XslRK9dMtMXyCieGbiA
[13-Mar-2026 15:33:52 UTC] Domain API - action=suggest, clerk_user_id=user_3AhnQJV5XslRK9dMtMXyCieGbiA
[13-Mar-2026 15:33:53 UTC] Domain API - action=suggest, clerk_user_id=user_3AhnQJV5XslRK9dMtMXyCieGbiA
[13-Mar-2026 15:33:53 UTC] Domain API - action=suggest, clerk_user_id=user_3AhnQJV5XslRK9dMtMXyCieGbiA
[13-Mar-2026 15:33:54 UTC] Domain API - action=suggest, clerk_user_id=user_3AhnQJV5XslRK9dMtMXyCieGbiA
[13-Mar-2026 15:33:55 UTC] Domain API - action=suggest, clerk_user_id=user_3AhnQJV5XslRK9dMtMXyCieGbiA
[13-Mar-2026 15:33:55 UTC] Domain API - action=suggest, clerk_user_id=user_3AhnQJV5XslRK9dMtMXyCieGbiA
[13-Mar-2026 15:33:56 UTC] Domain API - action=suggest, clerk_user_id=user_3AhnQJV5XslRK9dMtMXyCieGbiA
[13-Mar-2026 15:33:57 UTC] Domain API - action=suggest, clerk_user_id=user_3AhnQJV5XslRK9dMtMXyCieGbiA
[13-Mar-2026 15:33:58 UTC] Domain API - action=suggest, clerk_user_id=user_3AhnQJV5XslRK9dMtMXyCieGbiA
[13-Mar-2026 15:33:58 UTC] Domain API - action=suggest, clerk_user_id=user_3AhnQJV5XslRK9dMtMXyCieGbiA
[13-Mar-2026 15:33:59 UTC] Domain API - action=suggest, clerk_user_id=user_3AhnQJV5XslRK9dMtMXyCieGbiA
[13-Mar-2026 15:34:00 UTC] Domain API - action=suggest, clerk_user_id=user_3AhnQJV5XslRK9dMtMXyCieGbiA
[13-Mar-2026 15:34:01 UTC] Domain API - action=suggest, clerk_user_id=user_3AhnQJV5XslRK9dMtMXyCieGbiA
[13-Mar-2026 15:34:01 UTC] Domain API - action=suggest, clerk_user_id=user_3AhnQJV5XslRK9dMtMXyCieGbiA
[13-Mar-2026 15:34:02 UTC] Domain API - action=suggest, clerk_user_id=user_3AhnQJV5XslRK9dMtMXyCieGbiA
[13-Mar-2026 15:34:03 UTC] Domain API - action=suggest, clerk_user_id=user_3AhnQJV5XslRK9dMtMXyCieGbiA
[13-Mar-2026 15:34:04 UTC] Domain API - action=suggest, clerk_user_id=user_3AhnQJV5XslRK9dMtMXyCieGbiA
[13-Mar-2026 15:34:04 UTC] Domain API - action=suggest, clerk_user_id=user_3AhnQJV5XslRK9dMtMXyCieGbiA
[13-Mar-2026 15:34:05 UTC] Domain API - action=suggest, clerk_user_id=user_3AhnQJV5XslRK9dMtMXyCieGbiA
[13-Mar-2026 15:34:06 UTC] Domain API - action=suggest, clerk_user_id=user_3AhnQJV5XslRK9dMtMXyCieGbiA
[13-Mar-2026 15:34:07 UTC] Domain API - action=suggest, clerk_user_id=user_3AhnQJV5XslRK9dMtMXyCieGbiA
[13-Mar-2026 15:34:07 UTC] Domain API - action=suggest, clerk_user_id=user_3AhnQJV5XslRK9dMtMXyCieGbiA
[13-Mar-2026 15:34:08 UTC] Domain API - action=suggest, clerk_user_id=user_3AhnQJV5XslRK9dMtMXyCieGbiA
[13-Mar-2026 15:34:09 UTC] Domain API - action=suggest, clerk_user_id=user_3AhnQJV5XslRK9dMtMXyCieGbiA
[13-Mar-2026 15:34:10 UTC] Domain API - action=suggest, clerk_user_id=user_3AhnQJV5XslRK9dMtMXyCieGbiA
[13-Mar-2026 15:34:10 UTC] Domain API - action=suggest, clerk_user_id=user_3AhnQJV5XslRK9dMtMXyCieGbiA
[13-Mar-2026 15:34:11 UTC] Domain API - action=suggest, clerk_user_id=user_3AhnQJV5XslRK9dMtMXyCieGbiA
[13-Mar-2026 15:34:12 UTC] Domain API - action=suggest, clerk_user_id=user_3AhnQJV5XslRK9dMtMXyCieGbiA
[13-Mar-2026 15:34:13 UTC] Domain API - action=suggest, clerk_user_id=user_3AhnQJV5XslRK9dMtMXyCieGbiA
[13-Mar-2026 15:34:13 UTC] Domain API - action=suggest, clerk_user_id=user_3AhnQJV5XslRK9dMtMXyCieGbiA
[13-Mar-2026 15:34:14 UTC] Domain API - action=suggest, clerk_user_id=user_3AhnQJV5XslRK9dMtMXyCieGbiA
[13-Mar-2026 15:34:15 UTC] Domain API - action=suggest, clerk_user_id=user_3AhnQJV5XslRK9dMtMXyCieGbiA
[13-Mar-2026 15:34:16 UTC] Domain API - action=suggest, clerk_user_id=user_3AhnQJV5XslRK9dMtMXyCieGbiA
[13-Mar-2026 15:34:17 UTC] Domain API - action=suggest, clerk_user_id=user_3AhnQJV5XslRK9dMtMXyCieGbiA
[13-Mar-2026 15:34:18 UTC] Domain API - action=suggest, clerk_user_id=user_3AhnQJV5XslRK9dMtMXyCieGbiA
[13-Mar-2026 15:34:19 UTC] Domain API - action=suggest, clerk_user_id=user_3AhnQJV5XslRK9dMtMXyCieGbiA
[13-Mar-2026 15:34:19 UTC] Domain API - action=suggest, clerk_user_id=user_3AhnQJV5XslRK9dMtMXyCieGbiA
[13-Mar-2026 15:34:20 UTC] Domain API - action=suggest, clerk_user_id=user_3AhnQJV5XslRK9dMtMXyCieGbiA
[13-Mar-2026 15:34:21 UTC] Domain API - action=suggest, clerk_user_id=user_3AhnQJV5XslRK9dMtMXyCieGbiA
[13-Mar-2026 15:34:21 UTC] Domain API - action=suggest, clerk_user_id=user_3AhnQJV5XslRK9dMtMXyCieGbiA
[13-Mar-2026 15:34:22 UTC] Domain API - action=suggest, clerk_user_id=user_3AhnQJV5XslRK9dMtMXyCieGbiA
[13-Mar-2026 15:34:23 UTC] Domain API - action=suggest, clerk_user_id=user_3AhnQJV5XslRK9dMtMXyCieGbiA
[13-Mar-2026 15:34:24 UTC] Domain API - action=suggest, clerk_user_id=user_3AhnQJV5XslRK9dMtMXyCieGbiA
[13-Mar-2026 15:34:25 UTC] Domain API - action=suggest, clerk_user_id=user_3AhnQJV5XslRK9dMtMXyCieGbiA
[13-Mar-2026 15:34:25 UTC] Domain API - action=suggest, clerk_user_id=user_3AhnQJV5XslRK9dMtMXyCieGbiA
[13-Mar-2026 15:34:26 UTC] Domain API - action=suggest, clerk_user_id=user_3AhnQJV5XslRK9dMtMXyCieGbiA
[13-Mar-2026 15:34:27 UTC] Domain API - action=suggest, clerk_user_id=user_3AhnQJV5XslRK9dMtMXyCieGbiA
[13-Mar-2026 15:34:27 UTC] Domain API - action=suggest, clerk_user_id=user_3AhnQJV5XslRK9dMtMXyCieGbiA
[13-Mar-2026 15:34:28 UTC] Domain API - action=suggest, clerk_user_id=user_3AhnQJV5XslRK9dMtMXyCieGbiA
[13-Mar-2026 15:34:29 UTC] Domain API - action=suggest, clerk_user_id=user_3AhnQJV5XslRK9dMtMXyCieGbiA
[13-Mar-2026 15:34:30 UTC] Domain API - action=suggest, clerk_user_id=user_3AhnQJV5XslRK9dMtMXyCieGbiA
[13-Mar-2026 15:34:30 UTC] Domain API - action=suggest, clerk_user_id=user_3AhnQJV5XslRK9dMtMXyCieGbiA
[13-Mar-2026 15:34:31 UTC] Domain API - action=suggest, clerk_user_id=user_3AhnQJV5XslRK9dMtMXyCieGbiA
[13-Mar-2026 15:34:32 UTC] Domain API - action=suggest, clerk_user_id=user_3AhnQJV5XslRK9dMtMXyCieGbiA
[13-Mar-2026 15:34:32 UTC] Domain API - action=suggest, clerk_user_id=user_3AhnQJV5XslRK9dMtMXyCieGbiA
[13-Mar-2026 15:34:33 UTC] Domain API - action=suggest, clerk_user_id=user_3AhnQJV5XslRK9dMtMXyCieGbiA
[13-Mar-2026 15:34:34 UTC] Domain API - action=suggest, clerk_user_id=user_3AhnQJV5XslRK9dMtMXyCieGbiA
[13-Mar-2026 15:34:35 UTC] Domain API - action=suggest, clerk_user_id=user_3AhnQJV5XslRK9dMtMXyCieGbiA
[13-Mar-2026 15:34:35 UTC] Domain API - action=suggest, clerk_user_id=user_3AhnQJV5XslRK9dMtMXyCieGbiA
[13-Mar-2026 15:34:36 UTC] Domain API - action=suggest, clerk_user_id=user_3AhnQJV5XslRK9dMtMXyCieGbiA
[13-Mar-2026 15:34:37 UTC] Domain API - action=suggest, clerk_user_id=user_3AhnQJV5XslRK9dMtMXyCieGbiA
[13-Mar-2026 15:34:38 UTC] Domain API - action=suggest, clerk_user_id=user_3AhnQJV5XslRK9dMtMXyCieGbiA
[13-Mar-2026 15:34:38 UTC] Domain API - action=suggest, clerk_user_id=user_3AhnQJV5XslRK9dMtMXyCieGbiA
[13-Mar-2026 15:34:39 UTC] Domain API - action=suggest, clerk_user_id=user_3AhnQJV5XslRK9dMtMXyCieGbiA
[13-Mar-2026 15:34:40 UTC] Domain API - action=suggest, clerk_user_id=user_3AhnQJV5XslRK9dMtMXyCieGbiA
[13-Mar-2026 15:34:40 UTC] Domain API - action=suggest, clerk_user_id=user_3AhnQJV5XslRK9dMtMXyCieGbiA
[13-Mar-2026 15:34:41 UTC] Domain API - action=suggest, clerk_user_id=user_3AhnQJV5XslRK9dMtMXyCieGbiA
[13-Mar-2026 15:34:42 UTC] Domain API - action=suggest, clerk_user_id=user_3AhnQJV5XslRK9dMtMXyCieGbiA
[13-Mar-2026 15:34:43 UTC] Domain API - action=suggest, clerk_user_id=user_3AhnQJV5XslRK9dMtMXyCieGbiA
[13-Mar-2026 15:34:43 UTC] Domain API - action=suggest, clerk_user_id=user_3AhnQJV5XslRK9dMtMXyCieGbiA
[13-Mar-2026 15:34:44 UTC] Domain API - action=suggest, clerk_user_id=user_3AhnQJV5XslRK9dMtMXyCieGbiA
[13-Mar-2026 15:34:45 UTC] Domain API - action=suggest, clerk_user_id=user_3AhnQJV5XslRK9dMtMXyCieGbiA
[13-Mar-2026 15:34:46 UTC] Domain API - action=suggest, clerk_user_id=user_3AhnQJV5XslRK9dMtMXyCieGbiA
[13-Mar-2026 15:34:46 UTC] Domain API - action=suggest, clerk_user_id=user_3AhnQJV5XslRK9dMtMXyCieGbiA
[13-Mar-2026 15:34:47 UTC] Domain API - action=suggest, clerk_user_id=user_3AhnQJV5XslRK9dMtMXyCieGbiA
[13-Mar-2026 15:34:48 UTC] Domain API - action=suggest, clerk_user_id=user_3AhnQJV5XslRK9dMtMXyCieGbiA
[13-Mar-2026 15:34:48 UTC] Domain API - action=suggest, clerk_user_id=user_3AhnQJV5XslRK9dMtMXyCieGbiA
[13-Mar-2026 15:34:49 UTC] Domain API - action=suggest, clerk_user_id=user_3AhnQJV5XslRK9dMtMXyCieGbiA
[13-Mar-2026 15:34:50 UTC] Domain API - action=suggest, clerk_user_id=user_3AhnQJV5XslRK9dMtMXyCieGbiA
[13-Mar-2026 15:34:50 UTC] Domain API - action=suggest, clerk_user_id=user_3AhnQJV5XslRK9dMtMXyCieGbiA
[13-Mar-2026 15:34:51 UTC] Domain API - action=suggest, clerk_user_id=user_3AhnQJV5XslRK9dMtMXyCieGbiA
[13-Mar-2026 15:34:52 UTC] Domain API - action=suggest, clerk_user_id=user_3AhnQJV5XslRK9dMtMXyCieGbiA
[13-Mar-2026 15:34:53 UTC] Domain API - action=suggest, clerk_user_id=user_3AhnQJV5XslRK9dMtMXyCieGbiA
[13-Mar-2026 15:34:53 UTC] Domain API - action=suggest, clerk_user_id=user_3AhnQJV5XslRK9dMtMXyCieGbiA
[13-Mar-2026 15:34:54 UTC] Domain API - action=suggest, clerk_user_id=user_3AhnQJV5XslRK9dMtMXyCieGbiA
[13-Mar-2026 15:34:55 UTC] Domain API - action=suggest, clerk_user_id=user_3AhnQJV5XslRK9dMtMXyCieGbiA
[13-Mar-2026 15:34:55 UTC] Domain API - action=suggest, clerk_user_id=user_3AhnQJV5XslRK9dMtMXyCieGbiA
[13-Mar-2026 15:34:56 UTC] Domain API - action=suggest, clerk_user_id=user_3AhnQJV5XslRK9dMtMXyCieGbiA
[13-Mar-2026 15:34:57 UTC] Domain API - action=suggest, clerk_user_id=user_3AhnQJV5XslRK9dMtMXyCieGbiA
[13-Mar-2026 15:34:58 UTC] Domain API - action=suggest, clerk_user_id=user_3AhnQJV5XslRK9dMtMXyCieGbiA
[13-Mar-2026 15:34:58 UTC] Domain API - action=suggest, clerk_user_id=user_3AhnQJV5XslRK9dMtMXyCieGbiA
[13-Mar-2026 15:34:59 UTC] Domain API - action=suggest, clerk_user_id=user_3AhnQJV5XslRK9dMtMXyCieGbiA
[13-Mar-2026 15:35:00 UTC] Domain API - action=suggest, clerk_user_id=user_3AhnQJV5XslRK9dMtMXyCieGbiA
[13-Mar-2026 15:35:01 UTC] Domain API - action=suggest, clerk_user_id=user_3AhnQJV5XslRK9dMtMXyCieGbiA
[13-Mar-2026 15:35:02 UTC] Domain API - action=suggest, clerk_user_id=user_3AhnQJV5XslRK9dMtMXyCieGbiA
[13-Mar-2026 15:35:02 UTC] Domain API - action=suggest, clerk_user_id=user_3AhnQJV5XslRK9dMtMXyCieGbiA
[13-Mar-2026 15:35:03 UTC] Domain API - action=suggest, clerk_user_id=user_3AhnQJV5XslRK9dMtMXyCieGbiA
[13-Mar-2026 15:35:04 UTC] Domain API - action=suggest, clerk_user_id=user_3AhnQJV5XslRK9dMtMXyCieGbiA
[13-Mar-2026 15:35:04 UTC] Domain API - action=suggest, clerk_user_id=user_3AhnQJV5XslRK9dMtMXyCieGbiA
[13-Mar-2026 15:35:05 UTC] Domain API - action=suggest, clerk_user_id=user_3AhnQJV5XslRK9dMtMXyCieGbiA
[13-Mar-2026 15:35:06 UTC] Domain API - action=suggest, clerk_user_id=user_3AhnQJV5XslRK9dMtMXyCieGbiA
[13-Mar-2026 15:35:07 UTC] Domain API - action=suggest, clerk_user_id=user_3AhnQJV5XslRK9dMtMXyCieGbiA
[13-Mar-2026 15:35:07 UTC] Domain API - action=suggest, clerk_user_id=user_3AhnQJV5XslRK9dMtMXyCieGbiA
[13-Mar-2026 15:35:08 UTC] Domain API - action=suggest, clerk_user_id=user_3AhnQJV5XslRK9dMtMXyCieGbiA
[13-Mar-2026 15:35:09 UTC] Domain API - action=suggest, clerk_user_id=user_3AhnQJV5XslRK9dMtMXyCieGbiA
[13-Mar-2026 15:35:10 UTC] Domain API - action=suggest, clerk_user_id=user_3AhnQJV5XslRK9dMtMXyCieGbiA
[13-Mar-2026 15:35:10 UTC] Domain API - action=suggest, clerk_user_id=user_3AhnQJV5XslRK9dMtMXyCieGbiA
[13-Mar-2026 15:35:11 UTC] Domain API - action=suggest, clerk_user_id=user_3AhnQJV5XslRK9dMtMXyCieGbiA
[13-Mar-2026 15:35:12 UTC] Domain API - action=suggest, clerk_user_id=user_3AhnQJV5XslRK9dMtMXyCieGbiA
[13-Mar-2026 15:35:13 UTC] Domain API - action=suggest, clerk_user_id=user_3AhnQJV5XslRK9dMtMXyCieGbiA
[13-Mar-2026 15:35:13 UTC] Domain API - action=suggest, clerk_user_id=user_3AhnQJV5XslRK9dMtMXyCieGbiA
[13-Mar-2026 15:35:14 UTC] Domain API - action=suggest, clerk_user_id=user_3AhnQJV5XslRK9dMtMXyCieGbiA
[13-Mar-2026 15:35:15 UTC] Domain API - action=suggest, clerk_user_id=user_3AhnQJV5XslRK9dMtMXyCieGbiA
[13-Mar-2026 15:35:16 UTC] Domain API - action=suggest, clerk_user_id=user_3AhnQJV5XslRK9dMtMXyCieGbiA
[13-Mar-2026 15:35:16 UTC] Domain API - action=suggest, clerk_user_id=user_3AhnQJV5XslRK9dMtMXyCieGbiA
[13-Mar-2026 15:35:17 UTC] Domain API - action=suggest, clerk_user_id=user_3AhnQJV5XslRK9dMtMXyCieGbiA
[13-Mar-2026 15:35:18 UTC] Domain API - action=suggest, clerk_user_id=user_3AhnQJV5XslRK9dMtMXyCieGbiA
[13-Mar-2026 15:35:19 UTC] Domain API - action=suggest, clerk_user_id=user_3AhnQJV5XslRK9dMtMXyCieGbiA
[13-Mar-2026 15:35:19 UTC] Domain API - action=suggest, clerk_user_id=user_3AhnQJV5XslRK9dMtMXyCieGbiA
[13-Mar-2026 15:35:20 UTC] Domain API - action=suggest, clerk_user_id=user_3AhnQJV5XslRK9dMtMXyCieGbiA
[13-Mar-2026 15:35:21 UTC] Domain API - action=suggest, clerk_user_id=user_3AhnQJV5XslRK9dMtMXyCieGbiA
[13-Mar-2026 15:35:22 UTC] Domain API - action=suggest, clerk_user_id=user_3AhnQJV5XslRK9dMtMXyCieGbiA
[13-Mar-2026 15:35:22 UTC] Domain API - action=suggest, clerk_user_id=user_3AhnQJV5XslRK9dMtMXyCieGbiA
[13-Mar-2026 15:35:23 UTC] Domain API - action=suggest, clerk_user_id=user_3AhnQJV5XslRK9dMtMXyCieGbiA
[13-Mar-2026 15:35:24 UTC] Domain API - action=suggest, clerk_user_id=user_3AhnQJV5XslRK9dMtMXyCieGbiA
[13-Mar-2026 15:35:25 UTC] Domain API - action=suggest, clerk_user_id=user_3AhnQJV5XslRK9dMtMXyCieGbiA
[13-Mar-2026 15:35:26 UTC] Domain API - action=suggest, clerk_user_id=user_3AhnQJV5XslRK9dMtMXyCieGbiA
[13-Mar-2026 15:35:26 UTC] Domain API - action=suggest, clerk_user_id=user_3AhnQJV5XslRK9dMtMXyCieGbiA
[13-Mar-2026 15:35:27 UTC] Domain API - action=suggest, clerk_user_id=user_3AhnQJV5XslRK9dMtMXyCieGbiA
[13-Mar-2026 15:35:28 UTC] Domain API - action=suggest, clerk_user_id=user_3AhnQJV5XslRK9dMtMXyCieGbiA
[13-Mar-2026 15:35:29 UTC] Domain API - action=suggest, clerk_user_id=user_3AhnQJV5XslRK9dMtMXyCieGbiA
[13-Mar-2026 15:35:30 UTC] Domain API - action=suggest, clerk_user_id=user_3AhnQJV5XslRK9dMtMXyCieGbiA
[13-Mar-2026 15:35:30 UTC] Domain API - action=suggest, clerk_user_id=user_3AhnQJV5XslRK9dMtMXyCieGbiA
[13-Mar-2026 15:35:31 UTC] Domain API - action=suggest, clerk_user_id=user_3AhnQJV5XslRK9dMtMXyCieGbiA
[13-Mar-2026 15:35:32 UTC] Domain API - action=suggest, clerk_user_id=user_3AhnQJV5XslRK9dMtMXyCieGbiA
[13-Mar-2026 15:35:33 UTC] Domain API - action=suggest, clerk_user_id=user_3AhnQJV5XslRK9dMtMXyCieGbiA
[13-Mar-2026 15:35:34 UTC] Domain API - action=suggest, clerk_user_id=user_3AhnQJV5XslRK9dMtMXyCieGbiA
[13-Mar-2026 15:35:34 UTC] Domain API - action=suggest, clerk_user_id=user_3AhnQJV5XslRK9dMtMXyCieGbiA
[13-Mar-2026 15:35:35 UTC] Domain API - action=suggest, clerk_user_id=user_3AhnQJV5XslRK9dMtMXyCieGbiA
[13-Mar-2026 15:35:36 UTC] Domain API - action=suggest, clerk_user_id=user_3AhnQJV5XslRK9dMtMXyCieGbiA
[13-Mar-2026 15:35:37 UTC] Domain API - action=suggest, clerk_user_id=user_3AhnQJV5XslRK9dMtMXyCieGbiA
[13-Mar-2026 15:35:37 UTC] Domain API - action=suggest, clerk_user_id=user_3AhnQJV5XslRK9dMtMXyCieGbiA
[13-Mar-2026 15:35:38 UTC] Domain API - action=suggest, clerk_user_id=user_3AhnQJV5XslRK9dMtMXyCieGbiA
[13-Mar-2026 15:35:39 UTC] Domain API - action=suggest, clerk_user_id=user_3AhnQJV5XslRK9dMtMXyCieGbiA
[13-Mar-2026 15:35:40 UTC] Domain API - action=suggest, clerk_user_id=user_3AhnQJV5XslRK9dMtMXyCieGbiA
[13-Mar-2026 15:35:40 UTC] Domain API - action=suggest, clerk_user_id=user_3AhnQJV5XslRK9dMtMXyCieGbiA
[13-Mar-2026 15:35:41 UTC] Domain API - action=suggest, clerk_user_id=user_3AhnQJV5XslRK9dMtMXyCieGbiA
[13-Mar-2026 15:35:42 UTC] Domain API - action=suggest, clerk_user_id=user_3AhnQJV5XslRK9dMtMXyCieGbiA
[13-Mar-2026 15:35:43 UTC] Domain API - action=suggest, clerk_user_id=user_3AhnQJV5XslRK9dMtMXyCieGbiA
[13-Mar-2026 15:35:43 UTC] Domain API - action=suggest, clerk_user_id=user_3AhnQJV5XslRK9dMtMXyCieGbiA
[13-Mar-2026 15:35:44 UTC] Domain API - action=suggest, clerk_user_id=user_3AhnQJV5XslRK9dMtMXyCieGbiA
[13-Mar-2026 15:35:45 UTC] Domain API - action=suggest, clerk_user_id=user_3AhnQJV5XslRK9dMtMXyCieGbiA
[13-Mar-2026 15:35:46 UTC] Domain API - action=suggest, clerk_user_id=user_3AhnQJV5XslRK9dMtMXyCieGbiA
[13-Mar-2026 15:35:46 UTC] Domain API - action=suggest, clerk_user_id=user_3AhnQJV5XslRK9dMtMXyCieGbiA
[13-Mar-2026 15:35:47 UTC] Domain API - action=suggest, clerk_user_id=user_3AhnQJV5XslRK9dMtMXyCieGbiA
[13-Mar-2026 15:35:48 UTC] Domain API - action=suggest, clerk_user_id=user_3AhnQJV5XslRK9dMtMXyCieGbiA
[13-Mar-2026 15:35:49 UTC] Domain API - action=suggest, clerk_user_id=user_3AhnQJV5XslRK9dMtMXyCieGbiA
[13-Mar-2026 15:35:49 UTC] Domain API - action=suggest, clerk_user_id=user_3AhnQJV5XslRK9dMtMXyCieGbiA
[13-Mar-2026 15:35:50 UTC] Domain API - action=suggest, clerk_user_id=user_3AhnQJV5XslRK9dMtMXyCieGbiA
[13-Mar-2026 15:35:51 UTC] Domain API - action=suggest, clerk_user_id=user_3AhnQJV5XslRK9dMtMXyCieGbiA
[13-Mar-2026 15:35:51 UTC] Domain API - action=suggest, clerk_user_id=user_3AhnQJV5XslRK9dMtMXyCieGbiA
[13-Mar-2026 15:35:52 UTC] Domain API - action=suggest, clerk_user_id=user_3AhnQJV5XslRK9dMtMXyCieGbiA
[13-Mar-2026 15:35:53 UTC] Domain API - action=suggest, clerk_user_id=user_3AhnQJV5XslRK9dMtMXyCieGbiA
[13-Mar-2026 15:35:53 UTC] Domain API - action=suggest, clerk_user_id=user_3AhnQJV5XslRK9dMtMXyCieGbiA
[13-Mar-2026 15:35:54 UTC] Domain API - action=suggest, clerk_user_id=user_3AhnQJV5XslRK9dMtMXyCieGbiA
[13-Mar-2026 15:35:55 UTC] Domain API - action=suggest, clerk_user_id=user_3AhnQJV5XslRK9dMtMXyCieGbiA
[13-Mar-2026 15:35:56 UTC] Domain API - action=suggest, clerk_user_id=user_3AhnQJV5XslRK9dMtMXyCieGbiA
[13-Mar-2026 15:35:57 UTC] Domain API - action=suggest, clerk_user_id=user_3AhnQJV5XslRK9dMtMXyCieGbiA
[13-Mar-2026 15:35:57 UTC] Domain API - action=suggest, clerk_user_id=user_3AhnQJV5XslRK9dMtMXyCieGbiA
[13-Mar-2026 15:35:58 UTC] Domain API - action=suggest, clerk_user_id=user_3AhnQJV5XslRK9dMtMXyCieGbiA
[13-Mar-2026 15:35:59 UTC] Domain API - action=suggest, clerk_user_id=user_3AhnQJV5XslRK9dMtMXyCieGbiA
[13-Mar-2026 15:35:59 UTC] Domain API - action=suggest, clerk_user_id=user_3AhnQJV5XslRK9dMtMXyCieGbiA
[13-Mar-2026 15:36:00 UTC] Domain API - action=suggest, clerk_user_id=user_3AhnQJV5XslRK9dMtMXyCieGbiA
[13-Mar-2026 15:36:01 UTC] Domain API - action=suggest, clerk_user_id=user_3AhnQJV5XslRK9dMtMXyCieGbiA
[13-Mar-2026 15:36:02 UTC] Domain API - action=suggest, clerk_user_id=user_3AhnQJV5XslRK9dMtMXyCieGbiA
[13-Mar-2026 15:36:02 UTC] Domain API - action=suggest, clerk_user_id=user_3AhnQJV5XslRK9dMtMXyCieGbiA
[13-Mar-2026 15:36:03 UTC] Domain API - action=suggest, clerk_user_id=user_3AhnQJV5XslRK9dMtMXyCieGbiA
[13-Mar-2026 15:36:04 UTC] Domain API - action=suggest, clerk_user_id=user_3AhnQJV5XslRK9dMtMXyCieGbiA
[13-Mar-2026 15:36:05 UTC] Domain API - action=suggest, clerk_user_id=user_3AhnQJV5XslRK9dMtMXyCieGbiA
[13-Mar-2026 15:36:05 UTC] Domain API - action=suggest, clerk_user_id=user_3AhnQJV5XslRK9dMtMXyCieGbiA
[13-Mar-2026 15:36:06 UTC] Domain API - action=suggest, clerk_user_id=user_3AhnQJV5XslRK9dMtMXyCieGbiA
[13-Mar-2026 15:36:07 UTC] Domain API - action=suggest, clerk_user_id=user_3AhnQJV5XslRK9dMtMXyCieGbiA
[13-Mar-2026 15:36:07 UTC] Domain API - action=suggest, clerk_user_id=user_3AhnQJV5XslRK9dMtMXyCieGbiA
[13-Mar-2026 15:36:08 UTC] Domain API - action=suggest, clerk_user_id=user_3AhnQJV5XslRK9dMtMXyCieGbiA
[13-Mar-2026 15:36:09 UTC] Domain API - action=suggest, clerk_user_id=user_3AhnQJV5XslRK9dMtMXyCieGbiA
[13-Mar-2026 15:36:10 UTC] Domain API - action=suggest, clerk_user_id=user_3AhnQJV5XslRK9dMtMXyCieGbiA
[13-Mar-2026 15:36:11 UTC] Domain API - action=suggest, clerk_user_id=user_3AhnQJV5XslRK9dMtMXyCieGbiA
[13-Mar-2026 15:36:11 UTC] Domain API - action=suggest, clerk_user_id=user_3AhnQJV5XslRK9dMtMXyCieGbiA
[13-Mar-2026 15:36:12 UTC] Domain API - action=suggest, clerk_user_id=user_3AhnQJV5XslRK9dMtMXyCieGbiA
[13-Mar-2026 15:36:13 UTC] Domain API - action=suggest, clerk_user_id=user_3AhnQJV5XslRK9dMtMXyCieGbiA
[13-Mar-2026 15:36:14 UTC] Domain API - action=suggest, clerk_user_id=user_3AhnQJV5XslRK9dMtMXyCieGbiA
[13-Mar-2026 15:36:14 UTC] Domain API - action=suggest, clerk_user_id=user_3AhnQJV5XslRK9dMtMXyCieGbiA
[13-Mar-2026 15:36:15 UTC] Domain API - action=suggest, clerk_user_id=user_3AhnQJV5XslRK9dMtMXyCieGbiA
[13-Mar-2026 15:36:16 UTC] Domain API - action=suggest, clerk_user_id=user_3AhnQJV5XslRK9dMtMXyCieGbiA
[13-Mar-2026 15:36:17 UTC] Domain API - action=suggest, clerk_user_id=user_3AhnQJV5XslRK9dMtMXyCieGbiA
[13-Mar-2026 15:36:17 UTC] Domain API - action=suggest, clerk_user_id=user_3AhnQJV5XslRK9dMtMXyCieGbiA
[13-Mar-2026 15:36:18 UTC] Domain API - action=suggest, clerk_user_id=user_3AhnQJV5XslRK9dMtMXyCieGbiA
[13-Mar-2026 15:36:19 UTC] Domain API - action=suggest, clerk_user_id=user_3AhnQJV5XslRK9dMtMXyCieGbiA
[13-Mar-2026 15:36:20 UTC] Domain API - action=suggest, clerk_user_id=user_3AhnQJV5XslRK9dMtMXyCieGbiA
[13-Mar-2026 15:36:20 UTC] Domain API - action=suggest, clerk_user_id=user_3AhnQJV5XslRK9dMtMXyCieGbiA
[13-Mar-2026 15:36:21 UTC] Domain API - action=suggest, clerk_user_id=user_3AhnQJV5XslRK9dMtMXyCieGbiA
[13-Mar-2026 15:36:22 UTC] Domain API - action=suggest, clerk_user_id=user_3AhnQJV5XslRK9dMtMXyCieGbiA
[13-Mar-2026 15:36:22 UTC] Domain API - action=suggest, clerk_user_id=user_3AhnQJV5XslRK9dMtMXyCieGbiA
[13-Mar-2026 15:36:23 UTC] Domain API - action=suggest, clerk_user_id=user_3AhnQJV5XslRK9dMtMXyCieGbiA
[13-Mar-2026 15:36:24 UTC] Domain API - action=suggest, clerk_user_id=user_3AhnQJV5XslRK9dMtMXyCieGbiA
[13-Mar-2026 15:36:25 UTC] Domain API - action=suggest, clerk_user_id=user_3AhnQJV5XslRK9dMtMXyCieGbiA
[13-Mar-2026 15:36:25 UTC] Domain API - action=suggest, clerk_user_id=user_3AhnQJV5XslRK9dMtMXyCieGbiA
[13-Mar-2026 15:36:26 UTC] Domain API - action=suggest, clerk_user_id=user_3AhnQJV5XslRK9dMtMXyCieGbiA
[13-Mar-2026 15:36:27 UTC] Domain API - action=suggest, clerk_user_id=user_3AhnQJV5XslRK9dMtMXyCieGbiA
[13-Mar-2026 15:36:28 UTC] Domain API - action=suggest, clerk_user_id=user_3AhnQJV5XslRK9dMtMXyCieGbiA
[13-Mar-2026 15:36:28 UTC] Domain API - action=suggest, clerk_user_id=user_3AhnQJV5XslRK9dMtMXyCieGbiA
[13-Mar-2026 15:36:29 UTC] Domain API - action=suggest, clerk_user_id=user_3AhnQJV5XslRK9dMtMXyCieGbiA
[13-Mar-2026 15:36:30 UTC] Domain API - action=suggest, clerk_user_id=user_3AhnQJV5XslRK9dMtMXyCieGbiA
[13-Mar-2026 15:36:30 UTC] Domain API - action=suggest, clerk_user_id=user_3AhnQJV5XslRK9dMtMXyCieGbiA
[13-Mar-2026 15:36:31 UTC] Domain API - action=suggest, clerk_user_id=user_3AhnQJV5XslRK9dMtMXyCieGbiA
[13-Mar-2026 15:36:32 UTC] Domain API - action=suggest, clerk_user_id=user_3AhnQJV5XslRK9dMtMXyCieGbiA
[13-Mar-2026 15:36:33 UTC] Domain API - action=suggest, clerk_user_id=user_3AhnQJV5XslRK9dMtMXyCieGbiA
[13-Mar-2026 15:36:33 UTC] Domain API - action=suggest, clerk_user_id=user_3AhnQJV5XslRK9dMtMXyCieGbiA
[13-Mar-2026 15:36:34 UTC] Domain API - action=suggest, clerk_user_id=user_3AhnQJV5XslRK9dMtMXyCieGbiA
[13-Mar-2026 15:36:35 UTC] Domain API - action=suggest, clerk_user_id=user_3AhnQJV5XslRK9dMtMXyCieGbiA
[13-Mar-2026 15:36:35 UTC] Domain API - action=suggest, clerk_user_id=user_3AhnQJV5XslRK9dMtMXyCieGbiA
[13-Mar-2026 15:36:36 UTC] Domain API - action=suggest, clerk_user_id=user_3AhnQJV5XslRK9dMtMXyCieGbiA
[13-Mar-2026 15:36:37 UTC] Domain API - action=suggest, clerk_user_id=user_3AhnQJV5XslRK9dMtMXyCieGbiA
[13-Mar-2026 15:36:38 UTC] Domain API - action=suggest, clerk_user_id=user_3AhnQJV5XslRK9dMtMXyCieGbiA
[13-Mar-2026 15:36:38 UTC] Domain API - action=suggest, clerk_user_id=user_3AhnQJV5XslRK9dMtMXyCieGbiA
[13-Mar-2026 15:36:39 UTC] Domain API - action=suggest, clerk_user_id=user_3AhnQJV5XslRK9dMtMXyCieGbiA
[13-Mar-2026 15:36:40 UTC] Domain API - action=suggest, clerk_user_id=user_3AhnQJV5XslRK9dMtMXyCieGbiA
[13-Mar-2026 15:36:41 UTC] Domain API - action=suggest, clerk_user_id=user_3AhnQJV5XslRK9dMtMXyCieGbiA
[13-Mar-2026 15:36:42 UTC] Domain API - action=suggest, clerk_user_id=user_3AhnQJV5XslRK9dMtMXyCieGbiA
[13-Mar-2026 15:36:42 UTC] Domain API - action=suggest, clerk_user_id=user_3AhnQJV5XslRK9dMtMXyCieGbiA
[13-Mar-2026 15:36:43 UTC] Domain API - action=suggest, clerk_user_id=user_3AhnQJV5XslRK9dMtMXyCieGbiA
[13-Mar-2026 15:36:43 UTC] Domain API - action=suggest, clerk_user_id=user_3AhnQJV5XslRK9dMtMXyCieGbiA
[13-Mar-2026 15:36:44 UTC] Domain API - action=suggest, clerk_user_id=user_3AhnQJV5XslRK9dMtMXyCieGbiA
[13-Mar-2026 15:36:45 UTC] Domain API - action=suggest, clerk_user_id=user_3AhnQJV5XslRK9dMtMXyCieGbiA
[13-Mar-2026 15:36:46 UTC] Domain API - action=suggest, clerk_user_id=user_3AhnQJV5XslRK9dMtMXyCieGbiA
[13-Mar-2026 15:36:46 UTC] Domain API - action=suggest, clerk_user_id=user_3AhnQJV5XslRK9dMtMXyCieGbiA
[13-Mar-2026 15:36:47 UTC] Domain API - action=suggest, clerk_user_id=user_3AhnQJV5XslRK9dMtMXyCieGbiA
[13-Mar-2026 15:36:48 UTC] Domain API - action=suggest, clerk_user_id=user_3AhnQJV5XslRK9dMtMXyCieGbiA
[13-Mar-2026 15:36:49 UTC] Domain API - action=suggest, clerk_user_id=user_3AhnQJV5XslRK9dMtMXyCieGbiA
[13-Mar-2026 15:36:49 UTC] Domain API - action=suggest, clerk_user_id=user_3AhnQJV5XslRK9dMtMXyCieGbiA
[13-Mar-2026 15:36:50 UTC] Domain API - action=suggest, clerk_user_id=user_3AhnQJV5XslRK9dMtMXyCieGbiA
[13-Mar-2026 15:36:51 UTC] Domain API - action=suggest, clerk_user_id=user_3AhnQJV5XslRK9dMtMXyCieGbiA
[13-Mar-2026 15:36:52 UTC] Domain API - action=suggest, clerk_user_id=user_3AhnQJV5XslRK9dMtMXyCieGbiA
[13-Mar-2026 15:36:52 UTC] Domain API - action=suggest, clerk_user_id=user_3AhnQJV5XslRK9dMtMXyCieGbiA
[13-Mar-2026 15:36:53 UTC] Domain API - action=suggest, clerk_user_id=user_3AhnQJV5XslRK9dMtMXyCieGbiA
[13-Mar-2026 15:36:54 UTC] Domain API - action=suggest, clerk_user_id=user_3AhnQJV5XslRK9dMtMXyCieGbiA
[13-Mar-2026 15:36:55 UTC] Domain API - action=suggest, clerk_user_id=user_3AhnQJV5XslRK9dMtMXyCieGbiA
[13-Mar-2026 15:36:55 UTC] Domain API - action=suggest, clerk_user_id=user_3AhnQJV5XslRK9dMtMXyCieGbiA
[13-Mar-2026 15:36:56 UTC] Domain API - action=suggest, clerk_user_id=user_3AhnQJV5XslRK9dMtMXyCieGbiA
[13-Mar-2026 15:36:57 UTC] Domain API - action=suggest, clerk_user_id=user_3AhnQJV5XslRK9dMtMXyCieGbiA
[13-Mar-2026 15:36:57 UTC] Domain API - action=suggest, clerk_user_id=user_3AhnQJV5XslRK9dMtMXyCieGbiA
[13-Mar-2026 15:36:58 UTC] Domain API - action=suggest, clerk_user_id=user_3AhnQJV5XslRK9dMtMXyCieGbiA
[13-Mar-2026 15:36:59 UTC] Domain API - action=suggest, clerk_user_id=user_3AhnQJV5XslRK9dMtMXyCieGbiA
[13-Mar-2026 15:37:00 UTC] Domain API - action=suggest, clerk_user_id=user_3AhnQJV5XslRK9dMtMXyCieGbiA
[13-Mar-2026 15:37:00 UTC] Domain API - action=suggest, clerk_user_id=user_3AhnQJV5XslRK9dMtMXyCieGbiA
[13-Mar-2026 15:37:01 UTC] Domain API - action=suggest, clerk_user_id=user_3AhnQJV5XslRK9dMtMXyCieGbiA
[13-Mar-2026 15:37:02 UTC] Domain API - action=suggest, clerk_user_id=user_3AhnQJV5XslRK9dMtMXyCieGbiA
[13-Mar-2026 15:37:03 UTC] Domain API - action=suggest, clerk_user_id=user_3AhnQJV5XslRK9dMtMXyCieGbiA
[13-Mar-2026 15:37:04 UTC] Domain API - action=suggest, clerk_user_id=user_3AhnQJV5XslRK9dMtMXyCieGbiA
[13-Mar-2026 15:37:04 UTC] Domain API - action=suggest, clerk_user_id=user_3AhnQJV5XslRK9dMtMXyCieGbiA
[13-Mar-2026 15:37:05 UTC] Domain API - action=suggest, clerk_user_id=user_3AhnQJV5XslRK9dMtMXyCieGbiA
[13-Mar-2026 15:37:06 UTC] Domain API - action=suggest, clerk_user_id=user_3AhnQJV5XslRK9dMtMXyCieGbiA
[13-Mar-2026 15:37:06 UTC] Domain API - action=suggest, clerk_user_id=user_3AhnQJV5XslRK9dMtMXyCieGbiA
[13-Mar-2026 15:37:07 UTC] Domain API - action=suggest, clerk_user_id=user_3AhnQJV5XslRK9dMtMXyCieGbiA
[13-Mar-2026 15:37:08 UTC] Domain API - action=suggest, clerk_user_id=user_3AhnQJV5XslRK9dMtMXyCieGbiA
[13-Mar-2026 15:37:09 UTC] Domain API - action=suggest, clerk_user_id=user_3AhnQJV5XslRK9dMtMXyCieGbiA
[13-Mar-2026 15:37:09 UTC] Domain API - action=suggest, clerk_user_id=user_3AhnQJV5XslRK9dMtMXyCieGbiA
[13-Mar-2026 15:37:10 UTC] Domain API - action=suggest, clerk_user_id=user_3AhnQJV5XslRK9dMtMXyCieGbiA
[13-Mar-2026 15:37:11 UTC] Domain API - action=suggest, clerk_user_id=user_3AhnQJV5XslRK9dMtMXyCieGbiA
[13-Mar-2026 15:37:12 UTC] Domain API - action=suggest, clerk_user_id=user_3AhnQJV5XslRK9dMtMXyCieGbiA
[13-Mar-2026 15:37:12 UTC] Domain API - action=suggest, clerk_user_id=user_3AhnQJV5XslRK9dMtMXyCieGbiA
[13-Mar-2026 15:37:13 UTC] Domain API - action=suggest, clerk_user_id=user_3AhnQJV5XslRK9dMtMXyCieGbiA
[13-Mar-2026 15:37:14 UTC] Domain API - action=suggest, clerk_user_id=user_3AhnQJV5XslRK9dMtMXyCieGbiA
[13-Mar-2026 15:37:15 UTC] Domain API - action=suggest, clerk_user_id=user_3AhnQJV5XslRK9dMtMXyCieGbiA
[13-Mar-2026 15:37:15 UTC] Domain API - action=suggest, clerk_user_id=user_3AhnQJV5XslRK9dMtMXyCieGbiA
[13-Mar-2026 15:37:16 UTC] Domain API - action=suggest, clerk_user_id=user_3AhnQJV5XslRK9dMtMXyCieGbiA
[13-Mar-2026 15:37:17 UTC] Domain API - action=suggest, clerk_user_id=user_3AhnQJV5XslRK9dMtMXyCieGbiA
[13-Mar-2026 15:37:17 UTC] Domain API - action=suggest, clerk_user_id=user_3AhnQJV5XslRK9dMtMXyCieGbiA
[13-Mar-2026 15:37:18 UTC] Domain API - action=suggest, clerk_user_id=user_3AhnQJV5XslRK9dMtMXyCieGbiA
[13-Mar-2026 15:37:19 UTC] Domain API - action=suggest, clerk_user_id=user_3AhnQJV5XslRK9dMtMXyCieGbiA
[13-Mar-2026 15:37:20 UTC] Domain API - action=suggest, clerk_user_id=user_3AhnQJV5XslRK9dMtMXyCieGbiA
[13-Mar-2026 15:37:20 UTC] Domain API - action=suggest, clerk_user_id=user_3AhnQJV5XslRK9dMtMXyCieGbiA
[13-Mar-2026 15:37:21 UTC] Domain API - action=suggest, clerk_user_id=user_3AhnQJV5XslRK9dMtMXyCieGbiA
[13-Mar-2026 15:37:22 UTC] Domain API - action=suggest, clerk_user_id=user_3AhnQJV5XslRK9dMtMXyCieGbiA
[13-Mar-2026 15:37:23 UTC] Domain API - action=suggest, clerk_user_id=user_3AhnQJV5XslRK9dMtMXyCieGbiA
[13-Mar-2026 15:37:23 UTC] Domain API - action=suggest, clerk_user_id=user_3AhnQJV5XslRK9dMtMXyCieGbiA
[13-Mar-2026 15:37:25 UTC] Domain API - action=suggest, clerk_user_id=user_3AhnQJV5XslRK9dMtMXyCieGbiA
[13-Mar-2026 15:37:25 UTC] Domain API - action=suggest, clerk_user_id=user_3AhnQJV5XslRK9dMtMXyCieGbiA
[13-Mar-2026 15:37:26 UTC] Domain API - action=suggest, clerk_user_id=user_3AhnQJV5XslRK9dMtMXyCieGbiA
[13-Mar-2026 15:37:27 UTC] Domain API - action=suggest, clerk_user_id=user_3AhnQJV5XslRK9dMtMXyCieGbiA
[13-Mar-2026 15:37:28 UTC] Domain API - action=suggest, clerk_user_id=user_3AhnQJV5XslRK9dMtMXyCieGbiA
[13-Mar-2026 15:37:28 UTC] Domain API - action=suggest, clerk_user_id=user_3AhnQJV5XslRK9dMtMXyCieGbiA
[13-Mar-2026 15:37:29 UTC] Domain API - action=suggest, clerk_user_id=user_3AhnQJV5XslRK9dMtMXyCieGbiA
[13-Mar-2026 15:37:30 UTC] Domain API - action=suggest, clerk_user_id=user_3AhnQJV5XslRK9dMtMXyCieGbiA
[13-Mar-2026 15:37:31 UTC] Domain API - action=suggest, clerk_user_id=user_3AhnQJV5XslRK9dMtMXyCieGbiA
[13-Mar-2026 15:37:32 UTC] Domain API - action=suggest, clerk_user_id=user_3AhnQJV5XslRK9dMtMXyCieGbiA
[13-Mar-2026 15:37:33 UTC] Domain API - action=suggest, clerk_user_id=user_3AhnQJV5XslRK9dMtMXyCieGbiA
[13-Mar-2026 15:37:33 UTC] Domain API - action=suggest, clerk_user_id=user_3AhnQJV5XslRK9dMtMXyCieGbiA
[13-Mar-2026 15:37:34 UTC] Domain API - action=suggest, clerk_user_id=user_3AhnQJV5XslRK9dMtMXyCieGbiA
[13-Mar-2026 15:37:35 UTC] Domain API - action=suggest, clerk_user_id=user_3AhnQJV5XslRK9dMtMXyCieGbiA
[13-Mar-2026 15:37:36 UTC] Domain API - action=suggest, clerk_user_id=user_3AhnQJV5XslRK9dMtMXyCieGbiA
[13-Mar-2026 15:37:36 UTC] Domain API - action=suggest, clerk_user_id=user_3AhnQJV5XslRK9dMtMXyCieGbiA
[13-Mar-2026 15:37:37 UTC] Domain API - action=suggest, clerk_user_id=user_3AhnQJV5XslRK9dMtMXyCieGbiA
[13-Mar-2026 15:37:38 UTC] Domain API - action=suggest, clerk_user_id=user_3AhnQJV5XslRK9dMtMXyCieGbiA
[13-Mar-2026 15:37:38 UTC] Domain API - action=suggest, clerk_user_id=user_3AhnQJV5XslRK9dMtMXyCieGbiA
[13-Mar-2026 15:37:39 UTC] Domain API - action=suggest, clerk_user_id=user_3AhnQJV5XslRK9dMtMXyCieGbiA
[13-Mar-2026 15:37:40 UTC] Domain API - action=suggest, clerk_user_id=user_3AhnQJV5XslRK9dMtMXyCieGbiA
[13-Mar-2026 15:37:41 UTC] Domain API - action=suggest, clerk_user_id=user_3AhnQJV5XslRK9dMtMXyCieGbiA
[13-Mar-2026 15:37:41 UTC] Domain API - action=suggest, clerk_user_id=user_3AhnQJV5XslRK9dMtMXyCieGbiA
[13-Mar-2026 15:37:42 UTC] Domain API - action=suggest, clerk_user_id=user_3AhnQJV5XslRK9dMtMXyCieGbiA
[13-Mar-2026 15:37:43 UTC] Domain API - action=suggest, clerk_user_id=user_3AhnQJV5XslRK9dMtMXyCieGbiA
[13-Mar-2026 15:37:43 UTC] Domain API - action=suggest, clerk_user_id=user_3AhnQJV5XslRK9dMtMXyCieGbiA
[13-Mar-2026 15:37:44 UTC] Domain API - action=suggest, clerk_user_id=user_3AhnQJV5XslRK9dMtMXyCieGbiA
[13-Mar-2026 15:37:45 UTC] Domain API - action=suggest, clerk_user_id=user_3AhnQJV5XslRK9dMtMXyCieGbiA
[13-Mar-2026 15:37:46 UTC] Domain API - action=suggest, clerk_user_id=user_3AhnQJV5XslRK9dMtMXyCieGbiA
[13-Mar-2026 15:37:46 UTC] Domain API - action=suggest, clerk_user_id=user_3AhnQJV5XslRK9dMtMXyCieGbiA
[13-Mar-2026 15:37:47 UTC] Domain API - action=suggest, clerk_user_id=user_3AhnQJV5XslRK9dMtMXyCieGbiA
[13-Mar-2026 15:37:48 UTC] Domain API - action=suggest, clerk_user_id=user_3AhnQJV5XslRK9dMtMXyCieGbiA
[13-Mar-2026 15:37:48 UTC] Domain API - action=suggest, clerk_user_id=user_3AhnQJV5XslRK9dMtMXyCieGbiA
[13-Mar-2026 15:37:49 UTC] Domain API - action=suggest, clerk_user_id=user_3AhnQJV5XslRK9dMtMXyCieGbiA
[13-Mar-2026 15:37:50 UTC] Domain API - action=suggest, clerk_user_id=user_3AhnQJV5XslRK9dMtMXyCieGbiA
[13-Mar-2026 15:37:51 UTC] Domain API - action=suggest, clerk_user_id=user_3AhnQJV5XslRK9dMtMXyCieGbiA
[13-Mar-2026 15:37:51 UTC] Domain API - action=suggest, clerk_user_id=user_3AhnQJV5XslRK9dMtMXyCieGbiA
[13-Mar-2026 15:37:52 UTC] Domain API - action=suggest, clerk_user_id=user_3AhnQJV5XslRK9dMtMXyCieGbiA
[13-Mar-2026 15:37:53 UTC] Domain API - action=suggest, clerk_user_id=user_3AhnQJV5XslRK9dMtMXyCieGbiA
[13-Mar-2026 15:37:54 UTC] Domain API - action=suggest, clerk_user_id=user_3AhnQJV5XslRK9dMtMXyCieGbiA
[13-Mar-2026 15:37:55 UTC] Domain API - action=suggest, clerk_user_id=user_3AhnQJV5XslRK9dMtMXyCieGbiA
[13-Mar-2026 15:37:55 UTC] Domain API - action=suggest, clerk_user_id=user_3AhnQJV5XslRK9dMtMXyCieGbiA
[13-Mar-2026 15:37:56 UTC] Domain API - action=suggest, clerk_user_id=user_3AhnQJV5XslRK9dMtMXyCieGbiA
[13-Mar-2026 15:37:57 UTC] Domain API - action=suggest, clerk_user_id=user_3AhnQJV5XslRK9dMtMXyCieGbiA
[13-Mar-2026 15:37:58 UTC] Domain API - action=suggest, clerk_user_id=user_3AhnQJV5XslRK9dMtMXyCieGbiA
[13-Mar-2026 15:37:58 UTC] Domain API - action=suggest, clerk_user_id=user_3AhnQJV5XslRK9dMtMXyCieGbiA
[13-Mar-2026 15:37:59 UTC] Domain API - action=suggest, clerk_user_id=user_3AhnQJV5XslRK9dMtMXyCieGbiA
[13-Mar-2026 15:38:00 UTC] Domain API - action=suggest, clerk_user_id=user_3AhnQJV5XslRK9dMtMXyCieGbiA
[13-Mar-2026 15:38:00 UTC] Domain API - action=suggest, clerk_user_id=user_3AhnQJV5XslRK9dMtMXyCieGbiA
[13-Mar-2026 15:38:01 UTC] Domain API - action=suggest, clerk_user_id=user_3AhnQJV5XslRK9dMtMXyCieGbiA
[13-Mar-2026 15:38:02 UTC] Domain API - action=suggest, clerk_user_id=user_3AhnQJV5XslRK9dMtMXyCieGbiA
[13-Mar-2026 15:38:03 UTC] Domain API - action=suggest, clerk_user_id=user_3AhnQJV5XslRK9dMtMXyCieGbiA
[13-Mar-2026 15:38:03 UTC] Domain API - action=suggest, clerk_user_id=user_3AhnQJV5XslRK9dMtMXyCieGbiA
[13-Mar-2026 15:38:04 UTC] Domain API - action=suggest, clerk_user_id=user_3AhnQJV5XslRK9dMtMXyCieGbiA
[13-Mar-2026 15:38:05 UTC] Domain API - action=suggest, clerk_user_id=user_3AhnQJV5XslRK9dMtMXyCieGbiA
[13-Mar-2026 15:38:06 UTC] Domain API - action=suggest, clerk_user_id=user_3AhnQJV5XslRK9dMtMXyCieGbiA
[13-Mar-2026 15:38:06 UTC] Domain API - action=suggest, clerk_user_id=user_3AhnQJV5XslRK9dMtMXyCieGbiA
[13-Mar-2026 15:38:07 UTC] Domain API - action=suggest, clerk_user_id=user_3AhnQJV5XslRK9dMtMXyCieGbiA
[13-Mar-2026 15:38:08 UTC] Domain API - action=suggest, clerk_user_id=user_3AhnQJV5XslRK9dMtMXyCieGbiA
[13-Mar-2026 15:38:09 UTC] Domain API - action=suggest, clerk_user_id=user_3AhnQJV5XslRK9dMtMXyCieGbiA
[13-Mar-2026 15:38:09 UTC] Domain API - action=suggest, clerk_user_id=user_3AhnQJV5XslRK9dMtMXyCieGbiA
[13-Mar-2026 15:38:10 UTC] Domain API - action=suggest, clerk_user_id=user_3AhnQJV5XslRK9dMtMXyCieGbiA
[13-Mar-2026 15:38:11 UTC] Domain API - action=suggest, clerk_user_id=user_3AhnQJV5XslRK9dMtMXyCieGbiA
[13-Mar-2026 15:38:11 UTC] Domain API - action=suggest, clerk_user_id=user_3AhnQJV5XslRK9dMtMXyCieGbiA
[13-Mar-2026 15:38:12 UTC] Domain API - action=suggest, clerk_user_id=user_3AhnQJV5XslRK9dMtMXyCieGbiA
[13-Mar-2026 15:38:13 UTC] Domain API - action=suggest, clerk_user_id=user_3AhnQJV5XslRK9dMtMXyCieGbiA
[13-Mar-2026 15:38:14 UTC] Domain API - action=suggest, clerk_user_id=user_3AhnQJV5XslRK9dMtMXyCieGbiA
[13-Mar-2026 15:38:14 UTC] Domain API - action=suggest, clerk_user_id=user_3AhnQJV5XslRK9dMtMXyCieGbiA
[13-Mar-2026 15:38:15 UTC] Domain API - action=suggest, clerk_user_id=user_3AhnQJV5XslRK9dMtMXyCieGbiA
[13-Mar-2026 15:38:16 UTC] Domain API - action=suggest, clerk_user_id=user_3AhnQJV5XslRK9dMtMXyCieGbiA
[13-Mar-2026 15:38:16 UTC] Domain API - action=suggest, clerk_user_id=user_3AhnQJV5XslRK9dMtMXyCieGbiA
[13-Mar-2026 15:38:17 UTC] Domain API - action=suggest, clerk_user_id=user_3AhnQJV5XslRK9dMtMXyCieGbiA
[13-Mar-2026 15:38:18 UTC] Domain API - action=suggest, clerk_user_id=user_3AhnQJV5XslRK9dMtMXyCieGbiA
[13-Mar-2026 15:38:19 UTC] Domain API - action=suggest, clerk_user_id=user_3AhnQJV5XslRK9dMtMXyCieGbiA
[13-Mar-2026 15:38:19 UTC] Domain API - action=suggest, clerk_user_id=user_3AhnQJV5XslRK9dMtMXyCieGbiA
[13-Mar-2026 15:38:20 UTC] Domain API - action=suggest, clerk_user_id=user_3AhnQJV5XslRK9dMtMXyCieGbiA
[13-Mar-2026 15:38:21 UTC] Domain API - action=suggest, clerk_user_id=user_3AhnQJV5XslRK9dMtMXyCieGbiA
[13-Mar-2026 15:38:21 UTC] Domain API - action=suggest, clerk_user_id=user_3AhnQJV5XslRK9dMtMXyCieGbiA
[13-Mar-2026 15:38:22 UTC] Domain API - action=suggest, clerk_user_id=user_3AhnQJV5XslRK9dMtMXyCieGbiA
[13-Mar-2026 15:38:23 UTC] Domain API - action=suggest, clerk_user_id=user_3AhnQJV5XslRK9dMtMXyCieGbiA
[13-Mar-2026 15:38:24 UTC] Domain API - action=suggest, clerk_user_id=user_3AhnQJV5XslRK9dMtMXyCieGbiA
[13-Mar-2026 15:38:24 UTC] Domain API - action=suggest, clerk_user_id=user_3AhnQJV5XslRK9dMtMXyCieGbiA
[13-Mar-2026 15:38:25 UTC] Domain API - action=suggest, clerk_user_id=user_3AhnQJV5XslRK9dMtMXyCieGbiA
[13-Mar-2026 15:38:26 UTC] Domain API - action=suggest, clerk_user_id=user_3AhnQJV5XslRK9dMtMXyCieGbiA
[13-Mar-2026 15:38:27 UTC] Domain API - action=suggest, clerk_user_id=user_3AhnQJV5XslRK9dMtMXyCieGbiA
[13-Mar-2026 15:38:27 UTC] Domain API - action=suggest, clerk_user_id=user_3AhnQJV5XslRK9dMtMXyCieGbiA
[13-Mar-2026 15:38:28 UTC] Domain API - action=suggest, clerk_user_id=user_3AhnQJV5XslRK9dMtMXyCieGbiA
[13-Mar-2026 15:38:29 UTC] Domain API - action=suggest, clerk_user_id=user_3AhnQJV5XslRK9dMtMXyCieGbiA
[13-Mar-2026 15:38:30 UTC] Domain API - action=suggest, clerk_user_id=user_3AhnQJV5XslRK9dMtMXyCieGbiA
[13-Mar-2026 15:38:31 UTC] Domain API - action=suggest, clerk_user_id=user_3AhnQJV5XslRK9dMtMXyCieGbiA
[13-Mar-2026 15:38:31 UTC] Domain API - action=suggest, clerk_user_id=user_3AhnQJV5XslRK9dMtMXyCieGbiA
[13-Mar-2026 15:38:32 UTC] Domain API - action=suggest, clerk_user_id=user_3AhnQJV5XslRK9dMtMXyCieGbiA
[13-Mar-2026 15:38:33 UTC] Domain API - action=suggest, clerk_user_id=user_3AhnQJV5XslRK9dMtMXyCieGbiA
[13-Mar-2026 15:38:33 UTC] Domain API - action=suggest, clerk_user_id=user_3AhnQJV5XslRK9dMtMXyCieGbiA
[13-Mar-2026 15:38:34 UTC] Domain API - action=suggest, clerk_user_id=user_3AhnQJV5XslRK9dMtMXyCieGbiA
[13-Mar-2026 15:38:35 UTC] Domain API - action=suggest, clerk_user_id=user_3AhnQJV5XslRK9dMtMXyCieGbiA
[13-Mar-2026 15:38:36 UTC] Domain API - action=suggest, clerk_user_id=user_3AhnQJV5XslRK9dMtMXyCieGbiA
[13-Mar-2026 15:38:36 UTC] Domain API - action=suggest, clerk_user_id=user_3AhnQJV5XslRK9dMtMXyCieGbiA
[13-Mar-2026 15:38:37 UTC] Domain API - action=suggest, clerk_user_id=user_3AhnQJV5XslRK9dMtMXyCieGbiA
[13-Mar-2026 15:38:38 UTC] Domain API - action=suggest, clerk_user_id=user_3AhnQJV5XslRK9dMtMXyCieGbiA
[13-Mar-2026 15:38:39 UTC] Domain API - action=suggest, clerk_user_id=user_3AhnQJV5XslRK9dMtMXyCieGbiA
[13-Mar-2026 15:38:39 UTC] Domain API - action=suggest, clerk_user_id=user_3AhnQJV5XslRK9dMtMXyCieGbiA
[13-Mar-2026 15:38:40 UTC] Domain API - action=suggest, clerk_user_id=user_3AhnQJV5XslRK9dMtMXyCieGbiA
[13-Mar-2026 15:38:41 UTC] Domain API - action=suggest, clerk_user_id=user_3AhnQJV5XslRK9dMtMXyCieGbiA
[13-Mar-2026 15:38:42 UTC] Domain API - action=suggest, clerk_user_id=user_3AhnQJV5XslRK9dMtMXyCieGbiA
[13-Mar-2026 15:38:42 UTC] Domain API - action=suggest, clerk_user_id=user_3AhnQJV5XslRK9dMtMXyCieGbiA
[13-Mar-2026 15:38:43 UTC] Domain API - action=suggest, clerk_user_id=user_3AhnQJV5XslRK9dMtMXyCieGbiA
[13-Mar-2026 15:38:44 UTC] Domain API - action=suggest, clerk_user_id=user_3AhnQJV5XslRK9dMtMXyCieGbiA
[13-Mar-2026 15:38:45 UTC] Domain API - action=suggest, clerk_user_id=user_3AhnQJV5XslRK9dMtMXyCieGbiA
[13-Mar-2026 15:38:46 UTC] Domain API - action=suggest, clerk_user_id=user_3AhnQJV5XslRK9dMtMXyCieGbiA
[13-Mar-2026 15:38:46 UTC] Domain API - action=suggest, clerk_user_id=user_3AhnQJV5XslRK9dMtMXyCieGbiA
[13-Mar-2026 15:38:47 UTC] Domain API - action=suggest, clerk_user_id=user_3AhnQJV5XslRK9dMtMXyCieGbiA
[13-Mar-2026 15:38:48 UTC] Domain API - action=suggest, clerk_user_id=user_3AhnQJV5XslRK9dMtMXyCieGbiA
[13-Mar-2026 15:38:48 UTC] Domain API - action=suggest, clerk_user_id=user_3AhnQJV5XslRK9dMtMXyCieGbiA
[13-Mar-2026 15:38:49 UTC] Domain API - action=suggest, clerk_user_id=user_3AhnQJV5XslRK9dMtMXyCieGbiA
[13-Mar-2026 15:38:50 UTC] Domain API - action=suggest, clerk_user_id=user_3AhnQJV5XslRK9dMtMXyCieGbiA
[13-Mar-2026 15:38:51 UTC] Domain API - action=suggest, clerk_user_id=user_3AhnQJV5XslRK9dMtMXyCieGbiA
[13-Mar-2026 15:38:51 UTC] Domain API - action=suggest, clerk_user_id=user_3AhnQJV5XslRK9dMtMXyCieGbiA
[13-Mar-2026 15:38:52 UTC] Domain API - action=suggest, clerk_user_id=user_3AhnQJV5XslRK9dMtMXyCieGbiA
[13-Mar-2026 15:38:53 UTC] Domain API - action=suggest, clerk_user_id=user_3AhnQJV5XslRK9dMtMXyCieGbiA
[13-Mar-2026 15:38:54 UTC] Domain API - action=suggest, clerk_user_id=user_3AhnQJV5XslRK9dMtMXyCieGbiA
[13-Mar-2026 15:38:54 UTC] Domain API - action=suggest, clerk_user_id=user_3AhnQJV5XslRK9dMtMXyCieGbiA
[13-Mar-2026 15:38:55 UTC] Domain API - action=suggest, clerk_user_id=user_3AhnQJV5XslRK9dMtMXyCieGbiA
[13-Mar-2026 15:38:56 UTC] Domain API - action=suggest, clerk_user_id=user_3AhnQJV5XslRK9dMtMXyCieGbiA
[13-Mar-2026 15:38:56 UTC] Domain API - action=suggest, clerk_user_id=user_3AhnQJV5XslRK9dMtMXyCieGbiA
[13-Mar-2026 15:38:57 UTC] Domain API - action=suggest, clerk_user_id=user_3AhnQJV5XslRK9dMtMXyCieGbiA
[13-Mar-2026 15:38:58 UTC] Domain API - action=suggest, clerk_user_id=user_3AhnQJV5XslRK9dMtMXyCieGbiA
[13-Mar-2026 15:38:59 UTC] Domain API - action=suggest, clerk_user_id=user_3AhnQJV5XslRK9dMtMXyCieGbiA
[13-Mar-2026 15:38:59 UTC] Domain API - action=suggest, clerk_user_id=user_3AhnQJV5XslRK9dMtMXyCieGbiA
[13-Mar-2026 15:39:00 UTC] Domain API - action=suggest, clerk_user_id=user_3AhnQJV5XslRK9dMtMXyCieGbiA
[13-Mar-2026 15:39:01 UTC] Domain API - action=suggest, clerk_user_id=user_3AhnQJV5XslRK9dMtMXyCieGbiA
[13-Mar-2026 15:39:02 UTC] Domain API - action=suggest, clerk_user_id=user_3AhnQJV5XslRK9dMtMXyCieGbiA
[13-Mar-2026 15:39:03 UTC] Domain API - action=suggest, clerk_user_id=user_3AhnQJV5XslRK9dMtMXyCieGbiA
[13-Mar-2026 15:39:03 UTC] Domain API - action=suggest, clerk_user_id=user_3AhnQJV5XslRK9dMtMXyCieGbiA
[13-Mar-2026 15:39:04 UTC] Domain API - action=suggest, clerk_user_id=user_3AhnQJV5XslRK9dMtMXyCieGbiA
[13-Mar-2026 15:39:05 UTC] Domain API - action=suggest, clerk_user_id=user_3AhnQJV5XslRK9dMtMXyCieGbiA
[13-Mar-2026 15:39:05 UTC] Domain API - action=suggest, clerk_user_id=user_3AhnQJV5XslRK9dMtMXyCieGbiA
[13-Mar-2026 15:39:06 UTC] Domain API - action=suggest, clerk_user_id=user_3AhnQJV5XslRK9dMtMXyCieGbiA
[13-Mar-2026 15:39:07 UTC] Domain API - action=suggest, clerk_user_id=user_3AhnQJV5XslRK9dMtMXyCieGbiA
[13-Mar-2026 15:39:08 UTC] Domain API - action=suggest, clerk_user_id=user_3AhnQJV5XslRK9dMtMXyCieGbiA
[13-Mar-2026 15:39:08 UTC] Domain API - action=suggest, clerk_user_id=user_3AhnQJV5XslRK9dMtMXyCieGbiA
[13-Mar-2026 15:39:09 UTC] Domain API - action=suggest, clerk_user_id=user_3AhnQJV5XslRK9dMtMXyCieGbiA
[13-Mar-2026 15:39:10 UTC] Domain API - action=suggest, clerk_user_id=user_3AhnQJV5XslRK9dMtMXyCieGbiA
[13-Mar-2026 15:39:11 UTC] Domain API - action=suggest, clerk_user_id=user_3AhnQJV5XslRK9dMtMXyCieGbiA
[13-Mar-2026 15:39:11 UTC] Domain API - action=suggest, clerk_user_id=user_3AhnQJV5XslRK9dMtMXyCieGbiA
[13-Mar-2026 15:39:12 UTC] Domain API - action=suggest, clerk_user_id=user_3AhnQJV5XslRK9dMtMXyCieGbiA
[13-Mar-2026 15:39:13 UTC] Domain API - action=suggest, clerk_user_id=user_3AhnQJV5XslRK9dMtMXyCieGbiA
[13-Mar-2026 15:39:13 UTC] Domain API - action=suggest, clerk_user_id=user_3AhnQJV5XslRK9dMtMXyCieGbiA
[13-Mar-2026 15:39:14 UTC] Domain API - action=suggest, clerk_user_id=user_3AhnQJV5XslRK9dMtMXyCieGbiA
[13-Mar-2026 15:39:16 UTC] Domain API - action=suggest, clerk_user_id=user_3AhnQJV5XslRK9dMtMXyCieGbiA
[13-Mar-2026 15:39:17 UTC] Domain API - action=suggest, clerk_user_id=user_3AhnQJV5XslRK9dMtMXyCieGbiA
[13-Mar-2026 15:39:17 UTC] Domain API - action=suggest, clerk_user_id=user_3AhnQJV5XslRK9dMtMXyCieGbiA
[13-Mar-2026 15:39:18 UTC] Domain API - action=suggest, clerk_user_id=user_3AhnQJV5XslRK9dMtMXyCieGbiA
[13-Mar-2026 15:39:19 UTC] Domain API - action=suggest, clerk_user_id=user_3AhnQJV5XslRK9dMtMXyCieGbiA
[13-Mar-2026 15:39:20 UTC] Domain API - action=suggest, clerk_user_id=user_3AhnQJV5XslRK9dMtMXyCieGbiA
[13-Mar-2026 15:39:20 UTC] Domain API - action=suggest, clerk_user_id=user_3AhnQJV5XslRK9dMtMXyCieGbiA
[13-Mar-2026 15:39:21 UTC] Domain API - action=suggest, clerk_user_id=user_3AhnQJV5XslRK9dMtMXyCieGbiA
[13-Mar-2026 15:39:22 UTC] Domain API - action=suggest, clerk_user_id=user_3AhnQJV5XslRK9dMtMXyCieGbiA
[13-Mar-2026 15:39:23 UTC] Domain API - action=suggest, clerk_user_id=user_3AhnQJV5XslRK9dMtMXyCieGbiA
[13-Mar-2026 15:39:23 UTC] Domain API - action=suggest, clerk_user_id=user_3AhnQJV5XslRK9dMtMXyCieGbiA
[13-Mar-2026 15:39:24 UTC] Domain API - action=suggest, clerk_user_id=user_3AhnQJV5XslRK9dMtMXyCieGbiA
[13-Mar-2026 15:39:25 UTC] Domain API - action=suggest, clerk_user_id=user_3AhnQJV5XslRK9dMtMXyCieGbiA
[13-Mar-2026 15:39:26 UTC] Domain API - action=suggest, clerk_user_id=user_3AhnQJV5XslRK9dMtMXyCieGbiA
[13-Mar-2026 15:39:26 UTC] Domain API - action=suggest, clerk_user_id=user_3AhnQJV5XslRK9dMtMXyCieGbiA
[13-Mar-2026 15:39:27 UTC] Domain API - action=suggest, clerk_user_id=user_3AhnQJV5XslRK9dMtMXyCieGbiA
[13-Mar-2026 15:39:28 UTC] Domain API - action=suggest, clerk_user_id=user_3AhnQJV5XslRK9dMtMXyCieGbiA
[13-Mar-2026 15:39:28 UTC] Domain API - action=suggest, clerk_user_id=user_3AhnQJV5XslRK9dMtMXyCieGbiA
[13-Mar-2026 15:39:29 UTC] Domain API - action=suggest, clerk_user_id=user_3AhnQJV5XslRK9dMtMXyCieGbiA
[13-Mar-2026 15:39:30 UTC] Domain API - action=suggest, clerk_user_id=user_3AhnQJV5XslRK9dMtMXyCieGbiA
[13-Mar-2026 15:39:31 UTC] Domain API - action=suggest, clerk_user_id=user_3AhnQJV5XslRK9dMtMXyCieGbiA
[13-Mar-2026 15:39:32 UTC] Domain API - action=suggest, clerk_user_id=user_3AhnQJV5XslRK9dMtMXyCieGbiA
[13-Mar-2026 15:39:33 UTC] Domain API - action=suggest, clerk_user_id=user_3AhnQJV5XslRK9dMtMXyCieGbiA
[13-Mar-2026 15:39:33 UTC] Domain API - action=suggest, clerk_user_id=user_3AhnQJV5XslRK9dMtMXyCieGbiA
[13-Mar-2026 15:39:34 UTC] Domain API - action=suggest, clerk_user_id=user_3AhnQJV5XslRK9dMtMXyCieGbiA
[13-Mar-2026 15:39:35 UTC] Domain API - action=suggest, clerk_user_id=user_3AhnQJV5XslRK9dMtMXyCieGbiA
[13-Mar-2026 15:39:36 UTC] Domain API - action=suggest, clerk_user_id=user_3AhnQJV5XslRK9dMtMXyCieGbiA
[13-Mar-2026 15:39:36 UTC] Domain API - action=suggest, clerk_user_id=user_3AhnQJV5XslRK9dMtMXyCieGbiA
[13-Mar-2026 15:39:37 UTC] Domain API - action=suggest, clerk_user_id=user_3AhnQJV5XslRK9dMtMXyCieGbiA
[13-Mar-2026 15:39:38 UTC] Domain API - action=suggest, clerk_user_id=user_3AhnQJV5XslRK9dMtMXyCieGbiA
[13-Mar-2026 15:39:39 UTC] Domain API - action=suggest, clerk_user_id=user_3AhnQJV5XslRK9dMtMXyCieGbiA
[13-Mar-2026 15:39:39 UTC] Domain API - action=suggest, clerk_user_id=user_3AhnQJV5XslRK9dMtMXyCieGbiA
[13-Mar-2026 15:39:40 UTC] Domain API - action=suggest, clerk_user_id=user_3AhnQJV5XslRK9dMtMXyCieGbiA
[13-Mar-2026 15:39:41 UTC] Domain API - action=suggest, clerk_user_id=user_3AhnQJV5XslRK9dMtMXyCieGbiA
[13-Mar-2026 15:39:42 UTC] Domain API - action=suggest, clerk_user_id=user_3AhnQJV5XslRK9dMtMXyCieGbiA
[13-Mar-2026 15:39:42 UTC] Domain API - action=suggest, clerk_user_id=user_3AhnQJV5XslRK9dMtMXyCieGbiA
[13-Mar-2026 15:39:43 UTC] Domain API - action=suggest, clerk_user_id=user_3AhnQJV5XslRK9dMtMXyCieGbiA
[13-Mar-2026 15:39:44 UTC] Domain API - action=suggest, clerk_user_id=user_3AhnQJV5XslRK9dMtMXyCieGbiA
[13-Mar-2026 15:39:45 UTC] Domain API - action=suggest, clerk_user_id=user_3AhnQJV5XslRK9dMtMXyCieGbiA
[13-Mar-2026 15:39:45 UTC] Domain API - action=suggest, clerk_user_id=user_3AhnQJV5XslRK9dMtMXyCieGbiA
[13-Mar-2026 15:39:46 UTC] Domain API - action=suggest, clerk_user_id=user_3AhnQJV5XslRK9dMtMXyCieGbiA
[13-Mar-2026 15:39:47 UTC] Domain API - action=suggest, clerk_user_id=user_3AhnQJV5XslRK9dMtMXyCieGbiA
[13-Mar-2026 15:39:48 UTC] Domain API - action=suggest, clerk_user_id=user_3AhnQJV5XslRK9dMtMXyCieGbiA
[13-Mar-2026 15:39:48 UTC] Domain API - action=suggest, clerk_user_id=user_3AhnQJV5XslRK9dMtMXyCieGbiA
[13-Mar-2026 15:39:49 UTC] Domain API - action=suggest, clerk_user_id=user_3AhnQJV5XslRK9dMtMXyCieGbiA
[13-Mar-2026 15:39:50 UTC] Domain API - action=suggest, clerk_user_id=user_3AhnQJV5XslRK9dMtMXyCieGbiA
[13-Mar-2026 15:39:50 UTC] Domain API - action=suggest, clerk_user_id=user_3AhnQJV5XslRK9dMtMXyCieGbiA
[13-Mar-2026 15:39:51 UTC] Domain API - action=suggest, clerk_user_id=user_3AhnQJV5XslRK9dMtMXyCieGbiA
[13-Mar-2026 15:39:52 UTC] Domain API - action=suggest, clerk_user_id=user_3AhnQJV5XslRK9dMtMXyCieGbiA
[13-Mar-2026 15:39:53 UTC] Domain API - action=suggest, clerk_user_id=user_3AhnQJV5XslRK9dMtMXyCieGbiA
[13-Mar-2026 15:39:54 UTC] Domain API - action=suggest, clerk_user_id=user_3AhnQJV5XslRK9dMtMXyCieGbiA
[13-Mar-2026 15:39:55 UTC] Domain API - action=suggest, clerk_user_id=user_3AhnQJV5XslRK9dMtMXyCieGbiA
[13-Mar-2026 15:39:55 UTC] Domain API - action=suggest, clerk_user_id=user_3AhnQJV5XslRK9dMtMXyCieGbiA
[13-Mar-2026 15:39:56 UTC] Domain API - action=suggest, clerk_user_id=user_3AhnQJV5XslRK9dMtMXyCieGbiA
[13-Mar-2026 15:39:57 UTC] Domain API - action=suggest, clerk_user_id=user_3AhnQJV5XslRK9dMtMXyCieGbiA
[13-Mar-2026 15:39:57 UTC] Domain API - action=suggest, clerk_user_id=user_3AhnQJV5XslRK9dMtMXyCieGbiA
[13-Mar-2026 15:39:58 UTC] Domain API - action=suggest, clerk_user_id=user_3AhnQJV5XslRK9dMtMXyCieGbiA
[13-Mar-2026 15:39:59 UTC] Domain API - action=suggest, clerk_user_id=user_3AhnQJV5XslRK9dMtMXyCieGbiA
[13-Mar-2026 15:40:00 UTC] Domain API - action=suggest, clerk_user_id=user_3AhnQJV5XslRK9dMtMXyCieGbiA
[13-Mar-2026 15:40:01 UTC] Successfully loaded .env from: C:\Users\Pablo\Documents\GitHub\nine-screen-canvas-flow/.env
[13-Mar-2026 15:40:01 UTC] syncClerkSession - Refreshing paid status for: ptrigol@gmail.com
[13-Mar-2026 15:40:01 UTC] Purchases database connection failed: SQLSTATE[HY000] [1045] Access denied for user 'alvarotrigo_alvarotrigo'@'79.117.116.182' (using password: YES)
[13-Mar-2026 15:40:01 UTC] Attempted connection to: host=nocn.noc-n.com, dbname=alvarotrigo_alvarotrigo, user=alvarotrigo_alvarotrigo
[13-Mar-2026 15:40:01 UTC] Error checking user paid status: Purchases database connection failed: SQLSTATE[HY000] [1045] Access denied for user 'alvarotrigo_alvarotrigo'@'79.117.116.182' (using password: YES)
[13-Mar-2026 15:40:01 UTC] MySQL select query: SELECT * FROM `users` WHERE `email` = :where_email_0 AND `pro_status_source` = :where_pro_status_source_1
[13-Mar-2026 15:40:01 UTC] MySQL select params: {"where_email_0":"ptrigol@gmail.com","where_pro_status_source_1":"polar"}
[13-Mar-2026 15:40:01 UTC] MySQL select returned 0 rows
[13-Mar-2026 15:40:01 UTC] MySQL select query: SELECT * FROM `subscriptions` WHERE `customer_email` = :where_customer_email_0 AND `status` = :where_status_1
[13-Mar-2026 15:40:01 UTC] MySQL select params: {"where_customer_email_0":"ptrigol@gmail.com","where_status_1":"active"}
[13-Mar-2026 15:40:01 UTC] MySQL select returned 0 rows
[13-Mar-2026 15:40:01 UTC] syncClerkSession - Paid status refreshed: is_paid=false
[13-Mar-2026 15:40:01 UTC] MySQL select query: SELECT `id` FROM `users` WHERE `clerk_user_id` = :where_clerk_user_id_0
[13-Mar-2026 15:40:01 UTC] MySQL select params: {"where_clerk_user_id_0":"user_3AhnQJV5XslRK9dMtMXyCieGbiA"}
[13-Mar-2026 15:40:01 UTC] MySQL select returned 1 rows
[13-Mar-2026 15:40:01 UTC] MySQL select query: SELECT * FROM `user_pages` WHERE `id` = :where_id_0 AND `user_id` = :where_user_id_1
[13-Mar-2026 15:40:01 UTC] MySQL select params: {"where_id_0":"6599637d-1ec0-11f1-8378-d85ed359730c","where_user_id_1":2}
[13-Mar-2026 15:40:01 UTC] MySQL select returned 1 rows
[13-Mar-2026 15:40:01 UTC] Domain API - action=suggest, clerk_user_id=user_3AhnQJV5XslRK9dMtMXyCieGbiA
[13-Mar-2026 15:40:02 UTC] Domain API - action=suggest, clerk_user_id=user_3AhnQJV5XslRK9dMtMXyCieGbiA
[13-Mar-2026 15:40:03 UTC] Domain API - action=suggest, clerk_user_id=user_3AhnQJV5XslRK9dMtMXyCieGbiA
[13-Mar-2026 15:40:04 UTC] Domain API - action=suggest, clerk_user_id=user_3AhnQJV5XslRK9dMtMXyCieGbiA
[13-Mar-2026 15:40:04 UTC] Domain API - action=suggest, clerk_user_id=user_3AhnQJV5XslRK9dMtMXyCieGbiA
[13-Mar-2026 15:40:05 UTC] Pages API - Incoming request - Method: GET, Payload size: 0 bytes (0 KB)
[13-Mar-2026 15:40:05 UTC] Pages API - Method: GET
[13-Mar-2026 15:40:05 UTC] Pages API - clerk_user_id from request: null
[13-Mar-2026 15:40:05 UTC] Pages API - clerk_user_id from session: user_3AhnQJV5XslRK9dMtMXyCieGbiA
[13-Mar-2026 15:40:05 UTC] Pages API - Using clerk_user_id: user_3AhnQJV5XslRK9dMtMXyCieGbiA
[13-Mar-2026 15:40:05 UTC] Pages API - Using clerk_user_id: user_3AhnQJV5XslRK9dMtMXyCieGbiA
[13-Mar-2026 15:40:05 UTC] MySQL select query: SELECT `id` FROM `users` WHERE `clerk_user_id` = :where_clerk_user_id_0
[13-Mar-2026 15:40:05 UTC] MySQL select params: {"where_clerk_user_id_0":"user_3AhnQJV5XslRK9dMtMXyCieGbiA"}
[13-Mar-2026 15:40:05 UTC] MySQL select returned 1 rows
[13-Mar-2026 15:40:05 UTC] getUserIdFromClerkId - Query result: [{"id":2}]
[13-Mar-2026 15:40:05 UTC] Pages API - User ID from database: 2
[13-Mar-2026 15:40:05 UTC] Pages API - Success! User ID: 2
[13-Mar-2026 15:40:05 UTC] MySQL select query: SELECT `id`, `title`, `thumbnail_url`, `is_favorite`, `is_public`, `share_token`, `share_slug`, `last_accessed`, `created_at`, `updated_at` FROM `user_pages` WHERE `user_id` = :where_user_id_0 ORDER BY COALESCE(`last_accessed`, '1970-01-01 00:00:00') DESC
[13-Mar-2026 15:40:05 UTC] MySQL select params: {"where_user_id_0":2}
[13-Mar-2026 15:40:05 UTC] MySQL select returned 4 rows
[13-Mar-2026 15:40:05 UTC] Domain API - action=suggest, clerk_user_id=user_3AhnQJV5XslRK9dMtMXyCieGbiA
[13-Mar-2026 15:40:07 UTC] Domain API - action=lookup, clerk_user_id=user_3AhnQJV5XslRK9dMtMXyCieGbiA
[13-Mar-2026 15:40:14 UTC] Domain API - action=lookup, clerk_user_id=user_3AhnQJV5XslRK9dMtMXyCieGbiA
[13-Mar-2026 15:40:15 UTC] Domain API - action=suggest, clerk_user_id=user_3AhnQJV5XslRK9dMtMXyCieGbiA
[13-Mar-2026 15:40:40 UTC] Domain API - action=lookup, clerk_user_id=user_3AhnQJV5XslRK9dMtMXyCieGbiA
[13-Mar-2026 15:40:41 UTC] Domain API - action=suggest, clerk_user_id=user_3AhnQJV5XslRK9dMtMXyCieGbiA
[13-Mar-2026 15:40:45 UTC] Domain API - action=lookup, clerk_user_id=user_3AhnQJV5XslRK9dMtMXyCieGbiA
[13-Mar-2026 15:40:46 UTC] Domain API - action=suggest, clerk_user_id=user_3AhnQJV5XslRK9dMtMXyCieGbiA
[13-Mar-2026 15:40:49 UTC] Domain API - action=lookup, clerk_user_id=user_3AhnQJV5XslRK9dMtMXyCieGbiA
[13-Mar-2026 15:40:55 UTC] Domain API - action=lookup, clerk_user_id=user_3AhnQJV5XslRK9dMtMXyCieGbiA
[13-Mar-2026 15:41:40 UTC] Domain API - action=lookup, clerk_user_id=user_3AhnQJV5XslRK9dMtMXyCieGbiA
[13-Mar-2026 15:41:45 UTC] Domain API - action=lookup, clerk_user_id=user_3AhnQJV5XslRK9dMtMXyCieGbiA
[13-Mar-2026 15:41:50 UTC] Domain API - action=lookup, clerk_user_id=user_3AhnQJV5XslRK9dMtMXyCieGbiA
[13-Mar-2026 15:41:51 UTC] Domain API - action=suggest, clerk_user_id=user_3AhnQJV5XslRK9dMtMXyCieGbiA
[13-Mar-2026 15:41:54 UTC] Domain API - action=lookup, clerk_user_id=user_3AhnQJV5XslRK9dMtMXyCieGbiA
[13-Mar-2026 15:41:58 UTC] Domain API - action=lookup, clerk_user_id=user_3AhnQJV5XslRK9dMtMXyCieGbiA
[13-Mar-2026 15:45:21 UTC] Domain API - action=lookup, clerk_user_id=user_3AhnQJV5XslRK9dMtMXyCieGbiA
[13-Mar-2026 15:45:24 UTC] Domain API - action=lookup, clerk_user_id=user_3AhnQJV5XslRK9dMtMXyCieGbiA
[13-Mar-2026 15:45:26 UTC] Domain API - action=lookup, clerk_user_id=user_3AhnQJV5XslRK9dMtMXyCieGbiA
[13-Mar-2026 15:45:29 UTC] Domain API - action=lookup, clerk_user_id=user_3AhnQJV5XslRK9dMtMXyCieGbiA
[13-Mar-2026 15:45:44 UTC] Domain API - action=lookup, clerk_user_id=user_3AhnQJV5XslRK9dMtMXyCieGbiA
[13-Mar-2026 15:45:58 UTC] Domain API - action=lookup, clerk_user_id=user_3AhnQJV5XslRK9dMtMXyCieGbiA
[13-Mar-2026 15:48:31 UTC] Successfully loaded .env from: C:\Users\Pablo\Documents\GitHub\nine-screen-canvas-flow/.env
[13-Mar-2026 15:48:31 UTC] syncClerkSession - Refreshing paid status for: ptrigol@gmail.com
[13-Mar-2026 15:48:31 UTC] Purchases database connection failed: SQLSTATE[HY000] [1045] Access denied for user 'alvarotrigo_alvarotrigo'@'79.117.116.182' (using password: YES)
[13-Mar-2026 15:48:31 UTC] Attempted connection to: host=nocn.noc-n.com, dbname=alvarotrigo_alvarotrigo, user=alvarotrigo_alvarotrigo
[13-Mar-2026 15:48:31 UTC] Error checking user paid status: Purchases database connection failed: SQLSTATE[HY000] [1045] Access denied for user 'alvarotrigo_alvarotrigo'@'79.117.116.182' (using password: YES)
[13-Mar-2026 15:48:31 UTC] MySQL select query: SELECT * FROM `users` WHERE `email` = :where_email_0 AND `pro_status_source` = :where_pro_status_source_1
[13-Mar-2026 15:48:31 UTC] MySQL select params: {"where_email_0":"ptrigol@gmail.com","where_pro_status_source_1":"polar"}
[13-Mar-2026 15:48:31 UTC] MySQL select returned 0 rows
[13-Mar-2026 15:48:31 UTC] MySQL select query: SELECT * FROM `subscriptions` WHERE `customer_email` = :where_customer_email_0 AND `status` = :where_status_1
[13-Mar-2026 15:48:31 UTC] MySQL select params: {"where_customer_email_0":"ptrigol@gmail.com","where_status_1":"active"}
[13-Mar-2026 15:48:31 UTC] MySQL select returned 0 rows
[13-Mar-2026 15:48:31 UTC] syncClerkSession - Paid status refreshed: is_paid=false
[13-Mar-2026 15:48:31 UTC] MySQL select query: SELECT `id` FROM `users` WHERE `clerk_user_id` = :where_clerk_user_id_0
[13-Mar-2026 15:48:31 UTC] MySQL select params: {"where_clerk_user_id_0":"user_3AhnQJV5XslRK9dMtMXyCieGbiA"}
[13-Mar-2026 15:48:31 UTC] MySQL select returned 1 rows
[13-Mar-2026 15:48:31 UTC] MySQL select query: SELECT * FROM `user_pages` WHERE `id` = :where_id_0 AND `user_id` = :where_user_id_1
[13-Mar-2026 15:48:31 UTC] MySQL select params: {"where_id_0":"6599637d-1ec0-11f1-8378-d85ed359730c","where_user_id_1":2}
[13-Mar-2026 15:48:31 UTC] MySQL select returned 1 rows
[13-Mar-2026 15:48:32 UTC] Domain API - action=suggest, clerk_user_id=user_3AhnQJV5XslRK9dMtMXyCieGbiA
[13-Mar-2026 15:48:33 UTC] Pages API - Incoming request - Method: GET, Payload size: 0 bytes (0 KB)
[13-Mar-2026 15:48:33 UTC] Pages API - Method: GET
[13-Mar-2026 15:48:33 UTC] Pages API - clerk_user_id from request: null
[13-Mar-2026 15:48:33 UTC] Pages API - clerk_user_id from session: user_3AhnQJV5XslRK9dMtMXyCieGbiA
[13-Mar-2026 15:48:33 UTC] Pages API - Using clerk_user_id: user_3AhnQJV5XslRK9dMtMXyCieGbiA
[13-Mar-2026 15:48:33 UTC] Pages API - Using clerk_user_id: user_3AhnQJV5XslRK9dMtMXyCieGbiA
[13-Mar-2026 15:48:33 UTC] MySQL select query: SELECT `id` FROM `users` WHERE `clerk_user_id` = :where_clerk_user_id_0
[13-Mar-2026 15:48:33 UTC] MySQL select params: {"where_clerk_user_id_0":"user_3AhnQJV5XslRK9dMtMXyCieGbiA"}
[13-Mar-2026 15:48:33 UTC] MySQL select returned 1 rows
[13-Mar-2026 15:48:33 UTC] getUserIdFromClerkId - Query result: [{"id":2}]
[13-Mar-2026 15:48:33 UTC] Pages API - User ID from database: 2
[13-Mar-2026 15:48:33 UTC] Pages API - Success! User ID: 2
[13-Mar-2026 15:48:33 UTC] MySQL select query: SELECT `id`, `title`, `thumbnail_url`, `is_favorite`, `is_public`, `share_token`, `share_slug`, `last_accessed`, `created_at`, `updated_at` FROM `user_pages` WHERE `user_id` = :where_user_id_0 ORDER BY COALESCE(`last_accessed`, '1970-01-01 00:00:00') DESC
[13-Mar-2026 15:48:33 UTC] MySQL select params: {"where_user_id_0":2}
[13-Mar-2026 15:48:33 UTC] MySQL select returned 4 rows
[13-Mar-2026 15:48:34 UTC] Domain API - action=lookup, clerk_user_id=user_3AhnQJV5XslRK9dMtMXyCieGbiA
[13-Mar-2026 15:48:38 UTC] Domain API - action=lookup, clerk_user_id=user_3AhnQJV5XslRK9dMtMXyCieGbiA
[13-Mar-2026 15:48:38 UTC] Domain API - action=suggest, clerk_user_id=user_3AhnQJV5XslRK9dMtMXyCieGbiA
[13-Mar-2026 15:49:00 UTC] Domain API - action=suggest, clerk_user_id=user_3AhnQJV5XslRK9dMtMXyCieGbiA
[13-Mar-2026 15:49:02 UTC] Domain API - action=lookup, clerk_user_id=user_3AhnQJV5XslRK9dMtMXyCieGbiA
[13-Mar-2026 15:49:05 UTC] Domain API - action=lookup, clerk_user_id=user_3AhnQJV5XslRK9dMtMXyCieGbiA
[13-Mar-2026 15:49:06 UTC] Domain API - action=suggest, clerk_user_id=user_3AhnQJV5XslRK9dMtMXyCieGbiA
[13-Mar-2026 15:51:46 UTC] Domain API - action=lookup, clerk_user_id=user_3AhnQJV5XslRK9dMtMXyCieGbiA
[13-Mar-2026 15:51:47 UTC] Domain API - action=suggest, clerk_user_id=user_3AhnQJV5XslRK9dMtMXyCieGbiA
[13-Mar-2026 15:51:53 UTC] Domain API - action=lookup, clerk_user_id=user_3AhnQJV5XslRK9dMtMXyCieGbiA
[13-Mar-2026 15:51:54 UTC] Domain API - action=suggest, clerk_user_id=user_3AhnQJV5XslRK9dMtMXyCieGbiA
[13-Mar-2026 15:52:05 UTC] Successfully loaded .env from: C:\Users\Pablo\Documents\GitHub\nine-screen-canvas-flow/.env
[13-Mar-2026 15:52:05 UTC] MySQL select query: SELECT `id` FROM `users` WHERE `clerk_user_id` = :where_clerk_user_id_0
[13-Mar-2026 15:52:05 UTC] MySQL select params: {"where_clerk_user_id_0":"user_3AhnQJV5XslRK9dMtMXyCieGbiA"}
[13-Mar-2026 15:52:05 UTC] MySQL select returned 1 rows
[13-Mar-2026 15:52:05 UTC] MySQL select query: SELECT * FROM `user_pages` WHERE `id` = :where_id_0 AND `user_id` = :where_user_id_1
[13-Mar-2026 15:52:05 UTC] MySQL select params: {"where_id_0":"6599637d-1ec0-11f1-8378-d85ed359730c","where_user_id_1":2}
[13-Mar-2026 15:52:05 UTC] MySQL select returned 1 rows
[13-Mar-2026 15:52:05 UTC] Domain API - action=suggest, clerk_user_id=user_3AhnQJV5XslRK9dMtMXyCieGbiA
[13-Mar-2026 15:52:06 UTC] Pages API - Incoming request - Method: GET, Payload size: 0 bytes (0 KB)
[13-Mar-2026 15:52:06 UTC] Pages API - Method: GET
[13-Mar-2026 15:52:06 UTC] Pages API - clerk_user_id from request: null
[13-Mar-2026 15:52:06 UTC] Pages API - clerk_user_id from session: user_3AhnQJV5XslRK9dMtMXyCieGbiA
[13-Mar-2026 15:52:06 UTC] Pages API - Using clerk_user_id: user_3AhnQJV5XslRK9dMtMXyCieGbiA
[13-Mar-2026 15:52:06 UTC] Pages API - Using clerk_user_id: user_3AhnQJV5XslRK9dMtMXyCieGbiA
[13-Mar-2026 15:52:06 UTC] MySQL select query: SELECT `id` FROM `users` WHERE `clerk_user_id` = :where_clerk_user_id_0
[13-Mar-2026 15:52:06 UTC] MySQL select params: {"where_clerk_user_id_0":"user_3AhnQJV5XslRK9dMtMXyCieGbiA"}
[13-Mar-2026 15:52:06 UTC] MySQL select returned 1 rows
[13-Mar-2026 15:52:06 UTC] getUserIdFromClerkId - Query result: [{"id":2}]
[13-Mar-2026 15:52:06 UTC] Pages API - User ID from database: 2
[13-Mar-2026 15:52:06 UTC] Pages API - Success! User ID: 2
[13-Mar-2026 15:52:06 UTC] MySQL select query: SELECT `id`, `title`, `thumbnail_url`, `is_favorite`, `is_public`, `share_token`, `share_slug`, `last_accessed`, `created_at`, `updated_at` FROM `user_pages` WHERE `user_id` = :where_user_id_0 ORDER BY COALESCE(`last_accessed`, '1970-01-01 00:00:00') DESC
[13-Mar-2026 15:52:06 UTC] MySQL select params: {"where_user_id_0":2}
[13-Mar-2026 15:52:06 UTC] MySQL select returned 4 rows
[13-Mar-2026 15:52:09 UTC] Domain API - action=lookup, clerk_user_id=user_3AhnQJV5XslRK9dMtMXyCieGbiA
[13-Mar-2026 15:52:22 UTC] Successfully loaded .env from: C:\Users\Pablo\Documents\GitHub\nine-screen-canvas-flow/.env
[13-Mar-2026 15:52:22 UTC] MySQL select query: SELECT `id` FROM `users` WHERE `clerk_user_id` = :where_clerk_user_id_0
[13-Mar-2026 15:52:22 UTC] MySQL select params: {"where_clerk_user_id_0":"user_3AhnQJV5XslRK9dMtMXyCieGbiA"}
[13-Mar-2026 15:52:22 UTC] MySQL select returned 1 rows
[13-Mar-2026 15:52:22 UTC] MySQL select query: SELECT * FROM `user_pages` WHERE `id` = :where_id_0 AND `user_id` = :where_user_id_1
[13-Mar-2026 15:52:22 UTC] MySQL select params: {"where_id_0":"6599637d-1ec0-11f1-8378-d85ed359730c","where_user_id_1":2}
[13-Mar-2026 15:52:22 UTC] MySQL select returned 1 rows
[13-Mar-2026 15:52:24 UTC] Pages API - Incoming request - Method: GET, Payload size: 0 bytes (0 KB)
[13-Mar-2026 15:52:24 UTC] Pages API - Method: GET
[13-Mar-2026 15:52:24 UTC] Pages API - clerk_user_id from request: null
[13-Mar-2026 15:52:24 UTC] Pages API - clerk_user_id from session: user_3AhnQJV5XslRK9dMtMXyCieGbiA
[13-Mar-2026 15:52:24 UTC] Pages API - Using clerk_user_id: user_3AhnQJV5XslRK9dMtMXyCieGbiA
[13-Mar-2026 15:52:24 UTC] Pages API - Using clerk_user_id: user_3AhnQJV5XslRK9dMtMXyCieGbiA
[13-Mar-2026 15:52:24 UTC] MySQL select query: SELECT `id` FROM `users` WHERE `clerk_user_id` = :where_clerk_user_id_0
[13-Mar-2026 15:52:24 UTC] MySQL select params: {"where_clerk_user_id_0":"user_3AhnQJV5XslRK9dMtMXyCieGbiA"}
[13-Mar-2026 15:52:24 UTC] MySQL select returned 1 rows
[13-Mar-2026 15:52:24 UTC] getUserIdFromClerkId - Query result: [{"id":2}]
[13-Mar-2026 15:52:24 UTC] Pages API - User ID from database: 2
[13-Mar-2026 15:52:24 UTC] Pages API - Success! User ID: 2
[13-Mar-2026 15:52:24 UTC] MySQL select query: SELECT `id`, `title`, `thumbnail_url`, `is_favorite`, `is_public`, `share_token`, `share_slug`, `last_accessed`, `created_at`, `updated_at` FROM `user_pages` WHERE `user_id` = :where_user_id_0 ORDER BY COALESCE(`last_accessed`, '1970-01-01 00:00:00') DESC
[13-Mar-2026 15:52:24 UTC] MySQL select params: {"where_user_id_0":2}
[13-Mar-2026 15:52:24 UTC] MySQL select returned 4 rows
[13-Mar-2026 15:52:26 UTC] Pages API - Incoming request - Method: GET, Payload size: 0 bytes (0 KB)
[13-Mar-2026 15:52:26 UTC] Pages API - Method: GET
[13-Mar-2026 15:52:26 UTC] Pages API - clerk_user_id from request: null
[13-Mar-2026 15:52:26 UTC] Pages API - clerk_user_id from session: user_3AhnQJV5XslRK9dMtMXyCieGbiA
[13-Mar-2026 15:52:26 UTC] Pages API - Using clerk_user_id: user_3AhnQJV5XslRK9dMtMXyCieGbiA
[13-Mar-2026 15:52:26 UTC] Pages API - Using clerk_user_id: user_3AhnQJV5XslRK9dMtMXyCieGbiA
[13-Mar-2026 15:52:26 UTC] MySQL select query: SELECT `id` FROM `users` WHERE `clerk_user_id` = :where_clerk_user_id_0
[13-Mar-2026 15:52:26 UTC] MySQL select params: {"where_clerk_user_id_0":"user_3AhnQJV5XslRK9dMtMXyCieGbiA"}
[13-Mar-2026 15:52:26 UTC] MySQL select returned 1 rows
[13-Mar-2026 15:52:26 UTC] getUserIdFromClerkId - Query result: [{"id":2}]
[13-Mar-2026 15:52:26 UTC] Pages API - User ID from database: 2
[13-Mar-2026 15:52:26 UTC] Pages API - Success! User ID: 2
[13-Mar-2026 15:52:26 UTC] MySQL select query: SELECT `id`, `title`, `thumbnail_url`, `is_favorite`, `is_public`, `share_token`, `share_slug`, `last_accessed`, `created_at`, `updated_at` FROM `user_pages` WHERE `user_id` = :where_user_id_0 ORDER BY COALESCE(`last_accessed`, '1970-01-01 00:00:00') DESC
[13-Mar-2026 15:52:26 UTC] MySQL select params: {"where_user_id_0":2}
[13-Mar-2026 15:52:26 UTC] MySQL select returned 4 rows
[13-Mar-2026 15:52:30 UTC] Successfully loaded .env from: C:\Users\Pablo\Documents\GitHub\nine-screen-canvas-flow/.env
[13-Mar-2026 15:52:30 UTC] MySQL select query: SELECT `id` FROM `users` WHERE `clerk_user_id` = :where_clerk_user_id_0
[13-Mar-2026 15:52:30 UTC] MySQL select params: {"where_clerk_user_id_0":"user_3AhnQJV5XslRK9dMtMXyCieGbiA"}
[13-Mar-2026 15:52:30 UTC] MySQL select returned 1 rows
[13-Mar-2026 15:52:30 UTC] MySQL select query: SELECT * FROM `user_pages` WHERE `id` = :where_id_0 AND `user_id` = :where_user_id_1
[13-Mar-2026 15:52:30 UTC] MySQL select params: {"where_id_0":"dde44853-1c76-11f1-929a-d85ed359730c","where_user_id_1":2}
[13-Mar-2026 15:52:30 UTC] MySQL select returned 1 rows
[13-Mar-2026 15:52:31 UTC] Pages API - Incoming request - Method: GET, Payload size: 0 bytes (0 KB)
[13-Mar-2026 15:52:31 UTC] Pages API - Method: GET
[13-Mar-2026 15:52:31 UTC] Pages API - clerk_user_id from request: null
[13-Mar-2026 15:52:31 UTC] Pages API - clerk_user_id from session: user_3AhnQJV5XslRK9dMtMXyCieGbiA
[13-Mar-2026 15:52:31 UTC] Pages API - Using clerk_user_id: user_3AhnQJV5XslRK9dMtMXyCieGbiA
[13-Mar-2026 15:52:31 UTC] Pages API - Using clerk_user_id: user_3AhnQJV5XslRK9dMtMXyCieGbiA
[13-Mar-2026 15:52:31 UTC] MySQL select query: SELECT `id` FROM `users` WHERE `clerk_user_id` = :where_clerk_user_id_0
[13-Mar-2026 15:52:31 UTC] MySQL select params: {"where_clerk_user_id_0":"user_3AhnQJV5XslRK9dMtMXyCieGbiA"}
[13-Mar-2026 15:52:31 UTC] MySQL select returned 1 rows
[13-Mar-2026 15:52:31 UTC] getUserIdFromClerkId - Query result: [{"id":2}]
[13-Mar-2026 15:52:31 UTC] Pages API - User ID from database: 2
[13-Mar-2026 15:52:31 UTC] Pages API - Success! User ID: 2
[13-Mar-2026 15:52:31 UTC] MySQL select query: SELECT `id`, `title`, `thumbnail_url`, `is_favorite`, `is_public`, `share_token`, `share_slug`, `last_accessed`, `created_at`, `updated_at` FROM `user_pages` WHERE `user_id` = :where_user_id_0 ORDER BY COALESCE(`last_accessed`, '1970-01-01 00:00:00') DESC
[13-Mar-2026 15:52:31 UTC] MySQL select params: {"where_user_id_0":2}
[13-Mar-2026 15:52:31 UTC] MySQL select returned 4 rows
[13-Mar-2026 15:52:36 UTC] Pages API - Incoming request - Method: GET, Payload size: 0 bytes (0 KB)
[13-Mar-2026 15:52:36 UTC] Pages API - Method: GET
[13-Mar-2026 15:52:36 UTC] Pages API - clerk_user_id from request: null
[13-Mar-2026 15:52:36 UTC] Pages API - clerk_user_id from session: user_3AhnQJV5XslRK9dMtMXyCieGbiA
[13-Mar-2026 15:52:36 UTC] Pages API - Using clerk_user_id: user_3AhnQJV5XslRK9dMtMXyCieGbiA
[13-Mar-2026 15:52:36 UTC] Pages API - Using clerk_user_id: user_3AhnQJV5XslRK9dMtMXyCieGbiA
[13-Mar-2026 15:52:36 UTC] MySQL select query: SELECT `id` FROM `users` WHERE `clerk_user_id` = :where_clerk_user_id_0
[13-Mar-2026 15:52:36 UTC] MySQL select params: {"where_clerk_user_id_0":"user_3AhnQJV5XslRK9dMtMXyCieGbiA"}
[13-Mar-2026 15:52:36 UTC] MySQL select returned 1 rows
[13-Mar-2026 15:52:36 UTC] getUserIdFromClerkId - Query result: [{"id":2}]
[13-Mar-2026 15:52:36 UTC] Pages API - User ID from database: 2
[13-Mar-2026 15:52:36 UTC] Pages API - Success! User ID: 2
[13-Mar-2026 15:52:36 UTC] MySQL select query: SELECT `id`, `title`, `thumbnail_url`, `is_favorite`, `is_public`, `share_token`, `share_slug`, `last_accessed`, `created_at`, `updated_at` FROM `user_pages` WHERE `user_id` = :where_user_id_0 ORDER BY COALESCE(`last_accessed`, '1970-01-01 00:00:00') DESC
[13-Mar-2026 15:52:36 UTC] MySQL select params: {"where_user_id_0":2}
[13-Mar-2026 15:52:36 UTC] MySQL select returned 4 rows
[13-Mar-2026 15:52:37 UTC] Successfully loaded .env from: C:\Users\Pablo\Documents\GitHub\nine-screen-canvas-flow/.env
[13-Mar-2026 15:52:37 UTC] MySQL select query: SELECT `id` FROM `users` WHERE `clerk_user_id` = :where_clerk_user_id_0
[13-Mar-2026 15:52:37 UTC] MySQL select params: {"where_clerk_user_id_0":"user_3AhnQJV5XslRK9dMtMXyCieGbiA"}
[13-Mar-2026 15:52:37 UTC] MySQL select returned 1 rows
[13-Mar-2026 15:52:37 UTC] MySQL select query: SELECT * FROM `user_pages` WHERE `id` = :where_id_0 AND `user_id` = :where_user_id_1
[13-Mar-2026 15:52:37 UTC] MySQL select params: {"where_id_0":"c4c8e683-1d74-11f1-9e02-d85ed359730c","where_user_id_1":2}
[13-Mar-2026 15:52:37 UTC] MySQL select returned 1 rows
[13-Mar-2026 15:52:38 UTC] Pages API - Incoming request - Method: GET, Payload size: 0 bytes (0 KB)
[13-Mar-2026 15:52:38 UTC] Pages API - Method: GET
[13-Mar-2026 15:52:38 UTC] Pages API - clerk_user_id from request: null
[13-Mar-2026 15:52:38 UTC] Pages API - clerk_user_id from session: user_3AhnQJV5XslRK9dMtMXyCieGbiA
[13-Mar-2026 15:52:38 UTC] Pages API - Using clerk_user_id: user_3AhnQJV5XslRK9dMtMXyCieGbiA
[13-Mar-2026 15:52:38 UTC] Pages API - Using clerk_user_id: user_3AhnQJV5XslRK9dMtMXyCieGbiA
[13-Mar-2026 15:52:38 UTC] MySQL select query: SELECT `id` FROM `users` WHERE `clerk_user_id` = :where_clerk_user_id_0
[13-Mar-2026 15:52:38 UTC] MySQL select params: {"where_clerk_user_id_0":"user_3AhnQJV5XslRK9dMtMXyCieGbiA"}
[13-Mar-2026 15:52:38 UTC] MySQL select returned 1 rows
[13-Mar-2026 15:52:38 UTC] getUserIdFromClerkId - Query result: [{"id":2}]
[13-Mar-2026 15:52:38 UTC] Pages API - User ID from database: 2
[13-Mar-2026 15:52:38 UTC] Pages API - Success! User ID: 2
[13-Mar-2026 15:52:38 UTC] MySQL select query: SELECT `id`, `title`, `thumbnail_url`, `is_favorite`, `is_public`, `share_token`, `share_slug`, `last_accessed`, `created_at`, `updated_at` FROM `user_pages` WHERE `user_id` = :where_user_id_0 ORDER BY COALESCE(`last_accessed`, '1970-01-01 00:00:00') DESC
[13-Mar-2026 15:52:38 UTC] MySQL select params: {"where_user_id_0":2}
[13-Mar-2026 15:52:38 UTC] MySQL select returned 4 rows
[13-Mar-2026 15:53:08 UTC] Successfully loaded .env from: C:\Users\Pablo\Documents\GitHub\nine-screen-canvas-flow/.env
[13-Mar-2026 15:53:08 UTC] MySQL select query: SELECT `id` FROM `users` WHERE `clerk_user_id` = :where_clerk_user_id_0
[13-Mar-2026 15:53:08 UTC] MySQL select params: {"where_clerk_user_id_0":"user_3AhnQJV5XslRK9dMtMXyCieGbiA"}
[13-Mar-2026 15:53:08 UTC] MySQL select returned 1 rows
[13-Mar-2026 15:53:08 UTC] MySQL select query: SELECT * FROM `user_pages` WHERE `id` = :where_id_0 AND `user_id` = :where_user_id_1
[13-Mar-2026 15:53:08 UTC] MySQL select params: {"where_id_0":"6599637d-1ec0-11f1-8378-d85ed359730c","where_user_id_1":2}
[13-Mar-2026 15:53:08 UTC] MySQL select returned 1 rows
[13-Mar-2026 15:53:08 UTC] Domain API - action=suggest, clerk_user_id=user_3AhnQJV5XslRK9dMtMXyCieGbiA
[13-Mar-2026 15:53:09 UTC] Pages API - Incoming request - Method: GET, Payload size: 0 bytes (0 KB)
[13-Mar-2026 15:53:09 UTC] Pages API - Method: GET
[13-Mar-2026 15:53:09 UTC] Pages API - clerk_user_id from request: null
[13-Mar-2026 15:53:09 UTC] Pages API - clerk_user_id from session: user_3AhnQJV5XslRK9dMtMXyCieGbiA
[13-Mar-2026 15:53:09 UTC] Pages API - Using clerk_user_id: user_3AhnQJV5XslRK9dMtMXyCieGbiA
[13-Mar-2026 15:53:09 UTC] Pages API - Using clerk_user_id: user_3AhnQJV5XslRK9dMtMXyCieGbiA
[13-Mar-2026 15:53:09 UTC] MySQL select query: SELECT `id` FROM `users` WHERE `clerk_user_id` = :where_clerk_user_id_0
[13-Mar-2026 15:53:09 UTC] MySQL select params: {"where_clerk_user_id_0":"user_3AhnQJV5XslRK9dMtMXyCieGbiA"}
[13-Mar-2026 15:53:09 UTC] MySQL select returned 1 rows
[13-Mar-2026 15:53:09 UTC] getUserIdFromClerkId - Query result: [{"id":2}]
[13-Mar-2026 15:53:09 UTC] Pages API - User ID from database: 2
[13-Mar-2026 15:53:09 UTC] Pages API - Success! User ID: 2
[13-Mar-2026 15:53:09 UTC] MySQL select query: SELECT `id`, `title`, `thumbnail_url`, `is_favorite`, `is_public`, `share_token`, `share_slug`, `last_accessed`, `created_at`, `updated_at` FROM `user_pages` WHERE `user_id` = :where_user_id_0 ORDER BY COALESCE(`last_accessed`, '1970-01-01 00:00:00') DESC
[13-Mar-2026 15:53:09 UTC] MySQL select params: {"where_user_id_0":2}
[13-Mar-2026 15:53:09 UTC] MySQL select returned 4 rows
[13-Mar-2026 15:53:10 UTC] Domain API - action=lookup, clerk_user_id=user_3AhnQJV5XslRK9dMtMXyCieGbiA
[13-Mar-2026 15:53:14 UTC] Domain API - action=lookup, clerk_user_id=user_3AhnQJV5XslRK9dMtMXyCieGbiA
[13-Mar-2026 15:53:15 UTC] Domain API - action=suggest, clerk_user_id=user_3AhnQJV5XslRK9dMtMXyCieGbiA
[13-Mar-2026 15:53:33 UTC] Domain API - action=lookup, clerk_user_id=user_3AhnQJV5XslRK9dMtMXyCieGbiA
[13-Mar-2026 15:55:22 UTC] Successfully loaded .env from: C:\Users\Pablo\Documents\GitHub\nine-screen-canvas-flow/.env
[13-Mar-2026 15:55:22 UTC] syncClerkSession - Refreshing paid status for: ptrigol@gmail.com
[13-Mar-2026 15:55:22 UTC] Purchases database connection failed: SQLSTATE[HY000] [1045] Access denied for user 'alvarotrigo_alvarotrigo'@'79.117.116.182' (using password: YES)
[13-Mar-2026 15:55:22 UTC] Attempted connection to: host=nocn.noc-n.com, dbname=alvarotrigo_alvarotrigo, user=alvarotrigo_alvarotrigo
[13-Mar-2026 15:55:22 UTC] Error checking user paid status: Purchases database connection failed: SQLSTATE[HY000] [1045] Access denied for user 'alvarotrigo_alvarotrigo'@'79.117.116.182' (using password: YES)
[13-Mar-2026 15:55:22 UTC] MySQL select query: SELECT * FROM `users` WHERE `email` = :where_email_0 AND `pro_status_source` = :where_pro_status_source_1
[13-Mar-2026 15:55:22 UTC] MySQL select params: {"where_email_0":"ptrigol@gmail.com","where_pro_status_source_1":"polar"}
[13-Mar-2026 15:55:22 UTC] MySQL select returned 0 rows
[13-Mar-2026 15:55:22 UTC] MySQL select query: SELECT * FROM `subscriptions` WHERE `customer_email` = :where_customer_email_0 AND `status` = :where_status_1
[13-Mar-2026 15:55:22 UTC] MySQL select params: {"where_customer_email_0":"ptrigol@gmail.com","where_status_1":"active"}
[13-Mar-2026 15:55:22 UTC] MySQL select returned 0 rows
[13-Mar-2026 15:55:22 UTC] syncClerkSession - Paid status refreshed: is_paid=false
[13-Mar-2026 15:55:22 UTC] MySQL select query: SELECT `id` FROM `users` WHERE `clerk_user_id` = :where_clerk_user_id_0
[13-Mar-2026 15:55:22 UTC] MySQL select params: {"where_clerk_user_id_0":"user_3AhnQJV5XslRK9dMtMXyCieGbiA"}
[13-Mar-2026 15:55:22 UTC] MySQL select returned 1 rows
[13-Mar-2026 15:55:22 UTC] MySQL select query: SELECT * FROM `user_pages` WHERE `id` = :where_id_0 AND `user_id` = :where_user_id_1
[13-Mar-2026 15:55:22 UTC] MySQL select params: {"where_id_0":"6599637d-1ec0-11f1-8378-d85ed359730c","where_user_id_1":2}
[13-Mar-2026 15:55:22 UTC] MySQL select returned 1 rows
[13-Mar-2026 15:55:23 UTC] Domain API - action=suggest, clerk_user_id=user_3AhnQJV5XslRK9dMtMXyCieGbiA
[13-Mar-2026 15:55:24 UTC] Pages API - Incoming request - Method: GET, Payload size: 0 bytes (0 KB)
[13-Mar-2026 15:55:24 UTC] Pages API - Method: GET
[13-Mar-2026 15:55:24 UTC] Pages API - clerk_user_id from request: null
[13-Mar-2026 15:55:24 UTC] Pages API - clerk_user_id from session: user_3AhnQJV5XslRK9dMtMXyCieGbiA
[13-Mar-2026 15:55:24 UTC] Pages API - Using clerk_user_id: user_3AhnQJV5XslRK9dMtMXyCieGbiA
[13-Mar-2026 15:55:24 UTC] Pages API - Using clerk_user_id: user_3AhnQJV5XslRK9dMtMXyCieGbiA
[13-Mar-2026 15:55:24 UTC] MySQL select query: SELECT `id` FROM `users` WHERE `clerk_user_id` = :where_clerk_user_id_0
[13-Mar-2026 15:55:24 UTC] MySQL select params: {"where_clerk_user_id_0":"user_3AhnQJV5XslRK9dMtMXyCieGbiA"}
[13-Mar-2026 15:55:24 UTC] MySQL select returned 1 rows
[13-Mar-2026 15:55:24 UTC] getUserIdFromClerkId - Query result: [{"id":2}]
[13-Mar-2026 15:55:24 UTC] Pages API - User ID from database: 2
[13-Mar-2026 15:55:24 UTC] Pages API - Success! User ID: 2
[13-Mar-2026 15:55:24 UTC] MySQL select query: SELECT `id`, `title`, `thumbnail_url`, `is_favorite`, `is_public`, `share_token`, `share_slug`, `last_accessed`, `created_at`, `updated_at` FROM `user_pages` WHERE `user_id` = :where_user_id_0 ORDER BY COALESCE(`last_accessed`, '1970-01-01 00:00:00') DESC
[13-Mar-2026 15:55:24 UTC] MySQL select params: {"where_user_id_0":2}
[13-Mar-2026 15:55:24 UTC] MySQL select returned 4 rows
[13-Mar-2026 15:55:26 UTC] Domain API - action=lookup, clerk_user_id=user_3AhnQJV5XslRK9dMtMXyCieGbiA
[13-Mar-2026 15:56:08 UTC] Successfully loaded .env from: C:\Users\Pablo\Documents\GitHub\nine-screen-canvas-flow/.env
[13-Mar-2026 15:56:08 UTC] MySQL select query: SELECT `id` FROM `users` WHERE `clerk_user_id` = :where_clerk_user_id_0
[13-Mar-2026 15:56:08 UTC] MySQL select params: {"where_clerk_user_id_0":"user_3AhnQJV5XslRK9dMtMXyCieGbiA"}
[13-Mar-2026 15:56:08 UTC] MySQL select returned 1 rows
[13-Mar-2026 15:56:08 UTC] MySQL select query: SELECT * FROM `user_pages` WHERE `id` = :where_id_0 AND `user_id` = :where_user_id_1
[13-Mar-2026 15:56:08 UTC] MySQL select params: {"where_id_0":"6599637d-1ec0-11f1-8378-d85ed359730c","where_user_id_1":2}
[13-Mar-2026 15:56:08 UTC] MySQL select returned 1 rows
[13-Mar-2026 15:56:09 UTC] Domain API - action=suggest, clerk_user_id=user_3AhnQJV5XslRK9dMtMXyCieGbiA
[13-Mar-2026 15:56:10 UTC] Pages API - Incoming request - Method: GET, Payload size: 0 bytes (0 KB)
[13-Mar-2026 15:56:10 UTC] Pages API - Method: GET
[13-Mar-2026 15:56:10 UTC] Pages API - clerk_user_id from request: null
[13-Mar-2026 15:56:10 UTC] Pages API - clerk_user_id from session: user_3AhnQJV5XslRK9dMtMXyCieGbiA
[13-Mar-2026 15:56:10 UTC] Pages API - Using clerk_user_id: user_3AhnQJV5XslRK9dMtMXyCieGbiA
[13-Mar-2026 15:56:10 UTC] Pages API - Using clerk_user_id: user_3AhnQJV5XslRK9dMtMXyCieGbiA
[13-Mar-2026 15:56:10 UTC] MySQL select query: SELECT `id` FROM `users` WHERE `clerk_user_id` = :where_clerk_user_id_0
[13-Mar-2026 15:56:10 UTC] MySQL select params: {"where_clerk_user_id_0":"user_3AhnQJV5XslRK9dMtMXyCieGbiA"}
[13-Mar-2026 15:56:10 UTC] MySQL select returned 1 rows
[13-Mar-2026 15:56:10 UTC] getUserIdFromClerkId - Query result: [{"id":2}]
[13-Mar-2026 15:56:10 UTC] Pages API - User ID from database: 2
[13-Mar-2026 15:56:10 UTC] Pages API - Success! User ID: 2
[13-Mar-2026 15:56:10 UTC] MySQL select query: SELECT `id`, `title`, `thumbnail_url`, `is_favorite`, `is_public`, `share_token`, `share_slug`, `last_accessed`, `created_at`, `updated_at` FROM `user_pages` WHERE `user_id` = :where_user_id_0 ORDER BY COALESCE(`last_accessed`, '1970-01-01 00:00:00') DESC
[13-Mar-2026 15:56:10 UTC] MySQL select params: {"where_user_id_0":2}
[13-Mar-2026 15:56:10 UTC] MySQL select returned 4 rows
[13-Mar-2026 15:56:11 UTC] Domain API - action=lookup, clerk_user_id=user_3AhnQJV5XslRK9dMtMXyCieGbiA
[13-Mar-2026 15:56:21 UTC] Successfully loaded .env from: C:\Users\Pablo\Documents\GitHub\nine-screen-canvas-flow/.env
[13-Mar-2026 15:56:21 UTC] MySQL select query: SELECT `id` FROM `users` WHERE `clerk_user_id` = :where_clerk_user_id_0
[13-Mar-2026 15:56:21 UTC] MySQL select params: {"where_clerk_user_id_0":"user_3AhnQJV5XslRK9dMtMXyCieGbiA"}
[13-Mar-2026 15:56:21 UTC] MySQL select returned 1 rows
[13-Mar-2026 15:56:21 UTC] MySQL select query: SELECT * FROM `user_pages` WHERE `id` = :where_id_0 AND `user_id` = :where_user_id_1
[13-Mar-2026 15:56:21 UTC] MySQL select params: {"where_id_0":"6599637d-1ec0-11f1-8378-d85ed359730c","where_user_id_1":2}
[13-Mar-2026 15:56:21 UTC] MySQL select returned 1 rows
[13-Mar-2026 15:56:21 UTC] Domain API - action=suggest, clerk_user_id=user_3AhnQJV5XslRK9dMtMXyCieGbiA
[13-Mar-2026 15:56:22 UTC] Pages API - Incoming request - Method: GET, Payload size: 0 bytes (0 KB)
[13-Mar-2026 15:56:22 UTC] Pages API - Method: GET
[13-Mar-2026 15:56:22 UTC] Pages API - clerk_user_id from request: null
[13-Mar-2026 15:56:22 UTC] Pages API - clerk_user_id from session: user_3AhnQJV5XslRK9dMtMXyCieGbiA
[13-Mar-2026 15:56:22 UTC] Pages API - Using clerk_user_id: user_3AhnQJV5XslRK9dMtMXyCieGbiA
[13-Mar-2026 15:56:22 UTC] Pages API - Using clerk_user_id: user_3AhnQJV5XslRK9dMtMXyCieGbiA
[13-Mar-2026 15:56:22 UTC] MySQL select query: SELECT `id` FROM `users` WHERE `clerk_user_id` = :where_clerk_user_id_0
[13-Mar-2026 15:56:22 UTC] MySQL select params: {"where_clerk_user_id_0":"user_3AhnQJV5XslRK9dMtMXyCieGbiA"}
[13-Mar-2026 15:56:22 UTC] MySQL select returned 1 rows
[13-Mar-2026 15:56:22 UTC] getUserIdFromClerkId - Query result: [{"id":2}]
[13-Mar-2026 15:56:22 UTC] Pages API - User ID from database: 2
[13-Mar-2026 15:56:22 UTC] Pages API - Success! User ID: 2
[13-Mar-2026 15:56:22 UTC] MySQL select query: SELECT `id`, `title`, `thumbnail_url`, `is_favorite`, `is_public`, `share_token`, `share_slug`, `last_accessed`, `created_at`, `updated_at` FROM `user_pages` WHERE `user_id` = :where_user_id_0 ORDER BY COALESCE(`last_accessed`, '1970-01-01 00:00:00') DESC
[13-Mar-2026 15:56:22 UTC] MySQL select params: {"where_user_id_0":2}
[13-Mar-2026 15:56:22 UTC] MySQL select returned 4 rows
[13-Mar-2026 15:56:23 UTC] Domain API - action=lookup, clerk_user_id=user_3AhnQJV5XslRK9dMtMXyCieGbiA
[13-Mar-2026 15:56:27 UTC] Domain API - action=lookup, clerk_user_id=user_3AhnQJV5XslRK9dMtMXyCieGbiA
[13-Mar-2026 15:56:28 UTC] Domain API - action=suggest, clerk_user_id=user_3AhnQJV5XslRK9dMtMXyCieGbiA
[13-Mar-2026 15:56:29 UTC] Domain API - action=suggest, clerk_user_id=user_3AhnQJV5XslRK9dMtMXyCieGbiA
[13-Mar-2026 15:56:30 UTC] Domain API - action=suggest, clerk_user_id=user_3AhnQJV5XslRK9dMtMXyCieGbiA
[13-Mar-2026 15:56:31 UTC] Domain API - action=suggest, clerk_user_id=user_3AhnQJV5XslRK9dMtMXyCieGbiA
[13-Mar-2026 15:56:32 UTC] Domain API - action=suggest, clerk_user_id=user_3AhnQJV5XslRK9dMtMXyCieGbiA
[13-Mar-2026 15:56:33 UTC] Domain API - action=suggest, clerk_user_id=user_3AhnQJV5XslRK9dMtMXyCieGbiA
[13-Mar-2026 15:56:34 UTC] Domain API - action=suggest, clerk_user_id=user_3AhnQJV5XslRK9dMtMXyCieGbiA
[13-Mar-2026 15:56:34 UTC] Domain API - action=suggest, clerk_user_id=user_3AhnQJV5XslRK9dMtMXyCieGbiA
[13-Mar-2026 15:56:35 UTC] Domain API - action=suggest, clerk_user_id=user_3AhnQJV5XslRK9dMtMXyCieGbiA
[13-Mar-2026 15:56:36 UTC] Domain API - action=suggest, clerk_user_id=user_3AhnQJV5XslRK9dMtMXyCieGbiA
[13-Mar-2026 15:56:37 UTC] Domain API - action=suggest, clerk_user_id=user_3AhnQJV5XslRK9dMtMXyCieGbiA
[13-Mar-2026 15:56:38 UTC] Domain API - action=suggest, clerk_user_id=user_3AhnQJV5XslRK9dMtMXyCieGbiA
[13-Mar-2026 15:56:39 UTC] Domain API - action=suggest, clerk_user_id=user_3AhnQJV5XslRK9dMtMXyCieGbiA
[13-Mar-2026 15:56:40 UTC] Domain API - action=suggest, clerk_user_id=user_3AhnQJV5XslRK9dMtMXyCieGbiA
[13-Mar-2026 15:56:41 UTC] Domain API - action=suggest, clerk_user_id=user_3AhnQJV5XslRK9dMtMXyCieGbiA
[13-Mar-2026 15:56:42 UTC] Domain API - action=suggest, clerk_user_id=user_3AhnQJV5XslRK9dMtMXyCieGbiA
[13-Mar-2026 15:56:43 UTC] Domain API - action=suggest, clerk_user_id=user_3AhnQJV5XslRK9dMtMXyCieGbiA
[13-Mar-2026 15:56:43 UTC] Domain API - action=suggest, clerk_user_id=user_3AhnQJV5XslRK9dMtMXyCieGbiA
[13-Mar-2026 15:56:44 UTC] Domain API - action=suggest, clerk_user_id=user_3AhnQJV5XslRK9dMtMXyCieGbiA
[13-Mar-2026 15:56:45 UTC] Domain API - action=lookup, clerk_user_id=user_3AhnQJV5XslRK9dMtMXyCieGbiA
[13-Mar-2026 15:56:46 UTC] Domain API - action=suggest, clerk_user_id=user_3AhnQJV5XslRK9dMtMXyCieGbiA
[13-Mar-2026 15:56:47 UTC] Domain API - action=suggest, clerk_user_id=user_3AhnQJV5XslRK9dMtMXyCieGbiA
[13-Mar-2026 15:56:48 UTC] Domain API - action=suggest, clerk_user_id=user_3AhnQJV5XslRK9dMtMXyCieGbiA
[13-Mar-2026 15:56:49 UTC] Domain API - action=suggest, clerk_user_id=user_3AhnQJV5XslRK9dMtMXyCieGbiA
[13-Mar-2026 15:56:49 UTC] Domain API - action=suggest, clerk_user_id=user_3AhnQJV5XslRK9dMtMXyCieGbiA
[13-Mar-2026 15:56:50 UTC] Domain API - action=suggest, clerk_user_id=user_3AhnQJV5XslRK9dMtMXyCieGbiA
[13-Mar-2026 15:56:51 UTC] Domain API - action=suggest, clerk_user_id=user_3AhnQJV5XslRK9dMtMXyCieGbiA
[13-Mar-2026 15:56:52 UTC] Domain API - action=suggest, clerk_user_id=user_3AhnQJV5XslRK9dMtMXyCieGbiA
[13-Mar-2026 15:56:53 UTC] Domain API - action=suggest, clerk_user_id=user_3AhnQJV5XslRK9dMtMXyCieGbiA
[13-Mar-2026 15:56:54 UTC] Domain API - action=suggest, clerk_user_id=user_3AhnQJV5XslRK9dMtMXyCieGbiA
[13-Mar-2026 15:56:55 UTC] Domain API - action=suggest, clerk_user_id=user_3AhnQJV5XslRK9dMtMXyCieGbiA
[13-Mar-2026 15:56:56 UTC] Domain API - action=suggest, clerk_user_id=user_3AhnQJV5XslRK9dMtMXyCieGbiA
[13-Mar-2026 15:56:56 UTC] Domain API - action=suggest, clerk_user_id=user_3AhnQJV5XslRK9dMtMXyCieGbiA
[13-Mar-2026 15:56:57 UTC] Domain API - action=suggest, clerk_user_id=user_3AhnQJV5XslRK9dMtMXyCieGbiA
[13-Mar-2026 15:56:58 UTC] Domain API - action=suggest, clerk_user_id=user_3AhnQJV5XslRK9dMtMXyCieGbiA
[13-Mar-2026 15:56:59 UTC] Domain API - action=suggest, clerk_user_id=user_3AhnQJV5XslRK9dMtMXyCieGbiA
[13-Mar-2026 15:57:00 UTC] Domain API - action=suggest, clerk_user_id=user_3AhnQJV5XslRK9dMtMXyCieGbiA
[13-Mar-2026 15:57:01 UTC] Domain API - action=suggest, clerk_user_id=user_3AhnQJV5XslRK9dMtMXyCieGbiA
[13-Mar-2026 15:57:02 UTC] Domain API - action=suggest, clerk_user_id=user_3AhnQJV5XslRK9dMtMXyCieGbiA
[13-Mar-2026 15:57:02 UTC] Domain API - action=suggest, clerk_user_id=user_3AhnQJV5XslRK9dMtMXyCieGbiA
[13-Mar-2026 15:57:03 UTC] Domain API - action=suggest, clerk_user_id=user_3AhnQJV5XslRK9dMtMXyCieGbiA
[13-Mar-2026 15:57:04 UTC] Domain API - action=suggest, clerk_user_id=user_3AhnQJV5XslRK9dMtMXyCieGbiA
[13-Mar-2026 15:57:05 UTC] Domain API - action=suggest, clerk_user_id=user_3AhnQJV5XslRK9dMtMXyCieGbiA
[13-Mar-2026 15:57:06 UTC] Domain API - action=suggest, clerk_user_id=user_3AhnQJV5XslRK9dMtMXyCieGbiA
[13-Mar-2026 15:57:07 UTC] Domain API - action=suggest, clerk_user_id=user_3AhnQJV5XslRK9dMtMXyCieGbiA
[13-Mar-2026 15:57:08 UTC] Domain API - action=suggest, clerk_user_id=user_3AhnQJV5XslRK9dMtMXyCieGbiA
[13-Mar-2026 15:57:08 UTC] Domain API - action=lookup, clerk_user_id=user_3AhnQJV5XslRK9dMtMXyCieGbiA
[13-Mar-2026 15:57:10 UTC] Domain API - action=suggest, clerk_user_id=user_3AhnQJV5XslRK9dMtMXyCieGbiA
[13-Mar-2026 15:57:10 UTC] Domain API - action=suggest, clerk_user_id=user_3AhnQJV5XslRK9dMtMXyCieGbiA
[13-Mar-2026 15:57:11 UTC] Domain API - action=suggest, clerk_user_id=user_3AhnQJV5XslRK9dMtMXyCieGbiA
[13-Mar-2026 15:57:12 UTC] Domain API - action=suggest, clerk_user_id=user_3AhnQJV5XslRK9dMtMXyCieGbiA
[13-Mar-2026 15:57:13 UTC] Domain API - action=suggest, clerk_user_id=user_3AhnQJV5XslRK9dMtMXyCieGbiA
[13-Mar-2026 15:57:14 UTC] Domain API - action=suggest, clerk_user_id=user_3AhnQJV5XslRK9dMtMXyCieGbiA
[13-Mar-2026 15:57:15 UTC] Domain API - action=suggest, clerk_user_id=user_3AhnQJV5XslRK9dMtMXyCieGbiA
[13-Mar-2026 15:57:16 UTC] Domain API - action=suggest, clerk_user_id=user_3AhnQJV5XslRK9dMtMXyCieGbiA
[13-Mar-2026 15:57:16 UTC] Domain API - action=suggest, clerk_user_id=user_3AhnQJV5XslRK9dMtMXyCieGbiA
[13-Mar-2026 15:57:17 UTC] Domain API - action=suggest, clerk_user_id=user_3AhnQJV5XslRK9dMtMXyCieGbiA
[13-Mar-2026 15:57:18 UTC] Domain API - action=suggest, clerk_user_id=user_3AhnQJV5XslRK9dMtMXyCieGbiA
[13-Mar-2026 15:57:19 UTC] Domain API - action=suggest, clerk_user_id=user_3AhnQJV5XslRK9dMtMXyCieGbiA
[13-Mar-2026 15:57:20 UTC] Domain API - action=suggest, clerk_user_id=user_3AhnQJV5XslRK9dMtMXyCieGbiA
[13-Mar-2026 15:57:21 UTC] Domain API - action=suggest, clerk_user_id=user_3AhnQJV5XslRK9dMtMXyCieGbiA
[13-Mar-2026 15:57:22 UTC] Domain API - action=suggest, clerk_user_id=user_3AhnQJV5XslRK9dMtMXyCieGbiA
[13-Mar-2026 15:57:22 UTC] Domain API - action=suggest, clerk_user_id=user_3AhnQJV5XslRK9dMtMXyCieGbiA
[13-Mar-2026 15:57:23 UTC] Domain API - action=suggest, clerk_user_id=user_3AhnQJV5XslRK9dMtMXyCieGbiA
[13-Mar-2026 15:57:24 UTC] Domain API - action=suggest, clerk_user_id=user_3AhnQJV5XslRK9dMtMXyCieGbiA
[13-Mar-2026 15:57:25 UTC] Domain API - action=suggest, clerk_user_id=user_3AhnQJV5XslRK9dMtMXyCieGbiA
[13-Mar-2026 15:57:26 UTC] Domain API - action=suggest, clerk_user_id=user_3AhnQJV5XslRK9dMtMXyCieGbiA
[13-Mar-2026 15:57:27 UTC] Domain API - action=suggest, clerk_user_id=user_3AhnQJV5XslRK9dMtMXyCieGbiA
[13-Mar-2026 15:57:28 UTC] Domain API - action=suggest, clerk_user_id=user_3AhnQJV5XslRK9dMtMXyCieGbiA
[13-Mar-2026 15:57:28 UTC] Domain API - action=suggest, clerk_user_id=user_3AhnQJV5XslRK9dMtMXyCieGbiA
[13-Mar-2026 15:57:29 UTC] Domain API - action=suggest, clerk_user_id=user_3AhnQJV5XslRK9dMtMXyCieGbiA
[13-Mar-2026 15:57:30 UTC] Domain API - action=suggest, clerk_user_id=user_3AhnQJV5XslRK9dMtMXyCieGbiA
[13-Mar-2026 15:57:31 UTC] Domain API - action=suggest, clerk_user_id=user_3AhnQJV5XslRK9dMtMXyCieGbiA
[13-Mar-2026 15:57:32 UTC] Domain API - action=suggest, clerk_user_id=user_3AhnQJV5XslRK9dMtMXyCieGbiA
[13-Mar-2026 15:57:33 UTC] Domain API - action=suggest, clerk_user_id=user_3AhnQJV5XslRK9dMtMXyCieGbiA
[13-Mar-2026 15:57:34 UTC] Domain API - action=suggest, clerk_user_id=user_3AhnQJV5XslRK9dMtMXyCieGbiA
[13-Mar-2026 15:57:34 UTC] Domain API - action=suggest, clerk_user_id=user_3AhnQJV5XslRK9dMtMXyCieGbiA
[13-Mar-2026 15:57:35 UTC] Domain API - action=suggest, clerk_user_id=user_3AhnQJV5XslRK9dMtMXyCieGbiA
[13-Mar-2026 15:57:36 UTC] Domain API - action=suggest, clerk_user_id=user_3AhnQJV5XslRK9dMtMXyCieGbiA
[13-Mar-2026 15:57:37 UTC] Domain API - action=suggest, clerk_user_id=user_3AhnQJV5XslRK9dMtMXyCieGbiA
[13-Mar-2026 15:57:38 UTC] Domain API - action=suggest, clerk_user_id=user_3AhnQJV5XslRK9dMtMXyCieGbiA
[13-Mar-2026 15:57:39 UTC] Domain API - action=suggest, clerk_user_id=user_3AhnQJV5XslRK9dMtMXyCieGbiA
[13-Mar-2026 15:57:39 UTC] Domain API - action=suggest, clerk_user_id=user_3AhnQJV5XslRK9dMtMXyCieGbiA
[13-Mar-2026 15:57:40 UTC] Domain API - action=suggest, clerk_user_id=user_3AhnQJV5XslRK9dMtMXyCieGbiA
[13-Mar-2026 15:57:41 UTC] Domain API - action=suggest, clerk_user_id=user_3AhnQJV5XslRK9dMtMXyCieGbiA
[13-Mar-2026 15:57:42 UTC] Domain API - action=suggest, clerk_user_id=user_3AhnQJV5XslRK9dMtMXyCieGbiA
[13-Mar-2026 15:57:43 UTC] Domain API - action=suggest, clerk_user_id=user_3AhnQJV5XslRK9dMtMXyCieGbiA
[13-Mar-2026 15:57:44 UTC] Domain API - action=suggest, clerk_user_id=user_3AhnQJV5XslRK9dMtMXyCieGbiA
[13-Mar-2026 15:57:45 UTC] Domain API - action=suggest, clerk_user_id=user_3AhnQJV5XslRK9dMtMXyCieGbiA
[13-Mar-2026 15:57:46 UTC] Domain API - action=suggest, clerk_user_id=user_3AhnQJV5XslRK9dMtMXyCieGbiA
[13-Mar-2026 15:57:46 UTC] Domain API - action=suggest, clerk_user_id=user_3AhnQJV5XslRK9dMtMXyCieGbiA
[13-Mar-2026 15:57:47 UTC] Domain API - action=suggest, clerk_user_id=user_3AhnQJV5XslRK9dMtMXyCieGbiA
[13-Mar-2026 15:57:48 UTC] Domain API - action=suggest, clerk_user_id=user_3AhnQJV5XslRK9dMtMXyCieGbiA
[13-Mar-2026 15:57:49 UTC] Domain API - action=suggest, clerk_user_id=user_3AhnQJV5XslRK9dMtMXyCieGbiA
[13-Mar-2026 15:57:50 UTC] Domain API - action=suggest, clerk_user_id=user_3AhnQJV5XslRK9dMtMXyCieGbiA
[13-Mar-2026 15:57:51 UTC] Domain API - action=suggest, clerk_user_id=user_3AhnQJV5XslRK9dMtMXyCieGbiA
[13-Mar-2026 15:57:52 UTC] Domain API - action=suggest, clerk_user_id=user_3AhnQJV5XslRK9dMtMXyCieGbiA
[13-Mar-2026 15:57:52 UTC] Domain API - action=suggest, clerk_user_id=user_3AhnQJV5XslRK9dMtMXyCieGbiA
[13-Mar-2026 15:57:53 UTC] Domain API - action=suggest, clerk_user_id=user_3AhnQJV5XslRK9dMtMXyCieGbiA
[13-Mar-2026 15:57:54 UTC] Domain API - action=suggest, clerk_user_id=user_3AhnQJV5XslRK9dMtMXyCieGbiA
[13-Mar-2026 15:57:55 UTC] Domain API - action=suggest, clerk_user_id=user_3AhnQJV5XslRK9dMtMXyCieGbiA
[13-Mar-2026 15:57:56 UTC] Domain API - action=suggest, clerk_user_id=user_3AhnQJV5XslRK9dMtMXyCieGbiA
[13-Mar-2026 15:57:57 UTC] Domain API - action=suggest, clerk_user_id=user_3AhnQJV5XslRK9dMtMXyCieGbiA
[13-Mar-2026 15:57:58 UTC] Domain API - action=suggest, clerk_user_id=user_3AhnQJV5XslRK9dMtMXyCieGbiA
[13-Mar-2026 15:57:58 UTC] Domain API - action=suggest, clerk_user_id=user_3AhnQJV5XslRK9dMtMXyCieGbiA
[13-Mar-2026 15:57:59 UTC] Domain API - action=suggest, clerk_user_id=user_3AhnQJV5XslRK9dMtMXyCieGbiA
[13-Mar-2026 15:58:00 UTC] Domain API - action=suggest, clerk_user_id=user_3AhnQJV5XslRK9dMtMXyCieGbiA
[13-Mar-2026 15:58:01 UTC] Domain API - action=suggest, clerk_user_id=user_3AhnQJV5XslRK9dMtMXyCieGbiA
[13-Mar-2026 15:58:02 UTC] Domain API - action=suggest, clerk_user_id=user_3AhnQJV5XslRK9dMtMXyCieGbiA
[13-Mar-2026 15:58:03 UTC] Domain API - action=suggest, clerk_user_id=user_3AhnQJV5XslRK9dMtMXyCieGbiA
[13-Mar-2026 15:58:04 UTC] Domain API - action=suggest, clerk_user_id=user_3AhnQJV5XslRK9dMtMXyCieGbiA
[13-Mar-2026 15:58:05 UTC] Domain API - action=suggest, clerk_user_id=user_3AhnQJV5XslRK9dMtMXyCieGbiA
[13-Mar-2026 15:58:05 UTC] Domain API - action=suggest, clerk_user_id=user_3AhnQJV5XslRK9dMtMXyCieGbiA
[13-Mar-2026 15:58:06 UTC] Domain API - action=suggest, clerk_user_id=user_3AhnQJV5XslRK9dMtMXyCieGbiA
[13-Mar-2026 15:58:07 UTC] Domain API - action=suggest, clerk_user_id=user_3AhnQJV5XslRK9dMtMXyCieGbiA
[13-Mar-2026 15:58:08 UTC] Domain API - action=suggest, clerk_user_id=user_3AhnQJV5XslRK9dMtMXyCieGbiA
[13-Mar-2026 15:58:09 UTC] Domain API - action=suggest, clerk_user_id=user_3AhnQJV5XslRK9dMtMXyCieGbiA
[13-Mar-2026 15:58:10 UTC] Domain API - action=suggest, clerk_user_id=user_3AhnQJV5XslRK9dMtMXyCieGbiA
[13-Mar-2026 15:58:10 UTC] Domain API - action=suggest, clerk_user_id=user_3AhnQJV5XslRK9dMtMXyCieGbiA
[13-Mar-2026 15:58:11 UTC] Domain API - action=suggest, clerk_user_id=user_3AhnQJV5XslRK9dMtMXyCieGbiA
[13-Mar-2026 15:58:12 UTC] Domain API - action=suggest, clerk_user_id=user_3AhnQJV5XslRK9dMtMXyCieGbiA
[13-Mar-2026 15:58:13 UTC] Domain API - action=suggest, clerk_user_id=user_3AhnQJV5XslRK9dMtMXyCieGbiA
[13-Mar-2026 15:58:14 UTC] Domain API - action=suggest, clerk_user_id=user_3AhnQJV5XslRK9dMtMXyCieGbiA
[13-Mar-2026 15:58:15 UTC] Domain API - action=suggest, clerk_user_id=user_3AhnQJV5XslRK9dMtMXyCieGbiA
[13-Mar-2026 15:58:16 UTC] Domain API - action=suggest, clerk_user_id=user_3AhnQJV5XslRK9dMtMXyCieGbiA
[13-Mar-2026 15:58:16 UTC] Domain API - action=suggest, clerk_user_id=user_3AhnQJV5XslRK9dMtMXyCieGbiA
[13-Mar-2026 15:58:17 UTC] Domain API - action=suggest, clerk_user_id=user_3AhnQJV5XslRK9dMtMXyCieGbiA
[13-Mar-2026 15:58:18 UTC] Domain API - action=suggest, clerk_user_id=user_3AhnQJV5XslRK9dMtMXyCieGbiA
[13-Mar-2026 15:58:19 UTC] Domain API - action=suggest, clerk_user_id=user_3AhnQJV5XslRK9dMtMXyCieGbiA
[13-Mar-2026 15:58:20 UTC] Domain API - action=suggest, clerk_user_id=user_3AhnQJV5XslRK9dMtMXyCieGbiA
[13-Mar-2026 15:58:21 UTC] Domain API - action=suggest, clerk_user_id=user_3AhnQJV5XslRK9dMtMXyCieGbiA
[13-Mar-2026 15:58:22 UTC] Domain API - action=suggest, clerk_user_id=user_3AhnQJV5XslRK9dMtMXyCieGbiA
[13-Mar-2026 15:58:22 UTC] Domain API - action=suggest, clerk_user_id=user_3AhnQJV5XslRK9dMtMXyCieGbiA
[13-Mar-2026 15:58:23 UTC] Domain API - action=suggest, clerk_user_id=user_3AhnQJV5XslRK9dMtMXyCieGbiA
[13-Mar-2026 15:58:24 UTC] Domain API - action=suggest, clerk_user_id=user_3AhnQJV5XslRK9dMtMXyCieGbiA
[13-Mar-2026 15:58:25 UTC] Domain API - action=suggest, clerk_user_id=user_3AhnQJV5XslRK9dMtMXyCieGbiA
[13-Mar-2026 15:58:26 UTC] Domain API - action=suggest, clerk_user_id=user_3AhnQJV5XslRK9dMtMXyCieGbiA
[13-Mar-2026 15:58:27 UTC] Domain API - action=suggest, clerk_user_id=user_3AhnQJV5XslRK9dMtMXyCieGbiA
[13-Mar-2026 15:58:28 UTC] Domain API - action=suggest, clerk_user_id=user_3AhnQJV5XslRK9dMtMXyCieGbiA
[13-Mar-2026 15:58:28 UTC] Domain API - action=suggest, clerk_user_id=user_3AhnQJV5XslRK9dMtMXyCieGbiA
[13-Mar-2026 15:58:29 UTC] Domain API - action=suggest, clerk_user_id=user_3AhnQJV5XslRK9dMtMXyCieGbiA
[13-Mar-2026 15:58:30 UTC] Domain API - action=suggest, clerk_user_id=user_3AhnQJV5XslRK9dMtMXyCieGbiA
[13-Mar-2026 15:58:31 UTC] Domain API - action=suggest, clerk_user_id=user_3AhnQJV5XslRK9dMtMXyCieGbiA
[13-Mar-2026 15:58:32 UTC] Domain API - action=suggest, clerk_user_id=user_3AhnQJV5XslRK9dMtMXyCieGbiA
[13-Mar-2026 15:58:33 UTC] Domain API - action=suggest, clerk_user_id=user_3AhnQJV5XslRK9dMtMXyCieGbiA
[13-Mar-2026 15:58:34 UTC] Domain API - action=suggest, clerk_user_id=user_3AhnQJV5XslRK9dMtMXyCieGbiA
[13-Mar-2026 15:58:35 UTC] Domain API - action=suggest, clerk_user_id=user_3AhnQJV5XslRK9dMtMXyCieGbiA
[13-Mar-2026 15:58:36 UTC] Domain API - action=suggest, clerk_user_id=user_3AhnQJV5XslRK9dMtMXyCieGbiA
[13-Mar-2026 15:58:37 UTC] Domain API - action=suggest, clerk_user_id=user_3AhnQJV5XslRK9dMtMXyCieGbiA
[13-Mar-2026 15:58:37 UTC] Domain API - action=suggest, clerk_user_id=user_3AhnQJV5XslRK9dMtMXyCieGbiA
[13-Mar-2026 15:58:38 UTC] Domain API - action=suggest, clerk_user_id=user_3AhnQJV5XslRK9dMtMXyCieGbiA
[13-Mar-2026 15:58:39 UTC] Domain API - action=suggest, clerk_user_id=user_3AhnQJV5XslRK9dMtMXyCieGbiA
[13-Mar-2026 15:58:40 UTC] Domain API - action=suggest, clerk_user_id=user_3AhnQJV5XslRK9dMtMXyCieGbiA
[13-Mar-2026 15:58:41 UTC] Domain API - action=suggest, clerk_user_id=user_3AhnQJV5XslRK9dMtMXyCieGbiA
[13-Mar-2026 15:58:41 UTC] Domain API - action=suggest, clerk_user_id=user_3AhnQJV5XslRK9dMtMXyCieGbiA
[13-Mar-2026 15:58:42 UTC] Domain API - action=suggest, clerk_user_id=user_3AhnQJV5XslRK9dMtMXyCieGbiA
[13-Mar-2026 15:58:43 UTC] Domain API - action=suggest, clerk_user_id=user_3AhnQJV5XslRK9dMtMXyCieGbiA
[13-Mar-2026 15:58:44 UTC] Domain API - action=suggest, clerk_user_id=user_3AhnQJV5XslRK9dMtMXyCieGbiA
[13-Mar-2026 15:58:45 UTC] Domain API - action=suggest, clerk_user_id=user_3AhnQJV5XslRK9dMtMXyCieGbiA
[13-Mar-2026 15:58:46 UTC] Domain API - action=suggest, clerk_user_id=user_3AhnQJV5XslRK9dMtMXyCieGbiA
[13-Mar-2026 15:58:47 UTC] Domain API - action=suggest, clerk_user_id=user_3AhnQJV5XslRK9dMtMXyCieGbiA
[13-Mar-2026 15:58:47 UTC] Domain API - action=suggest, clerk_user_id=user_3AhnQJV5XslRK9dMtMXyCieGbiA
[13-Mar-2026 15:58:48 UTC] Domain API - action=suggest, clerk_user_id=user_3AhnQJV5XslRK9dMtMXyCieGbiA
[13-Mar-2026 15:58:49 UTC] Domain API - action=suggest, clerk_user_id=user_3AhnQJV5XslRK9dMtMXyCieGbiA
[13-Mar-2026 15:58:50 UTC] Domain API - action=suggest, clerk_user_id=user_3AhnQJV5XslRK9dMtMXyCieGbiA
[13-Mar-2026 15:58:51 UTC] Domain API - action=suggest, clerk_user_id=user_3AhnQJV5XslRK9dMtMXyCieGbiA
[13-Mar-2026 15:58:52 UTC] Domain API - action=suggest, clerk_user_id=user_3AhnQJV5XslRK9dMtMXyCieGbiA
[13-Mar-2026 15:58:52 UTC] Domain API - action=suggest, clerk_user_id=user_3AhnQJV5XslRK9dMtMXyCieGbiA
[13-Mar-2026 15:58:53 UTC] Domain API - action=suggest, clerk_user_id=user_3AhnQJV5XslRK9dMtMXyCieGbiA
[13-Mar-2026 15:58:54 UTC] Domain API - action=suggest, clerk_user_id=user_3AhnQJV5XslRK9dMtMXyCieGbiA
[13-Mar-2026 15:58:55 UTC] Domain API - action=suggest, clerk_user_id=user_3AhnQJV5XslRK9dMtMXyCieGbiA
[13-Mar-2026 15:58:56 UTC] Domain API - action=suggest, clerk_user_id=user_3AhnQJV5XslRK9dMtMXyCieGbiA
[13-Mar-2026 15:58:57 UTC] Domain API - action=suggest, clerk_user_id=user_3AhnQJV5XslRK9dMtMXyCieGbiA
[13-Mar-2026 15:58:57 UTC] Domain API - action=suggest, clerk_user_id=user_3AhnQJV5XslRK9dMtMXyCieGbiA
[13-Mar-2026 15:58:58 UTC] Domain API - action=suggest, clerk_user_id=user_3AhnQJV5XslRK9dMtMXyCieGbiA
[13-Mar-2026 15:58:59 UTC] Domain API - action=suggest, clerk_user_id=user_3AhnQJV5XslRK9dMtMXyCieGbiA
[13-Mar-2026 15:59:00 UTC] Domain API - action=suggest, clerk_user_id=user_3AhnQJV5XslRK9dMtMXyCieGbiA
[13-Mar-2026 15:59:01 UTC] Domain API - action=suggest, clerk_user_id=user_3AhnQJV5XslRK9dMtMXyCieGbiA
[13-Mar-2026 15:59:02 UTC] Domain API - action=suggest, clerk_user_id=user_3AhnQJV5XslRK9dMtMXyCieGbiA
[13-Mar-2026 15:59:02 UTC] Domain API - action=suggest, clerk_user_id=user_3AhnQJV5XslRK9dMtMXyCieGbiA
[13-Mar-2026 15:59:03 UTC] Domain API - action=suggest, clerk_user_id=user_3AhnQJV5XslRK9dMtMXyCieGbiA
[13-Mar-2026 15:59:04 UTC] Domain API - action=suggest, clerk_user_id=user_3AhnQJV5XslRK9dMtMXyCieGbiA
[13-Mar-2026 15:59:05 UTC] Domain API - action=suggest, clerk_user_id=user_3AhnQJV5XslRK9dMtMXyCieGbiA
[13-Mar-2026 15:59:06 UTC] Domain API - action=suggest, clerk_user_id=user_3AhnQJV5XslRK9dMtMXyCieGbiA
[13-Mar-2026 15:59:07 UTC] Domain API - action=suggest, clerk_user_id=user_3AhnQJV5XslRK9dMtMXyCieGbiA
[13-Mar-2026 15:59:08 UTC] Domain API - action=suggest, clerk_user_id=user_3AhnQJV5XslRK9dMtMXyCieGbiA
[13-Mar-2026 15:59:09 UTC] Domain API - action=suggest, clerk_user_id=user_3AhnQJV5XslRK9dMtMXyCieGbiA
[13-Mar-2026 15:59:10 UTC] Domain API - action=suggest, clerk_user_id=user_3AhnQJV5XslRK9dMtMXyCieGbiA
[13-Mar-2026 15:59:10 UTC] Domain API - action=suggest, clerk_user_id=user_3AhnQJV5XslRK9dMtMXyCieGbiA
[13-Mar-2026 15:59:11 UTC] Domain API - action=suggest, clerk_user_id=user_3AhnQJV5XslRK9dMtMXyCieGbiA
[13-Mar-2026 15:59:12 UTC] Domain API - action=suggest, clerk_user_id=user_3AhnQJV5XslRK9dMtMXyCieGbiA
[13-Mar-2026 15:59:13 UTC] Domain API - action=suggest, clerk_user_id=user_3AhnQJV5XslRK9dMtMXyCieGbiA
[13-Mar-2026 15:59:14 UTC] Domain API - action=suggest, clerk_user_id=user_3AhnQJV5XslRK9dMtMXyCieGbiA
[13-Mar-2026 15:59:15 UTC] Domain API - action=suggest, clerk_user_id=user_3AhnQJV5XslRK9dMtMXyCieGbiA
[13-Mar-2026 15:59:15 UTC] Domain API - action=suggest, clerk_user_id=user_3AhnQJV5XslRK9dMtMXyCieGbiA
[13-Mar-2026 15:59:16 UTC] Domain API - action=suggest, clerk_user_id=user_3AhnQJV5XslRK9dMtMXyCieGbiA
[13-Mar-2026 15:59:17 UTC] Domain API - action=suggest, clerk_user_id=user_3AhnQJV5XslRK9dMtMXyCieGbiA
[13-Mar-2026 15:59:18 UTC] Domain API - action=suggest, clerk_user_id=user_3AhnQJV5XslRK9dMtMXyCieGbiA
[13-Mar-2026 15:59:19 UTC] Domain API - action=suggest, clerk_user_id=user_3AhnQJV5XslRK9dMtMXyCieGbiA
[13-Mar-2026 15:59:19 UTC] Domain API - action=suggest, clerk_user_id=user_3AhnQJV5XslRK9dMtMXyCieGbiA
[13-Mar-2026 15:59:20 UTC] Domain API - action=suggest, clerk_user_id=user_3AhnQJV5XslRK9dMtMXyCieGbiA
[13-Mar-2026 15:59:21 UTC] Domain API - action=suggest, clerk_user_id=user_3AhnQJV5XslRK9dMtMXyCieGbiA
[13-Mar-2026 15:59:22 UTC] Domain API - action=suggest, clerk_user_id=user_3AhnQJV5XslRK9dMtMXyCieGbiA
[13-Mar-2026 15:59:23 UTC] Domain API - action=suggest, clerk_user_id=user_3AhnQJV5XslRK9dMtMXyCieGbiA
[13-Mar-2026 15:59:24 UTC] Domain API - action=suggest, clerk_user_id=user_3AhnQJV5XslRK9dMtMXyCieGbiA
[13-Mar-2026 15:59:25 UTC] Domain API - action=suggest, clerk_user_id=user_3AhnQJV5XslRK9dMtMXyCieGbiA
[13-Mar-2026 15:59:25 UTC] Domain API - action=suggest, clerk_user_id=user_3AhnQJV5XslRK9dMtMXyCieGbiA
[13-Mar-2026 15:59:26 UTC] Domain API - action=suggest, clerk_user_id=user_3AhnQJV5XslRK9dMtMXyCieGbiA
[13-Mar-2026 15:59:27 UTC] Domain API - action=suggest, clerk_user_id=user_3AhnQJV5XslRK9dMtMXyCieGbiA
[13-Mar-2026 15:59:28 UTC] Domain API - action=suggest, clerk_user_id=user_3AhnQJV5XslRK9dMtMXyCieGbiA
[13-Mar-2026 15:59:29 UTC] Domain API - action=suggest, clerk_user_id=user_3AhnQJV5XslRK9dMtMXyCieGbiA
[13-Mar-2026 15:59:30 UTC] Domain API - action=suggest, clerk_user_id=user_3AhnQJV5XslRK9dMtMXyCieGbiA
[13-Mar-2026 15:59:31 UTC] Domain API - action=suggest, clerk_user_id=user_3AhnQJV5XslRK9dMtMXyCieGbiA
[13-Mar-2026 15:59:32 UTC] Domain API - action=suggest, clerk_user_id=user_3AhnQJV5XslRK9dMtMXyCieGbiA
[13-Mar-2026 15:59:33 UTC] Domain API - action=suggest, clerk_user_id=user_3AhnQJV5XslRK9dMtMXyCieGbiA
[13-Mar-2026 15:59:34 UTC] Domain API - action=suggest, clerk_user_id=user_3AhnQJV5XslRK9dMtMXyCieGbiA
[13-Mar-2026 15:59:34 UTC] Domain API - action=suggest, clerk_user_id=user_3AhnQJV5XslRK9dMtMXyCieGbiA
[13-Mar-2026 15:59:35 UTC] Domain API - action=suggest, clerk_user_id=user_3AhnQJV5XslRK9dMtMXyCieGbiA
[13-Mar-2026 15:59:36 UTC] Domain API - action=suggest, clerk_user_id=user_3AhnQJV5XslRK9dMtMXyCieGbiA
[13-Mar-2026 15:59:37 UTC] Domain API - action=suggest, clerk_user_id=user_3AhnQJV5XslRK9dMtMXyCieGbiA
[13-Mar-2026 15:59:38 UTC] Domain API - action=suggest, clerk_user_id=user_3AhnQJV5XslRK9dMtMXyCieGbiA
[13-Mar-2026 15:59:39 UTC] Domain API - action=suggest, clerk_user_id=user_3AhnQJV5XslRK9dMtMXyCieGbiA
[13-Mar-2026 15:59:40 UTC] Domain API - action=suggest, clerk_user_id=user_3AhnQJV5XslRK9dMtMXyCieGbiA
[13-Mar-2026 15:59:40 UTC] Domain API - action=suggest, clerk_user_id=user_3AhnQJV5XslRK9dMtMXyCieGbiA
[13-Mar-2026 15:59:41 UTC] Domain API - action=suggest, clerk_user_id=user_3AhnQJV5XslRK9dMtMXyCieGbiA
[13-Mar-2026 15:59:42 UTC] Domain API - action=suggest, clerk_user_id=user_3AhnQJV5XslRK9dMtMXyCieGbiA
[13-Mar-2026 15:59:43 UTC] Domain API - action=suggest, clerk_user_id=user_3AhnQJV5XslRK9dMtMXyCieGbiA
[13-Mar-2026 15:59:44 UTC] Domain API - action=suggest, clerk_user_id=user_3AhnQJV5XslRK9dMtMXyCieGbiA
[13-Mar-2026 15:59:44 UTC] Domain API - action=suggest, clerk_user_id=user_3AhnQJV5XslRK9dMtMXyCieGbiA
[13-Mar-2026 15:59:45 UTC] Domain API - action=suggest, clerk_user_id=user_3AhnQJV5XslRK9dMtMXyCieGbiA
[13-Mar-2026 15:59:46 UTC] Domain API - action=suggest, clerk_user_id=user_3AhnQJV5XslRK9dMtMXyCieGbiA
[13-Mar-2026 15:59:47 UTC] Domain API - action=suggest, clerk_user_id=user_3AhnQJV5XslRK9dMtMXyCieGbiA
[13-Mar-2026 15:59:48 UTC] Domain API - action=suggest, clerk_user_id=user_3AhnQJV5XslRK9dMtMXyCieGbiA
[13-Mar-2026 15:59:49 UTC] Domain API - action=suggest, clerk_user_id=user_3AhnQJV5XslRK9dMtMXyCieGbiA
[13-Mar-2026 15:59:49 UTC] Domain API - action=suggest, clerk_user_id=user_3AhnQJV5XslRK9dMtMXyCieGbiA
[13-Mar-2026 15:59:50 UTC] Domain API - action=suggest, clerk_user_id=user_3AhnQJV5XslRK9dMtMXyCieGbiA
[13-Mar-2026 15:59:51 UTC] Domain API - action=suggest, clerk_user_id=user_3AhnQJV5XslRK9dMtMXyCieGbiA
[13-Mar-2026 15:59:52 UTC] Domain API - action=suggest, clerk_user_id=user_3AhnQJV5XslRK9dMtMXyCieGbiA
[13-Mar-2026 15:59:53 UTC] Domain API - action=suggest, clerk_user_id=user_3AhnQJV5XslRK9dMtMXyCieGbiA
[13-Mar-2026 15:59:54 UTC] Domain API - action=suggest, clerk_user_id=user_3AhnQJV5XslRK9dMtMXyCieGbiA
[13-Mar-2026 15:59:55 UTC] Domain API - action=suggest, clerk_user_id=user_3AhnQJV5XslRK9dMtMXyCieGbiA
[13-Mar-2026 15:59:55 UTC] Domain API - action=suggest, clerk_user_id=user_3AhnQJV5XslRK9dMtMXyCieGbiA
[13-Mar-2026 15:59:56 UTC] Domain API - action=suggest, clerk_user_id=user_3AhnQJV5XslRK9dMtMXyCieGbiA
[13-Mar-2026 15:59:57 UTC] Domain API - action=suggest, clerk_user_id=user_3AhnQJV5XslRK9dMtMXyCieGbiA
[13-Mar-2026 15:59:58 UTC] Domain API - action=suggest, clerk_user_id=user_3AhnQJV5XslRK9dMtMXyCieGbiA
[13-Mar-2026 15:59:59 UTC] Domain API - action=suggest, clerk_user_id=user_3AhnQJV5XslRK9dMtMXyCieGbiA
[13-Mar-2026 16:00:00 UTC] Domain API - action=suggest, clerk_user_id=user_3AhnQJV5XslRK9dMtMXyCieGbiA
[13-Mar-2026 16:00:00 UTC] Domain API - action=suggest, clerk_user_id=user_3AhnQJV5XslRK9dMtMXyCieGbiA
[13-Mar-2026 16:00:01 UTC] Domain API - action=suggest, clerk_user_id=user_3AhnQJV5XslRK9dMtMXyCieGbiA
[13-Mar-2026 16:00:02 UTC] Domain API - action=suggest, clerk_user_id=user_3AhnQJV5XslRK9dMtMXyCieGbiA
[13-Mar-2026 16:00:03 UTC] Domain API - action=suggest, clerk_user_id=user_3AhnQJV5XslRK9dMtMXyCieGbiA
[13-Mar-2026 16:00:04 UTC] Domain API - action=suggest, clerk_user_id=user_3AhnQJV5XslRK9dMtMXyCieGbiA
[13-Mar-2026 16:00:05 UTC] Domain API - action=suggest, clerk_user_id=user_3AhnQJV5XslRK9dMtMXyCieGbiA
[13-Mar-2026 16:00:06 UTC] Domain API - action=suggest, clerk_user_id=user_3AhnQJV5XslRK9dMtMXyCieGbiA
[13-Mar-2026 16:00:07 UTC] Domain API - action=suggest, clerk_user_id=user_3AhnQJV5XslRK9dMtMXyCieGbiA
[13-Mar-2026 16:00:08 UTC] Domain API - action=suggest, clerk_user_id=user_3AhnQJV5XslRK9dMtMXyCieGbiA
[13-Mar-2026 16:00:08 UTC] Domain API - action=suggest, clerk_user_id=user_3AhnQJV5XslRK9dMtMXyCieGbiA
[13-Mar-2026 16:00:09 UTC] Domain API - action=suggest, clerk_user_id=user_3AhnQJV5XslRK9dMtMXyCieGbiA
[13-Mar-2026 16:00:10 UTC] Domain API - action=suggest, clerk_user_id=user_3AhnQJV5XslRK9dMtMXyCieGbiA
[13-Mar-2026 16:00:11 UTC] Domain API - action=suggest, clerk_user_id=user_3AhnQJV5XslRK9dMtMXyCieGbiA
[13-Mar-2026 16:00:12 UTC] Domain API - action=suggest, clerk_user_id=user_3AhnQJV5XslRK9dMtMXyCieGbiA
[13-Mar-2026 16:00:13 UTC] Domain API - action=suggest, clerk_user_id=user_3AhnQJV5XslRK9dMtMXyCieGbiA
[13-Mar-2026 16:00:14 UTC] Domain API - action=suggest, clerk_user_id=user_3AhnQJV5XslRK9dMtMXyCieGbiA
[13-Mar-2026 16:00:15 UTC] Domain API - action=suggest, clerk_user_id=user_3AhnQJV5XslRK9dMtMXyCieGbiA
[13-Mar-2026 16:00:15 UTC] Domain API - action=suggest, clerk_user_id=user_3AhnQJV5XslRK9dMtMXyCieGbiA
[13-Mar-2026 16:00:16 UTC] Domain API - action=suggest, clerk_user_id=user_3AhnQJV5XslRK9dMtMXyCieGbiA
[13-Mar-2026 16:00:17 UTC] Domain API - action=suggest, clerk_user_id=user_3AhnQJV5XslRK9dMtMXyCieGbiA
[13-Mar-2026 16:00:18 UTC] Domain API - action=suggest, clerk_user_id=user_3AhnQJV5XslRK9dMtMXyCieGbiA
[13-Mar-2026 16:00:19 UTC] Domain API - action=suggest, clerk_user_id=user_3AhnQJV5XslRK9dMtMXyCieGbiA
[13-Mar-2026 16:00:20 UTC] Domain API - action=suggest, clerk_user_id=user_3AhnQJV5XslRK9dMtMXyCieGbiA
[13-Mar-2026 16:00:21 UTC] Domain API - action=suggest, clerk_user_id=user_3AhnQJV5XslRK9dMtMXyCieGbiA
[13-Mar-2026 16:00:22 UTC] Domain API - action=suggest, clerk_user_id=user_3AhnQJV5XslRK9dMtMXyCieGbiA
[13-Mar-2026 16:00:22 UTC] Domain API - action=suggest, clerk_user_id=user_3AhnQJV5XslRK9dMtMXyCieGbiA
[13-Mar-2026 16:00:23 UTC] Domain API - action=suggest, clerk_user_id=user_3AhnQJV5XslRK9dMtMXyCieGbiA
[13-Mar-2026 16:00:24 UTC] Domain API - action=suggest, clerk_user_id=user_3AhnQJV5XslRK9dMtMXyCieGbiA
[13-Mar-2026 16:00:25 UTC] Domain API - action=suggest, clerk_user_id=user_3AhnQJV5XslRK9dMtMXyCieGbiA
[13-Mar-2026 16:00:26 UTC] Domain API - action=suggest, clerk_user_id=user_3AhnQJV5XslRK9dMtMXyCieGbiA
[13-Mar-2026 16:00:27 UTC] Domain API - action=suggest, clerk_user_id=user_3AhnQJV5XslRK9dMtMXyCieGbiA
[13-Mar-2026 16:00:27 UTC] Domain API - action=suggest, clerk_user_id=user_3AhnQJV5XslRK9dMtMXyCieGbiA
[13-Mar-2026 16:00:28 UTC] Domain API - action=suggest, clerk_user_id=user_3AhnQJV5XslRK9dMtMXyCieGbiA
[13-Mar-2026 16:00:29 UTC] Domain API - action=suggest, clerk_user_id=user_3AhnQJV5XslRK9dMtMXyCieGbiA
[13-Mar-2026 16:00:30 UTC] Domain API - action=suggest, clerk_user_id=user_3AhnQJV5XslRK9dMtMXyCieGbiA
[13-Mar-2026 16:00:31 UTC] Domain API - action=suggest, clerk_user_id=user_3AhnQJV5XslRK9dMtMXyCieGbiA
[13-Mar-2026 16:00:32 UTC] Domain API - action=suggest, clerk_user_id=user_3AhnQJV5XslRK9dMtMXyCieGbiA
[13-Mar-2026 16:00:33 UTC] Domain API - action=suggest, clerk_user_id=user_3AhnQJV5XslRK9dMtMXyCieGbiA
[13-Mar-2026 16:00:33 UTC] Domain API - action=suggest, clerk_user_id=user_3AhnQJV5XslRK9dMtMXyCieGbiA
[13-Mar-2026 16:00:34 UTC] Domain API - action=suggest, clerk_user_id=user_3AhnQJV5XslRK9dMtMXyCieGbiA
[13-Mar-2026 16:00:35 UTC] Domain API - action=suggest, clerk_user_id=user_3AhnQJV5XslRK9dMtMXyCieGbiA
[13-Mar-2026 16:00:36 UTC] Domain API - action=suggest, clerk_user_id=user_3AhnQJV5XslRK9dMtMXyCieGbiA
[13-Mar-2026 16:00:37 UTC] Domain API - action=suggest, clerk_user_id=user_3AhnQJV5XslRK9dMtMXyCieGbiA
[13-Mar-2026 16:00:37 UTC] Domain API - action=suggest, clerk_user_id=user_3AhnQJV5XslRK9dMtMXyCieGbiA
[13-Mar-2026 16:00:38 UTC] Domain API - action=suggest, clerk_user_id=user_3AhnQJV5XslRK9dMtMXyCieGbiA
[13-Mar-2026 16:00:40 UTC] Domain API - action=suggest, clerk_user_id=user_3AhnQJV5XslRK9dMtMXyCieGbiA
[13-Mar-2026 16:00:40 UTC] Domain API - action=suggest, clerk_user_id=user_3AhnQJV5XslRK9dMtMXyCieGbiA
[13-Mar-2026 16:00:41 UTC] Domain API - action=suggest, clerk_user_id=user_3AhnQJV5XslRK9dMtMXyCieGbiA
[13-Mar-2026 16:00:42 UTC] Domain API - action=suggest, clerk_user_id=user_3AhnQJV5XslRK9dMtMXyCieGbiA
[13-Mar-2026 16:00:43 UTC] Domain API - action=suggest, clerk_user_id=user_3AhnQJV5XslRK9dMtMXyCieGbiA
[13-Mar-2026 16:00:44 UTC] Domain API - action=suggest, clerk_user_id=user_3AhnQJV5XslRK9dMtMXyCieGbiA
[13-Mar-2026 16:00:45 UTC] Domain API - action=suggest, clerk_user_id=user_3AhnQJV5XslRK9dMtMXyCieGbiA
[13-Mar-2026 16:00:46 UTC] Domain API - action=suggest, clerk_user_id=user_3AhnQJV5XslRK9dMtMXyCieGbiA
[13-Mar-2026 16:00:46 UTC] Domain API - action=suggest, clerk_user_id=user_3AhnQJV5XslRK9dMtMXyCieGbiA
[13-Mar-2026 16:00:47 UTC] Domain API - action=suggest, clerk_user_id=user_3AhnQJV5XslRK9dMtMXyCieGbiA
[13-Mar-2026 16:00:48 UTC] Domain API - action=suggest, clerk_user_id=user_3AhnQJV5XslRK9dMtMXyCieGbiA
[13-Mar-2026 16:00:49 UTC] Domain API - action=suggest, clerk_user_id=user_3AhnQJV5XslRK9dMtMXyCieGbiA
[13-Mar-2026 16:00:50 UTC] Domain API - action=suggest, clerk_user_id=user_3AhnQJV5XslRK9dMtMXyCieGbiA
[13-Mar-2026 16:00:51 UTC] Domain API - action=suggest, clerk_user_id=user_3AhnQJV5XslRK9dMtMXyCieGbiA
[13-Mar-2026 16:00:52 UTC] Domain API - action=suggest, clerk_user_id=user_3AhnQJV5XslRK9dMtMXyCieGbiA
[13-Mar-2026 16:00:52 UTC] Domain API - action=suggest, clerk_user_id=user_3AhnQJV5XslRK9dMtMXyCieGbiA
[13-Mar-2026 16:00:53 UTC] Domain API - action=suggest, clerk_user_id=user_3AhnQJV5XslRK9dMtMXyCieGbiA
[13-Mar-2026 16:00:54 UTC] Domain API - action=suggest, clerk_user_id=user_3AhnQJV5XslRK9dMtMXyCieGbiA
[13-Mar-2026 16:00:55 UTC] Domain API - action=suggest, clerk_user_id=user_3AhnQJV5XslRK9dMtMXyCieGbiA
[13-Mar-2026 16:00:56 UTC] Domain API - action=suggest, clerk_user_id=user_3AhnQJV5XslRK9dMtMXyCieGbiA
[13-Mar-2026 16:00:57 UTC] Domain API - action=suggest, clerk_user_id=user_3AhnQJV5XslRK9dMtMXyCieGbiA
[13-Mar-2026 16:00:58 UTC] Domain API - action=suggest, clerk_user_id=user_3AhnQJV5XslRK9dMtMXyCieGbiA
[13-Mar-2026 16:00:59 UTC] Domain API - action=suggest, clerk_user_id=user_3AhnQJV5XslRK9dMtMXyCieGbiA
[13-Mar-2026 16:00:59 UTC] Domain API - action=suggest, clerk_user_id=user_3AhnQJV5XslRK9dMtMXyCieGbiA
[13-Mar-2026 16:01:00 UTC] Domain API - action=suggest, clerk_user_id=user_3AhnQJV5XslRK9dMtMXyCieGbiA
[13-Mar-2026 16:01:01 UTC] Domain API - action=suggest, clerk_user_id=user_3AhnQJV5XslRK9dMtMXyCieGbiA
[13-Mar-2026 16:01:02 UTC] Domain API - action=suggest, clerk_user_id=user_3AhnQJV5XslRK9dMtMXyCieGbiA
[13-Mar-2026 16:01:03 UTC] Domain API - action=suggest, clerk_user_id=user_3AhnQJV5XslRK9dMtMXyCieGbiA
[13-Mar-2026 16:01:04 UTC] Domain API - action=suggest, clerk_user_id=user_3AhnQJV5XslRK9dMtMXyCieGbiA
[13-Mar-2026 16:01:05 UTC] Domain API - action=suggest, clerk_user_id=user_3AhnQJV5XslRK9dMtMXyCieGbiA
[13-Mar-2026 16:01:05 UTC] Domain API - action=suggest, clerk_user_id=user_3AhnQJV5XslRK9dMtMXyCieGbiA
[13-Mar-2026 16:01:06 UTC] Domain API - action=suggest, clerk_user_id=user_3AhnQJV5XslRK9dMtMXyCieGbiA
[13-Mar-2026 16:01:07 UTC] Domain API - action=suggest, clerk_user_id=user_3AhnQJV5XslRK9dMtMXyCieGbiA
[13-Mar-2026 16:01:08 UTC] Domain API - action=suggest, clerk_user_id=user_3AhnQJV5XslRK9dMtMXyCieGbiA
[13-Mar-2026 16:01:09 UTC] Domain API - action=suggest, clerk_user_id=user_3AhnQJV5XslRK9dMtMXyCieGbiA
[13-Mar-2026 16:01:10 UTC] Domain API - action=suggest, clerk_user_id=user_3AhnQJV5XslRK9dMtMXyCieGbiA
[13-Mar-2026 16:01:11 UTC] Domain API - action=suggest, clerk_user_id=user_3AhnQJV5XslRK9dMtMXyCieGbiA
[13-Mar-2026 16:01:12 UTC] Domain API - action=suggest, clerk_user_id=user_3AhnQJV5XslRK9dMtMXyCieGbiA
[13-Mar-2026 16:01:12 UTC] Domain API - action=suggest, clerk_user_id=user_3AhnQJV5XslRK9dMtMXyCieGbiA
[13-Mar-2026 16:01:13 UTC] Domain API - action=suggest, clerk_user_id=user_3AhnQJV5XslRK9dMtMXyCieGbiA
[13-Mar-2026 16:01:14 UTC] Domain API - action=suggest, clerk_user_id=user_3AhnQJV5XslRK9dMtMXyCieGbiA
[13-Mar-2026 16:01:15 UTC] Domain API - action=suggest, clerk_user_id=user_3AhnQJV5XslRK9dMtMXyCieGbiA
[13-Mar-2026 16:01:16 UTC] Domain API - action=suggest, clerk_user_id=user_3AhnQJV5XslRK9dMtMXyCieGbiA
[13-Mar-2026 16:01:17 UTC] Domain API - action=suggest, clerk_user_id=user_3AhnQJV5XslRK9dMtMXyCieGbiA
[13-Mar-2026 16:01:18 UTC] Domain API - action=suggest, clerk_user_id=user_3AhnQJV5XslRK9dMtMXyCieGbiA
[13-Mar-2026 16:01:19 UTC] Domain API - action=suggest, clerk_user_id=user_3AhnQJV5XslRK9dMtMXyCieGbiA
[13-Mar-2026 16:01:20 UTC] Domain API - action=suggest, clerk_user_id=user_3AhnQJV5XslRK9dMtMXyCieGbiA
[13-Mar-2026 16:01:20 UTC] Domain API - action=suggest, clerk_user_id=user_3AhnQJV5XslRK9dMtMXyCieGbiA
[13-Mar-2026 16:01:21 UTC] Domain API - action=suggest, clerk_user_id=user_3AhnQJV5XslRK9dMtMXyCieGbiA
[13-Mar-2026 16:01:22 UTC] Domain API - action=suggest, clerk_user_id=user_3AhnQJV5XslRK9dMtMXyCieGbiA
[13-Mar-2026 16:01:23 UTC] Domain API - action=suggest, clerk_user_id=user_3AhnQJV5XslRK9dMtMXyCieGbiA
[13-Mar-2026 16:01:24 UTC] Domain API - action=suggest, clerk_user_id=user_3AhnQJV5XslRK9dMtMXyCieGbiA
[13-Mar-2026 16:01:25 UTC] Domain API - action=suggest, clerk_user_id=user_3AhnQJV5XslRK9dMtMXyCieGbiA
[13-Mar-2026 16:01:25 UTC] Domain API - action=suggest, clerk_user_id=user_3AhnQJV5XslRK9dMtMXyCieGbiA
[13-Mar-2026 16:01:26 UTC] Domain API - action=suggest, clerk_user_id=user_3AhnQJV5XslRK9dMtMXyCieGbiA
[13-Mar-2026 16:01:27 UTC] Domain API - action=suggest, clerk_user_id=user_3AhnQJV5XslRK9dMtMXyCieGbiA
[13-Mar-2026 16:01:28 UTC] Domain API - action=suggest, clerk_user_id=user_3AhnQJV5XslRK9dMtMXyCieGbiA
[13-Mar-2026 16:01:29 UTC] Domain API - action=suggest, clerk_user_id=user_3AhnQJV5XslRK9dMtMXyCieGbiA
[13-Mar-2026 16:01:30 UTC] Domain API - action=suggest, clerk_user_id=user_3AhnQJV5XslRK9dMtMXyCieGbiA
[13-Mar-2026 16:01:31 UTC] Domain API - action=suggest, clerk_user_id=user_3AhnQJV5XslRK9dMtMXyCieGbiA
[13-Mar-2026 16:01:31 UTC] Domain API - action=suggest, clerk_user_id=user_3AhnQJV5XslRK9dMtMXyCieGbiA
[13-Mar-2026 16:01:32 UTC] Domain API - action=suggest, clerk_user_id=user_3AhnQJV5XslRK9dMtMXyCieGbiA
[13-Mar-2026 16:01:33 UTC] Domain API - action=suggest, clerk_user_id=user_3AhnQJV5XslRK9dMtMXyCieGbiA
[13-Mar-2026 16:01:34 UTC] Domain API - action=suggest, clerk_user_id=user_3AhnQJV5XslRK9dMtMXyCieGbiA
[13-Mar-2026 16:01:35 UTC] Domain API - action=suggest, clerk_user_id=user_3AhnQJV5XslRK9dMtMXyCieGbiA
[13-Mar-2026 16:01:36 UTC] Domain API - action=suggest, clerk_user_id=user_3AhnQJV5XslRK9dMtMXyCieGbiA
[13-Mar-2026 16:01:37 UTC] Domain API - action=suggest, clerk_user_id=user_3AhnQJV5XslRK9dMtMXyCieGbiA
[13-Mar-2026 16:01:38 UTC] Domain API - action=suggest, clerk_user_id=user_3AhnQJV5XslRK9dMtMXyCieGbiA
[13-Mar-2026 16:01:39 UTC] Domain API - action=suggest, clerk_user_id=user_3AhnQJV5XslRK9dMtMXyCieGbiA
[13-Mar-2026 16:01:40 UTC] Domain API - action=suggest, clerk_user_id=user_3AhnQJV5XslRK9dMtMXyCieGbiA
[13-Mar-2026 16:01:40 UTC] Domain API - action=suggest, clerk_user_id=user_3AhnQJV5XslRK9dMtMXyCieGbiA
[13-Mar-2026 16:01:41 UTC] Domain API - action=suggest, clerk_user_id=user_3AhnQJV5XslRK9dMtMXyCieGbiA
[13-Mar-2026 16:01:42 UTC] Domain API - action=suggest, clerk_user_id=user_3AhnQJV5XslRK9dMtMXyCieGbiA
[13-Mar-2026 16:01:43 UTC] Domain API - action=suggest, clerk_user_id=user_3AhnQJV5XslRK9dMtMXyCieGbiA
[13-Mar-2026 16:01:44 UTC] Domain API - action=suggest, clerk_user_id=user_3AhnQJV5XslRK9dMtMXyCieGbiA
[13-Mar-2026 16:01:44 UTC] Domain API - action=suggest, clerk_user_id=user_3AhnQJV5XslRK9dMtMXyCieGbiA
[13-Mar-2026 16:01:45 UTC] Domain API - action=suggest, clerk_user_id=user_3AhnQJV5XslRK9dMtMXyCieGbiA
[13-Mar-2026 16:01:46 UTC] Domain API - action=suggest, clerk_user_id=user_3AhnQJV5XslRK9dMtMXyCieGbiA
[13-Mar-2026 16:01:47 UTC] Domain API - action=suggest, clerk_user_id=user_3AhnQJV5XslRK9dMtMXyCieGbiA
[13-Mar-2026 16:01:48 UTC] Domain API - action=suggest, clerk_user_id=user_3AhnQJV5XslRK9dMtMXyCieGbiA
[13-Mar-2026 16:01:49 UTC] Domain API - action=suggest, clerk_user_id=user_3AhnQJV5XslRK9dMtMXyCieGbiA
[13-Mar-2026 16:01:49 UTC] Domain API - action=suggest, clerk_user_id=user_3AhnQJV5XslRK9dMtMXyCieGbiA
[13-Mar-2026 16:01:50 UTC] Domain API - action=suggest, clerk_user_id=user_3AhnQJV5XslRK9dMtMXyCieGbiA
[13-Mar-2026 16:01:51 UTC] Domain API - action=suggest, clerk_user_id=user_3AhnQJV5XslRK9dMtMXyCieGbiA
[13-Mar-2026 16:01:52 UTC] Domain API - action=suggest, clerk_user_id=user_3AhnQJV5XslRK9dMtMXyCieGbiA
[13-Mar-2026 16:01:53 UTC] Domain API - action=suggest, clerk_user_id=user_3AhnQJV5XslRK9dMtMXyCieGbiA
[13-Mar-2026 16:01:54 UTC] Domain API - action=suggest, clerk_user_id=user_3AhnQJV5XslRK9dMtMXyCieGbiA
[13-Mar-2026 16:01:55 UTC] Domain API - action=suggest, clerk_user_id=user_3AhnQJV5XslRK9dMtMXyCieGbiA
[13-Mar-2026 16:01:56 UTC] Domain API - action=suggest, clerk_user_id=user_3AhnQJV5XslRK9dMtMXyCieGbiA
[13-Mar-2026 16:01:56 UTC] Domain API - action=suggest, clerk_user_id=user_3AhnQJV5XslRK9dMtMXyCieGbiA
[13-Mar-2026 16:01:57 UTC] Domain API - action=suggest, clerk_user_id=user_3AhnQJV5XslRK9dMtMXyCieGbiA
[13-Mar-2026 16:01:58 UTC] Domain API - action=suggest, clerk_user_id=user_3AhnQJV5XslRK9dMtMXyCieGbiA
[13-Mar-2026 16:01:59 UTC] Domain API - action=suggest, clerk_user_id=user_3AhnQJV5XslRK9dMtMXyCieGbiA
[13-Mar-2026 16:02:00 UTC] Domain API - action=suggest, clerk_user_id=user_3AhnQJV5XslRK9dMtMXyCieGbiA
[13-Mar-2026 16:02:01 UTC] Domain API - action=suggest, clerk_user_id=user_3AhnQJV5XslRK9dMtMXyCieGbiA
[13-Mar-2026 16:02:02 UTC] Domain API - action=suggest, clerk_user_id=user_3AhnQJV5XslRK9dMtMXyCieGbiA
[13-Mar-2026 16:02:02 UTC] Domain API - action=suggest, clerk_user_id=user_3AhnQJV5XslRK9dMtMXyCieGbiA
[13-Mar-2026 16:02:03 UTC] Domain API - action=suggest, clerk_user_id=user_3AhnQJV5XslRK9dMtMXyCieGbiA
[13-Mar-2026 16:02:04 UTC] Domain API - action=suggest, clerk_user_id=user_3AhnQJV5XslRK9dMtMXyCieGbiA
[13-Mar-2026 16:02:05 UTC] Domain API - action=suggest, clerk_user_id=user_3AhnQJV5XslRK9dMtMXyCieGbiA
[13-Mar-2026 16:02:06 UTC] Domain API - action=suggest, clerk_user_id=user_3AhnQJV5XslRK9dMtMXyCieGbiA
[13-Mar-2026 16:02:07 UTC] Domain API - action=suggest, clerk_user_id=user_3AhnQJV5XslRK9dMtMXyCieGbiA
[13-Mar-2026 16:02:08 UTC] Domain API - action=suggest, clerk_user_id=user_3AhnQJV5XslRK9dMtMXyCieGbiA
[13-Mar-2026 16:02:08 UTC] Domain API - action=suggest, clerk_user_id=user_3AhnQJV5XslRK9dMtMXyCieGbiA
[13-Mar-2026 16:02:09 UTC] Domain API - action=suggest, clerk_user_id=user_3AhnQJV5XslRK9dMtMXyCieGbiA
[13-Mar-2026 16:02:10 UTC] Domain API - action=suggest, clerk_user_id=user_3AhnQJV5XslRK9dMtMXyCieGbiA
[13-Mar-2026 16:02:11 UTC] Domain API - action=suggest, clerk_user_id=user_3AhnQJV5XslRK9dMtMXyCieGbiA
[13-Mar-2026 16:02:12 UTC] Domain API - action=suggest, clerk_user_id=user_3AhnQJV5XslRK9dMtMXyCieGbiA
[13-Mar-2026 16:02:13 UTC] Domain API - action=suggest, clerk_user_id=user_3AhnQJV5XslRK9dMtMXyCieGbiA
[13-Mar-2026 16:02:13 UTC] Domain API - action=suggest, clerk_user_id=user_3AhnQJV5XslRK9dMtMXyCieGbiA
[13-Mar-2026 16:02:14 UTC] Domain API - action=suggest, clerk_user_id=user_3AhnQJV5XslRK9dMtMXyCieGbiA
[13-Mar-2026 16:02:15 UTC] Domain API - action=suggest, clerk_user_id=user_3AhnQJV5XslRK9dMtMXyCieGbiA
[13-Mar-2026 16:02:16 UTC] Domain API - action=suggest, clerk_user_id=user_3AhnQJV5XslRK9dMtMXyCieGbiA
[13-Mar-2026 16:02:17 UTC] Domain API - action=suggest, clerk_user_id=user_3AhnQJV5XslRK9dMtMXyCieGbiA
[13-Mar-2026 16:02:18 UTC] Domain API - action=suggest, clerk_user_id=user_3AhnQJV5XslRK9dMtMXyCieGbiA
[13-Mar-2026 16:02:19 UTC] Domain API - action=suggest, clerk_user_id=user_3AhnQJV5XslRK9dMtMXyCieGbiA
[13-Mar-2026 16:02:20 UTC] Domain API - action=suggest, clerk_user_id=user_3AhnQJV5XslRK9dMtMXyCieGbiA
[13-Mar-2026 16:02:21 UTC] Domain API - action=suggest, clerk_user_id=user_3AhnQJV5XslRK9dMtMXyCieGbiA
[13-Mar-2026 16:02:22 UTC] Domain API - action=suggest, clerk_user_id=user_3AhnQJV5XslRK9dMtMXyCieGbiA
[13-Mar-2026 16:02:22 UTC] Domain API - action=suggest, clerk_user_id=user_3AhnQJV5XslRK9dMtMXyCieGbiA
[13-Mar-2026 16:02:23 UTC] Domain API - action=suggest, clerk_user_id=user_3AhnQJV5XslRK9dMtMXyCieGbiA
[13-Mar-2026 16:02:24 UTC] Domain API - action=suggest, clerk_user_id=user_3AhnQJV5XslRK9dMtMXyCieGbiA
[13-Mar-2026 16:02:25 UTC] Domain API - action=suggest, clerk_user_id=user_3AhnQJV5XslRK9dMtMXyCieGbiA
[13-Mar-2026 16:02:26 UTC] Domain API - action=suggest, clerk_user_id=user_3AhnQJV5XslRK9dMtMXyCieGbiA
[13-Mar-2026 16:02:27 UTC] Domain API - action=suggest, clerk_user_id=user_3AhnQJV5XslRK9dMtMXyCieGbiA
[13-Mar-2026 16:02:28 UTC] Domain API - action=suggest, clerk_user_id=user_3AhnQJV5XslRK9dMtMXyCieGbiA
[13-Mar-2026 16:02:29 UTC] Domain API - action=suggest, clerk_user_id=user_3AhnQJV5XslRK9dMtMXyCieGbiA
[13-Mar-2026 16:02:29 UTC] Domain API - action=suggest, clerk_user_id=user_3AhnQJV5XslRK9dMtMXyCieGbiA
[13-Mar-2026 16:02:30 UTC] Domain API - action=suggest, clerk_user_id=user_3AhnQJV5XslRK9dMtMXyCieGbiA
[13-Mar-2026 16:02:31 UTC] Domain API - action=suggest, clerk_user_id=user_3AhnQJV5XslRK9dMtMXyCieGbiA
[13-Mar-2026 16:02:32 UTC] Domain API - action=suggest, clerk_user_id=user_3AhnQJV5XslRK9dMtMXyCieGbiA
[13-Mar-2026 16:02:33 UTC] Domain API - action=suggest, clerk_user_id=user_3AhnQJV5XslRK9dMtMXyCieGbiA
[13-Mar-2026 16:02:34 UTC] Domain API - action=suggest, clerk_user_id=user_3AhnQJV5XslRK9dMtMXyCieGbiA
[13-Mar-2026 16:02:35 UTC] Domain API - action=suggest, clerk_user_id=user_3AhnQJV5XslRK9dMtMXyCieGbiA
[13-Mar-2026 16:02:35 UTC] Domain API - action=suggest, clerk_user_id=user_3AhnQJV5XslRK9dMtMXyCieGbiA
[13-Mar-2026 16:02:36 UTC] Domain API - action=suggest, clerk_user_id=user_3AhnQJV5XslRK9dMtMXyCieGbiA
[13-Mar-2026 16:02:37 UTC] Domain API - action=suggest, clerk_user_id=user_3AhnQJV5XslRK9dMtMXyCieGbiA
[13-Mar-2026 16:02:38 UTC] Domain API - action=suggest, clerk_user_id=user_3AhnQJV5XslRK9dMtMXyCieGbiA
[13-Mar-2026 16:02:39 UTC] Domain API - action=suggest, clerk_user_id=user_3AhnQJV5XslRK9dMtMXyCieGbiA
[13-Mar-2026 16:02:40 UTC] Domain API - action=suggest, clerk_user_id=user_3AhnQJV5XslRK9dMtMXyCieGbiA
[13-Mar-2026 16:02:41 UTC] Domain API - action=suggest, clerk_user_id=user_3AhnQJV5XslRK9dMtMXyCieGbiA
[13-Mar-2026 16:02:41 UTC] Domain API - action=suggest, clerk_user_id=user_3AhnQJV5XslRK9dMtMXyCieGbiA
[13-Mar-2026 16:02:42 UTC] Domain API - action=suggest, clerk_user_id=user_3AhnQJV5XslRK9dMtMXyCieGbiA
[13-Mar-2026 16:02:43 UTC] Domain API - action=suggest, clerk_user_id=user_3AhnQJV5XslRK9dMtMXyCieGbiA
[13-Mar-2026 16:02:44 UTC] Domain API - action=suggest, clerk_user_id=user_3AhnQJV5XslRK9dMtMXyCieGbiA
[13-Mar-2026 16:02:45 UTC] Domain API - action=suggest, clerk_user_id=user_3AhnQJV5XslRK9dMtMXyCieGbiA
[13-Mar-2026 16:02:46 UTC] Domain API - action=suggest, clerk_user_id=user_3AhnQJV5XslRK9dMtMXyCieGbiA
[13-Mar-2026 16:02:47 UTC] Domain API - action=suggest, clerk_user_id=user_3AhnQJV5XslRK9dMtMXyCieGbiA
[13-Mar-2026 16:02:48 UTC] Domain API - action=suggest, clerk_user_id=user_3AhnQJV5XslRK9dMtMXyCieGbiA
[13-Mar-2026 16:02:49 UTC] Domain API - action=suggest, clerk_user_id=user_3AhnQJV5XslRK9dMtMXyCieGbiA
[13-Mar-2026 16:02:50 UTC] Domain API - action=suggest, clerk_user_id=user_3AhnQJV5XslRK9dMtMXyCieGbiA
[13-Mar-2026 16:02:51 UTC] Domain API - action=suggest, clerk_user_id=user_3AhnQJV5XslRK9dMtMXyCieGbiA
[13-Mar-2026 16:02:51 UTC] Domain API - action=suggest, clerk_user_id=user_3AhnQJV5XslRK9dMtMXyCieGbiA
[13-Mar-2026 16:02:52 UTC] Domain API - action=suggest, clerk_user_id=user_3AhnQJV5XslRK9dMtMXyCieGbiA
[13-Mar-2026 16:02:53 UTC] Domain API - action=suggest, clerk_user_id=user_3AhnQJV5XslRK9dMtMXyCieGbiA
[13-Mar-2026 16:02:54 UTC] Domain API - action=suggest, clerk_user_id=user_3AhnQJV5XslRK9dMtMXyCieGbiA
[13-Mar-2026 16:02:55 UTC] Domain API - action=suggest, clerk_user_id=user_3AhnQJV5XslRK9dMtMXyCieGbiA
[13-Mar-2026 16:02:56 UTC] Domain API - action=suggest, clerk_user_id=user_3AhnQJV5XslRK9dMtMXyCieGbiA
[13-Mar-2026 16:02:57 UTC] Domain API - action=suggest, clerk_user_id=user_3AhnQJV5XslRK9dMtMXyCieGbiA
[13-Mar-2026 16:02:58 UTC] Domain API - action=suggest, clerk_user_id=user_3AhnQJV5XslRK9dMtMXyCieGbiA
[13-Mar-2026 16:02:58 UTC] Domain API - action=suggest, clerk_user_id=user_3AhnQJV5XslRK9dMtMXyCieGbiA
[13-Mar-2026 16:02:59 UTC] Domain API - action=suggest, clerk_user_id=user_3AhnQJV5XslRK9dMtMXyCieGbiA
[13-Mar-2026 16:03:00 UTC] Domain API - action=suggest, clerk_user_id=user_3AhnQJV5XslRK9dMtMXyCieGbiA
[13-Mar-2026 16:03:01 UTC] Domain API - action=suggest, clerk_user_id=user_3AhnQJV5XslRK9dMtMXyCieGbiA
[13-Mar-2026 16:03:02 UTC] Domain API - action=suggest, clerk_user_id=user_3AhnQJV5XslRK9dMtMXyCieGbiA
[13-Mar-2026 16:03:03 UTC] Domain API - action=suggest, clerk_user_id=user_3AhnQJV5XslRK9dMtMXyCieGbiA
[13-Mar-2026 16:03:04 UTC] Domain API - action=suggest, clerk_user_id=user_3AhnQJV5XslRK9dMtMXyCieGbiA
[13-Mar-2026 16:03:05 UTC] Domain API - action=suggest, clerk_user_id=user_3AhnQJV5XslRK9dMtMXyCieGbiA
[13-Mar-2026 16:03:06 UTC] Domain API - action=suggest, clerk_user_id=user_3AhnQJV5XslRK9dMtMXyCieGbiA
[13-Mar-2026 16:03:06 UTC] Domain API - action=suggest, clerk_user_id=user_3AhnQJV5XslRK9dMtMXyCieGbiA
[13-Mar-2026 16:03:07 UTC] Domain API - action=suggest, clerk_user_id=user_3AhnQJV5XslRK9dMtMXyCieGbiA
[13-Mar-2026 16:03:08 UTC] Domain API - action=suggest, clerk_user_id=user_3AhnQJV5XslRK9dMtMXyCieGbiA
[13-Mar-2026 16:03:09 UTC] Domain API - action=suggest, clerk_user_id=user_3AhnQJV5XslRK9dMtMXyCieGbiA
[13-Mar-2026 16:03:10 UTC] Domain API - action=suggest, clerk_user_id=user_3AhnQJV5XslRK9dMtMXyCieGbiA
[13-Mar-2026 16:03:11 UTC] Domain API - action=suggest, clerk_user_id=user_3AhnQJV5XslRK9dMtMXyCieGbiA
[13-Mar-2026 16:03:12 UTC] Domain API - action=suggest, clerk_user_id=user_3AhnQJV5XslRK9dMtMXyCieGbiA
[13-Mar-2026 16:03:12 UTC] Domain API - action=suggest, clerk_user_id=user_3AhnQJV5XslRK9dMtMXyCieGbiA
[13-Mar-2026 16:03:13 UTC] Domain API - action=suggest, clerk_user_id=user_3AhnQJV5XslRK9dMtMXyCieGbiA
[13-Mar-2026 16:03:14 UTC] Domain API - action=suggest, clerk_user_id=user_3AhnQJV5XslRK9dMtMXyCieGbiA
[13-Mar-2026 16:03:15 UTC] Domain API - action=suggest, clerk_user_id=user_3AhnQJV5XslRK9dMtMXyCieGbiA
[13-Mar-2026 16:03:16 UTC] Domain API - action=suggest, clerk_user_id=user_3AhnQJV5XslRK9dMtMXyCieGbiA
[13-Mar-2026 16:03:17 UTC] Domain API - action=suggest, clerk_user_id=user_3AhnQJV5XslRK9dMtMXyCieGbiA
[13-Mar-2026 16:03:18 UTC] Domain API - action=suggest, clerk_user_id=user_3AhnQJV5XslRK9dMtMXyCieGbiA
[13-Mar-2026 16:03:19 UTC] Domain API - action=suggest, clerk_user_id=user_3AhnQJV5XslRK9dMtMXyCieGbiA
[13-Mar-2026 16:03:19 UTC] Domain API - action=suggest, clerk_user_id=user_3AhnQJV5XslRK9dMtMXyCieGbiA
[13-Mar-2026 16:03:20 UTC] Domain API - action=suggest, clerk_user_id=user_3AhnQJV5XslRK9dMtMXyCieGbiA
[13-Mar-2026 16:03:21 UTC] Domain API - action=suggest, clerk_user_id=user_3AhnQJV5XslRK9dMtMXyCieGbiA
[13-Mar-2026 16:03:22 UTC] Domain API - action=suggest, clerk_user_id=user_3AhnQJV5XslRK9dMtMXyCieGbiA
[13-Mar-2026 16:03:23 UTC] Domain API - action=suggest, clerk_user_id=user_3AhnQJV5XslRK9dMtMXyCieGbiA
[13-Mar-2026 16:03:24 UTC] Domain API - action=suggest, clerk_user_id=user_3AhnQJV5XslRK9dMtMXyCieGbiA
[13-Mar-2026 16:03:25 UTC] Domain API - action=suggest, clerk_user_id=user_3AhnQJV5XslRK9dMtMXyCieGbiA
[13-Mar-2026 16:03:26 UTC] Domain API - action=suggest, clerk_user_id=user_3AhnQJV5XslRK9dMtMXyCieGbiA
[13-Mar-2026 16:03:26 UTC] Domain API - action=suggest, clerk_user_id=user_3AhnQJV5XslRK9dMtMXyCieGbiA
[13-Mar-2026 16:03:27 UTC] Domain API - action=suggest, clerk_user_id=user_3AhnQJV5XslRK9dMtMXyCieGbiA
[13-Mar-2026 16:03:28 UTC] Domain API - action=suggest, clerk_user_id=user_3AhnQJV5XslRK9dMtMXyCieGbiA
[13-Mar-2026 16:03:29 UTC] Domain API - action=suggest, clerk_user_id=user_3AhnQJV5XslRK9dMtMXyCieGbiA
[13-Mar-2026 16:03:30 UTC] Domain API - action=suggest, clerk_user_id=user_3AhnQJV5XslRK9dMtMXyCieGbiA
[13-Mar-2026 16:03:31 UTC] Domain API - action=suggest, clerk_user_id=user_3AhnQJV5XslRK9dMtMXyCieGbiA
[13-Mar-2026 16:03:32 UTC] Domain API - action=suggest, clerk_user_id=user_3AhnQJV5XslRK9dMtMXyCieGbiA
[13-Mar-2026 16:03:33 UTC] Domain API - action=suggest, clerk_user_id=user_3AhnQJV5XslRK9dMtMXyCieGbiA
[13-Mar-2026 16:03:33 UTC] Domain API - action=suggest, clerk_user_id=user_3AhnQJV5XslRK9dMtMXyCieGbiA
[13-Mar-2026 16:03:34 UTC] Domain API - action=suggest, clerk_user_id=user_3AhnQJV5XslRK9dMtMXyCieGbiA
[13-Mar-2026 16:03:35 UTC] Domain API - action=suggest, clerk_user_id=user_3AhnQJV5XslRK9dMtMXyCieGbiA
[13-Mar-2026 16:03:36 UTC] Domain API - action=suggest, clerk_user_id=user_3AhnQJV5XslRK9dMtMXyCieGbiA
[13-Mar-2026 16:03:37 UTC] Domain API - action=suggest, clerk_user_id=user_3AhnQJV5XslRK9dMtMXyCieGbiA
[13-Mar-2026 16:03:38 UTC] Domain API - action=suggest, clerk_user_id=user_3AhnQJV5XslRK9dMtMXyCieGbiA
[13-Mar-2026 16:03:39 UTC] Domain API - action=suggest, clerk_user_id=user_3AhnQJV5XslRK9dMtMXyCieGbiA
[13-Mar-2026 16:03:40 UTC] Domain API - action=suggest, clerk_user_id=user_3AhnQJV5XslRK9dMtMXyCieGbiA
[13-Mar-2026 16:03:40 UTC] Domain API - action=suggest, clerk_user_id=user_3AhnQJV5XslRK9dMtMXyCieGbiA
[13-Mar-2026 16:03:41 UTC] Domain API - action=suggest, clerk_user_id=user_3AhnQJV5XslRK9dMtMXyCieGbiA
[13-Mar-2026 16:03:42 UTC] Domain API - action=suggest, clerk_user_id=user_3AhnQJV5XslRK9dMtMXyCieGbiA
[13-Mar-2026 16:03:43 UTC] Domain API - action=suggest, clerk_user_id=user_3AhnQJV5XslRK9dMtMXyCieGbiA
[13-Mar-2026 16:03:44 UTC] Domain API - action=suggest, clerk_user_id=user_3AhnQJV5XslRK9dMtMXyCieGbiA
[13-Mar-2026 16:03:45 UTC] Domain API - action=suggest, clerk_user_id=user_3AhnQJV5XslRK9dMtMXyCieGbiA
[13-Mar-2026 16:03:46 UTC] Domain API - action=suggest, clerk_user_id=user_3AhnQJV5XslRK9dMtMXyCieGbiA
[13-Mar-2026 16:03:46 UTC] Domain API - action=suggest, clerk_user_id=user_3AhnQJV5XslRK9dMtMXyCieGbiA
[13-Mar-2026 16:03:47 UTC] Domain API - action=suggest, clerk_user_id=user_3AhnQJV5XslRK9dMtMXyCieGbiA
[13-Mar-2026 16:03:48 UTC] Domain API - action=suggest, clerk_user_id=user_3AhnQJV5XslRK9dMtMXyCieGbiA
[13-Mar-2026 16:03:49 UTC] Domain API - action=suggest, clerk_user_id=user_3AhnQJV5XslRK9dMtMXyCieGbiA
[13-Mar-2026 16:03:50 UTC] Domain API - action=suggest, clerk_user_id=user_3AhnQJV5XslRK9dMtMXyCieGbiA
[13-Mar-2026 16:03:51 UTC] Domain API - action=suggest, clerk_user_id=user_3AhnQJV5XslRK9dMtMXyCieGbiA
[13-Mar-2026 16:03:52 UTC] Domain API - action=suggest, clerk_user_id=user_3AhnQJV5XslRK9dMtMXyCieGbiA
[13-Mar-2026 16:03:52 UTC] Domain API - action=suggest, clerk_user_id=user_3AhnQJV5XslRK9dMtMXyCieGbiA
[13-Mar-2026 16:03:54 UTC] Domain API - action=suggest, clerk_user_id=user_3AhnQJV5XslRK9dMtMXyCieGbiA
[13-Mar-2026 16:03:55 UTC] Domain API - action=suggest, clerk_user_id=user_3AhnQJV5XslRK9dMtMXyCieGbiA
[13-Mar-2026 16:03:55 UTC] Domain API - action=suggest, clerk_user_id=user_3AhnQJV5XslRK9dMtMXyCieGbiA
[13-Mar-2026 16:03:56 UTC] Domain API - action=suggest, clerk_user_id=user_3AhnQJV5XslRK9dMtMXyCieGbiA
[13-Mar-2026 16:03:57 UTC] Domain API - action=suggest, clerk_user_id=user_3AhnQJV5XslRK9dMtMXyCieGbiA
[13-Mar-2026 16:03:58 UTC] Domain API - action=suggest, clerk_user_id=user_3AhnQJV5XslRK9dMtMXyCieGbiA
[13-Mar-2026 16:03:59 UTC] Domain API - action=suggest, clerk_user_id=user_3AhnQJV5XslRK9dMtMXyCieGbiA
[13-Mar-2026 16:03:59 UTC] Domain API - action=suggest, clerk_user_id=user_3AhnQJV5XslRK9dMtMXyCieGbiA
[13-Mar-2026 16:04:00 UTC] Domain API - action=suggest, clerk_user_id=user_3AhnQJV5XslRK9dMtMXyCieGbiA
[13-Mar-2026 16:04:01 UTC] Domain API - action=suggest, clerk_user_id=user_3AhnQJV5XslRK9dMtMXyCieGbiA
[13-Mar-2026 16:04:02 UTC] Domain API - action=suggest, clerk_user_id=user_3AhnQJV5XslRK9dMtMXyCieGbiA
[13-Mar-2026 16:04:03 UTC] Domain API - action=suggest, clerk_user_id=user_3AhnQJV5XslRK9dMtMXyCieGbiA
[13-Mar-2026 16:04:03 UTC] Domain API - action=suggest, clerk_user_id=user_3AhnQJV5XslRK9dMtMXyCieGbiA
[13-Mar-2026 16:04:04 UTC] Domain API - action=suggest, clerk_user_id=user_3AhnQJV5XslRK9dMtMXyCieGbiA
[13-Mar-2026 16:04:05 UTC] Domain API - action=suggest, clerk_user_id=user_3AhnQJV5XslRK9dMtMXyCieGbiA
[13-Mar-2026 16:04:06 UTC] Domain API - action=suggest, clerk_user_id=user_3AhnQJV5XslRK9dMtMXyCieGbiA
[13-Mar-2026 16:04:07 UTC] Domain API - action=suggest, clerk_user_id=user_3AhnQJV5XslRK9dMtMXyCieGbiA
[13-Mar-2026 16:04:08 UTC] Domain API - action=suggest, clerk_user_id=user_3AhnQJV5XslRK9dMtMXyCieGbiA
[13-Mar-2026 16:04:09 UTC] Domain API - action=suggest, clerk_user_id=user_3AhnQJV5XslRK9dMtMXyCieGbiA
[13-Mar-2026 16:04:10 UTC] Domain API - action=suggest, clerk_user_id=user_3AhnQJV5XslRK9dMtMXyCieGbiA
[13-Mar-2026 16:04:11 UTC] Domain API - action=suggest, clerk_user_id=user_3AhnQJV5XslRK9dMtMXyCieGbiA
[13-Mar-2026 16:04:12 UTC] Domain API - action=suggest, clerk_user_id=user_3AhnQJV5XslRK9dMtMXyCieGbiA
[13-Mar-2026 16:04:13 UTC] Domain API - action=suggest, clerk_user_id=user_3AhnQJV5XslRK9dMtMXyCieGbiA
[13-Mar-2026 16:04:14 UTC] Domain API - action=suggest, clerk_user_id=user_3AhnQJV5XslRK9dMtMXyCieGbiA
[13-Mar-2026 16:04:15 UTC] Domain API - action=suggest, clerk_user_id=user_3AhnQJV5XslRK9dMtMXyCieGbiA
[13-Mar-2026 16:04:16 UTC] Domain API - action=suggest, clerk_user_id=user_3AhnQJV5XslRK9dMtMXyCieGbiA
[13-Mar-2026 16:04:17 UTC] Domain API - action=suggest, clerk_user_id=user_3AhnQJV5XslRK9dMtMXyCieGbiA
[13-Mar-2026 16:04:17 UTC] Domain API - action=suggest, clerk_user_id=user_3AhnQJV5XslRK9dMtMXyCieGbiA
[13-Mar-2026 16:04:18 UTC] Domain API - action=suggest, clerk_user_id=user_3AhnQJV5XslRK9dMtMXyCieGbiA
[13-Mar-2026 16:04:19 UTC] Domain API - action=suggest, clerk_user_id=user_3AhnQJV5XslRK9dMtMXyCieGbiA
[13-Mar-2026 16:04:20 UTC] Domain API - action=suggest, clerk_user_id=user_3AhnQJV5XslRK9dMtMXyCieGbiA
[13-Mar-2026 16:04:21 UTC] Domain API - action=suggest, clerk_user_id=user_3AhnQJV5XslRK9dMtMXyCieGbiA
[13-Mar-2026 16:04:22 UTC] Domain API - action=suggest, clerk_user_id=user_3AhnQJV5XslRK9dMtMXyCieGbiA
[13-Mar-2026 16:04:23 UTC] Domain API - action=suggest, clerk_user_id=user_3AhnQJV5XslRK9dMtMXyCieGbiA
[13-Mar-2026 16:04:24 UTC] Domain API - action=suggest, clerk_user_id=user_3AhnQJV5XslRK9dMtMXyCieGbiA
[13-Mar-2026 16:04:24 UTC] Domain API - action=suggest, clerk_user_id=user_3AhnQJV5XslRK9dMtMXyCieGbiA
[13-Mar-2026 16:04:25 UTC] Domain API - action=suggest, clerk_user_id=user_3AhnQJV5XslRK9dMtMXyCieGbiA
[13-Mar-2026 16:04:26 UTC] Domain API - action=suggest, clerk_user_id=user_3AhnQJV5XslRK9dMtMXyCieGbiA
[13-Mar-2026 16:04:27 UTC] Domain API - action=suggest, clerk_user_id=user_3AhnQJV5XslRK9dMtMXyCieGbiA
[13-Mar-2026 16:04:28 UTC] Domain API - action=suggest, clerk_user_id=user_3AhnQJV5XslRK9dMtMXyCieGbiA
[13-Mar-2026 16:04:29 UTC] Domain API - action=suggest, clerk_user_id=user_3AhnQJV5XslRK9dMtMXyCieGbiA
[13-Mar-2026 16:04:30 UTC] Domain API - action=suggest, clerk_user_id=user_3AhnQJV5XslRK9dMtMXyCieGbiA
[13-Mar-2026 16:04:30 UTC] Domain API - action=suggest, clerk_user_id=user_3AhnQJV5XslRK9dMtMXyCieGbiA
[13-Mar-2026 16:04:31 UTC] Domain API - action=suggest, clerk_user_id=user_3AhnQJV5XslRK9dMtMXyCieGbiA
[13-Mar-2026 16:04:32 UTC] Domain API - action=suggest, clerk_user_id=user_3AhnQJV5XslRK9dMtMXyCieGbiA
[13-Mar-2026 16:04:33 UTC] Domain API - action=suggest, clerk_user_id=user_3AhnQJV5XslRK9dMtMXyCieGbiA
[13-Mar-2026 16:04:34 UTC] Domain API - action=suggest, clerk_user_id=user_3AhnQJV5XslRK9dMtMXyCieGbiA
[13-Mar-2026 16:04:35 UTC] Domain API - action=suggest, clerk_user_id=user_3AhnQJV5XslRK9dMtMXyCieGbiA
[13-Mar-2026 16:04:36 UTC] Domain API - action=suggest, clerk_user_id=user_3AhnQJV5XslRK9dMtMXyCieGbiA
[13-Mar-2026 16:04:37 UTC] Domain API - action=suggest, clerk_user_id=user_3AhnQJV5XslRK9dMtMXyCieGbiA
[13-Mar-2026 16:04:37 UTC] Domain API - action=suggest, clerk_user_id=user_3AhnQJV5XslRK9dMtMXyCieGbiA
[13-Mar-2026 16:04:39 UTC] Domain API - action=suggest, clerk_user_id=user_3AhnQJV5XslRK9dMtMXyCieGbiA
[13-Mar-2026 16:04:40 UTC] Domain API - action=suggest, clerk_user_id=user_3AhnQJV5XslRK9dMtMXyCieGbiA
[13-Mar-2026 16:04:41 UTC] Domain API - action=suggest, clerk_user_id=user_3AhnQJV5XslRK9dMtMXyCieGbiA
[13-Mar-2026 16:04:41 UTC] Domain API - action=suggest, clerk_user_id=user_3AhnQJV5XslRK9dMtMXyCieGbiA
[13-Mar-2026 16:04:42 UTC] Domain API - action=suggest, clerk_user_id=user_3AhnQJV5XslRK9dMtMXyCieGbiA
[13-Mar-2026 16:04:43 UTC] Domain API - action=suggest, clerk_user_id=user_3AhnQJV5XslRK9dMtMXyCieGbiA
[13-Mar-2026 16:04:44 UTC] Domain API - action=suggest, clerk_user_id=user_3AhnQJV5XslRK9dMtMXyCieGbiA
[13-Mar-2026 16:04:45 UTC] Domain API - action=suggest, clerk_user_id=user_3AhnQJV5XslRK9dMtMXyCieGbiA
[13-Mar-2026 16:04:46 UTC] Domain API - action=suggest, clerk_user_id=user_3AhnQJV5XslRK9dMtMXyCieGbiA
[13-Mar-2026 16:04:47 UTC] Domain API - action=suggest, clerk_user_id=user_3AhnQJV5XslRK9dMtMXyCieGbiA
[13-Mar-2026 16:04:47 UTC] Domain API - action=suggest, clerk_user_id=user_3AhnQJV5XslRK9dMtMXyCieGbiA
[13-Mar-2026 16:04:48 UTC] Domain API - action=suggest, clerk_user_id=user_3AhnQJV5XslRK9dMtMXyCieGbiA
[13-Mar-2026 16:04:49 UTC] Domain API - action=suggest, clerk_user_id=user_3AhnQJV5XslRK9dMtMXyCieGbiA
[13-Mar-2026 16:04:50 UTC] Domain API - action=suggest, clerk_user_id=user_3AhnQJV5XslRK9dMtMXyCieGbiA
[13-Mar-2026 16:04:51 UTC] Domain API - action=suggest, clerk_user_id=user_3AhnQJV5XslRK9dMtMXyCieGbiA
[13-Mar-2026 16:04:52 UTC] Domain API - action=suggest, clerk_user_id=user_3AhnQJV5XslRK9dMtMXyCieGbiA
[13-Mar-2026 16:04:53 UTC] Domain API - action=suggest, clerk_user_id=user_3AhnQJV5XslRK9dMtMXyCieGbiA
[13-Mar-2026 16:04:54 UTC] Domain API - action=suggest, clerk_user_id=user_3AhnQJV5XslRK9dMtMXyCieGbiA
[13-Mar-2026 16:04:54 UTC] Domain API - action=suggest, clerk_user_id=user_3AhnQJV5XslRK9dMtMXyCieGbiA
[13-Mar-2026 16:04:55 UTC] Domain API - action=suggest, clerk_user_id=user_3AhnQJV5XslRK9dMtMXyCieGbiA
[13-Mar-2026 16:04:56 UTC] Domain API - action=suggest, clerk_user_id=user_3AhnQJV5XslRK9dMtMXyCieGbiA
[13-Mar-2026 16:04:57 UTC] Domain API - action=suggest, clerk_user_id=user_3AhnQJV5XslRK9dMtMXyCieGbiA
[13-Mar-2026 16:04:58 UTC] Domain API - action=suggest, clerk_user_id=user_3AhnQJV5XslRK9dMtMXyCieGbiA
[13-Mar-2026 16:04:59 UTC] Domain API - action=suggest, clerk_user_id=user_3AhnQJV5XslRK9dMtMXyCieGbiA
[13-Mar-2026 16:05:00 UTC] Domain API - action=suggest, clerk_user_id=user_3AhnQJV5XslRK9dMtMXyCieGbiA
[13-Mar-2026 16:05:00 UTC] Domain API - action=suggest, clerk_user_id=user_3AhnQJV5XslRK9dMtMXyCieGbiA
[13-Mar-2026 16:05:01 UTC] Domain API - action=suggest, clerk_user_id=user_3AhnQJV5XslRK9dMtMXyCieGbiA
[13-Mar-2026 16:05:02 UTC] Domain API - action=suggest, clerk_user_id=user_3AhnQJV5XslRK9dMtMXyCieGbiA
[13-Mar-2026 16:05:03 UTC] Domain API - action=suggest, clerk_user_id=user_3AhnQJV5XslRK9dMtMXyCieGbiA
[13-Mar-2026 16:05:04 UTC] Domain API - action=suggest, clerk_user_id=user_3AhnQJV5XslRK9dMtMXyCieGbiA
[13-Mar-2026 16:05:05 UTC] Domain API - action=suggest, clerk_user_id=user_3AhnQJV5XslRK9dMtMXyCieGbiA
[13-Mar-2026 16:05:06 UTC] Domain API - action=suggest, clerk_user_id=user_3AhnQJV5XslRK9dMtMXyCieGbiA
[13-Mar-2026 16:05:07 UTC] Domain API - action=suggest, clerk_user_id=user_3AhnQJV5XslRK9dMtMXyCieGbiA
[13-Mar-2026 16:05:07 UTC] Domain API - action=suggest, clerk_user_id=user_3AhnQJV5XslRK9dMtMXyCieGbiA
[13-Mar-2026 16:05:08 UTC] Domain API - action=suggest, clerk_user_id=user_3AhnQJV5XslRK9dMtMXyCieGbiA
[13-Mar-2026 16:05:09 UTC] Domain API - action=suggest, clerk_user_id=user_3AhnQJV5XslRK9dMtMXyCieGbiA
[13-Mar-2026 16:05:10 UTC] Domain API - action=suggest, clerk_user_id=user_3AhnQJV5XslRK9dMtMXyCieGbiA
[13-Mar-2026 16:05:11 UTC] Domain API - action=suggest, clerk_user_id=user_3AhnQJV5XslRK9dMtMXyCieGbiA
[13-Mar-2026 16:05:12 UTC] Domain API - action=suggest, clerk_user_id=user_3AhnQJV5XslRK9dMtMXyCieGbiA
[13-Mar-2026 16:05:13 UTC] Domain API - action=suggest, clerk_user_id=user_3AhnQJV5XslRK9dMtMXyCieGbiA
[13-Mar-2026 16:05:14 UTC] Domain API - action=suggest, clerk_user_id=user_3AhnQJV5XslRK9dMtMXyCieGbiA
[13-Mar-2026 16:05:14 UTC] Domain API - action=suggest, clerk_user_id=user_3AhnQJV5XslRK9dMtMXyCieGbiA
[13-Mar-2026 16:05:15 UTC] Domain API - action=suggest, clerk_user_id=user_3AhnQJV5XslRK9dMtMXyCieGbiA
[13-Mar-2026 16:05:16 UTC] Domain API - action=suggest, clerk_user_id=user_3AhnQJV5XslRK9dMtMXyCieGbiA
[13-Mar-2026 16:05:17 UTC] Domain API - action=suggest, clerk_user_id=user_3AhnQJV5XslRK9dMtMXyCieGbiA
[13-Mar-2026 16:05:18 UTC] Domain API - action=suggest, clerk_user_id=user_3AhnQJV5XslRK9dMtMXyCieGbiA
[13-Mar-2026 16:05:19 UTC] Domain API - action=suggest, clerk_user_id=user_3AhnQJV5XslRK9dMtMXyCieGbiA
[13-Mar-2026 16:05:19 UTC] Domain API - action=suggest, clerk_user_id=user_3AhnQJV5XslRK9dMtMXyCieGbiA
[13-Mar-2026 16:05:20 UTC] Domain API - action=suggest, clerk_user_id=user_3AhnQJV5XslRK9dMtMXyCieGbiA
[13-Mar-2026 16:05:21 UTC] Domain API - action=suggest, clerk_user_id=user_3AhnQJV5XslRK9dMtMXyCieGbiA
[13-Mar-2026 16:05:22 UTC] Domain API - action=suggest, clerk_user_id=user_3AhnQJV5XslRK9dMtMXyCieGbiA
[13-Mar-2026 16:05:23 UTC] Domain API - action=suggest, clerk_user_id=user_3AhnQJV5XslRK9dMtMXyCieGbiA
[13-Mar-2026 16:05:24 UTC] Domain API - action=suggest, clerk_user_id=user_3AhnQJV5XslRK9dMtMXyCieGbiA
[13-Mar-2026 16:05:25 UTC] Domain API - action=suggest, clerk_user_id=user_3AhnQJV5XslRK9dMtMXyCieGbiA
[13-Mar-2026 16:05:25 UTC] Domain API - action=suggest, clerk_user_id=user_3AhnQJV5XslRK9dMtMXyCieGbiA
[13-Mar-2026 16:05:26 UTC] Domain API - action=suggest, clerk_user_id=user_3AhnQJV5XslRK9dMtMXyCieGbiA
[13-Mar-2026 16:05:27 UTC] Domain API - action=suggest, clerk_user_id=user_3AhnQJV5XslRK9dMtMXyCieGbiA
[13-Mar-2026 16:05:28 UTC] Domain API - action=suggest, clerk_user_id=user_3AhnQJV5XslRK9dMtMXyCieGbiA
[13-Mar-2026 16:05:29 UTC] Domain API - action=suggest, clerk_user_id=user_3AhnQJV5XslRK9dMtMXyCieGbiA
[13-Mar-2026 16:05:30 UTC] Domain API - action=suggest, clerk_user_id=user_3AhnQJV5XslRK9dMtMXyCieGbiA
[13-Mar-2026 16:05:31 UTC] Domain API - action=suggest, clerk_user_id=user_3AhnQJV5XslRK9dMtMXyCieGbiA
[13-Mar-2026 16:05:32 UTC] Domain API - action=suggest, clerk_user_id=user_3AhnQJV5XslRK9dMtMXyCieGbiA
[13-Mar-2026 16:05:33 UTC] Domain API - action=suggest, clerk_user_id=user_3AhnQJV5XslRK9dMtMXyCieGbiA
[13-Mar-2026 16:05:34 UTC] Domain API - action=suggest, clerk_user_id=user_3AhnQJV5XslRK9dMtMXyCieGbiA
[13-Mar-2026 16:05:35 UTC] Domain API - action=suggest, clerk_user_id=user_3AhnQJV5XslRK9dMtMXyCieGbiA
[13-Mar-2026 16:05:36 UTC] Domain API - action=suggest, clerk_user_id=user_3AhnQJV5XslRK9dMtMXyCieGbiA
[13-Mar-2026 16:05:36 UTC] Domain API - action=suggest, clerk_user_id=user_3AhnQJV5XslRK9dMtMXyCieGbiA
[13-Mar-2026 16:05:37 UTC] Domain API - action=suggest, clerk_user_id=user_3AhnQJV5XslRK9dMtMXyCieGbiA
[13-Mar-2026 16:05:38 UTC] Domain API - action=suggest, clerk_user_id=user_3AhnQJV5XslRK9dMtMXyCieGbiA
[13-Mar-2026 16:05:39 UTC] Domain API - action=suggest, clerk_user_id=user_3AhnQJV5XslRK9dMtMXyCieGbiA
[13-Mar-2026 16:05:40 UTC] Domain API - action=suggest, clerk_user_id=user_3AhnQJV5XslRK9dMtMXyCieGbiA
[13-Mar-2026 16:05:41 UTC] Domain API - action=suggest, clerk_user_id=user_3AhnQJV5XslRK9dMtMXyCieGbiA
[13-Mar-2026 16:05:42 UTC] Domain API - action=suggest, clerk_user_id=user_3AhnQJV5XslRK9dMtMXyCieGbiA
[13-Mar-2026 16:05:42 UTC] Domain API - action=suggest, clerk_user_id=user_3AhnQJV5XslRK9dMtMXyCieGbiA
[13-Mar-2026 16:05:43 UTC] Domain API - action=suggest, clerk_user_id=user_3AhnQJV5XslRK9dMtMXyCieGbiA
[13-Mar-2026 16:05:44 UTC] Domain API - action=suggest, clerk_user_id=user_3AhnQJV5XslRK9dMtMXyCieGbiA
[13-Mar-2026 16:05:45 UTC] Domain API - action=suggest, clerk_user_id=user_3AhnQJV5XslRK9dMtMXyCieGbiA
[13-Mar-2026 16:05:46 UTC] Domain API - action=suggest, clerk_user_id=user_3AhnQJV5XslRK9dMtMXyCieGbiA
[13-Mar-2026 16:05:47 UTC] Domain API - action=suggest, clerk_user_id=user_3AhnQJV5XslRK9dMtMXyCieGbiA
[13-Mar-2026 16:05:48 UTC] Domain API - action=suggest, clerk_user_id=user_3AhnQJV5XslRK9dMtMXyCieGbiA
[13-Mar-2026 16:05:49 UTC] Domain API - action=suggest, clerk_user_id=user_3AhnQJV5XslRK9dMtMXyCieGbiA
[13-Mar-2026 16:05:50 UTC] Domain API - action=suggest, clerk_user_id=user_3AhnQJV5XslRK9dMtMXyCieGbiA
[13-Mar-2026 16:05:51 UTC] Domain API - action=suggest, clerk_user_id=user_3AhnQJV5XslRK9dMtMXyCieGbiA
[13-Mar-2026 16:05:51 UTC] Domain API - action=suggest, clerk_user_id=user_3AhnQJV5XslRK9dMtMXyCieGbiA
[13-Mar-2026 16:05:52 UTC] Domain API - action=suggest, clerk_user_id=user_3AhnQJV5XslRK9dMtMXyCieGbiA
[13-Mar-2026 16:05:53 UTC] Domain API - action=suggest, clerk_user_id=user_3AhnQJV5XslRK9dMtMXyCieGbiA
[13-Mar-2026 16:05:54 UTC] Domain API - action=suggest, clerk_user_id=user_3AhnQJV5XslRK9dMtMXyCieGbiA
[13-Mar-2026 16:05:55 UTC] Domain API - action=suggest, clerk_user_id=user_3AhnQJV5XslRK9dMtMXyCieGbiA
[13-Mar-2026 16:05:56 UTC] Domain API - action=suggest, clerk_user_id=user_3AhnQJV5XslRK9dMtMXyCieGbiA
[13-Mar-2026 16:05:56 UTC] Domain API - action=suggest, clerk_user_id=user_3AhnQJV5XslRK9dMtMXyCieGbiA
[13-Mar-2026 16:05:57 UTC] Domain API - action=suggest, clerk_user_id=user_3AhnQJV5XslRK9dMtMXyCieGbiA
[13-Mar-2026 16:05:58 UTC] Domain API - action=suggest, clerk_user_id=user_3AhnQJV5XslRK9dMtMXyCieGbiA
[13-Mar-2026 16:05:59 UTC] Domain API - action=suggest, clerk_user_id=user_3AhnQJV5XslRK9dMtMXyCieGbiA
[13-Mar-2026 16:06:00 UTC] Domain API - action=suggest, clerk_user_id=user_3AhnQJV5XslRK9dMtMXyCieGbiA
[13-Mar-2026 16:06:01 UTC] Domain API - action=suggest, clerk_user_id=user_3AhnQJV5XslRK9dMtMXyCieGbiA
[13-Mar-2026 16:06:02 UTC] Domain API - action=suggest, clerk_user_id=user_3AhnQJV5XslRK9dMtMXyCieGbiA
[13-Mar-2026 16:06:02 UTC] Domain API - action=suggest, clerk_user_id=user_3AhnQJV5XslRK9dMtMXyCieGbiA
[13-Mar-2026 16:06:03 UTC] Domain API - action=suggest, clerk_user_id=user_3AhnQJV5XslRK9dMtMXyCieGbiA
[13-Mar-2026 16:06:04 UTC] Domain API - action=suggest, clerk_user_id=user_3AhnQJV5XslRK9dMtMXyCieGbiA
[13-Mar-2026 16:06:05 UTC] Domain API - action=suggest, clerk_user_id=user_3AhnQJV5XslRK9dMtMXyCieGbiA
[13-Mar-2026 16:06:06 UTC] Domain API - action=suggest, clerk_user_id=user_3AhnQJV5XslRK9dMtMXyCieGbiA
[13-Mar-2026 16:06:07 UTC] Domain API - action=suggest, clerk_user_id=user_3AhnQJV5XslRK9dMtMXyCieGbiA
[13-Mar-2026 16:06:08 UTC] Domain API - action=suggest, clerk_user_id=user_3AhnQJV5XslRK9dMtMXyCieGbiA
[13-Mar-2026 16:06:08 UTC] Domain API - action=suggest, clerk_user_id=user_3AhnQJV5XslRK9dMtMXyCieGbiA
[13-Mar-2026 16:06:09 UTC] Domain API - action=suggest, clerk_user_id=user_3AhnQJV5XslRK9dMtMXyCieGbiA
[13-Mar-2026 16:06:10 UTC] Domain API - action=suggest, clerk_user_id=user_3AhnQJV5XslRK9dMtMXyCieGbiA
[13-Mar-2026 16:06:11 UTC] Domain API - action=suggest, clerk_user_id=user_3AhnQJV5XslRK9dMtMXyCieGbiA
[13-Mar-2026 16:06:12 UTC] Domain API - action=suggest, clerk_user_id=user_3AhnQJV5XslRK9dMtMXyCieGbiA
[13-Mar-2026 16:06:13 UTC] Domain API - action=suggest, clerk_user_id=user_3AhnQJV5XslRK9dMtMXyCieGbiA
[13-Mar-2026 16:06:14 UTC] Domain API - action=suggest, clerk_user_id=user_3AhnQJV5XslRK9dMtMXyCieGbiA
[13-Mar-2026 16:06:14 UTC] Domain API - action=suggest, clerk_user_id=user_3AhnQJV5XslRK9dMtMXyCieGbiA
[13-Mar-2026 16:06:16 UTC] Domain API - action=suggest, clerk_user_id=user_3AhnQJV5XslRK9dMtMXyCieGbiA
[13-Mar-2026 16:06:17 UTC] Domain API - action=suggest, clerk_user_id=user_3AhnQJV5XslRK9dMtMXyCieGbiA
[13-Mar-2026 16:06:18 UTC] Domain API - action=suggest, clerk_user_id=user_3AhnQJV5XslRK9dMtMXyCieGbiA
[13-Mar-2026 16:06:19 UTC] Domain API - action=suggest, clerk_user_id=user_3AhnQJV5XslRK9dMtMXyCieGbiA
[13-Mar-2026 16:06:20 UTC] Domain API - action=suggest, clerk_user_id=user_3AhnQJV5XslRK9dMtMXyCieGbiA
[13-Mar-2026 16:06:20 UTC] Domain API - action=suggest, clerk_user_id=user_3AhnQJV5XslRK9dMtMXyCieGbiA
[13-Mar-2026 16:06:21 UTC] Domain API - action=suggest, clerk_user_id=user_3AhnQJV5XslRK9dMtMXyCieGbiA
[13-Mar-2026 16:06:22 UTC] Domain API - action=suggest, clerk_user_id=user_3AhnQJV5XslRK9dMtMXyCieGbiA
[13-Mar-2026 16:06:23 UTC] Domain API - action=suggest, clerk_user_id=user_3AhnQJV5XslRK9dMtMXyCieGbiA
[13-Mar-2026 16:06:24 UTC] Domain API - action=suggest, clerk_user_id=user_3AhnQJV5XslRK9dMtMXyCieGbiA
[13-Mar-2026 16:06:25 UTC] Domain API - action=suggest, clerk_user_id=user_3AhnQJV5XslRK9dMtMXyCieGbiA
[13-Mar-2026 16:06:26 UTC] Domain API - action=suggest, clerk_user_id=user_3AhnQJV5XslRK9dMtMXyCieGbiA
[13-Mar-2026 16:06:26 UTC] Domain API - action=suggest, clerk_user_id=user_3AhnQJV5XslRK9dMtMXyCieGbiA
[13-Mar-2026 16:06:27 UTC] Domain API - action=suggest, clerk_user_id=user_3AhnQJV5XslRK9dMtMXyCieGbiA
[13-Mar-2026 16:06:28 UTC] Domain API - action=suggest, clerk_user_id=user_3AhnQJV5XslRK9dMtMXyCieGbiA
[13-Mar-2026 16:06:29 UTC] Domain API - action=suggest, clerk_user_id=user_3AhnQJV5XslRK9dMtMXyCieGbiA
[13-Mar-2026 16:06:30 UTC] Domain API - action=suggest, clerk_user_id=user_3AhnQJV5XslRK9dMtMXyCieGbiA
[13-Mar-2026 16:06:31 UTC] Domain API - action=suggest, clerk_user_id=user_3AhnQJV5XslRK9dMtMXyCieGbiA
[13-Mar-2026 16:06:32 UTC] Domain API - action=suggest, clerk_user_id=user_3AhnQJV5XslRK9dMtMXyCieGbiA
[13-Mar-2026 16:06:33 UTC] Domain API - action=suggest, clerk_user_id=user_3AhnQJV5XslRK9dMtMXyCieGbiA
[13-Mar-2026 16:06:33 UTC] Domain API - action=suggest, clerk_user_id=user_3AhnQJV5XslRK9dMtMXyCieGbiA
[13-Mar-2026 16:06:34 UTC] Domain API - action=suggest, clerk_user_id=user_3AhnQJV5XslRK9dMtMXyCieGbiA
[13-Mar-2026 16:06:35 UTC] Domain API - action=suggest, clerk_user_id=user_3AhnQJV5XslRK9dMtMXyCieGbiA
[13-Mar-2026 16:06:36 UTC] Domain API - action=suggest, clerk_user_id=user_3AhnQJV5XslRK9dMtMXyCieGbiA
[13-Mar-2026 16:06:37 UTC] Domain API - action=suggest, clerk_user_id=user_3AhnQJV5XslRK9dMtMXyCieGbiA
[13-Mar-2026 16:06:38 UTC] Domain API - action=suggest, clerk_user_id=user_3AhnQJV5XslRK9dMtMXyCieGbiA
[13-Mar-2026 16:06:39 UTC] Domain API - action=suggest, clerk_user_id=user_3AhnQJV5XslRK9dMtMXyCieGbiA
[13-Mar-2026 16:06:40 UTC] Domain API - action=suggest, clerk_user_id=user_3AhnQJV5XslRK9dMtMXyCieGbiA
[13-Mar-2026 16:06:40 UTC] Domain API - action=suggest, clerk_user_id=user_3AhnQJV5XslRK9dMtMXyCieGbiA
[13-Mar-2026 16:06:41 UTC] Domain API - action=suggest, clerk_user_id=user_3AhnQJV5XslRK9dMtMXyCieGbiA
[13-Mar-2026 16:06:42 UTC] Domain API - action=suggest, clerk_user_id=user_3AhnQJV5XslRK9dMtMXyCieGbiA
[13-Mar-2026 16:06:43 UTC] Domain API - action=suggest, clerk_user_id=user_3AhnQJV5XslRK9dMtMXyCieGbiA
[13-Mar-2026 16:06:44 UTC] Domain API - action=suggest, clerk_user_id=user_3AhnQJV5XslRK9dMtMXyCieGbiA
[13-Mar-2026 16:06:45 UTC] Domain API - action=suggest, clerk_user_id=user_3AhnQJV5XslRK9dMtMXyCieGbiA
[13-Mar-2026 16:06:46 UTC] Domain API - action=suggest, clerk_user_id=user_3AhnQJV5XslRK9dMtMXyCieGbiA
[13-Mar-2026 16:06:46 UTC] Domain API - action=suggest, clerk_user_id=user_3AhnQJV5XslRK9dMtMXyCieGbiA
[13-Mar-2026 16:06:47 UTC] Domain API - action=suggest, clerk_user_id=user_3AhnQJV5XslRK9dMtMXyCieGbiA
[13-Mar-2026 16:06:48 UTC] Domain API - action=suggest, clerk_user_id=user_3AhnQJV5XslRK9dMtMXyCieGbiA
[13-Mar-2026 16:06:49 UTC] Domain API - action=suggest, clerk_user_id=user_3AhnQJV5XslRK9dMtMXyCieGbiA
[13-Mar-2026 16:06:50 UTC] Domain API - action=suggest, clerk_user_id=user_3AhnQJV5XslRK9dMtMXyCieGbiA
[13-Mar-2026 16:06:51 UTC] Domain API - action=suggest, clerk_user_id=user_3AhnQJV5XslRK9dMtMXyCieGbiA
[13-Mar-2026 16:06:51 UTC] Domain API - action=suggest, clerk_user_id=user_3AhnQJV5XslRK9dMtMXyCieGbiA
[13-Mar-2026 16:06:52 UTC] Domain API - action=suggest, clerk_user_id=user_3AhnQJV5XslRK9dMtMXyCieGbiA
[13-Mar-2026 16:06:53 UTC] Domain API - action=suggest, clerk_user_id=user_3AhnQJV5XslRK9dMtMXyCieGbiA
[13-Mar-2026 16:06:54 UTC] Domain API - action=suggest, clerk_user_id=user_3AhnQJV5XslRK9dMtMXyCieGbiA
[13-Mar-2026 16:06:55 UTC] Domain API - action=suggest, clerk_user_id=user_3AhnQJV5XslRK9dMtMXyCieGbiA
[13-Mar-2026 16:06:56 UTC] Domain API - action=suggest, clerk_user_id=user_3AhnQJV5XslRK9dMtMXyCieGbiA
[13-Mar-2026 16:06:56 UTC] Domain API - action=suggest, clerk_user_id=user_3AhnQJV5XslRK9dMtMXyCieGbiA
[13-Mar-2026 16:06:57 UTC] Domain API - action=suggest, clerk_user_id=user_3AhnQJV5XslRK9dMtMXyCieGbiA
[13-Mar-2026 16:06:58 UTC] Domain API - action=suggest, clerk_user_id=user_3AhnQJV5XslRK9dMtMXyCieGbiA
[13-Mar-2026 16:06:59 UTC] Domain API - action=suggest, clerk_user_id=user_3AhnQJV5XslRK9dMtMXyCieGbiA
[13-Mar-2026 16:07:00 UTC] Domain API - action=suggest, clerk_user_id=user_3AhnQJV5XslRK9dMtMXyCieGbiA
[13-Mar-2026 16:07:01 UTC] Domain API - action=suggest, clerk_user_id=user_3AhnQJV5XslRK9dMtMXyCieGbiA
[13-Mar-2026 16:07:02 UTC] Domain API - action=suggest, clerk_user_id=user_3AhnQJV5XslRK9dMtMXyCieGbiA
[13-Mar-2026 16:07:02 UTC] Domain API - action=suggest, clerk_user_id=user_3AhnQJV5XslRK9dMtMXyCieGbiA
[13-Mar-2026 16:07:03 UTC] Domain API - action=suggest, clerk_user_id=user_3AhnQJV5XslRK9dMtMXyCieGbiA
[13-Mar-2026 16:07:04 UTC] Domain API - action=suggest, clerk_user_id=user_3AhnQJV5XslRK9dMtMXyCieGbiA
[13-Mar-2026 16:07:05 UTC] Domain API - action=suggest, clerk_user_id=user_3AhnQJV5XslRK9dMtMXyCieGbiA
[13-Mar-2026 16:07:06 UTC] Domain API - action=suggest, clerk_user_id=user_3AhnQJV5XslRK9dMtMXyCieGbiA
[13-Mar-2026 16:07:07 UTC] Domain API - action=suggest, clerk_user_id=user_3AhnQJV5XslRK9dMtMXyCieGbiA
[13-Mar-2026 16:07:08 UTC] Domain API - action=suggest, clerk_user_id=user_3AhnQJV5XslRK9dMtMXyCieGbiA
[13-Mar-2026 16:07:08 UTC] Domain API - action=suggest, clerk_user_id=user_3AhnQJV5XslRK9dMtMXyCieGbiA
[13-Mar-2026 16:07:09 UTC] Domain API - action=suggest, clerk_user_id=user_3AhnQJV5XslRK9dMtMXyCieGbiA
[13-Mar-2026 16:07:10 UTC] Domain API - action=suggest, clerk_user_id=user_3AhnQJV5XslRK9dMtMXyCieGbiA
[13-Mar-2026 16:07:11 UTC] Domain API - action=suggest, clerk_user_id=user_3AhnQJV5XslRK9dMtMXyCieGbiA
[13-Mar-2026 16:07:12 UTC] Domain API - action=suggest, clerk_user_id=user_3AhnQJV5XslRK9dMtMXyCieGbiA
[13-Mar-2026 16:07:12 UTC] Domain API - action=suggest, clerk_user_id=user_3AhnQJV5XslRK9dMtMXyCieGbiA
[13-Mar-2026 16:07:13 UTC] Domain API - action=suggest, clerk_user_id=user_3AhnQJV5XslRK9dMtMXyCieGbiA
[13-Mar-2026 16:07:14 UTC] Domain API - action=suggest, clerk_user_id=user_3AhnQJV5XslRK9dMtMXyCieGbiA
[13-Mar-2026 16:07:15 UTC] Domain API - action=suggest, clerk_user_id=user_3AhnQJV5XslRK9dMtMXyCieGbiA
[13-Mar-2026 16:07:16 UTC] Domain API - action=suggest, clerk_user_id=user_3AhnQJV5XslRK9dMtMXyCieGbiA
[13-Mar-2026 16:07:16 UTC] Domain API - action=suggest, clerk_user_id=user_3AhnQJV5XslRK9dMtMXyCieGbiA
[13-Mar-2026 16:07:17 UTC] Domain API - action=suggest, clerk_user_id=user_3AhnQJV5XslRK9dMtMXyCieGbiA
[13-Mar-2026 16:07:18 UTC] Domain API - action=suggest, clerk_user_id=user_3AhnQJV5XslRK9dMtMXyCieGbiA
[13-Mar-2026 16:07:19 UTC] Domain API - action=suggest, clerk_user_id=user_3AhnQJV5XslRK9dMtMXyCieGbiA
[13-Mar-2026 16:07:20 UTC] Domain API - action=suggest, clerk_user_id=user_3AhnQJV5XslRK9dMtMXyCieGbiA
[13-Mar-2026 16:07:20 UTC] Domain API - action=suggest, clerk_user_id=user_3AhnQJV5XslRK9dMtMXyCieGbiA
[13-Mar-2026 16:07:21 UTC] Domain API - action=suggest, clerk_user_id=user_3AhnQJV5XslRK9dMtMXyCieGbiA
[13-Mar-2026 16:07:22 UTC] Domain API - action=suggest, clerk_user_id=user_3AhnQJV5XslRK9dMtMXyCieGbiA
[13-Mar-2026 16:07:23 UTC] Domain API - action=suggest, clerk_user_id=user_3AhnQJV5XslRK9dMtMXyCieGbiA
[13-Mar-2026 16:07:24 UTC] Domain API - action=suggest, clerk_user_id=user_3AhnQJV5XslRK9dMtMXyCieGbiA
[13-Mar-2026 16:07:25 UTC] Domain API - action=suggest, clerk_user_id=user_3AhnQJV5XslRK9dMtMXyCieGbiA
[13-Mar-2026 16:07:26 UTC] Domain API - action=suggest, clerk_user_id=user_3AhnQJV5XslRK9dMtMXyCieGbiA
[13-Mar-2026 16:07:27 UTC] Domain API - action=suggest, clerk_user_id=user_3AhnQJV5XslRK9dMtMXyCieGbiA
[13-Mar-2026 16:07:27 UTC] Domain API - action=suggest, clerk_user_id=user_3AhnQJV5XslRK9dMtMXyCieGbiA
[13-Mar-2026 16:07:28 UTC] Domain API - action=suggest, clerk_user_id=user_3AhnQJV5XslRK9dMtMXyCieGbiA
[13-Mar-2026 16:07:29 UTC] Domain API - action=suggest, clerk_user_id=user_3AhnQJV5XslRK9dMtMXyCieGbiA
[13-Mar-2026 16:07:30 UTC] Domain API - action=suggest, clerk_user_id=user_3AhnQJV5XslRK9dMtMXyCieGbiA
[13-Mar-2026 16:07:31 UTC] Domain API - action=suggest, clerk_user_id=user_3AhnQJV5XslRK9dMtMXyCieGbiA
[13-Mar-2026 16:07:32 UTC] Domain API - action=suggest, clerk_user_id=user_3AhnQJV5XslRK9dMtMXyCieGbiA
[13-Mar-2026 16:07:33 UTC] Domain API - action=suggest, clerk_user_id=user_3AhnQJV5XslRK9dMtMXyCieGbiA
[13-Mar-2026 16:07:34 UTC] Domain API - action=suggest, clerk_user_id=user_3AhnQJV5XslRK9dMtMXyCieGbiA
[13-Mar-2026 16:07:34 UTC] Domain API - action=suggest, clerk_user_id=user_3AhnQJV5XslRK9dMtMXyCieGbiA
[13-Mar-2026 16:07:35 UTC] Domain API - action=suggest, clerk_user_id=user_3AhnQJV5XslRK9dMtMXyCieGbiA
[13-Mar-2026 16:07:36 UTC] Domain API - action=suggest, clerk_user_id=user_3AhnQJV5XslRK9dMtMXyCieGbiA
[13-Mar-2026 16:07:37 UTC] Domain API - action=suggest, clerk_user_id=user_3AhnQJV5XslRK9dMtMXyCieGbiA
[13-Mar-2026 16:07:38 UTC] Domain API - action=suggest, clerk_user_id=user_3AhnQJV5XslRK9dMtMXyCieGbiA
[13-Mar-2026 16:07:39 UTC] Domain API - action=suggest, clerk_user_id=user_3AhnQJV5XslRK9dMtMXyCieGbiA
[13-Mar-2026 16:07:39 UTC] Domain API - action=suggest, clerk_user_id=user_3AhnQJV5XslRK9dMtMXyCieGbiA
[13-Mar-2026 16:07:40 UTC] Domain API - action=suggest, clerk_user_id=user_3AhnQJV5XslRK9dMtMXyCieGbiA
[13-Mar-2026 16:07:41 UTC] Domain API - action=suggest, clerk_user_id=user_3AhnQJV5XslRK9dMtMXyCieGbiA
[13-Mar-2026 16:07:42 UTC] Domain API - action=suggest, clerk_user_id=user_3AhnQJV5XslRK9dMtMXyCieGbiA
[13-Mar-2026 16:07:43 UTC] Domain API - action=suggest, clerk_user_id=user_3AhnQJV5XslRK9dMtMXyCieGbiA
[13-Mar-2026 16:07:44 UTC] Domain API - action=suggest, clerk_user_id=user_3AhnQJV5XslRK9dMtMXyCieGbiA
[13-Mar-2026 16:07:45 UTC] Domain API - action=suggest, clerk_user_id=user_3AhnQJV5XslRK9dMtMXyCieGbiA
[13-Mar-2026 16:07:45 UTC] Domain API - action=suggest, clerk_user_id=user_3AhnQJV5XslRK9dMtMXyCieGbiA
[13-Mar-2026 16:07:46 UTC] Domain API - action=suggest, clerk_user_id=user_3AhnQJV5XslRK9dMtMXyCieGbiA
[13-Mar-2026 16:07:47 UTC] Domain API - action=suggest, clerk_user_id=user_3AhnQJV5XslRK9dMtMXyCieGbiA
[13-Mar-2026 16:07:48 UTC] Domain API - action=suggest, clerk_user_id=user_3AhnQJV5XslRK9dMtMXyCieGbiA
[13-Mar-2026 16:07:49 UTC] Domain API - action=suggest, clerk_user_id=user_3AhnQJV5XslRK9dMtMXyCieGbiA
[13-Mar-2026 16:07:50 UTC] Domain API - action=suggest, clerk_user_id=user_3AhnQJV5XslRK9dMtMXyCieGbiA
[13-Mar-2026 16:07:51 UTC] Domain API - action=suggest, clerk_user_id=user_3AhnQJV5XslRK9dMtMXyCieGbiA
[13-Mar-2026 16:07:52 UTC] Domain API - action=suggest, clerk_user_id=user_3AhnQJV5XslRK9dMtMXyCieGbiA
[13-Mar-2026 16:07:53 UTC] Domain API - action=suggest, clerk_user_id=user_3AhnQJV5XslRK9dMtMXyCieGbiA
[13-Mar-2026 16:07:54 UTC] Domain API - action=suggest, clerk_user_id=user_3AhnQJV5XslRK9dMtMXyCieGbiA
[13-Mar-2026 16:07:54 UTC] Domain API - action=suggest, clerk_user_id=user_3AhnQJV5XslRK9dMtMXyCieGbiA
[13-Mar-2026 16:07:55 UTC] Domain API - action=suggest, clerk_user_id=user_3AhnQJV5XslRK9dMtMXyCieGbiA
[13-Mar-2026 16:07:56 UTC] Domain API - action=suggest, clerk_user_id=user_3AhnQJV5XslRK9dMtMXyCieGbiA
[13-Mar-2026 16:07:57 UTC] Domain API - action=suggest, clerk_user_id=user_3AhnQJV5XslRK9dMtMXyCieGbiA
[13-Mar-2026 16:07:58 UTC] Domain API - action=suggest, clerk_user_id=user_3AhnQJV5XslRK9dMtMXyCieGbiA
[13-Mar-2026 16:07:59 UTC] Domain API - action=suggest, clerk_user_id=user_3AhnQJV5XslRK9dMtMXyCieGbiA
[13-Mar-2026 16:07:59 UTC] Domain API - action=suggest, clerk_user_id=user_3AhnQJV5XslRK9dMtMXyCieGbiA
[13-Mar-2026 16:08:00 UTC] Domain API - action=suggest, clerk_user_id=user_3AhnQJV5XslRK9dMtMXyCieGbiA
[13-Mar-2026 16:08:01 UTC] Domain API - action=suggest, clerk_user_id=user_3AhnQJV5XslRK9dMtMXyCieGbiA
[13-Mar-2026 16:08:02 UTC] Domain API - action=suggest, clerk_user_id=user_3AhnQJV5XslRK9dMtMXyCieGbiA
[13-Mar-2026 16:08:03 UTC] Domain API - action=suggest, clerk_user_id=user_3AhnQJV5XslRK9dMtMXyCieGbiA
[13-Mar-2026 16:08:04 UTC] Domain API - action=suggest, clerk_user_id=user_3AhnQJV5XslRK9dMtMXyCieGbiA
[13-Mar-2026 16:08:04 UTC] Domain API - action=suggest, clerk_user_id=user_3AhnQJV5XslRK9dMtMXyCieGbiA
[13-Mar-2026 16:08:05 UTC] Domain API - action=suggest, clerk_user_id=user_3AhnQJV5XslRK9dMtMXyCieGbiA
[13-Mar-2026 16:08:06 UTC] Domain API - action=suggest, clerk_user_id=user_3AhnQJV5XslRK9dMtMXyCieGbiA
[13-Mar-2026 16:08:07 UTC] Domain API - action=suggest, clerk_user_id=user_3AhnQJV5XslRK9dMtMXyCieGbiA
[13-Mar-2026 16:08:08 UTC] Domain API - action=suggest, clerk_user_id=user_3AhnQJV5XslRK9dMtMXyCieGbiA
[13-Mar-2026 16:08:09 UTC] Domain API - action=suggest, clerk_user_id=user_3AhnQJV5XslRK9dMtMXyCieGbiA
[13-Mar-2026 16:08:10 UTC] Domain API - action=suggest, clerk_user_id=user_3AhnQJV5XslRK9dMtMXyCieGbiA
[13-Mar-2026 16:08:10 UTC] Domain API - action=suggest, clerk_user_id=user_3AhnQJV5XslRK9dMtMXyCieGbiA
[13-Mar-2026 16:08:11 UTC] Domain API - action=suggest, clerk_user_id=user_3AhnQJV5XslRK9dMtMXyCieGbiA
[13-Mar-2026 16:08:12 UTC] Domain API - action=suggest, clerk_user_id=user_3AhnQJV5XslRK9dMtMXyCieGbiA
[13-Mar-2026 16:08:13 UTC] Domain API - action=suggest, clerk_user_id=user_3AhnQJV5XslRK9dMtMXyCieGbiA
[13-Mar-2026 16:08:14 UTC] Domain API - action=suggest, clerk_user_id=user_3AhnQJV5XslRK9dMtMXyCieGbiA
[13-Mar-2026 16:08:15 UTC] Domain API - action=suggest, clerk_user_id=user_3AhnQJV5XslRK9dMtMXyCieGbiA
[13-Mar-2026 16:08:16 UTC] Domain API - action=suggest, clerk_user_id=user_3AhnQJV5XslRK9dMtMXyCieGbiA
[13-Mar-2026 16:08:17 UTC] Domain API - action=suggest, clerk_user_id=user_3AhnQJV5XslRK9dMtMXyCieGbiA
[13-Mar-2026 16:08:18 UTC] Domain API - action=suggest, clerk_user_id=user_3AhnQJV5XslRK9dMtMXyCieGbiA
[13-Mar-2026 16:08:19 UTC] Domain API - action=suggest, clerk_user_id=user_3AhnQJV5XslRK9dMtMXyCieGbiA
[13-Mar-2026 16:08:19 UTC] Domain API - action=suggest, clerk_user_id=user_3AhnQJV5XslRK9dMtMXyCieGbiA
[13-Mar-2026 16:08:20 UTC] Domain API - action=suggest, clerk_user_id=user_3AhnQJV5XslRK9dMtMXyCieGbiA
[13-Mar-2026 16:08:21 UTC] Domain API - action=suggest, clerk_user_id=user_3AhnQJV5XslRK9dMtMXyCieGbiA
[13-Mar-2026 16:08:22 UTC] Domain API - action=suggest, clerk_user_id=user_3AhnQJV5XslRK9dMtMXyCieGbiA
[13-Mar-2026 16:08:23 UTC] Domain API - action=suggest, clerk_user_id=user_3AhnQJV5XslRK9dMtMXyCieGbiA
[13-Mar-2026 16:08:24 UTC] Domain API - action=suggest, clerk_user_id=user_3AhnQJV5XslRK9dMtMXyCieGbiA
[13-Mar-2026 16:08:24 UTC] Domain API - action=suggest, clerk_user_id=user_3AhnQJV5XslRK9dMtMXyCieGbiA
[13-Mar-2026 16:08:25 UTC] Domain API - action=suggest, clerk_user_id=user_3AhnQJV5XslRK9dMtMXyCieGbiA
[13-Mar-2026 16:08:26 UTC] Domain API - action=suggest, clerk_user_id=user_3AhnQJV5XslRK9dMtMXyCieGbiA
[13-Mar-2026 16:08:27 UTC] Domain API - action=suggest, clerk_user_id=user_3AhnQJV5XslRK9dMtMXyCieGbiA
[13-Mar-2026 16:08:28 UTC] Domain API - action=suggest, clerk_user_id=user_3AhnQJV5XslRK9dMtMXyCieGbiA
[13-Mar-2026 16:08:29 UTC] Domain API - action=suggest, clerk_user_id=user_3AhnQJV5XslRK9dMtMXyCieGbiA
[13-Mar-2026 16:08:30 UTC] Domain API - action=suggest, clerk_user_id=user_3AhnQJV5XslRK9dMtMXyCieGbiA
[13-Mar-2026 16:08:31 UTC] Domain API - action=suggest, clerk_user_id=user_3AhnQJV5XslRK9dMtMXyCieGbiA
[13-Mar-2026 16:08:31 UTC] Domain API - action=suggest, clerk_user_id=user_3AhnQJV5XslRK9dMtMXyCieGbiA
[13-Mar-2026 16:08:32 UTC] Domain API - action=suggest, clerk_user_id=user_3AhnQJV5XslRK9dMtMXyCieGbiA
[13-Mar-2026 16:08:33 UTC] Domain API - action=suggest, clerk_user_id=user_3AhnQJV5XslRK9dMtMXyCieGbiA
[13-Mar-2026 16:08:34 UTC] Domain API - action=suggest, clerk_user_id=user_3AhnQJV5XslRK9dMtMXyCieGbiA
[13-Mar-2026 16:08:35 UTC] Domain API - action=suggest, clerk_user_id=user_3AhnQJV5XslRK9dMtMXyCieGbiA
[13-Mar-2026 16:08:36 UTC] Domain API - action=suggest, clerk_user_id=user_3AhnQJV5XslRK9dMtMXyCieGbiA
[13-Mar-2026 16:08:37 UTC] Domain API - action=suggest, clerk_user_id=user_3AhnQJV5XslRK9dMtMXyCieGbiA
[13-Mar-2026 16:08:38 UTC] Domain API - action=suggest, clerk_user_id=user_3AhnQJV5XslRK9dMtMXyCieGbiA
[13-Mar-2026 16:08:38 UTC] Domain API - action=suggest, clerk_user_id=user_3AhnQJV5XslRK9dMtMXyCieGbiA
[13-Mar-2026 16:08:39 UTC] Domain API - action=suggest, clerk_user_id=user_3AhnQJV5XslRK9dMtMXyCieGbiA
[13-Mar-2026 16:08:40 UTC] Domain API - action=suggest, clerk_user_id=user_3AhnQJV5XslRK9dMtMXyCieGbiA
[13-Mar-2026 16:08:41 UTC] Domain API - action=suggest, clerk_user_id=user_3AhnQJV5XslRK9dMtMXyCieGbiA
[13-Mar-2026 16:08:42 UTC] Domain API - action=suggest, clerk_user_id=user_3AhnQJV5XslRK9dMtMXyCieGbiA
[13-Mar-2026 16:08:42 UTC] Domain API - action=suggest, clerk_user_id=user_3AhnQJV5XslRK9dMtMXyCieGbiA
[13-Mar-2026 16:08:43 UTC] Domain API - action=suggest, clerk_user_id=user_3AhnQJV5XslRK9dMtMXyCieGbiA
[13-Mar-2026 16:08:44 UTC] Domain API - action=suggest, clerk_user_id=user_3AhnQJV5XslRK9dMtMXyCieGbiA
[13-Mar-2026 16:08:45 UTC] Domain API - action=suggest, clerk_user_id=user_3AhnQJV5XslRK9dMtMXyCieGbiA
[13-Mar-2026 16:08:46 UTC] Domain API - action=suggest, clerk_user_id=user_3AhnQJV5XslRK9dMtMXyCieGbiA
[13-Mar-2026 16:08:47 UTC] Domain API - action=suggest, clerk_user_id=user_3AhnQJV5XslRK9dMtMXyCieGbiA
[13-Mar-2026 16:08:48 UTC] Domain API - action=suggest, clerk_user_id=user_3AhnQJV5XslRK9dMtMXyCieGbiA
[13-Mar-2026 16:08:49 UTC] Domain API - action=suggest, clerk_user_id=user_3AhnQJV5XslRK9dMtMXyCieGbiA
[13-Mar-2026 16:08:50 UTC] Domain API - action=suggest, clerk_user_id=user_3AhnQJV5XslRK9dMtMXyCieGbiA
[13-Mar-2026 16:08:51 UTC] Domain API - action=suggest, clerk_user_id=user_3AhnQJV5XslRK9dMtMXyCieGbiA
[13-Mar-2026 16:08:51 UTC] Domain API - action=suggest, clerk_user_id=user_3AhnQJV5XslRK9dMtMXyCieGbiA
[13-Mar-2026 16:08:52 UTC] Domain API - action=suggest, clerk_user_id=user_3AhnQJV5XslRK9dMtMXyCieGbiA
[13-Mar-2026 16:08:53 UTC] Domain API - action=suggest, clerk_user_id=user_3AhnQJV5XslRK9dMtMXyCieGbiA
[13-Mar-2026 16:08:54 UTC] Domain API - action=suggest, clerk_user_id=user_3AhnQJV5XslRK9dMtMXyCieGbiA
[13-Mar-2026 16:08:55 UTC] Domain API - action=suggest, clerk_user_id=user_3AhnQJV5XslRK9dMtMXyCieGbiA
[13-Mar-2026 16:08:56 UTC] Domain API - action=suggest, clerk_user_id=user_3AhnQJV5XslRK9dMtMXyCieGbiA
[13-Mar-2026 16:08:56 UTC] Domain API - action=suggest, clerk_user_id=user_3AhnQJV5XslRK9dMtMXyCieGbiA
[13-Mar-2026 16:08:57 UTC] Domain API - action=suggest, clerk_user_id=user_3AhnQJV5XslRK9dMtMXyCieGbiA
[13-Mar-2026 16:08:58 UTC] Domain API - action=suggest, clerk_user_id=user_3AhnQJV5XslRK9dMtMXyCieGbiA
[13-Mar-2026 16:08:59 UTC] Domain API - action=suggest, clerk_user_id=user_3AhnQJV5XslRK9dMtMXyCieGbiA
[13-Mar-2026 16:09:00 UTC] Domain API - action=suggest, clerk_user_id=user_3AhnQJV5XslRK9dMtMXyCieGbiA
[13-Mar-2026 16:09:01 UTC] Domain API - action=suggest, clerk_user_id=user_3AhnQJV5XslRK9dMtMXyCieGbiA
[13-Mar-2026 16:09:02 UTC] Domain API - action=suggest, clerk_user_id=user_3AhnQJV5XslRK9dMtMXyCieGbiA
[13-Mar-2026 16:09:02 UTC] Domain API - action=suggest, clerk_user_id=user_3AhnQJV5XslRK9dMtMXyCieGbiA
[13-Mar-2026 16:09:03 UTC] Domain API - action=suggest, clerk_user_id=user_3AhnQJV5XslRK9dMtMXyCieGbiA
[13-Mar-2026 16:09:04 UTC] Domain API - action=suggest, clerk_user_id=user_3AhnQJV5XslRK9dMtMXyCieGbiA
[13-Mar-2026 16:09:05 UTC] Domain API - action=suggest, clerk_user_id=user_3AhnQJV5XslRK9dMtMXyCieGbiA
[13-Mar-2026 16:09:06 UTC] Domain API - action=suggest, clerk_user_id=user_3AhnQJV5XslRK9dMtMXyCieGbiA
[13-Mar-2026 16:09:07 UTC] Domain API - action=suggest, clerk_user_id=user_3AhnQJV5XslRK9dMtMXyCieGbiA
[13-Mar-2026 16:09:08 UTC] Domain API - action=suggest, clerk_user_id=user_3AhnQJV5XslRK9dMtMXyCieGbiA
[13-Mar-2026 16:09:09 UTC] Domain API - action=suggest, clerk_user_id=user_3AhnQJV5XslRK9dMtMXyCieGbiA
[13-Mar-2026 16:09:09 UTC] Domain API - action=suggest, clerk_user_id=user_3AhnQJV5XslRK9dMtMXyCieGbiA
[13-Mar-2026 16:09:10 UTC] Domain API - action=suggest, clerk_user_id=user_3AhnQJV5XslRK9dMtMXyCieGbiA
[13-Mar-2026 16:09:11 UTC] Domain API - action=suggest, clerk_user_id=user_3AhnQJV5XslRK9dMtMXyCieGbiA
[13-Mar-2026 16:09:12 UTC] Domain API - action=suggest, clerk_user_id=user_3AhnQJV5XslRK9dMtMXyCieGbiA
[13-Mar-2026 16:09:13 UTC] Domain API - action=suggest, clerk_user_id=user_3AhnQJV5XslRK9dMtMXyCieGbiA
[13-Mar-2026 16:09:14 UTC] Domain API - action=suggest, clerk_user_id=user_3AhnQJV5XslRK9dMtMXyCieGbiA
[13-Mar-2026 16:09:15 UTC] Domain API - action=suggest, clerk_user_id=user_3AhnQJV5XslRK9dMtMXyCieGbiA
[13-Mar-2026 16:09:15 UTC] Domain API - action=suggest, clerk_user_id=user_3AhnQJV5XslRK9dMtMXyCieGbiA
[13-Mar-2026 16:09:16 UTC] Domain API - action=suggest, clerk_user_id=user_3AhnQJV5XslRK9dMtMXyCieGbiA
[13-Mar-2026 16:09:17 UTC] Domain API - action=suggest, clerk_user_id=user_3AhnQJV5XslRK9dMtMXyCieGbiA
[13-Mar-2026 16:09:18 UTC] Domain API - action=suggest, clerk_user_id=user_3AhnQJV5XslRK9dMtMXyCieGbiA
[13-Mar-2026 16:09:19 UTC] Domain API - action=suggest, clerk_user_id=user_3AhnQJV5XslRK9dMtMXyCieGbiA
[13-Mar-2026 16:09:20 UTC] Domain API - action=suggest, clerk_user_id=user_3AhnQJV5XslRK9dMtMXyCieGbiA
[13-Mar-2026 16:09:21 UTC] Domain API - action=suggest, clerk_user_id=user_3AhnQJV5XslRK9dMtMXyCieGbiA
[13-Mar-2026 16:09:21 UTC] Domain API - action=suggest, clerk_user_id=user_3AhnQJV5XslRK9dMtMXyCieGbiA
[13-Mar-2026 16:09:22 UTC] Domain API - action=suggest, clerk_user_id=user_3AhnQJV5XslRK9dMtMXyCieGbiA
[13-Mar-2026 16:09:23 UTC] Successfully loaded .env from: C:\Users\Pablo\Documents\GitHub\nine-screen-canvas-flow/.env
[13-Mar-2026 16:09:23 UTC] syncClerkSession - Refreshing paid status for: ptrigol@gmail.com
[13-Mar-2026 16:09:23 UTC] Purchases database connection failed: SQLSTATE[HY000] [1045] Access denied for user 'alvarotrigo_alvarotrigo'@'79.117.116.182' (using password: YES)
[13-Mar-2026 16:09:23 UTC] Attempted connection to: host=nocn.noc-n.com, dbname=alvarotrigo_alvarotrigo, user=alvarotrigo_alvarotrigo
[13-Mar-2026 16:09:23 UTC] Error checking user paid status: Purchases database connection failed: SQLSTATE[HY000] [1045] Access denied for user 'alvarotrigo_alvarotrigo'@'79.117.116.182' (using password: YES)
[13-Mar-2026 16:09:23 UTC] MySQL select query: SELECT * FROM `users` WHERE `email` = :where_email_0 AND `pro_status_source` = :where_pro_status_source_1
[13-Mar-2026 16:09:23 UTC] MySQL select params: {"where_email_0":"ptrigol@gmail.com","where_pro_status_source_1":"polar"}
[13-Mar-2026 16:09:23 UTC] MySQL select returned 0 rows
[13-Mar-2026 16:09:23 UTC] MySQL select query: SELECT * FROM `subscriptions` WHERE `customer_email` = :where_customer_email_0 AND `status` = :where_status_1
[13-Mar-2026 16:09:23 UTC] MySQL select params: {"where_customer_email_0":"ptrigol@gmail.com","where_status_1":"active"}
[13-Mar-2026 16:09:23 UTC] MySQL select returned 0 rows
[13-Mar-2026 16:09:23 UTC] syncClerkSession - Paid status refreshed: is_paid=false
[13-Mar-2026 16:09:23 UTC] MySQL select query: SELECT `id` FROM `users` WHERE `clerk_user_id` = :where_clerk_user_id_0
[13-Mar-2026 16:09:23 UTC] MySQL select params: {"where_clerk_user_id_0":"user_3AhnQJV5XslRK9dMtMXyCieGbiA"}
[13-Mar-2026 16:09:23 UTC] MySQL select returned 1 rows
[13-Mar-2026 16:09:23 UTC] MySQL select query: SELECT * FROM `user_pages` WHERE `id` = :where_id_0 AND `user_id` = :where_user_id_1
[13-Mar-2026 16:09:23 UTC] MySQL select params: {"where_id_0":"6599637d-1ec0-11f1-8378-d85ed359730c","where_user_id_1":2}
[13-Mar-2026 16:09:23 UTC] MySQL select returned 1 rows
[13-Mar-2026 16:09:23 UTC] Domain API - action=suggest, clerk_user_id=user_3AhnQJV5XslRK9dMtMXyCieGbiA
[13-Mar-2026 16:09:24 UTC] Domain API - action=suggest, clerk_user_id=user_3AhnQJV5XslRK9dMtMXyCieGbiA
[13-Mar-2026 16:09:25 UTC] Domain API - action=suggest, clerk_user_id=user_3AhnQJV5XslRK9dMtMXyCieGbiA
[13-Mar-2026 16:09:26 UTC] Domain API - action=suggest, clerk_user_id=user_3AhnQJV5XslRK9dMtMXyCieGbiA
[13-Mar-2026 16:09:27 UTC] Domain API - action=suggest, clerk_user_id=user_3AhnQJV5XslRK9dMtMXyCieGbiA
[13-Mar-2026 16:09:29 UTC] Pages API - Incoming request - Method: GET, Payload size: 0 bytes (0 KB)
[13-Mar-2026 16:09:29 UTC] Pages API - Method: GET
[13-Mar-2026 16:09:29 UTC] Pages API - clerk_user_id from request: null
[13-Mar-2026 16:09:29 UTC] Pages API - clerk_user_id from session: user_3AhnQJV5XslRK9dMtMXyCieGbiA
[13-Mar-2026 16:09:29 UTC] Pages API - Using clerk_user_id: user_3AhnQJV5XslRK9dMtMXyCieGbiA
[13-Mar-2026 16:09:29 UTC] Pages API - Using clerk_user_id: user_3AhnQJV5XslRK9dMtMXyCieGbiA
[13-Mar-2026 16:09:29 UTC] MySQL select query: SELECT `id` FROM `users` WHERE `clerk_user_id` = :where_clerk_user_id_0
[13-Mar-2026 16:09:29 UTC] MySQL select params: {"where_clerk_user_id_0":"user_3AhnQJV5XslRK9dMtMXyCieGbiA"}
[13-Mar-2026 16:09:29 UTC] MySQL select returned 1 rows
[13-Mar-2026 16:09:29 UTC] getUserIdFromClerkId - Query result: [{"id":2}]
[13-Mar-2026 16:09:29 UTC] Pages API - User ID from database: 2
[13-Mar-2026 16:09:29 UTC] Pages API - Success! User ID: 2
[13-Mar-2026 16:09:29 UTC] MySQL select query: SELECT `id`, `title`, `thumbnail_url`, `is_favorite`, `is_public`, `share_token`, `share_slug`, `last_accessed`, `created_at`, `updated_at` FROM `user_pages` WHERE `user_id` = :where_user_id_0 ORDER BY COALESCE(`last_accessed`, '1970-01-01 00:00:00') DESC
[13-Mar-2026 16:09:29 UTC] MySQL select params: {"where_user_id_0":2}
[13-Mar-2026 16:09:29 UTC] MySQL select returned 4 rows
[13-Mar-2026 16:09:29 UTC] Domain API - action=suggest, clerk_user_id=user_3AhnQJV5XslRK9dMtMXyCieGbiA
[13-Mar-2026 16:09:30 UTC] Domain API - action=lookup, clerk_user_id=user_3AhnQJV5XslRK9dMtMXyCieGbiA
[13-Mar-2026 16:09:33 UTC] Pages API - Incoming request - Method: POST, Payload size: 168 bytes (0.16 KB)
[13-Mar-2026 16:09:33 UTC] Pages API - Method: POST
[13-Mar-2026 16:09:33 UTC] Pages API - clerk_user_id from request: user_3AhnQJV5XslRK9dMtMXyCieGbiA
[13-Mar-2026 16:09:33 UTC] Pages API - clerk_user_id from session: user_3AhnQJV5XslRK9dMtMXyCieGbiA
[13-Mar-2026 16:09:33 UTC] Pages API - Using clerk_user_id: user_3AhnQJV5XslRK9dMtMXyCieGbiA
[13-Mar-2026 16:09:33 UTC] Pages API - Using clerk_user_id: user_3AhnQJV5XslRK9dMtMXyCieGbiA
[13-Mar-2026 16:09:33 UTC] MySQL select query: SELECT `id` FROM `users` WHERE `clerk_user_id` = :where_clerk_user_id_0
[13-Mar-2026 16:09:33 UTC] MySQL select params: {"where_clerk_user_id_0":"user_3AhnQJV5XslRK9dMtMXyCieGbiA"}
[13-Mar-2026 16:09:33 UTC] MySQL select returned 1 rows
[13-Mar-2026 16:09:33 UTC] getUserIdFromClerkId - Query result: [{"id":2}]
[13-Mar-2026 16:09:33 UTC] Pages API - User ID from database: 2
[13-Mar-2026 16:09:33 UTC] Pages API - Success! User ID: 2
[13-Mar-2026 16:09:33 UTC] Pages API POST - action='publish-domain', input_keys=action,id,clerk_user_id,domain,share_slug, raw_snippet={"action":"publish-domain","id":"6599637d-1ec0-11f1-8378-d85ed359730c","clerk_user_id":"user_3AhnQJV5XslRK9dMtMXyCieGbiA
[13-Mar-2026 16:09:33 UTC] publishPageWithDomain - START: pageId=6599637d-1ec0-11f1-8378-d85ed359730c, userId=2, domain=13marzo.com
[13-Mar-2026 16:09:33 UTC] publishPageWithDomain - ERROR: Domain registration requires a Pro plan.
[13-Mar-2026 16:10:48 UTC] Pages API - Incoming request - Method: GET, Payload size: 0 bytes (0 KB)
[13-Mar-2026 16:10:48 UTC] Pages API - Method: GET
[13-Mar-2026 16:10:48 UTC] Pages API - clerk_user_id from request: null
[13-Mar-2026 16:10:48 UTC] Pages API - clerk_user_id from session: user_3AhnQJV5XslRK9dMtMXyCieGbiA
[13-Mar-2026 16:10:48 UTC] Pages API - Using clerk_user_id: user_3AhnQJV5XslRK9dMtMXyCieGbiA
[13-Mar-2026 16:10:48 UTC] Pages API - Using clerk_user_id: user_3AhnQJV5XslRK9dMtMXyCieGbiA
[13-Mar-2026 16:10:48 UTC] MySQL select query: SELECT `id` FROM `users` WHERE `clerk_user_id` = :where_clerk_user_id_0
[13-Mar-2026 16:10:48 UTC] MySQL select params: {"where_clerk_user_id_0":"user_3AhnQJV5XslRK9dMtMXyCieGbiA"}
[13-Mar-2026 16:10:48 UTC] MySQL select returned 1 rows
[13-Mar-2026 16:10:48 UTC] getUserIdFromClerkId - Query result: [{"id":2}]
[13-Mar-2026 16:10:48 UTC] Pages API - User ID from database: 2
[13-Mar-2026 16:10:48 UTC] Pages API - Success! User ID: 2
[13-Mar-2026 16:10:48 UTC] MySQL select query: SELECT `id`, `title`, `thumbnail_url`, `is_favorite`, `is_public`, `share_token`, `share_slug`, `last_accessed`, `created_at`, `updated_at` FROM `user_pages` WHERE `user_id` = :where_user_id_0 ORDER BY COALESCE(`last_accessed`, '1970-01-01 00:00:00') DESC
[13-Mar-2026 16:10:48 UTC] MySQL select params: {"where_user_id_0":2}
[13-Mar-2026 16:10:48 UTC] MySQL select returned 4 rows
[13-Mar-2026 16:10:50 UTC] Successfully loaded .env from: C:\Users\Pablo\Documents\GitHub\nine-screen-canvas-flow/.env
[13-Mar-2026 16:10:50 UTC] MySQL select query: SELECT `id` FROM `users` WHERE `clerk_user_id` = :where_clerk_user_id_0
[13-Mar-2026 16:10:50 UTC] MySQL select params: {"where_clerk_user_id_0":"user_3AhnQJV5XslRK9dMtMXyCieGbiA"}
[13-Mar-2026 16:10:50 UTC] MySQL select returned 1 rows
[13-Mar-2026 16:10:50 UTC] MySQL select query: SELECT * FROM `user_pages` WHERE `id` = :where_id_0 AND `user_id` = :where_user_id_1
[13-Mar-2026 16:10:50 UTC] MySQL select params: {"where_id_0":"dde44853-1c76-11f1-929a-d85ed359730c","where_user_id_1":2}
[13-Mar-2026 16:10:50 UTC] MySQL select returned 1 rows
[13-Mar-2026 16:10:52 UTC] Pages API - Incoming request - Method: GET, Payload size: 0 bytes (0 KB)
[13-Mar-2026 16:10:52 UTC] Pages API - Method: GET
[13-Mar-2026 16:10:52 UTC] Pages API - clerk_user_id from request: null
[13-Mar-2026 16:10:52 UTC] Pages API - clerk_user_id from session: user_3AhnQJV5XslRK9dMtMXyCieGbiA
[13-Mar-2026 16:10:52 UTC] Pages API - Using clerk_user_id: user_3AhnQJV5XslRK9dMtMXyCieGbiA
[13-Mar-2026 16:10:52 UTC] Pages API - Using clerk_user_id: user_3AhnQJV5XslRK9dMtMXyCieGbiA
[13-Mar-2026 16:10:52 UTC] MySQL select query: SELECT `id` FROM `users` WHERE `clerk_user_id` = :where_clerk_user_id_0
[13-Mar-2026 16:10:52 UTC] MySQL select params: {"where_clerk_user_id_0":"user_3AhnQJV5XslRK9dMtMXyCieGbiA"}
[13-Mar-2026 16:10:52 UTC] MySQL select returned 1 rows
[13-Mar-2026 16:10:52 UTC] getUserIdFromClerkId - Query result: [{"id":2}]
[13-Mar-2026 16:10:52 UTC] Pages API - User ID from database: 2
[13-Mar-2026 16:10:52 UTC] Pages API - Success! User ID: 2
[13-Mar-2026 16:10:52 UTC] MySQL select query: SELECT `id`, `title`, `thumbnail_url`, `is_favorite`, `is_public`, `share_token`, `share_slug`, `last_accessed`, `created_at`, `updated_at` FROM `user_pages` WHERE `user_id` = :where_user_id_0 ORDER BY COALESCE(`last_accessed`, '1970-01-01 00:00:00') DESC
[13-Mar-2026 16:10:52 UTC] MySQL select params: {"where_user_id_0":2}
[13-Mar-2026 16:10:52 UTC] MySQL select returned 4 rows
[13-Mar-2026 16:10:54 UTC] Pages API - Incoming request - Method: PUT, Payload size: 114 bytes (0.11 KB)
[13-Mar-2026 16:10:54 UTC] Pages API - Method: PUT
[13-Mar-2026 16:10:54 UTC] Pages API - clerk_user_id from request: user_3AhnQJV5XslRK9dMtMXyCieGbiA
[13-Mar-2026 16:10:54 UTC] Pages API - clerk_user_id from session: user_3AhnQJV5XslRK9dMtMXyCieGbiA
[13-Mar-2026 16:10:54 UTC] Pages API - Using clerk_user_id: user_3AhnQJV5XslRK9dMtMXyCieGbiA
[13-Mar-2026 16:10:54 UTC] Pages API - Using clerk_user_id: user_3AhnQJV5XslRK9dMtMXyCieGbiA
[13-Mar-2026 16:10:54 UTC] MySQL select query: SELECT `id` FROM `users` WHERE `clerk_user_id` = :where_clerk_user_id_0
[13-Mar-2026 16:10:54 UTC] MySQL select params: {"where_clerk_user_id_0":"user_3AhnQJV5XslRK9dMtMXyCieGbiA"}
[13-Mar-2026 16:10:54 UTC] MySQL select returned 1 rows
[13-Mar-2026 16:10:54 UTC] getUserIdFromClerkId - Query result: [{"id":2}]
[13-Mar-2026 16:10:54 UTC] Pages API - User ID from database: 2
[13-Mar-2026 16:10:54 UTC] Pages API - Success! User ID: 2
[13-Mar-2026 16:10:54 UTC] MySQL select query: SELECT `id`, `updated_at` FROM `user_pages` WHERE `id` = :where_id_0 AND `user_id` = :where_user_id_1
[13-Mar-2026 16:10:54 UTC] MySQL select params: {"where_id_0":"dde44853-1c76-11f1-929a-d85ed359730c","where_user_id_1":2}
[13-Mar-2026 16:10:54 UTC] MySQL select returned 1 rows
[13-Mar-2026 16:10:54 UTC] MySQL update query: UPDATE `user_pages` SET `is_public` = :is_public, `last_accessed` = :last_accessed, `updated_at` = :updated_at WHERE `id` = :where_id_0 AND `user_id` = :where_user_id_1
[13-Mar-2026 16:10:54 UTC] MySQL update params: {"is_public":0,"last_accessed":"2026-03-13 16:10:54","updated_at":"2026-03-13 16:10:54","where_id_0":"dde44853-1c76-11f1-929a-d85ed359730c","where_user_id_1":2}
[13-Mar-2026 16:10:54 UTC] MySQL update affected rows: 1
[13-Mar-2026 16:10:54 UTC] MySQL select query: SELECT * FROM `user_pages` WHERE `id` = :where_id_0 AND `user_id` = :where_user_id_1
[13-Mar-2026 16:10:54 UTC] MySQL select params: {"where_id_0":"dde44853-1c76-11f1-929a-d85ed359730c","where_user_id_1":2}
[13-Mar-2026 16:10:54 UTC] MySQL select returned 1 rows
[13-Mar-2026 16:10:54 UTC] Pages API - Incoming request - Method: GET, Payload size: 0 bytes (0 KB)
[13-Mar-2026 16:10:54 UTC] Pages API - Method: GET
[13-Mar-2026 16:10:54 UTC] Pages API - clerk_user_id from request: null
[13-Mar-2026 16:10:54 UTC] Pages API - clerk_user_id from session: user_3AhnQJV5XslRK9dMtMXyCieGbiA
[13-Mar-2026 16:10:54 UTC] Pages API - Using clerk_user_id: user_3AhnQJV5XslRK9dMtMXyCieGbiA
[13-Mar-2026 16:10:54 UTC] Pages API - Using clerk_user_id: user_3AhnQJV5XslRK9dMtMXyCieGbiA
[13-Mar-2026 16:10:54 UTC] MySQL select query: SELECT `id` FROM `users` WHERE `clerk_user_id` = :where_clerk_user_id_0
[13-Mar-2026 16:10:54 UTC] MySQL select params: {"where_clerk_user_id_0":"user_3AhnQJV5XslRK9dMtMXyCieGbiA"}
[13-Mar-2026 16:10:54 UTC] MySQL select returned 1 rows
[13-Mar-2026 16:10:54 UTC] getUserIdFromClerkId - Query result: [{"id":2}]
[13-Mar-2026 16:10:54 UTC] Pages API - User ID from database: 2
[13-Mar-2026 16:10:54 UTC] Pages API - Success! User ID: 2
[13-Mar-2026 16:10:54 UTC] MySQL select query: SELECT `id`, `title`, `thumbnail_url`, `is_favorite`, `is_public`, `share_token`, `share_slug`, `last_accessed`, `created_at`, `updated_at` FROM `user_pages` WHERE `user_id` = :where_user_id_0 ORDER BY COALESCE(`last_accessed`, '1970-01-01 00:00:00') DESC
[13-Mar-2026 16:10:54 UTC] MySQL select params: {"where_user_id_0":2}
[13-Mar-2026 16:10:54 UTC] MySQL select returned 4 rows
[13-Mar-2026 16:10:54 UTC] Pages API - Incoming request - Method: GET, Payload size: 0 bytes (0 KB)
[13-Mar-2026 16:10:54 UTC] Pages API - Method: GET
[13-Mar-2026 16:10:54 UTC] Pages API - clerk_user_id from request: null
[13-Mar-2026 16:10:54 UTC] Pages API - clerk_user_id from session: user_3AhnQJV5XslRK9dMtMXyCieGbiA
[13-Mar-2026 16:10:54 UTC] Pages API - Using clerk_user_id: user_3AhnQJV5XslRK9dMtMXyCieGbiA
[13-Mar-2026 16:10:54 UTC] Pages API - Using clerk_user_id: user_3AhnQJV5XslRK9dMtMXyCieGbiA
[13-Mar-2026 16:10:54 UTC] MySQL select query: SELECT `id` FROM `users` WHERE `clerk_user_id` = :where_clerk_user_id_0
[13-Mar-2026 16:10:54 UTC] MySQL select params: {"where_clerk_user_id_0":"user_3AhnQJV5XslRK9dMtMXyCieGbiA"}
[13-Mar-2026 16:10:54 UTC] MySQL select returned 1 rows
[13-Mar-2026 16:10:54 UTC] getUserIdFromClerkId - Query result: [{"id":2}]
[13-Mar-2026 16:10:54 UTC] Pages API - User ID from database: 2
[13-Mar-2026 16:10:54 UTC] Pages API - Success! User ID: 2
[13-Mar-2026 16:10:54 UTC] MySQL select query: SELECT `id`, `title`, `thumbnail_url`, `is_favorite`, `is_public`, `share_token`, `share_slug`, `last_accessed`, `created_at`, `updated_at` FROM `user_pages` WHERE `user_id` = :where_user_id_0 ORDER BY COALESCE(`last_accessed`, '1970-01-01 00:00:00') DESC
[13-Mar-2026 16:10:54 UTC] MySQL select params: {"where_user_id_0":2}
[13-Mar-2026 16:10:54 UTC] MySQL select returned 4 rows
[13-Mar-2026 16:11:07 UTC] Pages API - Incoming request - Method: POST, Payload size: 148 bytes (0.14 KB)
[13-Mar-2026 16:11:07 UTC] Pages API - Method: POST
[13-Mar-2026 16:11:07 UTC] Pages API - clerk_user_id from request: user_3AhnQJV5XslRK9dMtMXyCieGbiA
[13-Mar-2026 16:11:07 UTC] Pages API - clerk_user_id from session: user_3AhnQJV5XslRK9dMtMXyCieGbiA
[13-Mar-2026 16:11:07 UTC] Pages API - Using clerk_user_id: user_3AhnQJV5XslRK9dMtMXyCieGbiA
[13-Mar-2026 16:11:07 UTC] Pages API - Using clerk_user_id: user_3AhnQJV5XslRK9dMtMXyCieGbiA
[13-Mar-2026 16:11:07 UTC] MySQL select query: SELECT `id` FROM `users` WHERE `clerk_user_id` = :where_clerk_user_id_0
[13-Mar-2026 16:11:07 UTC] MySQL select params: {"where_clerk_user_id_0":"user_3AhnQJV5XslRK9dMtMXyCieGbiA"}
[13-Mar-2026 16:11:07 UTC] MySQL select returned 1 rows
[13-Mar-2026 16:11:07 UTC] getUserIdFromClerkId - Query result: [{"id":2}]
[13-Mar-2026 16:11:07 UTC] Pages API - User ID from database: 2
[13-Mar-2026 16:11:07 UTC] Pages API - Success! User ID: 2
[13-Mar-2026 16:11:07 UTC] Pages API POST - action='publish-subdomain', input_keys=action,id,clerk_user_id,share_slug, raw_snippet={"action":"publish-subdomain","id":"dde44853-1c76-11f1-929a-d85ed359730c","clerk_user_id":"user_3AhnQJV5XslRK9dMtMXyCieG
[13-Mar-2026 16:11:07 UTC] publishPageWithSubdomain - START: pageId=dde44853-1c76-11f1-929a-d85ed359730c, userId=2, shareSlug=testing
[13-Mar-2026 16:11:07 UTC] MySQL select query: SELECT `id`, `share_slug` FROM `user_pages` WHERE `id` = :where_id_0
[13-Mar-2026 16:11:07 UTC] MySQL select params: {"where_id_0":"dde44853-1c76-11f1-929a-d85ed359730c"}
[13-Mar-2026 16:11:07 UTC] MySQL select returned 1 rows
[13-Mar-2026 16:11:07 UTC] publishPageWithSubdomain - Column check OK. Current share_slug for page: "testing"
[13-Mar-2026 16:11:07 UTC] MySQL select query: SELECT `id`, `share_token`, `is_public` FROM `user_pages` WHERE `id` = :where_id_0 AND `user_id` = :where_user_id_1
[13-Mar-2026 16:11:07 UTC] MySQL select params: {"where_id_0":"dde44853-1c76-11f1-929a-d85ed359730c","where_user_id_1":2}
[13-Mar-2026 16:11:07 UTC] MySQL select returned 1 rows
[13-Mar-2026 16:11:07 UTC] publishPageWithSubdomain - Page lookup: found id=dde44853-1c76-11f1-929a-d85ed359730c
[13-Mar-2026 16:11:07 UTC] MySQL select query: SELECT `id` FROM `user_pages` WHERE `share_slug` = :where_share_slug_0
[13-Mar-2026 16:11:07 UTC] MySQL select params: {"where_share_slug_0":"testing"}
[13-Mar-2026 16:11:07 UTC] MySQL select returned 1 rows
[13-Mar-2026 16:11:07 UTC] publishPageWithSubdomain - Uniqueness check for 'testing': [{"id":"dde44853-1c76-11f1-929a-d85ed359730c"}]
[13-Mar-2026 16:11:07 UTC] publishPageWithSubdomain - Calling UPDATE with data: {"share_slug":"testing","is_public":1} WHERE id=dde44853-1c76-11f1-929a-d85ed359730c, user_id=2
[13-Mar-2026 16:11:07 UTC] MySQL update query: UPDATE `user_pages` SET `share_slug` = :share_slug, `is_public` = :is_public WHERE `id` = :where_id_0 AND `user_id` = :where_user_id_1
[13-Mar-2026 16:11:07 UTC] MySQL update params: {"share_slug":"testing","is_public":1,"where_id_0":"dde44853-1c76-11f1-929a-d85ed359730c","where_user_id_1":2}
[13-Mar-2026 16:11:07 UTC] MySQL update affected rows: 1
[13-Mar-2026 16:11:07 UTC] MySQL select query: SELECT * FROM `user_pages` WHERE `id` = :where_id_0 AND `user_id` = :where_user_id_1
[13-Mar-2026 16:11:07 UTC] MySQL select params: {"where_id_0":"dde44853-1c76-11f1-929a-d85ed359730c","where_user_id_1":2}
[13-Mar-2026 16:11:07 UTC] MySQL select returned 1 rows
[13-Mar-2026 16:11:07 UTC] publishPageWithSubdomain - UPDATE done. share_slug now in DB: testing
[13-Mar-2026 16:11:07 UTC] publishPageWithSubdomain - SUCCESS: url=https://testing.yeslovey.com
[13-Mar-2026 16:12:45 UTC] Pages API - Incoming request - Method: GET, Payload size: 0 bytes (0 KB)
[13-Mar-2026 16:12:45 UTC] Pages API - Method: GET
[13-Mar-2026 16:12:45 UTC] Pages API - clerk_user_id from request: null
[13-Mar-2026 16:12:45 UTC] Pages API - clerk_user_id from session: user_3AhnQJV5XslRK9dMtMXyCieGbiA
[13-Mar-2026 16:12:45 UTC] Pages API - Using clerk_user_id: user_3AhnQJV5XslRK9dMtMXyCieGbiA
[13-Mar-2026 16:12:45 UTC] Pages API - Using clerk_user_id: user_3AhnQJV5XslRK9dMtMXyCieGbiA
[13-Mar-2026 16:12:45 UTC] MySQL select query: SELECT `id` FROM `users` WHERE `clerk_user_id` = :where_clerk_user_id_0
[13-Mar-2026 16:12:45 UTC] MySQL select params: {"where_clerk_user_id_0":"user_3AhnQJV5XslRK9dMtMXyCieGbiA"}
[13-Mar-2026 16:12:45 UTC] MySQL select returned 1 rows
[13-Mar-2026 16:12:45 UTC] getUserIdFromClerkId - Query result: [{"id":2}]
[13-Mar-2026 16:12:45 UTC] Pages API - User ID from database: 2
[13-Mar-2026 16:12:45 UTC] Pages API - Success! User ID: 2
[13-Mar-2026 16:12:45 UTC] MySQL select query: SELECT `id`, `title`, `thumbnail_url`, `is_favorite`, `is_public`, `share_token`, `share_slug`, `last_accessed`, `created_at`, `updated_at` FROM `user_pages` WHERE `user_id` = :where_user_id_0 ORDER BY COALESCE(`last_accessed`, '1970-01-01 00:00:00') DESC
[13-Mar-2026 16:12:45 UTC] MySQL select params: {"where_user_id_0":2}
[13-Mar-2026 16:12:45 UTC] MySQL select returned 4 rows
[13-Mar-2026 16:12:58 UTC] Successfully loaded .env from: C:\Users\Pablo\Documents\GitHub\nine-screen-canvas-flow/.env
[13-Mar-2026 16:12:58 UTC] MySQL select query: SELECT `id` FROM `users` WHERE `clerk_user_id` = :where_clerk_user_id_0
[13-Mar-2026 16:12:58 UTC] MySQL select params: {"where_clerk_user_id_0":"user_3AhnQJV5XslRK9dMtMXyCieGbiA"}
[13-Mar-2026 16:12:58 UTC] MySQL select returned 1 rows
[13-Mar-2026 16:12:58 UTC] MySQL select query: SELECT * FROM `user_pages` WHERE `id` = :where_id_0 AND `user_id` = :where_user_id_1
[13-Mar-2026 16:12:58 UTC] MySQL select params: {"where_id_0":"9c8ec1a8-1ecd-11f1-8378-d85ed359730c","where_user_id_1":2}
[13-Mar-2026 16:12:58 UTC] MySQL select returned 1 rows
[13-Mar-2026 16:12:59 UTC] Pages API - Incoming request - Method: GET, Payload size: 0 bytes (0 KB)
[13-Mar-2026 16:12:59 UTC] Pages API - Method: GET
[13-Mar-2026 16:12:59 UTC] Pages API - clerk_user_id from request: null
[13-Mar-2026 16:12:59 UTC] Pages API - clerk_user_id from session: user_3AhnQJV5XslRK9dMtMXyCieGbiA
[13-Mar-2026 16:12:59 UTC] Pages API - Using clerk_user_id: user_3AhnQJV5XslRK9dMtMXyCieGbiA
[13-Mar-2026 16:12:59 UTC] Pages API - Using clerk_user_id: user_3AhnQJV5XslRK9dMtMXyCieGbiA
[13-Mar-2026 16:12:59 UTC] MySQL select query: SELECT `id` FROM `users` WHERE `clerk_user_id` = :where_clerk_user_id_0
[13-Mar-2026 16:12:59 UTC] MySQL select params: {"where_clerk_user_id_0":"user_3AhnQJV5XslRK9dMtMXyCieGbiA"}
[13-Mar-2026 16:12:59 UTC] MySQL select returned 1 rows
[13-Mar-2026 16:12:59 UTC] getUserIdFromClerkId - Query result: [{"id":2}]
[13-Mar-2026 16:12:59 UTC] Pages API - User ID from database: 2
[13-Mar-2026 16:12:59 UTC] Pages API - Success! User ID: 2
[13-Mar-2026 16:12:59 UTC] MySQL select query: SELECT `id`, `title`, `thumbnail_url`, `is_favorite`, `is_public`, `share_token`, `share_slug`, `last_accessed`, `created_at`, `updated_at` FROM `user_pages` WHERE `user_id` = :where_user_id_0 ORDER BY COALESCE(`last_accessed`, '1970-01-01 00:00:00') DESC
[13-Mar-2026 16:12:59 UTC] MySQL select params: {"where_user_id_0":2}
[13-Mar-2026 16:12:59 UTC] MySQL select returned 4 rows
[13-Mar-2026 16:13:02 UTC] Successfully loaded .env from: C:\Users\Pablo\Documents\GitHub\nine-screen-canvas-flow/.env
[13-Mar-2026 16:13:02 UTC] MySQL select query: SELECT `id` FROM `users` WHERE `clerk_user_id` = :where_clerk_user_id_0
[13-Mar-2026 16:13:02 UTC] MySQL select params: {"where_clerk_user_id_0":"user_3AhnQJV5XslRK9dMtMXyCieGbiA"}
[13-Mar-2026 16:13:02 UTC] MySQL select returned 1 rows
[13-Mar-2026 16:13:02 UTC] MySQL select query: SELECT * FROM `user_pages` WHERE `id` = :where_id_0 AND `user_id` = :where_user_id_1
[13-Mar-2026 16:13:02 UTC] MySQL select params: {"where_id_0":"6599637d-1ec0-11f1-8378-d85ed359730c","where_user_id_1":2}
[13-Mar-2026 16:13:02 UTC] MySQL select returned 1 rows
[13-Mar-2026 16:13:02 UTC] Domain API - action=suggest, clerk_user_id=user_3AhnQJV5XslRK9dMtMXyCieGbiA
[13-Mar-2026 16:13:04 UTC] Pages API - Incoming request - Method: GET, Payload size: 0 bytes (0 KB)
[13-Mar-2026 16:13:04 UTC] Pages API - Method: GET
[13-Mar-2026 16:13:04 UTC] Pages API - clerk_user_id from request: null
[13-Mar-2026 16:13:04 UTC] Pages API - clerk_user_id from session: user_3AhnQJV5XslRK9dMtMXyCieGbiA
[13-Mar-2026 16:13:04 UTC] Pages API - Using clerk_user_id: user_3AhnQJV5XslRK9dMtMXyCieGbiA
[13-Mar-2026 16:13:04 UTC] Pages API - Using clerk_user_id: user_3AhnQJV5XslRK9dMtMXyCieGbiA
[13-Mar-2026 16:13:04 UTC] MySQL select query: SELECT `id` FROM `users` WHERE `clerk_user_id` = :where_clerk_user_id_0
[13-Mar-2026 16:13:04 UTC] MySQL select params: {"where_clerk_user_id_0":"user_3AhnQJV5XslRK9dMtMXyCieGbiA"}
[13-Mar-2026 16:13:04 UTC] MySQL select returned 1 rows
[13-Mar-2026 16:13:04 UTC] getUserIdFromClerkId - Query result: [{"id":2}]
[13-Mar-2026 16:13:04 UTC] Pages API - User ID from database: 2
[13-Mar-2026 16:13:04 UTC] Pages API - Success! User ID: 2
[13-Mar-2026 16:13:04 UTC] MySQL select query: SELECT `id`, `title`, `thumbnail_url`, `is_favorite`, `is_public`, `share_token`, `share_slug`, `last_accessed`, `created_at`, `updated_at` FROM `user_pages` WHERE `user_id` = :where_user_id_0 ORDER BY COALESCE(`last_accessed`, '1970-01-01 00:00:00') DESC
[13-Mar-2026 16:13:04 UTC] MySQL select params: {"where_user_id_0":2}
[13-Mar-2026 16:13:04 UTC] MySQL select returned 4 rows
[13-Mar-2026 16:13:06 UTC] Domain API - action=lookup, clerk_user_id=user_3AhnQJV5XslRK9dMtMXyCieGbiA
[13-Mar-2026 16:13:55 UTC] Successfully loaded .env from: C:\Users\Pablo\Documents\GitHub\nine-screen-canvas-flow/.env
[13-Mar-2026 16:13:55 UTC] MySQL select query: SELECT `id` FROM `users` WHERE `clerk_user_id` = :where_clerk_user_id_0
[13-Mar-2026 16:13:55 UTC] MySQL select params: {"where_clerk_user_id_0":"user_3AhnQJV5XslRK9dMtMXyCieGbiA"}
[13-Mar-2026 16:13:55 UTC] MySQL select returned 1 rows
[13-Mar-2026 16:13:55 UTC] MySQL select query: SELECT * FROM `user_pages` WHERE `id` = :where_id_0 AND `user_id` = :where_user_id_1
[13-Mar-2026 16:13:55 UTC] MySQL select params: {"where_id_0":"6599637d-1ec0-11f1-8378-d85ed359730c","where_user_id_1":2}
[13-Mar-2026 16:13:55 UTC] MySQL select returned 1 rows
[13-Mar-2026 16:13:55 UTC] Domain API - action=suggest, clerk_user_id=user_3AhnQJV5XslRK9dMtMXyCieGbiA
[13-Mar-2026 16:13:56 UTC] Pages API - Incoming request - Method: GET, Payload size: 0 bytes (0 KB)
[13-Mar-2026 16:13:56 UTC] Pages API - Method: GET
[13-Mar-2026 16:13:56 UTC] Pages API - clerk_user_id from request: null
[13-Mar-2026 16:13:56 UTC] Pages API - clerk_user_id from session: user_3AhnQJV5XslRK9dMtMXyCieGbiA
[13-Mar-2026 16:13:56 UTC] Pages API - Using clerk_user_id: user_3AhnQJV5XslRK9dMtMXyCieGbiA
[13-Mar-2026 16:13:56 UTC] Pages API - Using clerk_user_id: user_3AhnQJV5XslRK9dMtMXyCieGbiA
[13-Mar-2026 16:13:56 UTC] MySQL select query: SELECT `id` FROM `users` WHERE `clerk_user_id` = :where_clerk_user_id_0
[13-Mar-2026 16:13:56 UTC] MySQL select params: {"where_clerk_user_id_0":"user_3AhnQJV5XslRK9dMtMXyCieGbiA"}
[13-Mar-2026 16:13:56 UTC] MySQL select returned 1 rows
[13-Mar-2026 16:13:56 UTC] getUserIdFromClerkId - Query result: [{"id":2}]
[13-Mar-2026 16:13:56 UTC] Pages API - User ID from database: 2
[13-Mar-2026 16:13:56 UTC] Pages API - Success! User ID: 2
[13-Mar-2026 16:13:56 UTC] MySQL select query: SELECT `id`, `title`, `thumbnail_url`, `is_favorite`, `is_public`, `share_token`, `share_slug`, `last_accessed`, `created_at`, `updated_at` FROM `user_pages` WHERE `user_id` = :where_user_id_0 ORDER BY COALESCE(`last_accessed`, '1970-01-01 00:00:00') DESC
[13-Mar-2026 16:13:56 UTC] MySQL select params: {"where_user_id_0":2}
[13-Mar-2026 16:13:56 UTC] MySQL select returned 4 rows
[13-Mar-2026 16:13:58 UTC] Domain API - action=lookup, clerk_user_id=user_3AhnQJV5XslRK9dMtMXyCieGbiA
[13-Mar-2026 16:14:04 UTC] Domain API - action=lookup, clerk_user_id=user_3AhnQJV5XslRK9dMtMXyCieGbiA
[13-Mar-2026 16:14:04 UTC] Domain API - action=suggest, clerk_user_id=user_3AhnQJV5XslRK9dMtMXyCieGbiA
[13-Mar-2026 16:14:09 UTC] Domain API - action=lookup, clerk_user_id=user_3AhnQJV5XslRK9dMtMXyCieGbiA
[13-Mar-2026 16:14:10 UTC] Domain API - action=suggest, clerk_user_id=user_3AhnQJV5XslRK9dMtMXyCieGbiA
[13-Mar-2026 16:14:23 UTC] Successfully loaded .env from: C:\Users\Pablo\Documents\GitHub\nine-screen-canvas-flow/.env
[13-Mar-2026 16:14:23 UTC] MySQL select query: SELECT `id` FROM `users` WHERE `clerk_user_id` = :where_clerk_user_id_0
[13-Mar-2026 16:14:23 UTC] MySQL select params: {"where_clerk_user_id_0":"user_3AhnQJV5XslRK9dMtMXyCieGbiA"}
[13-Mar-2026 16:14:23 UTC] MySQL select returned 1 rows
[13-Mar-2026 16:14:23 UTC] MySQL select query: SELECT * FROM `user_pages` WHERE `id` = :where_id_0 AND `user_id` = :where_user_id_1
[13-Mar-2026 16:14:23 UTC] MySQL select params: {"where_id_0":"6599637d-1ec0-11f1-8378-d85ed359730c","where_user_id_1":2}
[13-Mar-2026 16:14:23 UTC] MySQL select returned 1 rows
[13-Mar-2026 16:14:23 UTC] Domain API - action=suggest, clerk_user_id=user_3AhnQJV5XslRK9dMtMXyCieGbiA
[13-Mar-2026 16:14:24 UTC] Pages API - Incoming request - Method: GET, Payload size: 0 bytes (0 KB)
[13-Mar-2026 16:14:24 UTC] Pages API - Method: GET
[13-Mar-2026 16:14:24 UTC] Pages API - clerk_user_id from request: null
[13-Mar-2026 16:14:24 UTC] Pages API - clerk_user_id from session: user_3AhnQJV5XslRK9dMtMXyCieGbiA
[13-Mar-2026 16:14:24 UTC] Pages API - Using clerk_user_id: user_3AhnQJV5XslRK9dMtMXyCieGbiA
[13-Mar-2026 16:14:24 UTC] Pages API - Using clerk_user_id: user_3AhnQJV5XslRK9dMtMXyCieGbiA
[13-Mar-2026 16:14:24 UTC] MySQL select query: SELECT `id` FROM `users` WHERE `clerk_user_id` = :where_clerk_user_id_0
[13-Mar-2026 16:14:24 UTC] MySQL select params: {"where_clerk_user_id_0":"user_3AhnQJV5XslRK9dMtMXyCieGbiA"}
[13-Mar-2026 16:14:24 UTC] MySQL select returned 1 rows
[13-Mar-2026 16:14:24 UTC] getUserIdFromClerkId - Query result: [{"id":2}]
[13-Mar-2026 16:14:24 UTC] Pages API - User ID from database: 2
[13-Mar-2026 16:14:24 UTC] Pages API - Success! User ID: 2
[13-Mar-2026 16:14:24 UTC] MySQL select query: SELECT `id`, `title`, `thumbnail_url`, `is_favorite`, `is_public`, `share_token`, `share_slug`, `last_accessed`, `created_at`, `updated_at` FROM `user_pages` WHERE `user_id` = :where_user_id_0 ORDER BY COALESCE(`last_accessed`, '1970-01-01 00:00:00') DESC
[13-Mar-2026 16:14:24 UTC] MySQL select params: {"where_user_id_0":2}
[13-Mar-2026 16:14:24 UTC] MySQL select returned 4 rows
[13-Mar-2026 16:14:26 UTC] Domain API - action=lookup, clerk_user_id=user_3AhnQJV5XslRK9dMtMXyCieGbiA
[13-Mar-2026 16:14:31 UTC] Domain API - action=lookup, clerk_user_id=user_3AhnQJV5XslRK9dMtMXyCieGbiA
[13-Mar-2026 16:14:34 UTC] Pages API - Incoming request - Method: POST, Payload size: 171 bytes (0.17 KB)
[13-Mar-2026 16:14:34 UTC] Pages API - Method: POST
[13-Mar-2026 16:14:34 UTC] Pages API - clerk_user_id from request: user_3AhnQJV5XslRK9dMtMXyCieGbiA
[13-Mar-2026 16:14:34 UTC] Pages API - clerk_user_id from session: user_3AhnQJV5XslRK9dMtMXyCieGbiA
[13-Mar-2026 16:14:34 UTC] Pages API - Using clerk_user_id: user_3AhnQJV5XslRK9dMtMXyCieGbiA
[13-Mar-2026 16:14:34 UTC] Pages API - Using clerk_user_id: user_3AhnQJV5XslRK9dMtMXyCieGbiA
[13-Mar-2026 16:14:34 UTC] MySQL select query: SELECT `id` FROM `users` WHERE `clerk_user_id` = :where_clerk_user_id_0
[13-Mar-2026 16:14:34 UTC] MySQL select params: {"where_clerk_user_id_0":"user_3AhnQJV5XslRK9dMtMXyCieGbiA"}
[13-Mar-2026 16:14:34 UTC] MySQL select returned 1 rows
[13-Mar-2026 16:14:34 UTC] getUserIdFromClerkId - Query result: [{"id":2}]
[13-Mar-2026 16:14:34 UTC] Pages API - User ID from database: 2
[13-Mar-2026 16:14:34 UTC] Pages API - Success! User ID: 2
[13-Mar-2026 16:14:34 UTC] Pages API POST - action='publish-domain', input_keys=action,id,clerk_user_id,domain,share_slug, raw_snippet={"action":"publish-domain","id":"6599637d-1ec0-11f1-8378-d85ed359730c","clerk_user_id":"user_3AhnQJV5XslRK9dMtMXyCieGbiA
[13-Mar-2026 16:14:34 UTC] publishPageWithDomain - START: pageId=6599637d-1ec0-11f1-8378-d85ed359730c, userId=2, domain=prodomain.es
[13-Mar-2026 16:14:34 UTC] MySQL select query: SELECT `id`, `share_token`, `is_public` FROM `user_pages` WHERE `id` = :where_id_0 AND `user_id` = :where_user_id_1
[13-Mar-2026 16:14:34 UTC] MySQL select params: {"where_id_0":"6599637d-1ec0-11f1-8378-d85ed359730c","where_user_id_1":2}
[13-Mar-2026 16:14:34 UTC] MySQL select returned 1 rows
[13-Mar-2026 16:14:40 UTC] publishPageWithDomain - OpenSRS registration OK for prodomain.es
[13-Mar-2026 16:14:40 UTC] MySQL update query: UPDATE `user_pages` SET `share_slug` = :share_slug, `is_public` = :is_public, `share_token` = :share_token, `custom_domain` = :custom_domain WHERE `id` = :where_id_0 AND `user_id` = :where_user_id_1
[13-Mar-2026 16:14:40 UTC] MySQL update params: {"share_slug":"prodomain","is_public":1,"share_token":"0c54e039-fed6-438e-8450-44e61c98b3c1","custom_domain":"prodomain.es","where_id_0":"6599637d-1ec0-11f1-8378-d85ed359730c","where_user_id_1":2}
[13-Mar-2026 16:14:40 UTC] MySQL update error: SQLSTATE[42S22]: Column not found: 1054 Unknown column 'custom_domain' in 'field list'
[13-Mar-2026 16:14:40 UTC] MySQL update failed SQL: UPDATE `user_pages` SET `share_slug` = :share_slug, `is_public` = :is_public, `share_token` = :share_token, `custom_domain` = :custom_domain WHERE `id` = :where_id_0 AND `user_id` = :where_user_id_1
[13-Mar-2026 16:14:40 UTC] publishPageWithDomain - custom_domain column missing, saving without it: Failed to update user_pages: SQLSTATE[42S22]: Column not found: 1054 Unknown column 'custom_domain' in 'field list'
[13-Mar-2026 16:14:40 UTC] MySQL update query: UPDATE `user_pages` SET `share_slug` = :share_slug, `is_public` = :is_public, `share_token` = :share_token WHERE `id` = :where_id_0 AND `user_id` = :where_user_id_1
[13-Mar-2026 16:14:40 UTC] MySQL update params: {"share_slug":"prodomain","is_public":1,"share_token":"0c54e039-fed6-438e-8450-44e61c98b3c1","where_id_0":"6599637d-1ec0-11f1-8378-d85ed359730c","where_user_id_1":2}
[13-Mar-2026 16:14:40 UTC] MySQL update affected rows: 1
[13-Mar-2026 16:14:40 UTC] MySQL select query: SELECT * FROM `user_pages` WHERE `id` = :where_id_0 AND `user_id` = :where_user_id_1
[13-Mar-2026 16:14:40 UTC] MySQL select params: {"where_id_0":"6599637d-1ec0-11f1-8378-d85ed359730c","where_user_id_1":2}
[13-Mar-2026 16:14:40 UTC] MySQL select returned 1 rows
[13-Mar-2026 16:14:40 UTC] publishPageWithDomain - SUCCESS: url=https://prodomain.es
[13-Mar-2026 16:15:28 UTC] Pages API - Incoming request - Method: GET, Payload size: 0 bytes (0 KB)
[13-Mar-2026 16:15:28 UTC] Pages API - Method: GET
[13-Mar-2026 16:15:28 UTC] Pages API - clerk_user_id from request: null
[13-Mar-2026 16:15:28 UTC] Pages API - clerk_user_id from session: user_3AhnQJV5XslRK9dMtMXyCieGbiA
[13-Mar-2026 16:15:28 UTC] Pages API - Using clerk_user_id: user_3AhnQJV5XslRK9dMtMXyCieGbiA
[13-Mar-2026 16:15:28 UTC] Pages API - Using clerk_user_id: user_3AhnQJV5XslRK9dMtMXyCieGbiA
[13-Mar-2026 16:15:28 UTC] MySQL select query: SELECT `id` FROM `users` WHERE `clerk_user_id` = :where_clerk_user_id_0
[13-Mar-2026 16:15:28 UTC] MySQL select params: {"where_clerk_user_id_0":"user_3AhnQJV5XslRK9dMtMXyCieGbiA"}
[13-Mar-2026 16:15:28 UTC] MySQL select returned 1 rows
[13-Mar-2026 16:15:28 UTC] getUserIdFromClerkId - Query result: [{"id":2}]
[13-Mar-2026 16:15:28 UTC] Pages API - User ID from database: 2
[13-Mar-2026 16:15:28 UTC] Pages API - Success! User ID: 2
[13-Mar-2026 16:15:28 UTC] MySQL select query: SELECT `id`, `title`, `thumbnail_url`, `is_favorite`, `is_public`, `share_token`, `share_slug`, `last_accessed`, `created_at`, `updated_at` FROM `user_pages` WHERE `user_id` = :where_user_id_0 ORDER BY COALESCE(`last_accessed`, '1970-01-01 00:00:00') DESC
[13-Mar-2026 16:15:28 UTC] MySQL select params: {"where_user_id_0":2}
[13-Mar-2026 16:15:28 UTC] MySQL select returned 4 rows
[13-Mar-2026 16:22:06 UTC] Successfully loaded .env from: C:\Users\Pablo\Documents\GitHub\nine-screen-canvas-flow/.env
[13-Mar-2026 16:22:06 UTC] syncClerkSession - Refreshing paid status for: ptrigol@gmail.com
[13-Mar-2026 16:22:06 UTC] Purchases database connection failed: SQLSTATE[HY000] [1045] Access denied for user 'alvarotrigo_alvarotrigo'@'79.117.116.182' (using password: YES)
[13-Mar-2026 16:22:06 UTC] Attempted connection to: host=nocn.noc-n.com, dbname=alvarotrigo_alvarotrigo, user=alvarotrigo_alvarotrigo
[13-Mar-2026 16:22:06 UTC] Error checking user paid status: Purchases database connection failed: SQLSTATE[HY000] [1045] Access denied for user 'alvarotrigo_alvarotrigo'@'79.117.116.182' (using password: YES)
[13-Mar-2026 16:22:06 UTC] MySQL select query: SELECT * FROM `users` WHERE `email` = :where_email_0 AND `pro_status_source` = :where_pro_status_source_1
[13-Mar-2026 16:22:06 UTC] MySQL select params: {"where_email_0":"ptrigol@gmail.com","where_pro_status_source_1":"polar"}
[13-Mar-2026 16:22:06 UTC] MySQL select returned 0 rows
[13-Mar-2026 16:22:06 UTC] MySQL select query: SELECT * FROM `subscriptions` WHERE `customer_email` = :where_customer_email_0 AND `status` = :where_status_1
[13-Mar-2026 16:22:06 UTC] MySQL select params: {"where_customer_email_0":"ptrigol@gmail.com","where_status_1":"active"}
[13-Mar-2026 16:22:06 UTC] MySQL select returned 0 rows
[13-Mar-2026 16:22:06 UTC] syncClerkSession - Paid status refreshed: is_paid=false
[13-Mar-2026 16:22:06 UTC] MySQL select query: SELECT `id` FROM `users` WHERE `clerk_user_id` = :where_clerk_user_id_0
[13-Mar-2026 16:22:06 UTC] MySQL select params: {"where_clerk_user_id_0":"user_3AhnQJV5XslRK9dMtMXyCieGbiA"}
[13-Mar-2026 16:22:06 UTC] MySQL select returned 1 rows
[13-Mar-2026 16:22:06 UTC] MySQL select query: SELECT * FROM `user_pages` WHERE `id` = :where_id_0 AND `user_id` = :where_user_id_1
[13-Mar-2026 16:22:06 UTC] MySQL select params: {"where_id_0":"6599637d-1ec0-11f1-8378-d85ed359730c","where_user_id_1":2}
[13-Mar-2026 16:22:06 UTC] MySQL select returned 1 rows
[13-Mar-2026 16:22:06 UTC] Domain API - action=suggest, clerk_user_id=user_3AhnQJV5XslRK9dMtMXyCieGbiA
[13-Mar-2026 16:22:08 UTC] Pages API - Incoming request - Method: GET, Payload size: 0 bytes (0 KB)
[13-Mar-2026 16:22:08 UTC] Pages API - Method: GET
[13-Mar-2026 16:22:08 UTC] Pages API - clerk_user_id from request: null
[13-Mar-2026 16:22:08 UTC] Pages API - clerk_user_id from session: user_3AhnQJV5XslRK9dMtMXyCieGbiA
[13-Mar-2026 16:22:08 UTC] Pages API - Using clerk_user_id: user_3AhnQJV5XslRK9dMtMXyCieGbiA
[13-Mar-2026 16:22:08 UTC] Pages API - Using clerk_user_id: user_3AhnQJV5XslRK9dMtMXyCieGbiA
[13-Mar-2026 16:22:08 UTC] MySQL select query: SELECT `id` FROM `users` WHERE `clerk_user_id` = :where_clerk_user_id_0
[13-Mar-2026 16:22:08 UTC] MySQL select params: {"where_clerk_user_id_0":"user_3AhnQJV5XslRK9dMtMXyCieGbiA"}
[13-Mar-2026 16:22:08 UTC] MySQL select returned 1 rows
[13-Mar-2026 16:22:08 UTC] getUserIdFromClerkId - Query result: [{"id":2}]
[13-Mar-2026 16:22:08 UTC] Pages API - User ID from database: 2
[13-Mar-2026 16:22:08 UTC] Pages API - Success! User ID: 2
[13-Mar-2026 16:22:08 UTC] MySQL select query: SELECT `id`, `title`, `thumbnail_url`, `is_favorite`, `is_public`, `share_token`, `share_slug`, `last_accessed`, `created_at`, `updated_at` FROM `user_pages` WHERE `user_id` = :where_user_id_0 ORDER BY COALESCE(`last_accessed`, '1970-01-01 00:00:00') DESC
[13-Mar-2026 16:22:08 UTC] MySQL select params: {"where_user_id_0":2}
[13-Mar-2026 16:22:08 UTC] MySQL select returned 4 rows
[13-Mar-2026 16:22:12 UTC] Pages API - Incoming request - Method: POST, Payload size: 113 bytes (0.11 KB)
[13-Mar-2026 16:22:12 UTC] Pages API - Method: POST
[13-Mar-2026 16:22:12 UTC] Pages API - clerk_user_id from request: user_3AhnQJV5XslRK9dMtMXyCieGbiA
[13-Mar-2026 16:22:12 UTC] Pages API - clerk_user_id from session: user_3AhnQJV5XslRK9dMtMXyCieGbiA
[13-Mar-2026 16:22:12 UTC] Pages API - Using clerk_user_id: user_3AhnQJV5XslRK9dMtMXyCieGbiA
[13-Mar-2026 16:22:12 UTC] Pages API - Using clerk_user_id: user_3AhnQJV5XslRK9dMtMXyCieGbiA
[13-Mar-2026 16:22:12 UTC] MySQL select query: SELECT `id` FROM `users` WHERE `clerk_user_id` = :where_clerk_user_id_0
[13-Mar-2026 16:22:12 UTC] MySQL select params: {"where_clerk_user_id_0":"user_3AhnQJV5XslRK9dMtMXyCieGbiA"}
[13-Mar-2026 16:22:12 UTC] MySQL select returned 1 rows
[13-Mar-2026 16:22:12 UTC] getUserIdFromClerkId - Query result: [{"id":2}]
[13-Mar-2026 16:22:12 UTC] Pages API - User ID from database: 2
[13-Mar-2026 16:22:12 UTC] Pages API - Success! User ID: 2
[13-Mar-2026 16:22:12 UTC] Pages API POST - action='share', input_keys=action,id,clerk_user_id, raw_snippet={"action":"share","id":"6599637d-1ec0-11f1-8378-d85ed359730c","clerk_user_id":"user_3AhnQJV5XslRK9dMtMXyCieGbiA"}
[13-Mar-2026 16:22:12 UTC] MySQL select query: SELECT `id`, `share_token`, `is_public` FROM `user_pages` WHERE `id` = :where_id_0 AND `user_id` = :where_user_id_1
[13-Mar-2026 16:22:12 UTC] MySQL select params: {"where_id_0":"6599637d-1ec0-11f1-8378-d85ed359730c","where_user_id_1":2}
[13-Mar-2026 16:22:12 UTC] MySQL select returned 1 rows
[13-Mar-2026 16:23:20 UTC] Successfully loaded .env from: C:\Users\Pablo\Documents\GitHub\nine-screen-canvas-flow/.env
[13-Mar-2026 16:23:20 UTC] MySQL select query: SELECT `id` FROM `users` WHERE `clerk_user_id` = :where_clerk_user_id_0
[13-Mar-2026 16:23:20 UTC] MySQL select params: {"where_clerk_user_id_0":"user_3AhnQJV5XslRK9dMtMXyCieGbiA"}
[13-Mar-2026 16:23:20 UTC] MySQL select returned 1 rows
[13-Mar-2026 16:23:20 UTC] MySQL select query: SELECT * FROM `user_pages` WHERE `id` = :where_id_0 AND `user_id` = :where_user_id_1
[13-Mar-2026 16:23:20 UTC] MySQL select params: {"where_id_0":"9c8ec1a8-1ecd-11f1-8378-d85ed359730c","where_user_id_1":2}
[13-Mar-2026 16:23:20 UTC] MySQL select returned 1 rows
[13-Mar-2026 16:23:22 UTC] Pages API - Incoming request - Method: GET, Payload size: 0 bytes (0 KB)
[13-Mar-2026 16:23:22 UTC] Pages API - Method: GET
[13-Mar-2026 16:23:22 UTC] Pages API - clerk_user_id from request: null
[13-Mar-2026 16:23:22 UTC] Pages API - clerk_user_id from session: user_3AhnQJV5XslRK9dMtMXyCieGbiA
[13-Mar-2026 16:23:22 UTC] Pages API - Using clerk_user_id: user_3AhnQJV5XslRK9dMtMXyCieGbiA
[13-Mar-2026 16:23:22 UTC] Pages API - Using clerk_user_id: user_3AhnQJV5XslRK9dMtMXyCieGbiA
[13-Mar-2026 16:23:22 UTC] MySQL select query: SELECT `id` FROM `users` WHERE `clerk_user_id` = :where_clerk_user_id_0
[13-Mar-2026 16:23:22 UTC] MySQL select params: {"where_clerk_user_id_0":"user_3AhnQJV5XslRK9dMtMXyCieGbiA"}
[13-Mar-2026 16:23:22 UTC] MySQL select returned 1 rows
[13-Mar-2026 16:23:22 UTC] getUserIdFromClerkId - Query result: [{"id":2}]
[13-Mar-2026 16:23:22 UTC] Pages API - User ID from database: 2
[13-Mar-2026 16:23:22 UTC] Pages API - Success! User ID: 2
[13-Mar-2026 16:23:22 UTC] MySQL select query: SELECT `id`, `title`, `thumbnail_url`, `is_favorite`, `is_public`, `share_token`, `share_slug`, `last_accessed`, `created_at`, `updated_at` FROM `user_pages` WHERE `user_id` = :where_user_id_0 ORDER BY COALESCE(`last_accessed`, '1970-01-01 00:00:00') DESC
[13-Mar-2026 16:23:22 UTC] MySQL select params: {"where_user_id_0":2}
[13-Mar-2026 16:23:22 UTC] MySQL select returned 4 rows
[13-Mar-2026 16:23:22 UTC] Pages API - Incoming request - Method: POST, Payload size: 113 bytes (0.11 KB)
[13-Mar-2026 16:23:22 UTC] Pages API - Method: POST
[13-Mar-2026 16:23:22 UTC] Pages API - clerk_user_id from request: user_3AhnQJV5XslRK9dMtMXyCieGbiA
[13-Mar-2026 16:23:22 UTC] Pages API - clerk_user_id from session: user_3AhnQJV5XslRK9dMtMXyCieGbiA
[13-Mar-2026 16:23:22 UTC] Pages API - Using clerk_user_id: user_3AhnQJV5XslRK9dMtMXyCieGbiA
[13-Mar-2026 16:23:22 UTC] Pages API - Using clerk_user_id: user_3AhnQJV5XslRK9dMtMXyCieGbiA
[13-Mar-2026 16:23:22 UTC] MySQL select query: SELECT `id` FROM `users` WHERE `clerk_user_id` = :where_clerk_user_id_0
[13-Mar-2026 16:23:22 UTC] MySQL select params: {"where_clerk_user_id_0":"user_3AhnQJV5XslRK9dMtMXyCieGbiA"}
[13-Mar-2026 16:23:22 UTC] MySQL select returned 1 rows
[13-Mar-2026 16:23:22 UTC] getUserIdFromClerkId - Query result: [{"id":2}]
[13-Mar-2026 16:23:22 UTC] Pages API - User ID from database: 2
[13-Mar-2026 16:23:22 UTC] Pages API - Success! User ID: 2
[13-Mar-2026 16:23:22 UTC] Pages API POST - action='share', input_keys=action,id,clerk_user_id, raw_snippet={"action":"share","id":"9c8ec1a8-1ecd-11f1-8378-d85ed359730c","clerk_user_id":"user_3AhnQJV5XslRK9dMtMXyCieGbiA"}
[13-Mar-2026 16:23:22 UTC] MySQL select query: SELECT `id`, `share_token`, `is_public` FROM `user_pages` WHERE `id` = :where_id_0 AND `user_id` = :where_user_id_1
[13-Mar-2026 16:23:22 UTC] MySQL select params: {"where_id_0":"9c8ec1a8-1ecd-11f1-8378-d85ed359730c","where_user_id_1":2}
[13-Mar-2026 16:23:22 UTC] MySQL select returned 1 rows
[13-Mar-2026 16:27:23 UTC] Successfully loaded .env from: C:\Users\Pablo\Documents\GitHub\nine-screen-canvas-flow/.env
[13-Mar-2026 16:27:23 UTC] syncClerkSession - Refreshing paid status for: ptrigol@gmail.com
[13-Mar-2026 16:27:23 UTC] Purchases database connection failed: SQLSTATE[HY000] [1045] Access denied for user 'alvarotrigo_alvarotrigo'@'79.117.116.182' (using password: YES)
[13-Mar-2026 16:27:23 UTC] Attempted connection to: host=nocn.noc-n.com, dbname=alvarotrigo_alvarotrigo, user=alvarotrigo_alvarotrigo
[13-Mar-2026 16:27:23 UTC] Error checking user paid status: Purchases database connection failed: SQLSTATE[HY000] [1045] Access denied for user 'alvarotrigo_alvarotrigo'@'79.117.116.182' (using password: YES)
[13-Mar-2026 16:27:24 UTC] MySQL select query: SELECT * FROM `users` WHERE `email` = :where_email_0 AND `pro_status_source` = :where_pro_status_source_1
[13-Mar-2026 16:27:24 UTC] MySQL select params: {"where_email_0":"ptrigol@gmail.com","where_pro_status_source_1":"polar"}
[13-Mar-2026 16:27:24 UTC] MySQL select returned 0 rows
[13-Mar-2026 16:27:24 UTC] MySQL select query: SELECT * FROM `subscriptions` WHERE `customer_email` = :where_customer_email_0 AND `status` = :where_status_1
[13-Mar-2026 16:27:24 UTC] MySQL select params: {"where_customer_email_0":"ptrigol@gmail.com","where_status_1":"active"}
[13-Mar-2026 16:27:24 UTC] MySQL select returned 0 rows
[13-Mar-2026 16:27:24 UTC] syncClerkSession - Paid status refreshed: is_paid=false
[13-Mar-2026 16:27:24 UTC] MySQL select query: SELECT `id` FROM `users` WHERE `clerk_user_id` = :where_clerk_user_id_0
[13-Mar-2026 16:27:24 UTC] MySQL select params: {"where_clerk_user_id_0":"user_3AhnQJV5XslRK9dMtMXyCieGbiA"}
[13-Mar-2026 16:27:24 UTC] MySQL select returned 1 rows
[13-Mar-2026 16:27:24 UTC] MySQL select query: SELECT * FROM `user_pages` WHERE `id` = :where_id_0 AND `user_id` = :where_user_id_1
[13-Mar-2026 16:27:24 UTC] MySQL select params: {"where_id_0":"9c8ec1a8-1ecd-11f1-8378-d85ed359730c","where_user_id_1":2}
[13-Mar-2026 16:27:24 UTC] MySQL select returned 1 rows
[13-Mar-2026 16:27:25 UTC] Pages API - Incoming request - Method: GET, Payload size: 0 bytes (0 KB)
[13-Mar-2026 16:27:25 UTC] Pages API - Method: GET
[13-Mar-2026 16:27:25 UTC] Pages API - clerk_user_id from request: null
[13-Mar-2026 16:27:25 UTC] Pages API - clerk_user_id from session: user_3AhnQJV5XslRK9dMtMXyCieGbiA
[13-Mar-2026 16:27:25 UTC] Pages API - Using clerk_user_id: user_3AhnQJV5XslRK9dMtMXyCieGbiA
[13-Mar-2026 16:27:25 UTC] Pages API - Using clerk_user_id: user_3AhnQJV5XslRK9dMtMXyCieGbiA
[13-Mar-2026 16:27:25 UTC] MySQL select query: SELECT `id` FROM `users` WHERE `clerk_user_id` = :where_clerk_user_id_0
[13-Mar-2026 16:27:25 UTC] MySQL select params: {"where_clerk_user_id_0":"user_3AhnQJV5XslRK9dMtMXyCieGbiA"}
[13-Mar-2026 16:27:25 UTC] MySQL select returned 1 rows
[13-Mar-2026 16:27:25 UTC] getUserIdFromClerkId - Query result: [{"id":2}]
[13-Mar-2026 16:27:25 UTC] Pages API - User ID from database: 2
[13-Mar-2026 16:27:25 UTC] Pages API - Success! User ID: 2
[13-Mar-2026 16:27:25 UTC] MySQL select query: SELECT `id`, `title`, `thumbnail_url`, `is_favorite`, `is_public`, `share_token`, `share_slug`, `last_accessed`, `created_at`, `updated_at` FROM `user_pages` WHERE `user_id` = :where_user_id_0 ORDER BY COALESCE(`last_accessed`, '1970-01-01 00:00:00') DESC
[13-Mar-2026 16:27:25 UTC] MySQL select params: {"where_user_id_0":2}
[13-Mar-2026 16:27:25 UTC] MySQL select returned 4 rows
[13-Mar-2026 16:27:28 UTC] Pages API - Incoming request - Method: POST, Payload size: 113 bytes (0.11 KB)
[13-Mar-2026 16:27:28 UTC] Pages API - Method: POST
[13-Mar-2026 16:27:28 UTC] Pages API - clerk_user_id from request: user_3AhnQJV5XslRK9dMtMXyCieGbiA
[13-Mar-2026 16:27:28 UTC] Pages API - clerk_user_id from session: user_3AhnQJV5XslRK9dMtMXyCieGbiA
[13-Mar-2026 16:27:28 UTC] Pages API - Using clerk_user_id: user_3AhnQJV5XslRK9dMtMXyCieGbiA
[13-Mar-2026 16:27:28 UTC] Pages API - Using clerk_user_id: user_3AhnQJV5XslRK9dMtMXyCieGbiA
[13-Mar-2026 16:27:28 UTC] MySQL select query: SELECT `id` FROM `users` WHERE `clerk_user_id` = :where_clerk_user_id_0
[13-Mar-2026 16:27:28 UTC] MySQL select params: {"where_clerk_user_id_0":"user_3AhnQJV5XslRK9dMtMXyCieGbiA"}
[13-Mar-2026 16:27:28 UTC] MySQL select returned 1 rows
[13-Mar-2026 16:27:28 UTC] getUserIdFromClerkId - Query result: [{"id":2}]
[13-Mar-2026 16:27:28 UTC] Pages API - User ID from database: 2
[13-Mar-2026 16:27:28 UTC] Pages API - Success! User ID: 2
[13-Mar-2026 16:27:28 UTC] Pages API POST - action='share', input_keys=action,id,clerk_user_id, raw_snippet={"action":"share","id":"9c8ec1a8-1ecd-11f1-8378-d85ed359730c","clerk_user_id":"user_3AhnQJV5XslRK9dMtMXyCieGbiA"}
[13-Mar-2026 16:27:28 UTC] MySQL select query: SELECT `id`, `share_token`, `is_public`, `share_slug` FROM `user_pages` WHERE `id` = :where_id_0 AND `user_id` = :where_user_id_1
[13-Mar-2026 16:27:28 UTC] MySQL select params: {"where_id_0":"9c8ec1a8-1ecd-11f1-8378-d85ed359730c","where_user_id_1":2}
[13-Mar-2026 16:27:28 UTC] MySQL select returned 1 rows
[13-Mar-2026 16:27:36 UTC] Successfully loaded .env from: C:\Users\Pablo\Documents\GitHub\nine-screen-canvas-flow/.env
[13-Mar-2026 16:27:36 UTC] MySQL select query: SELECT `id` FROM `users` WHERE `clerk_user_id` = :where_clerk_user_id_0
[13-Mar-2026 16:27:36 UTC] MySQL select params: {"where_clerk_user_id_0":"user_3AhnQJV5XslRK9dMtMXyCieGbiA"}
[13-Mar-2026 16:27:36 UTC] MySQL select returned 1 rows
[13-Mar-2026 16:27:36 UTC] MySQL select query: SELECT * FROM `user_pages` WHERE `id` = :where_id_0 AND `user_id` = :where_user_id_1
[13-Mar-2026 16:27:36 UTC] MySQL select params: {"where_id_0":"6599637d-1ec0-11f1-8378-d85ed359730c","where_user_id_1":2}
[13-Mar-2026 16:27:36 UTC] MySQL select returned 1 rows
[13-Mar-2026 16:27:36 UTC] Domain API - action=suggest, clerk_user_id=user_3AhnQJV5XslRK9dMtMXyCieGbiA
[13-Mar-2026 16:27:38 UTC] Pages API - Incoming request - Method: GET, Payload size: 0 bytes (0 KB)
[13-Mar-2026 16:27:38 UTC] Pages API - Method: GET
[13-Mar-2026 16:27:38 UTC] Pages API - clerk_user_id from request: null
[13-Mar-2026 16:27:38 UTC] Pages API - clerk_user_id from session: user_3AhnQJV5XslRK9dMtMXyCieGbiA
[13-Mar-2026 16:27:38 UTC] Pages API - Using clerk_user_id: user_3AhnQJV5XslRK9dMtMXyCieGbiA
[13-Mar-2026 16:27:38 UTC] Pages API - Using clerk_user_id: user_3AhnQJV5XslRK9dMtMXyCieGbiA
[13-Mar-2026 16:27:38 UTC] MySQL select query: SELECT `id` FROM `users` WHERE `clerk_user_id` = :where_clerk_user_id_0
[13-Mar-2026 16:27:38 UTC] MySQL select params: {"where_clerk_user_id_0":"user_3AhnQJV5XslRK9dMtMXyCieGbiA"}
[13-Mar-2026 16:27:38 UTC] MySQL select returned 1 rows
[13-Mar-2026 16:27:38 UTC] getUserIdFromClerkId - Query result: [{"id":2}]
[13-Mar-2026 16:27:38 UTC] Pages API - User ID from database: 2
[13-Mar-2026 16:27:38 UTC] Pages API - Success! User ID: 2
[13-Mar-2026 16:27:38 UTC] MySQL select query: SELECT `id`, `title`, `thumbnail_url`, `is_favorite`, `is_public`, `share_token`, `share_slug`, `last_accessed`, `created_at`, `updated_at` FROM `user_pages` WHERE `user_id` = :where_user_id_0 ORDER BY COALESCE(`last_accessed`, '1970-01-01 00:00:00') DESC
[13-Mar-2026 16:27:38 UTC] MySQL select params: {"where_user_id_0":2}
[13-Mar-2026 16:27:38 UTC] MySQL select returned 4 rows
[13-Mar-2026 16:27:38 UTC] Pages API - Incoming request - Method: POST, Payload size: 113 bytes (0.11 KB)
[13-Mar-2026 16:27:38 UTC] Pages API - Method: POST
[13-Mar-2026 16:27:38 UTC] Pages API - clerk_user_id from request: user_3AhnQJV5XslRK9dMtMXyCieGbiA
[13-Mar-2026 16:27:38 UTC] Pages API - clerk_user_id from session: user_3AhnQJV5XslRK9dMtMXyCieGbiA
[13-Mar-2026 16:27:38 UTC] Pages API - Using clerk_user_id: user_3AhnQJV5XslRK9dMtMXyCieGbiA
[13-Mar-2026 16:27:38 UTC] Pages API - Using clerk_user_id: user_3AhnQJV5XslRK9dMtMXyCieGbiA
[13-Mar-2026 16:27:38 UTC] MySQL select query: SELECT `id` FROM `users` WHERE `clerk_user_id` = :where_clerk_user_id_0
[13-Mar-2026 16:27:38 UTC] MySQL select params: {"where_clerk_user_id_0":"user_3AhnQJV5XslRK9dMtMXyCieGbiA"}
[13-Mar-2026 16:27:38 UTC] MySQL select returned 1 rows
[13-Mar-2026 16:27:38 UTC] getUserIdFromClerkId - Query result: [{"id":2}]
[13-Mar-2026 16:27:38 UTC] Pages API - User ID from database: 2
[13-Mar-2026 16:27:38 UTC] Pages API - Success! User ID: 2
[13-Mar-2026 16:27:38 UTC] Pages API POST - action='share', input_keys=action,id,clerk_user_id, raw_snippet={"action":"share","id":"6599637d-1ec0-11f1-8378-d85ed359730c","clerk_user_id":"user_3AhnQJV5XslRK9dMtMXyCieGbiA"}
[13-Mar-2026 16:27:38 UTC] MySQL select query: SELECT `id`, `share_token`, `is_public`, `share_slug` FROM `user_pages` WHERE `id` = :where_id_0 AND `user_id` = :where_user_id_1
[13-Mar-2026 16:27:38 UTC] MySQL select params: {"where_id_0":"6599637d-1ec0-11f1-8378-d85ed359730c","where_user_id_1":2}
[13-Mar-2026 16:27:38 UTC] MySQL select returned 1 rows
[13-Mar-2026 16:27:58 UTC] Pages API - Incoming request - Method: POST, Payload size: 113 bytes (0.11 KB)
[13-Mar-2026 16:27:58 UTC] Pages API - Method: POST
[13-Mar-2026 16:27:58 UTC] Pages API - clerk_user_id from request: user_3AhnQJV5XslRK9dMtMXyCieGbiA
[13-Mar-2026 16:27:58 UTC] Pages API - clerk_user_id from session: user_3AhnQJV5XslRK9dMtMXyCieGbiA
[13-Mar-2026 16:27:58 UTC] Pages API - Using clerk_user_id: user_3AhnQJV5XslRK9dMtMXyCieGbiA
[13-Mar-2026 16:27:58 UTC] Pages API - Using clerk_user_id: user_3AhnQJV5XslRK9dMtMXyCieGbiA
[13-Mar-2026 16:27:58 UTC] MySQL select query: SELECT `id` FROM `users` WHERE `clerk_user_id` = :where_clerk_user_id_0
[13-Mar-2026 16:27:58 UTC] MySQL select params: {"where_clerk_user_id_0":"user_3AhnQJV5XslRK9dMtMXyCieGbiA"}
[13-Mar-2026 16:27:58 UTC] MySQL select returned 1 rows
[13-Mar-2026 16:27:58 UTC] getUserIdFromClerkId - Query result: [{"id":2}]
[13-Mar-2026 16:27:58 UTC] Pages API - User ID from database: 2
[13-Mar-2026 16:27:58 UTC] Pages API - Success! User ID: 2
[13-Mar-2026 16:27:58 UTC] Pages API POST - action='share', input_keys=action,id,clerk_user_id, raw_snippet={"action":"share","id":"6599637d-1ec0-11f1-8378-d85ed359730c","clerk_user_id":"user_3AhnQJV5XslRK9dMtMXyCieGbiA"}
[13-Mar-2026 16:27:58 UTC] MySQL select query: SELECT `id`, `share_token`, `is_public`, `share_slug` FROM `user_pages` WHERE `id` = :where_id_0 AND `user_id` = :where_user_id_1
[13-Mar-2026 16:27:58 UTC] MySQL select params: {"where_id_0":"6599637d-1ec0-11f1-8378-d85ed359730c","where_user_id_1":2}
[13-Mar-2026 16:27:58 UTC] MySQL select returned 1 rows
[13-Mar-2026 16:28:30 UTC] Pages API - Incoming request - Method: POST, Payload size: 113 bytes (0.11 KB)
[13-Mar-2026 16:28:30 UTC] Pages API - Method: POST
[13-Mar-2026 16:28:30 UTC] Pages API - clerk_user_id from request: user_3AhnQJV5XslRK9dMtMXyCieGbiA
[13-Mar-2026 16:28:30 UTC] Pages API - clerk_user_id from session: user_3AhnQJV5XslRK9dMtMXyCieGbiA
[13-Mar-2026 16:28:30 UTC] Pages API - Using clerk_user_id: user_3AhnQJV5XslRK9dMtMXyCieGbiA
[13-Mar-2026 16:28:30 UTC] Pages API - Using clerk_user_id: user_3AhnQJV5XslRK9dMtMXyCieGbiA
[13-Mar-2026 16:28:30 UTC] MySQL select query: SELECT `id` FROM `users` WHERE `clerk_user_id` = :where_clerk_user_id_0
[13-Mar-2026 16:28:30 UTC] MySQL select params: {"where_clerk_user_id_0":"user_3AhnQJV5XslRK9dMtMXyCieGbiA"}
[13-Mar-2026 16:28:30 UTC] MySQL select returned 1 rows
[13-Mar-2026 16:28:30 UTC] getUserIdFromClerkId - Query result: [{"id":2}]
[13-Mar-2026 16:28:30 UTC] Pages API - User ID from database: 2
[13-Mar-2026 16:28:30 UTC] Pages API - Success! User ID: 2
[13-Mar-2026 16:28:30 UTC] Pages API POST - action='share', input_keys=action,id,clerk_user_id, raw_snippet={"action":"share","id":"6599637d-1ec0-11f1-8378-d85ed359730c","clerk_user_id":"user_3AhnQJV5XslRK9dMtMXyCieGbiA"}
[13-Mar-2026 16:28:30 UTC] MySQL select query: SELECT `id`, `share_token`, `is_public`, `share_slug` FROM `user_pages` WHERE `id` = :where_id_0 AND `user_id` = :where_user_id_1
[13-Mar-2026 16:28:30 UTC] MySQL select params: {"where_id_0":"6599637d-1ec0-11f1-8378-d85ed359730c","where_user_id_1":2}
[13-Mar-2026 16:28:30 UTC] MySQL select returned 1 rows
[13-Mar-2026 16:30:30 UTC] Successfully loaded .env from: C:\Users\Pablo\Documents\GitHub\nine-screen-canvas-flow/.env
[13-Mar-2026 16:30:30 UTC] MySQL select query: SELECT `id` FROM `users` WHERE `clerk_user_id` = :where_clerk_user_id_0
[13-Mar-2026 16:30:30 UTC] MySQL select params: {"where_clerk_user_id_0":"user_3AhnQJV5XslRK9dMtMXyCieGbiA"}
[13-Mar-2026 16:30:30 UTC] MySQL select returned 1 rows
[13-Mar-2026 16:30:30 UTC] MySQL select query: SELECT * FROM `user_pages` WHERE `id` = :where_id_0 AND `user_id` = :where_user_id_1
[13-Mar-2026 16:30:30 UTC] MySQL select params: {"where_id_0":"9c8ec1a8-1ecd-11f1-8378-d85ed359730c","where_user_id_1":2}
[13-Mar-2026 16:30:30 UTC] MySQL select returned 1 rows
[13-Mar-2026 16:30:31 UTC] Pages API - Incoming request - Method: GET, Payload size: 0 bytes (0 KB)
[13-Mar-2026 16:30:31 UTC] Pages API - Method: GET
[13-Mar-2026 16:30:31 UTC] Pages API - clerk_user_id from request: null
[13-Mar-2026 16:30:31 UTC] Pages API - clerk_user_id from session: user_3AhnQJV5XslRK9dMtMXyCieGbiA
[13-Mar-2026 16:30:31 UTC] Pages API - Using clerk_user_id: user_3AhnQJV5XslRK9dMtMXyCieGbiA
[13-Mar-2026 16:30:31 UTC] Pages API - Using clerk_user_id: user_3AhnQJV5XslRK9dMtMXyCieGbiA
[13-Mar-2026 16:30:31 UTC] MySQL select query: SELECT `id` FROM `users` WHERE `clerk_user_id` = :where_clerk_user_id_0
[13-Mar-2026 16:30:31 UTC] MySQL select params: {"where_clerk_user_id_0":"user_3AhnQJV5XslRK9dMtMXyCieGbiA"}
[13-Mar-2026 16:30:31 UTC] MySQL select returned 1 rows
[13-Mar-2026 16:30:31 UTC] getUserIdFromClerkId - Query result: [{"id":2}]
[13-Mar-2026 16:30:31 UTC] Pages API - User ID from database: 2
[13-Mar-2026 16:30:31 UTC] Pages API - Success! User ID: 2
[13-Mar-2026 16:30:31 UTC] MySQL select query: SELECT `id`, `title`, `thumbnail_url`, `is_favorite`, `is_public`, `share_token`, `share_slug`, `last_accessed`, `created_at`, `updated_at` FROM `user_pages` WHERE `user_id` = :where_user_id_0 ORDER BY COALESCE(`last_accessed`, '1970-01-01 00:00:00') DESC
[13-Mar-2026 16:30:31 UTC] MySQL select params: {"where_user_id_0":2}
[13-Mar-2026 16:30:31 UTC] MySQL select returned 4 rows
[13-Mar-2026 16:30:32 UTC] Pages API - Incoming request - Method: POST, Payload size: 113 bytes (0.11 KB)
[13-Mar-2026 16:30:32 UTC] Pages API - Method: POST
[13-Mar-2026 16:30:32 UTC] Pages API - clerk_user_id from request: user_3AhnQJV5XslRK9dMtMXyCieGbiA
[13-Mar-2026 16:30:32 UTC] Pages API - clerk_user_id from session: user_3AhnQJV5XslRK9dMtMXyCieGbiA
[13-Mar-2026 16:30:32 UTC] Pages API - Using clerk_user_id: user_3AhnQJV5XslRK9dMtMXyCieGbiA
[13-Mar-2026 16:30:32 UTC] Pages API - Using clerk_user_id: user_3AhnQJV5XslRK9dMtMXyCieGbiA
[13-Mar-2026 16:30:32 UTC] MySQL select query: SELECT `id` FROM `users` WHERE `clerk_user_id` = :where_clerk_user_id_0
[13-Mar-2026 16:30:32 UTC] MySQL select params: {"where_clerk_user_id_0":"user_3AhnQJV5XslRK9dMtMXyCieGbiA"}
[13-Mar-2026 16:30:32 UTC] MySQL select returned 1 rows
[13-Mar-2026 16:30:32 UTC] getUserIdFromClerkId - Query result: [{"id":2}]
[13-Mar-2026 16:30:32 UTC] Pages API - User ID from database: 2
[13-Mar-2026 16:30:32 UTC] Pages API - Success! User ID: 2
[13-Mar-2026 16:30:32 UTC] Pages API POST - action='share', input_keys=action,id,clerk_user_id, raw_snippet={"action":"share","id":"9c8ec1a8-1ecd-11f1-8378-d85ed359730c","clerk_user_id":"user_3AhnQJV5XslRK9dMtMXyCieGbiA"}
[13-Mar-2026 16:30:32 UTC] MySQL select query: SELECT `id`, `share_token`, `is_public`, `share_slug` FROM `user_pages` WHERE `id` = :where_id_0 AND `user_id` = :where_user_id_1
[13-Mar-2026 16:30:32 UTC] MySQL select params: {"where_id_0":"9c8ec1a8-1ecd-11f1-8378-d85ed359730c","where_user_id_1":2}
[13-Mar-2026 16:30:32 UTC] MySQL select returned 1 rows
[13-Mar-2026 16:30:36 UTC] Successfully loaded .env from: C:\Users\Pablo\Documents\GitHub\nine-screen-canvas-flow/.env
[13-Mar-2026 16:30:36 UTC] MySQL select query: SELECT `id` FROM `users` WHERE `clerk_user_id` = :where_clerk_user_id_0
[13-Mar-2026 16:30:36 UTC] MySQL select params: {"where_clerk_user_id_0":"user_3AhnQJV5XslRK9dMtMXyCieGbiA"}
[13-Mar-2026 16:30:36 UTC] MySQL select returned 1 rows
[13-Mar-2026 16:30:36 UTC] MySQL select query: SELECT * FROM `user_pages` WHERE `id` = :where_id_0 AND `user_id` = :where_user_id_1
[13-Mar-2026 16:30:36 UTC] MySQL select params: {"where_id_0":"6599637d-1ec0-11f1-8378-d85ed359730c","where_user_id_1":2}
[13-Mar-2026 16:30:36 UTC] MySQL select returned 1 rows
[13-Mar-2026 16:30:37 UTC] Domain API - action=suggest, clerk_user_id=user_3AhnQJV5XslRK9dMtMXyCieGbiA
[13-Mar-2026 16:30:39 UTC] Pages API - Incoming request - Method: GET, Payload size: 0 bytes (0 KB)
[13-Mar-2026 16:30:39 UTC] Pages API - Method: GET
[13-Mar-2026 16:30:39 UTC] Pages API - clerk_user_id from request: null
[13-Mar-2026 16:30:39 UTC] Pages API - clerk_user_id from session: user_3AhnQJV5XslRK9dMtMXyCieGbiA
[13-Mar-2026 16:30:39 UTC] Pages API - Using clerk_user_id: user_3AhnQJV5XslRK9dMtMXyCieGbiA
[13-Mar-2026 16:30:39 UTC] Pages API - Using clerk_user_id: user_3AhnQJV5XslRK9dMtMXyCieGbiA
[13-Mar-2026 16:30:39 UTC] MySQL select query: SELECT `id` FROM `users` WHERE `clerk_user_id` = :where_clerk_user_id_0
[13-Mar-2026 16:30:39 UTC] MySQL select params: {"where_clerk_user_id_0":"user_3AhnQJV5XslRK9dMtMXyCieGbiA"}
[13-Mar-2026 16:30:39 UTC] MySQL select returned 1 rows
[13-Mar-2026 16:30:39 UTC] getUserIdFromClerkId - Query result: [{"id":2}]
[13-Mar-2026 16:30:39 UTC] Pages API - User ID from database: 2
[13-Mar-2026 16:30:39 UTC] Pages API - Success! User ID: 2
[13-Mar-2026 16:30:39 UTC] MySQL select query: SELECT `id`, `title`, `thumbnail_url`, `is_favorite`, `is_public`, `share_token`, `share_slug`, `last_accessed`, `created_at`, `updated_at` FROM `user_pages` WHERE `user_id` = :where_user_id_0 ORDER BY COALESCE(`last_accessed`, '1970-01-01 00:00:00') DESC
[13-Mar-2026 16:30:39 UTC] MySQL select params: {"where_user_id_0":2}
[13-Mar-2026 16:30:39 UTC] MySQL select returned 4 rows
[13-Mar-2026 16:30:40 UTC] Pages API - Incoming request - Method: POST, Payload size: 113 bytes (0.11 KB)
[13-Mar-2026 16:30:40 UTC] Pages API - Method: POST
[13-Mar-2026 16:30:40 UTC] Pages API - clerk_user_id from request: user_3AhnQJV5XslRK9dMtMXyCieGbiA
[13-Mar-2026 16:30:40 UTC] Pages API - clerk_user_id from session: user_3AhnQJV5XslRK9dMtMXyCieGbiA
[13-Mar-2026 16:30:40 UTC] Pages API - Using clerk_user_id: user_3AhnQJV5XslRK9dMtMXyCieGbiA
[13-Mar-2026 16:30:40 UTC] Pages API - Using clerk_user_id: user_3AhnQJV5XslRK9dMtMXyCieGbiA
[13-Mar-2026 16:30:40 UTC] MySQL select query: SELECT `id` FROM `users` WHERE `clerk_user_id` = :where_clerk_user_id_0
[13-Mar-2026 16:30:40 UTC] MySQL select params: {"where_clerk_user_id_0":"user_3AhnQJV5XslRK9dMtMXyCieGbiA"}
[13-Mar-2026 16:30:40 UTC] MySQL select returned 1 rows
[13-Mar-2026 16:30:40 UTC] getUserIdFromClerkId - Query result: [{"id":2}]
[13-Mar-2026 16:30:40 UTC] Pages API - User ID from database: 2
[13-Mar-2026 16:30:40 UTC] Pages API - Success! User ID: 2
[13-Mar-2026 16:30:40 UTC] Pages API POST - action='share', input_keys=action,id,clerk_user_id, raw_snippet={"action":"share","id":"6599637d-1ec0-11f1-8378-d85ed359730c","clerk_user_id":"user_3AhnQJV5XslRK9dMtMXyCieGbiA"}
[13-Mar-2026 16:30:40 UTC] MySQL select query: SELECT `id`, `share_token`, `is_public`, `share_slug` FROM `user_pages` WHERE `id` = :where_id_0 AND `user_id` = :where_user_id_1
[13-Mar-2026 16:30:40 UTC] MySQL select params: {"where_id_0":"6599637d-1ec0-11f1-8378-d85ed359730c","where_user_id_1":2}
[13-Mar-2026 16:30:40 UTC] MySQL select returned 1 rows
[13-Mar-2026 16:32:36 UTC] Successfully loaded .env from: C:\Users\Pablo\Documents\GitHub\nine-screen-canvas-flow/.env
[13-Mar-2026 16:32:36 UTC] syncClerkSession - Refreshing paid status for: ptrigol@gmail.com
[13-Mar-2026 16:32:36 UTC] Purchases database connection failed: SQLSTATE[HY000] [1045] Access denied for user 'alvarotrigo_alvarotrigo'@'79.117.116.182' (using password: YES)
[13-Mar-2026 16:32:36 UTC] Attempted connection to: host=nocn.noc-n.com, dbname=alvarotrigo_alvarotrigo, user=alvarotrigo_alvarotrigo
[13-Mar-2026 16:32:36 UTC] Error checking user paid status: Purchases database connection failed: SQLSTATE[HY000] [1045] Access denied for user 'alvarotrigo_alvarotrigo'@'79.117.116.182' (using password: YES)
[13-Mar-2026 16:32:36 UTC] MySQL select query: SELECT * FROM `users` WHERE `email` = :where_email_0 AND `pro_status_source` = :where_pro_status_source_1
[13-Mar-2026 16:32:36 UTC] MySQL select params: {"where_email_0":"ptrigol@gmail.com","where_pro_status_source_1":"polar"}
[13-Mar-2026 16:32:36 UTC] MySQL select returned 0 rows
[13-Mar-2026 16:32:36 UTC] MySQL select query: SELECT * FROM `subscriptions` WHERE `customer_email` = :where_customer_email_0 AND `status` = :where_status_1
[13-Mar-2026 16:32:36 UTC] MySQL select params: {"where_customer_email_0":"ptrigol@gmail.com","where_status_1":"active"}
[13-Mar-2026 16:32:36 UTC] MySQL select returned 0 rows
[13-Mar-2026 16:32:36 UTC] syncClerkSession - Paid status refreshed: is_paid=false
[13-Mar-2026 16:32:36 UTC] MySQL select query: SELECT `id` FROM `users` WHERE `clerk_user_id` = :where_clerk_user_id_0
[13-Mar-2026 16:32:36 UTC] MySQL select params: {"where_clerk_user_id_0":"user_3AhnQJV5XslRK9dMtMXyCieGbiA"}
[13-Mar-2026 16:32:36 UTC] MySQL select returned 1 rows
[13-Mar-2026 16:32:36 UTC] MySQL select query: SELECT * FROM `user_pages` WHERE `id` = :where_id_0 AND `user_id` = :where_user_id_1
[13-Mar-2026 16:32:36 UTC] MySQL select params: {"where_id_0":"6599637d-1ec0-11f1-8378-d85ed359730c","where_user_id_1":2}
[13-Mar-2026 16:32:36 UTC] MySQL select returned 1 rows
[13-Mar-2026 16:32:38 UTC] Pages API - Incoming request - Method: GET, Payload size: 0 bytes (0 KB)
[13-Mar-2026 16:32:38 UTC] Pages API - Method: GET
[13-Mar-2026 16:32:38 UTC] Pages API - clerk_user_id from request: null
[13-Mar-2026 16:32:38 UTC] Pages API - clerk_user_id from session: user_3AhnQJV5XslRK9dMtMXyCieGbiA
[13-Mar-2026 16:32:38 UTC] Pages API - Using clerk_user_id: user_3AhnQJV5XslRK9dMtMXyCieGbiA
[13-Mar-2026 16:32:38 UTC] Pages API - Using clerk_user_id: user_3AhnQJV5XslRK9dMtMXyCieGbiA
[13-Mar-2026 16:32:38 UTC] MySQL select query: SELECT `id` FROM `users` WHERE `clerk_user_id` = :where_clerk_user_id_0
[13-Mar-2026 16:32:38 UTC] MySQL select params: {"where_clerk_user_id_0":"user_3AhnQJV5XslRK9dMtMXyCieGbiA"}
[13-Mar-2026 16:32:38 UTC] MySQL select returned 1 rows
[13-Mar-2026 16:32:38 UTC] getUserIdFromClerkId - Query result: [{"id":2}]
[13-Mar-2026 16:32:38 UTC] Pages API - User ID from database: 2
[13-Mar-2026 16:32:38 UTC] Pages API - Success! User ID: 2
[13-Mar-2026 16:32:38 UTC] MySQL select query: SELECT `id`, `title`, `thumbnail_url`, `is_favorite`, `is_public`, `share_token`, `share_slug`, `last_accessed`, `created_at`, `updated_at` FROM `user_pages` WHERE `user_id` = :where_user_id_0 ORDER BY COALESCE(`last_accessed`, '1970-01-01 00:00:00') DESC
[13-Mar-2026 16:32:38 UTC] MySQL select params: {"where_user_id_0":2}
[13-Mar-2026 16:32:38 UTC] MySQL select returned 4 rows
[13-Mar-2026 16:32:39 UTC] Successfully loaded .env from: C:\Users\Pablo\Documents\GitHub\nine-screen-canvas-flow/.env
[13-Mar-2026 16:32:39 UTC] MySQL select query: SELECT `id` FROM `users` WHERE `clerk_user_id` = :where_clerk_user_id_0
[13-Mar-2026 16:32:39 UTC] MySQL select params: {"where_clerk_user_id_0":"user_3AhnQJV5XslRK9dMtMXyCieGbiA"}
[13-Mar-2026 16:32:39 UTC] MySQL select returned 1 rows
[13-Mar-2026 16:32:39 UTC] MySQL select query: SELECT * FROM `user_pages` WHERE `id` = :where_id_0 AND `user_id` = :where_user_id_1
[13-Mar-2026 16:32:39 UTC] MySQL select params: {"where_id_0":"dde44853-1c76-11f1-929a-d85ed359730c","where_user_id_1":2}
[13-Mar-2026 16:32:39 UTC] MySQL select returned 1 rows
[13-Mar-2026 16:32:42 UTC] Pages API - Incoming request - Method: GET, Payload size: 0 bytes (0 KB)
[13-Mar-2026 16:32:42 UTC] Pages API - Method: GET
[13-Mar-2026 16:32:42 UTC] Pages API - clerk_user_id from request: null
[13-Mar-2026 16:32:42 UTC] Pages API - clerk_user_id from session: user_3AhnQJV5XslRK9dMtMXyCieGbiA
[13-Mar-2026 16:32:42 UTC] Pages API - Using clerk_user_id: user_3AhnQJV5XslRK9dMtMXyCieGbiA
[13-Mar-2026 16:32:42 UTC] Pages API - Using clerk_user_id: user_3AhnQJV5XslRK9dMtMXyCieGbiA
[13-Mar-2026 16:32:42 UTC] MySQL select query: SELECT `id` FROM `users` WHERE `clerk_user_id` = :where_clerk_user_id_0
[13-Mar-2026 16:32:42 UTC] MySQL select params: {"where_clerk_user_id_0":"user_3AhnQJV5XslRK9dMtMXyCieGbiA"}
[13-Mar-2026 16:32:42 UTC] MySQL select returned 1 rows
[13-Mar-2026 16:32:42 UTC] getUserIdFromClerkId - Query result: [{"id":2}]
[13-Mar-2026 16:32:42 UTC] Pages API - User ID from database: 2
[13-Mar-2026 16:32:42 UTC] Pages API - Success! User ID: 2
[13-Mar-2026 16:32:42 UTC] MySQL select query: SELECT `id`, `title`, `thumbnail_url`, `is_favorite`, `is_public`, `share_token`, `share_slug`, `last_accessed`, `created_at`, `updated_at` FROM `user_pages` WHERE `user_id` = :where_user_id_0 ORDER BY COALESCE(`last_accessed`, '1970-01-01 00:00:00') DESC
[13-Mar-2026 16:32:42 UTC] MySQL select params: {"where_user_id_0":2}
[13-Mar-2026 16:32:42 UTC] MySQL select returned 4 rows
[13-Mar-2026 16:32:47 UTC] Successfully loaded .env from: C:\Users\Pablo\Documents\GitHub\nine-screen-canvas-flow/.env
[13-Mar-2026 16:32:49 UTC] Pages API - Incoming request - Method: GET, Payload size: 0 bytes (0 KB)
[13-Mar-2026 16:32:49 UTC] Pages API - Method: GET
[13-Mar-2026 16:32:49 UTC] Pages API - clerk_user_id from request: null
[13-Mar-2026 16:32:49 UTC] Pages API - clerk_user_id from session: user_3AhnQJV5XslRK9dMtMXyCieGbiA
[13-Mar-2026 16:32:49 UTC] Pages API - Using clerk_user_id: user_3AhnQJV5XslRK9dMtMXyCieGbiA
[13-Mar-2026 16:32:49 UTC] Pages API - Using clerk_user_id: user_3AhnQJV5XslRK9dMtMXyCieGbiA
[13-Mar-2026 16:32:49 UTC] MySQL select query: SELECT `id` FROM `users` WHERE `clerk_user_id` = :where_clerk_user_id_0
[13-Mar-2026 16:32:49 UTC] MySQL select params: {"where_clerk_user_id_0":"user_3AhnQJV5XslRK9dMtMXyCieGbiA"}
[13-Mar-2026 16:32:49 UTC] MySQL select returned 1 rows
[13-Mar-2026 16:32:49 UTC] getUserIdFromClerkId - Query result: [{"id":2}]
[13-Mar-2026 16:32:49 UTC] Pages API - User ID from database: 2
[13-Mar-2026 16:32:49 UTC] Pages API - Success! User ID: 2
[13-Mar-2026 16:32:49 UTC] MySQL select query: SELECT `id`, `title`, `thumbnail_url`, `is_favorite`, `is_public`, `share_token`, `share_slug`, `last_accessed`, `created_at`, `updated_at` FROM `user_pages` WHERE `user_id` = :where_user_id_0 ORDER BY COALESCE(`last_accessed`, '1970-01-01 00:00:00') DESC
[13-Mar-2026 16:32:49 UTC] MySQL select params: {"where_user_id_0":2}
[13-Mar-2026 16:32:49 UTC] MySQL select returned 4 rows
[13-Mar-2026 16:32:51 UTC] Pages API - Incoming request - Method: GET, Payload size: 0 bytes (0 KB)
[13-Mar-2026 16:32:51 UTC] Pages API - Method: GET
[13-Mar-2026 16:32:51 UTC] Pages API - clerk_user_id from request: null
[13-Mar-2026 16:32:51 UTC] Pages API - clerk_user_id from session: user_3AhnQJV5XslRK9dMtMXyCieGbiA
[13-Mar-2026 16:32:51 UTC] Pages API - Using clerk_user_id: user_3AhnQJV5XslRK9dMtMXyCieGbiA
[13-Mar-2026 16:32:51 UTC] Pages API - Using clerk_user_id: user_3AhnQJV5XslRK9dMtMXyCieGbiA
[13-Mar-2026 16:32:51 UTC] MySQL select query: SELECT `id` FROM `users` WHERE `clerk_user_id` = :where_clerk_user_id_0
[13-Mar-2026 16:32:51 UTC] MySQL select params: {"where_clerk_user_id_0":"user_3AhnQJV5XslRK9dMtMXyCieGbiA"}
[13-Mar-2026 16:32:51 UTC] MySQL select returned 1 rows
[13-Mar-2026 16:32:51 UTC] getUserIdFromClerkId - Query result: [{"id":2}]
[13-Mar-2026 16:32:51 UTC] Pages API - User ID from database: 2
[13-Mar-2026 16:32:51 UTC] Pages API - Success! User ID: 2
[13-Mar-2026 16:32:51 UTC] MySQL select query: SELECT `id`, `title`, `thumbnail_url`, `is_favorite`, `is_public`, `share_token`, `share_slug`, `last_accessed`, `created_at`, `updated_at` FROM `user_pages` WHERE `user_id` = :where_user_id_0 ORDER BY COALESCE(`last_accessed`, '1970-01-01 00:00:00') DESC
[13-Mar-2026 16:32:51 UTC] MySQL select params: {"where_user_id_0":2}
[13-Mar-2026 16:32:51 UTC] MySQL select returned 4 rows
[13-Mar-2026 16:32:53 UTC] Successfully loaded .env from: C:\Users\Pablo\Documents\GitHub\nine-screen-canvas-flow/.env
[13-Mar-2026 16:32:53 UTC] MySQL select query: SELECT `id` FROM `users` WHERE `clerk_user_id` = :where_clerk_user_id_0
[13-Mar-2026 16:32:53 UTC] MySQL select params: {"where_clerk_user_id_0":"user_3AhnQJV5XslRK9dMtMXyCieGbiA"}
[13-Mar-2026 16:32:53 UTC] MySQL select returned 1 rows
[13-Mar-2026 16:32:53 UTC] MySQL select query: SELECT * FROM `user_pages` WHERE `id` = :where_id_0 AND `user_id` = :where_user_id_1
[13-Mar-2026 16:32:53 UTC] MySQL select params: {"where_id_0":"6599637d-1ec0-11f1-8378-d85ed359730c","where_user_id_1":2}
[13-Mar-2026 16:32:53 UTC] MySQL select returned 1 rows
[13-Mar-2026 16:32:54 UTC] Pages API - Incoming request - Method: GET, Payload size: 0 bytes (0 KB)
[13-Mar-2026 16:32:54 UTC] Pages API - Method: GET
[13-Mar-2026 16:32:54 UTC] Pages API - clerk_user_id from request: null
[13-Mar-2026 16:32:54 UTC] Pages API - clerk_user_id from session: user_3AhnQJV5XslRK9dMtMXyCieGbiA
[13-Mar-2026 16:32:54 UTC] Pages API - Using clerk_user_id: user_3AhnQJV5XslRK9dMtMXyCieGbiA
[13-Mar-2026 16:32:54 UTC] Pages API - Using clerk_user_id: user_3AhnQJV5XslRK9dMtMXyCieGbiA
[13-Mar-2026 16:32:54 UTC] MySQL select query: SELECT `id` FROM `users` WHERE `clerk_user_id` = :where_clerk_user_id_0
[13-Mar-2026 16:32:54 UTC] MySQL select params: {"where_clerk_user_id_0":"user_3AhnQJV5XslRK9dMtMXyCieGbiA"}
[13-Mar-2026 16:32:54 UTC] MySQL select returned 1 rows
[13-Mar-2026 16:32:54 UTC] getUserIdFromClerkId - Query result: [{"id":2}]
[13-Mar-2026 16:32:54 UTC] Pages API - User ID from database: 2
[13-Mar-2026 16:32:54 UTC] Pages API - Success! User ID: 2
[13-Mar-2026 16:32:54 UTC] MySQL select query: SELECT `id`, `title`, `thumbnail_url`, `is_favorite`, `is_public`, `share_token`, `share_slug`, `last_accessed`, `created_at`, `updated_at` FROM `user_pages` WHERE `user_id` = :where_user_id_0 ORDER BY COALESCE(`last_accessed`, '1970-01-01 00:00:00') DESC
[13-Mar-2026 16:32:54 UTC] MySQL select params: {"where_user_id_0":2}
[13-Mar-2026 16:32:54 UTC] MySQL select returned 4 rows
[13-Mar-2026 16:33:04 UTC] Successfully loaded .env from: C:\Users\Pablo\Documents\GitHub\nine-screen-canvas-flow/.env
[13-Mar-2026 16:33:04 UTC] MySQL select query: SELECT `id` FROM `users` WHERE `clerk_user_id` = :where_clerk_user_id_0
[13-Mar-2026 16:33:04 UTC] MySQL select params: {"where_clerk_user_id_0":"user_3AhnQJV5XslRK9dMtMXyCieGbiA"}
[13-Mar-2026 16:33:04 UTC] MySQL select returned 1 rows
[13-Mar-2026 16:33:04 UTC] MySQL select query: SELECT * FROM `user_pages` WHERE `id` = :where_id_0 AND `user_id` = :where_user_id_1
[13-Mar-2026 16:33:04 UTC] MySQL select params: {"where_id_0":"6599637d-1ec0-11f1-8378-d85ed359730c","where_user_id_1":2}
[13-Mar-2026 16:33:04 UTC] MySQL select returned 1 rows
[13-Mar-2026 16:33:04 UTC] Domain API - action=suggest, clerk_user_id=user_3AhnQJV5XslRK9dMtMXyCieGbiA
[13-Mar-2026 16:33:04 UTC] Domain API - ERROR: OpenSRS credentials are not configured.
[13-Mar-2026 16:33:05 UTC] Pages API - Incoming request - Method: GET, Payload size: 0 bytes (0 KB)
[13-Mar-2026 16:33:05 UTC] Pages API - Method: GET
[13-Mar-2026 16:33:05 UTC] Pages API - clerk_user_id from request: null
[13-Mar-2026 16:33:05 UTC] Pages API - clerk_user_id from session: user_3AhnQJV5XslRK9dMtMXyCieGbiA
[13-Mar-2026 16:33:05 UTC] Pages API - Using clerk_user_id: user_3AhnQJV5XslRK9dMtMXyCieGbiA
[13-Mar-2026 16:33:05 UTC] Pages API - Using clerk_user_id: user_3AhnQJV5XslRK9dMtMXyCieGbiA
[13-Mar-2026 16:33:05 UTC] MySQL select query: SELECT `id` FROM `users` WHERE `clerk_user_id` = :where_clerk_user_id_0
[13-Mar-2026 16:33:05 UTC] MySQL select params: {"where_clerk_user_id_0":"user_3AhnQJV5XslRK9dMtMXyCieGbiA"}
[13-Mar-2026 16:33:05 UTC] MySQL select returned 1 rows
[13-Mar-2026 16:33:05 UTC] getUserIdFromClerkId - Query result: [{"id":2}]
[13-Mar-2026 16:33:05 UTC] Pages API - User ID from database: 2
[13-Mar-2026 16:33:05 UTC] Pages API - Success! User ID: 2
[13-Mar-2026 16:33:05 UTC] MySQL select query: SELECT `id`, `title`, `thumbnail_url`, `is_favorite`, `is_public`, `share_token`, `share_slug`, `last_accessed`, `created_at`, `updated_at` FROM `user_pages` WHERE `user_id` = :where_user_id_0 ORDER BY COALESCE(`last_accessed`, '1970-01-01 00:00:00') DESC
[13-Mar-2026 16:33:05 UTC] MySQL select params: {"where_user_id_0":2}
[13-Mar-2026 16:33:05 UTC] MySQL select returned 4 rows
[13-Mar-2026 16:33:12 UTC] Pages API - Incoming request - Method: POST, Payload size: 113 bytes (0.11 KB)
[13-Mar-2026 16:33:12 UTC] Pages API - Method: POST
[13-Mar-2026 16:33:12 UTC] Pages API - clerk_user_id from request: user_3AhnQJV5XslRK9dMtMXyCieGbiA
[13-Mar-2026 16:33:12 UTC] Pages API - clerk_user_id from session: user_3AhnQJV5XslRK9dMtMXyCieGbiA
[13-Mar-2026 16:33:12 UTC] Pages API - Using clerk_user_id: user_3AhnQJV5XslRK9dMtMXyCieGbiA
[13-Mar-2026 16:33:12 UTC] Pages API - Using clerk_user_id: user_3AhnQJV5XslRK9dMtMXyCieGbiA
[13-Mar-2026 16:33:12 UTC] MySQL select query: SELECT `id` FROM `users` WHERE `clerk_user_id` = :where_clerk_user_id_0
[13-Mar-2026 16:33:12 UTC] MySQL select params: {"where_clerk_user_id_0":"user_3AhnQJV5XslRK9dMtMXyCieGbiA"}
[13-Mar-2026 16:33:12 UTC] MySQL select returned 1 rows
[13-Mar-2026 16:33:12 UTC] getUserIdFromClerkId - Query result: [{"id":2}]
[13-Mar-2026 16:33:12 UTC] Pages API - User ID from database: 2
[13-Mar-2026 16:33:12 UTC] Pages API - Success! User ID: 2
[13-Mar-2026 16:33:12 UTC] Pages API POST - action='share', input_keys=action,id,clerk_user_id, raw_snippet={"action":"share","id":"6599637d-1ec0-11f1-8378-d85ed359730c","clerk_user_id":"user_3AhnQJV5XslRK9dMtMXyCieGbiA"}
[13-Mar-2026 16:33:12 UTC] MySQL select query: SELECT `id`, `share_token`, `is_public`, `share_slug` FROM `user_pages` WHERE `id` = :where_id_0 AND `user_id` = :where_user_id_1
[13-Mar-2026 16:33:12 UTC] MySQL select params: {"where_id_0":"6599637d-1ec0-11f1-8378-d85ed359730c","where_user_id_1":2}
[13-Mar-2026 16:33:12 UTC] MySQL select returned 1 rows
[16-Mar-2026 09:14:00 UTC] Successfully loaded .env from: C:\Users\Pablo\Documents\GitHub\nine-screen-canvas-flow/.env
[16-Mar-2026 09:14:00 UTC] PHP Deprecated:  chr(): Providing a value not in-between 0 and 255 is deprecated, this is because a byte value must be in the [0, 255] interval. The value used will be constrained using % 256 in C:\Users\Pablo\Documents\GitHub\nine-screen-canvas-flow\vendor\phpseclib\phpseclib\phpseclib\Math\BigInteger\Engines\BCMath.php on line 157
[16-Mar-2026 09:14:00 UTC] PHP Deprecated:  chr(): Providing a value not in-between 0 and 255 is deprecated, this is because a byte value must be in the [0, 255] interval. The value used will be constrained using % 256 in C:\Users\Pablo\Documents\GitHub\nine-screen-canvas-flow\vendor\phpseclib\phpseclib\phpseclib\Math\BigInteger\Engines\BCMath.php on line 157
[16-Mar-2026 09:14:00 UTC] PHP Deprecated:  chr(): Providing a value not in-between 0 and 255 is deprecated, this is because a byte value must be in the [0, 255] interval. The value used will be constrained using % 256 in C:\Users\Pablo\Documents\GitHub\nine-screen-canvas-flow\vendor\phpseclib\phpseclib\phpseclib\Math\BigInteger\Engines\BCMath.php on line 157
[16-Mar-2026 09:14:00 UTC] PHP Deprecated:  chr(): Providing a value not in-between 0 and 255 is deprecated, this is because a byte value must be in the [0, 255] interval. The value used will be constrained using % 256 in C:\Users\Pablo\Documents\GitHub\nine-screen-canvas-flow\vendor\phpseclib\phpseclib\phpseclib\Math\BigInteger\Engines\BCMath.php on line 157
[16-Mar-2026 09:14:00 UTC] PHP Deprecated:  chr(): Providing a value not in-between 0 and 255 is deprecated, this is because a byte value must be in the [0, 255] interval. The value used will be constrained using % 256 in C:\Users\Pablo\Documents\GitHub\nine-screen-canvas-flow\vendor\phpseclib\phpseclib\phpseclib\Math\BigInteger\Engines\BCMath.php on line 157
[16-Mar-2026 09:14:00 UTC] PHP Deprecated:  chr(): Providing a value not in-between 0 and 255 is deprecated, this is because a byte value must be in the [0, 255] interval. The value used will be constrained using % 256 in C:\Users\Pablo\Documents\GitHub\nine-screen-canvas-flow\vendor\phpseclib\phpseclib\phpseclib\Math\BigInteger\Engines\BCMath.php on line 157
[16-Mar-2026 09:14:00 UTC] PHP Deprecated:  chr(): Providing a value not in-between 0 and 255 is deprecated, this is because a byte value must be in the [0, 255] interval. The value used will be constrained using % 256 in C:\Users\Pablo\Documents\GitHub\nine-screen-canvas-flow\vendor\phpseclib\phpseclib\phpseclib\Math\BigInteger\Engines\BCMath.php on line 157
[16-Mar-2026 09:14:00 UTC] PHP Deprecated:  chr(): Providing a value not in-between 0 and 255 is deprecated, this is because a byte value must be in the [0, 255] interval. The value used will be constrained using % 256 in C:\Users\Pablo\Documents\GitHub\nine-screen-canvas-flow\vendor\phpseclib\phpseclib\phpseclib\Math\BigInteger\Engines\BCMath.php on line 157
[16-Mar-2026 09:14:00 UTC] PHP Deprecated:  chr(): Providing a value not in-between 0 and 255 is deprecated, this is because a byte value must be in the [0, 255] interval. The value used will be constrained using % 256 in C:\Users\Pablo\Documents\GitHub\nine-screen-canvas-flow\vendor\phpseclib\phpseclib\phpseclib\Math\BigInteger\Engines\BCMath.php on line 157
[16-Mar-2026 09:14:00 UTC] PHP Deprecated:  chr(): Providing a value not in-between 0 and 255 is deprecated, this is because a byte value must be in the [0, 255] interval. The value used will be constrained using % 256 in C:\Users\Pablo\Documents\GitHub\nine-screen-canvas-flow\vendor\phpseclib\phpseclib\phpseclib\Math\BigInteger\Engines\BCMath.php on line 157
[16-Mar-2026 09:14:00 UTC] PHP Deprecated:  chr(): Providing a value not in-between 0 and 255 is deprecated, this is because a byte value must be in the [0, 255] interval. The value used will be constrained using % 256 in C:\Users\Pablo\Documents\GitHub\nine-screen-canvas-flow\vendor\phpseclib\phpseclib\phpseclib\Math\BigInteger\Engines\BCMath.php on line 157
[16-Mar-2026 09:14:00 UTC] PHP Deprecated:  chr(): Providing a value not in-between 0 and 255 is deprecated, this is because a byte value must be in the [0, 255] interval. The value used will be constrained using % 256 in C:\Users\Pablo\Documents\GitHub\nine-screen-canvas-flow\vendor\phpseclib\phpseclib\phpseclib\Math\BigInteger\Engines\BCMath.php on line 157
[16-Mar-2026 09:14:00 UTC] PHP Deprecated:  chr(): Providing a value not in-between 0 and 255 is deprecated, this is because a byte value must be in the [0, 255] interval. The value used will be constrained using % 256 in C:\Users\Pablo\Documents\GitHub\nine-screen-canvas-flow\vendor\phpseclib\phpseclib\phpseclib\Math\BigInteger\Engines\BCMath.php on line 157
[16-Mar-2026 09:14:00 UTC] PHP Deprecated:  chr(): Providing a value not in-between 0 and 255 is deprecated, this is because a byte value must be in the [0, 255] interval. The value used will be constrained using % 256 in C:\Users\Pablo\Documents\GitHub\nine-screen-canvas-flow\vendor\phpseclib\phpseclib\phpseclib\Math\BigInteger\Engines\BCMath.php on line 157
[16-Mar-2026 09:14:00 UTC] PHP Deprecated:  chr(): Providing a value not in-between 0 and 255 is deprecated, this is because a byte value must be in the [0, 255] interval. The value used will be constrained using % 256 in C:\Users\Pablo\Documents\GitHub\nine-screen-canvas-flow\vendor\phpseclib\phpseclib\phpseclib\Math\BigInteger\Engines\BCMath.php on line 157
[16-Mar-2026 09:14:00 UTC] PHP Deprecated:  chr(): Providing a value not in-between 0 and 255 is deprecated, this is because a byte value must be in the [0, 255] interval. The value used will be constrained using % 256 in C:\Users\Pablo\Documents\GitHub\nine-screen-canvas-flow\vendor\phpseclib\phpseclib\phpseclib\Math\BigInteger\Engines\BCMath.php on line 157
[16-Mar-2026 09:14:00 UTC] PHP Deprecated:  chr(): Providing a value not in-between 0 and 255 is deprecated, this is because a byte value must be in the [0, 255] interval. The value used will be constrained using % 256 in C:\Users\Pablo\Documents\GitHub\nine-screen-canvas-flow\vendor\phpseclib\phpseclib\phpseclib\Math\BigInteger\Engines\BCMath.php on line 157
[16-Mar-2026 09:14:00 UTC] PHP Deprecated:  chr(): Providing a value not in-between 0 and 255 is deprecated, this is because a byte value must be in the [0, 255] interval. The value used will be constrained using % 256 in C:\Users\Pablo\Documents\GitHub\nine-screen-canvas-flow\vendor\phpseclib\phpseclib\phpseclib\Math\BigInteger\Engines\BCMath.php on line 157
[16-Mar-2026 09:14:00 UTC] PHP Deprecated:  chr(): Providing a value not in-between 0 and 255 is deprecated, this is because a byte value must be in the [0, 255] interval. The value used will be constrained using % 256 in C:\Users\Pablo\Documents\GitHub\nine-screen-canvas-flow\vendor\phpseclib\phpseclib\phpseclib\Math\BigInteger\Engines\BCMath.php on line 157
[16-Mar-2026 09:14:00 UTC] PHP Deprecated:  chr(): Providing a value not in-between 0 and 255 is deprecated, this is because a byte value must be in the [0, 255] interval. The value used will be constrained using % 256 in C:\Users\Pablo\Documents\GitHub\nine-screen-canvas-flow\vendor\phpseclib\phpseclib\phpseclib\Math\BigInteger\Engines\BCMath.php on line 157
[16-Mar-2026 09:14:00 UTC] PHP Deprecated:  chr(): Providing a value not in-between 0 and 255 is deprecated, this is because a byte value must be in the [0, 255] interval. The value used will be constrained using % 256 in C:\Users\Pablo\Documents\GitHub\nine-screen-canvas-flow\vendor\phpseclib\phpseclib\phpseclib\Math\BigInteger\Engines\BCMath.php on line 157
[16-Mar-2026 09:14:00 UTC] PHP Deprecated:  chr(): Providing a value not in-between 0 and 255 is deprecated, this is because a byte value must be in the [0, 255] interval. The value used will be constrained using % 256 in C:\Users\Pablo\Documents\GitHub\nine-screen-canvas-flow\vendor\phpseclib\phpseclib\phpseclib\Math\BigInteger\Engines\BCMath.php on line 157
[16-Mar-2026 09:14:00 UTC] PHP Deprecated:  chr(): Providing a value not in-between 0 and 255 is deprecated, this is because a byte value must be in the [0, 255] interval. The value used will be constrained using % 256 in C:\Users\Pablo\Documents\GitHub\nine-screen-canvas-flow\vendor\phpseclib\phpseclib\phpseclib\Math\BigInteger\Engines\BCMath.php on line 157
[16-Mar-2026 09:14:00 UTC] PHP Deprecated:  chr(): Providing a value not in-between 0 and 255 is deprecated, this is because a byte value must be in the [0, 255] interval. The value used will be constrained using % 256 in C:\Users\Pablo\Documents\GitHub\nine-screen-canvas-flow\vendor\phpseclib\phpseclib\phpseclib\Math\BigInteger\Engines\BCMath.php on line 157
[16-Mar-2026 09:14:00 UTC] PHP Deprecated:  chr(): Providing a value not in-between 0 and 255 is deprecated, this is because a byte value must be in the [0, 255] interval. The value used will be constrained using % 256 in C:\Users\Pablo\Documents\GitHub\nine-screen-canvas-flow\vendor\phpseclib\phpseclib\phpseclib\Math\BigInteger\Engines\BCMath.php on line 157
[16-Mar-2026 09:14:00 UTC] PHP Deprecated:  chr(): Providing a value not in-between 0 and 255 is deprecated, this is because a byte value must be in the [0, 255] interval. The value used will be constrained using % 256 in C:\Users\Pablo\Documents\GitHub\nine-screen-canvas-flow\vendor\phpseclib\phpseclib\phpseclib\Math\BigInteger\Engines\BCMath.php on line 157
[16-Mar-2026 09:14:00 UTC] PHP Deprecated:  chr(): Providing a value not in-between 0 and 255 is deprecated, this is because a byte value must be in the [0, 255] interval. The value used will be constrained using % 256 in C:\Users\Pablo\Documents\GitHub\nine-screen-canvas-flow\vendor\phpseclib\phpseclib\phpseclib\Math\BigInteger\Engines\BCMath.php on line 157
[16-Mar-2026 09:14:00 UTC] PHP Deprecated:  chr(): Providing a value not in-between 0 and 255 is deprecated, this is because a byte value must be in the [0, 255] interval. The value used will be constrained using % 256 in C:\Users\Pablo\Documents\GitHub\nine-screen-canvas-flow\vendor\phpseclib\phpseclib\phpseclib\Math\BigInteger\Engines\BCMath.php on line 157
[16-Mar-2026 09:14:00 UTC] PHP Deprecated:  chr(): Providing a value not in-between 0 and 255 is deprecated, this is because a byte value must be in the [0, 255] interval. The value used will be constrained using % 256 in C:\Users\Pablo\Documents\GitHub\nine-screen-canvas-flow\vendor\phpseclib\phpseclib\phpseclib\Math\BigInteger\Engines\BCMath.php on line 157
[16-Mar-2026 09:14:00 UTC] PHP Deprecated:  chr(): Providing a value not in-between 0 and 255 is deprecated, this is because a byte value must be in the [0, 255] interval. The value used will be constrained using % 256 in C:\Users\Pablo\Documents\GitHub\nine-screen-canvas-flow\vendor\phpseclib\phpseclib\phpseclib\Math\BigInteger\Engines\BCMath.php on line 157
[16-Mar-2026 09:14:00 UTC] PHP Deprecated:  chr(): Providing a value not in-between 0 and 255 is deprecated, this is because a byte value must be in the [0, 255] interval. The value used will be constrained using % 256 in C:\Users\Pablo\Documents\GitHub\nine-screen-canvas-flow\vendor\phpseclib\phpseclib\phpseclib\Math\BigInteger\Engines\BCMath.php on line 157
[16-Mar-2026 09:14:00 UTC] PHP Deprecated:  chr(): Providing a value not in-between 0 and 255 is deprecated, this is because a byte value must be in the [0, 255] interval. The value used will be constrained using % 256 in C:\Users\Pablo\Documents\GitHub\nine-screen-canvas-flow\vendor\phpseclib\phpseclib\phpseclib\Math\BigInteger\Engines\BCMath.php on line 157
[16-Mar-2026 09:14:00 UTC] PHP Deprecated:  chr(): Providing a value not in-between 0 and 255 is deprecated, this is because a byte value must be in the [0, 255] interval. The value used will be constrained using % 256 in C:\Users\Pablo\Documents\GitHub\nine-screen-canvas-flow\vendor\phpseclib\phpseclib\phpseclib\Math\BigInteger\Engines\BCMath.php on line 157
[16-Mar-2026 09:14:00 UTC] PHP Deprecated:  chr(): Providing a value not in-between 0 and 255 is deprecated, this is because a byte value must be in the [0, 255] interval. The value used will be constrained using % 256 in C:\Users\Pablo\Documents\GitHub\nine-screen-canvas-flow\vendor\phpseclib\phpseclib\phpseclib\Math\BigInteger\Engines\BCMath.php on line 157
[16-Mar-2026 09:14:00 UTC] PHP Deprecated:  chr(): Providing a value not in-between 0 and 255 is deprecated, this is because a byte value must be in the [0, 255] interval. The value used will be constrained using % 256 in C:\Users\Pablo\Documents\GitHub\nine-screen-canvas-flow\vendor\phpseclib\phpseclib\phpseclib\Math\BigInteger\Engines\BCMath.php on line 157
[16-Mar-2026 09:14:00 UTC] PHP Deprecated:  chr(): Providing a value not in-between 0 and 255 is deprecated, this is because a byte value must be in the [0, 255] interval. The value used will be constrained using % 256 in C:\Users\Pablo\Documents\GitHub\nine-screen-canvas-flow\vendor\phpseclib\phpseclib\phpseclib\Math\BigInteger\Engines\BCMath.php on line 157
[16-Mar-2026 09:14:00 UTC] PHP Deprecated:  chr(): Providing a value not in-between 0 and 255 is deprecated, this is because a byte value must be in the [0, 255] interval. The value used will be constrained using % 256 in C:\Users\Pablo\Documents\GitHub\nine-screen-canvas-flow\vendor\phpseclib\phpseclib\phpseclib\Math\BigInteger\Engines\BCMath.php on line 157
[16-Mar-2026 09:14:00 UTC] PHP Deprecated:  chr(): Providing a value not in-between 0 and 255 is deprecated, this is because a byte value must be in the [0, 255] interval. The value used will be constrained using % 256 in C:\Users\Pablo\Documents\GitHub\nine-screen-canvas-flow\vendor\phpseclib\phpseclib\phpseclib\Math\BigInteger\Engines\BCMath.php on line 157
[16-Mar-2026 09:14:00 UTC] PHP Deprecated:  chr(): Providing a value not in-between 0 and 255 is deprecated, this is because a byte value must be in the [0, 255] interval. The value used will be constrained using % 256 in C:\Users\Pablo\Documents\GitHub\nine-screen-canvas-flow\vendor\phpseclib\phpseclib\phpseclib\Math\BigInteger\Engines\BCMath.php on line 157
[16-Mar-2026 09:14:00 UTC] PHP Deprecated:  chr(): Providing a value not in-between 0 and 255 is deprecated, this is because a byte value must be in the [0, 255] interval. The value used will be constrained using % 256 in C:\Users\Pablo\Documents\GitHub\nine-screen-canvas-flow\vendor\phpseclib\phpseclib\phpseclib\Math\BigInteger\Engines\BCMath.php on line 157
[16-Mar-2026 09:14:00 UTC] PHP Deprecated:  chr(): Providing a value not in-between 0 and 255 is deprecated, this is because a byte value must be in the [0, 255] interval. The value used will be constrained using % 256 in C:\Users\Pablo\Documents\GitHub\nine-screen-canvas-flow\vendor\phpseclib\phpseclib\phpseclib\Math\BigInteger\Engines\BCMath.php on line 157
[16-Mar-2026 09:14:00 UTC] PHP Deprecated:  chr(): Providing a value not in-between 0 and 255 is deprecated, this is because a byte value must be in the [0, 255] interval. The value used will be constrained using % 256 in C:\Users\Pablo\Documents\GitHub\nine-screen-canvas-flow\vendor\phpseclib\phpseclib\phpseclib\Math\BigInteger\Engines\BCMath.php on line 157
[16-Mar-2026 09:14:00 UTC] PHP Deprecated:  chr(): Providing a value not in-between 0 and 255 is deprecated, this is because a byte value must be in the [0, 255] interval. The value used will be constrained using % 256 in C:\Users\Pablo\Documents\GitHub\nine-screen-canvas-flow\vendor\phpseclib\phpseclib\phpseclib\Math\BigInteger\Engines\BCMath.php on line 157
[16-Mar-2026 09:14:00 UTC] PHP Deprecated:  chr(): Providing a value not in-between 0 and 255 is deprecated, this is because a byte value must be in the [0, 255] interval. The value used will be constrained using % 256 in C:\Users\Pablo\Documents\GitHub\nine-screen-canvas-flow\vendor\phpseclib\phpseclib\phpseclib\Math\BigInteger\Engines\BCMath.php on line 157
[16-Mar-2026 09:14:00 UTC] PHP Deprecated:  chr(): Providing a value not in-between 0 and 255 is deprecated, this is because a byte value must be in the [0, 255] interval. The value used will be constrained using % 256 in C:\Users\Pablo\Documents\GitHub\nine-screen-canvas-flow\vendor\phpseclib\phpseclib\phpseclib\Math\BigInteger\Engines\BCMath.php on line 157
[16-Mar-2026 09:14:00 UTC] PHP Deprecated:  chr(): Providing a value not in-between 0 and 255 is deprecated, this is because a byte value must be in the [0, 255] interval. The value used will be constrained using % 256 in C:\Users\Pablo\Documents\GitHub\nine-screen-canvas-flow\vendor\phpseclib\phpseclib\phpseclib\Math\BigInteger\Engines\BCMath.php on line 157
[16-Mar-2026 09:14:00 UTC] PHP Deprecated:  chr(): Providing a value not in-between 0 and 255 is deprecated, this is because a byte value must be in the [0, 255] interval. The value used will be constrained using % 256 in C:\Users\Pablo\Documents\GitHub\nine-screen-canvas-flow\vendor\phpseclib\phpseclib\phpseclib\Math\BigInteger\Engines\BCMath.php on line 157
[16-Mar-2026 09:14:00 UTC] PHP Deprecated:  chr(): Providing a value not in-between 0 and 255 is deprecated, this is because a byte value must be in the [0, 255] interval. The value used will be constrained using % 256 in C:\Users\Pablo\Documents\GitHub\nine-screen-canvas-flow\vendor\phpseclib\phpseclib\phpseclib\Math\BigInteger\Engines\BCMath.php on line 157
[16-Mar-2026 09:14:00 UTC] PHP Deprecated:  chr(): Providing a value not in-between 0 and 255 is deprecated, this is because a byte value must be in the [0, 255] interval. The value used will be constrained using % 256 in C:\Users\Pablo\Documents\GitHub\nine-screen-canvas-flow\vendor\phpseclib\phpseclib\phpseclib\Math\BigInteger\Engines\BCMath.php on line 157
[16-Mar-2026 09:14:00 UTC] PHP Deprecated:  chr(): Providing a value not in-between 0 and 255 is deprecated, this is because a byte value must be in the [0, 255] interval. The value used will be constrained using % 256 in C:\Users\Pablo\Documents\GitHub\nine-screen-canvas-flow\vendor\phpseclib\phpseclib\phpseclib\Math\BigInteger\Engines\BCMath.php on line 157
[16-Mar-2026 09:14:00 UTC] PHP Deprecated:  chr(): Providing a value not in-between 0 and 255 is deprecated, this is because a byte value must be in the [0, 255] interval. The value used will be constrained using % 256 in C:\Users\Pablo\Documents\GitHub\nine-screen-canvas-flow\vendor\phpseclib\phpseclib\phpseclib\Math\BigInteger\Engines\BCMath.php on line 157
[16-Mar-2026 09:14:00 UTC] PHP Deprecated:  chr(): Providing a value not in-between 0 and 255 is deprecated, this is because a byte value must be in the [0, 255] interval. The value used will be constrained using % 256 in C:\Users\Pablo\Documents\GitHub\nine-screen-canvas-flow\vendor\phpseclib\phpseclib\phpseclib\Math\BigInteger\Engines\BCMath.php on line 157
[16-Mar-2026 09:14:00 UTC] PHP Deprecated:  chr(): Providing a value not in-between 0 and 255 is deprecated, this is because a byte value must be in the [0, 255] interval. The value used will be constrained using % 256 in C:\Users\Pablo\Documents\GitHub\nine-screen-canvas-flow\vendor\phpseclib\phpseclib\phpseclib\Math\BigInteger\Engines\BCMath.php on line 157
[16-Mar-2026 09:14:00 UTC] PHP Deprecated:  chr(): Providing a value not in-between 0 and 255 is deprecated, this is because a byte value must be in the [0, 255] interval. The value used will be constrained using % 256 in C:\Users\Pablo\Documents\GitHub\nine-screen-canvas-flow\vendor\phpseclib\phpseclib\phpseclib\Math\BigInteger\Engines\BCMath.php on line 157
[16-Mar-2026 09:14:00 UTC] PHP Deprecated:  chr(): Providing a value not in-between 0 and 255 is deprecated, this is because a byte value must be in the [0, 255] interval. The value used will be constrained using % 256 in C:\Users\Pablo\Documents\GitHub\nine-screen-canvas-flow\vendor\phpseclib\phpseclib\phpseclib\Math\BigInteger\Engines\BCMath.php on line 157
[16-Mar-2026 09:14:00 UTC] PHP Deprecated:  chr(): Providing a value not in-between 0 and 255 is deprecated, this is because a byte value must be in the [0, 255] interval. The value used will be constrained using % 256 in C:\Users\Pablo\Documents\GitHub\nine-screen-canvas-flow\vendor\phpseclib\phpseclib\phpseclib\Math\BigInteger\Engines\BCMath.php on line 157
[16-Mar-2026 09:14:00 UTC] PHP Deprecated:  chr(): Providing a value not in-between 0 and 255 is deprecated, this is because a byte value must be in the [0, 255] interval. The value used will be constrained using % 256 in C:\Users\Pablo\Documents\GitHub\nine-screen-canvas-flow\vendor\phpseclib\phpseclib\phpseclib\Math\BigInteger\Engines\BCMath.php on line 157
[16-Mar-2026 09:14:00 UTC] PHP Deprecated:  chr(): Providing a value not in-between 0 and 255 is deprecated, this is because a byte value must be in the [0, 255] interval. The value used will be constrained using % 256 in C:\Users\Pablo\Documents\GitHub\nine-screen-canvas-flow\vendor\phpseclib\phpseclib\phpseclib\Math\BigInteger\Engines\BCMath.php on line 157
[16-Mar-2026 09:14:00 UTC] PHP Deprecated:  chr(): Providing a value not in-between 0 and 255 is deprecated, this is because a byte value must be in the [0, 255] interval. The value used will be constrained using % 256 in C:\Users\Pablo\Documents\GitHub\nine-screen-canvas-flow\vendor\phpseclib\phpseclib\phpseclib\Math\BigInteger\Engines\BCMath.php on line 157
[16-Mar-2026 09:14:00 UTC] PHP Deprecated:  chr(): Providing a value not in-between 0 and 255 is deprecated, this is because a byte value must be in the [0, 255] interval. The value used will be constrained using % 256 in C:\Users\Pablo\Documents\GitHub\nine-screen-canvas-flow\vendor\phpseclib\phpseclib\phpseclib\Math\BigInteger\Engines\BCMath.php on line 157
[16-Mar-2026 09:14:00 UTC] PHP Deprecated:  chr(): Providing a value not in-between 0 and 255 is deprecated, this is because a byte value must be in the [0, 255] interval. The value used will be constrained using % 256 in C:\Users\Pablo\Documents\GitHub\nine-screen-canvas-flow\vendor\phpseclib\phpseclib\phpseclib\Math\BigInteger\Engines\BCMath.php on line 157
[16-Mar-2026 09:14:00 UTC] PHP Deprecated:  chr(): Providing a value not in-between 0 and 255 is deprecated, this is because a byte value must be in the [0, 255] interval. The value used will be constrained using % 256 in C:\Users\Pablo\Documents\GitHub\nine-screen-canvas-flow\vendor\phpseclib\phpseclib\phpseclib\Math\BigInteger\Engines\BCMath.php on line 157
[16-Mar-2026 09:14:00 UTC] PHP Deprecated:  chr(): Providing a value not in-between 0 and 255 is deprecated, this is because a byte value must be in the [0, 255] interval. The value used will be constrained using % 256 in C:\Users\Pablo\Documents\GitHub\nine-screen-canvas-flow\vendor\phpseclib\phpseclib\phpseclib\Math\BigInteger\Engines\BCMath.php on line 157
[16-Mar-2026 09:14:00 UTC] PHP Deprecated:  chr(): Providing a value not in-between 0 and 255 is deprecated, this is because a byte value must be in the [0, 255] interval. The value used will be constrained using % 256 in C:\Users\Pablo\Documents\GitHub\nine-screen-canvas-flow\vendor\phpseclib\phpseclib\phpseclib\Math\BigInteger\Engines\BCMath.php on line 157
[16-Mar-2026 09:14:00 UTC] PHP Deprecated:  chr(): Providing a value not in-between 0 and 255 is deprecated, this is because a byte value must be in the [0, 255] interval. The value used will be constrained using % 256 in C:\Users\Pablo\Documents\GitHub\nine-screen-canvas-flow\vendor\phpseclib\phpseclib\phpseclib\Math\BigInteger\Engines\BCMath.php on line 157
[16-Mar-2026 09:14:00 UTC] PHP Deprecated:  chr(): Providing a value not in-between 0 and 255 is deprecated, this is because a byte value must be in the [0, 255] interval. The value used will be constrained using % 256 in C:\Users\Pablo\Documents\GitHub\nine-screen-canvas-flow\vendor\phpseclib\phpseclib\phpseclib\Math\BigInteger\Engines\BCMath.php on line 157
[16-Mar-2026 09:14:00 UTC] PHP Deprecated:  chr(): Providing a value not in-between 0 and 255 is deprecated, this is because a byte value must be in the [0, 255] interval. The value used will be constrained using % 256 in C:\Users\Pablo\Documents\GitHub\nine-screen-canvas-flow\vendor\phpseclib\phpseclib\phpseclib\Math\BigInteger\Engines\BCMath.php on line 157
[16-Mar-2026 09:14:00 UTC] PHP Deprecated:  chr(): Providing a value not in-between 0 and 255 is deprecated, this is because a byte value must be in the [0, 255] interval. The value used will be constrained using % 256 in C:\Users\Pablo\Documents\GitHub\nine-screen-canvas-flow\vendor\phpseclib\phpseclib\phpseclib\Math\BigInteger\Engines\BCMath.php on line 157
[16-Mar-2026 09:14:00 UTC] PHP Deprecated:  chr(): Providing a value not in-between 0 and 255 is deprecated, this is because a byte value must be in the [0, 255] interval. The value used will be constrained using % 256 in C:\Users\Pablo\Documents\GitHub\nine-screen-canvas-flow\vendor\phpseclib\phpseclib\phpseclib\Math\BigInteger\Engines\BCMath.php on line 157
[16-Mar-2026 09:14:00 UTC] PHP Deprecated:  chr(): Providing a value not in-between 0 and 255 is deprecated, this is because a byte value must be in the [0, 255] interval. The value used will be constrained using % 256 in C:\Users\Pablo\Documents\GitHub\nine-screen-canvas-flow\vendor\phpseclib\phpseclib\phpseclib\Math\BigInteger\Engines\BCMath.php on line 157
[16-Mar-2026 09:14:00 UTC] PHP Deprecated:  chr(): Providing a value not in-between 0 and 255 is deprecated, this is because a byte value must be in the [0, 255] interval. The value used will be constrained using % 256 in C:\Users\Pablo\Documents\GitHub\nine-screen-canvas-flow\vendor\phpseclib\phpseclib\phpseclib\Math\BigInteger\Engines\BCMath.php on line 157
[16-Mar-2026 09:14:00 UTC] PHP Deprecated:  chr(): Providing a value not in-between 0 and 255 is deprecated, this is because a byte value must be in the [0, 255] interval. The value used will be constrained using % 256 in C:\Users\Pablo\Documents\GitHub\nine-screen-canvas-flow\vendor\phpseclib\phpseclib\phpseclib\Math\BigInteger\Engines\BCMath.php on line 157
[16-Mar-2026 09:14:00 UTC] PHP Deprecated:  chr(): Providing a value not in-between 0 and 255 is deprecated, this is because a byte value must be in the [0, 255] interval. The value used will be constrained using % 256 in C:\Users\Pablo\Documents\GitHub\nine-screen-canvas-flow\vendor\phpseclib\phpseclib\phpseclib\Math\BigInteger\Engines\BCMath.php on line 157
[16-Mar-2026 09:14:00 UTC] PHP Deprecated:  chr(): Providing a value not in-between 0 and 255 is deprecated, this is because a byte value must be in the [0, 255] interval. The value used will be constrained using % 256 in C:\Users\Pablo\Documents\GitHub\nine-screen-canvas-flow\vendor\phpseclib\phpseclib\phpseclib\Math\BigInteger\Engines\BCMath.php on line 157
[16-Mar-2026 09:14:00 UTC] PHP Deprecated:  chr(): Providing a value not in-between 0 and 255 is deprecated, this is because a byte value must be in the [0, 255] interval. The value used will be constrained using % 256 in C:\Users\Pablo\Documents\GitHub\nine-screen-canvas-flow\vendor\phpseclib\phpseclib\phpseclib\Math\BigInteger\Engines\BCMath.php on line 157
[16-Mar-2026 09:14:00 UTC] PHP Deprecated:  chr(): Providing a value not in-between 0 and 255 is deprecated, this is because a byte value must be in the [0, 255] interval. The value used will be constrained using % 256 in C:\Users\Pablo\Documents\GitHub\nine-screen-canvas-flow\vendor\phpseclib\phpseclib\phpseclib\Math\BigInteger\Engines\BCMath.php on line 157
[16-Mar-2026 09:14:00 UTC] PHP Deprecated:  chr(): Providing a value not in-between 0 and 255 is deprecated, this is because a byte value must be in the [0, 255] interval. The value used will be constrained using % 256 in C:\Users\Pablo\Documents\GitHub\nine-screen-canvas-flow\vendor\phpseclib\phpseclib\phpseclib\Math\BigInteger\Engines\BCMath.php on line 157
[16-Mar-2026 09:14:00 UTC] PHP Deprecated:  chr(): Providing a value not in-between 0 and 255 is deprecated, this is because a byte value must be in the [0, 255] interval. The value used will be constrained using % 256 in C:\Users\Pablo\Documents\GitHub\nine-screen-canvas-flow\vendor\phpseclib\phpseclib\phpseclib\Math\BigInteger\Engines\BCMath.php on line 157
[16-Mar-2026 09:14:00 UTC] PHP Deprecated:  chr(): Providing a value not in-between 0 and 255 is deprecated, this is because a byte value must be in the [0, 255] interval. The value used will be constrained using % 256 in C:\Users\Pablo\Documents\GitHub\nine-screen-canvas-flow\vendor\phpseclib\phpseclib\phpseclib\Math\BigInteger\Engines\BCMath.php on line 157
[16-Mar-2026 09:14:00 UTC] PHP Deprecated:  chr(): Providing a value not in-between 0 and 255 is deprecated, this is because a byte value must be in the [0, 255] interval. The value used will be constrained using % 256 in C:\Users\Pablo\Documents\GitHub\nine-screen-canvas-flow\vendor\phpseclib\phpseclib\phpseclib\Math\BigInteger\Engines\BCMath.php on line 157
[16-Mar-2026 09:14:00 UTC] PHP Deprecated:  chr(): Providing a value not in-between 0 and 255 is deprecated, this is because a byte value must be in the [0, 255] interval. The value used will be constrained using % 256 in C:\Users\Pablo\Documents\GitHub\nine-screen-canvas-flow\vendor\phpseclib\phpseclib\phpseclib\Math\BigInteger\Engines\BCMath.php on line 157
[16-Mar-2026 09:14:00 UTC] PHP Deprecated:  chr(): Providing a value not in-between 0 and 255 is deprecated, this is because a byte value must be in the [0, 255] interval. The value used will be constrained using % 256 in C:\Users\Pablo\Documents\GitHub\nine-screen-canvas-flow\vendor\phpseclib\phpseclib\phpseclib\Math\BigInteger\Engines\BCMath.php on line 157
[16-Mar-2026 09:14:00 UTC] PHP Deprecated:  chr(): Providing a value not in-between 0 and 255 is deprecated, this is because a byte value must be in the [0, 255] interval. The value used will be constrained using % 256 in C:\Users\Pablo\Documents\GitHub\nine-screen-canvas-flow\vendor\phpseclib\phpseclib\phpseclib\Math\BigInteger\Engines\BCMath.php on line 157
[16-Mar-2026 09:14:00 UTC] PHP Deprecated:  chr(): Providing a value not in-between 0 and 255 is deprecated, this is because a byte value must be in the [0, 255] interval. The value used will be constrained using % 256 in C:\Users\Pablo\Documents\GitHub\nine-screen-canvas-flow\vendor\phpseclib\phpseclib\phpseclib\Math\BigInteger\Engines\BCMath.php on line 157
[16-Mar-2026 09:14:00 UTC] PHP Deprecated:  chr(): Providing a value not in-between 0 and 255 is deprecated, this is because a byte value must be in the [0, 255] interval. The value used will be constrained using % 256 in C:\Users\Pablo\Documents\GitHub\nine-screen-canvas-flow\vendor\phpseclib\phpseclib\phpseclib\Math\BigInteger\Engines\BCMath.php on line 157
[16-Mar-2026 09:14:00 UTC] PHP Deprecated:  chr(): Providing a value not in-between 0 and 255 is deprecated, this is because a byte value must be in the [0, 255] interval. The value used will be constrained using % 256 in C:\Users\Pablo\Documents\GitHub\nine-screen-canvas-flow\vendor\phpseclib\phpseclib\phpseclib\Math\BigInteger\Engines\BCMath.php on line 157
[16-Mar-2026 09:14:00 UTC] PHP Deprecated:  chr(): Providing a value not in-between 0 and 255 is deprecated, this is because a byte value must be in the [0, 255] interval. The value used will be constrained using % 256 in C:\Users\Pablo\Documents\GitHub\nine-screen-canvas-flow\vendor\phpseclib\phpseclib\phpseclib\Math\BigInteger\Engines\BCMath.php on line 157
[16-Mar-2026 09:14:00 UTC] PHP Deprecated:  chr(): Providing a value not in-between 0 and 255 is deprecated, this is because a byte value must be in the [0, 255] interval. The value used will be constrained using % 256 in C:\Users\Pablo\Documents\GitHub\nine-screen-canvas-flow\vendor\phpseclib\phpseclib\phpseclib\Math\BigInteger\Engines\BCMath.php on line 157
[16-Mar-2026 09:14:00 UTC] PHP Deprecated:  chr(): Providing a value not in-between 0 and 255 is deprecated, this is because a byte value must be in the [0, 255] interval. The value used will be constrained using % 256 in C:\Users\Pablo\Documents\GitHub\nine-screen-canvas-flow\vendor\phpseclib\phpseclib\phpseclib\Math\BigInteger\Engines\BCMath.php on line 157
[16-Mar-2026 09:14:00 UTC] PHP Deprecated:  chr(): Providing a value not in-between 0 and 255 is deprecated, this is because a byte value must be in the [0, 255] interval. The value used will be constrained using % 256 in C:\Users\Pablo\Documents\GitHub\nine-screen-canvas-flow\vendor\phpseclib\phpseclib\phpseclib\Math\BigInteger\Engines\BCMath.php on line 157
[16-Mar-2026 09:14:00 UTC] PHP Deprecated:  chr(): Providing a value not in-between 0 and 255 is deprecated, this is because a byte value must be in the [0, 255] interval. The value used will be constrained using % 256 in C:\Users\Pablo\Documents\GitHub\nine-screen-canvas-flow\vendor\phpseclib\phpseclib\phpseclib\Math\BigInteger\Engines\BCMath.php on line 157
[16-Mar-2026 09:14:00 UTC] PHP Deprecated:  chr(): Providing a value not in-between 0 and 255 is deprecated, this is because a byte value must be in the [0, 255] interval. The value used will be constrained using % 256 in C:\Users\Pablo\Documents\GitHub\nine-screen-canvas-flow\vendor\phpseclib\phpseclib\phpseclib\Math\BigInteger\Engines\BCMath.php on line 157
[16-Mar-2026 09:14:00 UTC] PHP Deprecated:  chr(): Providing a value not in-between 0 and 255 is deprecated, this is because a byte value must be in the [0, 255] interval. The value used will be constrained using % 256 in C:\Users\Pablo\Documents\GitHub\nine-screen-canvas-flow\vendor\phpseclib\phpseclib\phpseclib\Math\BigInteger\Engines\BCMath.php on line 157
[16-Mar-2026 09:14:00 UTC] PHP Deprecated:  chr(): Providing a value not in-between 0 and 255 is deprecated, this is because a byte value must be in the [0, 255] interval. The value used will be constrained using % 256 in C:\Users\Pablo\Documents\GitHub\nine-screen-canvas-flow\vendor\phpseclib\phpseclib\phpseclib\Math\BigInteger\Engines\BCMath.php on line 157
[16-Mar-2026 09:14:00 UTC] PHP Deprecated:  chr(): Providing a value not in-between 0 and 255 is deprecated, this is because a byte value must be in the [0, 255] interval. The value used will be constrained using % 256 in C:\Users\Pablo\Documents\GitHub\nine-screen-canvas-flow\vendor\phpseclib\phpseclib\phpseclib\Math\BigInteger\Engines\BCMath.php on line 157
[16-Mar-2026 09:14:00 UTC] PHP Deprecated:  chr(): Providing a value not in-between 0 and 255 is deprecated, this is because a byte value must be in the [0, 255] interval. The value used will be constrained using % 256 in C:\Users\Pablo\Documents\GitHub\nine-screen-canvas-flow\vendor\phpseclib\phpseclib\phpseclib\Math\BigInteger\Engines\BCMath.php on line 157
[16-Mar-2026 09:14:00 UTC] PHP Deprecated:  chr(): Providing a value not in-between 0 and 255 is deprecated, this is because a byte value must be in the [0, 255] interval. The value used will be constrained using % 256 in C:\Users\Pablo\Documents\GitHub\nine-screen-canvas-flow\vendor\phpseclib\phpseclib\phpseclib\Math\BigInteger\Engines\BCMath.php on line 157
[16-Mar-2026 09:14:00 UTC] PHP Deprecated:  chr(): Providing a value not in-between 0 and 255 is deprecated, this is because a byte value must be in the [0, 255] interval. The value used will be constrained using % 256 in C:\Users\Pablo\Documents\GitHub\nine-screen-canvas-flow\vendor\phpseclib\phpseclib\phpseclib\Math\BigInteger\Engines\BCMath.php on line 157
[16-Mar-2026 09:14:00 UTC] PHP Deprecated:  chr(): Providing a value not in-between 0 and 255 is deprecated, this is because a byte value must be in the [0, 255] interval. The value used will be constrained using % 256 in C:\Users\Pablo\Documents\GitHub\nine-screen-canvas-flow\vendor\phpseclib\phpseclib\phpseclib\Math\BigInteger\Engines\BCMath.php on line 157
[16-Mar-2026 09:14:00 UTC] PHP Deprecated:  chr(): Providing a value not in-between 0 and 255 is deprecated, this is because a byte value must be in the [0, 255] interval. The value used will be constrained using % 256 in C:\Users\Pablo\Documents\GitHub\nine-screen-canvas-flow\vendor\phpseclib\phpseclib\phpseclib\Math\BigInteger\Engines\BCMath.php on line 157
[16-Mar-2026 09:14:00 UTC] PHP Deprecated:  chr(): Providing a value not in-between 0 and 255 is deprecated, this is because a byte value must be in the [0, 255] interval. The value used will be constrained using % 256 in C:\Users\Pablo\Documents\GitHub\nine-screen-canvas-flow\vendor\phpseclib\phpseclib\phpseclib\Math\BigInteger\Engines\BCMath.php on line 157
[16-Mar-2026 09:14:00 UTC] PHP Deprecated:  chr(): Providing a value not in-between 0 and 255 is deprecated, this is because a byte value must be in the [0, 255] interval. The value used will be constrained using % 256 in C:\Users\Pablo\Documents\GitHub\nine-screen-canvas-flow\vendor\phpseclib\phpseclib\phpseclib\Math\BigInteger\Engines\BCMath.php on line 157
[16-Mar-2026 09:14:00 UTC] PHP Deprecated:  chr(): Providing a value not in-between 0 and 255 is deprecated, this is because a byte value must be in the [0, 255] interval. The value used will be constrained using % 256 in C:\Users\Pablo\Documents\GitHub\nine-screen-canvas-flow\vendor\phpseclib\phpseclib\phpseclib\Math\BigInteger\Engines\BCMath.php on line 157
[16-Mar-2026 09:14:00 UTC] PHP Deprecated:  chr(): Providing a value not in-between 0 and 255 is deprecated, this is because a byte value must be in the [0, 255] interval. The value used will be constrained using % 256 in C:\Users\Pablo\Documents\GitHub\nine-screen-canvas-flow\vendor\phpseclib\phpseclib\phpseclib\Math\BigInteger\Engines\BCMath.php on line 157
[16-Mar-2026 09:14:00 UTC] PHP Deprecated:  chr(): Providing a value not in-between 0 and 255 is deprecated, this is because a byte value must be in the [0, 255] interval. The value used will be constrained using % 256 in C:\Users\Pablo\Documents\GitHub\nine-screen-canvas-flow\vendor\phpseclib\phpseclib\phpseclib\Math\BigInteger\Engines\BCMath.php on line 157
[16-Mar-2026 09:14:00 UTC] PHP Deprecated:  chr(): Providing a value not in-between 0 and 255 is deprecated, this is because a byte value must be in the [0, 255] interval. The value used will be constrained using % 256 in C:\Users\Pablo\Documents\GitHub\nine-screen-canvas-flow\vendor\phpseclib\phpseclib\phpseclib\Math\BigInteger\Engines\BCMath.php on line 157
[16-Mar-2026 09:14:00 UTC] PHP Deprecated:  chr(): Providing a value not in-between 0 and 255 is deprecated, this is because a byte value must be in the [0, 255] interval. The value used will be constrained using % 256 in C:\Users\Pablo\Documents\GitHub\nine-screen-canvas-flow\vendor\phpseclib\phpseclib\phpseclib\Math\BigInteger\Engines\BCMath.php on line 157
[16-Mar-2026 09:14:00 UTC] PHP Deprecated:  chr(): Providing a value not in-between 0 and 255 is deprecated, this is because a byte value must be in the [0, 255] interval. The value used will be constrained using % 256 in C:\Users\Pablo\Documents\GitHub\nine-screen-canvas-flow\vendor\phpseclib\phpseclib\phpseclib\Math\BigInteger\Engines\BCMath.php on line 157
[16-Mar-2026 09:14:00 UTC] PHP Deprecated:  chr(): Providing a value not in-between 0 and 255 is deprecated, this is because a byte value must be in the [0, 255] interval. The value used will be constrained using % 256 in C:\Users\Pablo\Documents\GitHub\nine-screen-canvas-flow\vendor\phpseclib\phpseclib\phpseclib\Math\BigInteger\Engines\BCMath.php on line 157
[16-Mar-2026 09:14:00 UTC] PHP Deprecated:  chr(): Providing a value not in-between 0 and 255 is deprecated, this is because a byte value must be in the [0, 255] interval. The value used will be constrained using % 256 in C:\Users\Pablo\Documents\GitHub\nine-screen-canvas-flow\vendor\phpseclib\phpseclib\phpseclib\Math\BigInteger\Engines\BCMath.php on line 157
[16-Mar-2026 09:14:00 UTC] PHP Deprecated:  chr(): Providing a value not in-between 0 and 255 is deprecated, this is because a byte value must be in the [0, 255] interval. The value used will be constrained using % 256 in C:\Users\Pablo\Documents\GitHub\nine-screen-canvas-flow\vendor\phpseclib\phpseclib\phpseclib\Math\BigInteger\Engines\BCMath.php on line 157
[16-Mar-2026 09:14:00 UTC] PHP Deprecated:  chr(): Providing a value not in-between 0 and 255 is deprecated, this is because a byte value must be in the [0, 255] interval. The value used will be constrained using % 256 in C:\Users\Pablo\Documents\GitHub\nine-screen-canvas-flow\vendor\phpseclib\phpseclib\phpseclib\Math\BigInteger\Engines\BCMath.php on line 157
[16-Mar-2026 09:14:00 UTC] PHP Deprecated:  chr(): Providing a value not in-between 0 and 255 is deprecated, this is because a byte value must be in the [0, 255] interval. The value used will be constrained using % 256 in C:\Users\Pablo\Documents\GitHub\nine-screen-canvas-flow\vendor\phpseclib\phpseclib\phpseclib\Math\BigInteger\Engines\BCMath.php on line 157
[16-Mar-2026 09:14:00 UTC] PHP Deprecated:  chr(): Providing a value not in-between 0 and 255 is deprecated, this is because a byte value must be in the [0, 255] interval. The value used will be constrained using % 256 in C:\Users\Pablo\Documents\GitHub\nine-screen-canvas-flow\vendor\phpseclib\phpseclib\phpseclib\Math\BigInteger\Engines\BCMath.php on line 157
[16-Mar-2026 09:14:00 UTC] PHP Deprecated:  chr(): Providing a value not in-between 0 and 255 is deprecated, this is because a byte value must be in the [0, 255] interval. The value used will be constrained using % 256 in C:\Users\Pablo\Documents\GitHub\nine-screen-canvas-flow\vendor\phpseclib\phpseclib\phpseclib\Math\BigInteger\Engines\BCMath.php on line 157
[16-Mar-2026 09:14:00 UTC] PHP Deprecated:  chr(): Providing a value not in-between 0 and 255 is deprecated, this is because a byte value must be in the [0, 255] interval. The value used will be constrained using % 256 in C:\Users\Pablo\Documents\GitHub\nine-screen-canvas-flow\vendor\phpseclib\phpseclib\phpseclib\Math\BigInteger\Engines\BCMath.php on line 157
[16-Mar-2026 09:14:00 UTC] PHP Deprecated:  chr(): Providing a value not in-between 0 and 255 is deprecated, this is because a byte value must be in the [0, 255] interval. The value used will be constrained using % 256 in C:\Users\Pablo\Documents\GitHub\nine-screen-canvas-flow\vendor\phpseclib\phpseclib\phpseclib\Math\BigInteger\Engines\BCMath.php on line 157
[16-Mar-2026 09:14:00 UTC] PHP Deprecated:  chr(): Providing a value not in-between 0 and 255 is deprecated, this is because a byte value must be in the [0, 255] interval. The value used will be constrained using % 256 in C:\Users\Pablo\Documents\GitHub\nine-screen-canvas-flow\vendor\phpseclib\phpseclib\phpseclib\Math\BigInteger\Engines\BCMath.php on line 157
[16-Mar-2026 09:14:00 UTC] PHP Deprecated:  chr(): Providing a value not in-between 0 and 255 is deprecated, this is because a byte value must be in the [0, 255] interval. The value used will be constrained using % 256 in C:\Users\Pablo\Documents\GitHub\nine-screen-canvas-flow\vendor\phpseclib\phpseclib\phpseclib\Math\BigInteger\Engines\BCMath.php on line 157
[16-Mar-2026 09:14:00 UTC] PHP Deprecated:  chr(): Providing a value not in-between 0 and 255 is deprecated, this is because a byte value must be in the [0, 255] interval. The value used will be constrained using % 256 in C:\Users\Pablo\Documents\GitHub\nine-screen-canvas-flow\vendor\phpseclib\phpseclib\phpseclib\Math\BigInteger\Engines\BCMath.php on line 157
[16-Mar-2026 09:14:00 UTC] PHP Deprecated:  chr(): Providing a value not in-between 0 and 255 is deprecated, this is because a byte value must be in the [0, 255] interval. The value used will be constrained using % 256 in C:\Users\Pablo\Documents\GitHub\nine-screen-canvas-flow\vendor\phpseclib\phpseclib\phpseclib\Math\BigInteger\Engines\BCMath.php on line 157
[16-Mar-2026 09:14:00 UTC] PHP Deprecated:  chr(): Providing a value not in-between 0 and 255 is deprecated, this is because a byte value must be in the [0, 255] interval. The value used will be constrained using % 256 in C:\Users\Pablo\Documents\GitHub\nine-screen-canvas-flow\vendor\phpseclib\phpseclib\phpseclib\Math\BigInteger\Engines\BCMath.php on line 157
[16-Mar-2026 09:14:00 UTC] PHP Deprecated:  chr(): Providing a value not in-between 0 and 255 is deprecated, this is because a byte value must be in the [0, 255] interval. The value used will be constrained using % 256 in C:\Users\Pablo\Documents\GitHub\nine-screen-canvas-flow\vendor\phpseclib\phpseclib\phpseclib\Math\BigInteger\Engines\BCMath.php on line 157
[16-Mar-2026 09:14:00 UTC] PHP Deprecated:  chr(): Providing a value not in-between 0 and 255 is deprecated, this is because a byte value must be in the [0, 255] interval. The value used will be constrained using % 256 in C:\Users\Pablo\Documents\GitHub\nine-screen-canvas-flow\vendor\phpseclib\phpseclib\phpseclib\Math\BigInteger\Engines\BCMath.php on line 157
[16-Mar-2026 09:14:00 UTC] PHP Deprecated:  chr(): Providing a value not in-between 0 and 255 is deprecated, this is because a byte value must be in the [0, 255] interval. The value used will be constrained using % 256 in C:\Users\Pablo\Documents\GitHub\nine-screen-canvas-flow\vendor\phpseclib\phpseclib\phpseclib\Math\BigInteger\Engines\BCMath.php on line 157
[16-Mar-2026 09:14:00 UTC] PHP Deprecated:  chr(): Providing a value not in-between 0 and 255 is deprecated, this is because a byte value must be in the [0, 255] interval. The value used will be constrained using % 256 in C:\Users\Pablo\Documents\GitHub\nine-screen-canvas-flow\vendor\phpseclib\phpseclib\phpseclib\Math\BigInteger\Engines\BCMath.php on line 157
[16-Mar-2026 09:14:00 UTC] PHP Deprecated:  chr(): Providing a value not in-between 0 and 255 is deprecated, this is because a byte value must be in the [0, 255] interval. The value used will be constrained using % 256 in C:\Users\Pablo\Documents\GitHub\nine-screen-canvas-flow\vendor\phpseclib\phpseclib\phpseclib\Math\BigInteger\Engines\BCMath.php on line 157
[16-Mar-2026 09:14:00 UTC] PHP Deprecated:  chr(): Providing a value not in-between 0 and 255 is deprecated, this is because a byte value must be in the [0, 255] interval. The value used will be constrained using % 256 in C:\Users\Pablo\Documents\GitHub\nine-screen-canvas-flow\vendor\phpseclib\phpseclib\phpseclib\Math\BigInteger\Engines\BCMath.php on line 157
[16-Mar-2026 09:14:00 UTC] PHP Deprecated:  chr(): Providing a value not in-between 0 and 255 is deprecated, this is because a byte value must be in the [0, 255] interval. The value used will be constrained using % 256 in C:\Users\Pablo\Documents\GitHub\nine-screen-canvas-flow\vendor\phpseclib\phpseclib\phpseclib\Math\BigInteger\Engines\BCMath.php on line 157
[16-Mar-2026 09:14:00 UTC] PHP Deprecated:  chr(): Providing a value not in-between 0 and 255 is deprecated, this is because a byte value must be in the [0, 255] interval. The value used will be constrained using % 256 in C:\Users\Pablo\Documents\GitHub\nine-screen-canvas-flow\vendor\phpseclib\phpseclib\phpseclib\Math\BigInteger\Engines\BCMath.php on line 157
[16-Mar-2026 09:14:00 UTC] PHP Deprecated:  chr(): Providing a value not in-between 0 and 255 is deprecated, this is because a byte value must be in the [0, 255] interval. The value used will be constrained using % 256 in C:\Users\Pablo\Documents\GitHub\nine-screen-canvas-flow\vendor\phpseclib\phpseclib\phpseclib\Math\BigInteger\Engines\BCMath.php on line 157
[16-Mar-2026 09:14:00 UTC] PHP Deprecated:  chr(): Providing a value not in-between 0 and 255 is deprecated, this is because a byte value must be in the [0, 255] interval. The value used will be constrained using % 256 in C:\Users\Pablo\Documents\GitHub\nine-screen-canvas-flow\vendor\phpseclib\phpseclib\phpseclib\Math\BigInteger\Engines\BCMath.php on line 157
[16-Mar-2026 09:14:00 UTC] PHP Deprecated:  chr(): Providing a value not in-between 0 and 255 is deprecated, this is because a byte value must be in the [0, 255] interval. The value used will be constrained using % 256 in C:\Users\Pablo\Documents\GitHub\nine-screen-canvas-flow\vendor\phpseclib\phpseclib\phpseclib\Math\BigInteger\Engines\BCMath.php on line 157
[16-Mar-2026 09:14:00 UTC] PHP Deprecated:  chr(): Providing a value not in-between 0 and 255 is deprecated, this is because a byte value must be in the [0, 255] interval. The value used will be constrained using % 256 in C:\Users\Pablo\Documents\GitHub\nine-screen-canvas-flow\vendor\phpseclib\phpseclib\phpseclib\Math\BigInteger\Engines\BCMath.php on line 157
[16-Mar-2026 09:14:00 UTC] PHP Deprecated:  chr(): Providing a value not in-between 0 and 255 is deprecated, this is because a byte value must be in the [0, 255] interval. The value used will be constrained using % 256 in C:\Users\Pablo\Documents\GitHub\nine-screen-canvas-flow\vendor\phpseclib\phpseclib\phpseclib\Math\BigInteger\Engines\BCMath.php on line 157
[16-Mar-2026 09:14:00 UTC] PHP Deprecated:  chr(): Providing a value not in-between 0 and 255 is deprecated, this is because a byte value must be in the [0, 255] interval. The value used will be constrained using % 256 in C:\Users\Pablo\Documents\GitHub\nine-screen-canvas-flow\vendor\phpseclib\phpseclib\phpseclib\Math\BigInteger\Engines\BCMath.php on line 157
[16-Mar-2026 09:14:00 UTC] PHP Deprecated:  chr(): Providing a value not in-between 0 and 255 is deprecated, this is because a byte value must be in the [0, 255] interval. The value used will be constrained using % 256 in C:\Users\Pablo\Documents\GitHub\nine-screen-canvas-flow\vendor\phpseclib\phpseclib\phpseclib\Math\BigInteger\Engines\BCMath.php on line 157
[16-Mar-2026 09:14:00 UTC] PHP Deprecated:  chr(): Providing a value not in-between 0 and 255 is deprecated, this is because a byte value must be in the [0, 255] interval. The value used will be constrained using % 256 in C:\Users\Pablo\Documents\GitHub\nine-screen-canvas-flow\vendor\phpseclib\phpseclib\phpseclib\Math\BigInteger\Engines\BCMath.php on line 157
[16-Mar-2026 09:14:00 UTC] PHP Deprecated:  chr(): Providing a value not in-between 0 and 255 is deprecated, this is because a byte value must be in the [0, 255] interval. The value used will be constrained using % 256 in C:\Users\Pablo\Documents\GitHub\nine-screen-canvas-flow\vendor\phpseclib\phpseclib\phpseclib\Math\BigInteger\Engines\BCMath.php on line 157
[16-Mar-2026 09:14:00 UTC] PHP Deprecated:  chr(): Providing a value not in-between 0 and 255 is deprecated, this is because a byte value must be in the [0, 255] interval. The value used will be constrained using % 256 in C:\Users\Pablo\Documents\GitHub\nine-screen-canvas-flow\vendor\phpseclib\phpseclib\phpseclib\Math\BigInteger\Engines\BCMath.php on line 157
[16-Mar-2026 09:14:00 UTC] PHP Deprecated:  chr(): Providing a value not in-between 0 and 255 is deprecated, this is because a byte value must be in the [0, 255] interval. The value used will be constrained using % 256 in C:\Users\Pablo\Documents\GitHub\nine-screen-canvas-flow\vendor\phpseclib\phpseclib\phpseclib\Math\BigInteger\Engines\BCMath.php on line 157
[16-Mar-2026 09:14:00 UTC] PHP Deprecated:  chr(): Providing a value not in-between 0 and 255 is deprecated, this is because a byte value must be in the [0, 255] interval. The value used will be constrained using % 256 in C:\Users\Pablo\Documents\GitHub\nine-screen-canvas-flow\vendor\phpseclib\phpseclib\phpseclib\Math\BigInteger\Engines\BCMath.php on line 157
[16-Mar-2026 09:14:00 UTC] PHP Deprecated:  chr(): Providing a value not in-between 0 and 255 is deprecated, this is because a byte value must be in the [0, 255] interval. The value used will be constrained using % 256 in C:\Users\Pablo\Documents\GitHub\nine-screen-canvas-flow\vendor\phpseclib\phpseclib\phpseclib\Math\BigInteger\Engines\BCMath.php on line 157
[16-Mar-2026 09:14:00 UTC] PHP Deprecated:  chr(): Providing a value not in-between 0 and 255 is deprecated, this is because a byte value must be in the [0, 255] interval. The value used will be constrained using % 256 in C:\Users\Pablo\Documents\GitHub\nine-screen-canvas-flow\vendor\phpseclib\phpseclib\phpseclib\Math\BigInteger\Engines\BCMath.php on line 157
[16-Mar-2026 09:14:00 UTC] PHP Deprecated:  chr(): Providing a value not in-between 0 and 255 is deprecated, this is because a byte value must be in the [0, 255] interval. The value used will be constrained using % 256 in C:\Users\Pablo\Documents\GitHub\nine-screen-canvas-flow\vendor\phpseclib\phpseclib\phpseclib\Math\BigInteger\Engines\BCMath.php on line 157
[16-Mar-2026 09:14:00 UTC] PHP Deprecated:  chr(): Providing a value not in-between 0 and 255 is deprecated, this is because a byte value must be in the [0, 255] interval. The value used will be constrained using % 256 in C:\Users\Pablo\Documents\GitHub\nine-screen-canvas-flow\vendor\phpseclib\phpseclib\phpseclib\Math\BigInteger\Engines\BCMath.php on line 157
[16-Mar-2026 09:14:00 UTC] PHP Deprecated:  chr(): Providing a value not in-between 0 and 255 is deprecated, this is because a byte value must be in the [0, 255] interval. The value used will be constrained using % 256 in C:\Users\Pablo\Documents\GitHub\nine-screen-canvas-flow\vendor\phpseclib\phpseclib\phpseclib\Math\BigInteger\Engines\BCMath.php on line 157
[16-Mar-2026 09:14:00 UTC] PHP Deprecated:  chr(): Providing a value not in-between 0 and 255 is deprecated, this is because a byte value must be in the [0, 255] interval. The value used will be constrained using % 256 in C:\Users\Pablo\Documents\GitHub\nine-screen-canvas-flow\vendor\phpseclib\phpseclib\phpseclib\Math\BigInteger\Engines\BCMath.php on line 157
[16-Mar-2026 09:14:00 UTC] PHP Deprecated:  chr(): Providing a value not in-between 0 and 255 is deprecated, this is because a byte value must be in the [0, 255] interval. The value used will be constrained using % 256 in C:\Users\Pablo\Documents\GitHub\nine-screen-canvas-flow\vendor\phpseclib\phpseclib\phpseclib\Math\BigInteger\Engines\BCMath.php on line 157
[16-Mar-2026 09:14:00 UTC] PHP Deprecated:  chr(): Providing a value not in-between 0 and 255 is deprecated, this is because a byte value must be in the [0, 255] interval. The value used will be constrained using % 256 in C:\Users\Pablo\Documents\GitHub\nine-screen-canvas-flow\vendor\phpseclib\phpseclib\phpseclib\Math\BigInteger\Engines\BCMath.php on line 157
[16-Mar-2026 09:14:00 UTC] PHP Deprecated:  chr(): Providing a value not in-between 0 and 255 is deprecated, this is because a byte value must be in the [0, 255] interval. The value used will be constrained using % 256 in C:\Users\Pablo\Documents\GitHub\nine-screen-canvas-flow\vendor\phpseclib\phpseclib\phpseclib\Math\BigInteger\Engines\BCMath.php on line 157
[16-Mar-2026 09:14:00 UTC] PHP Deprecated:  chr(): Providing a value not in-between 0 and 255 is deprecated, this is because a byte value must be in the [0, 255] interval. The value used will be constrained using % 256 in C:\Users\Pablo\Documents\GitHub\nine-screen-canvas-flow\vendor\phpseclib\phpseclib\phpseclib\Math\BigInteger\Engines\BCMath.php on line 157
[16-Mar-2026 09:14:00 UTC] PHP Deprecated:  chr(): Providing a value not in-between 0 and 255 is deprecated, this is because a byte value must be in the [0, 255] interval. The value used will be constrained using % 256 in C:\Users\Pablo\Documents\GitHub\nine-screen-canvas-flow\vendor\phpseclib\phpseclib\phpseclib\Math\BigInteger\Engines\BCMath.php on line 157
[16-Mar-2026 09:14:00 UTC] PHP Deprecated:  chr(): Providing a value not in-between 0 and 255 is deprecated, this is because a byte value must be in the [0, 255] interval. The value used will be constrained using % 256 in C:\Users\Pablo\Documents\GitHub\nine-screen-canvas-flow\vendor\phpseclib\phpseclib\phpseclib\Math\BigInteger\Engines\BCMath.php on line 157
[16-Mar-2026 09:14:00 UTC] PHP Deprecated:  chr(): Providing a value not in-between 0 and 255 is deprecated, this is because a byte value must be in the [0, 255] interval. The value used will be constrained using % 256 in C:\Users\Pablo\Documents\GitHub\nine-screen-canvas-flow\vendor\phpseclib\phpseclib\phpseclib\Math\BigInteger\Engines\BCMath.php on line 157
[16-Mar-2026 09:14:00 UTC] PHP Deprecated:  chr(): Providing a value not in-between 0 and 255 is deprecated, this is because a byte value must be in the [0, 255] interval. The value used will be constrained using % 256 in C:\Users\Pablo\Documents\GitHub\nine-screen-canvas-flow\vendor\phpseclib\phpseclib\phpseclib\Math\BigInteger\Engines\BCMath.php on line 157
[16-Mar-2026 09:14:00 UTC] PHP Deprecated:  chr(): Providing a value not in-between 0 and 255 is deprecated, this is because a byte value must be in the [0, 255] interval. The value used will be constrained using % 256 in C:\Users\Pablo\Documents\GitHub\nine-screen-canvas-flow\vendor\phpseclib\phpseclib\phpseclib\Math\BigInteger\Engines\BCMath.php on line 157
[16-Mar-2026 09:14:00 UTC] PHP Deprecated:  chr(): Providing a value not in-between 0 and 255 is deprecated, this is because a byte value must be in the [0, 255] interval. The value used will be constrained using % 256 in C:\Users\Pablo\Documents\GitHub\nine-screen-canvas-flow\vendor\phpseclib\phpseclib\phpseclib\Math\BigInteger\Engines\BCMath.php on line 157
[16-Mar-2026 09:14:00 UTC] PHP Deprecated:  chr(): Providing a value not in-between 0 and 255 is deprecated, this is because a byte value must be in the [0, 255] interval. The value used will be constrained using % 256 in C:\Users\Pablo\Documents\GitHub\nine-screen-canvas-flow\vendor\phpseclib\phpseclib\phpseclib\Math\BigInteger\Engines\BCMath.php on line 157
[16-Mar-2026 09:14:00 UTC] PHP Deprecated:  chr(): Providing a value not in-between 0 and 255 is deprecated, this is because a byte value must be in the [0, 255] interval. The value used will be constrained using % 256 in C:\Users\Pablo\Documents\GitHub\nine-screen-canvas-flow\vendor\phpseclib\phpseclib\phpseclib\Math\BigInteger\Engines\BCMath.php on line 157
[16-Mar-2026 09:14:00 UTC] PHP Deprecated:  chr(): Providing a value not in-between 0 and 255 is deprecated, this is because a byte value must be in the [0, 255] interval. The value used will be constrained using % 256 in C:\Users\Pablo\Documents\GitHub\nine-screen-canvas-flow\vendor\phpseclib\phpseclib\phpseclib\Math\BigInteger\Engines\BCMath.php on line 157
[16-Mar-2026 09:14:00 UTC] PHP Deprecated:  chr(): Providing a value not in-between 0 and 255 is deprecated, this is because a byte value must be in the [0, 255] interval. The value used will be constrained using % 256 in C:\Users\Pablo\Documents\GitHub\nine-screen-canvas-flow\vendor\phpseclib\phpseclib\phpseclib\Math\BigInteger\Engines\BCMath.php on line 157
[16-Mar-2026 09:14:00 UTC] PHP Deprecated:  chr(): Providing a value not in-between 0 and 255 is deprecated, this is because a byte value must be in the [0, 255] interval. The value used will be constrained using % 256 in C:\Users\Pablo\Documents\GitHub\nine-screen-canvas-flow\vendor\phpseclib\phpseclib\phpseclib\Math\BigInteger\Engines\BCMath.php on line 157
[16-Mar-2026 09:14:00 UTC] PHP Deprecated:  chr(): Providing a value not in-between 0 and 255 is deprecated, this is because a byte value must be in the [0, 255] interval. The value used will be constrained using % 256 in C:\Users\Pablo\Documents\GitHub\nine-screen-canvas-flow\vendor\phpseclib\phpseclib\phpseclib\Math\BigInteger\Engines\BCMath.php on line 157
[16-Mar-2026 09:14:00 UTC] PHP Deprecated:  chr(): Providing a value not in-between 0 and 255 is deprecated, this is because a byte value must be in the [0, 255] interval. The value used will be constrained using % 256 in C:\Users\Pablo\Documents\GitHub\nine-screen-canvas-flow\vendor\phpseclib\phpseclib\phpseclib\Math\BigInteger\Engines\BCMath.php on line 157
[16-Mar-2026 09:14:00 UTC] PHP Deprecated:  chr(): Providing a value not in-between 0 and 255 is deprecated, this is because a byte value must be in the [0, 255] interval. The value used will be constrained using % 256 in C:\Users\Pablo\Documents\GitHub\nine-screen-canvas-flow\vendor\phpseclib\phpseclib\phpseclib\Math\BigInteger\Engines\BCMath.php on line 157
[16-Mar-2026 09:14:00 UTC] PHP Deprecated:  chr(): Providing a value not in-between 0 and 255 is deprecated, this is because a byte value must be in the [0, 255] interval. The value used will be constrained using % 256 in C:\Users\Pablo\Documents\GitHub\nine-screen-canvas-flow\vendor\phpseclib\phpseclib\phpseclib\Math\BigInteger\Engines\BCMath.php on line 157
[16-Mar-2026 09:14:00 UTC] PHP Deprecated:  chr(): Providing a value not in-between 0 and 255 is deprecated, this is because a byte value must be in the [0, 255] interval. The value used will be constrained using % 256 in C:\Users\Pablo\Documents\GitHub\nine-screen-canvas-flow\vendor\phpseclib\phpseclib\phpseclib\Math\BigInteger\Engines\BCMath.php on line 157
[16-Mar-2026 09:14:00 UTC] PHP Deprecated:  chr(): Providing a value not in-between 0 and 255 is deprecated, this is because a byte value must be in the [0, 255] interval. The value used will be constrained using % 256 in C:\Users\Pablo\Documents\GitHub\nine-screen-canvas-flow\vendor\phpseclib\phpseclib\phpseclib\Math\BigInteger\Engines\BCMath.php on line 157
[16-Mar-2026 09:14:00 UTC] PHP Deprecated:  chr(): Providing a value not in-between 0 and 255 is deprecated, this is because a byte value must be in the [0, 255] interval. The value used will be constrained using % 256 in C:\Users\Pablo\Documents\GitHub\nine-screen-canvas-flow\vendor\phpseclib\phpseclib\phpseclib\Math\BigInteger\Engines\BCMath.php on line 157
[16-Mar-2026 09:14:00 UTC] PHP Deprecated:  chr(): Providing a value not in-between 0 and 255 is deprecated, this is because a byte value must be in the [0, 255] interval. The value used will be constrained using % 256 in C:\Users\Pablo\Documents\GitHub\nine-screen-canvas-flow\vendor\phpseclib\phpseclib\phpseclib\Math\BigInteger\Engines\BCMath.php on line 157
[16-Mar-2026 09:14:00 UTC] PHP Deprecated:  chr(): Providing a value not in-between 0 and 255 is deprecated, this is because a byte value must be in the [0, 255] interval. The value used will be constrained using % 256 in C:\Users\Pablo\Documents\GitHub\nine-screen-canvas-flow\vendor\phpseclib\phpseclib\phpseclib\Math\BigInteger\Engines\BCMath.php on line 157
[16-Mar-2026 09:14:00 UTC] PHP Deprecated:  chr(): Providing a value not in-between 0 and 255 is deprecated, this is because a byte value must be in the [0, 255] interval. The value used will be constrained using % 256 in C:\Users\Pablo\Documents\GitHub\nine-screen-canvas-flow\vendor\phpseclib\phpseclib\phpseclib\Math\BigInteger\Engines\BCMath.php on line 157
[16-Mar-2026 09:14:00 UTC] PHP Deprecated:  chr(): Providing a value not in-between 0 and 255 is deprecated, this is because a byte value must be in the [0, 255] interval. The value used will be constrained using % 256 in C:\Users\Pablo\Documents\GitHub\nine-screen-canvas-flow\vendor\phpseclib\phpseclib\phpseclib\Math\BigInteger\Engines\BCMath.php on line 157
[16-Mar-2026 09:14:00 UTC] PHP Deprecated:  chr(): Providing a value not in-between 0 and 255 is deprecated, this is because a byte value must be in the [0, 255] interval. The value used will be constrained using % 256 in C:\Users\Pablo\Documents\GitHub\nine-screen-canvas-flow\vendor\phpseclib\phpseclib\phpseclib\Math\BigInteger\Engines\BCMath.php on line 157
[16-Mar-2026 09:14:00 UTC] PHP Deprecated:  chr(): Providing a value not in-between 0 and 255 is deprecated, this is because a byte value must be in the [0, 255] interval. The value used will be constrained using % 256 in C:\Users\Pablo\Documents\GitHub\nine-screen-canvas-flow\vendor\phpseclib\phpseclib\phpseclib\Math\BigInteger\Engines\BCMath.php on line 157
[16-Mar-2026 09:14:00 UTC] PHP Deprecated:  chr(): Providing a value not in-between 0 and 255 is deprecated, this is because a byte value must be in the [0, 255] interval. The value used will be constrained using % 256 in C:\Users\Pablo\Documents\GitHub\nine-screen-canvas-flow\vendor\phpseclib\phpseclib\phpseclib\Math\BigInteger\Engines\BCMath.php on line 157
[16-Mar-2026 09:14:00 UTC] PHP Deprecated:  chr(): Providing a value not in-between 0 and 255 is deprecated, this is because a byte value must be in the [0, 255] interval. The value used will be constrained using % 256 in C:\Users\Pablo\Documents\GitHub\nine-screen-canvas-flow\vendor\phpseclib\phpseclib\phpseclib\Math\BigInteger\Engines\BCMath.php on line 157
[16-Mar-2026 09:14:00 UTC] PHP Deprecated:  chr(): Providing a value not in-between 0 and 255 is deprecated, this is because a byte value must be in the [0, 255] interval. The value used will be constrained using % 256 in C:\Users\Pablo\Documents\GitHub\nine-screen-canvas-flow\vendor\phpseclib\phpseclib\phpseclib\Math\BigInteger\Engines\BCMath.php on line 157
[16-Mar-2026 09:14:00 UTC] PHP Deprecated:  chr(): Providing a value not in-between 0 and 255 is deprecated, this is because a byte value must be in the [0, 255] interval. The value used will be constrained using % 256 in C:\Users\Pablo\Documents\GitHub\nine-screen-canvas-flow\vendor\phpseclib\phpseclib\phpseclib\Math\BigInteger\Engines\BCMath.php on line 157
[16-Mar-2026 09:14:00 UTC] PHP Deprecated:  chr(): Providing a value not in-between 0 and 255 is deprecated, this is because a byte value must be in the [0, 255] interval. The value used will be constrained using % 256 in C:\Users\Pablo\Documents\GitHub\nine-screen-canvas-flow\vendor\phpseclib\phpseclib\phpseclib\Math\BigInteger\Engines\BCMath.php on line 157
[16-Mar-2026 09:14:00 UTC] PHP Deprecated:  chr(): Providing a value not in-between 0 and 255 is deprecated, this is because a byte value must be in the [0, 255] interval. The value used will be constrained using % 256 in C:\Users\Pablo\Documents\GitHub\nine-screen-canvas-flow\vendor\phpseclib\phpseclib\phpseclib\Math\BigInteger\Engines\BCMath.php on line 157
[16-Mar-2026 09:14:00 UTC] PHP Deprecated:  chr(): Providing a value not in-between 0 and 255 is deprecated, this is because a byte value must be in the [0, 255] interval. The value used will be constrained using % 256 in C:\Users\Pablo\Documents\GitHub\nine-screen-canvas-flow\vendor\phpseclib\phpseclib\phpseclib\Math\BigInteger\Engines\BCMath.php on line 157
[16-Mar-2026 09:14:00 UTC] PHP Deprecated:  chr(): Providing a value not in-between 0 and 255 is deprecated, this is because a byte value must be in the [0, 255] interval. The value used will be constrained using % 256 in C:\Users\Pablo\Documents\GitHub\nine-screen-canvas-flow\vendor\phpseclib\phpseclib\phpseclib\Math\BigInteger\Engines\BCMath.php on line 157
[16-Mar-2026 09:14:00 UTC] PHP Deprecated:  chr(): Providing a value not in-between 0 and 255 is deprecated, this is because a byte value must be in the [0, 255] interval. The value used will be constrained using % 256 in C:\Users\Pablo\Documents\GitHub\nine-screen-canvas-flow\vendor\phpseclib\phpseclib\phpseclib\Math\BigInteger\Engines\BCMath.php on line 157
[16-Mar-2026 09:14:00 UTC] PHP Deprecated:  chr(): Providing a value not in-between 0 and 255 is deprecated, this is because a byte value must be in the [0, 255] interval. The value used will be constrained using % 256 in C:\Users\Pablo\Documents\GitHub\nine-screen-canvas-flow\vendor\phpseclib\phpseclib\phpseclib\Math\BigInteger\Engines\BCMath.php on line 157
[16-Mar-2026 09:14:00 UTC] PHP Deprecated:  chr(): Providing a value not in-between 0 and 255 is deprecated, this is because a byte value must be in the [0, 255] interval. The value used will be constrained using % 256 in C:\Users\Pablo\Documents\GitHub\nine-screen-canvas-flow\vendor\phpseclib\phpseclib\phpseclib\Math\BigInteger\Engines\BCMath.php on line 157
[16-Mar-2026 09:14:00 UTC] PHP Deprecated:  chr(): Providing a value not in-between 0 and 255 is deprecated, this is because a byte value must be in the [0, 255] interval. The value used will be constrained using % 256 in C:\Users\Pablo\Documents\GitHub\nine-screen-canvas-flow\vendor\phpseclib\phpseclib\phpseclib\Math\BigInteger\Engines\BCMath.php on line 157
[16-Mar-2026 09:14:00 UTC] PHP Deprecated:  chr(): Providing a value not in-between 0 and 255 is deprecated, this is because a byte value must be in the [0, 255] interval. The value used will be constrained using % 256 in C:\Users\Pablo\Documents\GitHub\nine-screen-canvas-flow\vendor\phpseclib\phpseclib\phpseclib\Math\BigInteger\Engines\BCMath.php on line 157
[16-Mar-2026 09:14:00 UTC] PHP Deprecated:  chr(): Providing a value not in-between 0 and 255 is deprecated, this is because a byte value must be in the [0, 255] interval. The value used will be constrained using % 256 in C:\Users\Pablo\Documents\GitHub\nine-screen-canvas-flow\vendor\phpseclib\phpseclib\phpseclib\Math\BigInteger\Engines\BCMath.php on line 157
[16-Mar-2026 09:14:00 UTC] PHP Deprecated:  chr(): Providing a value not in-between 0 and 255 is deprecated, this is because a byte value must be in the [0, 255] interval. The value used will be constrained using % 256 in C:\Users\Pablo\Documents\GitHub\nine-screen-canvas-flow\vendor\phpseclib\phpseclib\phpseclib\Math\BigInteger\Engines\BCMath.php on line 157
[16-Mar-2026 09:14:00 UTC] PHP Deprecated:  chr(): Providing a value not in-between 0 and 255 is deprecated, this is because a byte value must be in the [0, 255] interval. The value used will be constrained using % 256 in C:\Users\Pablo\Documents\GitHub\nine-screen-canvas-flow\vendor\phpseclib\phpseclib\phpseclib\Math\BigInteger\Engines\BCMath.php on line 157
[16-Mar-2026 09:14:00 UTC] PHP Deprecated:  chr(): Providing a value not in-between 0 and 255 is deprecated, this is because a byte value must be in the [0, 255] interval. The value used will be constrained using % 256 in C:\Users\Pablo\Documents\GitHub\nine-screen-canvas-flow\vendor\phpseclib\phpseclib\phpseclib\Math\BigInteger\Engines\BCMath.php on line 157
[16-Mar-2026 09:14:00 UTC] PHP Deprecated:  chr(): Providing a value not in-between 0 and 255 is deprecated, this is because a byte value must be in the [0, 255] interval. The value used will be constrained using % 256 in C:\Users\Pablo\Documents\GitHub\nine-screen-canvas-flow\vendor\phpseclib\phpseclib\phpseclib\Math\BigInteger\Engines\BCMath.php on line 157
[16-Mar-2026 09:14:00 UTC] PHP Deprecated:  chr(): Providing a value not in-between 0 and 255 is deprecated, this is because a byte value must be in the [0, 255] interval. The value used will be constrained using % 256 in C:\Users\Pablo\Documents\GitHub\nine-screen-canvas-flow\vendor\phpseclib\phpseclib\phpseclib\Math\BigInteger\Engines\BCMath.php on line 157
[16-Mar-2026 09:14:00 UTC] PHP Deprecated:  chr(): Providing a value not in-between 0 and 255 is deprecated, this is because a byte value must be in the [0, 255] interval. The value used will be constrained using % 256 in C:\Users\Pablo\Documents\GitHub\nine-screen-canvas-flow\vendor\phpseclib\phpseclib\phpseclib\Math\BigInteger\Engines\BCMath.php on line 157
[16-Mar-2026 09:14:00 UTC] PHP Deprecated:  chr(): Providing a value not in-between 0 and 255 is deprecated, this is because a byte value must be in the [0, 255] interval. The value used will be constrained using % 256 in C:\Users\Pablo\Documents\GitHub\nine-screen-canvas-flow\vendor\phpseclib\phpseclib\phpseclib\Math\BigInteger\Engines\BCMath.php on line 157
[16-Mar-2026 09:14:00 UTC] PHP Deprecated:  chr(): Providing a value not in-between 0 and 255 is deprecated, this is because a byte value must be in the [0, 255] interval. The value used will be constrained using % 256 in C:\Users\Pablo\Documents\GitHub\nine-screen-canvas-flow\vendor\phpseclib\phpseclib\phpseclib\Math\BigInteger\Engines\BCMath.php on line 157
[16-Mar-2026 09:14:00 UTC] PHP Deprecated:  chr(): Providing a value not in-between 0 and 255 is deprecated, this is because a byte value must be in the [0, 255] interval. The value used will be constrained using % 256 in C:\Users\Pablo\Documents\GitHub\nine-screen-canvas-flow\vendor\phpseclib\phpseclib\phpseclib\Math\BigInteger\Engines\BCMath.php on line 157
[16-Mar-2026 09:14:00 UTC] PHP Deprecated:  chr(): Providing a value not in-between 0 and 255 is deprecated, this is because a byte value must be in the [0, 255] interval. The value used will be constrained using % 256 in C:\Users\Pablo\Documents\GitHub\nine-screen-canvas-flow\vendor\phpseclib\phpseclib\phpseclib\Math\BigInteger\Engines\BCMath.php on line 157
[16-Mar-2026 09:14:00 UTC] PHP Deprecated:  chr(): Providing a value not in-between 0 and 255 is deprecated, this is because a byte value must be in the [0, 255] interval. The value used will be constrained using % 256 in C:\Users\Pablo\Documents\GitHub\nine-screen-canvas-flow\vendor\phpseclib\phpseclib\phpseclib\Math\BigInteger\Engines\BCMath.php on line 157
[16-Mar-2026 09:14:00 UTC] PHP Deprecated:  chr(): Providing a value not in-between 0 and 255 is deprecated, this is because a byte value must be in the [0, 255] interval. The value used will be constrained using % 256 in C:\Users\Pablo\Documents\GitHub\nine-screen-canvas-flow\vendor\phpseclib\phpseclib\phpseclib\Math\BigInteger\Engines\BCMath.php on line 157
[16-Mar-2026 09:14:00 UTC] PHP Deprecated:  chr(): Providing a value not in-between 0 and 255 is deprecated, this is because a byte value must be in the [0, 255] interval. The value used will be constrained using % 256 in C:\Users\Pablo\Documents\GitHub\nine-screen-canvas-flow\vendor\phpseclib\phpseclib\phpseclib\Math\BigInteger\Engines\BCMath.php on line 157
[16-Mar-2026 09:14:00 UTC] PHP Deprecated:  chr(): Providing a value not in-between 0 and 255 is deprecated, this is because a byte value must be in the [0, 255] interval. The value used will be constrained using % 256 in C:\Users\Pablo\Documents\GitHub\nine-screen-canvas-flow\vendor\phpseclib\phpseclib\phpseclib\Math\BigInteger\Engines\BCMath.php on line 157
[16-Mar-2026 09:14:00 UTC] PHP Deprecated:  chr(): Providing a value not in-between 0 and 255 is deprecated, this is because a byte value must be in the [0, 255] interval. The value used will be constrained using % 256 in C:\Users\Pablo\Documents\GitHub\nine-screen-canvas-flow\vendor\phpseclib\phpseclib\phpseclib\Math\BigInteger\Engines\BCMath.php on line 157
[16-Mar-2026 09:14:00 UTC] PHP Deprecated:  chr(): Providing a value not in-between 0 and 255 is deprecated, this is because a byte value must be in the [0, 255] interval. The value used will be constrained using % 256 in C:\Users\Pablo\Documents\GitHub\nine-screen-canvas-flow\vendor\phpseclib\phpseclib\phpseclib\Math\BigInteger\Engines\BCMath.php on line 157
[16-Mar-2026 09:14:00 UTC] PHP Deprecated:  chr(): Providing a value not in-between 0 and 255 is deprecated, this is because a byte value must be in the [0, 255] interval. The value used will be constrained using % 256 in C:\Users\Pablo\Documents\GitHub\nine-screen-canvas-flow\vendor\phpseclib\phpseclib\phpseclib\Math\BigInteger\Engines\BCMath.php on line 157
[16-Mar-2026 09:14:00 UTC] PHP Deprecated:  chr(): Providing a value not in-between 0 and 255 is deprecated, this is because a byte value must be in the [0, 255] interval. The value used will be constrained using % 256 in C:\Users\Pablo\Documents\GitHub\nine-screen-canvas-flow\vendor\phpseclib\phpseclib\phpseclib\Math\BigInteger\Engines\BCMath.php on line 157
[16-Mar-2026 09:14:00 UTC] PHP Deprecated:  chr(): Providing a value not in-between 0 and 255 is deprecated, this is because a byte value must be in the [0, 255] interval. The value used will be constrained using % 256 in C:\Users\Pablo\Documents\GitHub\nine-screen-canvas-flow\vendor\phpseclib\phpseclib\phpseclib\Math\BigInteger\Engines\BCMath.php on line 157
[16-Mar-2026 09:14:00 UTC] PHP Deprecated:  chr(): Providing a value not in-between 0 and 255 is deprecated, this is because a byte value must be in the [0, 255] interval. The value used will be constrained using % 256 in C:\Users\Pablo\Documents\GitHub\nine-screen-canvas-flow\vendor\phpseclib\phpseclib\phpseclib\Math\BigInteger\Engines\BCMath.php on line 157
[16-Mar-2026 09:14:00 UTC] PHP Deprecated:  chr(): Providing a value not in-between 0 and 255 is deprecated, this is because a byte value must be in the [0, 255] interval. The value used will be constrained using % 256 in C:\Users\Pablo\Documents\GitHub\nine-screen-canvas-flow\vendor\phpseclib\phpseclib\phpseclib\Math\BigInteger\Engines\BCMath.php on line 157
[16-Mar-2026 09:14:00 UTC] PHP Deprecated:  chr(): Providing a value not in-between 0 and 255 is deprecated, this is because a byte value must be in the [0, 255] interval. The value used will be constrained using % 256 in C:\Users\Pablo\Documents\GitHub\nine-screen-canvas-flow\vendor\phpseclib\phpseclib\phpseclib\Math\BigInteger\Engines\BCMath.php on line 157
[16-Mar-2026 09:14:00 UTC] PHP Deprecated:  chr(): Providing a value not in-between 0 and 255 is deprecated, this is because a byte value must be in the [0, 255] interval. The value used will be constrained using % 256 in C:\Users\Pablo\Documents\GitHub\nine-screen-canvas-flow\vendor\phpseclib\phpseclib\phpseclib\Math\BigInteger\Engines\BCMath.php on line 157
[16-Mar-2026 09:14:00 UTC] PHP Deprecated:  chr(): Providing a value not in-between 0 and 255 is deprecated, this is because a byte value must be in the [0, 255] interval. The value used will be constrained using % 256 in C:\Users\Pablo\Documents\GitHub\nine-screen-canvas-flow\vendor\phpseclib\phpseclib\phpseclib\Math\BigInteger\Engines\BCMath.php on line 157
[16-Mar-2026 09:14:00 UTC] PHP Deprecated:  chr(): Providing a value not in-between 0 and 255 is deprecated, this is because a byte value must be in the [0, 255] interval. The value used will be constrained using % 256 in C:\Users\Pablo\Documents\GitHub\nine-screen-canvas-flow\vendor\phpseclib\phpseclib\phpseclib\Math\BigInteger\Engines\BCMath.php on line 157
[16-Mar-2026 09:14:00 UTC] PHP Deprecated:  chr(): Providing a value not in-between 0 and 255 is deprecated, this is because a byte value must be in the [0, 255] interval. The value used will be constrained using % 256 in C:\Users\Pablo\Documents\GitHub\nine-screen-canvas-flow\vendor\phpseclib\phpseclib\phpseclib\Math\BigInteger\Engines\BCMath.php on line 157
[16-Mar-2026 09:14:00 UTC] PHP Deprecated:  chr(): Providing a value not in-between 0 and 255 is deprecated, this is because a byte value must be in the [0, 255] interval. The value used will be constrained using % 256 in C:\Users\Pablo\Documents\GitHub\nine-screen-canvas-flow\vendor\phpseclib\phpseclib\phpseclib\Math\BigInteger\Engines\BCMath.php on line 157
[16-Mar-2026 09:14:00 UTC] PHP Deprecated:  chr(): Providing a value not in-between 0 and 255 is deprecated, this is because a byte value must be in the [0, 255] interval. The value used will be constrained using % 256 in C:\Users\Pablo\Documents\GitHub\nine-screen-canvas-flow\vendor\phpseclib\phpseclib\phpseclib\Math\BigInteger\Engines\BCMath.php on line 157
[16-Mar-2026 09:14:00 UTC] PHP Deprecated:  chr(): Providing a value not in-between 0 and 255 is deprecated, this is because a byte value must be in the [0, 255] interval. The value used will be constrained using % 256 in C:\Users\Pablo\Documents\GitHub\nine-screen-canvas-flow\vendor\phpseclib\phpseclib\phpseclib\Math\BigInteger\Engines\BCMath.php on line 157
[16-Mar-2026 09:14:00 UTC] PHP Deprecated:  chr(): Providing a value not in-between 0 and 255 is deprecated, this is because a byte value must be in the [0, 255] interval. The value used will be constrained using % 256 in C:\Users\Pablo\Documents\GitHub\nine-screen-canvas-flow\vendor\phpseclib\phpseclib\phpseclib\Math\BigInteger\Engines\BCMath.php on line 157
[16-Mar-2026 09:14:00 UTC] PHP Deprecated:  chr(): Providing a value not in-between 0 and 255 is deprecated, this is because a byte value must be in the [0, 255] interval. The value used will be constrained using % 256 in C:\Users\Pablo\Documents\GitHub\nine-screen-canvas-flow\vendor\phpseclib\phpseclib\phpseclib\Math\BigInteger\Engines\BCMath.php on line 157
[16-Mar-2026 09:14:00 UTC] PHP Deprecated:  chr(): Providing a value not in-between 0 and 255 is deprecated, this is because a byte value must be in the [0, 255] interval. The value used will be constrained using % 256 in C:\Users\Pablo\Documents\GitHub\nine-screen-canvas-flow\vendor\phpseclib\phpseclib\phpseclib\Math\BigInteger\Engines\BCMath.php on line 157
[16-Mar-2026 09:14:00 UTC] PHP Deprecated:  chr(): Providing a value not in-between 0 and 255 is deprecated, this is because a byte value must be in the [0, 255] interval. The value used will be constrained using % 256 in C:\Users\Pablo\Documents\GitHub\nine-screen-canvas-flow\vendor\phpseclib\phpseclib\phpseclib\Math\BigInteger\Engines\BCMath.php on line 157
[16-Mar-2026 09:14:00 UTC] PHP Deprecated:  chr(): Providing a value not in-between 0 and 255 is deprecated, this is because a byte value must be in the [0, 255] interval. The value used will be constrained using % 256 in C:\Users\Pablo\Documents\GitHub\nine-screen-canvas-flow\vendor\phpseclib\phpseclib\phpseclib\Math\BigInteger\Engines\BCMath.php on line 157
[16-Mar-2026 09:14:00 UTC] PHP Deprecated:  chr(): Providing a value not in-between 0 and 255 is deprecated, this is because a byte value must be in the [0, 255] interval. The value used will be constrained using % 256 in C:\Users\Pablo\Documents\GitHub\nine-screen-canvas-flow\vendor\phpseclib\phpseclib\phpseclib\Math\BigInteger\Engines\BCMath.php on line 157
[16-Mar-2026 09:14:00 UTC] PHP Deprecated:  chr(): Providing a value not in-between 0 and 255 is deprecated, this is because a byte value must be in the [0, 255] interval. The value used will be constrained using % 256 in C:\Users\Pablo\Documents\GitHub\nine-screen-canvas-flow\vendor\phpseclib\phpseclib\phpseclib\Math\BigInteger\Engines\BCMath.php on line 157
[16-Mar-2026 09:14:00 UTC] PHP Deprecated:  chr(): Providing a value not in-between 0 and 255 is deprecated, this is because a byte value must be in the [0, 255] interval. The value used will be constrained using % 256 in C:\Users\Pablo\Documents\GitHub\nine-screen-canvas-flow\vendor\phpseclib\phpseclib\phpseclib\Math\BigInteger\Engines\BCMath.php on line 157
[16-Mar-2026 09:14:00 UTC] PHP Deprecated:  chr(): Providing a value not in-between 0 and 255 is deprecated, this is because a byte value must be in the [0, 255] interval. The value used will be constrained using % 256 in C:\Users\Pablo\Documents\GitHub\nine-screen-canvas-flow\vendor\phpseclib\phpseclib\phpseclib\Math\BigInteger\Engines\BCMath.php on line 157
[16-Mar-2026 09:14:00 UTC] PHP Deprecated:  chr(): Providing a value not in-between 0 and 255 is deprecated, this is because a byte value must be in the [0, 255] interval. The value used will be constrained using % 256 in C:\Users\Pablo\Documents\GitHub\nine-screen-canvas-flow\vendor\phpseclib\phpseclib\phpseclib\Math\BigInteger\Engines\BCMath.php on line 157
[16-Mar-2026 09:14:00 UTC] PHP Deprecated:  chr(): Providing a value not in-between 0 and 255 is deprecated, this is because a byte value must be in the [0, 255] interval. The value used will be constrained using % 256 in C:\Users\Pablo\Documents\GitHub\nine-screen-canvas-flow\vendor\phpseclib\phpseclib\phpseclib\Math\BigInteger\Engines\BCMath.php on line 157
[16-Mar-2026 09:14:00 UTC] PHP Deprecated:  chr(): Providing a value not in-between 0 and 255 is deprecated, this is because a byte value must be in the [0, 255] interval. The value used will be constrained using % 256 in C:\Users\Pablo\Documents\GitHub\nine-screen-canvas-flow\vendor\phpseclib\phpseclib\phpseclib\Math\BigInteger\Engines\BCMath.php on line 157
[16-Mar-2026 09:14:00 UTC] PHP Deprecated:  chr(): Providing a value not in-between 0 and 255 is deprecated, this is because a byte value must be in the [0, 255] interval. The value used will be constrained using % 256 in C:\Users\Pablo\Documents\GitHub\nine-screen-canvas-flow\vendor\phpseclib\phpseclib\phpseclib\Math\BigInteger\Engines\BCMath.php on line 157
[16-Mar-2026 09:14:00 UTC] PHP Deprecated:  chr(): Providing a value not in-between 0 and 255 is deprecated, this is because a byte value must be in the [0, 255] interval. The value used will be constrained using % 256 in C:\Users\Pablo\Documents\GitHub\nine-screen-canvas-flow\vendor\phpseclib\phpseclib\phpseclib\Math\BigInteger\Engines\BCMath.php on line 157
[16-Mar-2026 09:14:00 UTC] PHP Deprecated:  chr(): Providing a value not in-between 0 and 255 is deprecated, this is because a byte value must be in the [0, 255] interval. The value used will be constrained using % 256 in C:\Users\Pablo\Documents\GitHub\nine-screen-canvas-flow\vendor\phpseclib\phpseclib\phpseclib\Math\BigInteger\Engines\BCMath.php on line 157
[16-Mar-2026 09:14:00 UTC] PHP Deprecated:  chr(): Providing a value not in-between 0 and 255 is deprecated, this is because a byte value must be in the [0, 255] interval. The value used will be constrained using % 256 in C:\Users\Pablo\Documents\GitHub\nine-screen-canvas-flow\vendor\phpseclib\phpseclib\phpseclib\Math\BigInteger\Engines\BCMath.php on line 157
[16-Mar-2026 09:14:00 UTC] PHP Deprecated:  chr(): Providing a value not in-between 0 and 255 is deprecated, this is because a byte value must be in the [0, 255] interval. The value used will be constrained using % 256 in C:\Users\Pablo\Documents\GitHub\nine-screen-canvas-flow\vendor\phpseclib\phpseclib\phpseclib\Math\BigInteger\Engines\BCMath.php on line 157
[16-Mar-2026 09:14:00 UTC] PHP Deprecated:  chr(): Providing a value not in-between 0 and 255 is deprecated, this is because a byte value must be in the [0, 255] interval. The value used will be constrained using % 256 in C:\Users\Pablo\Documents\GitHub\nine-screen-canvas-flow\vendor\phpseclib\phpseclib\phpseclib\Math\BigInteger\Engines\BCMath.php on line 157
[16-Mar-2026 09:14:00 UTC] PHP Deprecated:  chr(): Providing a value not in-between 0 and 255 is deprecated, this is because a byte value must be in the [0, 255] interval. The value used will be constrained using % 256 in C:\Users\Pablo\Documents\GitHub\nine-screen-canvas-flow\vendor\phpseclib\phpseclib\phpseclib\Math\BigInteger\Engines\BCMath.php on line 157
[16-Mar-2026 09:14:00 UTC] PHP Deprecated:  chr(): Providing a value not in-between 0 and 255 is deprecated, this is because a byte value must be in the [0, 255] interval. The value used will be constrained using % 256 in C:\Users\Pablo\Documents\GitHub\nine-screen-canvas-flow\vendor\phpseclib\phpseclib\phpseclib\Math\BigInteger\Engines\BCMath.php on line 157
[16-Mar-2026 09:14:00 UTC] PHP Deprecated:  chr(): Providing a value not in-between 0 and 255 is deprecated, this is because a byte value must be in the [0, 255] interval. The value used will be constrained using % 256 in C:\Users\Pablo\Documents\GitHub\nine-screen-canvas-flow\vendor\phpseclib\phpseclib\phpseclib\Math\BigInteger\Engines\BCMath.php on line 157
[16-Mar-2026 09:14:00 UTC] PHP Deprecated:  chr(): Providing a value not in-between 0 and 255 is deprecated, this is because a byte value must be in the [0, 255] interval. The value used will be constrained using % 256 in C:\Users\Pablo\Documents\GitHub\nine-screen-canvas-flow\vendor\phpseclib\phpseclib\phpseclib\Math\BigInteger\Engines\BCMath.php on line 157
[16-Mar-2026 09:14:00 UTC] PHP Deprecated:  chr(): Providing a value not in-between 0 and 255 is deprecated, this is because a byte value must be in the [0, 255] interval. The value used will be constrained using % 256 in C:\Users\Pablo\Documents\GitHub\nine-screen-canvas-flow\vendor\phpseclib\phpseclib\phpseclib\Math\BigInteger\Engines\BCMath.php on line 157
[16-Mar-2026 09:14:00 UTC] PHP Deprecated:  chr(): Providing a value not in-between 0 and 255 is deprecated, this is because a byte value must be in the [0, 255] interval. The value used will be constrained using % 256 in C:\Users\Pablo\Documents\GitHub\nine-screen-canvas-flow\vendor\phpseclib\phpseclib\phpseclib\Math\BigInteger\Engines\BCMath.php on line 157
[16-Mar-2026 09:14:00 UTC] PHP Deprecated:  chr(): Providing a value not in-between 0 and 255 is deprecated, this is because a byte value must be in the [0, 255] interval. The value used will be constrained using % 256 in C:\Users\Pablo\Documents\GitHub\nine-screen-canvas-flow\vendor\phpseclib\phpseclib\phpseclib\Math\BigInteger\Engines\BCMath.php on line 157
[16-Mar-2026 09:14:00 UTC] PHP Deprecated:  chr(): Providing a value not in-between 0 and 255 is deprecated, this is because a byte value must be in the [0, 255] interval. The value used will be constrained using % 256 in C:\Users\Pablo\Documents\GitHub\nine-screen-canvas-flow\vendor\phpseclib\phpseclib\phpseclib\Math\BigInteger\Engines\BCMath.php on line 157
[16-Mar-2026 09:14:00 UTC] PHP Deprecated:  chr(): Providing a value not in-between 0 and 255 is deprecated, this is because a byte value must be in the [0, 255] interval. The value used will be constrained using % 256 in C:\Users\Pablo\Documents\GitHub\nine-screen-canvas-flow\vendor\phpseclib\phpseclib\phpseclib\Math\BigInteger\Engines\BCMath.php on line 157
[16-Mar-2026 09:14:00 UTC] PHP Deprecated:  chr(): Providing a value not in-between 0 and 255 is deprecated, this is because a byte value must be in the [0, 255] interval. The value used will be constrained using % 256 in C:\Users\Pablo\Documents\GitHub\nine-screen-canvas-flow\vendor\phpseclib\phpseclib\phpseclib\Math\BigInteger\Engines\BCMath.php on line 157
[16-Mar-2026 09:14:00 UTC] PHP Deprecated:  chr(): Providing a value not in-between 0 and 255 is deprecated, this is because a byte value must be in the [0, 255] interval. The value used will be constrained using % 256 in C:\Users\Pablo\Documents\GitHub\nine-screen-canvas-flow\vendor\phpseclib\phpseclib\phpseclib\Math\BigInteger\Engines\BCMath.php on line 157
[16-Mar-2026 09:14:00 UTC] PHP Deprecated:  chr(): Providing a value not in-between 0 and 255 is deprecated, this is because a byte value must be in the [0, 255] interval. The value used will be constrained using % 256 in C:\Users\Pablo\Documents\GitHub\nine-screen-canvas-flow\vendor\phpseclib\phpseclib\phpseclib\Math\BigInteger\Engines\BCMath.php on line 157
[16-Mar-2026 09:14:00 UTC] PHP Deprecated:  chr(): Providing a value not in-between 0 and 255 is deprecated, this is because a byte value must be in the [0, 255] interval. The value used will be constrained using % 256 in C:\Users\Pablo\Documents\GitHub\nine-screen-canvas-flow\vendor\phpseclib\phpseclib\phpseclib\Math\BigInteger\Engines\BCMath.php on line 157
[16-Mar-2026 09:14:00 UTC] PHP Deprecated:  chr(): Providing a value not in-between 0 and 255 is deprecated, this is because a byte value must be in the [0, 255] interval. The value used will be constrained using % 256 in C:\Users\Pablo\Documents\GitHub\nine-screen-canvas-flow\vendor\phpseclib\phpseclib\phpseclib\Math\BigInteger\Engines\BCMath.php on line 157
[16-Mar-2026 09:14:00 UTC] PHP Deprecated:  chr(): Providing a value not in-between 0 and 255 is deprecated, this is because a byte value must be in the [0, 255] interval. The value used will be constrained using % 256 in C:\Users\Pablo\Documents\GitHub\nine-screen-canvas-flow\vendor\phpseclib\phpseclib\phpseclib\Math\BigInteger\Engines\BCMath.php on line 157
[16-Mar-2026 09:14:00 UTC] PHP Deprecated:  chr(): Providing a value not in-between 0 and 255 is deprecated, this is because a byte value must be in the [0, 255] interval. The value used will be constrained using % 256 in C:\Users\Pablo\Documents\GitHub\nine-screen-canvas-flow\vendor\phpseclib\phpseclib\phpseclib\Math\BigInteger\Engines\BCMath.php on line 157
[16-Mar-2026 09:14:00 UTC] PHP Deprecated:  chr(): Providing a value not in-between 0 and 255 is deprecated, this is because a byte value must be in the [0, 255] interval. The value used will be constrained using % 256 in C:\Users\Pablo\Documents\GitHub\nine-screen-canvas-flow\vendor\phpseclib\phpseclib\phpseclib\Math\BigInteger\Engines\BCMath.php on line 157
[16-Mar-2026 09:14:00 UTC] PHP Deprecated:  chr(): Providing a value not in-between 0 and 255 is deprecated, this is because a byte value must be in the [0, 255] interval. The value used will be constrained using % 256 in C:\Users\Pablo\Documents\GitHub\nine-screen-canvas-flow\vendor\phpseclib\phpseclib\phpseclib\Math\BigInteger\Engines\BCMath.php on line 157
[16-Mar-2026 09:14:00 UTC] PHP Deprecated:  chr(): Providing a value not in-between 0 and 255 is deprecated, this is because a byte value must be in the [0, 255] interval. The value used will be constrained using % 256 in C:\Users\Pablo\Documents\GitHub\nine-screen-canvas-flow\vendor\phpseclib\phpseclib\phpseclib\Math\BigInteger\Engines\BCMath.php on line 157
[16-Mar-2026 09:14:00 UTC] PHP Deprecated:  chr(): Providing a value not in-between 0 and 255 is deprecated, this is because a byte value must be in the [0, 255] interval. The value used will be constrained using % 256 in C:\Users\Pablo\Documents\GitHub\nine-screen-canvas-flow\vendor\phpseclib\phpseclib\phpseclib\Math\BigInteger\Engines\BCMath.php on line 157
[16-Mar-2026 09:14:00 UTC] PHP Deprecated:  chr(): Providing a value not in-between 0 and 255 is deprecated, this is because a byte value must be in the [0, 255] interval. The value used will be constrained using % 256 in C:\Users\Pablo\Documents\GitHub\nine-screen-canvas-flow\vendor\phpseclib\phpseclib\phpseclib\Math\BigInteger\Engines\BCMath.php on line 157
[16-Mar-2026 09:14:00 UTC] PHP Deprecated:  chr(): Providing a value not in-between 0 and 255 is deprecated, this is because a byte value must be in the [0, 255] interval. The value used will be constrained using % 256 in C:\Users\Pablo\Documents\GitHub\nine-screen-canvas-flow\vendor\phpseclib\phpseclib\phpseclib\Math\BigInteger\Engines\BCMath.php on line 157
[16-Mar-2026 09:14:00 UTC] PHP Deprecated:  chr(): Providing a value not in-between 0 and 255 is deprecated, this is because a byte value must be in the [0, 255] interval. The value used will be constrained using % 256 in C:\Users\Pablo\Documents\GitHub\nine-screen-canvas-flow\vendor\phpseclib\phpseclib\phpseclib\Math\BigInteger\Engines\BCMath.php on line 157
[16-Mar-2026 09:14:00 UTC] PHP Deprecated:  chr(): Providing a value not in-between 0 and 255 is deprecated, this is because a byte value must be in the [0, 255] interval. The value used will be constrained using % 256 in C:\Users\Pablo\Documents\GitHub\nine-screen-canvas-flow\vendor\phpseclib\phpseclib\phpseclib\Math\BigInteger\Engines\BCMath.php on line 157
[16-Mar-2026 09:14:00 UTC] PHP Deprecated:  chr(): Providing a value not in-between 0 and 255 is deprecated, this is because a byte value must be in the [0, 255] interval. The value used will be constrained using % 256 in C:\Users\Pablo\Documents\GitHub\nine-screen-canvas-flow\vendor\phpseclib\phpseclib\phpseclib\Math\BigInteger\Engines\BCMath.php on line 157
[16-Mar-2026 09:14:00 UTC] PHP Deprecated:  chr(): Providing a value not in-between 0 and 255 is deprecated, this is because a byte value must be in the [0, 255] interval. The value used will be constrained using % 256 in C:\Users\Pablo\Documents\GitHub\nine-screen-canvas-flow\vendor\phpseclib\phpseclib\phpseclib\Math\BigInteger\Engines\BCMath.php on line 157
[16-Mar-2026 09:14:00 UTC] PHP Deprecated:  chr(): Providing a value not in-between 0 and 255 is deprecated, this is because a byte value must be in the [0, 255] interval. The value used will be constrained using % 256 in C:\Users\Pablo\Documents\GitHub\nine-screen-canvas-flow\vendor\phpseclib\phpseclib\phpseclib\Math\BigInteger\Engines\BCMath.php on line 157
[16-Mar-2026 09:14:00 UTC] PHP Deprecated:  chr(): Providing a value not in-between 0 and 255 is deprecated, this is because a byte value must be in the [0, 255] interval. The value used will be constrained using % 256 in C:\Users\Pablo\Documents\GitHub\nine-screen-canvas-flow\vendor\phpseclib\phpseclib\phpseclib\Math\BigInteger\Engines\BCMath.php on line 157
[16-Mar-2026 09:14:00 UTC] PHP Deprecated:  chr(): Providing a value not in-between 0 and 255 is deprecated, this is because a byte value must be in the [0, 255] interval. The value used will be constrained using % 256 in C:\Users\Pablo\Documents\GitHub\nine-screen-canvas-flow\vendor\phpseclib\phpseclib\phpseclib\Math\BigInteger\Engines\BCMath.php on line 157
[16-Mar-2026 09:14:00 UTC] PHP Deprecated:  chr(): Providing a value not in-between 0 and 255 is deprecated, this is because a byte value must be in the [0, 255] interval. The value used will be constrained using % 256 in C:\Users\Pablo\Documents\GitHub\nine-screen-canvas-flow\vendor\phpseclib\phpseclib\phpseclib\Math\BigInteger\Engines\BCMath.php on line 157
[16-Mar-2026 09:14:00 UTC] PHP Deprecated:  chr(): Providing a value not in-between 0 and 255 is deprecated, this is because a byte value must be in the [0, 255] interval. The value used will be constrained using % 256 in C:\Users\Pablo\Documents\GitHub\nine-screen-canvas-flow\vendor\phpseclib\phpseclib\phpseclib\Math\BigInteger\Engines\BCMath.php on line 157
[16-Mar-2026 09:14:00 UTC] PHP Deprecated:  chr(): Providing a value not in-between 0 and 255 is deprecated, this is because a byte value must be in the [0, 255] interval. The value used will be constrained using % 256 in C:\Users\Pablo\Documents\GitHub\nine-screen-canvas-flow\vendor\phpseclib\phpseclib\phpseclib\Math\BigInteger\Engines\BCMath.php on line 157
[16-Mar-2026 09:14:00 UTC] PHP Deprecated:  chr(): Providing a value not in-between 0 and 255 is deprecated, this is because a byte value must be in the [0, 255] interval. The value used will be constrained using % 256 in C:\Users\Pablo\Documents\GitHub\nine-screen-canvas-flow\vendor\phpseclib\phpseclib\phpseclib\Math\BigInteger\Engines\BCMath.php on line 157
[16-Mar-2026 09:14:00 UTC] PHP Deprecated:  chr(): Providing a value not in-between 0 and 255 is deprecated, this is because a byte value must be in the [0, 255] interval. The value used will be constrained using % 256 in C:\Users\Pablo\Documents\GitHub\nine-screen-canvas-flow\vendor\phpseclib\phpseclib\phpseclib\Math\BigInteger\Engines\BCMath.php on line 157
[16-Mar-2026 09:14:00 UTC] PHP Deprecated:  chr(): Providing a value not in-between 0 and 255 is deprecated, this is because a byte value must be in the [0, 255] interval. The value used will be constrained using % 256 in C:\Users\Pablo\Documents\GitHub\nine-screen-canvas-flow\vendor\phpseclib\phpseclib\phpseclib\Math\BigInteger\Engines\BCMath.php on line 157
[16-Mar-2026 09:14:00 UTC] PHP Deprecated:  chr(): Providing a value not in-between 0 and 255 is deprecated, this is because a byte value must be in the [0, 255] interval. The value used will be constrained using % 256 in C:\Users\Pablo\Documents\GitHub\nine-screen-canvas-flow\vendor\phpseclib\phpseclib\phpseclib\Math\BigInteger\Engines\BCMath.php on line 157
[16-Mar-2026 09:14:00 UTC] PHP Deprecated:  chr(): Providing a value not in-between 0 and 255 is deprecated, this is because a byte value must be in the [0, 255] interval. The value used will be constrained using % 256 in C:\Users\Pablo\Documents\GitHub\nine-screen-canvas-flow\vendor\phpseclib\phpseclib\phpseclib\Math\BigInteger\Engines\BCMath.php on line 157
[16-Mar-2026 09:14:00 UTC] PHP Deprecated:  chr(): Providing a value not in-between 0 and 255 is deprecated, this is because a byte value must be in the [0, 255] interval. The value used will be constrained using % 256 in C:\Users\Pablo\Documents\GitHub\nine-screen-canvas-flow\vendor\phpseclib\phpseclib\phpseclib\Math\BigInteger\Engines\BCMath.php on line 157
[16-Mar-2026 09:14:00 UTC] PHP Deprecated:  chr(): Providing a value not in-between 0 and 255 is deprecated, this is because a byte value must be in the [0, 255] interval. The value used will be constrained using % 256 in C:\Users\Pablo\Documents\GitHub\nine-screen-canvas-flow\vendor\phpseclib\phpseclib\phpseclib\Math\BigInteger\Engines\BCMath.php on line 157
[16-Mar-2026 09:14:00 UTC] PHP Deprecated:  chr(): Providing a value not in-between 0 and 255 is deprecated, this is because a byte value must be in the [0, 255] interval. The value used will be constrained using % 256 in C:\Users\Pablo\Documents\GitHub\nine-screen-canvas-flow\vendor\phpseclib\phpseclib\phpseclib\Math\BigInteger\Engines\BCMath.php on line 157
[16-Mar-2026 09:14:00 UTC] PHP Deprecated:  chr(): Providing a value not in-between 0 and 255 is deprecated, this is because a byte value must be in the [0, 255] interval. The value used will be constrained using % 256 in C:\Users\Pablo\Documents\GitHub\nine-screen-canvas-flow\vendor\phpseclib\phpseclib\phpseclib\Math\BigInteger\Engines\BCMath.php on line 157
[16-Mar-2026 09:14:00 UTC] PHP Deprecated:  chr(): Providing a value not in-between 0 and 255 is deprecated, this is because a byte value must be in the [0, 255] interval. The value used will be constrained using % 256 in C:\Users\Pablo\Documents\GitHub\nine-screen-canvas-flow\vendor\phpseclib\phpseclib\phpseclib\Math\BigInteger\Engines\BCMath.php on line 157
[16-Mar-2026 09:14:00 UTC] PHP Deprecated:  chr(): Providing a value not in-between 0 and 255 is deprecated, this is because a byte value must be in the [0, 255] interval. The value used will be constrained using % 256 in C:\Users\Pablo\Documents\GitHub\nine-screen-canvas-flow\vendor\phpseclib\phpseclib\phpseclib\Math\BigInteger\Engines\BCMath.php on line 157
[16-Mar-2026 09:14:00 UTC] PHP Deprecated:  chr(): Providing a value not in-between 0 and 255 is deprecated, this is because a byte value must be in the [0, 255] interval. The value used will be constrained using % 256 in C:\Users\Pablo\Documents\GitHub\nine-screen-canvas-flow\vendor\phpseclib\phpseclib\phpseclib\Math\BigInteger\Engines\BCMath.php on line 157
[16-Mar-2026 09:14:00 UTC] PHP Deprecated:  chr(): Providing a value not in-between 0 and 255 is deprecated, this is because a byte value must be in the [0, 255] interval. The value used will be constrained using % 256 in C:\Users\Pablo\Documents\GitHub\nine-screen-canvas-flow\vendor\phpseclib\phpseclib\phpseclib\Math\BigInteger\Engines\BCMath.php on line 157
[16-Mar-2026 09:14:00 UTC] PHP Deprecated:  chr(): Providing a value not in-between 0 and 255 is deprecated, this is because a byte value must be in the [0, 255] interval. The value used will be constrained using % 256 in C:\Users\Pablo\Documents\GitHub\nine-screen-canvas-flow\vendor\phpseclib\phpseclib\phpseclib\Math\BigInteger\Engines\BCMath.php on line 157
[16-Mar-2026 09:14:00 UTC] PHP Deprecated:  chr(): Providing a value not in-between 0 and 255 is deprecated, this is because a byte value must be in the [0, 255] interval. The value used will be constrained using % 256 in C:\Users\Pablo\Documents\GitHub\nine-screen-canvas-flow\vendor\phpseclib\phpseclib\phpseclib\Math\BigInteger\Engines\BCMath.php on line 157
[16-Mar-2026 09:14:00 UTC] PHP Deprecated:  chr(): Providing a value not in-between 0 and 255 is deprecated, this is because a byte value must be in the [0, 255] interval. The value used will be constrained using % 256 in C:\Users\Pablo\Documents\GitHub\nine-screen-canvas-flow\vendor\phpseclib\phpseclib\phpseclib\Math\BigInteger\Engines\BCMath.php on line 157
[16-Mar-2026 09:14:00 UTC] PHP Deprecated:  chr(): Providing a value not in-between 0 and 255 is deprecated, this is because a byte value must be in the [0, 255] interval. The value used will be constrained using % 256 in C:\Users\Pablo\Documents\GitHub\nine-screen-canvas-flow\vendor\phpseclib\phpseclib\phpseclib\Math\BigInteger\Engines\BCMath.php on line 157
[16-Mar-2026 09:14:00 UTC] PHP Deprecated:  chr(): Providing a value not in-between 0 and 255 is deprecated, this is because a byte value must be in the [0, 255] interval. The value used will be constrained using % 256 in C:\Users\Pablo\Documents\GitHub\nine-screen-canvas-flow\vendor\phpseclib\phpseclib\phpseclib\Math\BigInteger\Engines\BCMath.php on line 157
[16-Mar-2026 09:14:00 UTC] PHP Deprecated:  chr(): Providing a value not in-between 0 and 255 is deprecated, this is because a byte value must be in the [0, 255] interval. The value used will be constrained using % 256 in C:\Users\Pablo\Documents\GitHub\nine-screen-canvas-flow\vendor\phpseclib\phpseclib\phpseclib\Math\BigInteger\Engines\BCMath.php on line 157
[16-Mar-2026 09:14:00 UTC] PHP Deprecated:  chr(): Providing a value not in-between 0 and 255 is deprecated, this is because a byte value must be in the [0, 255] interval. The value used will be constrained using % 256 in C:\Users\Pablo\Documents\GitHub\nine-screen-canvas-flow\vendor\phpseclib\phpseclib\phpseclib\Math\BigInteger\Engines\BCMath.php on line 157
[16-Mar-2026 09:14:00 UTC] PHP Deprecated:  chr(): Providing a value not in-between 0 and 255 is deprecated, this is because a byte value must be in the [0, 255] interval. The value used will be constrained using % 256 in C:\Users\Pablo\Documents\GitHub\nine-screen-canvas-flow\vendor\phpseclib\phpseclib\phpseclib\Math\BigInteger\Engines\BCMath.php on line 157
[16-Mar-2026 09:14:00 UTC] PHP Deprecated:  chr(): Providing a value not in-between 0 and 255 is deprecated, this is because a byte value must be in the [0, 255] interval. The value used will be constrained using % 256 in C:\Users\Pablo\Documents\GitHub\nine-screen-canvas-flow\vendor\phpseclib\phpseclib\phpseclib\Math\BigInteger\Engines\BCMath.php on line 157
[16-Mar-2026 09:14:00 UTC] PHP Deprecated:  chr(): Providing a value not in-between 0 and 255 is deprecated, this is because a byte value must be in the [0, 255] interval. The value used will be constrained using % 256 in C:\Users\Pablo\Documents\GitHub\nine-screen-canvas-flow\vendor\phpseclib\phpseclib\phpseclib\Math\BigInteger\Engines\BCMath.php on line 157
[16-Mar-2026 09:14:00 UTC] PHP Deprecated:  chr(): Providing a value not in-between 0 and 255 is deprecated, this is because a byte value must be in the [0, 255] interval. The value used will be constrained using % 256 in C:\Users\Pablo\Documents\GitHub\nine-screen-canvas-flow\vendor\phpseclib\phpseclib\phpseclib\Math\BigInteger\Engines\BCMath.php on line 157
[16-Mar-2026 09:14:00 UTC] PHP Deprecated:  chr(): Providing a value not in-between 0 and 255 is deprecated, this is because a byte value must be in the [0, 255] interval. The value used will be constrained using % 256 in C:\Users\Pablo\Documents\GitHub\nine-screen-canvas-flow\vendor\phpseclib\phpseclib\phpseclib\Math\BigInteger\Engines\BCMath.php on line 157
[16-Mar-2026 09:14:00 UTC] PHP Deprecated:  chr(): Providing a value not in-between 0 and 255 is deprecated, this is because a byte value must be in the [0, 255] interval. The value used will be constrained using % 256 in C:\Users\Pablo\Documents\GitHub\nine-screen-canvas-flow\vendor\phpseclib\phpseclib\phpseclib\Math\BigInteger\Engines\BCMath.php on line 157
[16-Mar-2026 09:14:00 UTC] PHP Deprecated:  chr(): Providing a value not in-between 0 and 255 is deprecated, this is because a byte value must be in the [0, 255] interval. The value used will be constrained using % 256 in C:\Users\Pablo\Documents\GitHub\nine-screen-canvas-flow\vendor\phpseclib\phpseclib\phpseclib\Math\BigInteger\Engines\BCMath.php on line 157
[16-Mar-2026 09:14:00 UTC] PHP Deprecated:  chr(): Providing a value not in-between 0 and 255 is deprecated, this is because a byte value must be in the [0, 255] interval. The value used will be constrained using % 256 in C:\Users\Pablo\Documents\GitHub\nine-screen-canvas-flow\vendor\phpseclib\phpseclib\phpseclib\Math\BigInteger\Engines\BCMath.php on line 157
[16-Mar-2026 09:14:00 UTC] PHP Deprecated:  chr(): Providing a value not in-between 0 and 255 is deprecated, this is because a byte value must be in the [0, 255] interval. The value used will be constrained using % 256 in C:\Users\Pablo\Documents\GitHub\nine-screen-canvas-flow\vendor\phpseclib\phpseclib\phpseclib\Math\BigInteger\Engines\BCMath.php on line 157
[16-Mar-2026 09:14:00 UTC] PHP Deprecated:  chr(): Providing a value not in-between 0 and 255 is deprecated, this is because a byte value must be in the [0, 255] interval. The value used will be constrained using % 256 in C:\Users\Pablo\Documents\GitHub\nine-screen-canvas-flow\vendor\phpseclib\phpseclib\phpseclib\Math\BigInteger\Engines\BCMath.php on line 157
[16-Mar-2026 09:14:00 UTC] PHP Deprecated:  chr(): Providing a value not in-between 0 and 255 is deprecated, this is because a byte value must be in the [0, 255] interval. The value used will be constrained using % 256 in C:\Users\Pablo\Documents\GitHub\nine-screen-canvas-flow\vendor\phpseclib\phpseclib\phpseclib\Math\BigInteger\Engines\BCMath.php on line 157
[16-Mar-2026 09:14:00 UTC] PHP Deprecated:  chr(): Providing a value not in-between 0 and 255 is deprecated, this is because a byte value must be in the [0, 255] interval. The value used will be constrained using % 256 in C:\Users\Pablo\Documents\GitHub\nine-screen-canvas-flow\vendor\phpseclib\phpseclib\phpseclib\Math\BigInteger\Engines\BCMath.php on line 157
[16-Mar-2026 09:14:00 UTC] PHP Deprecated:  chr(): Providing a value not in-between 0 and 255 is deprecated, this is because a byte value must be in the [0, 255] interval. The value used will be constrained using % 256 in C:\Users\Pablo\Documents\GitHub\nine-screen-canvas-flow\vendor\phpseclib\phpseclib\phpseclib\Math\BigInteger\Engines\BCMath.php on line 157
[16-Mar-2026 09:14:00 UTC] PHP Deprecated:  chr(): Providing a value not in-between 0 and 255 is deprecated, this is because a byte value must be in the [0, 255] interval. The value used will be constrained using % 256 in C:\Users\Pablo\Documents\GitHub\nine-screen-canvas-flow\vendor\phpseclib\phpseclib\phpseclib\Math\BigInteger\Engines\BCMath.php on line 157
[16-Mar-2026 09:14:00 UTC] PHP Deprecated:  chr(): Providing a value not in-between 0 and 255 is deprecated, this is because a byte value must be in the [0, 255] interval. The value used will be constrained using % 256 in C:\Users\Pablo\Documents\GitHub\nine-screen-canvas-flow\vendor\phpseclib\phpseclib\phpseclib\Math\BigInteger\Engines\BCMath.php on line 157
[16-Mar-2026 09:14:00 UTC] PHP Deprecated:  chr(): Providing a value not in-between 0 and 255 is deprecated, this is because a byte value must be in the [0, 255] interval. The value used will be constrained using % 256 in C:\Users\Pablo\Documents\GitHub\nine-screen-canvas-flow\vendor\phpseclib\phpseclib\phpseclib\Math\BigInteger\Engines\BCMath.php on line 157
[16-Mar-2026 09:14:00 UTC] PHP Deprecated:  chr(): Providing a value not in-between 0 and 255 is deprecated, this is because a byte value must be in the [0, 255] interval. The value used will be constrained using % 256 in C:\Users\Pablo\Documents\GitHub\nine-screen-canvas-flow\vendor\phpseclib\phpseclib\phpseclib\Math\BigInteger\Engines\BCMath.php on line 157
[16-Mar-2026 09:14:00 UTC] PHP Deprecated:  chr(): Providing a value not in-between 0 and 255 is deprecated, this is because a byte value must be in the [0, 255] interval. The value used will be constrained using % 256 in C:\Users\Pablo\Documents\GitHub\nine-screen-canvas-flow\vendor\phpseclib\phpseclib\phpseclib\Math\BigInteger\Engines\BCMath.php on line 157
[16-Mar-2026 09:14:00 UTC] PHP Deprecated:  chr(): Providing a value not in-between 0 and 255 is deprecated, this is because a byte value must be in the [0, 255] interval. The value used will be constrained using % 256 in C:\Users\Pablo\Documents\GitHub\nine-screen-canvas-flow\vendor\phpseclib\phpseclib\phpseclib\Math\BigInteger\Engines\BCMath.php on line 157
[16-Mar-2026 09:14:00 UTC] PHP Deprecated:  chr(): Providing a value not in-between 0 and 255 is deprecated, this is because a byte value must be in the [0, 255] interval. The value used will be constrained using % 256 in C:\Users\Pablo\Documents\GitHub\nine-screen-canvas-flow\vendor\phpseclib\phpseclib\phpseclib\Math\BigInteger\Engines\BCMath.php on line 157
[16-Mar-2026 09:14:00 UTC] PHP Deprecated:  chr(): Providing a value not in-between 0 and 255 is deprecated, this is because a byte value must be in the [0, 255] interval. The value used will be constrained using % 256 in C:\Users\Pablo\Documents\GitHub\nine-screen-canvas-flow\vendor\phpseclib\phpseclib\phpseclib\Math\BigInteger\Engines\BCMath.php on line 157
[16-Mar-2026 09:14:00 UTC] PHP Deprecated:  chr(): Providing a value not in-between 0 and 255 is deprecated, this is because a byte value must be in the [0, 255] interval. The value used will be constrained using % 256 in C:\Users\Pablo\Documents\GitHub\nine-screen-canvas-flow\vendor\phpseclib\phpseclib\phpseclib\Math\BigInteger\Engines\BCMath.php on line 157
[16-Mar-2026 09:14:00 UTC] PHP Deprecated:  chr(): Providing a value not in-between 0 and 255 is deprecated, this is because a byte value must be in the [0, 255] interval. The value used will be constrained using % 256 in C:\Users\Pablo\Documents\GitHub\nine-screen-canvas-flow\vendor\phpseclib\phpseclib\phpseclib\Math\BigInteger\Engines\BCMath.php on line 157
[16-Mar-2026 09:14:00 UTC] PHP Deprecated:  chr(): Providing a value not in-between 0 and 255 is deprecated, this is because a byte value must be in the [0, 255] interval. The value used will be constrained using % 256 in C:\Users\Pablo\Documents\GitHub\nine-screen-canvas-flow\vendor\phpseclib\phpseclib\phpseclib\Math\BigInteger\Engines\BCMath.php on line 157
[16-Mar-2026 09:14:00 UTC] PHP Deprecated:  chr(): Providing a value not in-between 0 and 255 is deprecated, this is because a byte value must be in the [0, 255] interval. The value used will be constrained using % 256 in C:\Users\Pablo\Documents\GitHub\nine-screen-canvas-flow\vendor\phpseclib\phpseclib\phpseclib\Math\BigInteger\Engines\BCMath.php on line 157
[16-Mar-2026 09:14:00 UTC] PHP Deprecated:  chr(): Providing a value not in-between 0 and 255 is deprecated, this is because a byte value must be in the [0, 255] interval. The value used will be constrained using % 256 in C:\Users\Pablo\Documents\GitHub\nine-screen-canvas-flow\vendor\phpseclib\phpseclib\phpseclib\Math\BigInteger\Engines\BCMath.php on line 157
[16-Mar-2026 09:14:00 UTC] PHP Deprecated:  chr(): Providing a value not in-between 0 and 255 is deprecated, this is because a byte value must be in the [0, 255] interval. The value used will be constrained using % 256 in C:\Users\Pablo\Documents\GitHub\nine-screen-canvas-flow\vendor\phpseclib\phpseclib\phpseclib\Math\BigInteger\Engines\BCMath.php on line 157
[16-Mar-2026 09:14:00 UTC] PHP Deprecated:  chr(): Providing a value not in-between 0 and 255 is deprecated, this is because a byte value must be in the [0, 255] interval. The value used will be constrained using % 256 in C:\Users\Pablo\Documents\GitHub\nine-screen-canvas-flow\vendor\phpseclib\phpseclib\phpseclib\Math\BigInteger\Engines\BCMath.php on line 157
[16-Mar-2026 09:14:00 UTC] PHP Deprecated:  chr(): Providing a value not in-between 0 and 255 is deprecated, this is because a byte value must be in the [0, 255] interval. The value used will be constrained using % 256 in C:\Users\Pablo\Documents\GitHub\nine-screen-canvas-flow\vendor\phpseclib\phpseclib\phpseclib\Math\BigInteger\Engines\BCMath.php on line 157
[16-Mar-2026 09:14:00 UTC] PHP Deprecated:  chr(): Providing a value not in-between 0 and 255 is deprecated, this is because a byte value must be in the [0, 255] interval. The value used will be constrained using % 256 in C:\Users\Pablo\Documents\GitHub\nine-screen-canvas-flow\vendor\phpseclib\phpseclib\phpseclib\Math\BigInteger\Engines\BCMath.php on line 157
[16-Mar-2026 09:14:00 UTC] PHP Deprecated:  chr(): Providing a value not in-between 0 and 255 is deprecated, this is because a byte value must be in the [0, 255] interval. The value used will be constrained using % 256 in C:\Users\Pablo\Documents\GitHub\nine-screen-canvas-flow\vendor\phpseclib\phpseclib\phpseclib\Math\BigInteger\Engines\BCMath.php on line 157
[16-Mar-2026 09:14:00 UTC] PHP Deprecated:  chr(): Providing a value not in-between 0 and 255 is deprecated, this is because a byte value must be in the [0, 255] interval. The value used will be constrained using % 256 in C:\Users\Pablo\Documents\GitHub\nine-screen-canvas-flow\vendor\phpseclib\phpseclib\phpseclib\Math\BigInteger\Engines\BCMath.php on line 157
[16-Mar-2026 09:14:00 UTC] PHP Deprecated:  chr(): Providing a value not in-between 0 and 255 is deprecated, this is because a byte value must be in the [0, 255] interval. The value used will be constrained using % 256 in C:\Users\Pablo\Documents\GitHub\nine-screen-canvas-flow\vendor\phpseclib\phpseclib\phpseclib\Math\BigInteger\Engines\BCMath.php on line 157
[16-Mar-2026 09:14:00 UTC] PHP Deprecated:  chr(): Providing a value not in-between 0 and 255 is deprecated, this is because a byte value must be in the [0, 255] interval. The value used will be constrained using % 256 in C:\Users\Pablo\Documents\GitHub\nine-screen-canvas-flow\vendor\phpseclib\phpseclib\phpseclib\Math\BigInteger\Engines\BCMath.php on line 157
[16-Mar-2026 09:14:00 UTC] PHP Deprecated:  chr(): Providing a value not in-between 0 and 255 is deprecated, this is because a byte value must be in the [0, 255] interval. The value used will be constrained using % 256 in C:\Users\Pablo\Documents\GitHub\nine-screen-canvas-flow\vendor\phpseclib\phpseclib\phpseclib\Math\BigInteger\Engines\BCMath.php on line 157
[16-Mar-2026 09:14:00 UTC] PHP Deprecated:  chr(): Providing a value not in-between 0 and 255 is deprecated, this is because a byte value must be in the [0, 255] interval. The value used will be constrained using % 256 in C:\Users\Pablo\Documents\GitHub\nine-screen-canvas-flow\vendor\phpseclib\phpseclib\phpseclib\Math\BigInteger\Engines\BCMath.php on line 157
[16-Mar-2026 09:14:00 UTC] PHP Deprecated:  chr(): Providing a value not in-between 0 and 255 is deprecated, this is because a byte value must be in the [0, 255] interval. The value used will be constrained using % 256 in C:\Users\Pablo\Documents\GitHub\nine-screen-canvas-flow\vendor\phpseclib\phpseclib\phpseclib\Math\BigInteger\Engines\BCMath.php on line 157
[16-Mar-2026 09:14:00 UTC] PHP Deprecated:  chr(): Providing a value not in-between 0 and 255 is deprecated, this is because a byte value must be in the [0, 255] interval. The value used will be constrained using % 256 in C:\Users\Pablo\Documents\GitHub\nine-screen-canvas-flow\vendor\phpseclib\phpseclib\phpseclib\Math\BigInteger\Engines\BCMath.php on line 157
[16-Mar-2026 09:14:00 UTC] PHP Deprecated:  chr(): Providing a value not in-between 0 and 255 is deprecated, this is because a byte value must be in the [0, 255] interval. The value used will be constrained using % 256 in C:\Users\Pablo\Documents\GitHub\nine-screen-canvas-flow\vendor\phpseclib\phpseclib\phpseclib\Math\BigInteger\Engines\BCMath.php on line 157
[16-Mar-2026 09:14:00 UTC] PHP Deprecated:  chr(): Providing a value not in-between 0 and 255 is deprecated, this is because a byte value must be in the [0, 255] interval. The value used will be constrained using % 256 in C:\Users\Pablo\Documents\GitHub\nine-screen-canvas-flow\vendor\phpseclib\phpseclib\phpseclib\Math\BigInteger\Engines\BCMath.php on line 157
[16-Mar-2026 09:14:00 UTC] PHP Deprecated:  chr(): Providing a value not in-between 0 and 255 is deprecated, this is because a byte value must be in the [0, 255] interval. The value used will be constrained using % 256 in C:\Users\Pablo\Documents\GitHub\nine-screen-canvas-flow\vendor\phpseclib\phpseclib\phpseclib\Math\BigInteger\Engines\BCMath.php on line 157
[16-Mar-2026 09:14:00 UTC] PHP Deprecated:  chr(): Providing a value not in-between 0 and 255 is deprecated, this is because a byte value must be in the [0, 255] interval. The value used will be constrained using % 256 in C:\Users\Pablo\Documents\GitHub\nine-screen-canvas-flow\vendor\phpseclib\phpseclib\phpseclib\Math\BigInteger\Engines\BCMath.php on line 157
[16-Mar-2026 09:14:00 UTC] PHP Deprecated:  chr(): Providing a value not in-between 0 and 255 is deprecated, this is because a byte value must be in the [0, 255] interval. The value used will be constrained using % 256 in C:\Users\Pablo\Documents\GitHub\nine-screen-canvas-flow\vendor\phpseclib\phpseclib\phpseclib\Math\BigInteger\Engines\BCMath.php on line 157
[16-Mar-2026 09:14:00 UTC] PHP Deprecated:  chr(): Providing a value not in-between 0 and 255 is deprecated, this is because a byte value must be in the [0, 255] interval. The value used will be constrained using % 256 in C:\Users\Pablo\Documents\GitHub\nine-screen-canvas-flow\vendor\phpseclib\phpseclib\phpseclib\Math\BigInteger\Engines\BCMath.php on line 157
[16-Mar-2026 09:14:00 UTC] PHP Deprecated:  chr(): Providing a value not in-between 0 and 255 is deprecated, this is because a byte value must be in the [0, 255] interval. The value used will be constrained using % 256 in C:\Users\Pablo\Documents\GitHub\nine-screen-canvas-flow\vendor\phpseclib\phpseclib\phpseclib\Math\BigInteger\Engines\BCMath.php on line 157
[16-Mar-2026 09:14:00 UTC] PHP Deprecated:  chr(): Providing a value not in-between 0 and 255 is deprecated, this is because a byte value must be in the [0, 255] interval. The value used will be constrained using % 256 in C:\Users\Pablo\Documents\GitHub\nine-screen-canvas-flow\vendor\phpseclib\phpseclib\phpseclib\Math\BigInteger\Engines\BCMath.php on line 157
[16-Mar-2026 09:14:00 UTC] PHP Deprecated:  chr(): Providing a value not in-between 0 and 255 is deprecated, this is because a byte value must be in the [0, 255] interval. The value used will be constrained using % 256 in C:\Users\Pablo\Documents\GitHub\nine-screen-canvas-flow\vendor\phpseclib\phpseclib\phpseclib\Math\BigInteger\Engines\BCMath.php on line 157
[16-Mar-2026 09:14:00 UTC] PHP Deprecated:  chr(): Providing a value not in-between 0 and 255 is deprecated, this is because a byte value must be in the [0, 255] interval. The value used will be constrained using % 256 in C:\Users\Pablo\Documents\GitHub\nine-screen-canvas-flow\vendor\phpseclib\phpseclib\phpseclib\Math\BigInteger\Engines\BCMath.php on line 157
[16-Mar-2026 09:14:00 UTC] PHP Deprecated:  chr(): Providing a value not in-between 0 and 255 is deprecated, this is because a byte value must be in the [0, 255] interval. The value used will be constrained using % 256 in C:\Users\Pablo\Documents\GitHub\nine-screen-canvas-flow\vendor\phpseclib\phpseclib\phpseclib\Math\BigInteger\Engines\BCMath.php on line 157
[16-Mar-2026 09:14:00 UTC] PHP Deprecated:  chr(): Providing a value not in-between 0 and 255 is deprecated, this is because a byte value must be in the [0, 255] interval. The value used will be constrained using % 256 in C:\Users\Pablo\Documents\GitHub\nine-screen-canvas-flow\vendor\phpseclib\phpseclib\phpseclib\Math\BigInteger\Engines\BCMath.php on line 157
[16-Mar-2026 09:14:00 UTC] PHP Deprecated:  chr(): Providing a value not in-between 0 and 255 is deprecated, this is because a byte value must be in the [0, 255] interval. The value used will be constrained using % 256 in C:\Users\Pablo\Documents\GitHub\nine-screen-canvas-flow\vendor\phpseclib\phpseclib\phpseclib\Math\BigInteger\Engines\BCMath.php on line 157
[16-Mar-2026 09:14:00 UTC] PHP Deprecated:  chr(): Providing a value not in-between 0 and 255 is deprecated, this is because a byte value must be in the [0, 255] interval. The value used will be constrained using % 256 in C:\Users\Pablo\Documents\GitHub\nine-screen-canvas-flow\vendor\phpseclib\phpseclib\phpseclib\Math\BigInteger\Engines\BCMath.php on line 157
[16-Mar-2026 09:14:00 UTC] PHP Deprecated:  chr(): Providing a value not in-between 0 and 255 is deprecated, this is because a byte value must be in the [0, 255] interval. The value used will be constrained using % 256 in C:\Users\Pablo\Documents\GitHub\nine-screen-canvas-flow\vendor\phpseclib\phpseclib\phpseclib\Math\BigInteger\Engines\BCMath.php on line 157
[16-Mar-2026 09:14:00 UTC] PHP Deprecated:  chr(): Providing a value not in-between 0 and 255 is deprecated, this is because a byte value must be in the [0, 255] interval. The value used will be constrained using % 256 in C:\Users\Pablo\Documents\GitHub\nine-screen-canvas-flow\vendor\phpseclib\phpseclib\phpseclib\Math\BigInteger\Engines\BCMath.php on line 157
[16-Mar-2026 09:14:00 UTC] PHP Deprecated:  chr(): Providing a value not in-between 0 and 255 is deprecated, this is because a byte value must be in the [0, 255] interval. The value used will be constrained using % 256 in C:\Users\Pablo\Documents\GitHub\nine-screen-canvas-flow\vendor\phpseclib\phpseclib\phpseclib\Math\BigInteger\Engines\BCMath.php on line 157
[16-Mar-2026 09:14:01 UTC] PHP Deprecated:  chr(): Providing a value not in-between 0 and 255 is deprecated, this is because a byte value must be in the [0, 255] interval. The value used will be constrained using % 256 in C:\Users\Pablo\Documents\GitHub\nine-screen-canvas-flow\vendor\phpseclib\phpseclib\phpseclib\Math\BigInteger\Engines\BCMath.php on line 157
[16-Mar-2026 09:14:01 UTC] PHP Deprecated:  chr(): Providing a value not in-between 0 and 255 is deprecated, this is because a byte value must be in the [0, 255] interval. The value used will be constrained using % 256 in C:\Users\Pablo\Documents\GitHub\nine-screen-canvas-flow\vendor\phpseclib\phpseclib\phpseclib\Math\BigInteger\Engines\BCMath.php on line 157
[16-Mar-2026 09:14:01 UTC] PHP Deprecated:  chr(): Providing a value not in-between 0 and 255 is deprecated, this is because a byte value must be in the [0, 255] interval. The value used will be constrained using % 256 in C:\Users\Pablo\Documents\GitHub\nine-screen-canvas-flow\vendor\phpseclib\phpseclib\phpseclib\Math\BigInteger\Engines\BCMath.php on line 157
[16-Mar-2026 09:14:01 UTC] PHP Deprecated:  chr(): Providing a value not in-between 0 and 255 is deprecated, this is because a byte value must be in the [0, 255] interval. The value used will be constrained using % 256 in C:\Users\Pablo\Documents\GitHub\nine-screen-canvas-flow\vendor\phpseclib\phpseclib\phpseclib\Math\BigInteger\Engines\BCMath.php on line 157
[16-Mar-2026 09:14:01 UTC] PHP Deprecated:  chr(): Providing a value not in-between 0 and 255 is deprecated, this is because a byte value must be in the [0, 255] interval. The value used will be constrained using % 256 in C:\Users\Pablo\Documents\GitHub\nine-screen-canvas-flow\vendor\phpseclib\phpseclib\phpseclib\Math\BigInteger\Engines\BCMath.php on line 157
[16-Mar-2026 09:14:01 UTC] PHP Deprecated:  chr(): Providing a value not in-between 0 and 255 is deprecated, this is because a byte value must be in the [0, 255] interval. The value used will be constrained using % 256 in C:\Users\Pablo\Documents\GitHub\nine-screen-canvas-flow\vendor\phpseclib\phpseclib\phpseclib\Math\BigInteger\Engines\BCMath.php on line 157
[16-Mar-2026 09:14:01 UTC] PHP Deprecated:  chr(): Providing a value not in-between 0 and 255 is deprecated, this is because a byte value must be in the [0, 255] interval. The value used will be constrained using % 256 in C:\Users\Pablo\Documents\GitHub\nine-screen-canvas-flow\vendor\phpseclib\phpseclib\phpseclib\Math\BigInteger\Engines\BCMath.php on line 157
[16-Mar-2026 09:14:01 UTC] PHP Deprecated:  chr(): Providing a value not in-between 0 and 255 is deprecated, this is because a byte value must be in the [0, 255] interval. The value used will be constrained using % 256 in C:\Users\Pablo\Documents\GitHub\nine-screen-canvas-flow\vendor\phpseclib\phpseclib\phpseclib\Math\BigInteger\Engines\BCMath.php on line 157
[16-Mar-2026 09:14:01 UTC] PHP Deprecated:  chr(): Providing a value not in-between 0 and 255 is deprecated, this is because a byte value must be in the [0, 255] interval. The value used will be constrained using % 256 in C:\Users\Pablo\Documents\GitHub\nine-screen-canvas-flow\vendor\phpseclib\phpseclib\phpseclib\Math\BigInteger\Engines\BCMath.php on line 157
[16-Mar-2026 09:14:01 UTC] PHP Deprecated:  chr(): Providing a value not in-between 0 and 255 is deprecated, this is because a byte value must be in the [0, 255] interval. The value used will be constrained using % 256 in C:\Users\Pablo\Documents\GitHub\nine-screen-canvas-flow\vendor\phpseclib\phpseclib\phpseclib\Math\BigInteger\Engines\BCMath.php on line 157
[16-Mar-2026 09:14:01 UTC] PHP Deprecated:  chr(): Providing a value not in-between 0 and 255 is deprecated, this is because a byte value must be in the [0, 255] interval. The value used will be constrained using % 256 in C:\Users\Pablo\Documents\GitHub\nine-screen-canvas-flow\vendor\phpseclib\phpseclib\phpseclib\Math\BigInteger\Engines\BCMath.php on line 157
[16-Mar-2026 09:14:01 UTC] PHP Deprecated:  chr(): Providing a value not in-between 0 and 255 is deprecated, this is because a byte value must be in the [0, 255] interval. The value used will be constrained using % 256 in C:\Users\Pablo\Documents\GitHub\nine-screen-canvas-flow\vendor\phpseclib\phpseclib\phpseclib\Math\BigInteger\Engines\BCMath.php on line 157
[16-Mar-2026 09:14:01 UTC] PHP Deprecated:  chr(): Providing a value not in-between 0 and 255 is deprecated, this is because a byte value must be in the [0, 255] interval. The value used will be constrained using % 256 in C:\Users\Pablo\Documents\GitHub\nine-screen-canvas-flow\vendor\phpseclib\phpseclib\phpseclib\Math\BigInteger\Engines\BCMath.php on line 157
[16-Mar-2026 09:14:01 UTC] PHP Deprecated:  chr(): Providing a value not in-between 0 and 255 is deprecated, this is because a byte value must be in the [0, 255] interval. The value used will be constrained using % 256 in C:\Users\Pablo\Documents\GitHub\nine-screen-canvas-flow\vendor\phpseclib\phpseclib\phpseclib\Math\BigInteger\Engines\BCMath.php on line 157
[16-Mar-2026 09:14:01 UTC] PHP Deprecated:  chr(): Providing a value not in-between 0 and 255 is deprecated, this is because a byte value must be in the [0, 255] interval. The value used will be constrained using % 256 in C:\Users\Pablo\Documents\GitHub\nine-screen-canvas-flow\vendor\phpseclib\phpseclib\phpseclib\Math\BigInteger\Engines\BCMath.php on line 157
[16-Mar-2026 09:14:01 UTC] PHP Deprecated:  chr(): Providing a value not in-between 0 and 255 is deprecated, this is because a byte value must be in the [0, 255] interval. The value used will be constrained using % 256 in C:\Users\Pablo\Documents\GitHub\nine-screen-canvas-flow\vendor\phpseclib\phpseclib\phpseclib\Math\BigInteger\Engines\BCMath.php on line 157
[16-Mar-2026 09:14:01 UTC] PHP Deprecated:  chr(): Providing a value not in-between 0 and 255 is deprecated, this is because a byte value must be in the [0, 255] interval. The value used will be constrained using % 256 in C:\Users\Pablo\Documents\GitHub\nine-screen-canvas-flow\vendor\phpseclib\phpseclib\phpseclib\Math\BigInteger\Engines\BCMath.php on line 157
[16-Mar-2026 09:14:01 UTC] PHP Deprecated:  chr(): Providing a value not in-between 0 and 255 is deprecated, this is because a byte value must be in the [0, 255] interval. The value used will be constrained using % 256 in C:\Users\Pablo\Documents\GitHub\nine-screen-canvas-flow\vendor\phpseclib\phpseclib\phpseclib\Math\BigInteger\Engines\BCMath.php on line 157
[16-Mar-2026 09:14:01 UTC] PHP Deprecated:  chr(): Providing a value not in-between 0 and 255 is deprecated, this is because a byte value must be in the [0, 255] interval. The value used will be constrained using % 256 in C:\Users\Pablo\Documents\GitHub\nine-screen-canvas-flow\vendor\phpseclib\phpseclib\phpseclib\Math\BigInteger\Engines\BCMath.php on line 157
[16-Mar-2026 09:14:01 UTC] PHP Deprecated:  chr(): Providing a value not in-between 0 and 255 is deprecated, this is because a byte value must be in the [0, 255] interval. The value used will be constrained using % 256 in C:\Users\Pablo\Documents\GitHub\nine-screen-canvas-flow\vendor\phpseclib\phpseclib\phpseclib\Math\BigInteger\Engines\BCMath.php on line 157
[16-Mar-2026 09:14:01 UTC] PHP Deprecated:  chr(): Providing a value not in-between 0 and 255 is deprecated, this is because a byte value must be in the [0, 255] interval. The value used will be constrained using % 256 in C:\Users\Pablo\Documents\GitHub\nine-screen-canvas-flow\vendor\phpseclib\phpseclib\phpseclib\Math\BigInteger\Engines\BCMath.php on line 157
[16-Mar-2026 09:14:01 UTC] PHP Deprecated:  chr(): Providing a value not in-between 0 and 255 is deprecated, this is because a byte value must be in the [0, 255] interval. The value used will be constrained using % 256 in C:\Users\Pablo\Documents\GitHub\nine-screen-canvas-flow\vendor\phpseclib\phpseclib\phpseclib\Math\BigInteger\Engines\BCMath.php on line 157
[16-Mar-2026 09:14:01 UTC] PHP Deprecated:  chr(): Providing a value not in-between 0 and 255 is deprecated, this is because a byte value must be in the [0, 255] interval. The value used will be constrained using % 256 in C:\Users\Pablo\Documents\GitHub\nine-screen-canvas-flow\vendor\phpseclib\phpseclib\phpseclib\Math\BigInteger\Engines\BCMath.php on line 157
[16-Mar-2026 09:14:01 UTC] PHP Deprecated:  chr(): Providing a value not in-between 0 and 255 is deprecated, this is because a byte value must be in the [0, 255] interval. The value used will be constrained using % 256 in C:\Users\Pablo\Documents\GitHub\nine-screen-canvas-flow\vendor\phpseclib\phpseclib\phpseclib\Math\BigInteger\Engines\BCMath.php on line 157
[16-Mar-2026 09:14:01 UTC] PHP Deprecated:  chr(): Providing a value not in-between 0 and 255 is deprecated, this is because a byte value must be in the [0, 255] interval. The value used will be constrained using % 256 in C:\Users\Pablo\Documents\GitHub\nine-screen-canvas-flow\vendor\phpseclib\phpseclib\phpseclib\Math\BigInteger\Engines\BCMath.php on line 157
[16-Mar-2026 09:14:01 UTC] PHP Deprecated:  chr(): Providing a value not in-between 0 and 255 is deprecated, this is because a byte value must be in the [0, 255] interval. The value used will be constrained using % 256 in C:\Users\Pablo\Documents\GitHub\nine-screen-canvas-flow\vendor\phpseclib\phpseclib\phpseclib\Math\BigInteger\Engines\BCMath.php on line 157
[16-Mar-2026 09:14:01 UTC] PHP Deprecated:  chr(): Providing a value not in-between 0 and 255 is deprecated, this is because a byte value must be in the [0, 255] interval. The value used will be constrained using % 256 in C:\Users\Pablo\Documents\GitHub\nine-screen-canvas-flow\vendor\phpseclib\phpseclib\phpseclib\Math\BigInteger\Engines\BCMath.php on line 157
[16-Mar-2026 09:14:01 UTC] PHP Deprecated:  chr(): Providing a value not in-between 0 and 255 is deprecated, this is because a byte value must be in the [0, 255] interval. The value used will be constrained using % 256 in C:\Users\Pablo\Documents\GitHub\nine-screen-canvas-flow\vendor\phpseclib\phpseclib\phpseclib\Math\BigInteger\Engines\BCMath.php on line 157
[16-Mar-2026 09:14:01 UTC] PHP Deprecated:  chr(): Providing a value not in-between 0 and 255 is deprecated, this is because a byte value must be in the [0, 255] interval. The value used will be constrained using % 256 in C:\Users\Pablo\Documents\GitHub\nine-screen-canvas-flow\vendor\phpseclib\phpseclib\phpseclib\Math\BigInteger\Engines\BCMath.php on line 157
[16-Mar-2026 09:14:01 UTC] PHP Deprecated:  chr(): Providing a value not in-between 0 and 255 is deprecated, this is because a byte value must be in the [0, 255] interval. The value used will be constrained using % 256 in C:\Users\Pablo\Documents\GitHub\nine-screen-canvas-flow\vendor\phpseclib\phpseclib\phpseclib\Math\BigInteger\Engines\BCMath.php on line 157
[16-Mar-2026 09:14:01 UTC] PHP Deprecated:  chr(): Providing a value not in-between 0 and 255 is deprecated, this is because a byte value must be in the [0, 255] interval. The value used will be constrained using % 256 in C:\Users\Pablo\Documents\GitHub\nine-screen-canvas-flow\vendor\phpseclib\phpseclib\phpseclib\Math\BigInteger\Engines\BCMath.php on line 157
[16-Mar-2026 09:14:01 UTC] PHP Deprecated:  chr(): Providing a value not in-between 0 and 255 is deprecated, this is because a byte value must be in the [0, 255] interval. The value used will be constrained using % 256 in C:\Users\Pablo\Documents\GitHub\nine-screen-canvas-flow\vendor\phpseclib\phpseclib\phpseclib\Math\BigInteger\Engines\BCMath.php on line 157
[16-Mar-2026 09:14:01 UTC] PHP Deprecated:  chr(): Providing a value not in-between 0 and 255 is deprecated, this is because a byte value must be in the [0, 255] interval. The value used will be constrained using % 256 in C:\Users\Pablo\Documents\GitHub\nine-screen-canvas-flow\vendor\phpseclib\phpseclib\phpseclib\Math\BigInteger\Engines\BCMath.php on line 157
[16-Mar-2026 09:14:01 UTC] PHP Deprecated:  chr(): Providing a value not in-between 0 and 255 is deprecated, this is because a byte value must be in the [0, 255] interval. The value used will be constrained using % 256 in C:\Users\Pablo\Documents\GitHub\nine-screen-canvas-flow\vendor\phpseclib\phpseclib\phpseclib\Math\BigInteger\Engines\BCMath.php on line 157
[16-Mar-2026 09:14:01 UTC] PHP Deprecated:  chr(): Providing a value not in-between 0 and 255 is deprecated, this is because a byte value must be in the [0, 255] interval. The value used will be constrained using % 256 in C:\Users\Pablo\Documents\GitHub\nine-screen-canvas-flow\vendor\phpseclib\phpseclib\phpseclib\Math\BigInteger\Engines\BCMath.php on line 157
[16-Mar-2026 09:14:01 UTC] PHP Deprecated:  chr(): Providing a value not in-between 0 and 255 is deprecated, this is because a byte value must be in the [0, 255] interval. The value used will be constrained using % 256 in C:\Users\Pablo\Documents\GitHub\nine-screen-canvas-flow\vendor\phpseclib\phpseclib\phpseclib\Math\BigInteger\Engines\BCMath.php on line 157
[16-Mar-2026 09:14:01 UTC] PHP Deprecated:  chr(): Providing a value not in-between 0 and 255 is deprecated, this is because a byte value must be in the [0, 255] interval. The value used will be constrained using % 256 in C:\Users\Pablo\Documents\GitHub\nine-screen-canvas-flow\vendor\phpseclib\phpseclib\phpseclib\Math\BigInteger\Engines\BCMath.php on line 157
[16-Mar-2026 09:14:01 UTC] PHP Deprecated:  chr(): Providing a value not in-between 0 and 255 is deprecated, this is because a byte value must be in the [0, 255] interval. The value used will be constrained using % 256 in C:\Users\Pablo\Documents\GitHub\nine-screen-canvas-flow\vendor\phpseclib\phpseclib\phpseclib\Math\BigInteger\Engines\BCMath.php on line 157
[16-Mar-2026 09:14:01 UTC] PHP Deprecated:  chr(): Providing a value not in-between 0 and 255 is deprecated, this is because a byte value must be in the [0, 255] interval. The value used will be constrained using % 256 in C:\Users\Pablo\Documents\GitHub\nine-screen-canvas-flow\vendor\phpseclib\phpseclib\phpseclib\Math\BigInteger\Engines\BCMath.php on line 157
[16-Mar-2026 09:14:01 UTC] PHP Deprecated:  chr(): Providing a value not in-between 0 and 255 is deprecated, this is because a byte value must be in the [0, 255] interval. The value used will be constrained using % 256 in C:\Users\Pablo\Documents\GitHub\nine-screen-canvas-flow\vendor\phpseclib\phpseclib\phpseclib\Math\BigInteger\Engines\BCMath.php on line 157
[16-Mar-2026 09:14:01 UTC] PHP Deprecated:  chr(): Providing a value not in-between 0 and 255 is deprecated, this is because a byte value must be in the [0, 255] interval. The value used will be constrained using % 256 in C:\Users\Pablo\Documents\GitHub\nine-screen-canvas-flow\vendor\phpseclib\phpseclib\phpseclib\Math\BigInteger\Engines\BCMath.php on line 157
[16-Mar-2026 09:14:01 UTC] PHP Deprecated:  chr(): Providing a value not in-between 0 and 255 is deprecated, this is because a byte value must be in the [0, 255] interval. The value used will be constrained using % 256 in C:\Users\Pablo\Documents\GitHub\nine-screen-canvas-flow\vendor\phpseclib\phpseclib\phpseclib\Math\BigInteger\Engines\BCMath.php on line 157
[16-Mar-2026 09:14:01 UTC] PHP Deprecated:  chr(): Providing a value not in-between 0 and 255 is deprecated, this is because a byte value must be in the [0, 255] interval. The value used will be constrained using % 256 in C:\Users\Pablo\Documents\GitHub\nine-screen-canvas-flow\vendor\phpseclib\phpseclib\phpseclib\Math\BigInteger\Engines\BCMath.php on line 157
[16-Mar-2026 09:14:01 UTC] PHP Deprecated:  chr(): Providing a value not in-between 0 and 255 is deprecated, this is because a byte value must be in the [0, 255] interval. The value used will be constrained using % 256 in C:\Users\Pablo\Documents\GitHub\nine-screen-canvas-flow\vendor\phpseclib\phpseclib\phpseclib\Math\BigInteger\Engines\BCMath.php on line 157
[16-Mar-2026 09:14:01 UTC] PHP Deprecated:  chr(): Providing a value not in-between 0 and 255 is deprecated, this is because a byte value must be in the [0, 255] interval. The value used will be constrained using % 256 in C:\Users\Pablo\Documents\GitHub\nine-screen-canvas-flow\vendor\phpseclib\phpseclib\phpseclib\Math\BigInteger\Engines\BCMath.php on line 157
[16-Mar-2026 09:14:01 UTC] PHP Deprecated:  chr(): Providing a value not in-between 0 and 255 is deprecated, this is because a byte value must be in the [0, 255] interval. The value used will be constrained using % 256 in C:\Users\Pablo\Documents\GitHub\nine-screen-canvas-flow\vendor\phpseclib\phpseclib\phpseclib\Math\BigInteger\Engines\BCMath.php on line 157
[16-Mar-2026 09:14:01 UTC] PHP Deprecated:  chr(): Providing a value not in-between 0 and 255 is deprecated, this is because a byte value must be in the [0, 255] interval. The value used will be constrained using % 256 in C:\Users\Pablo\Documents\GitHub\nine-screen-canvas-flow\vendor\phpseclib\phpseclib\phpseclib\Math\BigInteger\Engines\BCMath.php on line 157
[16-Mar-2026 09:14:01 UTC] PHP Deprecated:  chr(): Providing a value not in-between 0 and 255 is deprecated, this is because a byte value must be in the [0, 255] interval. The value used will be constrained using % 256 in C:\Users\Pablo\Documents\GitHub\nine-screen-canvas-flow\vendor\phpseclib\phpseclib\phpseclib\Math\BigInteger\Engines\BCMath.php on line 157
[16-Mar-2026 09:14:01 UTC] PHP Deprecated:  chr(): Providing a value not in-between 0 and 255 is deprecated, this is because a byte value must be in the [0, 255] interval. The value used will be constrained using % 256 in C:\Users\Pablo\Documents\GitHub\nine-screen-canvas-flow\vendor\phpseclib\phpseclib\phpseclib\Math\BigInteger\Engines\BCMath.php on line 157
[16-Mar-2026 09:14:01 UTC] PHP Deprecated:  chr(): Providing a value not in-between 0 and 255 is deprecated, this is because a byte value must be in the [0, 255] interval. The value used will be constrained using % 256 in C:\Users\Pablo\Documents\GitHub\nine-screen-canvas-flow\vendor\phpseclib\phpseclib\phpseclib\Math\BigInteger\Engines\BCMath.php on line 157
[16-Mar-2026 09:14:01 UTC] PHP Deprecated:  chr(): Providing a value not in-between 0 and 255 is deprecated, this is because a byte value must be in the [0, 255] interval. The value used will be constrained using % 256 in C:\Users\Pablo\Documents\GitHub\nine-screen-canvas-flow\vendor\phpseclib\phpseclib\phpseclib\Math\BigInteger\Engines\BCMath.php on line 157
[16-Mar-2026 09:14:01 UTC] PHP Deprecated:  chr(): Providing a value not in-between 0 and 255 is deprecated, this is because a byte value must be in the [0, 255] interval. The value used will be constrained using % 256 in C:\Users\Pablo\Documents\GitHub\nine-screen-canvas-flow\vendor\phpseclib\phpseclib\phpseclib\Math\BigInteger\Engines\BCMath.php on line 157
[16-Mar-2026 09:14:01 UTC] PHP Deprecated:  chr(): Providing a value not in-between 0 and 255 is deprecated, this is because a byte value must be in the [0, 255] interval. The value used will be constrained using % 256 in C:\Users\Pablo\Documents\GitHub\nine-screen-canvas-flow\vendor\phpseclib\phpseclib\phpseclib\Math\BigInteger\Engines\BCMath.php on line 157
[16-Mar-2026 09:14:01 UTC] PHP Deprecated:  chr(): Providing a value not in-between 0 and 255 is deprecated, this is because a byte value must be in the [0, 255] interval. The value used will be constrained using % 256 in C:\Users\Pablo\Documents\GitHub\nine-screen-canvas-flow\vendor\phpseclib\phpseclib\phpseclib\Math\BigInteger\Engines\BCMath.php on line 157
[16-Mar-2026 09:14:01 UTC] PHP Deprecated:  chr(): Providing a value not in-between 0 and 255 is deprecated, this is because a byte value must be in the [0, 255] interval. The value used will be constrained using % 256 in C:\Users\Pablo\Documents\GitHub\nine-screen-canvas-flow\vendor\phpseclib\phpseclib\phpseclib\Math\BigInteger\Engines\BCMath.php on line 157
[16-Mar-2026 09:14:01 UTC] PHP Deprecated:  chr(): Providing a value not in-between 0 and 255 is deprecated, this is because a byte value must be in the [0, 255] interval. The value used will be constrained using % 256 in C:\Users\Pablo\Documents\GitHub\nine-screen-canvas-flow\vendor\phpseclib\phpseclib\phpseclib\Math\BigInteger\Engines\BCMath.php on line 157
[16-Mar-2026 09:14:01 UTC] PHP Deprecated:  chr(): Providing a value not in-between 0 and 255 is deprecated, this is because a byte value must be in the [0, 255] interval. The value used will be constrained using % 256 in C:\Users\Pablo\Documents\GitHub\nine-screen-canvas-flow\vendor\phpseclib\phpseclib\phpseclib\Math\BigInteger\Engines\BCMath.php on line 157
[16-Mar-2026 09:14:01 UTC] PHP Deprecated:  chr(): Providing a value not in-between 0 and 255 is deprecated, this is because a byte value must be in the [0, 255] interval. The value used will be constrained using % 256 in C:\Users\Pablo\Documents\GitHub\nine-screen-canvas-flow\vendor\phpseclib\phpseclib\phpseclib\Math\BigInteger\Engines\BCMath.php on line 157
[16-Mar-2026 09:14:01 UTC] PHP Deprecated:  chr(): Providing a value not in-between 0 and 255 is deprecated, this is because a byte value must be in the [0, 255] interval. The value used will be constrained using % 256 in C:\Users\Pablo\Documents\GitHub\nine-screen-canvas-flow\vendor\phpseclib\phpseclib\phpseclib\Math\BigInteger\Engines\BCMath.php on line 157
[16-Mar-2026 09:14:01 UTC] PHP Deprecated:  chr(): Providing a value not in-between 0 and 255 is deprecated, this is because a byte value must be in the [0, 255] interval. The value used will be constrained using % 256 in C:\Users\Pablo\Documents\GitHub\nine-screen-canvas-flow\vendor\phpseclib\phpseclib\phpseclib\Math\BigInteger\Engines\BCMath.php on line 157
[16-Mar-2026 09:14:01 UTC] PHP Deprecated:  chr(): Providing a value not in-between 0 and 255 is deprecated, this is because a byte value must be in the [0, 255] interval. The value used will be constrained using % 256 in C:\Users\Pablo\Documents\GitHub\nine-screen-canvas-flow\vendor\phpseclib\phpseclib\phpseclib\Math\BigInteger\Engines\BCMath.php on line 157
[16-Mar-2026 09:14:01 UTC] PHP Deprecated:  chr(): Providing a value not in-between 0 and 255 is deprecated, this is because a byte value must be in the [0, 255] interval. The value used will be constrained using % 256 in C:\Users\Pablo\Documents\GitHub\nine-screen-canvas-flow\vendor\phpseclib\phpseclib\phpseclib\Math\BigInteger\Engines\BCMath.php on line 157
[16-Mar-2026 09:14:01 UTC] PHP Deprecated:  chr(): Providing a value not in-between 0 and 255 is deprecated, this is because a byte value must be in the [0, 255] interval. The value used will be constrained using % 256 in C:\Users\Pablo\Documents\GitHub\nine-screen-canvas-flow\vendor\phpseclib\phpseclib\phpseclib\Math\BigInteger\Engines\BCMath.php on line 157
[16-Mar-2026 09:14:01 UTC] PHP Deprecated:  chr(): Providing a value not in-between 0 and 255 is deprecated, this is because a byte value must be in the [0, 255] interval. The value used will be constrained using % 256 in C:\Users\Pablo\Documents\GitHub\nine-screen-canvas-flow\vendor\phpseclib\phpseclib\phpseclib\Math\BigInteger\Engines\BCMath.php on line 157
[16-Mar-2026 09:14:01 UTC] PHP Deprecated:  chr(): Providing a value not in-between 0 and 255 is deprecated, this is because a byte value must be in the [0, 255] interval. The value used will be constrained using % 256 in C:\Users\Pablo\Documents\GitHub\nine-screen-canvas-flow\vendor\phpseclib\phpseclib\phpseclib\Math\BigInteger\Engines\BCMath.php on line 157
[16-Mar-2026 09:14:01 UTC] PHP Deprecated:  chr(): Providing a value not in-between 0 and 255 is deprecated, this is because a byte value must be in the [0, 255] interval. The value used will be constrained using % 256 in C:\Users\Pablo\Documents\GitHub\nine-screen-canvas-flow\vendor\phpseclib\phpseclib\phpseclib\Math\BigInteger\Engines\BCMath.php on line 157
[16-Mar-2026 09:14:01 UTC] PHP Deprecated:  chr(): Providing a value not in-between 0 and 255 is deprecated, this is because a byte value must be in the [0, 255] interval. The value used will be constrained using % 256 in C:\Users\Pablo\Documents\GitHub\nine-screen-canvas-flow\vendor\phpseclib\phpseclib\phpseclib\Math\BigInteger\Engines\BCMath.php on line 157
[16-Mar-2026 09:14:01 UTC] PHP Deprecated:  chr(): Providing a value not in-between 0 and 255 is deprecated, this is because a byte value must be in the [0, 255] interval. The value used will be constrained using % 256 in C:\Users\Pablo\Documents\GitHub\nine-screen-canvas-flow\vendor\phpseclib\phpseclib\phpseclib\Math\BigInteger\Engines\BCMath.php on line 157
[16-Mar-2026 09:14:01 UTC] PHP Deprecated:  chr(): Providing a value not in-between 0 and 255 is deprecated, this is because a byte value must be in the [0, 255] interval. The value used will be constrained using % 256 in C:\Users\Pablo\Documents\GitHub\nine-screen-canvas-flow\vendor\phpseclib\phpseclib\phpseclib\Math\BigInteger\Engines\BCMath.php on line 157
[16-Mar-2026 09:14:01 UTC] PHP Deprecated:  chr(): Providing a value not in-between 0 and 255 is deprecated, this is because a byte value must be in the [0, 255] interval. The value used will be constrained using % 256 in C:\Users\Pablo\Documents\GitHub\nine-screen-canvas-flow\vendor\phpseclib\phpseclib\phpseclib\Math\BigInteger\Engines\BCMath.php on line 157
[16-Mar-2026 09:14:01 UTC] PHP Deprecated:  chr(): Providing a value not in-between 0 and 255 is deprecated, this is because a byte value must be in the [0, 255] interval. The value used will be constrained using % 256 in C:\Users\Pablo\Documents\GitHub\nine-screen-canvas-flow\vendor\phpseclib\phpseclib\phpseclib\Math\BigInteger\Engines\BCMath.php on line 157
[16-Mar-2026 09:14:01 UTC] PHP Deprecated:  chr(): Providing a value not in-between 0 and 255 is deprecated, this is because a byte value must be in the [0, 255] interval. The value used will be constrained using % 256 in C:\Users\Pablo\Documents\GitHub\nine-screen-canvas-flow\vendor\phpseclib\phpseclib\phpseclib\Math\BigInteger\Engines\BCMath.php on line 157
[16-Mar-2026 09:14:01 UTC] PHP Deprecated:  chr(): Providing a value not in-between 0 and 255 is deprecated, this is because a byte value must be in the [0, 255] interval. The value used will be constrained using % 256 in C:\Users\Pablo\Documents\GitHub\nine-screen-canvas-flow\vendor\phpseclib\phpseclib\phpseclib\Math\BigInteger\Engines\BCMath.php on line 157
[16-Mar-2026 09:14:01 UTC] PHP Deprecated:  chr(): Providing a value not in-between 0 and 255 is deprecated, this is because a byte value must be in the [0, 255] interval. The value used will be constrained using % 256 in C:\Users\Pablo\Documents\GitHub\nine-screen-canvas-flow\vendor\phpseclib\phpseclib\phpseclib\Math\BigInteger\Engines\BCMath.php on line 157
[16-Mar-2026 09:14:01 UTC] PHP Deprecated:  chr(): Providing a value not in-between 0 and 255 is deprecated, this is because a byte value must be in the [0, 255] interval. The value used will be constrained using % 256 in C:\Users\Pablo\Documents\GitHub\nine-screen-canvas-flow\vendor\phpseclib\phpseclib\phpseclib\Math\BigInteger\Engines\BCMath.php on line 157
[16-Mar-2026 09:14:01 UTC] PHP Deprecated:  chr(): Providing a value not in-between 0 and 255 is deprecated, this is because a byte value must be in the [0, 255] interval. The value used will be constrained using % 256 in C:\Users\Pablo\Documents\GitHub\nine-screen-canvas-flow\vendor\phpseclib\phpseclib\phpseclib\Math\BigInteger\Engines\BCMath.php on line 157
[16-Mar-2026 09:14:01 UTC] PHP Deprecated:  chr(): Providing a value not in-between 0 and 255 is deprecated, this is because a byte value must be in the [0, 255] interval. The value used will be constrained using % 256 in C:\Users\Pablo\Documents\GitHub\nine-screen-canvas-flow\vendor\phpseclib\phpseclib\phpseclib\Math\BigInteger\Engines\BCMath.php on line 157
[16-Mar-2026 09:14:01 UTC] PHP Deprecated:  chr(): Providing a value not in-between 0 and 255 is deprecated, this is because a byte value must be in the [0, 255] interval. The value used will be constrained using % 256 in C:\Users\Pablo\Documents\GitHub\nine-screen-canvas-flow\vendor\phpseclib\phpseclib\phpseclib\Math\BigInteger\Engines\BCMath.php on line 157
[16-Mar-2026 09:14:01 UTC] PHP Deprecated:  chr(): Providing a value not in-between 0 and 255 is deprecated, this is because a byte value must be in the [0, 255] interval. The value used will be constrained using % 256 in C:\Users\Pablo\Documents\GitHub\nine-screen-canvas-flow\vendor\phpseclib\phpseclib\phpseclib\Math\BigInteger\Engines\BCMath.php on line 157
[16-Mar-2026 09:14:01 UTC] PHP Deprecated:  chr(): Providing a value not in-between 0 and 255 is deprecated, this is because a byte value must be in the [0, 255] interval. The value used will be constrained using % 256 in C:\Users\Pablo\Documents\GitHub\nine-screen-canvas-flow\vendor\phpseclib\phpseclib\phpseclib\Math\BigInteger\Engines\BCMath.php on line 157
[16-Mar-2026 09:14:01 UTC] PHP Deprecated:  chr(): Providing a value not in-between 0 and 255 is deprecated, this is because a byte value must be in the [0, 255] interval. The value used will be constrained using % 256 in C:\Users\Pablo\Documents\GitHub\nine-screen-canvas-flow\vendor\phpseclib\phpseclib\phpseclib\Math\BigInteger\Engines\BCMath.php on line 157
[16-Mar-2026 09:14:01 UTC] PHP Deprecated:  chr(): Providing a value not in-between 0 and 255 is deprecated, this is because a byte value must be in the [0, 255] interval. The value used will be constrained using % 256 in C:\Users\Pablo\Documents\GitHub\nine-screen-canvas-flow\vendor\phpseclib\phpseclib\phpseclib\Math\BigInteger\Engines\BCMath.php on line 157
[16-Mar-2026 09:14:01 UTC] PHP Deprecated:  chr(): Providing a value not in-between 0 and 255 is deprecated, this is because a byte value must be in the [0, 255] interval. The value used will be constrained using % 256 in C:\Users\Pablo\Documents\GitHub\nine-screen-canvas-flow\vendor\phpseclib\phpseclib\phpseclib\Math\BigInteger\Engines\BCMath.php on line 157
[16-Mar-2026 09:14:01 UTC] PHP Deprecated:  chr(): Providing a value not in-between 0 and 255 is deprecated, this is because a byte value must be in the [0, 255] interval. The value used will be constrained using % 256 in C:\Users\Pablo\Documents\GitHub\nine-screen-canvas-flow\vendor\phpseclib\phpseclib\phpseclib\Math\BigInteger\Engines\BCMath.php on line 157
[16-Mar-2026 09:14:01 UTC] PHP Deprecated:  chr(): Providing a value not in-between 0 and 255 is deprecated, this is because a byte value must be in the [0, 255] interval. The value used will be constrained using % 256 in C:\Users\Pablo\Documents\GitHub\nine-screen-canvas-flow\vendor\phpseclib\phpseclib\phpseclib\Math\BigInteger\Engines\BCMath.php on line 157
[16-Mar-2026 09:14:01 UTC] PHP Deprecated:  chr(): Providing a value not in-between 0 and 255 is deprecated, this is because a byte value must be in the [0, 255] interval. The value used will be constrained using % 256 in C:\Users\Pablo\Documents\GitHub\nine-screen-canvas-flow\vendor\phpseclib\phpseclib\phpseclib\Math\BigInteger\Engines\BCMath.php on line 157
[16-Mar-2026 09:14:01 UTC] PHP Deprecated:  chr(): Providing a value not in-between 0 and 255 is deprecated, this is because a byte value must be in the [0, 255] interval. The value used will be constrained using % 256 in C:\Users\Pablo\Documents\GitHub\nine-screen-canvas-flow\vendor\phpseclib\phpseclib\phpseclib\Math\BigInteger\Engines\BCMath.php on line 157
[16-Mar-2026 09:14:01 UTC] PHP Deprecated:  chr(): Providing a value not in-between 0 and 255 is deprecated, this is because a byte value must be in the [0, 255] interval. The value used will be constrained using % 256 in C:\Users\Pablo\Documents\GitHub\nine-screen-canvas-flow\vendor\phpseclib\phpseclib\phpseclib\Math\BigInteger\Engines\BCMath.php on line 157
[16-Mar-2026 09:14:01 UTC] PHP Deprecated:  chr(): Providing a value not in-between 0 and 255 is deprecated, this is because a byte value must be in the [0, 255] interval. The value used will be constrained using % 256 in C:\Users\Pablo\Documents\GitHub\nine-screen-canvas-flow\vendor\phpseclib\phpseclib\phpseclib\Math\BigInteger\Engines\BCMath.php on line 157
[16-Mar-2026 09:14:01 UTC] PHP Deprecated:  chr(): Providing a value not in-between 0 and 255 is deprecated, this is because a byte value must be in the [0, 255] interval. The value used will be constrained using % 256 in C:\Users\Pablo\Documents\GitHub\nine-screen-canvas-flow\vendor\phpseclib\phpseclib\phpseclib\Math\BigInteger\Engines\BCMath.php on line 157
[16-Mar-2026 09:14:01 UTC] PHP Deprecated:  chr(): Providing a value not in-between 0 and 255 is deprecated, this is because a byte value must be in the [0, 255] interval. The value used will be constrained using % 256 in C:\Users\Pablo\Documents\GitHub\nine-screen-canvas-flow\vendor\phpseclib\phpseclib\phpseclib\Math\BigInteger\Engines\BCMath.php on line 157
[16-Mar-2026 09:14:01 UTC] PHP Deprecated:  chr(): Providing a value not in-between 0 and 255 is deprecated, this is because a byte value must be in the [0, 255] interval. The value used will be constrained using % 256 in C:\Users\Pablo\Documents\GitHub\nine-screen-canvas-flow\vendor\phpseclib\phpseclib\phpseclib\Math\BigInteger\Engines\BCMath.php on line 157
[16-Mar-2026 09:14:01 UTC] PHP Deprecated:  chr(): Providing a value not in-between 0 and 255 is deprecated, this is because a byte value must be in the [0, 255] interval. The value used will be constrained using % 256 in C:\Users\Pablo\Documents\GitHub\nine-screen-canvas-flow\vendor\phpseclib\phpseclib\phpseclib\Math\BigInteger\Engines\BCMath.php on line 157
[16-Mar-2026 09:14:01 UTC] PHP Deprecated:  chr(): Providing a value not in-between 0 and 255 is deprecated, this is because a byte value must be in the [0, 255] interval. The value used will be constrained using % 256 in C:\Users\Pablo\Documents\GitHub\nine-screen-canvas-flow\vendor\phpseclib\phpseclib\phpseclib\Math\BigInteger\Engines\BCMath.php on line 157
[16-Mar-2026 09:14:01 UTC] PHP Deprecated:  chr(): Providing a value not in-between 0 and 255 is deprecated, this is because a byte value must be in the [0, 255] interval. The value used will be constrained using % 256 in C:\Users\Pablo\Documents\GitHub\nine-screen-canvas-flow\vendor\phpseclib\phpseclib\phpseclib\Math\BigInteger\Engines\BCMath.php on line 157
[16-Mar-2026 09:14:01 UTC] PHP Deprecated:  chr(): Providing a value not in-between 0 and 255 is deprecated, this is because a byte value must be in the [0, 255] interval. The value used will be constrained using % 256 in C:\Users\Pablo\Documents\GitHub\nine-screen-canvas-flow\vendor\phpseclib\phpseclib\phpseclib\Math\BigInteger\Engines\BCMath.php on line 157
[16-Mar-2026 09:14:01 UTC] PHP Deprecated:  chr(): Providing a value not in-between 0 and 255 is deprecated, this is because a byte value must be in the [0, 255] interval. The value used will be constrained using % 256 in C:\Users\Pablo\Documents\GitHub\nine-screen-canvas-flow\vendor\phpseclib\phpseclib\phpseclib\Math\BigInteger\Engines\BCMath.php on line 157
[16-Mar-2026 09:14:01 UTC] PHP Deprecated:  chr(): Providing a value not in-between 0 and 255 is deprecated, this is because a byte value must be in the [0, 255] interval. The value used will be constrained using % 256 in C:\Users\Pablo\Documents\GitHub\nine-screen-canvas-flow\vendor\phpseclib\phpseclib\phpseclib\Math\BigInteger\Engines\BCMath.php on line 157
[16-Mar-2026 09:14:01 UTC] PHP Deprecated:  chr(): Providing a value not in-between 0 and 255 is deprecated, this is because a byte value must be in the [0, 255] interval. The value used will be constrained using % 256 in C:\Users\Pablo\Documents\GitHub\nine-screen-canvas-flow\vendor\phpseclib\phpseclib\phpseclib\Math\BigInteger\Engines\BCMath.php on line 157
[16-Mar-2026 09:14:01 UTC] PHP Deprecated:  chr(): Providing a value not in-between 0 and 255 is deprecated, this is because a byte value must be in the [0, 255] interval. The value used will be constrained using % 256 in C:\Users\Pablo\Documents\GitHub\nine-screen-canvas-flow\vendor\phpseclib\phpseclib\phpseclib\Math\BigInteger\Engines\BCMath.php on line 157
[16-Mar-2026 09:14:01 UTC] PHP Deprecated:  chr(): Providing a value not in-between 0 and 255 is deprecated, this is because a byte value must be in the [0, 255] interval. The value used will be constrained using % 256 in C:\Users\Pablo\Documents\GitHub\nine-screen-canvas-flow\vendor\phpseclib\phpseclib\phpseclib\Math\BigInteger\Engines\BCMath.php on line 157
[16-Mar-2026 09:14:01 UTC] PHP Deprecated:  chr(): Providing a value not in-between 0 and 255 is deprecated, this is because a byte value must be in the [0, 255] interval. The value used will be constrained using % 256 in C:\Users\Pablo\Documents\GitHub\nine-screen-canvas-flow\vendor\phpseclib\phpseclib\phpseclib\Math\BigInteger\Engines\BCMath.php on line 157
[16-Mar-2026 09:14:01 UTC] PHP Deprecated:  chr(): Providing a value not in-between 0 and 255 is deprecated, this is because a byte value must be in the [0, 255] interval. The value used will be constrained using % 256 in C:\Users\Pablo\Documents\GitHub\nine-screen-canvas-flow\vendor\phpseclib\phpseclib\phpseclib\Math\BigInteger\Engines\BCMath.php on line 157
[16-Mar-2026 09:14:01 UTC] PHP Deprecated:  chr(): Providing a value not in-between 0 and 255 is deprecated, this is because a byte value must be in the [0, 255] interval. The value used will be constrained using % 256 in C:\Users\Pablo\Documents\GitHub\nine-screen-canvas-flow\vendor\phpseclib\phpseclib\phpseclib\Math\BigInteger\Engines\BCMath.php on line 157
[16-Mar-2026 09:14:01 UTC] PHP Deprecated:  chr(): Providing a value not in-between 0 and 255 is deprecated, this is because a byte value must be in the [0, 255] interval. The value used will be constrained using % 256 in C:\Users\Pablo\Documents\GitHub\nine-screen-canvas-flow\vendor\phpseclib\phpseclib\phpseclib\Math\BigInteger\Engines\BCMath.php on line 157
[16-Mar-2026 09:14:01 UTC] PHP Deprecated:  chr(): Providing a value not in-between 0 and 255 is deprecated, this is because a byte value must be in the [0, 255] interval. The value used will be constrained using % 256 in C:\Users\Pablo\Documents\GitHub\nine-screen-canvas-flow\vendor\phpseclib\phpseclib\phpseclib\Math\BigInteger\Engines\BCMath.php on line 157
[16-Mar-2026 09:14:01 UTC] PHP Deprecated:  chr(): Providing a value not in-between 0 and 255 is deprecated, this is because a byte value must be in the [0, 255] interval. The value used will be constrained using % 256 in C:\Users\Pablo\Documents\GitHub\nine-screen-canvas-flow\vendor\phpseclib\phpseclib\phpseclib\Math\BigInteger\Engines\BCMath.php on line 157
[16-Mar-2026 09:14:01 UTC] PHP Deprecated:  chr(): Providing a value not in-between 0 and 255 is deprecated, this is because a byte value must be in the [0, 255] interval. The value used will be constrained using % 256 in C:\Users\Pablo\Documents\GitHub\nine-screen-canvas-flow\vendor\phpseclib\phpseclib\phpseclib\Math\BigInteger\Engines\BCMath.php on line 157
[16-Mar-2026 09:14:01 UTC] PHP Deprecated:  chr(): Providing a value not in-between 0 and 255 is deprecated, this is because a byte value must be in the [0, 255] interval. The value used will be constrained using % 256 in C:\Users\Pablo\Documents\GitHub\nine-screen-canvas-flow\vendor\phpseclib\phpseclib\phpseclib\Math\BigInteger\Engines\BCMath.php on line 157
[16-Mar-2026 09:14:01 UTC] PHP Deprecated:  chr(): Providing a value not in-between 0 and 255 is deprecated, this is because a byte value must be in the [0, 255] interval. The value used will be constrained using % 256 in C:\Users\Pablo\Documents\GitHub\nine-screen-canvas-flow\vendor\phpseclib\phpseclib\phpseclib\Math\BigInteger\Engines\BCMath.php on line 157
[16-Mar-2026 09:14:01 UTC] PHP Deprecated:  chr(): Providing a value not in-between 0 and 255 is deprecated, this is because a byte value must be in the [0, 255] interval. The value used will be constrained using % 256 in C:\Users\Pablo\Documents\GitHub\nine-screen-canvas-flow\vendor\phpseclib\phpseclib\phpseclib\Math\BigInteger\Engines\BCMath.php on line 157
[16-Mar-2026 09:14:01 UTC] PHP Deprecated:  chr(): Providing a value not in-between 0 and 255 is deprecated, this is because a byte value must be in the [0, 255] interval. The value used will be constrained using % 256 in C:\Users\Pablo\Documents\GitHub\nine-screen-canvas-flow\vendor\phpseclib\phpseclib\phpseclib\Math\BigInteger\Engines\BCMath.php on line 157
[16-Mar-2026 09:14:01 UTC] PHP Deprecated:  chr(): Providing a value not in-between 0 and 255 is deprecated, this is because a byte value must be in the [0, 255] interval. The value used will be constrained using % 256 in C:\Users\Pablo\Documents\GitHub\nine-screen-canvas-flow\vendor\phpseclib\phpseclib\phpseclib\Math\BigInteger\Engines\BCMath.php on line 157
[16-Mar-2026 09:14:01 UTC] PHP Deprecated:  chr(): Providing a value not in-between 0 and 255 is deprecated, this is because a byte value must be in the [0, 255] interval. The value used will be constrained using % 256 in C:\Users\Pablo\Documents\GitHub\nine-screen-canvas-flow\vendor\phpseclib\phpseclib\phpseclib\Math\BigInteger\Engines\BCMath.php on line 157
[16-Mar-2026 09:14:01 UTC] PHP Deprecated:  chr(): Providing a value not in-between 0 and 255 is deprecated, this is because a byte value must be in the [0, 255] interval. The value used will be constrained using % 256 in C:\Users\Pablo\Documents\GitHub\nine-screen-canvas-flow\vendor\phpseclib\phpseclib\phpseclib\Math\BigInteger\Engines\BCMath.php on line 157
[16-Mar-2026 09:14:01 UTC] PHP Deprecated:  chr(): Providing a value not in-between 0 and 255 is deprecated, this is because a byte value must be in the [0, 255] interval. The value used will be constrained using % 256 in C:\Users\Pablo\Documents\GitHub\nine-screen-canvas-flow\vendor\phpseclib\phpseclib\phpseclib\Math\BigInteger\Engines\BCMath.php on line 157
[16-Mar-2026 09:14:01 UTC] PHP Deprecated:  chr(): Providing a value not in-between 0 and 255 is deprecated, this is because a byte value must be in the [0, 255] interval. The value used will be constrained using % 256 in C:\Users\Pablo\Documents\GitHub\nine-screen-canvas-flow\vendor\phpseclib\phpseclib\phpseclib\Math\BigInteger\Engines\BCMath.php on line 157
[16-Mar-2026 09:14:01 UTC] PHP Deprecated:  chr(): Providing a value not in-between 0 and 255 is deprecated, this is because a byte value must be in the [0, 255] interval. The value used will be constrained using % 256 in C:\Users\Pablo\Documents\GitHub\nine-screen-canvas-flow\vendor\phpseclib\phpseclib\phpseclib\Math\BigInteger\Engines\BCMath.php on line 157
[16-Mar-2026 09:14:01 UTC] PHP Deprecated:  chr(): Providing a value not in-between 0 and 255 is deprecated, this is because a byte value must be in the [0, 255] interval. The value used will be constrained using % 256 in C:\Users\Pablo\Documents\GitHub\nine-screen-canvas-flow\vendor\phpseclib\phpseclib\phpseclib\Math\BigInteger\Engines\BCMath.php on line 157
[16-Mar-2026 09:14:01 UTC] PHP Deprecated:  chr(): Providing a value not in-between 0 and 255 is deprecated, this is because a byte value must be in the [0, 255] interval. The value used will be constrained using % 256 in C:\Users\Pablo\Documents\GitHub\nine-screen-canvas-flow\vendor\phpseclib\phpseclib\phpseclib\Math\BigInteger\Engines\BCMath.php on line 157
[16-Mar-2026 09:14:01 UTC] PHP Deprecated:  chr(): Providing a value not in-between 0 and 255 is deprecated, this is because a byte value must be in the [0, 255] interval. The value used will be constrained using % 256 in C:\Users\Pablo\Documents\GitHub\nine-screen-canvas-flow\vendor\phpseclib\phpseclib\phpseclib\Math\BigInteger\Engines\BCMath.php on line 157
[16-Mar-2026 09:14:01 UTC] PHP Deprecated:  chr(): Providing a value not in-between 0 and 255 is deprecated, this is because a byte value must be in the [0, 255] interval. The value used will be constrained using % 256 in C:\Users\Pablo\Documents\GitHub\nine-screen-canvas-flow\vendor\phpseclib\phpseclib\phpseclib\Math\BigInteger\Engines\BCMath.php on line 157
[16-Mar-2026 09:14:01 UTC] PHP Deprecated:  chr(): Providing a value not in-between 0 and 255 is deprecated, this is because a byte value must be in the [0, 255] interval. The value used will be constrained using % 256 in C:\Users\Pablo\Documents\GitHub\nine-screen-canvas-flow\vendor\phpseclib\phpseclib\phpseclib\Math\BigInteger\Engines\BCMath.php on line 157
[16-Mar-2026 09:14:01 UTC] PHP Deprecated:  chr(): Providing a value not in-between 0 and 255 is deprecated, this is because a byte value must be in the [0, 255] interval. The value used will be constrained using % 256 in C:\Users\Pablo\Documents\GitHub\nine-screen-canvas-flow\vendor\phpseclib\phpseclib\phpseclib\Math\BigInteger\Engines\BCMath.php on line 157
[16-Mar-2026 09:14:01 UTC] PHP Deprecated:  chr(): Providing a value not in-between 0 and 255 is deprecated, this is because a byte value must be in the [0, 255] interval. The value used will be constrained using % 256 in C:\Users\Pablo\Documents\GitHub\nine-screen-canvas-flow\vendor\phpseclib\phpseclib\phpseclib\Math\BigInteger\Engines\BCMath.php on line 157
[16-Mar-2026 09:14:01 UTC] PHP Deprecated:  chr(): Providing a value not in-between 0 and 255 is deprecated, this is because a byte value must be in the [0, 255] interval. The value used will be constrained using % 256 in C:\Users\Pablo\Documents\GitHub\nine-screen-canvas-flow\vendor\phpseclib\phpseclib\phpseclib\Math\BigInteger\Engines\BCMath.php on line 157
[16-Mar-2026 09:14:01 UTC] PHP Deprecated:  chr(): Providing a value not in-between 0 and 255 is deprecated, this is because a byte value must be in the [0, 255] interval. The value used will be constrained using % 256 in C:\Users\Pablo\Documents\GitHub\nine-screen-canvas-flow\vendor\phpseclib\phpseclib\phpseclib\Math\BigInteger\Engines\BCMath.php on line 157
[16-Mar-2026 09:14:01 UTC] PHP Deprecated:  chr(): Providing a value not in-between 0 and 255 is deprecated, this is because a byte value must be in the [0, 255] interval. The value used will be constrained using % 256 in C:\Users\Pablo\Documents\GitHub\nine-screen-canvas-flow\vendor\phpseclib\phpseclib\phpseclib\Math\BigInteger\Engines\BCMath.php on line 157
[16-Mar-2026 09:14:01 UTC] PHP Deprecated:  chr(): Providing a value not in-between 0 and 255 is deprecated, this is because a byte value must be in the [0, 255] interval. The value used will be constrained using % 256 in C:\Users\Pablo\Documents\GitHub\nine-screen-canvas-flow\vendor\phpseclib\phpseclib\phpseclib\Math\BigInteger\Engines\BCMath.php on line 157
[16-Mar-2026 09:14:01 UTC] PHP Deprecated:  chr(): Providing a value not in-between 0 and 255 is deprecated, this is because a byte value must be in the [0, 255] interval. The value used will be constrained using % 256 in C:\Users\Pablo\Documents\GitHub\nine-screen-canvas-flow\vendor\phpseclib\phpseclib\phpseclib\Math\BigInteger\Engines\BCMath.php on line 157
[16-Mar-2026 09:14:01 UTC] PHP Deprecated:  chr(): Providing a value not in-between 0 and 255 is deprecated, this is because a byte value must be in the [0, 255] interval. The value used will be constrained using % 256 in C:\Users\Pablo\Documents\GitHub\nine-screen-canvas-flow\vendor\phpseclib\phpseclib\phpseclib\Math\BigInteger\Engines\BCMath.php on line 157
[16-Mar-2026 09:14:01 UTC] PHP Deprecated:  chr(): Providing a value not in-between 0 and 255 is deprecated, this is because a byte value must be in the [0, 255] interval. The value used will be constrained using % 256 in C:\Users\Pablo\Documents\GitHub\nine-screen-canvas-flow\vendor\phpseclib\phpseclib\phpseclib\Math\BigInteger\Engines\BCMath.php on line 157
[16-Mar-2026 09:14:01 UTC] PHP Deprecated:  chr(): Providing a value not in-between 0 and 255 is deprecated, this is because a byte value must be in the [0, 255] interval. The value used will be constrained using % 256 in C:\Users\Pablo\Documents\GitHub\nine-screen-canvas-flow\vendor\phpseclib\phpseclib\phpseclib\Math\BigInteger\Engines\BCMath.php on line 157
[16-Mar-2026 09:14:01 UTC] PHP Deprecated:  chr(): Providing a value not in-between 0 and 255 is deprecated, this is because a byte value must be in the [0, 255] interval. The value used will be constrained using % 256 in C:\Users\Pablo\Documents\GitHub\nine-screen-canvas-flow\vendor\phpseclib\phpseclib\phpseclib\Math\BigInteger\Engines\BCMath.php on line 157
[16-Mar-2026 09:14:01 UTC] PHP Deprecated:  chr(): Providing a value not in-between 0 and 255 is deprecated, this is because a byte value must be in the [0, 255] interval. The value used will be constrained using % 256 in C:\Users\Pablo\Documents\GitHub\nine-screen-canvas-flow\vendor\phpseclib\phpseclib\phpseclib\Math\BigInteger\Engines\BCMath.php on line 157
[16-Mar-2026 09:14:01 UTC] PHP Deprecated:  chr(): Providing a value not in-between 0 and 255 is deprecated, this is because a byte value must be in the [0, 255] interval. The value used will be constrained using % 256 in C:\Users\Pablo\Documents\GitHub\nine-screen-canvas-flow\vendor\phpseclib\phpseclib\phpseclib\Math\BigInteger\Engines\BCMath.php on line 157
[16-Mar-2026 09:14:01 UTC] PHP Deprecated:  chr(): Providing a value not in-between 0 and 255 is deprecated, this is because a byte value must be in the [0, 255] interval. The value used will be constrained using % 256 in C:\Users\Pablo\Documents\GitHub\nine-screen-canvas-flow\vendor\phpseclib\phpseclib\phpseclib\Math\BigInteger\Engines\BCMath.php on line 157
[16-Mar-2026 09:14:01 UTC] PHP Deprecated:  chr(): Providing a value not in-between 0 and 255 is deprecated, this is because a byte value must be in the [0, 255] interval. The value used will be constrained using % 256 in C:\Users\Pablo\Documents\GitHub\nine-screen-canvas-flow\vendor\phpseclib\phpseclib\phpseclib\Math\BigInteger\Engines\BCMath.php on line 157
[16-Mar-2026 09:14:01 UTC] PHP Deprecated:  chr(): Providing a value not in-between 0 and 255 is deprecated, this is because a byte value must be in the [0, 255] interval. The value used will be constrained using % 256 in C:\Users\Pablo\Documents\GitHub\nine-screen-canvas-flow\vendor\phpseclib\phpseclib\phpseclib\Math\BigInteger\Engines\BCMath.php on line 157
[16-Mar-2026 09:14:01 UTC] PHP Deprecated:  chr(): Providing a value not in-between 0 and 255 is deprecated, this is because a byte value must be in the [0, 255] interval. The value used will be constrained using % 256 in C:\Users\Pablo\Documents\GitHub\nine-screen-canvas-flow\vendor\phpseclib\phpseclib\phpseclib\Math\BigInteger\Engines\BCMath.php on line 157
[16-Mar-2026 09:14:01 UTC] PHP Deprecated:  chr(): Providing a value not in-between 0 and 255 is deprecated, this is because a byte value must be in the [0, 255] interval. The value used will be constrained using % 256 in C:\Users\Pablo\Documents\GitHub\nine-screen-canvas-flow\vendor\phpseclib\phpseclib\phpseclib\Math\BigInteger\Engines\BCMath.php on line 157
[16-Mar-2026 09:14:01 UTC] PHP Deprecated:  chr(): Providing a value not in-between 0 and 255 is deprecated, this is because a byte value must be in the [0, 255] interval. The value used will be constrained using % 256 in C:\Users\Pablo\Documents\GitHub\nine-screen-canvas-flow\vendor\phpseclib\phpseclib\phpseclib\Math\BigInteger\Engines\BCMath.php on line 157
[16-Mar-2026 09:14:01 UTC] PHP Deprecated:  chr(): Providing a value not in-between 0 and 255 is deprecated, this is because a byte value must be in the [0, 255] interval. The value used will be constrained using % 256 in C:\Users\Pablo\Documents\GitHub\nine-screen-canvas-flow\vendor\phpseclib\phpseclib\phpseclib\Math\BigInteger\Engines\BCMath.php on line 157
[16-Mar-2026 09:14:01 UTC] PHP Deprecated:  chr(): Providing a value not in-between 0 and 255 is deprecated, this is because a byte value must be in the [0, 255] interval. The value used will be constrained using % 256 in C:\Users\Pablo\Documents\GitHub\nine-screen-canvas-flow\vendor\phpseclib\phpseclib\phpseclib\Math\BigInteger\Engines\BCMath.php on line 157
[16-Mar-2026 09:14:01 UTC] PHP Deprecated:  chr(): Providing a value not in-between 0 and 255 is deprecated, this is because a byte value must be in the [0, 255] interval. The value used will be constrained using % 256 in C:\Users\Pablo\Documents\GitHub\nine-screen-canvas-flow\vendor\phpseclib\phpseclib\phpseclib\Math\BigInteger\Engines\BCMath.php on line 157
[16-Mar-2026 09:14:01 UTC] PHP Deprecated:  chr(): Providing a value not in-between 0 and 255 is deprecated, this is because a byte value must be in the [0, 255] interval. The value used will be constrained using % 256 in C:\Users\Pablo\Documents\GitHub\nine-screen-canvas-flow\vendor\phpseclib\phpseclib\phpseclib\Math\BigInteger\Engines\BCMath.php on line 157
[16-Mar-2026 09:14:01 UTC] PHP Deprecated:  chr(): Providing a value not in-between 0 and 255 is deprecated, this is because a byte value must be in the [0, 255] interval. The value used will be constrained using % 256 in C:\Users\Pablo\Documents\GitHub\nine-screen-canvas-flow\vendor\phpseclib\phpseclib\phpseclib\Math\BigInteger\Engines\BCMath.php on line 157
[16-Mar-2026 09:14:01 UTC] PHP Deprecated:  chr(): Providing a value not in-between 0 and 255 is deprecated, this is because a byte value must be in the [0, 255] interval. The value used will be constrained using % 256 in C:\Users\Pablo\Documents\GitHub\nine-screen-canvas-flow\vendor\phpseclib\phpseclib\phpseclib\Math\BigInteger\Engines\BCMath.php on line 157
[16-Mar-2026 09:14:01 UTC] PHP Deprecated:  chr(): Providing a value not in-between 0 and 255 is deprecated, this is because a byte value must be in the [0, 255] interval. The value used will be constrained using % 256 in C:\Users\Pablo\Documents\GitHub\nine-screen-canvas-flow\vendor\phpseclib\phpseclib\phpseclib\Math\BigInteger\Engines\BCMath.php on line 157
[16-Mar-2026 09:14:01 UTC] PHP Deprecated:  chr(): Providing a value not in-between 0 and 255 is deprecated, this is because a byte value must be in the [0, 255] interval. The value used will be constrained using % 256 in C:\Users\Pablo\Documents\GitHub\nine-screen-canvas-flow\vendor\phpseclib\phpseclib\phpseclib\Math\BigInteger\Engines\BCMath.php on line 157
[16-Mar-2026 09:14:01 UTC] PHP Deprecated:  chr(): Providing a value not in-between 0 and 255 is deprecated, this is because a byte value must be in the [0, 255] interval. The value used will be constrained using % 256 in C:\Users\Pablo\Documents\GitHub\nine-screen-canvas-flow\vendor\phpseclib\phpseclib\phpseclib\Math\BigInteger\Engines\BCMath.php on line 157
[16-Mar-2026 09:14:01 UTC] PHP Deprecated:  chr(): Providing a value not in-between 0 and 255 is deprecated, this is because a byte value must be in the [0, 255] interval. The value used will be constrained using % 256 in C:\Users\Pablo\Documents\GitHub\nine-screen-canvas-flow\vendor\phpseclib\phpseclib\phpseclib\Math\BigInteger\Engines\BCMath.php on line 157
[16-Mar-2026 09:14:01 UTC] PHP Deprecated:  chr(): Providing a value not in-between 0 and 255 is deprecated, this is because a byte value must be in the [0, 255] interval. The value used will be constrained using % 256 in C:\Users\Pablo\Documents\GitHub\nine-screen-canvas-flow\vendor\phpseclib\phpseclib\phpseclib\Math\BigInteger\Engines\BCMath.php on line 157
[16-Mar-2026 09:14:01 UTC] PHP Deprecated:  chr(): Providing a value not in-between 0 and 255 is deprecated, this is because a byte value must be in the [0, 255] interval. The value used will be constrained using % 256 in C:\Users\Pablo\Documents\GitHub\nine-screen-canvas-flow\vendor\phpseclib\phpseclib\phpseclib\Math\BigInteger\Engines\BCMath.php on line 157
[16-Mar-2026 09:14:01 UTC] PHP Deprecated:  chr(): Providing a value not in-between 0 and 255 is deprecated, this is because a byte value must be in the [0, 255] interval. The value used will be constrained using % 256 in C:\Users\Pablo\Documents\GitHub\nine-screen-canvas-flow\vendor\phpseclib\phpseclib\phpseclib\Math\BigInteger\Engines\BCMath.php on line 157
[16-Mar-2026 09:14:01 UTC] PHP Deprecated:  chr(): Providing a value not in-between 0 and 255 is deprecated, this is because a byte value must be in the [0, 255] interval. The value used will be constrained using % 256 in C:\Users\Pablo\Documents\GitHub\nine-screen-canvas-flow\vendor\phpseclib\phpseclib\phpseclib\Math\BigInteger\Engines\BCMath.php on line 157
[16-Mar-2026 09:14:01 UTC] PHP Deprecated:  chr(): Providing a value not in-between 0 and 255 is deprecated, this is because a byte value must be in the [0, 255] interval. The value used will be constrained using % 256 in C:\Users\Pablo\Documents\GitHub\nine-screen-canvas-flow\vendor\phpseclib\phpseclib\phpseclib\Math\BigInteger\Engines\BCMath.php on line 157
[16-Mar-2026 09:14:01 UTC] PHP Deprecated:  chr(): Providing a value not in-between 0 and 255 is deprecated, this is because a byte value must be in the [0, 255] interval. The value used will be constrained using % 256 in C:\Users\Pablo\Documents\GitHub\nine-screen-canvas-flow\vendor\phpseclib\phpseclib\phpseclib\Math\BigInteger\Engines\BCMath.php on line 157
[16-Mar-2026 09:14:01 UTC] PHP Deprecated:  chr(): Providing a value not in-between 0 and 255 is deprecated, this is because a byte value must be in the [0, 255] interval. The value used will be constrained using % 256 in C:\Users\Pablo\Documents\GitHub\nine-screen-canvas-flow\vendor\phpseclib\phpseclib\phpseclib\Math\BigInteger\Engines\BCMath.php on line 157
[16-Mar-2026 09:14:01 UTC] PHP Deprecated:  chr(): Providing a value not in-between 0 and 255 is deprecated, this is because a byte value must be in the [0, 255] interval. The value used will be constrained using % 256 in C:\Users\Pablo\Documents\GitHub\nine-screen-canvas-flow\vendor\phpseclib\phpseclib\phpseclib\Math\BigInteger\Engines\BCMath.php on line 157
[16-Mar-2026 09:14:01 UTC] PHP Deprecated:  chr(): Providing a value not in-between 0 and 255 is deprecated, this is because a byte value must be in the [0, 255] interval. The value used will be constrained using % 256 in C:\Users\Pablo\Documents\GitHub\nine-screen-canvas-flow\vendor\phpseclib\phpseclib\phpseclib\Math\BigInteger\Engines\BCMath.php on line 157
[16-Mar-2026 09:14:01 UTC] PHP Deprecated:  chr(): Providing a value not in-between 0 and 255 is deprecated, this is because a byte value must be in the [0, 255] interval. The value used will be constrained using % 256 in C:\Users\Pablo\Documents\GitHub\nine-screen-canvas-flow\vendor\phpseclib\phpseclib\phpseclib\Math\BigInteger\Engines\BCMath.php on line 157
[16-Mar-2026 09:14:01 UTC] PHP Deprecated:  chr(): Providing a value not in-between 0 and 255 is deprecated, this is because a byte value must be in the [0, 255] interval. The value used will be constrained using % 256 in C:\Users\Pablo\Documents\GitHub\nine-screen-canvas-flow\vendor\phpseclib\phpseclib\phpseclib\Math\BigInteger\Engines\BCMath.php on line 157
[16-Mar-2026 09:14:01 UTC] PHP Deprecated:  chr(): Providing a value not in-between 0 and 255 is deprecated, this is because a byte value must be in the [0, 255] interval. The value used will be constrained using % 256 in C:\Users\Pablo\Documents\GitHub\nine-screen-canvas-flow\vendor\phpseclib\phpseclib\phpseclib\Math\BigInteger\Engines\BCMath.php on line 157
[16-Mar-2026 09:14:01 UTC] PHP Deprecated:  chr(): Providing a value not in-between 0 and 255 is deprecated, this is because a byte value must be in the [0, 255] interval. The value used will be constrained using % 256 in C:\Users\Pablo\Documents\GitHub\nine-screen-canvas-flow\vendor\phpseclib\phpseclib\phpseclib\Math\BigInteger\Engines\BCMath.php on line 157
[16-Mar-2026 09:14:01 UTC] PHP Deprecated:  chr(): Providing a value not in-between 0 and 255 is deprecated, this is because a byte value must be in the [0, 255] interval. The value used will be constrained using % 256 in C:\Users\Pablo\Documents\GitHub\nine-screen-canvas-flow\vendor\phpseclib\phpseclib\phpseclib\Math\BigInteger\Engines\BCMath.php on line 157
[16-Mar-2026 09:14:01 UTC] PHP Deprecated:  chr(): Providing a value not in-between 0 and 255 is deprecated, this is because a byte value must be in the [0, 255] interval. The value used will be constrained using % 256 in C:\Users\Pablo\Documents\GitHub\nine-screen-canvas-flow\vendor\phpseclib\phpseclib\phpseclib\Math\BigInteger\Engines\BCMath.php on line 157
[16-Mar-2026 09:14:01 UTC] PHP Deprecated:  chr(): Providing a value not in-between 0 and 255 is deprecated, this is because a byte value must be in the [0, 255] interval. The value used will be constrained using % 256 in C:\Users\Pablo\Documents\GitHub\nine-screen-canvas-flow\vendor\phpseclib\phpseclib\phpseclib\Math\BigInteger\Engines\BCMath.php on line 157
[16-Mar-2026 09:14:01 UTC] PHP Deprecated:  chr(): Providing a value not in-between 0 and 255 is deprecated, this is because a byte value must be in the [0, 255] interval. The value used will be constrained using % 256 in C:\Users\Pablo\Documents\GitHub\nine-screen-canvas-flow\vendor\phpseclib\phpseclib\phpseclib\Math\BigInteger\Engines\BCMath.php on line 157
[16-Mar-2026 09:14:01 UTC] PHP Deprecated:  chr(): Providing a value not in-between 0 and 255 is deprecated, this is because a byte value must be in the [0, 255] interval. The value used will be constrained using % 256 in C:\Users\Pablo\Documents\GitHub\nine-screen-canvas-flow\vendor\phpseclib\phpseclib\phpseclib\Math\BigInteger\Engines\BCMath.php on line 157
[16-Mar-2026 09:14:01 UTC] PHP Deprecated:  chr(): Providing a value not in-between 0 and 255 is deprecated, this is because a byte value must be in the [0, 255] interval. The value used will be constrained using % 256 in C:\Users\Pablo\Documents\GitHub\nine-screen-canvas-flow\vendor\phpseclib\phpseclib\phpseclib\Math\BigInteger\Engines\BCMath.php on line 157
[16-Mar-2026 09:14:01 UTC] PHP Deprecated:  chr(): Providing a value not in-between 0 and 255 is deprecated, this is because a byte value must be in the [0, 255] interval. The value used will be constrained using % 256 in C:\Users\Pablo\Documents\GitHub\nine-screen-canvas-flow\vendor\phpseclib\phpseclib\phpseclib\Math\BigInteger\Engines\BCMath.php on line 157
[16-Mar-2026 09:14:01 UTC] PHP Deprecated:  chr(): Providing a value not in-between 0 and 255 is deprecated, this is because a byte value must be in the [0, 255] interval. The value used will be constrained using % 256 in C:\Users\Pablo\Documents\GitHub\nine-screen-canvas-flow\vendor\phpseclib\phpseclib\phpseclib\Math\BigInteger\Engines\BCMath.php on line 157
[16-Mar-2026 09:14:01 UTC] PHP Deprecated:  chr(): Providing a value not in-between 0 and 255 is deprecated, this is because a byte value must be in the [0, 255] interval. The value used will be constrained using % 256 in C:\Users\Pablo\Documents\GitHub\nine-screen-canvas-flow\vendor\phpseclib\phpseclib\phpseclib\Math\BigInteger\Engines\BCMath.php on line 157
[16-Mar-2026 09:14:01 UTC] PHP Deprecated:  chr(): Providing a value not in-between 0 and 255 is deprecated, this is because a byte value must be in the [0, 255] interval. The value used will be constrained using % 256 in C:\Users\Pablo\Documents\GitHub\nine-screen-canvas-flow\vendor\phpseclib\phpseclib\phpseclib\Math\BigInteger\Engines\BCMath.php on line 157
[16-Mar-2026 09:14:01 UTC] PHP Deprecated:  chr(): Providing a value not in-between 0 and 255 is deprecated, this is because a byte value must be in the [0, 255] interval. The value used will be constrained using % 256 in C:\Users\Pablo\Documents\GitHub\nine-screen-canvas-flow\vendor\phpseclib\phpseclib\phpseclib\Math\BigInteger\Engines\BCMath.php on line 157
[16-Mar-2026 09:14:01 UTC] PHP Deprecated:  chr(): Providing a value not in-between 0 and 255 is deprecated, this is because a byte value must be in the [0, 255] interval. The value used will be constrained using % 256 in C:\Users\Pablo\Documents\GitHub\nine-screen-canvas-flow\vendor\phpseclib\phpseclib\phpseclib\Math\BigInteger\Engines\BCMath.php on line 157
[16-Mar-2026 09:14:01 UTC] PHP Deprecated:  chr(): Providing a value not in-between 0 and 255 is deprecated, this is because a byte value must be in the [0, 255] interval. The value used will be constrained using % 256 in C:\Users\Pablo\Documents\GitHub\nine-screen-canvas-flow\vendor\phpseclib\phpseclib\phpseclib\Math\BigInteger\Engines\BCMath.php on line 157
[16-Mar-2026 09:14:01 UTC] PHP Deprecated:  chr(): Providing a value not in-between 0 and 255 is deprecated, this is because a byte value must be in the [0, 255] interval. The value used will be constrained using % 256 in C:\Users\Pablo\Documents\GitHub\nine-screen-canvas-flow\vendor\phpseclib\phpseclib\phpseclib\Math\BigInteger\Engines\BCMath.php on line 157
[16-Mar-2026 09:14:01 UTC] PHP Deprecated:  chr(): Providing a value not in-between 0 and 255 is deprecated, this is because a byte value must be in the [0, 255] interval. The value used will be constrained using % 256 in C:\Users\Pablo\Documents\GitHub\nine-screen-canvas-flow\vendor\phpseclib\phpseclib\phpseclib\Math\BigInteger\Engines\BCMath.php on line 157
[16-Mar-2026 09:14:01 UTC] PHP Deprecated:  chr(): Providing a value not in-between 0 and 255 is deprecated, this is because a byte value must be in the [0, 255] interval. The value used will be constrained using % 256 in C:\Users\Pablo\Documents\GitHub\nine-screen-canvas-flow\vendor\phpseclib\phpseclib\phpseclib\Math\BigInteger\Engines\BCMath.php on line 157
[16-Mar-2026 09:14:01 UTC] PHP Deprecated:  chr(): Providing a value not in-between 0 and 255 is deprecated, this is because a byte value must be in the [0, 255] interval. The value used will be constrained using % 256 in C:\Users\Pablo\Documents\GitHub\nine-screen-canvas-flow\vendor\phpseclib\phpseclib\phpseclib\Math\BigInteger\Engines\BCMath.php on line 157
[16-Mar-2026 09:14:01 UTC] PHP Deprecated:  chr(): Providing a value not in-between 0 and 255 is deprecated, this is because a byte value must be in the [0, 255] interval. The value used will be constrained using % 256 in C:\Users\Pablo\Documents\GitHub\nine-screen-canvas-flow\vendor\phpseclib\phpseclib\phpseclib\Math\BigInteger\Engines\BCMath.php on line 157
[16-Mar-2026 09:14:01 UTC] PHP Deprecated:  chr(): Providing a value not in-between 0 and 255 is deprecated, this is because a byte value must be in the [0, 255] interval. The value used will be constrained using % 256 in C:\Users\Pablo\Documents\GitHub\nine-screen-canvas-flow\vendor\phpseclib\phpseclib\phpseclib\Math\BigInteger\Engines\BCMath.php on line 157
[16-Mar-2026 09:14:01 UTC] PHP Deprecated:  chr(): Providing a value not in-between 0 and 255 is deprecated, this is because a byte value must be in the [0, 255] interval. The value used will be constrained using % 256 in C:\Users\Pablo\Documents\GitHub\nine-screen-canvas-flow\vendor\phpseclib\phpseclib\phpseclib\Math\BigInteger\Engines\BCMath.php on line 157
[16-Mar-2026 09:14:01 UTC] PHP Deprecated:  chr(): Providing a value not in-between 0 and 255 is deprecated, this is because a byte value must be in the [0, 255] interval. The value used will be constrained using % 256 in C:\Users\Pablo\Documents\GitHub\nine-screen-canvas-flow\vendor\phpseclib\phpseclib\phpseclib\Math\BigInteger\Engines\BCMath.php on line 157
[16-Mar-2026 09:14:01 UTC] PHP Deprecated:  chr(): Providing a value not in-between 0 and 255 is deprecated, this is because a byte value must be in the [0, 255] interval. The value used will be constrained using % 256 in C:\Users\Pablo\Documents\GitHub\nine-screen-canvas-flow\vendor\phpseclib\phpseclib\phpseclib\Math\BigInteger\Engines\BCMath.php on line 157
[16-Mar-2026 09:14:01 UTC] PHP Deprecated:  chr(): Providing a value not in-between 0 and 255 is deprecated, this is because a byte value must be in the [0, 255] interval. The value used will be constrained using % 256 in C:\Users\Pablo\Documents\GitHub\nine-screen-canvas-flow\vendor\phpseclib\phpseclib\phpseclib\Math\BigInteger\Engines\BCMath.php on line 157
[16-Mar-2026 09:14:01 UTC] PHP Deprecated:  chr(): Providing a value not in-between 0 and 255 is deprecated, this is because a byte value must be in the [0, 255] interval. The value used will be constrained using % 256 in C:\Users\Pablo\Documents\GitHub\nine-screen-canvas-flow\vendor\phpseclib\phpseclib\phpseclib\Math\BigInteger\Engines\BCMath.php on line 157
[16-Mar-2026 09:14:01 UTC] PHP Deprecated:  chr(): Providing a value not in-between 0 and 255 is deprecated, this is because a byte value must be in the [0, 255] interval. The value used will be constrained using % 256 in C:\Users\Pablo\Documents\GitHub\nine-screen-canvas-flow\vendor\phpseclib\phpseclib\phpseclib\Math\BigInteger\Engines\BCMath.php on line 157
[16-Mar-2026 09:14:01 UTC] PHP Deprecated:  chr(): Providing a value not in-between 0 and 255 is deprecated, this is because a byte value must be in the [0, 255] interval. The value used will be constrained using % 256 in C:\Users\Pablo\Documents\GitHub\nine-screen-canvas-flow\vendor\phpseclib\phpseclib\phpseclib\Math\BigInteger\Engines\BCMath.php on line 157
[16-Mar-2026 09:14:01 UTC] PHP Deprecated:  chr(): Providing a value not in-between 0 and 255 is deprecated, this is because a byte value must be in the [0, 255] interval. The value used will be constrained using % 256 in C:\Users\Pablo\Documents\GitHub\nine-screen-canvas-flow\vendor\phpseclib\phpseclib\phpseclib\Math\BigInteger\Engines\BCMath.php on line 157
[16-Mar-2026 09:14:01 UTC] PHP Deprecated:  chr(): Providing a value not in-between 0 and 255 is deprecated, this is because a byte value must be in the [0, 255] interval. The value used will be constrained using % 256 in C:\Users\Pablo\Documents\GitHub\nine-screen-canvas-flow\vendor\phpseclib\phpseclib\phpseclib\Math\BigInteger\Engines\BCMath.php on line 157
[16-Mar-2026 09:14:01 UTC] PHP Deprecated:  chr(): Providing a value not in-between 0 and 255 is deprecated, this is because a byte value must be in the [0, 255] interval. The value used will be constrained using % 256 in C:\Users\Pablo\Documents\GitHub\nine-screen-canvas-flow\vendor\phpseclib\phpseclib\phpseclib\Math\BigInteger\Engines\BCMath.php on line 157
[16-Mar-2026 09:14:01 UTC] PHP Deprecated:  chr(): Providing a value not in-between 0 and 255 is deprecated, this is because a byte value must be in the [0, 255] interval. The value used will be constrained using % 256 in C:\Users\Pablo\Documents\GitHub\nine-screen-canvas-flow\vendor\phpseclib\phpseclib\phpseclib\Math\BigInteger\Engines\BCMath.php on line 157
[16-Mar-2026 09:14:01 UTC] PHP Deprecated:  chr(): Providing a value not in-between 0 and 255 is deprecated, this is because a byte value must be in the [0, 255] interval. The value used will be constrained using % 256 in C:\Users\Pablo\Documents\GitHub\nine-screen-canvas-flow\vendor\phpseclib\phpseclib\phpseclib\Math\BigInteger\Engines\BCMath.php on line 157
[16-Mar-2026 09:14:01 UTC] PHP Deprecated:  chr(): Providing a value not in-between 0 and 255 is deprecated, this is because a byte value must be in the [0, 255] interval. The value used will be constrained using % 256 in C:\Users\Pablo\Documents\GitHub\nine-screen-canvas-flow\vendor\phpseclib\phpseclib\phpseclib\Math\BigInteger\Engines\BCMath.php on line 157
[16-Mar-2026 09:14:01 UTC] PHP Deprecated:  chr(): Providing a value not in-between 0 and 255 is deprecated, this is because a byte value must be in the [0, 255] interval. The value used will be constrained using % 256 in C:\Users\Pablo\Documents\GitHub\nine-screen-canvas-flow\vendor\phpseclib\phpseclib\phpseclib\Math\BigInteger\Engines\BCMath.php on line 157
[16-Mar-2026 09:14:01 UTC] PHP Deprecated:  chr(): Providing a value not in-between 0 and 255 is deprecated, this is because a byte value must be in the [0, 255] interval. The value used will be constrained using % 256 in C:\Users\Pablo\Documents\GitHub\nine-screen-canvas-flow\vendor\phpseclib\phpseclib\phpseclib\Math\BigInteger\Engines\BCMath.php on line 157
[16-Mar-2026 09:14:01 UTC] PHP Deprecated:  chr(): Providing a value not in-between 0 and 255 is deprecated, this is because a byte value must be in the [0, 255] interval. The value used will be constrained using % 256 in C:\Users\Pablo\Documents\GitHub\nine-screen-canvas-flow\vendor\phpseclib\phpseclib\phpseclib\Math\BigInteger\Engines\BCMath.php on line 157
[16-Mar-2026 09:14:01 UTC] PHP Deprecated:  chr(): Providing a value not in-between 0 and 255 is deprecated, this is because a byte value must be in the [0, 255] interval. The value used will be constrained using % 256 in C:\Users\Pablo\Documents\GitHub\nine-screen-canvas-flow\vendor\phpseclib\phpseclib\phpseclib\Math\BigInteger\Engines\BCMath.php on line 157
[16-Mar-2026 09:14:01 UTC] PHP Deprecated:  chr(): Providing a value not in-between 0 and 255 is deprecated, this is because a byte value must be in the [0, 255] interval. The value used will be constrained using % 256 in C:\Users\Pablo\Documents\GitHub\nine-screen-canvas-flow\vendor\phpseclib\phpseclib\phpseclib\Math\BigInteger\Engines\BCMath.php on line 157
[16-Mar-2026 09:14:01 UTC] PHP Deprecated:  chr(): Providing a value not in-between 0 and 255 is deprecated, this is because a byte value must be in the [0, 255] interval. The value used will be constrained using % 256 in C:\Users\Pablo\Documents\GitHub\nine-screen-canvas-flow\vendor\phpseclib\phpseclib\phpseclib\Math\BigInteger\Engines\BCMath.php on line 157
[16-Mar-2026 09:14:01 UTC] PHP Deprecated:  chr(): Providing a value not in-between 0 and 255 is deprecated, this is because a byte value must be in the [0, 255] interval. The value used will be constrained using % 256 in C:\Users\Pablo\Documents\GitHub\nine-screen-canvas-flow\vendor\phpseclib\phpseclib\phpseclib\Math\BigInteger\Engines\BCMath.php on line 157
[16-Mar-2026 09:14:01 UTC] PHP Deprecated:  chr(): Providing a value not in-between 0 and 255 is deprecated, this is because a byte value must be in the [0, 255] interval. The value used will be constrained using % 256 in C:\Users\Pablo\Documents\GitHub\nine-screen-canvas-flow\vendor\phpseclib\phpseclib\phpseclib\Math\BigInteger\Engines\BCMath.php on line 157
[16-Mar-2026 09:14:01 UTC] PHP Deprecated:  chr(): Providing a value not in-between 0 and 255 is deprecated, this is because a byte value must be in the [0, 255] interval. The value used will be constrained using % 256 in C:\Users\Pablo\Documents\GitHub\nine-screen-canvas-flow\vendor\phpseclib\phpseclib\phpseclib\Math\BigInteger\Engines\BCMath.php on line 157
[16-Mar-2026 09:14:01 UTC] PHP Deprecated:  chr(): Providing a value not in-between 0 and 255 is deprecated, this is because a byte value must be in the [0, 255] interval. The value used will be constrained using % 256 in C:\Users\Pablo\Documents\GitHub\nine-screen-canvas-flow\vendor\phpseclib\phpseclib\phpseclib\Math\BigInteger\Engines\BCMath.php on line 157
[16-Mar-2026 09:14:01 UTC] PHP Deprecated:  chr(): Providing a value not in-between 0 and 255 is deprecated, this is because a byte value must be in the [0, 255] interval. The value used will be constrained using % 256 in C:\Users\Pablo\Documents\GitHub\nine-screen-canvas-flow\vendor\phpseclib\phpseclib\phpseclib\Math\BigInteger\Engines\BCMath.php on line 157
[16-Mar-2026 09:14:01 UTC] PHP Deprecated:  chr(): Providing a value not in-between 0 and 255 is deprecated, this is because a byte value must be in the [0, 255] interval. The value used will be constrained using % 256 in C:\Users\Pablo\Documents\GitHub\nine-screen-canvas-flow\vendor\phpseclib\phpseclib\phpseclib\Math\BigInteger\Engines\BCMath.php on line 157
[16-Mar-2026 09:14:01 UTC] PHP Deprecated:  chr(): Providing a value not in-between 0 and 255 is deprecated, this is because a byte value must be in the [0, 255] interval. The value used will be constrained using % 256 in C:\Users\Pablo\Documents\GitHub\nine-screen-canvas-flow\vendor\phpseclib\phpseclib\phpseclib\Math\BigInteger\Engines\BCMath.php on line 157
[16-Mar-2026 09:14:01 UTC] PHP Deprecated:  chr(): Providing a value not in-between 0 and 255 is deprecated, this is because a byte value must be in the [0, 255] interval. The value used will be constrained using % 256 in C:\Users\Pablo\Documents\GitHub\nine-screen-canvas-flow\vendor\phpseclib\phpseclib\phpseclib\Math\BigInteger\Engines\BCMath.php on line 157
[16-Mar-2026 09:14:01 UTC] PHP Deprecated:  chr(): Providing a value not in-between 0 and 255 is deprecated, this is because a byte value must be in the [0, 255] interval. The value used will be constrained using % 256 in C:\Users\Pablo\Documents\GitHub\nine-screen-canvas-flow\vendor\phpseclib\phpseclib\phpseclib\Math\BigInteger\Engines\BCMath.php on line 157
[16-Mar-2026 09:14:01 UTC] PHP Deprecated:  chr(): Providing a value not in-between 0 and 255 is deprecated, this is because a byte value must be in the [0, 255] interval. The value used will be constrained using % 256 in C:\Users\Pablo\Documents\GitHub\nine-screen-canvas-flow\vendor\phpseclib\phpseclib\phpseclib\Math\BigInteger\Engines\BCMath.php on line 157
[16-Mar-2026 09:14:01 UTC] PHP Deprecated:  chr(): Providing a value not in-between 0 and 255 is deprecated, this is because a byte value must be in the [0, 255] interval. The value used will be constrained using % 256 in C:\Users\Pablo\Documents\GitHub\nine-screen-canvas-flow\vendor\phpseclib\phpseclib\phpseclib\Math\BigInteger\Engines\BCMath.php on line 157
[16-Mar-2026 09:14:01 UTC] PHP Deprecated:  chr(): Providing a value not in-between 0 and 255 is deprecated, this is because a byte value must be in the [0, 255] interval. The value used will be constrained using % 256 in C:\Users\Pablo\Documents\GitHub\nine-screen-canvas-flow\vendor\phpseclib\phpseclib\phpseclib\Math\BigInteger\Engines\BCMath.php on line 157
[16-Mar-2026 09:14:01 UTC] PHP Deprecated:  chr(): Providing a value not in-between 0 and 255 is deprecated, this is because a byte value must be in the [0, 255] interval. The value used will be constrained using % 256 in C:\Users\Pablo\Documents\GitHub\nine-screen-canvas-flow\vendor\phpseclib\phpseclib\phpseclib\Math\BigInteger\Engines\BCMath.php on line 157
[16-Mar-2026 09:14:01 UTC] PHP Deprecated:  chr(): Providing a value not in-between 0 and 255 is deprecated, this is because a byte value must be in the [0, 255] interval. The value used will be constrained using % 256 in C:\Users\Pablo\Documents\GitHub\nine-screen-canvas-flow\vendor\phpseclib\phpseclib\phpseclib\Math\BigInteger\Engines\BCMath.php on line 157
[16-Mar-2026 09:14:01 UTC] PHP Deprecated:  chr(): Providing a value not in-between 0 and 255 is deprecated, this is because a byte value must be in the [0, 255] interval. The value used will be constrained using % 256 in C:\Users\Pablo\Documents\GitHub\nine-screen-canvas-flow\vendor\phpseclib\phpseclib\phpseclib\Math\BigInteger\Engines\BCMath.php on line 157
[16-Mar-2026 09:14:01 UTC] PHP Deprecated:  chr(): Providing a value not in-between 0 and 255 is deprecated, this is because a byte value must be in the [0, 255] interval. The value used will be constrained using % 256 in C:\Users\Pablo\Documents\GitHub\nine-screen-canvas-flow\vendor\phpseclib\phpseclib\phpseclib\Math\BigInteger\Engines\BCMath.php on line 157
[16-Mar-2026 09:14:01 UTC] PHP Deprecated:  chr(): Providing a value not in-between 0 and 255 is deprecated, this is because a byte value must be in the [0, 255] interval. The value used will be constrained using % 256 in C:\Users\Pablo\Documents\GitHub\nine-screen-canvas-flow\vendor\phpseclib\phpseclib\phpseclib\Math\BigInteger\Engines\BCMath.php on line 157
[16-Mar-2026 09:14:01 UTC] PHP Deprecated:  chr(): Providing a value not in-between 0 and 255 is deprecated, this is because a byte value must be in the [0, 255] interval. The value used will be constrained using % 256 in C:\Users\Pablo\Documents\GitHub\nine-screen-canvas-flow\vendor\phpseclib\phpseclib\phpseclib\Math\BigInteger\Engines\BCMath.php on line 157
[16-Mar-2026 09:14:01 UTC] PHP Deprecated:  chr(): Providing a value not in-between 0 and 255 is deprecated, this is because a byte value must be in the [0, 255] interval. The value used will be constrained using % 256 in C:\Users\Pablo\Documents\GitHub\nine-screen-canvas-flow\vendor\phpseclib\phpseclib\phpseclib\Math\BigInteger\Engines\BCMath.php on line 157
[16-Mar-2026 09:14:01 UTC] PHP Deprecated:  chr(): Providing a value not in-between 0 and 255 is deprecated, this is because a byte value must be in the [0, 255] interval. The value used will be constrained using % 256 in C:\Users\Pablo\Documents\GitHub\nine-screen-canvas-flow\vendor\phpseclib\phpseclib\phpseclib\Math\BigInteger\Engines\BCMath.php on line 157
[16-Mar-2026 09:14:01 UTC] PHP Deprecated:  chr(): Providing a value not in-between 0 and 255 is deprecated, this is because a byte value must be in the [0, 255] interval. The value used will be constrained using % 256 in C:\Users\Pablo\Documents\GitHub\nine-screen-canvas-flow\vendor\phpseclib\phpseclib\phpseclib\Math\BigInteger\Engines\BCMath.php on line 157
[16-Mar-2026 09:14:01 UTC] PHP Deprecated:  chr(): Providing a value not in-between 0 and 255 is deprecated, this is because a byte value must be in the [0, 255] interval. The value used will be constrained using % 256 in C:\Users\Pablo\Documents\GitHub\nine-screen-canvas-flow\vendor\phpseclib\phpseclib\phpseclib\Math\BigInteger\Engines\BCMath.php on line 157
[16-Mar-2026 09:14:01 UTC] PHP Deprecated:  chr(): Providing a value not in-between 0 and 255 is deprecated, this is because a byte value must be in the [0, 255] interval. The value used will be constrained using % 256 in C:\Users\Pablo\Documents\GitHub\nine-screen-canvas-flow\vendor\phpseclib\phpseclib\phpseclib\Math\BigInteger\Engines\BCMath.php on line 157
[16-Mar-2026 09:14:01 UTC] PHP Deprecated:  chr(): Providing a value not in-between 0 and 255 is deprecated, this is because a byte value must be in the [0, 255] interval. The value used will be constrained using % 256 in C:\Users\Pablo\Documents\GitHub\nine-screen-canvas-flow\vendor\phpseclib\phpseclib\phpseclib\Math\BigInteger\Engines\BCMath.php on line 157
[16-Mar-2026 09:14:01 UTC] PHP Deprecated:  chr(): Providing a value not in-between 0 and 255 is deprecated, this is because a byte value must be in the [0, 255] interval. The value used will be constrained using % 256 in C:\Users\Pablo\Documents\GitHub\nine-screen-canvas-flow\vendor\phpseclib\phpseclib\phpseclib\Math\BigInteger\Engines\BCMath.php on line 157
[16-Mar-2026 09:14:01 UTC] PHP Deprecated:  chr(): Providing a value not in-between 0 and 255 is deprecated, this is because a byte value must be in the [0, 255] interval. The value used will be constrained using % 256 in C:\Users\Pablo\Documents\GitHub\nine-screen-canvas-flow\vendor\phpseclib\phpseclib\phpseclib\Math\BigInteger\Engines\BCMath.php on line 157
[16-Mar-2026 09:14:01 UTC] PHP Deprecated:  chr(): Providing a value not in-between 0 and 255 is deprecated, this is because a byte value must be in the [0, 255] interval. The value used will be constrained using % 256 in C:\Users\Pablo\Documents\GitHub\nine-screen-canvas-flow\vendor\phpseclib\phpseclib\phpseclib\Math\BigInteger\Engines\BCMath.php on line 157
[16-Mar-2026 09:14:01 UTC] PHP Deprecated:  chr(): Providing a value not in-between 0 and 255 is deprecated, this is because a byte value must be in the [0, 255] interval. The value used will be constrained using % 256 in C:\Users\Pablo\Documents\GitHub\nine-screen-canvas-flow\vendor\phpseclib\phpseclib\phpseclib\Math\BigInteger\Engines\BCMath.php on line 157
[16-Mar-2026 09:14:01 UTC] PHP Deprecated:  chr(): Providing a value not in-between 0 and 255 is deprecated, this is because a byte value must be in the [0, 255] interval. The value used will be constrained using % 256 in C:\Users\Pablo\Documents\GitHub\nine-screen-canvas-flow\vendor\phpseclib\phpseclib\phpseclib\Math\BigInteger\Engines\BCMath.php on line 157
[16-Mar-2026 09:14:01 UTC] PHP Deprecated:  chr(): Providing a value not in-between 0 and 255 is deprecated, this is because a byte value must be in the [0, 255] interval. The value used will be constrained using % 256 in C:\Users\Pablo\Documents\GitHub\nine-screen-canvas-flow\vendor\phpseclib\phpseclib\phpseclib\Math\BigInteger\Engines\BCMath.php on line 157
[16-Mar-2026 09:14:01 UTC] PHP Deprecated:  chr(): Providing a value not in-between 0 and 255 is deprecated, this is because a byte value must be in the [0, 255] interval. The value used will be constrained using % 256 in C:\Users\Pablo\Documents\GitHub\nine-screen-canvas-flow\vendor\phpseclib\phpseclib\phpseclib\Math\BigInteger\Engines\BCMath.php on line 157
[16-Mar-2026 09:14:01 UTC] PHP Deprecated:  chr(): Providing a value not in-between 0 and 255 is deprecated, this is because a byte value must be in the [0, 255] interval. The value used will be constrained using % 256 in C:\Users\Pablo\Documents\GitHub\nine-screen-canvas-flow\vendor\phpseclib\phpseclib\phpseclib\Math\BigInteger\Engines\BCMath.php on line 157
[16-Mar-2026 09:14:01 UTC] PHP Deprecated:  chr(): Providing a value not in-between 0 and 255 is deprecated, this is because a byte value must be in the [0, 255] interval. The value used will be constrained using % 256 in C:\Users\Pablo\Documents\GitHub\nine-screen-canvas-flow\vendor\phpseclib\phpseclib\phpseclib\Math\BigInteger\Engines\BCMath.php on line 157
[16-Mar-2026 09:14:01 UTC] PHP Deprecated:  chr(): Providing a value not in-between 0 and 255 is deprecated, this is because a byte value must be in the [0, 255] interval. The value used will be constrained using % 256 in C:\Users\Pablo\Documents\GitHub\nine-screen-canvas-flow\vendor\phpseclib\phpseclib\phpseclib\Math\BigInteger\Engines\BCMath.php on line 157
[16-Mar-2026 09:14:01 UTC] PHP Deprecated:  chr(): Providing a value not in-between 0 and 255 is deprecated, this is because a byte value must be in the [0, 255] interval. The value used will be constrained using % 256 in C:\Users\Pablo\Documents\GitHub\nine-screen-canvas-flow\vendor\phpseclib\phpseclib\phpseclib\Math\BigInteger\Engines\BCMath.php on line 157
[16-Mar-2026 09:14:01 UTC] PHP Deprecated:  chr(): Providing a value not in-between 0 and 255 is deprecated, this is because a byte value must be in the [0, 255] interval. The value used will be constrained using % 256 in C:\Users\Pablo\Documents\GitHub\nine-screen-canvas-flow\vendor\phpseclib\phpseclib\phpseclib\Math\BigInteger\Engines\BCMath.php on line 157
[16-Mar-2026 09:14:01 UTC] PHP Deprecated:  chr(): Providing a value not in-between 0 and 255 is deprecated, this is because a byte value must be in the [0, 255] interval. The value used will be constrained using % 256 in C:\Users\Pablo\Documents\GitHub\nine-screen-canvas-flow\vendor\phpseclib\phpseclib\phpseclib\Math\BigInteger\Engines\BCMath.php on line 157
[16-Mar-2026 09:14:01 UTC] PHP Deprecated:  chr(): Providing a value not in-between 0 and 255 is deprecated, this is because a byte value must be in the [0, 255] interval. The value used will be constrained using % 256 in C:\Users\Pablo\Documents\GitHub\nine-screen-canvas-flow\vendor\phpseclib\phpseclib\phpseclib\Math\BigInteger\Engines\BCMath.php on line 157
[16-Mar-2026 09:14:01 UTC] PHP Deprecated:  chr(): Providing a value not in-between 0 and 255 is deprecated, this is because a byte value must be in the [0, 255] interval. The value used will be constrained using % 256 in C:\Users\Pablo\Documents\GitHub\nine-screen-canvas-flow\vendor\phpseclib\phpseclib\phpseclib\Math\BigInteger\Engines\BCMath.php on line 157
[16-Mar-2026 09:14:01 UTC] PHP Deprecated:  chr(): Providing a value not in-between 0 and 255 is deprecated, this is because a byte value must be in the [0, 255] interval. The value used will be constrained using % 256 in C:\Users\Pablo\Documents\GitHub\nine-screen-canvas-flow\vendor\phpseclib\phpseclib\phpseclib\Math\BigInteger\Engines\BCMath.php on line 157
[16-Mar-2026 09:14:01 UTC] PHP Deprecated:  chr(): Providing a value not in-between 0 and 255 is deprecated, this is because a byte value must be in the [0, 255] interval. The value used will be constrained using % 256 in C:\Users\Pablo\Documents\GitHub\nine-screen-canvas-flow\vendor\phpseclib\phpseclib\phpseclib\Math\BigInteger\Engines\BCMath.php on line 157
[16-Mar-2026 09:14:01 UTC] PHP Deprecated:  chr(): Providing a value not in-between 0 and 255 is deprecated, this is because a byte value must be in the [0, 255] interval. The value used will be constrained using % 256 in C:\Users\Pablo\Documents\GitHub\nine-screen-canvas-flow\vendor\phpseclib\phpseclib\phpseclib\Math\BigInteger\Engines\BCMath.php on line 157
[16-Mar-2026 09:14:01 UTC] PHP Deprecated:  chr(): Providing a value not in-between 0 and 255 is deprecated, this is because a byte value must be in the [0, 255] interval. The value used will be constrained using % 256 in C:\Users\Pablo\Documents\GitHub\nine-screen-canvas-flow\vendor\phpseclib\phpseclib\phpseclib\Math\BigInteger\Engines\BCMath.php on line 157
[16-Mar-2026 09:14:01 UTC] PHP Deprecated:  chr(): Providing a value not in-between 0 and 255 is deprecated, this is because a byte value must be in the [0, 255] interval. The value used will be constrained using % 256 in C:\Users\Pablo\Documents\GitHub\nine-screen-canvas-flow\vendor\phpseclib\phpseclib\phpseclib\Math\BigInteger\Engines\BCMath.php on line 157
[16-Mar-2026 09:14:01 UTC] PHP Deprecated:  chr(): Providing a value not in-between 0 and 255 is deprecated, this is because a byte value must be in the [0, 255] interval. The value used will be constrained using % 256 in C:\Users\Pablo\Documents\GitHub\nine-screen-canvas-flow\vendor\phpseclib\phpseclib\phpseclib\Math\BigInteger\Engines\BCMath.php on line 157
[16-Mar-2026 09:14:01 UTC] PHP Deprecated:  chr(): Providing a value not in-between 0 and 255 is deprecated, this is because a byte value must be in the [0, 255] interval. The value used will be constrained using % 256 in C:\Users\Pablo\Documents\GitHub\nine-screen-canvas-flow\vendor\phpseclib\phpseclib\phpseclib\Math\BigInteger\Engines\BCMath.php on line 157
[16-Mar-2026 09:14:01 UTC] PHP Deprecated:  chr(): Providing a value not in-between 0 and 255 is deprecated, this is because a byte value must be in the [0, 255] interval. The value used will be constrained using % 256 in C:\Users\Pablo\Documents\GitHub\nine-screen-canvas-flow\vendor\phpseclib\phpseclib\phpseclib\Math\BigInteger\Engines\BCMath.php on line 157
[16-Mar-2026 09:14:01 UTC] PHP Deprecated:  chr(): Providing a value not in-between 0 and 255 is deprecated, this is because a byte value must be in the [0, 255] interval. The value used will be constrained using % 256 in C:\Users\Pablo\Documents\GitHub\nine-screen-canvas-flow\vendor\phpseclib\phpseclib\phpseclib\Math\BigInteger\Engines\BCMath.php on line 157
[16-Mar-2026 09:14:01 UTC] PHP Deprecated:  chr(): Providing a value not in-between 0 and 255 is deprecated, this is because a byte value must be in the [0, 255] interval. The value used will be constrained using % 256 in C:\Users\Pablo\Documents\GitHub\nine-screen-canvas-flow\vendor\phpseclib\phpseclib\phpseclib\Math\BigInteger\Engines\BCMath.php on line 157
[16-Mar-2026 09:14:01 UTC] PHP Deprecated:  chr(): Providing a value not in-between 0 and 255 is deprecated, this is because a byte value must be in the [0, 255] interval. The value used will be constrained using % 256 in C:\Users\Pablo\Documents\GitHub\nine-screen-canvas-flow\vendor\phpseclib\phpseclib\phpseclib\Math\BigInteger\Engines\BCMath.php on line 157
[16-Mar-2026 09:14:01 UTC] PHP Deprecated:  chr(): Providing a value not in-between 0 and 255 is deprecated, this is because a byte value must be in the [0, 255] interval. The value used will be constrained using % 256 in C:\Users\Pablo\Documents\GitHub\nine-screen-canvas-flow\vendor\phpseclib\phpseclib\phpseclib\Math\BigInteger\Engines\BCMath.php on line 157
[16-Mar-2026 09:14:01 UTC] PHP Deprecated:  chr(): Providing a value not in-between 0 and 255 is deprecated, this is because a byte value must be in the [0, 255] interval. The value used will be constrained using % 256 in C:\Users\Pablo\Documents\GitHub\nine-screen-canvas-flow\vendor\phpseclib\phpseclib\phpseclib\Math\BigInteger\Engines\BCMath.php on line 157
[16-Mar-2026 09:14:01 UTC] PHP Deprecated:  chr(): Providing a value not in-between 0 and 255 is deprecated, this is because a byte value must be in the [0, 255] interval. The value used will be constrained using % 256 in C:\Users\Pablo\Documents\GitHub\nine-screen-canvas-flow\vendor\phpseclib\phpseclib\phpseclib\Math\BigInteger\Engines\BCMath.php on line 157
[16-Mar-2026 09:14:01 UTC] PHP Deprecated:  chr(): Providing a value not in-between 0 and 255 is deprecated, this is because a byte value must be in the [0, 255] interval. The value used will be constrained using % 256 in C:\Users\Pablo\Documents\GitHub\nine-screen-canvas-flow\vendor\phpseclib\phpseclib\phpseclib\Math\BigInteger\Engines\BCMath.php on line 157
[16-Mar-2026 09:14:01 UTC] PHP Deprecated:  chr(): Providing a value not in-between 0 and 255 is deprecated, this is because a byte value must be in the [0, 255] interval. The value used will be constrained using % 256 in C:\Users\Pablo\Documents\GitHub\nine-screen-canvas-flow\vendor\phpseclib\phpseclib\phpseclib\Math\BigInteger\Engines\BCMath.php on line 157
[16-Mar-2026 09:14:01 UTC] PHP Deprecated:  chr(): Providing a value not in-between 0 and 255 is deprecated, this is because a byte value must be in the [0, 255] interval. The value used will be constrained using % 256 in C:\Users\Pablo\Documents\GitHub\nine-screen-canvas-flow\vendor\phpseclib\phpseclib\phpseclib\Math\BigInteger\Engines\BCMath.php on line 157
[16-Mar-2026 09:14:01 UTC] PHP Deprecated:  chr(): Providing a value not in-between 0 and 255 is deprecated, this is because a byte value must be in the [0, 255] interval. The value used will be constrained using % 256 in C:\Users\Pablo\Documents\GitHub\nine-screen-canvas-flow\vendor\phpseclib\phpseclib\phpseclib\Math\BigInteger\Engines\BCMath.php on line 157
[16-Mar-2026 09:14:01 UTC] PHP Deprecated:  chr(): Providing a value not in-between 0 and 255 is deprecated, this is because a byte value must be in the [0, 255] interval. The value used will be constrained using % 256 in C:\Users\Pablo\Documents\GitHub\nine-screen-canvas-flow\vendor\phpseclib\phpseclib\phpseclib\Math\BigInteger\Engines\BCMath.php on line 157
[16-Mar-2026 09:14:01 UTC] PHP Deprecated:  chr(): Providing a value not in-between 0 and 255 is deprecated, this is because a byte value must be in the [0, 255] interval. The value used will be constrained using % 256 in C:\Users\Pablo\Documents\GitHub\nine-screen-canvas-flow\vendor\phpseclib\phpseclib\phpseclib\Math\BigInteger\Engines\BCMath.php on line 157
[16-Mar-2026 09:14:01 UTC] PHP Deprecated:  chr(): Providing a value not in-between 0 and 255 is deprecated, this is because a byte value must be in the [0, 255] interval. The value used will be constrained using % 256 in C:\Users\Pablo\Documents\GitHub\nine-screen-canvas-flow\vendor\phpseclib\phpseclib\phpseclib\Math\BigInteger\Engines\BCMath.php on line 157
[16-Mar-2026 09:14:01 UTC] PHP Deprecated:  chr(): Providing a value not in-between 0 and 255 is deprecated, this is because a byte value must be in the [0, 255] interval. The value used will be constrained using % 256 in C:\Users\Pablo\Documents\GitHub\nine-screen-canvas-flow\vendor\phpseclib\phpseclib\phpseclib\Math\BigInteger\Engines\BCMath.php on line 157
[16-Mar-2026 09:14:01 UTC] PHP Deprecated:  chr(): Providing a value not in-between 0 and 255 is deprecated, this is because a byte value must be in the [0, 255] interval. The value used will be constrained using % 256 in C:\Users\Pablo\Documents\GitHub\nine-screen-canvas-flow\vendor\phpseclib\phpseclib\phpseclib\Math\BigInteger\Engines\BCMath.php on line 157
[16-Mar-2026 09:14:01 UTC] PHP Deprecated:  chr(): Providing a value not in-between 0 and 255 is deprecated, this is because a byte value must be in the [0, 255] interval. The value used will be constrained using % 256 in C:\Users\Pablo\Documents\GitHub\nine-screen-canvas-flow\vendor\phpseclib\phpseclib\phpseclib\Math\BigInteger\Engines\BCMath.php on line 157
[16-Mar-2026 09:14:01 UTC] PHP Deprecated:  chr(): Providing a value not in-between 0 and 255 is deprecated, this is because a byte value must be in the [0, 255] interval. The value used will be constrained using % 256 in C:\Users\Pablo\Documents\GitHub\nine-screen-canvas-flow\vendor\phpseclib\phpseclib\phpseclib\Math\BigInteger\Engines\BCMath.php on line 157
[16-Mar-2026 09:14:01 UTC] PHP Deprecated:  chr(): Providing a value not in-between 0 and 255 is deprecated, this is because a byte value must be in the [0, 255] interval. The value used will be constrained using % 256 in C:\Users\Pablo\Documents\GitHub\nine-screen-canvas-flow\vendor\phpseclib\phpseclib\phpseclib\Math\BigInteger\Engines\BCMath.php on line 157
[16-Mar-2026 09:14:01 UTC] PHP Deprecated:  chr(): Providing a value not in-between 0 and 255 is deprecated, this is because a byte value must be in the [0, 255] interval. The value used will be constrained using % 256 in C:\Users\Pablo\Documents\GitHub\nine-screen-canvas-flow\vendor\phpseclib\phpseclib\phpseclib\Math\BigInteger\Engines\BCMath.php on line 157
[16-Mar-2026 09:14:01 UTC] PHP Deprecated:  chr(): Providing a value not in-between 0 and 255 is deprecated, this is because a byte value must be in the [0, 255] interval. The value used will be constrained using % 256 in C:\Users\Pablo\Documents\GitHub\nine-screen-canvas-flow\vendor\phpseclib\phpseclib\phpseclib\Math\BigInteger\Engines\BCMath.php on line 157
[16-Mar-2026 09:14:01 UTC] PHP Deprecated:  chr(): Providing a value not in-between 0 and 255 is deprecated, this is because a byte value must be in the [0, 255] interval. The value used will be constrained using % 256 in C:\Users\Pablo\Documents\GitHub\nine-screen-canvas-flow\vendor\phpseclib\phpseclib\phpseclib\Math\BigInteger\Engines\BCMath.php on line 157
[16-Mar-2026 09:14:01 UTC] PHP Deprecated:  chr(): Providing a value not in-between 0 and 255 is deprecated, this is because a byte value must be in the [0, 255] interval. The value used will be constrained using % 256 in C:\Users\Pablo\Documents\GitHub\nine-screen-canvas-flow\vendor\phpseclib\phpseclib\phpseclib\Math\BigInteger\Engines\BCMath.php on line 157
[16-Mar-2026 09:14:01 UTC] PHP Deprecated:  chr(): Providing a value not in-between 0 and 255 is deprecated, this is because a byte value must be in the [0, 255] interval. The value used will be constrained using % 256 in C:\Users\Pablo\Documents\GitHub\nine-screen-canvas-flow\vendor\phpseclib\phpseclib\phpseclib\Math\BigInteger\Engines\BCMath.php on line 157
[16-Mar-2026 09:14:01 UTC] PHP Deprecated:  chr(): Providing a value not in-between 0 and 255 is deprecated, this is because a byte value must be in the [0, 255] interval. The value used will be constrained using % 256 in C:\Users\Pablo\Documents\GitHub\nine-screen-canvas-flow\vendor\phpseclib\phpseclib\phpseclib\Math\BigInteger\Engines\BCMath.php on line 157
[16-Mar-2026 09:14:01 UTC] PHP Deprecated:  chr(): Providing a value not in-between 0 and 255 is deprecated, this is because a byte value must be in the [0, 255] interval. The value used will be constrained using % 256 in C:\Users\Pablo\Documents\GitHub\nine-screen-canvas-flow\vendor\phpseclib\phpseclib\phpseclib\Math\BigInteger\Engines\BCMath.php on line 157
[16-Mar-2026 09:14:01 UTC] PHP Deprecated:  chr(): Providing a value not in-between 0 and 255 is deprecated, this is because a byte value must be in the [0, 255] interval. The value used will be constrained using % 256 in C:\Users\Pablo\Documents\GitHub\nine-screen-canvas-flow\vendor\phpseclib\phpseclib\phpseclib\Math\BigInteger\Engines\BCMath.php on line 157
[16-Mar-2026 09:14:01 UTC] PHP Deprecated:  chr(): Providing a value not in-between 0 and 255 is deprecated, this is because a byte value must be in the [0, 255] interval. The value used will be constrained using % 256 in C:\Users\Pablo\Documents\GitHub\nine-screen-canvas-flow\vendor\phpseclib\phpseclib\phpseclib\Math\BigInteger\Engines\BCMath.php on line 157
[16-Mar-2026 09:14:01 UTC] PHP Deprecated:  chr(): Providing a value not in-between 0 and 255 is deprecated, this is because a byte value must be in the [0, 255] interval. The value used will be constrained using % 256 in C:\Users\Pablo\Documents\GitHub\nine-screen-canvas-flow\vendor\phpseclib\phpseclib\phpseclib\Math\BigInteger\Engines\BCMath.php on line 157
[16-Mar-2026 09:14:01 UTC] PHP Deprecated:  chr(): Providing a value not in-between 0 and 255 is deprecated, this is because a byte value must be in the [0, 255] interval. The value used will be constrained using % 256 in C:\Users\Pablo\Documents\GitHub\nine-screen-canvas-flow\vendor\phpseclib\phpseclib\phpseclib\Math\BigInteger\Engines\BCMath.php on line 157
[16-Mar-2026 09:14:01 UTC] PHP Deprecated:  chr(): Providing a value not in-between 0 and 255 is deprecated, this is because a byte value must be in the [0, 255] interval. The value used will be constrained using % 256 in C:\Users\Pablo\Documents\GitHub\nine-screen-canvas-flow\vendor\phpseclib\phpseclib\phpseclib\Math\BigInteger\Engines\BCMath.php on line 157
[16-Mar-2026 09:14:01 UTC] PHP Deprecated:  chr(): Providing a value not in-between 0 and 255 is deprecated, this is because a byte value must be in the [0, 255] interval. The value used will be constrained using % 256 in C:\Users\Pablo\Documents\GitHub\nine-screen-canvas-flow\vendor\phpseclib\phpseclib\phpseclib\Math\BigInteger\Engines\BCMath.php on line 157
[16-Mar-2026 09:14:01 UTC] PHP Deprecated:  chr(): Providing a value not in-between 0 and 255 is deprecated, this is because a byte value must be in the [0, 255] interval. The value used will be constrained using % 256 in C:\Users\Pablo\Documents\GitHub\nine-screen-canvas-flow\vendor\phpseclib\phpseclib\phpseclib\Math\BigInteger\Engines\BCMath.php on line 157
[16-Mar-2026 09:14:01 UTC] PHP Deprecated:  chr(): Providing a value not in-between 0 and 255 is deprecated, this is because a byte value must be in the [0, 255] interval. The value used will be constrained using % 256 in C:\Users\Pablo\Documents\GitHub\nine-screen-canvas-flow\vendor\phpseclib\phpseclib\phpseclib\Math\BigInteger\Engines\BCMath.php on line 157
[16-Mar-2026 09:14:01 UTC] PHP Deprecated:  chr(): Providing a value not in-between 0 and 255 is deprecated, this is because a byte value must be in the [0, 255] interval. The value used will be constrained using % 256 in C:\Users\Pablo\Documents\GitHub\nine-screen-canvas-flow\vendor\phpseclib\phpseclib\phpseclib\Math\BigInteger\Engines\BCMath.php on line 157
[16-Mar-2026 09:14:01 UTC] PHP Deprecated:  chr(): Providing a value not in-between 0 and 255 is deprecated, this is because a byte value must be in the [0, 255] interval. The value used will be constrained using % 256 in C:\Users\Pablo\Documents\GitHub\nine-screen-canvas-flow\vendor\phpseclib\phpseclib\phpseclib\Math\BigInteger\Engines\BCMath.php on line 157
[16-Mar-2026 09:14:01 UTC] PHP Deprecated:  chr(): Providing a value not in-between 0 and 255 is deprecated, this is because a byte value must be in the [0, 255] interval. The value used will be constrained using % 256 in C:\Users\Pablo\Documents\GitHub\nine-screen-canvas-flow\vendor\phpseclib\phpseclib\phpseclib\Math\BigInteger\Engines\BCMath.php on line 157
[16-Mar-2026 09:14:01 UTC] PHP Deprecated:  chr(): Providing a value not in-between 0 and 255 is deprecated, this is because a byte value must be in the [0, 255] interval. The value used will be constrained using % 256 in C:\Users\Pablo\Documents\GitHub\nine-screen-canvas-flow\vendor\phpseclib\phpseclib\phpseclib\Math\BigInteger\Engines\BCMath.php on line 157
[16-Mar-2026 09:14:01 UTC] PHP Deprecated:  chr(): Providing a value not in-between 0 and 255 is deprecated, this is because a byte value must be in the [0, 255] interval. The value used will be constrained using % 256 in C:\Users\Pablo\Documents\GitHub\nine-screen-canvas-flow\vendor\phpseclib\phpseclib\phpseclib\Math\BigInteger\Engines\BCMath.php on line 157
[16-Mar-2026 09:14:01 UTC] PHP Deprecated:  chr(): Providing a value not in-between 0 and 255 is deprecated, this is because a byte value must be in the [0, 255] interval. The value used will be constrained using % 256 in C:\Users\Pablo\Documents\GitHub\nine-screen-canvas-flow\vendor\phpseclib\phpseclib\phpseclib\Math\BigInteger\Engines\BCMath.php on line 157
[16-Mar-2026 09:14:01 UTC] PHP Deprecated:  chr(): Providing a value not in-between 0 and 255 is deprecated, this is because a byte value must be in the [0, 255] interval. The value used will be constrained using % 256 in C:\Users\Pablo\Documents\GitHub\nine-screen-canvas-flow\vendor\phpseclib\phpseclib\phpseclib\Math\BigInteger\Engines\BCMath.php on line 157
[16-Mar-2026 09:14:01 UTC] PHP Deprecated:  chr(): Providing a value not in-between 0 and 255 is deprecated, this is because a byte value must be in the [0, 255] interval. The value used will be constrained using % 256 in C:\Users\Pablo\Documents\GitHub\nine-screen-canvas-flow\vendor\phpseclib\phpseclib\phpseclib\Math\BigInteger\Engines\BCMath.php on line 157
[16-Mar-2026 09:14:01 UTC] PHP Deprecated:  chr(): Providing a value not in-between 0 and 255 is deprecated, this is because a byte value must be in the [0, 255] interval. The value used will be constrained using % 256 in C:\Users\Pablo\Documents\GitHub\nine-screen-canvas-flow\vendor\phpseclib\phpseclib\phpseclib\Math\BigInteger\Engines\BCMath.php on line 157
[16-Mar-2026 09:14:01 UTC] PHP Deprecated:  chr(): Providing a value not in-between 0 and 255 is deprecated, this is because a byte value must be in the [0, 255] interval. The value used will be constrained using % 256 in C:\Users\Pablo\Documents\GitHub\nine-screen-canvas-flow\vendor\phpseclib\phpseclib\phpseclib\Math\BigInteger\Engines\BCMath.php on line 157
[16-Mar-2026 09:14:01 UTC] PHP Deprecated:  chr(): Providing a value not in-between 0 and 255 is deprecated, this is because a byte value must be in the [0, 255] interval. The value used will be constrained using % 256 in C:\Users\Pablo\Documents\GitHub\nine-screen-canvas-flow\vendor\phpseclib\phpseclib\phpseclib\Math\BigInteger\Engines\BCMath.php on line 157
[16-Mar-2026 09:14:01 UTC] PHP Deprecated:  chr(): Providing a value not in-between 0 and 255 is deprecated, this is because a byte value must be in the [0, 255] interval. The value used will be constrained using % 256 in C:\Users\Pablo\Documents\GitHub\nine-screen-canvas-flow\vendor\phpseclib\phpseclib\phpseclib\Math\BigInteger\Engines\BCMath.php on line 157
[16-Mar-2026 09:14:01 UTC] PHP Deprecated:  chr(): Providing a value not in-between 0 and 255 is deprecated, this is because a byte value must be in the [0, 255] interval. The value used will be constrained using % 256 in C:\Users\Pablo\Documents\GitHub\nine-screen-canvas-flow\vendor\phpseclib\phpseclib\phpseclib\Math\BigInteger\Engines\BCMath.php on line 157
[16-Mar-2026 09:14:01 UTC] PHP Deprecated:  chr(): Providing a value not in-between 0 and 255 is deprecated, this is because a byte value must be in the [0, 255] interval. The value used will be constrained using % 256 in C:\Users\Pablo\Documents\GitHub\nine-screen-canvas-flow\vendor\phpseclib\phpseclib\phpseclib\Math\BigInteger\Engines\BCMath.php on line 157
[16-Mar-2026 09:14:01 UTC] PHP Deprecated:  chr(): Providing a value not in-between 0 and 255 is deprecated, this is because a byte value must be in the [0, 255] interval. The value used will be constrained using % 256 in C:\Users\Pablo\Documents\GitHub\nine-screen-canvas-flow\vendor\phpseclib\phpseclib\phpseclib\Math\BigInteger\Engines\BCMath.php on line 157
[16-Mar-2026 09:14:01 UTC] PHP Deprecated:  chr(): Providing a value not in-between 0 and 255 is deprecated, this is because a byte value must be in the [0, 255] interval. The value used will be constrained using % 256 in C:\Users\Pablo\Documents\GitHub\nine-screen-canvas-flow\vendor\phpseclib\phpseclib\phpseclib\Math\BigInteger\Engines\BCMath.php on line 157
[16-Mar-2026 09:14:01 UTC] PHP Deprecated:  chr(): Providing a value not in-between 0 and 255 is deprecated, this is because a byte value must be in the [0, 255] interval. The value used will be constrained using % 256 in C:\Users\Pablo\Documents\GitHub\nine-screen-canvas-flow\vendor\phpseclib\phpseclib\phpseclib\Math\BigInteger\Engines\BCMath.php on line 157
[16-Mar-2026 09:14:01 UTC] PHP Deprecated:  chr(): Providing a value not in-between 0 and 255 is deprecated, this is because a byte value must be in the [0, 255] interval. The value used will be constrained using % 256 in C:\Users\Pablo\Documents\GitHub\nine-screen-canvas-flow\vendor\phpseclib\phpseclib\phpseclib\Math\BigInteger\Engines\BCMath.php on line 157
[16-Mar-2026 09:14:01 UTC] PHP Deprecated:  chr(): Providing a value not in-between 0 and 255 is deprecated, this is because a byte value must be in the [0, 255] interval. The value used will be constrained using % 256 in C:\Users\Pablo\Documents\GitHub\nine-screen-canvas-flow\vendor\phpseclib\phpseclib\phpseclib\Math\BigInteger\Engines\BCMath.php on line 157
[16-Mar-2026 09:14:01 UTC] PHP Deprecated:  chr(): Providing a value not in-between 0 and 255 is deprecated, this is because a byte value must be in the [0, 255] interval. The value used will be constrained using % 256 in C:\Users\Pablo\Documents\GitHub\nine-screen-canvas-flow\vendor\phpseclib\phpseclib\phpseclib\Math\BigInteger\Engines\BCMath.php on line 157
[16-Mar-2026 09:14:01 UTC] PHP Deprecated:  chr(): Providing a value not in-between 0 and 255 is deprecated, this is because a byte value must be in the [0, 255] interval. The value used will be constrained using % 256 in C:\Users\Pablo\Documents\GitHub\nine-screen-canvas-flow\vendor\phpseclib\phpseclib\phpseclib\Math\BigInteger\Engines\BCMath.php on line 157
[16-Mar-2026 09:14:01 UTC] PHP Deprecated:  chr(): Providing a value not in-between 0 and 255 is deprecated, this is because a byte value must be in the [0, 255] interval. The value used will be constrained using % 256 in C:\Users\Pablo\Documents\GitHub\nine-screen-canvas-flow\vendor\phpseclib\phpseclib\phpseclib\Math\BigInteger\Engines\BCMath.php on line 157
[16-Mar-2026 09:14:01 UTC] PHP Deprecated:  chr(): Providing a value not in-between 0 and 255 is deprecated, this is because a byte value must be in the [0, 255] interval. The value used will be constrained using % 256 in C:\Users\Pablo\Documents\GitHub\nine-screen-canvas-flow\vendor\phpseclib\phpseclib\phpseclib\Math\BigInteger\Engines\BCMath.php on line 157
[16-Mar-2026 09:14:01 UTC] PHP Deprecated:  chr(): Providing a value not in-between 0 and 255 is deprecated, this is because a byte value must be in the [0, 255] interval. The value used will be constrained using % 256 in C:\Users\Pablo\Documents\GitHub\nine-screen-canvas-flow\vendor\phpseclib\phpseclib\phpseclib\Math\BigInteger\Engines\BCMath.php on line 157
[16-Mar-2026 09:14:01 UTC] PHP Deprecated:  chr(): Providing a value not in-between 0 and 255 is deprecated, this is because a byte value must be in the [0, 255] interval. The value used will be constrained using % 256 in C:\Users\Pablo\Documents\GitHub\nine-screen-canvas-flow\vendor\phpseclib\phpseclib\phpseclib\Math\BigInteger\Engines\BCMath.php on line 157
[16-Mar-2026 09:14:01 UTC] PHP Deprecated:  chr(): Providing a value not in-between 0 and 255 is deprecated, this is because a byte value must be in the [0, 255] interval. The value used will be constrained using % 256 in C:\Users\Pablo\Documents\GitHub\nine-screen-canvas-flow\vendor\phpseclib\phpseclib\phpseclib\Math\BigInteger\Engines\BCMath.php on line 157
[16-Mar-2026 09:14:01 UTC] PHP Deprecated:  chr(): Providing a value not in-between 0 and 255 is deprecated, this is because a byte value must be in the [0, 255] interval. The value used will be constrained using % 256 in C:\Users\Pablo\Documents\GitHub\nine-screen-canvas-flow\vendor\phpseclib\phpseclib\phpseclib\Math\BigInteger\Engines\BCMath.php on line 157
[16-Mar-2026 09:14:01 UTC] PHP Deprecated:  chr(): Providing a value not in-between 0 and 255 is deprecated, this is because a byte value must be in the [0, 255] interval. The value used will be constrained using % 256 in C:\Users\Pablo\Documents\GitHub\nine-screen-canvas-flow\vendor\phpseclib\phpseclib\phpseclib\Math\BigInteger\Engines\BCMath.php on line 157
[16-Mar-2026 09:14:01 UTC] PHP Deprecated:  chr(): Providing a value not in-between 0 and 255 is deprecated, this is because a byte value must be in the [0, 255] interval. The value used will be constrained using % 256 in C:\Users\Pablo\Documents\GitHub\nine-screen-canvas-flow\vendor\phpseclib\phpseclib\phpseclib\Math\BigInteger\Engines\BCMath.php on line 157
[16-Mar-2026 09:14:01 UTC] PHP Deprecated:  chr(): Providing a value not in-between 0 and 255 is deprecated, this is because a byte value must be in the [0, 255] interval. The value used will be constrained using % 256 in C:\Users\Pablo\Documents\GitHub\nine-screen-canvas-flow\vendor\phpseclib\phpseclib\phpseclib\Math\BigInteger\Engines\BCMath.php on line 157
[16-Mar-2026 09:14:01 UTC] PHP Deprecated:  chr(): Providing a value not in-between 0 and 255 is deprecated, this is because a byte value must be in the [0, 255] interval. The value used will be constrained using % 256 in C:\Users\Pablo\Documents\GitHub\nine-screen-canvas-flow\vendor\phpseclib\phpseclib\phpseclib\Math\BigInteger\Engines\BCMath.php on line 157
[16-Mar-2026 09:14:01 UTC] PHP Deprecated:  chr(): Providing a value not in-between 0 and 255 is deprecated, this is because a byte value must be in the [0, 255] interval. The value used will be constrained using % 256 in C:\Users\Pablo\Documents\GitHub\nine-screen-canvas-flow\vendor\phpseclib\phpseclib\phpseclib\Math\BigInteger\Engines\BCMath.php on line 157
[16-Mar-2026 09:14:01 UTC] PHP Deprecated:  chr(): Providing a value not in-between 0 and 255 is deprecated, this is because a byte value must be in the [0, 255] interval. The value used will be constrained using % 256 in C:\Users\Pablo\Documents\GitHub\nine-screen-canvas-flow\vendor\phpseclib\phpseclib\phpseclib\Math\BigInteger\Engines\BCMath.php on line 157
[16-Mar-2026 09:14:01 UTC] PHP Deprecated:  chr(): Providing a value not in-between 0 and 255 is deprecated, this is because a byte value must be in the [0, 255] interval. The value used will be constrained using % 256 in C:\Users\Pablo\Documents\GitHub\nine-screen-canvas-flow\vendor\phpseclib\phpseclib\phpseclib\Math\BigInteger\Engines\BCMath.php on line 157
[16-Mar-2026 09:14:01 UTC] PHP Deprecated:  chr(): Providing a value not in-between 0 and 255 is deprecated, this is because a byte value must be in the [0, 255] interval. The value used will be constrained using % 256 in C:\Users\Pablo\Documents\GitHub\nine-screen-canvas-flow\vendor\phpseclib\phpseclib\phpseclib\Math\BigInteger\Engines\BCMath.php on line 157
[16-Mar-2026 09:14:01 UTC] PHP Deprecated:  chr(): Providing a value not in-between 0 and 255 is deprecated, this is because a byte value must be in the [0, 255] interval. The value used will be constrained using % 256 in C:\Users\Pablo\Documents\GitHub\nine-screen-canvas-flow\vendor\phpseclib\phpseclib\phpseclib\Math\BigInteger\Engines\BCMath.php on line 157
[16-Mar-2026 09:14:01 UTC] PHP Deprecated:  chr(): Providing a value not in-between 0 and 255 is deprecated, this is because a byte value must be in the [0, 255] interval. The value used will be constrained using % 256 in C:\Users\Pablo\Documents\GitHub\nine-screen-canvas-flow\vendor\phpseclib\phpseclib\phpseclib\Math\BigInteger\Engines\BCMath.php on line 157
[16-Mar-2026 09:14:01 UTC] PHP Deprecated:  chr(): Providing a value not in-between 0 and 255 is deprecated, this is because a byte value must be in the [0, 255] interval. The value used will be constrained using % 256 in C:\Users\Pablo\Documents\GitHub\nine-screen-canvas-flow\vendor\phpseclib\phpseclib\phpseclib\Math\BigInteger\Engines\BCMath.php on line 157
[16-Mar-2026 09:14:01 UTC] PHP Deprecated:  chr(): Providing a value not in-between 0 and 255 is deprecated, this is because a byte value must be in the [0, 255] interval. The value used will be constrained using % 256 in C:\Users\Pablo\Documents\GitHub\nine-screen-canvas-flow\vendor\phpseclib\phpseclib\phpseclib\Math\BigInteger\Engines\BCMath.php on line 157
[16-Mar-2026 09:14:01 UTC] PHP Deprecated:  chr(): Providing a value not in-between 0 and 255 is deprecated, this is because a byte value must be in the [0, 255] interval. The value used will be constrained using % 256 in C:\Users\Pablo\Documents\GitHub\nine-screen-canvas-flow\vendor\phpseclib\phpseclib\phpseclib\Math\BigInteger\Engines\BCMath.php on line 157
[16-Mar-2026 09:14:01 UTC] PHP Deprecated:  chr(): Providing a value not in-between 0 and 255 is deprecated, this is because a byte value must be in the [0, 255] interval. The value used will be constrained using % 256 in C:\Users\Pablo\Documents\GitHub\nine-screen-canvas-flow\vendor\phpseclib\phpseclib\phpseclib\Math\BigInteger\Engines\BCMath.php on line 157
[16-Mar-2026 09:14:01 UTC] PHP Deprecated:  chr(): Providing a value not in-between 0 and 255 is deprecated, this is because a byte value must be in the [0, 255] interval. The value used will be constrained using % 256 in C:\Users\Pablo\Documents\GitHub\nine-screen-canvas-flow\vendor\phpseclib\phpseclib\phpseclib\Math\BigInteger\Engines\BCMath.php on line 157
[16-Mar-2026 09:14:01 UTC] PHP Deprecated:  chr(): Providing a value not in-between 0 and 255 is deprecated, this is because a byte value must be in the [0, 255] interval. The value used will be constrained using % 256 in C:\Users\Pablo\Documents\GitHub\nine-screen-canvas-flow\vendor\phpseclib\phpseclib\phpseclib\Math\BigInteger\Engines\BCMath.php on line 157
[16-Mar-2026 09:14:01 UTC] PHP Deprecated:  chr(): Providing a value not in-between 0 and 255 is deprecated, this is because a byte value must be in the [0, 255] interval. The value used will be constrained using % 256 in C:\Users\Pablo\Documents\GitHub\nine-screen-canvas-flow\vendor\phpseclib\phpseclib\phpseclib\Math\BigInteger\Engines\BCMath.php on line 157
[16-Mar-2026 09:14:01 UTC] PHP Deprecated:  chr(): Providing a value not in-between 0 and 255 is deprecated, this is because a byte value must be in the [0, 255] interval. The value used will be constrained using % 256 in C:\Users\Pablo\Documents\GitHub\nine-screen-canvas-flow\vendor\phpseclib\phpseclib\phpseclib\Math\BigInteger\Engines\BCMath.php on line 157
[16-Mar-2026 09:14:01 UTC] PHP Deprecated:  chr(): Providing a value not in-between 0 and 255 is deprecated, this is because a byte value must be in the [0, 255] interval. The value used will be constrained using % 256 in C:\Users\Pablo\Documents\GitHub\nine-screen-canvas-flow\vendor\phpseclib\phpseclib\phpseclib\Math\BigInteger\Engines\BCMath.php on line 157
[16-Mar-2026 09:14:01 UTC] PHP Deprecated:  chr(): Providing a value not in-between 0 and 255 is deprecated, this is because a byte value must be in the [0, 255] interval. The value used will be constrained using % 256 in C:\Users\Pablo\Documents\GitHub\nine-screen-canvas-flow\vendor\phpseclib\phpseclib\phpseclib\Math\BigInteger\Engines\BCMath.php on line 157
[16-Mar-2026 09:14:01 UTC] PHP Deprecated:  chr(): Providing a value not in-between 0 and 255 is deprecated, this is because a byte value must be in the [0, 255] interval. The value used will be constrained using % 256 in C:\Users\Pablo\Documents\GitHub\nine-screen-canvas-flow\vendor\phpseclib\phpseclib\phpseclib\Math\BigInteger\Engines\BCMath.php on line 157
[16-Mar-2026 09:14:01 UTC] PHP Deprecated:  chr(): Providing a value not in-between 0 and 255 is deprecated, this is because a byte value must be in the [0, 255] interval. The value used will be constrained using % 256 in C:\Users\Pablo\Documents\GitHub\nine-screen-canvas-flow\vendor\phpseclib\phpseclib\phpseclib\Math\BigInteger\Engines\BCMath.php on line 157
[16-Mar-2026 09:14:01 UTC] PHP Deprecated:  chr(): Providing a value not in-between 0 and 255 is deprecated, this is because a byte value must be in the [0, 255] interval. The value used will be constrained using % 256 in C:\Users\Pablo\Documents\GitHub\nine-screen-canvas-flow\vendor\phpseclib\phpseclib\phpseclib\Math\BigInteger\Engines\BCMath.php on line 157
[16-Mar-2026 09:14:01 UTC] PHP Deprecated:  chr(): Providing a value not in-between 0 and 255 is deprecated, this is because a byte value must be in the [0, 255] interval. The value used will be constrained using % 256 in C:\Users\Pablo\Documents\GitHub\nine-screen-canvas-flow\vendor\phpseclib\phpseclib\phpseclib\Math\BigInteger\Engines\BCMath.php on line 157
[16-Mar-2026 09:14:01 UTC] PHP Deprecated:  chr(): Providing a value not in-between 0 and 255 is deprecated, this is because a byte value must be in the [0, 255] interval. The value used will be constrained using % 256 in C:\Users\Pablo\Documents\GitHub\nine-screen-canvas-flow\vendor\phpseclib\phpseclib\phpseclib\Math\BigInteger\Engines\BCMath.php on line 157
[16-Mar-2026 09:14:01 UTC] PHP Deprecated:  chr(): Providing a value not in-between 0 and 255 is deprecated, this is because a byte value must be in the [0, 255] interval. The value used will be constrained using % 256 in C:\Users\Pablo\Documents\GitHub\nine-screen-canvas-flow\vendor\phpseclib\phpseclib\phpseclib\Math\BigInteger\Engines\BCMath.php on line 157
[16-Mar-2026 09:14:01 UTC] PHP Deprecated:  chr(): Providing a value not in-between 0 and 255 is deprecated, this is because a byte value must be in the [0, 255] interval. The value used will be constrained using % 256 in C:\Users\Pablo\Documents\GitHub\nine-screen-canvas-flow\vendor\phpseclib\phpseclib\phpseclib\Math\BigInteger\Engines\BCMath.php on line 157
[16-Mar-2026 09:14:01 UTC] PHP Deprecated:  chr(): Providing a value not in-between 0 and 255 is deprecated, this is because a byte value must be in the [0, 255] interval. The value used will be constrained using % 256 in C:\Users\Pablo\Documents\GitHub\nine-screen-canvas-flow\vendor\phpseclib\phpseclib\phpseclib\Math\BigInteger\Engines\BCMath.php on line 157
[16-Mar-2026 09:14:01 UTC] PHP Deprecated:  chr(): Providing a value not in-between 0 and 255 is deprecated, this is because a byte value must be in the [0, 255] interval. The value used will be constrained using % 256 in C:\Users\Pablo\Documents\GitHub\nine-screen-canvas-flow\vendor\phpseclib\phpseclib\phpseclib\Math\BigInteger\Engines\BCMath.php on line 157
[16-Mar-2026 09:14:01 UTC] PHP Deprecated:  chr(): Providing a value not in-between 0 and 255 is deprecated, this is because a byte value must be in the [0, 255] interval. The value used will be constrained using % 256 in C:\Users\Pablo\Documents\GitHub\nine-screen-canvas-flow\vendor\phpseclib\phpseclib\phpseclib\Math\BigInteger\Engines\BCMath.php on line 157
[16-Mar-2026 09:14:01 UTC] PHP Deprecated:  chr(): Providing a value not in-between 0 and 255 is deprecated, this is because a byte value must be in the [0, 255] interval. The value used will be constrained using % 256 in C:\Users\Pablo\Documents\GitHub\nine-screen-canvas-flow\vendor\phpseclib\phpseclib\phpseclib\Math\BigInteger\Engines\BCMath.php on line 157
[16-Mar-2026 09:14:01 UTC] PHP Deprecated:  chr(): Providing a value not in-between 0 and 255 is deprecated, this is because a byte value must be in the [0, 255] interval. The value used will be constrained using % 256 in C:\Users\Pablo\Documents\GitHub\nine-screen-canvas-flow\vendor\phpseclib\phpseclib\phpseclib\Math\BigInteger\Engines\BCMath.php on line 157
[16-Mar-2026 09:14:01 UTC] PHP Deprecated:  chr(): Providing a value not in-between 0 and 255 is deprecated, this is because a byte value must be in the [0, 255] interval. The value used will be constrained using % 256 in C:\Users\Pablo\Documents\GitHub\nine-screen-canvas-flow\vendor\phpseclib\phpseclib\phpseclib\Math\BigInteger\Engines\BCMath.php on line 157
[16-Mar-2026 09:14:01 UTC] PHP Deprecated:  chr(): Providing a value not in-between 0 and 255 is deprecated, this is because a byte value must be in the [0, 255] interval. The value used will be constrained using % 256 in C:\Users\Pablo\Documents\GitHub\nine-screen-canvas-flow\vendor\phpseclib\phpseclib\phpseclib\Math\BigInteger\Engines\BCMath.php on line 157
[16-Mar-2026 09:14:02 UTC] Purchases database connection failed: SQLSTATE[HY000] [1045] Access denied for user 'alvarotrigo_alvarotrigo'@'79.117.116.182' (using password: YES)
[16-Mar-2026 09:14:02 UTC] Attempted connection to: host=nocn.noc-n.com, dbname=alvarotrigo_alvarotrigo, user=alvarotrigo_alvarotrigo
[16-Mar-2026 09:14:02 UTC] Error checking user paid status: Purchases database connection failed: SQLSTATE[HY000] [1045] Access denied for user 'alvarotrigo_alvarotrigo'@'79.117.116.182' (using password: YES)
[16-Mar-2026 09:14:02 UTC] MySQL select query: SELECT * FROM `users` WHERE `email` = :where_email_0 AND `pro_status_source` = :where_pro_status_source_1
[16-Mar-2026 09:14:02 UTC] MySQL select params: {"where_email_0":"ptrigol@gmail.com","where_pro_status_source_1":"polar"}
[16-Mar-2026 09:14:02 UTC] MySQL select returned 0 rows
[16-Mar-2026 09:14:02 UTC] MySQL select query: SELECT * FROM `subscriptions` WHERE `customer_email` = :where_customer_email_0 AND `status` = :where_status_1
[16-Mar-2026 09:14:02 UTC] MySQL select params: {"where_customer_email_0":"ptrigol@gmail.com","where_status_1":"active"}
[16-Mar-2026 09:14:02 UTC] MySQL select returned 0 rows
[16-Mar-2026 09:14:02 UTC] syncClerkSession - Creating/updating user: clerk_user_id=user_3AhnQJV5XslRK9dMtMXyCieGbiA, email=ptrigol@gmail.com, is_pro=false
[16-Mar-2026 09:14:02 UTC] Checking for existing user with clerk_user_id: user_3AhnQJV5XslRK9dMtMXyCieGbiA
[16-Mar-2026 09:14:02 UTC] MySQL select query: SELECT * FROM `users` WHERE `clerk_user_id` = :where_clerk_user_id_0
[16-Mar-2026 09:14:02 UTC] MySQL select params: {"where_clerk_user_id_0":"user_3AhnQJV5XslRK9dMtMXyCieGbiA"}
[16-Mar-2026 09:14:02 UTC] MySQL select returned 1 rows
[16-Mar-2026 09:14:02 UTC] Select query result: [{"id":2,"clerk_user_id":"user_3AhnQJV5XslRK9dMtMXyCieGbiA","email":"ptrigol@gmail.com","name":"Pablo Trigo","is_pro":0,"pro_status_source":null,"subscription_id":null,"last_login":"2026-03-13T14:25:01.000Z","created_at":"2026-03-09T10:58:19.000Z","updated_at":"2026-03-13T14:25:01.000Z"}] (type: array, empty: false)
[16-Mar-2026 09:14:02 UTC] Updating existing user: user_3AhnQJV5XslRK9dMtMXyCieGbiA (ptrigol@gmail.com)
[16-Mar-2026 09:14:02 UTC] MySQL update query: UPDATE `users` SET `clerk_user_id` = :clerk_user_id, `email` = :email, `name` = :name, `is_pro` = :is_pro, `pro_status_source` = :pro_status_source, `subscription_id` = :subscription_id, `last_login` = :last_login, `updated_at` = :updated_at WHERE `clerk_user_id` = :where_clerk_user_id_0
[16-Mar-2026 09:14:02 UTC] MySQL update params: {"clerk_user_id":"user_3AhnQJV5XslRK9dMtMXyCieGbiA","email":"ptrigol@gmail.com","name":"Pablo Trigo","is_pro":0,"pro_status_source":null,"subscription_id":null,"last_login":"2026-03-16 09:14:02","updated_at":"2026-03-16 09:14:02","where_clerk_user_id_0":"user_3AhnQJV5XslRK9dMtMXyCieGbiA"}
[16-Mar-2026 09:14:02 UTC] MySQL update affected rows: 1
[16-Mar-2026 09:14:02 UTC] MySQL select query: SELECT * FROM `users` WHERE `clerk_user_id` = :where_clerk_user_id_0
[16-Mar-2026 09:14:02 UTC] MySQL select params: {"where_clerk_user_id_0":"user_3AhnQJV5XslRK9dMtMXyCieGbiA"}
[16-Mar-2026 09:14:02 UTC] MySQL select returned 1 rows
[16-Mar-2026 09:14:02 UTC] User updated successfully: [{"id":2,"clerk_user_id":"user_3AhnQJV5XslRK9dMtMXyCieGbiA","email":"ptrigol@gmail.com","name":"Pablo Trigo","is_pro":0,"pro_status_source":null,"subscription_id":null,"last_login":"2026-03-16T09:14:02.000Z","created_at":"2026-03-09T10:58:19.000Z","updated_at":"2026-03-16T09:14:02.000Z"}]
[16-Mar-2026 09:14:02 UTC] syncClerkSession - User created/updated successfully: user_3AhnQJV5XslRK9dMtMXyCieGbiA
[16-Mar-2026 09:14:03 UTC] Pages API - Incoming request - Method: GET, Payload size: 0 bytes (0 KB)
[16-Mar-2026 09:14:03 UTC] Pages API - Method: GET
[16-Mar-2026 09:14:03 UTC] Pages API - clerk_user_id from request: null
[16-Mar-2026 09:14:03 UTC] Pages API - clerk_user_id from session: user_3AhnQJV5XslRK9dMtMXyCieGbiA
[16-Mar-2026 09:14:03 UTC] Pages API - Using clerk_user_id: user_3AhnQJV5XslRK9dMtMXyCieGbiA
[16-Mar-2026 09:14:03 UTC] Pages API - Using clerk_user_id: user_3AhnQJV5XslRK9dMtMXyCieGbiA
[16-Mar-2026 09:14:03 UTC] MySQL select query: SELECT `id` FROM `users` WHERE `clerk_user_id` = :where_clerk_user_id_0
[16-Mar-2026 09:14:03 UTC] MySQL select params: {"where_clerk_user_id_0":"user_3AhnQJV5XslRK9dMtMXyCieGbiA"}
[16-Mar-2026 09:14:03 UTC] MySQL select returned 1 rows
[16-Mar-2026 09:14:03 UTC] getUserIdFromClerkId - Query result: [{"id":2}]
[16-Mar-2026 09:14:03 UTC] Pages API - User ID from database: 2
[16-Mar-2026 09:14:03 UTC] Pages API - Success! User ID: 2
[16-Mar-2026 09:14:03 UTC] MySQL select query: SELECT `id`, `title`, `thumbnail_url`, `is_favorite`, `is_public`, `share_token`, `share_slug`, `last_accessed`, `created_at`, `updated_at` FROM `user_pages` WHERE `user_id` = :where_user_id_0 ORDER BY COALESCE(`last_accessed`, '1970-01-01 00:00:00') DESC
[16-Mar-2026 09:14:03 UTC] MySQL select params: {"where_user_id_0":2}
[16-Mar-2026 09:14:03 UTC] MySQL select returned 4 rows
[16-Mar-2026 09:14:08 UTC] Successfully loaded .env from: C:\Users\Pablo\Documents\GitHub\nine-screen-canvas-flow/.env
[16-Mar-2026 09:14:09 UTC] Pages API - Incoming request - Method: GET, Payload size: 0 bytes (0 KB)
[16-Mar-2026 09:14:09 UTC] Pages API - Method: GET
[16-Mar-2026 09:14:09 UTC] Pages API - clerk_user_id from request: null
[16-Mar-2026 09:14:09 UTC] Pages API - clerk_user_id from session: user_3AhnQJV5XslRK9dMtMXyCieGbiA
[16-Mar-2026 09:14:09 UTC] Pages API - Using clerk_user_id: user_3AhnQJV5XslRK9dMtMXyCieGbiA
[16-Mar-2026 09:14:09 UTC] Pages API - Using clerk_user_id: user_3AhnQJV5XslRK9dMtMXyCieGbiA
[16-Mar-2026 09:14:09 UTC] MySQL select query: SELECT `id` FROM `users` WHERE `clerk_user_id` = :where_clerk_user_id_0
[16-Mar-2026 09:14:09 UTC] MySQL select params: {"where_clerk_user_id_0":"user_3AhnQJV5XslRK9dMtMXyCieGbiA"}
[16-Mar-2026 09:14:09 UTC] MySQL select returned 1 rows
[16-Mar-2026 09:14:09 UTC] getUserIdFromClerkId - Query result: [{"id":2}]
[16-Mar-2026 09:14:09 UTC] Pages API - User ID from database: 2
[16-Mar-2026 09:14:09 UTC] Pages API - Success! User ID: 2
[16-Mar-2026 09:14:09 UTC] MySQL select query: SELECT `id`, `title`, `thumbnail_url`, `is_favorite`, `is_public`, `share_token`, `share_slug`, `last_accessed`, `created_at`, `updated_at` FROM `user_pages` WHERE `user_id` = :where_user_id_0 ORDER BY COALESCE(`last_accessed`, '1970-01-01 00:00:00') DESC
[16-Mar-2026 09:14:09 UTC] MySQL select params: {"where_user_id_0":2}
[16-Mar-2026 09:14:09 UTC] MySQL select returned 4 rows
[16-Mar-2026 09:14:11 UTC] Pages API - Incoming request - Method: GET, Payload size: 0 bytes (0 KB)
[16-Mar-2026 09:14:11 UTC] Pages API - Method: GET
[16-Mar-2026 09:14:11 UTC] Pages API - clerk_user_id from request: null
[16-Mar-2026 09:14:11 UTC] Pages API - clerk_user_id from session: user_3AhnQJV5XslRK9dMtMXyCieGbiA
[16-Mar-2026 09:14:11 UTC] Pages API - Using clerk_user_id: user_3AhnQJV5XslRK9dMtMXyCieGbiA
[16-Mar-2026 09:14:11 UTC] Pages API - Using clerk_user_id: user_3AhnQJV5XslRK9dMtMXyCieGbiA
[16-Mar-2026 09:14:11 UTC] MySQL select query: SELECT `id` FROM `users` WHERE `clerk_user_id` = :where_clerk_user_id_0
[16-Mar-2026 09:14:11 UTC] MySQL select params: {"where_clerk_user_id_0":"user_3AhnQJV5XslRK9dMtMXyCieGbiA"}
[16-Mar-2026 09:14:11 UTC] MySQL select returned 1 rows
[16-Mar-2026 09:14:11 UTC] getUserIdFromClerkId - Query result: [{"id":2}]
[16-Mar-2026 09:14:11 UTC] Pages API - User ID from database: 2
[16-Mar-2026 09:14:11 UTC] Pages API - Success! User ID: 2
[16-Mar-2026 09:14:11 UTC] MySQL select query: SELECT `id`, `title`, `thumbnail_url`, `is_favorite`, `is_public`, `share_token`, `share_slug`, `last_accessed`, `created_at`, `updated_at` FROM `user_pages` WHERE `user_id` = :where_user_id_0 ORDER BY COALESCE(`last_accessed`, '1970-01-01 00:00:00') DESC
[16-Mar-2026 09:14:11 UTC] MySQL select params: {"where_user_id_0":2}
[16-Mar-2026 09:14:11 UTC] MySQL select returned 4 rows
[16-Mar-2026 09:14:22 UTC] Successfully loaded .env from: C:\Users\Pablo\Documents\GitHub\nine-screen-canvas-flow/.env
[16-Mar-2026 09:14:22 UTC] MySQL select query: SELECT `id` FROM `users` WHERE `clerk_user_id` = :where_clerk_user_id_0
[16-Mar-2026 09:14:22 UTC] MySQL select params: {"where_clerk_user_id_0":"user_3AhnQJV5XslRK9dMtMXyCieGbiA"}
[16-Mar-2026 09:14:22 UTC] MySQL select returned 1 rows
[16-Mar-2026 09:14:22 UTC] MySQL select query: SELECT * FROM `user_pages` WHERE `id` = :where_id_0 AND `user_id` = :where_user_id_1
[16-Mar-2026 09:14:22 UTC] MySQL select params: {"where_id_0":"dde44853-1c76-11f1-929a-d85ed359730c","where_user_id_1":2}
[16-Mar-2026 09:14:22 UTC] MySQL select returned 1 rows
[16-Mar-2026 09:14:23 UTC] Pages API - Incoming request - Method: GET, Payload size: 0 bytes (0 KB)
[16-Mar-2026 09:14:23 UTC] Pages API - Method: GET
[16-Mar-2026 09:14:23 UTC] Pages API - clerk_user_id from request: null
[16-Mar-2026 09:14:23 UTC] Pages API - clerk_user_id from session: user_3AhnQJV5XslRK9dMtMXyCieGbiA
[16-Mar-2026 09:14:23 UTC] Pages API - Using clerk_user_id: user_3AhnQJV5XslRK9dMtMXyCieGbiA
[16-Mar-2026 09:14:23 UTC] Pages API - Using clerk_user_id: user_3AhnQJV5XslRK9dMtMXyCieGbiA
[16-Mar-2026 09:14:23 UTC] MySQL select query: SELECT `id` FROM `users` WHERE `clerk_user_id` = :where_clerk_user_id_0
[16-Mar-2026 09:14:23 UTC] MySQL select params: {"where_clerk_user_id_0":"user_3AhnQJV5XslRK9dMtMXyCieGbiA"}
[16-Mar-2026 09:14:23 UTC] MySQL select returned 1 rows
[16-Mar-2026 09:14:23 UTC] getUserIdFromClerkId - Query result: [{"id":2}]
[16-Mar-2026 09:14:23 UTC] Pages API - User ID from database: 2
[16-Mar-2026 09:14:23 UTC] Pages API - Success! User ID: 2
[16-Mar-2026 09:14:23 UTC] MySQL select query: SELECT `id`, `title`, `thumbnail_url`, `is_favorite`, `is_public`, `share_token`, `share_slug`, `last_accessed`, `created_at`, `updated_at` FROM `user_pages` WHERE `user_id` = :where_user_id_0 ORDER BY COALESCE(`last_accessed`, '1970-01-01 00:00:00') DESC
[16-Mar-2026 09:14:23 UTC] MySQL select params: {"where_user_id_0":2}
[16-Mar-2026 09:14:23 UTC] MySQL select returned 4 rows
[16-Mar-2026 09:14:27 UTC] Pages API - Incoming request - Method: GET, Payload size: 0 bytes (0 KB)
[16-Mar-2026 09:14:27 UTC] Pages API - Method: GET
[16-Mar-2026 09:14:27 UTC] Pages API - clerk_user_id from request: null
[16-Mar-2026 09:14:27 UTC] Pages API - clerk_user_id from session: user_3AhnQJV5XslRK9dMtMXyCieGbiA
[16-Mar-2026 09:14:27 UTC] Pages API - Using clerk_user_id: user_3AhnQJV5XslRK9dMtMXyCieGbiA
[16-Mar-2026 09:14:27 UTC] Pages API - Using clerk_user_id: user_3AhnQJV5XslRK9dMtMXyCieGbiA
[16-Mar-2026 09:14:27 UTC] MySQL select query: SELECT `id` FROM `users` WHERE `clerk_user_id` = :where_clerk_user_id_0
[16-Mar-2026 09:14:27 UTC] MySQL select params: {"where_clerk_user_id_0":"user_3AhnQJV5XslRK9dMtMXyCieGbiA"}
[16-Mar-2026 09:14:27 UTC] MySQL select returned 1 rows
[16-Mar-2026 09:14:27 UTC] getUserIdFromClerkId - Query result: [{"id":2}]
[16-Mar-2026 09:14:27 UTC] Pages API - User ID from database: 2
[16-Mar-2026 09:14:27 UTC] Pages API - Success! User ID: 2
[16-Mar-2026 09:14:27 UTC] MySQL select query: SELECT `id`, `title`, `thumbnail_url`, `is_favorite`, `is_public`, `share_token`, `share_slug`, `last_accessed`, `created_at`, `updated_at` FROM `user_pages` WHERE `user_id` = :where_user_id_0 ORDER BY COALESCE(`last_accessed`, '1970-01-01 00:00:00') DESC
[16-Mar-2026 09:14:27 UTC] MySQL select params: {"where_user_id_0":2}
[16-Mar-2026 09:14:27 UTC] MySQL select returned 4 rows
[16-Mar-2026 09:14:51 UTC] Pages API - Incoming request - Method: PUT, Payload size: 69,017 bytes (67.4 KB)
[16-Mar-2026 09:14:51 UTC] Pages API - Method: PUT
[16-Mar-2026 09:14:51 UTC] Pages API - clerk_user_id from request: user_3AhnQJV5XslRK9dMtMXyCieGbiA
[16-Mar-2026 09:14:51 UTC] Pages API - clerk_user_id from session: user_3AhnQJV5XslRK9dMtMXyCieGbiA
[16-Mar-2026 09:14:51 UTC] Pages API - Using clerk_user_id: user_3AhnQJV5XslRK9dMtMXyCieGbiA
[16-Mar-2026 09:14:51 UTC] Pages API - Using clerk_user_id: user_3AhnQJV5XslRK9dMtMXyCieGbiA
[16-Mar-2026 09:14:51 UTC] MySQL select query: SELECT `id` FROM `users` WHERE `clerk_user_id` = :where_clerk_user_id_0
[16-Mar-2026 09:14:51 UTC] MySQL select params: {"where_clerk_user_id_0":"user_3AhnQJV5XslRK9dMtMXyCieGbiA"}
[16-Mar-2026 09:14:51 UTC] MySQL select returned 1 rows
[16-Mar-2026 09:14:51 UTC] getUserIdFromClerkId - Query result: [{"id":2}]
[16-Mar-2026 09:14:51 UTC] Pages API - User ID from database: 2
[16-Mar-2026 09:14:51 UTC] Pages API - Success! User ID: 2
[16-Mar-2026 09:14:51 UTC] MySQL select query: SELECT `id`, `updated_at` FROM `user_pages` WHERE `id` = :where_id_0 AND `user_id` = :where_user_id_1
[16-Mar-2026 09:14:51 UTC] MySQL select params: {"where_id_0":"dde44853-1c76-11f1-929a-d85ed359730c","where_user_id_1":2}
[16-Mar-2026 09:14:51 UTC] MySQL select returned 1 rows
[16-Mar-2026 09:14:51 UTC] MySQL update query: UPDATE `user_pages` SET `title` = :title, `data` = :data, `last_accessed` = :last_accessed, `updated_at` = :updated_at WHERE `id` = :where_id_0 AND `user_id` = :where_user_id_1
[16-Mar-2026 09:14:51 UTC] MySQL update params: {"title":"testing","data":"{\"fullHtml\":\"\\n                <!-- NAV -->\\n    <...[truncated]","last_accessed":"2026-03-16 09:14:51","updated_at":"2026-03-16 09:14:51","where_id_0":"dde44853-1c76-11f1-929a-d85ed359730c","where_user_id_1":2}
[16-Mar-2026 09:14:51 UTC] MySQL update affected rows: 1
[16-Mar-2026 09:14:51 UTC] MySQL select query: SELECT * FROM `user_pages` WHERE `id` = :where_id_0 AND `user_id` = :where_user_id_1
[16-Mar-2026 09:14:51 UTC] MySQL select params: {"where_id_0":"dde44853-1c76-11f1-929a-d85ed359730c","where_user_id_1":2}
[16-Mar-2026 09:14:51 UTC] MySQL select returned 1 rows
[16-Mar-2026 09:15:40 UTC] Pages API - Incoming request - Method: GET, Payload size: 0 bytes (0 KB)
[16-Mar-2026 09:15:40 UTC] Pages API - Method: GET
[16-Mar-2026 09:15:40 UTC] Pages API - clerk_user_id from request: null
[16-Mar-2026 09:15:40 UTC] Pages API - clerk_user_id from session: user_3AhnQJV5XslRK9dMtMXyCieGbiA
[16-Mar-2026 09:15:40 UTC] Pages API - Using clerk_user_id: user_3AhnQJV5XslRK9dMtMXyCieGbiA
[16-Mar-2026 09:15:40 UTC] Pages API - Using clerk_user_id: user_3AhnQJV5XslRK9dMtMXyCieGbiA
[16-Mar-2026 09:15:40 UTC] MySQL select query: SELECT `id` FROM `users` WHERE `clerk_user_id` = :where_clerk_user_id_0
[16-Mar-2026 09:15:40 UTC] MySQL select params: {"where_clerk_user_id_0":"user_3AhnQJV5XslRK9dMtMXyCieGbiA"}
[16-Mar-2026 09:15:40 UTC] MySQL select returned 1 rows
[16-Mar-2026 09:15:40 UTC] getUserIdFromClerkId - Query result: [{"id":2}]
[16-Mar-2026 09:15:40 UTC] Pages API - User ID from database: 2
[16-Mar-2026 09:15:40 UTC] Pages API - Success! User ID: 2
[16-Mar-2026 09:15:40 UTC] MySQL select query: SELECT `id`, `title`, `thumbnail_url`, `is_favorite`, `is_public`, `share_token`, `share_slug`, `last_accessed`, `created_at`, `updated_at` FROM `user_pages` WHERE `user_id` = :where_user_id_0 ORDER BY COALESCE(`last_accessed`, '1970-01-01 00:00:00') DESC
[16-Mar-2026 09:15:40 UTC] MySQL select params: {"where_user_id_0":2}
[16-Mar-2026 09:15:40 UTC] MySQL select returned 4 rows
[16-Mar-2026 09:16:11 UTC] Pages API - Incoming request - Method: POST, Payload size: 113 bytes (0.11 KB)
[16-Mar-2026 09:16:11 UTC] Pages API - Method: POST
[16-Mar-2026 09:16:11 UTC] Pages API - clerk_user_id from request: user_3AhnQJV5XslRK9dMtMXyCieGbiA
[16-Mar-2026 09:16:11 UTC] Pages API - clerk_user_id from session: user_3AhnQJV5XslRK9dMtMXyCieGbiA
[16-Mar-2026 09:16:11 UTC] Pages API - Using clerk_user_id: user_3AhnQJV5XslRK9dMtMXyCieGbiA
[16-Mar-2026 09:16:11 UTC] Pages API - Using clerk_user_id: user_3AhnQJV5XslRK9dMtMXyCieGbiA
[16-Mar-2026 09:16:11 UTC] MySQL select query: SELECT `id` FROM `users` WHERE `clerk_user_id` = :where_clerk_user_id_0
[16-Mar-2026 09:16:11 UTC] MySQL select params: {"where_clerk_user_id_0":"user_3AhnQJV5XslRK9dMtMXyCieGbiA"}
[16-Mar-2026 09:16:11 UTC] MySQL select returned 1 rows
[16-Mar-2026 09:16:11 UTC] getUserIdFromClerkId - Query result: [{"id":2}]
[16-Mar-2026 09:16:11 UTC] Pages API - User ID from database: 2
[16-Mar-2026 09:16:11 UTC] Pages API - Success! User ID: 2
[16-Mar-2026 09:16:11 UTC] Pages API POST - action='share', input_keys=action,id,clerk_user_id, raw_snippet={"action":"share","id":"dde44853-1c76-11f1-929a-d85ed359730c","clerk_user_id":"user_3AhnQJV5XslRK9dMtMXyCieGbiA"}
[16-Mar-2026 09:16:11 UTC] MySQL select query: SELECT `id`, `share_token`, `is_public`, `share_slug` FROM `user_pages` WHERE `id` = :where_id_0 AND `user_id` = :where_user_id_1
[16-Mar-2026 09:16:11 UTC] MySQL select params: {"where_id_0":"dde44853-1c76-11f1-929a-d85ed359730c","where_user_id_1":2}
[16-Mar-2026 09:16:11 UTC] MySQL select returned 1 rows
[16-Mar-2026 09:16:16 UTC] Pages API - Incoming request - Method: GET, Payload size: 0 bytes (0 KB)
[16-Mar-2026 09:16:16 UTC] Pages API - Method: GET
[16-Mar-2026 09:16:16 UTC] Pages API - clerk_user_id from request: null
[16-Mar-2026 09:16:16 UTC] Pages API - clerk_user_id from session: user_3AhnQJV5XslRK9dMtMXyCieGbiA
[16-Mar-2026 09:16:16 UTC] Pages API - Using clerk_user_id: user_3AhnQJV5XslRK9dMtMXyCieGbiA
[16-Mar-2026 09:16:16 UTC] Pages API - Using clerk_user_id: user_3AhnQJV5XslRK9dMtMXyCieGbiA
[16-Mar-2026 09:16:16 UTC] MySQL select query: SELECT `id` FROM `users` WHERE `clerk_user_id` = :where_clerk_user_id_0
[16-Mar-2026 09:16:16 UTC] MySQL select params: {"where_clerk_user_id_0":"user_3AhnQJV5XslRK9dMtMXyCieGbiA"}
[16-Mar-2026 09:16:16 UTC] MySQL select returned 1 rows
[16-Mar-2026 09:16:16 UTC] getUserIdFromClerkId - Query result: [{"id":2}]
[16-Mar-2026 09:16:16 UTC] Pages API - User ID from database: 2
[16-Mar-2026 09:16:16 UTC] Pages API - Success! User ID: 2
[16-Mar-2026 09:16:16 UTC] MySQL select query: SELECT `id`, `title`, `thumbnail_url`, `is_favorite`, `is_public`, `share_token`, `share_slug`, `last_accessed`, `created_at`, `updated_at` FROM `user_pages` WHERE `user_id` = :where_user_id_0 ORDER BY COALESCE(`last_accessed`, '1970-01-01 00:00:00') DESC
[16-Mar-2026 09:16:16 UTC] MySQL select params: {"where_user_id_0":2}
[16-Mar-2026 09:16:16 UTC] MySQL select returned 4 rows
[16-Mar-2026 09:16:18 UTC] Successfully loaded .env from: C:\Users\Pablo\Documents\GitHub\nine-screen-canvas-flow/.env
[16-Mar-2026 09:16:18 UTC] MySQL select query: SELECT `id` FROM `users` WHERE `clerk_user_id` = :where_clerk_user_id_0
[16-Mar-2026 09:16:18 UTC] MySQL select params: {"where_clerk_user_id_0":"user_3AhnQJV5XslRK9dMtMXyCieGbiA"}
[16-Mar-2026 09:16:18 UTC] MySQL select returned 1 rows
[16-Mar-2026 09:16:18 UTC] MySQL select query: SELECT * FROM `user_pages` WHERE `id` = :where_id_0 AND `user_id` = :where_user_id_1
[16-Mar-2026 09:16:18 UTC] MySQL select params: {"where_id_0":"9c8ec1a8-1ecd-11f1-8378-d85ed359730c","where_user_id_1":2}
[16-Mar-2026 09:16:18 UTC] MySQL select returned 1 rows
[16-Mar-2026 09:16:20 UTC] Pages API - Incoming request - Method: GET, Payload size: 0 bytes (0 KB)
[16-Mar-2026 09:16:20 UTC] Pages API - Method: GET
[16-Mar-2026 09:16:20 UTC] Pages API - clerk_user_id from request: null
[16-Mar-2026 09:16:20 UTC] Pages API - clerk_user_id from session: user_3AhnQJV5XslRK9dMtMXyCieGbiA
[16-Mar-2026 09:16:20 UTC] Pages API - Using clerk_user_id: user_3AhnQJV5XslRK9dMtMXyCieGbiA
[16-Mar-2026 09:16:20 UTC] Pages API - Using clerk_user_id: user_3AhnQJV5XslRK9dMtMXyCieGbiA
[16-Mar-2026 09:16:20 UTC] MySQL select query: SELECT `id` FROM `users` WHERE `clerk_user_id` = :where_clerk_user_id_0
[16-Mar-2026 09:16:20 UTC] MySQL select params: {"where_clerk_user_id_0":"user_3AhnQJV5XslRK9dMtMXyCieGbiA"}
[16-Mar-2026 09:16:20 UTC] MySQL select returned 1 rows
[16-Mar-2026 09:16:20 UTC] getUserIdFromClerkId - Query result: [{"id":2}]
[16-Mar-2026 09:16:20 UTC] Pages API - User ID from database: 2
[16-Mar-2026 09:16:20 UTC] Pages API - Success! User ID: 2
[16-Mar-2026 09:16:20 UTC] MySQL select query: SELECT `id`, `title`, `thumbnail_url`, `is_favorite`, `is_public`, `share_token`, `share_slug`, `last_accessed`, `created_at`, `updated_at` FROM `user_pages` WHERE `user_id` = :where_user_id_0 ORDER BY COALESCE(`last_accessed`, '1970-01-01 00:00:00') DESC
[16-Mar-2026 09:16:20 UTC] MySQL select params: {"where_user_id_0":2}
[16-Mar-2026 09:16:20 UTC] MySQL select returned 4 rows
[16-Mar-2026 09:16:21 UTC] Pages API - Incoming request - Method: GET, Payload size: 0 bytes (0 KB)
[16-Mar-2026 09:16:21 UTC] Pages API - Method: GET
[16-Mar-2026 09:16:21 UTC] Pages API - clerk_user_id from request: null
[16-Mar-2026 09:16:21 UTC] Pages API - clerk_user_id from session: user_3AhnQJV5XslRK9dMtMXyCieGbiA
[16-Mar-2026 09:16:21 UTC] Pages API - Using clerk_user_id: user_3AhnQJV5XslRK9dMtMXyCieGbiA
[16-Mar-2026 09:16:21 UTC] Pages API - Using clerk_user_id: user_3AhnQJV5XslRK9dMtMXyCieGbiA
[16-Mar-2026 09:16:21 UTC] MySQL select query: SELECT `id` FROM `users` WHERE `clerk_user_id` = :where_clerk_user_id_0
[16-Mar-2026 09:16:21 UTC] MySQL select params: {"where_clerk_user_id_0":"user_3AhnQJV5XslRK9dMtMXyCieGbiA"}
[16-Mar-2026 09:16:21 UTC] MySQL select returned 1 rows
[16-Mar-2026 09:16:21 UTC] getUserIdFromClerkId - Query result: [{"id":2}]
[16-Mar-2026 09:16:21 UTC] Pages API - User ID from database: 2
[16-Mar-2026 09:16:21 UTC] Pages API - Success! User ID: 2
[16-Mar-2026 09:16:21 UTC] MySQL select query: SELECT `id`, `title`, `thumbnail_url`, `is_favorite`, `is_public`, `share_token`, `share_slug`, `last_accessed`, `created_at`, `updated_at` FROM `user_pages` WHERE `user_id` = :where_user_id_0 ORDER BY COALESCE(`last_accessed`, '1970-01-01 00:00:00') DESC
[16-Mar-2026 09:16:21 UTC] MySQL select params: {"where_user_id_0":2}
[16-Mar-2026 09:16:21 UTC] MySQL select returned 4 rows
[16-Mar-2026 09:16:27 UTC] Pages API - Incoming request - Method: POST, Payload size: 113 bytes (0.11 KB)
[16-Mar-2026 09:16:27 UTC] Pages API - Method: POST
[16-Mar-2026 09:16:27 UTC] Pages API - clerk_user_id from request: user_3AhnQJV5XslRK9dMtMXyCieGbiA
[16-Mar-2026 09:16:27 UTC] Pages API - clerk_user_id from session: user_3AhnQJV5XslRK9dMtMXyCieGbiA
[16-Mar-2026 09:16:27 UTC] Pages API - Using clerk_user_id: user_3AhnQJV5XslRK9dMtMXyCieGbiA
[16-Mar-2026 09:16:27 UTC] Pages API - Using clerk_user_id: user_3AhnQJV5XslRK9dMtMXyCieGbiA
[16-Mar-2026 09:16:27 UTC] MySQL select query: SELECT `id` FROM `users` WHERE `clerk_user_id` = :where_clerk_user_id_0
[16-Mar-2026 09:16:27 UTC] MySQL select params: {"where_clerk_user_id_0":"user_3AhnQJV5XslRK9dMtMXyCieGbiA"}
[16-Mar-2026 09:16:27 UTC] MySQL select returned 1 rows
[16-Mar-2026 09:16:27 UTC] getUserIdFromClerkId - Query result: [{"id":2}]
[16-Mar-2026 09:16:27 UTC] Pages API - User ID from database: 2
[16-Mar-2026 09:16:27 UTC] Pages API - Success! User ID: 2
[16-Mar-2026 09:16:27 UTC] Pages API POST - action='share', input_keys=action,id,clerk_user_id, raw_snippet={"action":"share","id":"9c8ec1a8-1ecd-11f1-8378-d85ed359730c","clerk_user_id":"user_3AhnQJV5XslRK9dMtMXyCieGbiA"}
[16-Mar-2026 09:16:27 UTC] MySQL select query: SELECT `id`, `share_token`, `is_public`, `share_slug` FROM `user_pages` WHERE `id` = :where_id_0 AND `user_id` = :where_user_id_1
[16-Mar-2026 09:16:27 UTC] MySQL select params: {"where_id_0":"9c8ec1a8-1ecd-11f1-8378-d85ed359730c","where_user_id_1":2}
[16-Mar-2026 09:16:27 UTC] MySQL select returned 1 rows
[16-Mar-2026 09:16:35 UTC] Pages API - Incoming request - Method: GET, Payload size: 0 bytes (0 KB)
[16-Mar-2026 09:16:35 UTC] Pages API - Method: GET
[16-Mar-2026 09:16:35 UTC] Pages API - clerk_user_id from request: null
[16-Mar-2026 09:16:35 UTC] Pages API - clerk_user_id from session: user_3AhnQJV5XslRK9dMtMXyCieGbiA
[16-Mar-2026 09:16:35 UTC] Pages API - Using clerk_user_id: user_3AhnQJV5XslRK9dMtMXyCieGbiA
[16-Mar-2026 09:16:35 UTC] Pages API - Using clerk_user_id: user_3AhnQJV5XslRK9dMtMXyCieGbiA
[16-Mar-2026 09:16:35 UTC] MySQL select query: SELECT `id` FROM `users` WHERE `clerk_user_id` = :where_clerk_user_id_0
[16-Mar-2026 09:16:35 UTC] MySQL select params: {"where_clerk_user_id_0":"user_3AhnQJV5XslRK9dMtMXyCieGbiA"}
[16-Mar-2026 09:16:35 UTC] MySQL select returned 1 rows
[16-Mar-2026 09:16:35 UTC] getUserIdFromClerkId - Query result: [{"id":2}]
[16-Mar-2026 09:16:35 UTC] Pages API - User ID from database: 2
[16-Mar-2026 09:16:35 UTC] Pages API - Success! User ID: 2
[16-Mar-2026 09:16:35 UTC] MySQL select query: SELECT `id`, `title`, `thumbnail_url`, `is_favorite`, `is_public`, `share_token`, `share_slug`, `last_accessed`, `created_at`, `updated_at` FROM `user_pages` WHERE `user_id` = :where_user_id_0 ORDER BY COALESCE(`last_accessed`, '1970-01-01 00:00:00') DESC
[16-Mar-2026 09:16:35 UTC] MySQL select params: {"where_user_id_0":2}
[16-Mar-2026 09:16:35 UTC] MySQL select returned 4 rows
[16-Mar-2026 09:18:39 UTC] Pages API - Incoming request - Method: POST, Payload size: 113 bytes (0.11 KB)
[16-Mar-2026 09:18:39 UTC] Pages API - Method: POST
[16-Mar-2026 09:18:39 UTC] Pages API - clerk_user_id from request: user_3AhnQJV5XslRK9dMtMXyCieGbiA
[16-Mar-2026 09:18:39 UTC] Pages API - clerk_user_id from session: user_3AhnQJV5XslRK9dMtMXyCieGbiA
[16-Mar-2026 09:18:39 UTC] Pages API - Using clerk_user_id: user_3AhnQJV5XslRK9dMtMXyCieGbiA
[16-Mar-2026 09:18:39 UTC] Pages API - Using clerk_user_id: user_3AhnQJV5XslRK9dMtMXyCieGbiA
[16-Mar-2026 09:18:39 UTC] MySQL select query: SELECT `id` FROM `users` WHERE `clerk_user_id` = :where_clerk_user_id_0
[16-Mar-2026 09:18:39 UTC] MySQL select params: {"where_clerk_user_id_0":"user_3AhnQJV5XslRK9dMtMXyCieGbiA"}
[16-Mar-2026 09:18:39 UTC] MySQL select returned 1 rows
[16-Mar-2026 09:18:39 UTC] getUserIdFromClerkId - Query result: [{"id":2}]
[16-Mar-2026 09:18:39 UTC] Pages API - User ID from database: 2
[16-Mar-2026 09:18:39 UTC] Pages API - Success! User ID: 2
[16-Mar-2026 09:18:39 UTC] Pages API POST - action='share', input_keys=action,id,clerk_user_id, raw_snippet={"action":"share","id":"9c8ec1a8-1ecd-11f1-8378-d85ed359730c","clerk_user_id":"user_3AhnQJV5XslRK9dMtMXyCieGbiA"}
[16-Mar-2026 09:18:39 UTC] MySQL select query: SELECT `id`, `share_token`, `is_public`, `share_slug` FROM `user_pages` WHERE `id` = :where_id_0 AND `user_id` = :where_user_id_1
[16-Mar-2026 09:18:39 UTC] MySQL select params: {"where_id_0":"9c8ec1a8-1ecd-11f1-8378-d85ed359730c","where_user_id_1":2}
[16-Mar-2026 09:18:39 UTC] MySQL select returned 1 rows
[16-Mar-2026 09:18:52 UTC] Pages API - Incoming request - Method: GET, Payload size: 0 bytes (0 KB)
[16-Mar-2026 09:18:52 UTC] Pages API - Method: GET
[16-Mar-2026 09:18:52 UTC] Pages API - clerk_user_id from request: null
[16-Mar-2026 09:18:52 UTC] Pages API - clerk_user_id from session: user_3AhnQJV5XslRK9dMtMXyCieGbiA
[16-Mar-2026 09:18:52 UTC] Pages API - Using clerk_user_id: user_3AhnQJV5XslRK9dMtMXyCieGbiA
[16-Mar-2026 09:18:52 UTC] Pages API - Using clerk_user_id: user_3AhnQJV5XslRK9dMtMXyCieGbiA
[16-Mar-2026 09:18:52 UTC] MySQL select query: SELECT `id` FROM `users` WHERE `clerk_user_id` = :where_clerk_user_id_0
[16-Mar-2026 09:18:52 UTC] MySQL select params: {"where_clerk_user_id_0":"user_3AhnQJV5XslRK9dMtMXyCieGbiA"}
[16-Mar-2026 09:18:52 UTC] MySQL select returned 1 rows
[16-Mar-2026 09:18:52 UTC] getUserIdFromClerkId - Query result: [{"id":2}]
[16-Mar-2026 09:18:52 UTC] Pages API - User ID from database: 2
[16-Mar-2026 09:18:52 UTC] Pages API - Success! User ID: 2
[16-Mar-2026 09:18:52 UTC] MySQL select query: SELECT `id`, `title`, `thumbnail_url`, `is_favorite`, `is_public`, `share_token`, `share_slug`, `last_accessed`, `created_at`, `updated_at` FROM `user_pages` WHERE `user_id` = :where_user_id_0 ORDER BY COALESCE(`last_accessed`, '1970-01-01 00:00:00') DESC
[16-Mar-2026 09:18:52 UTC] MySQL select params: {"where_user_id_0":2}
[16-Mar-2026 09:18:52 UTC] MySQL select returned 4 rows
[16-Mar-2026 09:18:56 UTC] Pages API - Incoming request - Method: GET, Payload size: 0 bytes (0 KB)
[16-Mar-2026 09:18:56 UTC] Pages API - Method: GET
[16-Mar-2026 09:18:56 UTC] Pages API - clerk_user_id from request: null
[16-Mar-2026 09:18:56 UTC] Pages API - clerk_user_id from session: user_3AhnQJV5XslRK9dMtMXyCieGbiA
[16-Mar-2026 09:18:56 UTC] Pages API - Using clerk_user_id: user_3AhnQJV5XslRK9dMtMXyCieGbiA
[16-Mar-2026 09:18:56 UTC] Pages API - Using clerk_user_id: user_3AhnQJV5XslRK9dMtMXyCieGbiA
[16-Mar-2026 09:18:56 UTC] MySQL select query: SELECT `id` FROM `users` WHERE `clerk_user_id` = :where_clerk_user_id_0
[16-Mar-2026 09:18:56 UTC] MySQL select params: {"where_clerk_user_id_0":"user_3AhnQJV5XslRK9dMtMXyCieGbiA"}
[16-Mar-2026 09:18:56 UTC] MySQL select returned 1 rows
[16-Mar-2026 09:18:56 UTC] getUserIdFromClerkId - Query result: [{"id":2}]
[16-Mar-2026 09:18:56 UTC] Pages API - User ID from database: 2
[16-Mar-2026 09:18:56 UTC] Pages API - Success! User ID: 2
[16-Mar-2026 09:18:56 UTC] MySQL select query: SELECT `id`, `title`, `thumbnail_url`, `is_favorite`, `is_public`, `share_token`, `share_slug`, `last_accessed`, `created_at`, `updated_at` FROM `user_pages` WHERE `user_id` = :where_user_id_0 ORDER BY COALESCE(`last_accessed`, '1970-01-01 00:00:00') DESC
[16-Mar-2026 09:18:56 UTC] MySQL select params: {"where_user_id_0":2}
[16-Mar-2026 09:18:56 UTC] MySQL select returned 4 rows
[16-Mar-2026 09:19:23 UTC] Pages API - Incoming request - Method: PUT, Payload size: 60,792 bytes (59.37 KB)
[16-Mar-2026 09:19:23 UTC] Pages API - Method: PUT
[16-Mar-2026 09:19:23 UTC] Pages API - clerk_user_id from request: user_3AhnQJV5XslRK9dMtMXyCieGbiA
[16-Mar-2026 09:19:23 UTC] Pages API - clerk_user_id from session: user_3AhnQJV5XslRK9dMtMXyCieGbiA
[16-Mar-2026 09:19:23 UTC] Pages API - Using clerk_user_id: user_3AhnQJV5XslRK9dMtMXyCieGbiA
[16-Mar-2026 09:19:23 UTC] Pages API - Using clerk_user_id: user_3AhnQJV5XslRK9dMtMXyCieGbiA
[16-Mar-2026 09:19:23 UTC] MySQL select query: SELECT `id` FROM `users` WHERE `clerk_user_id` = :where_clerk_user_id_0
[16-Mar-2026 09:19:23 UTC] MySQL select params: {"where_clerk_user_id_0":"user_3AhnQJV5XslRK9dMtMXyCieGbiA"}
[16-Mar-2026 09:19:23 UTC] MySQL select returned 1 rows
[16-Mar-2026 09:19:23 UTC] getUserIdFromClerkId - Query result: [{"id":2}]
[16-Mar-2026 09:19:23 UTC] Pages API - User ID from database: 2
[16-Mar-2026 09:19:23 UTC] Pages API - Success! User ID: 2
[16-Mar-2026 09:19:23 UTC] MySQL select query: SELECT `id`, `updated_at` FROM `user_pages` WHERE `id` = :where_id_0 AND `user_id` = :where_user_id_1
[16-Mar-2026 09:19:23 UTC] MySQL select params: {"where_id_0":"9c8ec1a8-1ecd-11f1-8378-d85ed359730c","where_user_id_1":2}
[16-Mar-2026 09:19:23 UTC] MySQL select returned 1 rows
[16-Mar-2026 09:19:23 UTC] MySQL update query: UPDATE `user_pages` SET `title` = :title, `data` = :data, `last_accessed` = :last_accessed, `updated_at` = :updated_at WHERE `id` = :where_id_0 AND `user_id` = :where_user_id_1
[16-Mar-2026 09:19:23 UTC] MySQL update params: {"title":"Pro Page","data":"{\"fullHtml\":\"\\n                <!-- NAV -->\\n\\n   ...[truncated]","last_accessed":"2026-03-16 09:19:23","updated_at":"2026-03-16 09:19:23","where_id_0":"9c8ec1a8-1ecd-11f1-8378-d85ed359730c","where_user_id_1":2}
[16-Mar-2026 09:19:23 UTC] MySQL update affected rows: 1
[16-Mar-2026 09:19:23 UTC] MySQL select query: SELECT * FROM `user_pages` WHERE `id` = :where_id_0 AND `user_id` = :where_user_id_1
[16-Mar-2026 09:19:23 UTC] MySQL select params: {"where_id_0":"9c8ec1a8-1ecd-11f1-8378-d85ed359730c","where_user_id_1":2}
[16-Mar-2026 09:19:23 UTC] MySQL select returned 1 rows
[16-Mar-2026 09:19:29 UTC] Pages API - Incoming request - Method: PUT, Payload size: 60,811 bytes (59.39 KB)
[16-Mar-2026 09:19:29 UTC] Pages API - Method: PUT
[16-Mar-2026 09:19:29 UTC] Pages API - clerk_user_id from request: user_3AhnQJV5XslRK9dMtMXyCieGbiA
[16-Mar-2026 09:19:29 UTC] Pages API - clerk_user_id from session: user_3AhnQJV5XslRK9dMtMXyCieGbiA
[16-Mar-2026 09:19:29 UTC] Pages API - Using clerk_user_id: user_3AhnQJV5XslRK9dMtMXyCieGbiA
[16-Mar-2026 09:19:29 UTC] Pages API - Using clerk_user_id: user_3AhnQJV5XslRK9dMtMXyCieGbiA
[16-Mar-2026 09:19:29 UTC] MySQL select query: SELECT `id` FROM `users` WHERE `clerk_user_id` = :where_clerk_user_id_0
[16-Mar-2026 09:19:29 UTC] MySQL select params: {"where_clerk_user_id_0":"user_3AhnQJV5XslRK9dMtMXyCieGbiA"}
[16-Mar-2026 09:19:29 UTC] MySQL select returned 1 rows
[16-Mar-2026 09:19:29 UTC] getUserIdFromClerkId - Query result: [{"id":2}]
[16-Mar-2026 09:19:29 UTC] Pages API - User ID from database: 2
[16-Mar-2026 09:19:29 UTC] Pages API - Success! User ID: 2
[16-Mar-2026 09:19:29 UTC] MySQL select query: SELECT `id`, `updated_at` FROM `user_pages` WHERE `id` = :where_id_0 AND `user_id` = :where_user_id_1
[16-Mar-2026 09:19:29 UTC] MySQL select params: {"where_id_0":"9c8ec1a8-1ecd-11f1-8378-d85ed359730c","where_user_id_1":2}
[16-Mar-2026 09:19:29 UTC] MySQL select returned 1 rows
[16-Mar-2026 09:19:29 UTC] MySQL update query: UPDATE `user_pages` SET `title` = :title, `data` = :data, `last_accessed` = :last_accessed, `updated_at` = :updated_at WHERE `id` = :where_id_0 AND `user_id` = :where_user_id_1
[16-Mar-2026 09:19:29 UTC] MySQL update params: {"title":"Pro Page","data":"{\"fullHtml\":\"\\n                <!-- NAV -->\\n\\n   ...[truncated]","last_accessed":"2026-03-16 09:19:29","updated_at":"2026-03-16 09:19:29","where_id_0":"9c8ec1a8-1ecd-11f1-8378-d85ed359730c","where_user_id_1":2}
[16-Mar-2026 09:19:29 UTC] MySQL update affected rows: 1
[16-Mar-2026 09:19:29 UTC] MySQL select query: SELECT * FROM `user_pages` WHERE `id` = :where_id_0 AND `user_id` = :where_user_id_1
[16-Mar-2026 09:19:29 UTC] MySQL select params: {"where_id_0":"9c8ec1a8-1ecd-11f1-8378-d85ed359730c","where_user_id_1":2}
[16-Mar-2026 09:19:29 UTC] MySQL select returned 1 rows
[16-Mar-2026 09:19:31 UTC] Pages API - Incoming request - Method: PUT, Payload size: 60,792 bytes (59.37 KB)
[16-Mar-2026 09:19:31 UTC] Pages API - Method: PUT
[16-Mar-2026 09:19:31 UTC] Pages API - clerk_user_id from request: user_3AhnQJV5XslRK9dMtMXyCieGbiA
[16-Mar-2026 09:19:31 UTC] Pages API - clerk_user_id from session: user_3AhnQJV5XslRK9dMtMXyCieGbiA
[16-Mar-2026 09:19:31 UTC] Pages API - Using clerk_user_id: user_3AhnQJV5XslRK9dMtMXyCieGbiA
[16-Mar-2026 09:19:31 UTC] Pages API - Using clerk_user_id: user_3AhnQJV5XslRK9dMtMXyCieGbiA
[16-Mar-2026 09:19:31 UTC] MySQL select query: SELECT `id` FROM `users` WHERE `clerk_user_id` = :where_clerk_user_id_0
[16-Mar-2026 09:19:31 UTC] MySQL select params: {"where_clerk_user_id_0":"user_3AhnQJV5XslRK9dMtMXyCieGbiA"}
[16-Mar-2026 09:19:31 UTC] MySQL select returned 1 rows
[16-Mar-2026 09:19:31 UTC] getUserIdFromClerkId - Query result: [{"id":2}]
[16-Mar-2026 09:19:31 UTC] Pages API - User ID from database: 2
[16-Mar-2026 09:19:31 UTC] Pages API - Success! User ID: 2
[16-Mar-2026 09:19:31 UTC] MySQL select query: SELECT `id`, `updated_at` FROM `user_pages` WHERE `id` = :where_id_0 AND `user_id` = :where_user_id_1
[16-Mar-2026 09:19:31 UTC] MySQL select params: {"where_id_0":"9c8ec1a8-1ecd-11f1-8378-d85ed359730c","where_user_id_1":2}
[16-Mar-2026 09:19:31 UTC] MySQL select returned 1 rows
[16-Mar-2026 09:19:31 UTC] MySQL update query: UPDATE `user_pages` SET `title` = :title, `data` = :data, `last_accessed` = :last_accessed, `updated_at` = :updated_at WHERE `id` = :where_id_0 AND `user_id` = :where_user_id_1
[16-Mar-2026 09:19:31 UTC] MySQL update params: {"title":"Pro Page","data":"{\"fullHtml\":\"\\n                <!-- NAV -->\\n\\n   ...[truncated]","last_accessed":"2026-03-16 09:19:31","updated_at":"2026-03-16 09:19:31","where_id_0":"9c8ec1a8-1ecd-11f1-8378-d85ed359730c","where_user_id_1":2}
[16-Mar-2026 09:19:31 UTC] MySQL update affected rows: 1
[16-Mar-2026 09:19:31 UTC] MySQL select query: SELECT * FROM `user_pages` WHERE `id` = :where_id_0 AND `user_id` = :where_user_id_1
[16-Mar-2026 09:19:31 UTC] MySQL select params: {"where_id_0":"9c8ec1a8-1ecd-11f1-8378-d85ed359730c","where_user_id_1":2}
[16-Mar-2026 09:19:31 UTC] MySQL select returned 1 rows
[16-Mar-2026 09:19:36 UTC] Pages API - Incoming request - Method: PUT, Payload size: 60,787 bytes (59.36 KB)
[16-Mar-2026 09:19:36 UTC] Pages API - Method: PUT
[16-Mar-2026 09:19:36 UTC] Pages API - clerk_user_id from request: user_3AhnQJV5XslRK9dMtMXyCieGbiA
[16-Mar-2026 09:19:36 UTC] Pages API - clerk_user_id from session: user_3AhnQJV5XslRK9dMtMXyCieGbiA
[16-Mar-2026 09:19:36 UTC] Pages API - Using clerk_user_id: user_3AhnQJV5XslRK9dMtMXyCieGbiA
[16-Mar-2026 09:19:36 UTC] Pages API - Using clerk_user_id: user_3AhnQJV5XslRK9dMtMXyCieGbiA
[16-Mar-2026 09:19:36 UTC] MySQL select query: SELECT `id` FROM `users` WHERE `clerk_user_id` = :where_clerk_user_id_0
[16-Mar-2026 09:19:36 UTC] MySQL select params: {"where_clerk_user_id_0":"user_3AhnQJV5XslRK9dMtMXyCieGbiA"}
[16-Mar-2026 09:19:36 UTC] MySQL select returned 1 rows
[16-Mar-2026 09:19:36 UTC] getUserIdFromClerkId - Query result: [{"id":2}]
[16-Mar-2026 09:19:36 UTC] Pages API - User ID from database: 2
[16-Mar-2026 09:19:36 UTC] Pages API - Success! User ID: 2
[16-Mar-2026 09:19:36 UTC] MySQL select query: SELECT `id`, `updated_at` FROM `user_pages` WHERE `id` = :where_id_0 AND `user_id` = :where_user_id_1
[16-Mar-2026 09:19:36 UTC] MySQL select params: {"where_id_0":"9c8ec1a8-1ecd-11f1-8378-d85ed359730c","where_user_id_1":2}
[16-Mar-2026 09:19:36 UTC] MySQL select returned 1 rows
[16-Mar-2026 09:19:36 UTC] MySQL update query: UPDATE `user_pages` SET `title` = :title, `data` = :data, `last_accessed` = :last_accessed, `updated_at` = :updated_at WHERE `id` = :where_id_0 AND `user_id` = :where_user_id_1
[16-Mar-2026 09:19:36 UTC] MySQL update params: {"title":"Pro Page","data":"{\"fullHtml\":\"\\n                <!-- NAV -->\\n\\n   ...[truncated]","last_accessed":"2026-03-16 09:19:36","updated_at":"2026-03-16 09:19:36","where_id_0":"9c8ec1a8-1ecd-11f1-8378-d85ed359730c","where_user_id_1":2}
[16-Mar-2026 09:19:36 UTC] MySQL update affected rows: 1
[16-Mar-2026 09:19:36 UTC] MySQL select query: SELECT * FROM `user_pages` WHERE `id` = :where_id_0 AND `user_id` = :where_user_id_1
[16-Mar-2026 09:19:36 UTC] MySQL select params: {"where_id_0":"9c8ec1a8-1ecd-11f1-8378-d85ed359730c","where_user_id_1":2}
[16-Mar-2026 09:19:36 UTC] MySQL select returned 1 rows
[16-Mar-2026 09:24:33 UTC] Successfully loaded .env from: C:\Users\Pablo\Documents\GitHub\nine-screen-canvas-flow/.env
[16-Mar-2026 09:24:33 UTC] syncClerkSession - Refreshing paid status for: ptrigol@gmail.com
[16-Mar-2026 09:24:33 UTC] Purchases database connection failed: SQLSTATE[HY000] [1045] Access denied for user 'alvarotrigo_alvarotrigo'@'79.117.116.182' (using password: YES)
[16-Mar-2026 09:24:33 UTC] Attempted connection to: host=nocn.noc-n.com, dbname=alvarotrigo_alvarotrigo, user=alvarotrigo_alvarotrigo
[16-Mar-2026 09:24:33 UTC] Error checking user paid status: Purchases database connection failed: SQLSTATE[HY000] [1045] Access denied for user 'alvarotrigo_alvarotrigo'@'79.117.116.182' (using password: YES)
[16-Mar-2026 09:24:33 UTC] MySQL select query: SELECT * FROM `users` WHERE `email` = :where_email_0 AND `pro_status_source` = :where_pro_status_source_1
[16-Mar-2026 09:24:33 UTC] MySQL select params: {"where_email_0":"ptrigol@gmail.com","where_pro_status_source_1":"polar"}
[16-Mar-2026 09:24:33 UTC] MySQL select returned 0 rows
[16-Mar-2026 09:24:33 UTC] MySQL select query: SELECT * FROM `subscriptions` WHERE `customer_email` = :where_customer_email_0 AND `status` = :where_status_1
[16-Mar-2026 09:24:33 UTC] MySQL select params: {"where_customer_email_0":"ptrigol@gmail.com","where_status_1":"active"}
[16-Mar-2026 09:24:33 UTC] MySQL select returned 0 rows
[16-Mar-2026 09:24:33 UTC] syncClerkSession - Paid status refreshed: is_paid=false
[16-Mar-2026 09:24:33 UTC] MySQL select query: SELECT `id` FROM `users` WHERE `clerk_user_id` = :where_clerk_user_id_0
[16-Mar-2026 09:24:33 UTC] MySQL select params: {"where_clerk_user_id_0":"user_3AhnQJV5XslRK9dMtMXyCieGbiA"}
[16-Mar-2026 09:24:33 UTC] MySQL select returned 1 rows
[16-Mar-2026 09:24:33 UTC] MySQL select query: SELECT * FROM `user_pages` WHERE `id` = :where_id_0 AND `user_id` = :where_user_id_1
[16-Mar-2026 09:24:33 UTC] MySQL select params: {"where_id_0":"9c8ec1a8-1ecd-11f1-8378-d85ed359730c","where_user_id_1":2}
[16-Mar-2026 09:24:33 UTC] MySQL select returned 1 rows
[16-Mar-2026 09:24:34 UTC] Pages API - Incoming request - Method: GET, Payload size: 0 bytes (0 KB)
[16-Mar-2026 09:24:34 UTC] Pages API - Method: GET
[16-Mar-2026 09:24:34 UTC] Pages API - clerk_user_id from request: null
[16-Mar-2026 09:24:34 UTC] Pages API - clerk_user_id from session: user_3AhnQJV5XslRK9dMtMXyCieGbiA
[16-Mar-2026 09:24:34 UTC] Pages API - Using clerk_user_id: user_3AhnQJV5XslRK9dMtMXyCieGbiA
[16-Mar-2026 09:24:34 UTC] Pages API - Using clerk_user_id: user_3AhnQJV5XslRK9dMtMXyCieGbiA
[16-Mar-2026 09:24:34 UTC] MySQL select query: SELECT `id` FROM `users` WHERE `clerk_user_id` = :where_clerk_user_id_0
[16-Mar-2026 09:24:34 UTC] MySQL select params: {"where_clerk_user_id_0":"user_3AhnQJV5XslRK9dMtMXyCieGbiA"}
[16-Mar-2026 09:24:34 UTC] MySQL select returned 1 rows
[16-Mar-2026 09:24:34 UTC] getUserIdFromClerkId - Query result: [{"id":2}]
[16-Mar-2026 09:24:34 UTC] Pages API - User ID from database: 2
[16-Mar-2026 09:24:34 UTC] Pages API - Success! User ID: 2
[16-Mar-2026 09:24:34 UTC] MySQL select query: SELECT `id`, `title`, `thumbnail_url`, `is_favorite`, `is_public`, `share_token`, `share_slug`, `last_accessed`, `created_at`, `updated_at` FROM `user_pages` WHERE `user_id` = :where_user_id_0 ORDER BY COALESCE(`last_accessed`, '1970-01-01 00:00:00') DESC
[16-Mar-2026 09:24:34 UTC] MySQL select params: {"where_user_id_0":2}
[16-Mar-2026 09:24:34 UTC] MySQL select returned 4 rows
[16-Mar-2026 09:27:38 UTC] Pages API - Incoming request - Method: POST, Payload size: 113 bytes (0.11 KB)
[16-Mar-2026 09:27:38 UTC] Pages API - Method: POST
[16-Mar-2026 09:27:38 UTC] Pages API - clerk_user_id from request: user_3AhnQJV5XslRK9dMtMXyCieGbiA
[16-Mar-2026 09:27:38 UTC] Pages API - clerk_user_id from session: user_3AhnQJV5XslRK9dMtMXyCieGbiA
[16-Mar-2026 09:27:38 UTC] Pages API - Using clerk_user_id: user_3AhnQJV5XslRK9dMtMXyCieGbiA
[16-Mar-2026 09:27:38 UTC] Pages API - Using clerk_user_id: user_3AhnQJV5XslRK9dMtMXyCieGbiA
[16-Mar-2026 09:27:38 UTC] MySQL select query: SELECT `id` FROM `users` WHERE `clerk_user_id` = :where_clerk_user_id_0
[16-Mar-2026 09:27:38 UTC] MySQL select params: {"where_clerk_user_id_0":"user_3AhnQJV5XslRK9dMtMXyCieGbiA"}
[16-Mar-2026 09:27:38 UTC] MySQL select returned 1 rows
[16-Mar-2026 09:27:38 UTC] getUserIdFromClerkId - Query result: [{"id":2}]
[16-Mar-2026 09:27:38 UTC] Pages API - User ID from database: 2
[16-Mar-2026 09:27:38 UTC] Pages API - Success! User ID: 2
[16-Mar-2026 09:27:38 UTC] Pages API POST - action='share', input_keys=action,id,clerk_user_id, raw_snippet={"action":"share","id":"9c8ec1a8-1ecd-11f1-8378-d85ed359730c","clerk_user_id":"user_3AhnQJV5XslRK9dMtMXyCieGbiA"}
[16-Mar-2026 09:27:38 UTC] MySQL select query: SELECT `id`, `share_token`, `is_public`, `share_slug` FROM `user_pages` WHERE `id` = :where_id_0 AND `user_id` = :where_user_id_1
[16-Mar-2026 09:27:38 UTC] MySQL select params: {"where_id_0":"9c8ec1a8-1ecd-11f1-8378-d85ed359730c","where_user_id_1":2}
[16-Mar-2026 09:27:38 UTC] MySQL select returned 1 rows
[16-Mar-2026 09:27:42 UTC] Pages API - Incoming request - Method: GET, Payload size: 0 bytes (0 KB)
[16-Mar-2026 09:27:42 UTC] Pages API - Method: GET
[16-Mar-2026 09:27:42 UTC] Pages API - clerk_user_id from request: null
[16-Mar-2026 09:27:42 UTC] Pages API - clerk_user_id from session: user_3AhnQJV5XslRK9dMtMXyCieGbiA
[16-Mar-2026 09:27:42 UTC] Pages API - Using clerk_user_id: user_3AhnQJV5XslRK9dMtMXyCieGbiA
[16-Mar-2026 09:27:42 UTC] Pages API - Using clerk_user_id: user_3AhnQJV5XslRK9dMtMXyCieGbiA
[16-Mar-2026 09:27:42 UTC] MySQL select query: SELECT `id` FROM `users` WHERE `clerk_user_id` = :where_clerk_user_id_0
[16-Mar-2026 09:27:42 UTC] MySQL select params: {"where_clerk_user_id_0":"user_3AhnQJV5XslRK9dMtMXyCieGbiA"}
[16-Mar-2026 09:27:42 UTC] MySQL select returned 1 rows
[16-Mar-2026 09:27:42 UTC] getUserIdFromClerkId - Query result: [{"id":2}]
[16-Mar-2026 09:27:42 UTC] Pages API - User ID from database: 2
[16-Mar-2026 09:27:42 UTC] Pages API - Success! User ID: 2
[16-Mar-2026 09:27:42 UTC] MySQL select query: SELECT `id`, `title`, `thumbnail_url`, `is_favorite`, `is_public`, `share_token`, `share_slug`, `last_accessed`, `created_at`, `updated_at` FROM `user_pages` WHERE `user_id` = :where_user_id_0 ORDER BY COALESCE(`last_accessed`, '1970-01-01 00:00:00') DESC
[16-Mar-2026 09:27:42 UTC] MySQL select params: {"where_user_id_0":2}
[16-Mar-2026 09:27:42 UTC] MySQL select returned 4 rows
[16-Mar-2026 09:27:46 UTC] Successfully loaded .env from: C:\Users\Pablo\Documents\GitHub\nine-screen-canvas-flow/.env
[16-Mar-2026 09:27:46 UTC] MySQL select query: SELECT `id` FROM `users` WHERE `clerk_user_id` = :where_clerk_user_id_0
[16-Mar-2026 09:27:46 UTC] MySQL select params: {"where_clerk_user_id_0":"user_3AhnQJV5XslRK9dMtMXyCieGbiA"}
[16-Mar-2026 09:27:46 UTC] MySQL select returned 1 rows
[16-Mar-2026 09:27:46 UTC] MySQL select query: SELECT * FROM `user_pages` WHERE `id` = :where_id_0 AND `user_id` = :where_user_id_1
[16-Mar-2026 09:27:46 UTC] MySQL select params: {"where_id_0":"9c8ec1a8-1ecd-11f1-8378-d85ed359730c","where_user_id_1":2}
[16-Mar-2026 09:27:46 UTC] MySQL select returned 1 rows
[16-Mar-2026 09:27:47 UTC] Pages API - Incoming request - Method: GET, Payload size: 0 bytes (0 KB)
[16-Mar-2026 09:27:47 UTC] Pages API - Method: GET
[16-Mar-2026 09:27:47 UTC] Pages API - clerk_user_id from request: null
[16-Mar-2026 09:27:47 UTC] Pages API - clerk_user_id from session: user_3AhnQJV5XslRK9dMtMXyCieGbiA
[16-Mar-2026 09:27:47 UTC] Pages API - Using clerk_user_id: user_3AhnQJV5XslRK9dMtMXyCieGbiA
[16-Mar-2026 09:27:47 UTC] Pages API - Using clerk_user_id: user_3AhnQJV5XslRK9dMtMXyCieGbiA
[16-Mar-2026 09:27:47 UTC] MySQL select query: SELECT `id` FROM `users` WHERE `clerk_user_id` = :where_clerk_user_id_0
[16-Mar-2026 09:27:47 UTC] MySQL select params: {"where_clerk_user_id_0":"user_3AhnQJV5XslRK9dMtMXyCieGbiA"}
[16-Mar-2026 09:27:47 UTC] MySQL select returned 1 rows
[16-Mar-2026 09:27:47 UTC] getUserIdFromClerkId - Query result: [{"id":2}]
[16-Mar-2026 09:27:47 UTC] Pages API - User ID from database: 2
[16-Mar-2026 09:27:47 UTC] Pages API - Success! User ID: 2
[16-Mar-2026 09:27:47 UTC] MySQL select query: SELECT `id`, `title`, `thumbnail_url`, `is_favorite`, `is_public`, `share_token`, `share_slug`, `last_accessed`, `created_at`, `updated_at` FROM `user_pages` WHERE `user_id` = :where_user_id_0 ORDER BY COALESCE(`last_accessed`, '1970-01-01 00:00:00') DESC
[16-Mar-2026 09:27:47 UTC] MySQL select params: {"where_user_id_0":2}
[16-Mar-2026 09:27:47 UTC] MySQL select returned 4 rows
[16-Mar-2026 09:27:49 UTC] Pages API - Incoming request - Method: POST, Payload size: 113 bytes (0.11 KB)
[16-Mar-2026 09:27:49 UTC] Pages API - Method: POST
[16-Mar-2026 09:27:49 UTC] Pages API - clerk_user_id from request: user_3AhnQJV5XslRK9dMtMXyCieGbiA
[16-Mar-2026 09:27:49 UTC] Pages API - clerk_user_id from session: user_3AhnQJV5XslRK9dMtMXyCieGbiA
[16-Mar-2026 09:27:49 UTC] Pages API - Using clerk_user_id: user_3AhnQJV5XslRK9dMtMXyCieGbiA
[16-Mar-2026 09:27:49 UTC] Pages API - Using clerk_user_id: user_3AhnQJV5XslRK9dMtMXyCieGbiA
[16-Mar-2026 09:27:49 UTC] MySQL select query: SELECT `id` FROM `users` WHERE `clerk_user_id` = :where_clerk_user_id_0
[16-Mar-2026 09:27:49 UTC] MySQL select params: {"where_clerk_user_id_0":"user_3AhnQJV5XslRK9dMtMXyCieGbiA"}
[16-Mar-2026 09:27:49 UTC] MySQL select returned 1 rows
[16-Mar-2026 09:27:49 UTC] getUserIdFromClerkId - Query result: [{"id":2}]
[16-Mar-2026 09:27:49 UTC] Pages API - User ID from database: 2
[16-Mar-2026 09:27:49 UTC] Pages API - Success! User ID: 2
[16-Mar-2026 09:27:49 UTC] Pages API POST - action='share', input_keys=action,id,clerk_user_id, raw_snippet={"action":"share","id":"9c8ec1a8-1ecd-11f1-8378-d85ed359730c","clerk_user_id":"user_3AhnQJV5XslRK9dMtMXyCieGbiA"}
[16-Mar-2026 09:27:49 UTC] MySQL select query: SELECT `id`, `share_token`, `is_public`, `share_slug` FROM `user_pages` WHERE `id` = :where_id_0 AND `user_id` = :where_user_id_1
[16-Mar-2026 09:27:49 UTC] MySQL select params: {"where_id_0":"9c8ec1a8-1ecd-11f1-8378-d85ed359730c","where_user_id_1":2}
[16-Mar-2026 09:27:49 UTC] MySQL select returned 1 rows
[16-Mar-2026 09:27:54 UTC] Pages API - Incoming request - Method: GET, Payload size: 0 bytes (0 KB)
[16-Mar-2026 09:27:54 UTC] Pages API - Method: GET
[16-Mar-2026 09:27:54 UTC] Pages API - clerk_user_id from request: null
[16-Mar-2026 09:27:54 UTC] Pages API - clerk_user_id from session: user_3AhnQJV5XslRK9dMtMXyCieGbiA
[16-Mar-2026 09:27:54 UTC] Pages API - Using clerk_user_id: user_3AhnQJV5XslRK9dMtMXyCieGbiA
[16-Mar-2026 09:27:54 UTC] Pages API - Using clerk_user_id: user_3AhnQJV5XslRK9dMtMXyCieGbiA
[16-Mar-2026 09:27:54 UTC] MySQL select query: SELECT `id` FROM `users` WHERE `clerk_user_id` = :where_clerk_user_id_0
[16-Mar-2026 09:27:54 UTC] MySQL select params: {"where_clerk_user_id_0":"user_3AhnQJV5XslRK9dMtMXyCieGbiA"}
[16-Mar-2026 09:27:54 UTC] MySQL select returned 1 rows
[16-Mar-2026 09:27:54 UTC] getUserIdFromClerkId - Query result: [{"id":2}]
[16-Mar-2026 09:27:54 UTC] Pages API - User ID from database: 2
[16-Mar-2026 09:27:54 UTC] Pages API - Success! User ID: 2
[16-Mar-2026 09:27:54 UTC] MySQL select query: SELECT `id`, `title`, `thumbnail_url`, `is_favorite`, `is_public`, `share_token`, `share_slug`, `last_accessed`, `created_at`, `updated_at` FROM `user_pages` WHERE `user_id` = :where_user_id_0 ORDER BY COALESCE(`last_accessed`, '1970-01-01 00:00:00') DESC
[16-Mar-2026 09:27:54 UTC] MySQL select params: {"where_user_id_0":2}
[16-Mar-2026 09:27:54 UTC] MySQL select returned 4 rows
[16-Mar-2026 09:28:38 UTC] Pages API - Incoming request - Method: POST, Payload size: 113 bytes (0.11 KB)
[16-Mar-2026 09:28:38 UTC] Pages API - Method: POST
[16-Mar-2026 09:28:38 UTC] Pages API - clerk_user_id from request: user_3AhnQJV5XslRK9dMtMXyCieGbiA
[16-Mar-2026 09:28:38 UTC] Pages API - clerk_user_id from session: user_3AhnQJV5XslRK9dMtMXyCieGbiA
[16-Mar-2026 09:28:38 UTC] Pages API - Using clerk_user_id: user_3AhnQJV5XslRK9dMtMXyCieGbiA
[16-Mar-2026 09:28:38 UTC] Pages API - Using clerk_user_id: user_3AhnQJV5XslRK9dMtMXyCieGbiA
[16-Mar-2026 09:28:38 UTC] MySQL select query: SELECT `id` FROM `users` WHERE `clerk_user_id` = :where_clerk_user_id_0
[16-Mar-2026 09:28:38 UTC] MySQL select params: {"where_clerk_user_id_0":"user_3AhnQJV5XslRK9dMtMXyCieGbiA"}
[16-Mar-2026 09:28:38 UTC] MySQL select returned 1 rows
[16-Mar-2026 09:28:38 UTC] getUserIdFromClerkId - Query result: [{"id":2}]
[16-Mar-2026 09:28:38 UTC] Pages API - User ID from database: 2
[16-Mar-2026 09:28:38 UTC] Pages API - Success! User ID: 2
[16-Mar-2026 09:28:38 UTC] Pages API POST - action='share', input_keys=action,id,clerk_user_id, raw_snippet={"action":"share","id":"9c8ec1a8-1ecd-11f1-8378-d85ed359730c","clerk_user_id":"user_3AhnQJV5XslRK9dMtMXyCieGbiA"}
[16-Mar-2026 09:28:38 UTC] MySQL select query: SELECT `id`, `share_token`, `is_public`, `share_slug` FROM `user_pages` WHERE `id` = :where_id_0 AND `user_id` = :where_user_id_1
[16-Mar-2026 09:28:38 UTC] MySQL select params: {"where_id_0":"9c8ec1a8-1ecd-11f1-8378-d85ed359730c","where_user_id_1":2}
[16-Mar-2026 09:28:38 UTC] MySQL select returned 1 rows
[16-Mar-2026 09:29:08 UTC] Pages API - Incoming request - Method: GET, Payload size: 0 bytes (0 KB)
[16-Mar-2026 09:29:08 UTC] Pages API - Method: GET
[16-Mar-2026 09:29:08 UTC] Pages API - clerk_user_id from request: null
[16-Mar-2026 09:29:08 UTC] Pages API - clerk_user_id from session: user_3AhnQJV5XslRK9dMtMXyCieGbiA
[16-Mar-2026 09:29:08 UTC] Pages API - Using clerk_user_id: user_3AhnQJV5XslRK9dMtMXyCieGbiA
[16-Mar-2026 09:29:08 UTC] Pages API - Using clerk_user_id: user_3AhnQJV5XslRK9dMtMXyCieGbiA
[16-Mar-2026 09:29:08 UTC] MySQL select query: SELECT `id` FROM `users` WHERE `clerk_user_id` = :where_clerk_user_id_0
[16-Mar-2026 09:29:08 UTC] MySQL select params: {"where_clerk_user_id_0":"user_3AhnQJV5XslRK9dMtMXyCieGbiA"}
[16-Mar-2026 09:29:08 UTC] MySQL select returned 1 rows
[16-Mar-2026 09:29:08 UTC] getUserIdFromClerkId - Query result: [{"id":2}]
[16-Mar-2026 09:29:08 UTC] Pages API - User ID from database: 2
[16-Mar-2026 09:29:08 UTC] Pages API - Success! User ID: 2
[16-Mar-2026 09:29:08 UTC] MySQL select query: SELECT `id`, `title`, `thumbnail_url`, `is_favorite`, `is_public`, `share_token`, `share_slug`, `last_accessed`, `created_at`, `updated_at` FROM `user_pages` WHERE `user_id` = :where_user_id_0 ORDER BY COALESCE(`last_accessed`, '1970-01-01 00:00:00') DESC
[16-Mar-2026 09:29:08 UTC] MySQL select params: {"where_user_id_0":2}
[16-Mar-2026 09:29:08 UTC] MySQL select returned 4 rows
[16-Mar-2026 09:30:18 UTC] Successfully loaded .env from: C:\Users\Pablo\Documents\GitHub\nine-screen-canvas-flow/.env
[16-Mar-2026 09:30:18 UTC] syncClerkSession - Refreshing paid status for: ptrigol@gmail.com
[16-Mar-2026 09:30:19 UTC] Purchases database connection failed: SQLSTATE[HY000] [1045] Access denied for user 'alvarotrigo_alvarotrigo'@'79.117.116.182' (using password: YES)
[16-Mar-2026 09:30:19 UTC] Attempted connection to: host=nocn.noc-n.com, dbname=alvarotrigo_alvarotrigo, user=alvarotrigo_alvarotrigo
[16-Mar-2026 09:30:19 UTC] Error checking user paid status: Purchases database connection failed: SQLSTATE[HY000] [1045] Access denied for user 'alvarotrigo_alvarotrigo'@'79.117.116.182' (using password: YES)
[16-Mar-2026 09:30:19 UTC] MySQL select query: SELECT * FROM `users` WHERE `email` = :where_email_0 AND `pro_status_source` = :where_pro_status_source_1
[16-Mar-2026 09:30:19 UTC] MySQL select params: {"where_email_0":"ptrigol@gmail.com","where_pro_status_source_1":"polar"}
[16-Mar-2026 09:30:19 UTC] MySQL select returned 0 rows
[16-Mar-2026 09:30:19 UTC] MySQL select query: SELECT * FROM `subscriptions` WHERE `customer_email` = :where_customer_email_0 AND `status` = :where_status_1
[16-Mar-2026 09:30:19 UTC] MySQL select params: {"where_customer_email_0":"ptrigol@gmail.com","where_status_1":"active"}
[16-Mar-2026 09:30:19 UTC] MySQL select returned 0 rows
[16-Mar-2026 09:30:19 UTC] syncClerkSession - Paid status refreshed: is_paid=false
[16-Mar-2026 09:30:19 UTC] MySQL select query: SELECT `id` FROM `users` WHERE `clerk_user_id` = :where_clerk_user_id_0
[16-Mar-2026 09:30:19 UTC] MySQL select params: {"where_clerk_user_id_0":"user_3AhnQJV5XslRK9dMtMXyCieGbiA"}
[16-Mar-2026 09:30:19 UTC] MySQL select returned 1 rows
[16-Mar-2026 09:30:19 UTC] MySQL select query: SELECT * FROM `user_pages` WHERE `id` = :where_id_0 AND `user_id` = :where_user_id_1
[16-Mar-2026 09:30:19 UTC] MySQL select params: {"where_id_0":"6599637d-1ec0-11f1-8378-d85ed359730c","where_user_id_1":2}
[16-Mar-2026 09:30:19 UTC] MySQL select returned 1 rows
[16-Mar-2026 09:30:20 UTC] Pages API - Incoming request - Method: GET, Payload size: 0 bytes (0 KB)
[16-Mar-2026 09:30:20 UTC] Pages API - Method: GET
[16-Mar-2026 09:30:20 UTC] Pages API - clerk_user_id from request: null
[16-Mar-2026 09:30:20 UTC] Pages API - clerk_user_id from session: user_3AhnQJV5XslRK9dMtMXyCieGbiA
[16-Mar-2026 09:30:20 UTC] Pages API - Using clerk_user_id: user_3AhnQJV5XslRK9dMtMXyCieGbiA
[16-Mar-2026 09:30:20 UTC] Pages API - Using clerk_user_id: user_3AhnQJV5XslRK9dMtMXyCieGbiA
[16-Mar-2026 09:30:20 UTC] MySQL select query: SELECT `id` FROM `users` WHERE `clerk_user_id` = :where_clerk_user_id_0
[16-Mar-2026 09:30:20 UTC] MySQL select params: {"where_clerk_user_id_0":"user_3AhnQJV5XslRK9dMtMXyCieGbiA"}
[16-Mar-2026 09:30:20 UTC] MySQL select returned 1 rows
[16-Mar-2026 09:30:20 UTC] getUserIdFromClerkId - Query result: [{"id":2}]
[16-Mar-2026 09:30:20 UTC] Pages API - User ID from database: 2
[16-Mar-2026 09:30:20 UTC] Pages API - Success! User ID: 2
[16-Mar-2026 09:30:20 UTC] MySQL select query: SELECT `id`, `title`, `thumbnail_url`, `is_favorite`, `is_public`, `share_token`, `share_slug`, `last_accessed`, `created_at`, `updated_at` FROM `user_pages` WHERE `user_id` = :where_user_id_0 ORDER BY COALESCE(`last_accessed`, '1970-01-01 00:00:00') DESC
[16-Mar-2026 09:30:20 UTC] MySQL select params: {"where_user_id_0":2}
[16-Mar-2026 09:30:20 UTC] MySQL select returned 4 rows
[16-Mar-2026 09:30:22 UTC] Pages API - Incoming request - Method: POST, Payload size: 113 bytes (0.11 KB)
[16-Mar-2026 09:30:22 UTC] Pages API - Method: POST
[16-Mar-2026 09:30:22 UTC] Pages API - clerk_user_id from request: user_3AhnQJV5XslRK9dMtMXyCieGbiA
[16-Mar-2026 09:30:22 UTC] Pages API - clerk_user_id from session: user_3AhnQJV5XslRK9dMtMXyCieGbiA
[16-Mar-2026 09:30:22 UTC] Pages API - Using clerk_user_id: user_3AhnQJV5XslRK9dMtMXyCieGbiA
[16-Mar-2026 09:30:22 UTC] Pages API - Using clerk_user_id: user_3AhnQJV5XslRK9dMtMXyCieGbiA
[16-Mar-2026 09:30:22 UTC] MySQL select query: SELECT `id` FROM `users` WHERE `clerk_user_id` = :where_clerk_user_id_0
[16-Mar-2026 09:30:22 UTC] MySQL select params: {"where_clerk_user_id_0":"user_3AhnQJV5XslRK9dMtMXyCieGbiA"}
[16-Mar-2026 09:30:22 UTC] MySQL select returned 1 rows
[16-Mar-2026 09:30:22 UTC] getUserIdFromClerkId - Query result: [{"id":2}]
[16-Mar-2026 09:30:22 UTC] Pages API - User ID from database: 2
[16-Mar-2026 09:30:22 UTC] Pages API - Success! User ID: 2
[16-Mar-2026 09:30:22 UTC] Pages API POST - action='share', input_keys=action,id,clerk_user_id, raw_snippet={"action":"share","id":"6599637d-1ec0-11f1-8378-d85ed359730c","clerk_user_id":"user_3AhnQJV5XslRK9dMtMXyCieGbiA"}
[16-Mar-2026 09:30:22 UTC] MySQL select query: SELECT `id`, `share_token`, `is_public`, `share_slug` FROM `user_pages` WHERE `id` = :where_id_0 AND `user_id` = :where_user_id_1
[16-Mar-2026 09:30:22 UTC] MySQL select params: {"where_id_0":"6599637d-1ec0-11f1-8378-d85ed359730c","where_user_id_1":2}
[16-Mar-2026 09:30:22 UTC] MySQL select returned 1 rows
[16-Mar-2026 09:30:26 UTC] Pages API - Incoming request - Method: GET, Payload size: 0 bytes (0 KB)
[16-Mar-2026 09:30:26 UTC] Pages API - Method: GET
[16-Mar-2026 09:30:26 UTC] Pages API - clerk_user_id from request: null
[16-Mar-2026 09:30:26 UTC] Pages API - clerk_user_id from session: user_3AhnQJV5XslRK9dMtMXyCieGbiA
[16-Mar-2026 09:30:26 UTC] Pages API - Using clerk_user_id: user_3AhnQJV5XslRK9dMtMXyCieGbiA
[16-Mar-2026 09:30:26 UTC] Pages API - Using clerk_user_id: user_3AhnQJV5XslRK9dMtMXyCieGbiA
[16-Mar-2026 09:30:26 UTC] MySQL select query: SELECT `id` FROM `users` WHERE `clerk_user_id` = :where_clerk_user_id_0
[16-Mar-2026 09:30:26 UTC] MySQL select params: {"where_clerk_user_id_0":"user_3AhnQJV5XslRK9dMtMXyCieGbiA"}
[16-Mar-2026 09:30:26 UTC] MySQL select returned 1 rows
[16-Mar-2026 09:30:26 UTC] getUserIdFromClerkId - Query result: [{"id":2}]
[16-Mar-2026 09:30:26 UTC] Pages API - User ID from database: 2
[16-Mar-2026 09:30:26 UTC] Pages API - Success! User ID: 2
[16-Mar-2026 09:30:26 UTC] MySQL select query: SELECT `id`, `title`, `thumbnail_url`, `is_favorite`, `is_public`, `share_token`, `share_slug`, `last_accessed`, `created_at`, `updated_at` FROM `user_pages` WHERE `user_id` = :where_user_id_0 ORDER BY COALESCE(`last_accessed`, '1970-01-01 00:00:00') DESC
[16-Mar-2026 09:30:26 UTC] MySQL select params: {"where_user_id_0":2}
[16-Mar-2026 09:30:26 UTC] MySQL select returned 4 rows
[16-Mar-2026 09:30:41 UTC] Pages API - Incoming request - Method: DELETE, Payload size: 96 bytes (0.09 KB)
[16-Mar-2026 09:30:41 UTC] Pages API - Method: DELETE
[16-Mar-2026 09:30:41 UTC] Pages API - clerk_user_id from request: user_3AhnQJV5XslRK9dMtMXyCieGbiA
[16-Mar-2026 09:30:41 UTC] Pages API - clerk_user_id from session: user_3AhnQJV5XslRK9dMtMXyCieGbiA
[16-Mar-2026 09:30:41 UTC] Pages API - Using clerk_user_id: user_3AhnQJV5XslRK9dMtMXyCieGbiA
[16-Mar-2026 09:30:41 UTC] Pages API - Using clerk_user_id: user_3AhnQJV5XslRK9dMtMXyCieGbiA
[16-Mar-2026 09:30:41 UTC] MySQL select query: SELECT `id` FROM `users` WHERE `clerk_user_id` = :where_clerk_user_id_0
[16-Mar-2026 09:30:41 UTC] MySQL select params: {"where_clerk_user_id_0":"user_3AhnQJV5XslRK9dMtMXyCieGbiA"}
[16-Mar-2026 09:30:41 UTC] MySQL select returned 1 rows
[16-Mar-2026 09:30:41 UTC] getUserIdFromClerkId - Query result: [{"id":2}]
[16-Mar-2026 09:30:41 UTC] Pages API - User ID from database: 2
[16-Mar-2026 09:30:41 UTC] Pages API - Success! User ID: 2
[16-Mar-2026 09:30:41 UTC] MySQL select query: SELECT `id` FROM `user_pages` WHERE `id` = :where_id_0 AND `user_id` = :where_user_id_1
[16-Mar-2026 09:30:41 UTC] MySQL select params: {"where_id_0":"c4c8e683-1d74-11f1-9e02-d85ed359730c","where_user_id_1":2}
[16-Mar-2026 09:30:41 UTC] MySQL select returned 1 rows
[16-Mar-2026 09:30:41 UTC] Pages API - Incoming request - Method: GET, Payload size: 0 bytes (0 KB)
[16-Mar-2026 09:30:41 UTC] Pages API - Method: GET
[16-Mar-2026 09:30:41 UTC] Pages API - clerk_user_id from request: null
[16-Mar-2026 09:30:41 UTC] Pages API - clerk_user_id from session: user_3AhnQJV5XslRK9dMtMXyCieGbiA
[16-Mar-2026 09:30:41 UTC] Pages API - Using clerk_user_id: user_3AhnQJV5XslRK9dMtMXyCieGbiA
[16-Mar-2026 09:30:41 UTC] Pages API - Using clerk_user_id: user_3AhnQJV5XslRK9dMtMXyCieGbiA
[16-Mar-2026 09:30:41 UTC] MySQL select query: SELECT `id` FROM `users` WHERE `clerk_user_id` = :where_clerk_user_id_0
[16-Mar-2026 09:30:41 UTC] MySQL select params: {"where_clerk_user_id_0":"user_3AhnQJV5XslRK9dMtMXyCieGbiA"}
[16-Mar-2026 09:30:41 UTC] MySQL select returned 1 rows
[16-Mar-2026 09:30:41 UTC] getUserIdFromClerkId - Query result: [{"id":2}]
[16-Mar-2026 09:30:41 UTC] Pages API - User ID from database: 2
[16-Mar-2026 09:30:41 UTC] Pages API - Success! User ID: 2
[16-Mar-2026 09:30:41 UTC] MySQL select query: SELECT `id`, `title`, `thumbnail_url`, `is_favorite`, `is_public`, `share_token`, `share_slug`, `last_accessed`, `created_at`, `updated_at` FROM `user_pages` WHERE `user_id` = :where_user_id_0 ORDER BY COALESCE(`last_accessed`, '1970-01-01 00:00:00') DESC
[16-Mar-2026 09:30:41 UTC] MySQL select params: {"where_user_id_0":2}
[16-Mar-2026 09:30:41 UTC] MySQL select returned 3 rows
[16-Mar-2026 09:30:43 UTC] Pages API - Incoming request - Method: GET, Payload size: 0 bytes (0 KB)
[16-Mar-2026 09:30:43 UTC] Pages API - Method: GET
[16-Mar-2026 09:30:43 UTC] Pages API - clerk_user_id from request: null
[16-Mar-2026 09:30:43 UTC] Pages API - clerk_user_id from session: user_3AhnQJV5XslRK9dMtMXyCieGbiA
[16-Mar-2026 09:30:43 UTC] Pages API - Using clerk_user_id: user_3AhnQJV5XslRK9dMtMXyCieGbiA
[16-Mar-2026 09:30:43 UTC] Pages API - Using clerk_user_id: user_3AhnQJV5XslRK9dMtMXyCieGbiA
[16-Mar-2026 09:30:43 UTC] MySQL select query: SELECT `id` FROM `users` WHERE `clerk_user_id` = :where_clerk_user_id_0
[16-Mar-2026 09:30:43 UTC] MySQL select params: {"where_clerk_user_id_0":"user_3AhnQJV5XslRK9dMtMXyCieGbiA"}
[16-Mar-2026 09:30:43 UTC] MySQL select returned 1 rows
[16-Mar-2026 09:30:43 UTC] getUserIdFromClerkId - Query result: [{"id":2}]
[16-Mar-2026 09:30:43 UTC] Pages API - User ID from database: 2
[16-Mar-2026 09:30:43 UTC] Pages API - Success! User ID: 2
[16-Mar-2026 09:30:43 UTC] MySQL select query: SELECT `id`, `title`, `thumbnail_url`, `is_favorite`, `is_public`, `share_token`, `share_slug`, `last_accessed`, `created_at`, `updated_at` FROM `user_pages` WHERE `user_id` = :where_user_id_0 ORDER BY COALESCE(`last_accessed`, '1970-01-01 00:00:00') DESC
[16-Mar-2026 09:30:43 UTC] MySQL select params: {"where_user_id_0":2}
[16-Mar-2026 09:30:43 UTC] MySQL select returned 3 rows
[16-Mar-2026 09:31:32 UTC] Pages API - Incoming request - Method: POST, Payload size: 113 bytes (0.11 KB)
[16-Mar-2026 09:31:32 UTC] Pages API - Method: POST
[16-Mar-2026 09:31:32 UTC] Pages API - clerk_user_id from request: user_3AhnQJV5XslRK9dMtMXyCieGbiA
[16-Mar-2026 09:31:32 UTC] Pages API - clerk_user_id from session: user_3AhnQJV5XslRK9dMtMXyCieGbiA
[16-Mar-2026 09:31:32 UTC] Pages API - Using clerk_user_id: user_3AhnQJV5XslRK9dMtMXyCieGbiA
[16-Mar-2026 09:31:32 UTC] Pages API - Using clerk_user_id: user_3AhnQJV5XslRK9dMtMXyCieGbiA
[16-Mar-2026 09:31:32 UTC] MySQL select query: SELECT `id` FROM `users` WHERE `clerk_user_id` = :where_clerk_user_id_0
[16-Mar-2026 09:31:32 UTC] MySQL select params: {"where_clerk_user_id_0":"user_3AhnQJV5XslRK9dMtMXyCieGbiA"}
[16-Mar-2026 09:31:32 UTC] MySQL select returned 1 rows
[16-Mar-2026 09:31:32 UTC] getUserIdFromClerkId - Query result: [{"id":2}]
[16-Mar-2026 09:31:32 UTC] Pages API - User ID from database: 2
[16-Mar-2026 09:31:32 UTC] Pages API - Success! User ID: 2
[16-Mar-2026 09:31:32 UTC] Pages API POST - action='share', input_keys=action,id,clerk_user_id, raw_snippet={"action":"share","id":"6599637d-1ec0-11f1-8378-d85ed359730c","clerk_user_id":"user_3AhnQJV5XslRK9dMtMXyCieGbiA"}
[16-Mar-2026 09:31:32 UTC] MySQL select query: SELECT `id`, `share_token`, `is_public`, `share_slug` FROM `user_pages` WHERE `id` = :where_id_0 AND `user_id` = :where_user_id_1
[16-Mar-2026 09:31:32 UTC] MySQL select params: {"where_id_0":"6599637d-1ec0-11f1-8378-d85ed359730c","where_user_id_1":2}
[16-Mar-2026 09:31:32 UTC] MySQL select returned 1 rows
[16-Mar-2026 09:31:46 UTC] Pages API - Incoming request - Method: GET, Payload size: 0 bytes (0 KB)
[16-Mar-2026 09:31:46 UTC] Pages API - Method: GET
[16-Mar-2026 09:31:46 UTC] Pages API - clerk_user_id from request: null
[16-Mar-2026 09:31:46 UTC] Pages API - clerk_user_id from session: user_3AhnQJV5XslRK9dMtMXyCieGbiA
[16-Mar-2026 09:31:46 UTC] Pages API - Using clerk_user_id: user_3AhnQJV5XslRK9dMtMXyCieGbiA
[16-Mar-2026 09:31:46 UTC] Pages API - Using clerk_user_id: user_3AhnQJV5XslRK9dMtMXyCieGbiA
[16-Mar-2026 09:31:46 UTC] MySQL select query: SELECT `id` FROM `users` WHERE `clerk_user_id` = :where_clerk_user_id_0
[16-Mar-2026 09:31:46 UTC] MySQL select params: {"where_clerk_user_id_0":"user_3AhnQJV5XslRK9dMtMXyCieGbiA"}
[16-Mar-2026 09:31:46 UTC] MySQL select returned 1 rows
[16-Mar-2026 09:31:46 UTC] getUserIdFromClerkId - Query result: [{"id":2}]
[16-Mar-2026 09:31:46 UTC] Pages API - User ID from database: 2
[16-Mar-2026 09:31:46 UTC] Pages API - Success! User ID: 2
[16-Mar-2026 09:31:46 UTC] MySQL select query: SELECT `id`, `title`, `thumbnail_url`, `is_favorite`, `is_public`, `share_token`, `share_slug`, `last_accessed`, `created_at`, `updated_at` FROM `user_pages` WHERE `user_id` = :where_user_id_0 ORDER BY COALESCE(`last_accessed`, '1970-01-01 00:00:00') DESC
[16-Mar-2026 09:31:46 UTC] MySQL select params: {"where_user_id_0":2}
[16-Mar-2026 09:31:46 UTC] MySQL select returned 3 rows
[16-Mar-2026 09:31:47 UTC] Pages API - Incoming request - Method: GET, Payload size: 0 bytes (0 KB)
[16-Mar-2026 09:31:47 UTC] Pages API - Method: GET
[16-Mar-2026 09:31:47 UTC] Pages API - clerk_user_id from request: null
[16-Mar-2026 09:31:47 UTC] Pages API - clerk_user_id from session: user_3AhnQJV5XslRK9dMtMXyCieGbiA
[16-Mar-2026 09:31:47 UTC] Pages API - Using clerk_user_id: user_3AhnQJV5XslRK9dMtMXyCieGbiA
[16-Mar-2026 09:31:47 UTC] Pages API - Using clerk_user_id: user_3AhnQJV5XslRK9dMtMXyCieGbiA
[16-Mar-2026 09:31:47 UTC] MySQL select query: SELECT `id` FROM `users` WHERE `clerk_user_id` = :where_clerk_user_id_0
[16-Mar-2026 09:31:47 UTC] MySQL select params: {"where_clerk_user_id_0":"user_3AhnQJV5XslRK9dMtMXyCieGbiA"}
[16-Mar-2026 09:31:47 UTC] MySQL select returned 1 rows
[16-Mar-2026 09:31:47 UTC] getUserIdFromClerkId - Query result: [{"id":2}]
[16-Mar-2026 09:31:47 UTC] Pages API - User ID from database: 2
[16-Mar-2026 09:31:47 UTC] Pages API - Success! User ID: 2
[16-Mar-2026 09:31:47 UTC] MySQL select query: SELECT `id`, `title`, `thumbnail_url`, `is_favorite`, `is_public`, `share_token`, `share_slug`, `last_accessed`, `created_at`, `updated_at` FROM `user_pages` WHERE `user_id` = :where_user_id_0 ORDER BY COALESCE(`last_accessed`, '1970-01-01 00:00:00') DESC
[16-Mar-2026 09:31:47 UTC] MySQL select params: {"where_user_id_0":2}
[16-Mar-2026 09:31:47 UTC] MySQL select returned 3 rows
[16-Mar-2026 09:31:55 UTC] Pages API - Incoming request - Method: POST, Payload size: 223 bytes (0.22 KB)
[16-Mar-2026 09:31:55 UTC] Pages API - Method: POST
[16-Mar-2026 09:31:55 UTC] Pages API - clerk_user_id from request: user_3AhnQJV5XslRK9dMtMXyCieGbiA
[16-Mar-2026 09:31:55 UTC] Pages API - clerk_user_id from session: user_3AhnQJV5XslRK9dMtMXyCieGbiA
[16-Mar-2026 09:31:55 UTC] Pages API - Using clerk_user_id: user_3AhnQJV5XslRK9dMtMXyCieGbiA
[16-Mar-2026 09:31:55 UTC] Pages API - Using clerk_user_id: user_3AhnQJV5XslRK9dMtMXyCieGbiA
[16-Mar-2026 09:31:55 UTC] MySQL select query: SELECT `id` FROM `users` WHERE `clerk_user_id` = :where_clerk_user_id_0
[16-Mar-2026 09:31:55 UTC] MySQL select params: {"where_clerk_user_id_0":"user_3AhnQJV5XslRK9dMtMXyCieGbiA"}
[16-Mar-2026 09:31:55 UTC] MySQL select returned 1 rows
[16-Mar-2026 09:31:55 UTC] getUserIdFromClerkId - Query result: [{"id":2}]
[16-Mar-2026 09:31:55 UTC] Pages API - User ID from database: 2
[16-Mar-2026 09:31:55 UTC] Pages API - Success! User ID: 2
[16-Mar-2026 09:31:55 UTC] Pages API POST - action='create', input_keys=action,title,data,clerk_user_id, raw_snippet={"action":"create","title":"Share","data":{"fullHtml":"","theme":"theme-light-minimal","fullpageEnabled":false,"animatio
[16-Mar-2026 09:31:55 UTC] MySQL select query: SELECT * FROM `user_pages` WHERE `id` = :where_id_0
[16-Mar-2026 09:31:55 UTC] MySQL select params: {"where_id_0":"f91ce792-211a-11f1-bfcb-d85ed359730c"}
[16-Mar-2026 09:31:55 UTC] MySQL select returned 1 rows
[16-Mar-2026 09:31:55 UTC] Pages API - Incoming request - Method: GET, Payload size: 0 bytes (0 KB)
[16-Mar-2026 09:31:55 UTC] Pages API - Method: GET
[16-Mar-2026 09:31:55 UTC] Pages API - clerk_user_id from request: null
[16-Mar-2026 09:31:55 UTC] Pages API - clerk_user_id from session: user_3AhnQJV5XslRK9dMtMXyCieGbiA
[16-Mar-2026 09:31:55 UTC] Pages API - Using clerk_user_id: user_3AhnQJV5XslRK9dMtMXyCieGbiA
[16-Mar-2026 09:31:55 UTC] Pages API - Using clerk_user_id: user_3AhnQJV5XslRK9dMtMXyCieGbiA
[16-Mar-2026 09:31:55 UTC] MySQL select query: SELECT `id` FROM `users` WHERE `clerk_user_id` = :where_clerk_user_id_0
[16-Mar-2026 09:31:55 UTC] MySQL select params: {"where_clerk_user_id_0":"user_3AhnQJV5XslRK9dMtMXyCieGbiA"}
[16-Mar-2026 09:31:55 UTC] MySQL select returned 1 rows
[16-Mar-2026 09:31:55 UTC] getUserIdFromClerkId - Query result: [{"id":2}]
[16-Mar-2026 09:31:55 UTC] Pages API - User ID from database: 2
[16-Mar-2026 09:31:55 UTC] Pages API - Success! User ID: 2
[16-Mar-2026 09:31:55 UTC] MySQL select query: SELECT `id`, `title`, `thumbnail_url`, `is_favorite`, `is_public`, `share_token`, `share_slug`, `last_accessed`, `created_at`, `updated_at` FROM `user_pages` WHERE `user_id` = :where_user_id_0 ORDER BY COALESCE(`last_accessed`, '1970-01-01 00:00:00') DESC
[16-Mar-2026 09:31:55 UTC] MySQL select params: {"where_user_id_0":2}
[16-Mar-2026 09:31:55 UTC] MySQL select returned 4 rows
[16-Mar-2026 09:31:57 UTC] Pages API - Incoming request - Method: GET, Payload size: 0 bytes (0 KB)
[16-Mar-2026 09:31:57 UTC] Pages API - Method: GET
[16-Mar-2026 09:31:57 UTC] Pages API - clerk_user_id from request: null
[16-Mar-2026 09:31:57 UTC] Pages API - clerk_user_id from session: user_3AhnQJV5XslRK9dMtMXyCieGbiA
[16-Mar-2026 09:31:57 UTC] Pages API - Using clerk_user_id: user_3AhnQJV5XslRK9dMtMXyCieGbiA
[16-Mar-2026 09:31:57 UTC] Pages API - Using clerk_user_id: user_3AhnQJV5XslRK9dMtMXyCieGbiA
[16-Mar-2026 09:31:57 UTC] MySQL select query: SELECT `id` FROM `users` WHERE `clerk_user_id` = :where_clerk_user_id_0
[16-Mar-2026 09:31:57 UTC] MySQL select params: {"where_clerk_user_id_0":"user_3AhnQJV5XslRK9dMtMXyCieGbiA"}
[16-Mar-2026 09:31:57 UTC] MySQL select returned 1 rows
[16-Mar-2026 09:31:57 UTC] getUserIdFromClerkId - Query result: [{"id":2}]
[16-Mar-2026 09:31:57 UTC] Pages API - User ID from database: 2
[16-Mar-2026 09:31:57 UTC] Pages API - Success! User ID: 2
[16-Mar-2026 09:31:57 UTC] MySQL select query: SELECT `id`, `title`, `thumbnail_url`, `is_favorite`, `is_public`, `share_token`, `share_slug`, `last_accessed`, `created_at`, `updated_at` FROM `user_pages` WHERE `user_id` = :where_user_id_0 ORDER BY COALESCE(`last_accessed`, '1970-01-01 00:00:00') DESC
[16-Mar-2026 09:31:57 UTC] MySQL select params: {"where_user_id_0":2}
[16-Mar-2026 09:31:57 UTC] MySQL select returned 4 rows
[16-Mar-2026 09:31:57 UTC] Pages API - Incoming request - Method: PUT, Payload size: 37,645 bytes (36.76 KB)
[16-Mar-2026 09:31:57 UTC] Pages API - Method: PUT
[16-Mar-2026 09:31:57 UTC] Pages API - clerk_user_id from request: user_3AhnQJV5XslRK9dMtMXyCieGbiA
[16-Mar-2026 09:31:57 UTC] Pages API - clerk_user_id from session: user_3AhnQJV5XslRK9dMtMXyCieGbiA
[16-Mar-2026 09:31:57 UTC] Pages API - Using clerk_user_id: user_3AhnQJV5XslRK9dMtMXyCieGbiA
[16-Mar-2026 09:31:57 UTC] Pages API - Using clerk_user_id: user_3AhnQJV5XslRK9dMtMXyCieGbiA
[16-Mar-2026 09:31:57 UTC] MySQL select query: SELECT `id` FROM `users` WHERE `clerk_user_id` = :where_clerk_user_id_0
[16-Mar-2026 09:31:57 UTC] MySQL select params: {"where_clerk_user_id_0":"user_3AhnQJV5XslRK9dMtMXyCieGbiA"}
[16-Mar-2026 09:31:57 UTC] MySQL select returned 1 rows
[16-Mar-2026 09:31:57 UTC] getUserIdFromClerkId - Query result: [{"id":2}]
[16-Mar-2026 09:31:57 UTC] Pages API - User ID from database: 2
[16-Mar-2026 09:31:57 UTC] Pages API - Success! User ID: 2
[16-Mar-2026 09:31:57 UTC] MySQL select query: SELECT `id`, `updated_at` FROM `user_pages` WHERE `id` = :where_id_0 AND `user_id` = :where_user_id_1
[16-Mar-2026 09:31:57 UTC] MySQL select params: {"where_id_0":"f91ce792-211a-11f1-bfcb-d85ed359730c","where_user_id_1":2}
[16-Mar-2026 09:31:57 UTC] MySQL select returned 1 rows
[16-Mar-2026 09:31:57 UTC] MySQL update query: UPDATE `user_pages` SET `title` = :title, `data` = :data, `last_accessed` = :last_accessed, `updated_at` = :updated_at WHERE `id` = :where_id_0 AND `user_id` = :where_user_id_1
[16-Mar-2026 09:31:57 UTC] MySQL update params: {"title":"Share","data":"{\"fullHtml\":\"\\n                <!-- PRELOADER -->\\...[truncated]","last_accessed":"2026-03-16 09:31:57","updated_at":"2026-03-16 09:31:57","where_id_0":"f91ce792-211a-11f1-bfcb-d85ed359730c","where_user_id_1":2}
[16-Mar-2026 09:31:57 UTC] MySQL update affected rows: 1
[16-Mar-2026 09:31:57 UTC] MySQL select query: SELECT * FROM `user_pages` WHERE `id` = :where_id_0 AND `user_id` = :where_user_id_1
[16-Mar-2026 09:31:57 UTC] MySQL select params: {"where_id_0":"f91ce792-211a-11f1-bfcb-d85ed359730c","where_user_id_1":2}
[16-Mar-2026 09:31:57 UTC] MySQL select returned 1 rows
[16-Mar-2026 09:32:01 UTC] Pages API - Incoming request - Method: POST, Payload size: 113 bytes (0.11 KB)
[16-Mar-2026 09:32:01 UTC] Pages API - Method: POST
[16-Mar-2026 09:32:01 UTC] Pages API - clerk_user_id from request: user_3AhnQJV5XslRK9dMtMXyCieGbiA
[16-Mar-2026 09:32:01 UTC] Pages API - clerk_user_id from session: user_3AhnQJV5XslRK9dMtMXyCieGbiA
[16-Mar-2026 09:32:01 UTC] Pages API - Using clerk_user_id: user_3AhnQJV5XslRK9dMtMXyCieGbiA
[16-Mar-2026 09:32:01 UTC] Pages API - Using clerk_user_id: user_3AhnQJV5XslRK9dMtMXyCieGbiA
[16-Mar-2026 09:32:01 UTC] MySQL select query: SELECT `id` FROM `users` WHERE `clerk_user_id` = :where_clerk_user_id_0
[16-Mar-2026 09:32:01 UTC] MySQL select params: {"where_clerk_user_id_0":"user_3AhnQJV5XslRK9dMtMXyCieGbiA"}
[16-Mar-2026 09:32:01 UTC] MySQL select returned 1 rows
[16-Mar-2026 09:32:01 UTC] getUserIdFromClerkId - Query result: [{"id":2}]
[16-Mar-2026 09:32:01 UTC] Pages API - User ID from database: 2
[16-Mar-2026 09:32:01 UTC] Pages API - Success! User ID: 2
[16-Mar-2026 09:32:01 UTC] Pages API POST - action='share', input_keys=action,id,clerk_user_id, raw_snippet={"action":"share","id":"f91ce792-211a-11f1-bfcb-d85ed359730c","clerk_user_id":"user_3AhnQJV5XslRK9dMtMXyCieGbiA"}
[16-Mar-2026 09:32:01 UTC] MySQL select query: SELECT `id`, `share_token`, `is_public`, `share_slug` FROM `user_pages` WHERE `id` = :where_id_0 AND `user_id` = :where_user_id_1
[16-Mar-2026 09:32:01 UTC] MySQL select params: {"where_id_0":"f91ce792-211a-11f1-bfcb-d85ed359730c","where_user_id_1":2}
[16-Mar-2026 09:32:01 UTC] MySQL select returned 1 rows
[16-Mar-2026 09:32:01 UTC] MySQL update query: UPDATE `user_pages` SET `share_token` = :share_token, `is_public` = :is_public WHERE `id` = :where_id_0 AND `user_id` = :where_user_id_1
[16-Mar-2026 09:32:01 UTC] MySQL update params: {"share_token":"d53cb3eb-963d-4a74-b4f6-c9d689dad8b9","is_public":1,"where_id_0":"f91ce792-211a-11f1-bfcb-d85ed359730c","where_user_id_1":2}
[16-Mar-2026 09:32:01 UTC] MySQL update affected rows: 1
[16-Mar-2026 09:32:01 UTC] MySQL select query: SELECT * FROM `user_pages` WHERE `id` = :where_id_0 AND `user_id` = :where_user_id_1
[16-Mar-2026 09:32:01 UTC] MySQL select params: {"where_id_0":"f91ce792-211a-11f1-bfcb-d85ed359730c","where_user_id_1":2}
[16-Mar-2026 09:32:01 UTC] MySQL select returned 1 rows
[16-Mar-2026 09:32:10 UTC] Pages API - Incoming request - Method: GET, Payload size: 0 bytes (0 KB)
[16-Mar-2026 09:32:10 UTC] Pages API - Method: GET
[16-Mar-2026 09:32:10 UTC] Pages API - clerk_user_id from request: null
[16-Mar-2026 09:32:10 UTC] Pages API - clerk_user_id from session: user_3AhnQJV5XslRK9dMtMXyCieGbiA
[16-Mar-2026 09:32:10 UTC] Pages API - Using clerk_user_id: user_3AhnQJV5XslRK9dMtMXyCieGbiA
[16-Mar-2026 09:32:10 UTC] Pages API - Using clerk_user_id: user_3AhnQJV5XslRK9dMtMXyCieGbiA
[16-Mar-2026 09:32:10 UTC] MySQL select query: SELECT `id` FROM `users` WHERE `clerk_user_id` = :where_clerk_user_id_0
[16-Mar-2026 09:32:10 UTC] MySQL select params: {"where_clerk_user_id_0":"user_3AhnQJV5XslRK9dMtMXyCieGbiA"}
[16-Mar-2026 09:32:10 UTC] MySQL select returned 1 rows
[16-Mar-2026 09:32:10 UTC] getUserIdFromClerkId - Query result: [{"id":2}]
[16-Mar-2026 09:32:10 UTC] Pages API - User ID from database: 2
[16-Mar-2026 09:32:10 UTC] Pages API - Success! User ID: 2
[16-Mar-2026 09:32:10 UTC] MySQL select query: SELECT `id`, `title`, `thumbnail_url`, `is_favorite`, `is_public`, `share_token`, `share_slug`, `last_accessed`, `created_at`, `updated_at` FROM `user_pages` WHERE `user_id` = :where_user_id_0 ORDER BY COALESCE(`last_accessed`, '1970-01-01 00:00:00') DESC
[16-Mar-2026 09:32:10 UTC] MySQL select params: {"where_user_id_0":2}
[16-Mar-2026 09:32:10 UTC] MySQL select returned 4 rows
[16-Mar-2026 09:32:13 UTC] Successfully loaded .env from: C:\Users\Pablo\Documents\GitHub\nine-screen-canvas-flow/.env
[16-Mar-2026 09:32:14 UTC] MySQL select query: SELECT `id` FROM `users` WHERE `clerk_user_id` = :where_clerk_user_id_0
[16-Mar-2026 09:32:14 UTC] MySQL select params: {"where_clerk_user_id_0":"user_3AhnQJV5XslRK9dMtMXyCieGbiA"}
[16-Mar-2026 09:32:14 UTC] MySQL select returned 1 rows
[16-Mar-2026 09:32:14 UTC] MySQL select query: SELECT * FROM `user_pages` WHERE `id` = :where_id_0 AND `user_id` = :where_user_id_1
[16-Mar-2026 09:32:14 UTC] MySQL select params: {"where_id_0":"9c8ec1a8-1ecd-11f1-8378-d85ed359730c","where_user_id_1":2}
[16-Mar-2026 09:32:14 UTC] MySQL select returned 1 rows
[16-Mar-2026 09:32:15 UTC] Pages API - Incoming request - Method: GET, Payload size: 0 bytes (0 KB)
[16-Mar-2026 09:32:15 UTC] Pages API - Method: GET
[16-Mar-2026 09:32:15 UTC] Pages API - clerk_user_id from request: null
[16-Mar-2026 09:32:15 UTC] Pages API - clerk_user_id from session: user_3AhnQJV5XslRK9dMtMXyCieGbiA
[16-Mar-2026 09:32:15 UTC] Pages API - Using clerk_user_id: user_3AhnQJV5XslRK9dMtMXyCieGbiA
[16-Mar-2026 09:32:15 UTC] Pages API - Using clerk_user_id: user_3AhnQJV5XslRK9dMtMXyCieGbiA
[16-Mar-2026 09:32:15 UTC] MySQL select query: SELECT `id` FROM `users` WHERE `clerk_user_id` = :where_clerk_user_id_0
[16-Mar-2026 09:32:15 UTC] MySQL select params: {"where_clerk_user_id_0":"user_3AhnQJV5XslRK9dMtMXyCieGbiA"}
[16-Mar-2026 09:32:15 UTC] MySQL select returned 1 rows
[16-Mar-2026 09:32:15 UTC] getUserIdFromClerkId - Query result: [{"id":2}]
[16-Mar-2026 09:32:15 UTC] Pages API - User ID from database: 2
[16-Mar-2026 09:32:15 UTC] Pages API - Success! User ID: 2
[16-Mar-2026 09:32:15 UTC] MySQL select query: SELECT `id`, `title`, `thumbnail_url`, `is_favorite`, `is_public`, `share_token`, `share_slug`, `last_accessed`, `created_at`, `updated_at` FROM `user_pages` WHERE `user_id` = :where_user_id_0 ORDER BY COALESCE(`last_accessed`, '1970-01-01 00:00:00') DESC
[16-Mar-2026 09:32:15 UTC] MySQL select params: {"where_user_id_0":2}
[16-Mar-2026 09:32:15 UTC] MySQL select returned 4 rows
[16-Mar-2026 09:32:16 UTC] Pages API - Incoming request - Method: GET, Payload size: 0 bytes (0 KB)
[16-Mar-2026 09:32:16 UTC] Pages API - Method: GET
[16-Mar-2026 09:32:16 UTC] Pages API - clerk_user_id from request: null
[16-Mar-2026 09:32:16 UTC] Pages API - clerk_user_id from session: user_3AhnQJV5XslRK9dMtMXyCieGbiA
[16-Mar-2026 09:32:16 UTC] Pages API - Using clerk_user_id: user_3AhnQJV5XslRK9dMtMXyCieGbiA
[16-Mar-2026 09:32:16 UTC] Pages API - Using clerk_user_id: user_3AhnQJV5XslRK9dMtMXyCieGbiA
[16-Mar-2026 09:32:16 UTC] MySQL select query: SELECT `id` FROM `users` WHERE `clerk_user_id` = :where_clerk_user_id_0
[16-Mar-2026 09:32:16 UTC] MySQL select params: {"where_clerk_user_id_0":"user_3AhnQJV5XslRK9dMtMXyCieGbiA"}
[16-Mar-2026 09:32:16 UTC] MySQL select returned 1 rows
[16-Mar-2026 09:32:16 UTC] getUserIdFromClerkId - Query result: [{"id":2}]
[16-Mar-2026 09:32:16 UTC] Pages API - User ID from database: 2
[16-Mar-2026 09:32:16 UTC] Pages API - Success! User ID: 2
[16-Mar-2026 09:32:16 UTC] MySQL select query: SELECT `id`, `title`, `thumbnail_url`, `is_favorite`, `is_public`, `share_token`, `share_slug`, `last_accessed`, `created_at`, `updated_at` FROM `user_pages` WHERE `user_id` = :where_user_id_0 ORDER BY COALESCE(`last_accessed`, '1970-01-01 00:00:00') DESC
[16-Mar-2026 09:32:16 UTC] MySQL select params: {"where_user_id_0":2}
[16-Mar-2026 09:32:16 UTC] MySQL select returned 4 rows
[16-Mar-2026 09:32:26 UTC] Successfully loaded .env from: C:\Users\Pablo\Documents\GitHub\nine-screen-canvas-flow/.env
[16-Mar-2026 09:32:26 UTC] MySQL select query: SELECT `id` FROM `users` WHERE `clerk_user_id` = :where_clerk_user_id_0
[16-Mar-2026 09:32:26 UTC] MySQL select params: {"where_clerk_user_id_0":"user_3AhnQJV5XslRK9dMtMXyCieGbiA"}
[16-Mar-2026 09:32:26 UTC] MySQL select returned 1 rows
[16-Mar-2026 09:32:26 UTC] MySQL select query: SELECT * FROM `user_pages` WHERE `id` = :where_id_0 AND `user_id` = :where_user_id_1
[16-Mar-2026 09:32:26 UTC] MySQL select params: {"where_id_0":"f91ce792-211a-11f1-bfcb-d85ed359730c","where_user_id_1":2}
[16-Mar-2026 09:32:26 UTC] MySQL select returned 1 rows
[16-Mar-2026 09:32:27 UTC] Pages API - Incoming request - Method: GET, Payload size: 0 bytes (0 KB)
[16-Mar-2026 09:32:27 UTC] Pages API - Method: GET
[16-Mar-2026 09:32:27 UTC] Pages API - clerk_user_id from request: null
[16-Mar-2026 09:32:27 UTC] Pages API - clerk_user_id from session: user_3AhnQJV5XslRK9dMtMXyCieGbiA
[16-Mar-2026 09:32:27 UTC] Pages API - Using clerk_user_id: user_3AhnQJV5XslRK9dMtMXyCieGbiA
[16-Mar-2026 09:32:27 UTC] Pages API - Using clerk_user_id: user_3AhnQJV5XslRK9dMtMXyCieGbiA
[16-Mar-2026 09:32:27 UTC] MySQL select query: SELECT `id` FROM `users` WHERE `clerk_user_id` = :where_clerk_user_id_0
[16-Mar-2026 09:32:27 UTC] MySQL select params: {"where_clerk_user_id_0":"user_3AhnQJV5XslRK9dMtMXyCieGbiA"}
[16-Mar-2026 09:32:27 UTC] MySQL select returned 1 rows
[16-Mar-2026 09:32:27 UTC] getUserIdFromClerkId - Query result: [{"id":2}]
[16-Mar-2026 09:32:27 UTC] Pages API - User ID from database: 2
[16-Mar-2026 09:32:27 UTC] Pages API - Success! User ID: 2
[16-Mar-2026 09:32:27 UTC] MySQL select query: SELECT `id`, `title`, `thumbnail_url`, `is_favorite`, `is_public`, `share_token`, `share_slug`, `last_accessed`, `created_at`, `updated_at` FROM `user_pages` WHERE `user_id` = :where_user_id_0 ORDER BY COALESCE(`last_accessed`, '1970-01-01 00:00:00') DESC
[16-Mar-2026 09:32:27 UTC] MySQL select params: {"where_user_id_0":2}
[16-Mar-2026 09:32:27 UTC] MySQL select returned 4 rows
[16-Mar-2026 09:32:29 UTC] Pages API - Incoming request - Method: GET, Payload size: 0 bytes (0 KB)
[16-Mar-2026 09:32:29 UTC] Pages API - Method: GET
[16-Mar-2026 09:32:29 UTC] Pages API - clerk_user_id from request: null
[16-Mar-2026 09:32:29 UTC] Pages API - clerk_user_id from session: user_3AhnQJV5XslRK9dMtMXyCieGbiA
[16-Mar-2026 09:32:29 UTC] Pages API - Using clerk_user_id: user_3AhnQJV5XslRK9dMtMXyCieGbiA
[16-Mar-2026 09:32:29 UTC] Pages API - Using clerk_user_id: user_3AhnQJV5XslRK9dMtMXyCieGbiA
[16-Mar-2026 09:32:29 UTC] MySQL select query: SELECT `id` FROM `users` WHERE `clerk_user_id` = :where_clerk_user_id_0
[16-Mar-2026 09:32:29 UTC] MySQL select params: {"where_clerk_user_id_0":"user_3AhnQJV5XslRK9dMtMXyCieGbiA"}
[16-Mar-2026 09:32:29 UTC] MySQL select returned 1 rows
[16-Mar-2026 09:32:29 UTC] getUserIdFromClerkId - Query result: [{"id":2}]
[16-Mar-2026 09:32:29 UTC] Pages API - User ID from database: 2
[16-Mar-2026 09:32:29 UTC] Pages API - Success! User ID: 2
[16-Mar-2026 09:32:29 UTC] MySQL select query: SELECT `id`, `title`, `thumbnail_url`, `is_favorite`, `is_public`, `share_token`, `share_slug`, `last_accessed`, `created_at`, `updated_at` FROM `user_pages` WHERE `user_id` = :where_user_id_0 ORDER BY COALESCE(`last_accessed`, '1970-01-01 00:00:00') DESC
[16-Mar-2026 09:32:29 UTC] MySQL select params: {"where_user_id_0":2}
[16-Mar-2026 09:32:29 UTC] MySQL select returned 4 rows
[16-Mar-2026 09:32:34 UTC] Pages API - Incoming request - Method: DELETE, Payload size: 96 bytes (0.09 KB)
[16-Mar-2026 09:32:34 UTC] Pages API - Method: DELETE
[16-Mar-2026 09:32:34 UTC] Pages API - clerk_user_id from request: user_3AhnQJV5XslRK9dMtMXyCieGbiA
[16-Mar-2026 09:32:34 UTC] Pages API - clerk_user_id from session: user_3AhnQJV5XslRK9dMtMXyCieGbiA
[16-Mar-2026 09:32:34 UTC] Pages API - Using clerk_user_id: user_3AhnQJV5XslRK9dMtMXyCieGbiA
[16-Mar-2026 09:32:34 UTC] Pages API - Using clerk_user_id: user_3AhnQJV5XslRK9dMtMXyCieGbiA
[16-Mar-2026 09:32:34 UTC] MySQL select query: SELECT `id` FROM `users` WHERE `clerk_user_id` = :where_clerk_user_id_0
[16-Mar-2026 09:32:34 UTC] MySQL select params: {"where_clerk_user_id_0":"user_3AhnQJV5XslRK9dMtMXyCieGbiA"}
[16-Mar-2026 09:32:34 UTC] MySQL select returned 1 rows
[16-Mar-2026 09:32:34 UTC] getUserIdFromClerkId - Query result: [{"id":2}]
[16-Mar-2026 09:32:34 UTC] Pages API - User ID from database: 2
[16-Mar-2026 09:32:34 UTC] Pages API - Success! User ID: 2
[16-Mar-2026 09:32:34 UTC] MySQL select query: SELECT `id` FROM `user_pages` WHERE `id` = :where_id_0 AND `user_id` = :where_user_id_1
[16-Mar-2026 09:32:34 UTC] MySQL select params: {"where_id_0":"9c8ec1a8-1ecd-11f1-8378-d85ed359730c","where_user_id_1":2}
[16-Mar-2026 09:32:34 UTC] MySQL select returned 1 rows
[16-Mar-2026 09:32:34 UTC] Pages API - Incoming request - Method: GET, Payload size: 0 bytes (0 KB)
[16-Mar-2026 09:32:34 UTC] Pages API - Method: GET
[16-Mar-2026 09:32:34 UTC] Pages API - clerk_user_id from request: null
[16-Mar-2026 09:32:34 UTC] Pages API - clerk_user_id from session: user_3AhnQJV5XslRK9dMtMXyCieGbiA
[16-Mar-2026 09:32:34 UTC] Pages API - Using clerk_user_id: user_3AhnQJV5XslRK9dMtMXyCieGbiA
[16-Mar-2026 09:32:34 UTC] Pages API - Using clerk_user_id: user_3AhnQJV5XslRK9dMtMXyCieGbiA
[16-Mar-2026 09:32:34 UTC] MySQL select query: SELECT `id` FROM `users` WHERE `clerk_user_id` = :where_clerk_user_id_0
[16-Mar-2026 09:32:34 UTC] MySQL select params: {"where_clerk_user_id_0":"user_3AhnQJV5XslRK9dMtMXyCieGbiA"}
[16-Mar-2026 09:32:34 UTC] MySQL select returned 1 rows
[16-Mar-2026 09:32:34 UTC] getUserIdFromClerkId - Query result: [{"id":2}]
[16-Mar-2026 09:32:34 UTC] Pages API - User ID from database: 2
[16-Mar-2026 09:32:34 UTC] Pages API - Success! User ID: 2
[16-Mar-2026 09:32:34 UTC] MySQL select query: SELECT `id`, `title`, `thumbnail_url`, `is_favorite`, `is_public`, `share_token`, `share_slug`, `last_accessed`, `created_at`, `updated_at` FROM `user_pages` WHERE `user_id` = :where_user_id_0 ORDER BY COALESCE(`last_accessed`, '1970-01-01 00:00:00') DESC
[16-Mar-2026 09:32:34 UTC] MySQL select params: {"where_user_id_0":2}
[16-Mar-2026 09:32:34 UTC] MySQL select returned 3 rows
[16-Mar-2026 09:32:36 UTC] Pages API - Incoming request - Method: GET, Payload size: 0 bytes (0 KB)
[16-Mar-2026 09:32:36 UTC] Pages API - Method: GET
[16-Mar-2026 09:32:36 UTC] Pages API - clerk_user_id from request: null
[16-Mar-2026 09:32:36 UTC] Pages API - clerk_user_id from session: user_3AhnQJV5XslRK9dMtMXyCieGbiA
[16-Mar-2026 09:32:36 UTC] Pages API - Using clerk_user_id: user_3AhnQJV5XslRK9dMtMXyCieGbiA
[16-Mar-2026 09:32:36 UTC] Pages API - Using clerk_user_id: user_3AhnQJV5XslRK9dMtMXyCieGbiA
[16-Mar-2026 09:32:36 UTC] MySQL select query: SELECT `id` FROM `users` WHERE `clerk_user_id` = :where_clerk_user_id_0
[16-Mar-2026 09:32:36 UTC] MySQL select params: {"where_clerk_user_id_0":"user_3AhnQJV5XslRK9dMtMXyCieGbiA"}
[16-Mar-2026 09:32:36 UTC] MySQL select returned 1 rows
[16-Mar-2026 09:32:36 UTC] getUserIdFromClerkId - Query result: [{"id":2}]
[16-Mar-2026 09:32:36 UTC] Pages API - User ID from database: 2
[16-Mar-2026 09:32:36 UTC] Pages API - Success! User ID: 2
[16-Mar-2026 09:32:36 UTC] MySQL select query: SELECT `id`, `title`, `thumbnail_url`, `is_favorite`, `is_public`, `share_token`, `share_slug`, `last_accessed`, `created_at`, `updated_at` FROM `user_pages` WHERE `user_id` = :where_user_id_0 ORDER BY COALESCE(`last_accessed`, '1970-01-01 00:00:00') DESC
[16-Mar-2026 09:32:36 UTC] MySQL select params: {"where_user_id_0":2}
[16-Mar-2026 09:32:36 UTC] MySQL select returned 3 rows
[16-Mar-2026 09:32:39 UTC] Pages API - Incoming request - Method: DELETE, Payload size: 96 bytes (0.09 KB)
[16-Mar-2026 09:32:39 UTC] Pages API - Method: DELETE
[16-Mar-2026 09:32:39 UTC] Pages API - clerk_user_id from request: user_3AhnQJV5XslRK9dMtMXyCieGbiA
[16-Mar-2026 09:32:39 UTC] Pages API - clerk_user_id from session: user_3AhnQJV5XslRK9dMtMXyCieGbiA
[16-Mar-2026 09:32:39 UTC] Pages API - Using clerk_user_id: user_3AhnQJV5XslRK9dMtMXyCieGbiA
[16-Mar-2026 09:32:39 UTC] Pages API - Using clerk_user_id: user_3AhnQJV5XslRK9dMtMXyCieGbiA
[16-Mar-2026 09:32:39 UTC] MySQL select query: SELECT `id` FROM `users` WHERE `clerk_user_id` = :where_clerk_user_id_0
[16-Mar-2026 09:32:39 UTC] MySQL select params: {"where_clerk_user_id_0":"user_3AhnQJV5XslRK9dMtMXyCieGbiA"}
[16-Mar-2026 09:32:39 UTC] MySQL select returned 1 rows
[16-Mar-2026 09:32:39 UTC] getUserIdFromClerkId - Query result: [{"id":2}]
[16-Mar-2026 09:32:39 UTC] Pages API - User ID from database: 2
[16-Mar-2026 09:32:39 UTC] Pages API - Success! User ID: 2
[16-Mar-2026 09:32:39 UTC] MySQL select query: SELECT `id` FROM `user_pages` WHERE `id` = :where_id_0 AND `user_id` = :where_user_id_1
[16-Mar-2026 09:32:39 UTC] MySQL select params: {"where_id_0":"f91ce792-211a-11f1-bfcb-d85ed359730c","where_user_id_1":2}
[16-Mar-2026 09:32:39 UTC] MySQL select returned 1 rows
[16-Mar-2026 09:32:40 UTC] Successfully loaded .env from: C:\Users\Pablo\Documents\GitHub\nine-screen-canvas-flow/.env
[16-Mar-2026 09:32:40 UTC] MySQL select query: SELECT `id` FROM `users` WHERE `clerk_user_id` = :where_clerk_user_id_0
[16-Mar-2026 09:32:40 UTC] MySQL select params: {"where_clerk_user_id_0":"user_3AhnQJV5XslRK9dMtMXyCieGbiA"}
[16-Mar-2026 09:32:40 UTC] MySQL select returned 1 rows
[16-Mar-2026 09:32:40 UTC] MySQL select query: SELECT * FROM `user_pages` WHERE `id` = :where_id_0 AND `user_id` = :where_user_id_1
[16-Mar-2026 09:32:40 UTC] MySQL select params: {"where_id_0":"dde44853-1c76-11f1-929a-d85ed359730c","where_user_id_1":2}
[16-Mar-2026 09:32:40 UTC] MySQL select returned 1 rows
[16-Mar-2026 09:32:41 UTC] Pages API - Incoming request - Method: GET, Payload size: 0 bytes (0 KB)
[16-Mar-2026 09:32:41 UTC] Pages API - Method: GET
[16-Mar-2026 09:32:41 UTC] Pages API - clerk_user_id from request: null
[16-Mar-2026 09:32:41 UTC] Pages API - clerk_user_id from session: user_3AhnQJV5XslRK9dMtMXyCieGbiA
[16-Mar-2026 09:32:41 UTC] Pages API - Using clerk_user_id: user_3AhnQJV5XslRK9dMtMXyCieGbiA
[16-Mar-2026 09:32:41 UTC] Pages API - Using clerk_user_id: user_3AhnQJV5XslRK9dMtMXyCieGbiA
[16-Mar-2026 09:32:41 UTC] MySQL select query: SELECT `id` FROM `users` WHERE `clerk_user_id` = :where_clerk_user_id_0
[16-Mar-2026 09:32:41 UTC] MySQL select params: {"where_clerk_user_id_0":"user_3AhnQJV5XslRK9dMtMXyCieGbiA"}
[16-Mar-2026 09:32:41 UTC] MySQL select returned 1 rows
[16-Mar-2026 09:32:41 UTC] getUserIdFromClerkId - Query result: [{"id":2}]
[16-Mar-2026 09:32:41 UTC] Pages API - User ID from database: 2
[16-Mar-2026 09:32:41 UTC] Pages API - Success! User ID: 2
[16-Mar-2026 09:32:41 UTC] MySQL select query: SELECT `id`, `title`, `thumbnail_url`, `is_favorite`, `is_public`, `share_token`, `share_slug`, `last_accessed`, `created_at`, `updated_at` FROM `user_pages` WHERE `user_id` = :where_user_id_0 ORDER BY COALESCE(`last_accessed`, '1970-01-01 00:00:00') DESC
[16-Mar-2026 09:32:41 UTC] MySQL select params: {"where_user_id_0":2}
[16-Mar-2026 09:32:41 UTC] MySQL select returned 2 rows
[16-Mar-2026 09:32:43 UTC] Pages API - Incoming request - Method: GET, Payload size: 0 bytes (0 KB)
[16-Mar-2026 09:32:43 UTC] Pages API - Method: GET
[16-Mar-2026 09:32:43 UTC] Pages API - clerk_user_id from request: null
[16-Mar-2026 09:32:43 UTC] Pages API - clerk_user_id from session: user_3AhnQJV5XslRK9dMtMXyCieGbiA
[16-Mar-2026 09:32:43 UTC] Pages API - Using clerk_user_id: user_3AhnQJV5XslRK9dMtMXyCieGbiA
[16-Mar-2026 09:32:43 UTC] Pages API - Using clerk_user_id: user_3AhnQJV5XslRK9dMtMXyCieGbiA
[16-Mar-2026 09:32:43 UTC] MySQL select query: SELECT `id` FROM `users` WHERE `clerk_user_id` = :where_clerk_user_id_0
[16-Mar-2026 09:32:43 UTC] MySQL select params: {"where_clerk_user_id_0":"user_3AhnQJV5XslRK9dMtMXyCieGbiA"}
[16-Mar-2026 09:32:43 UTC] MySQL select returned 1 rows
[16-Mar-2026 09:32:43 UTC] getUserIdFromClerkId - Query result: [{"id":2}]
[16-Mar-2026 09:32:43 UTC] Pages API - User ID from database: 2
[16-Mar-2026 09:32:43 UTC] Pages API - Success! User ID: 2
[16-Mar-2026 09:32:43 UTC] MySQL select query: SELECT `id`, `title`, `thumbnail_url`, `is_favorite`, `is_public`, `share_token`, `share_slug`, `last_accessed`, `created_at`, `updated_at` FROM `user_pages` WHERE `user_id` = :where_user_id_0 ORDER BY COALESCE(`last_accessed`, '1970-01-01 00:00:00') DESC
[16-Mar-2026 09:32:43 UTC] MySQL select params: {"where_user_id_0":2}
[16-Mar-2026 09:32:43 UTC] MySQL select returned 2 rows
[16-Mar-2026 09:32:45 UTC] Pages API - Incoming request - Method: GET, Payload size: 0 bytes (0 KB)
[16-Mar-2026 09:32:45 UTC] Pages API - Method: GET
[16-Mar-2026 09:32:45 UTC] Pages API - clerk_user_id from request: null
[16-Mar-2026 09:32:45 UTC] Pages API - clerk_user_id from session: user_3AhnQJV5XslRK9dMtMXyCieGbiA
[16-Mar-2026 09:32:45 UTC] Pages API - Using clerk_user_id: user_3AhnQJV5XslRK9dMtMXyCieGbiA
[16-Mar-2026 09:32:45 UTC] Pages API - Using clerk_user_id: user_3AhnQJV5XslRK9dMtMXyCieGbiA
[16-Mar-2026 09:32:45 UTC] MySQL select query: SELECT `id` FROM `users` WHERE `clerk_user_id` = :where_clerk_user_id_0
[16-Mar-2026 09:32:45 UTC] MySQL select params: {"where_clerk_user_id_0":"user_3AhnQJV5XslRK9dMtMXyCieGbiA"}
[16-Mar-2026 09:32:45 UTC] MySQL select returned 1 rows
[16-Mar-2026 09:32:45 UTC] getUserIdFromClerkId - Query result: [{"id":2}]
[16-Mar-2026 09:32:45 UTC] Pages API - User ID from database: 2
[16-Mar-2026 09:32:45 UTC] Pages API - Success! User ID: 2
[16-Mar-2026 09:32:45 UTC] MySQL select query: SELECT `id`, `title`, `thumbnail_url`, `is_favorite`, `is_public`, `share_token`, `share_slug`, `last_accessed`, `created_at`, `updated_at` FROM `user_pages` WHERE `user_id` = :where_user_id_0 ORDER BY COALESCE(`last_accessed`, '1970-01-01 00:00:00') DESC
[16-Mar-2026 09:32:45 UTC] MySQL select params: {"where_user_id_0":2}
[16-Mar-2026 09:32:45 UTC] MySQL select returned 2 rows
[16-Mar-2026 09:32:57 UTC] Pages API - Incoming request - Method: POST, Payload size: 230 bytes (0.22 KB)
[16-Mar-2026 09:32:57 UTC] Pages API - Method: POST
[16-Mar-2026 09:32:57 UTC] Pages API - clerk_user_id from request: user_3AhnQJV5XslRK9dMtMXyCieGbiA
[16-Mar-2026 09:32:57 UTC] Pages API - clerk_user_id from session: user_3AhnQJV5XslRK9dMtMXyCieGbiA
[16-Mar-2026 09:32:57 UTC] Pages API - Using clerk_user_id: user_3AhnQJV5XslRK9dMtMXyCieGbiA
[16-Mar-2026 09:32:57 UTC] Pages API - Using clerk_user_id: user_3AhnQJV5XslRK9dMtMXyCieGbiA
[16-Mar-2026 09:32:57 UTC] MySQL select query: SELECT `id` FROM `users` WHERE `clerk_user_id` = :where_clerk_user_id_0
[16-Mar-2026 09:32:57 UTC] MySQL select params: {"where_clerk_user_id_0":"user_3AhnQJV5XslRK9dMtMXyCieGbiA"}
[16-Mar-2026 09:32:57 UTC] MySQL select returned 1 rows
[16-Mar-2026 09:32:57 UTC] getUserIdFromClerkId - Query result: [{"id":2}]
[16-Mar-2026 09:32:57 UTC] Pages API - User ID from database: 2
[16-Mar-2026 09:32:57 UTC] Pages API - Success! User ID: 2
[16-Mar-2026 09:32:57 UTC] Pages API POST - action='create', input_keys=action,title,data,clerk_user_id, raw_snippet={"action":"create","title":"Share 16 Mar","data":{"fullHtml":"","theme":"theme-light-minimal","fullpageEnabled":false,"a
[16-Mar-2026 09:32:57 UTC] MySQL select query: SELECT * FROM `user_pages` WHERE `id` = :where_id_0
[16-Mar-2026 09:32:57 UTC] MySQL select params: {"where_id_0":"1dcd8272-211b-11f1-bfcb-d85ed359730c"}
[16-Mar-2026 09:32:57 UTC] MySQL select returned 1 rows
[16-Mar-2026 09:32:57 UTC] Pages API - Incoming request - Method: GET, Payload size: 0 bytes (0 KB)
[16-Mar-2026 09:32:57 UTC] Pages API - Method: GET
[16-Mar-2026 09:32:57 UTC] Pages API - clerk_user_id from request: null
[16-Mar-2026 09:32:57 UTC] Pages API - clerk_user_id from session: user_3AhnQJV5XslRK9dMtMXyCieGbiA
[16-Mar-2026 09:32:57 UTC] Pages API - Using clerk_user_id: user_3AhnQJV5XslRK9dMtMXyCieGbiA
[16-Mar-2026 09:32:57 UTC] Pages API - Using clerk_user_id: user_3AhnQJV5XslRK9dMtMXyCieGbiA
[16-Mar-2026 09:32:57 UTC] MySQL select query: SELECT `id` FROM `users` WHERE `clerk_user_id` = :where_clerk_user_id_0
[16-Mar-2026 09:32:57 UTC] MySQL select params: {"where_clerk_user_id_0":"user_3AhnQJV5XslRK9dMtMXyCieGbiA"}
[16-Mar-2026 09:32:57 UTC] MySQL select returned 1 rows
[16-Mar-2026 09:32:57 UTC] getUserIdFromClerkId - Query result: [{"id":2}]
[16-Mar-2026 09:32:57 UTC] Pages API - User ID from database: 2
[16-Mar-2026 09:32:57 UTC] Pages API - Success! User ID: 2
[16-Mar-2026 09:32:57 UTC] MySQL select query: SELECT `id`, `title`, `thumbnail_url`, `is_favorite`, `is_public`, `share_token`, `share_slug`, `last_accessed`, `created_at`, `updated_at` FROM `user_pages` WHERE `user_id` = :where_user_id_0 ORDER BY COALESCE(`last_accessed`, '1970-01-01 00:00:00') DESC
[16-Mar-2026 09:32:57 UTC] MySQL select params: {"where_user_id_0":2}
[16-Mar-2026 09:32:57 UTC] MySQL select returned 3 rows
[16-Mar-2026 09:32:58 UTC] Pages API - Incoming request - Method: GET, Payload size: 0 bytes (0 KB)
[16-Mar-2026 09:32:58 UTC] Pages API - Method: GET
[16-Mar-2026 09:32:58 UTC] Pages API - clerk_user_id from request: null
[16-Mar-2026 09:32:58 UTC] Pages API - clerk_user_id from session: user_3AhnQJV5XslRK9dMtMXyCieGbiA
[16-Mar-2026 09:32:58 UTC] Pages API - Using clerk_user_id: user_3AhnQJV5XslRK9dMtMXyCieGbiA
[16-Mar-2026 09:32:58 UTC] Pages API - Using clerk_user_id: user_3AhnQJV5XslRK9dMtMXyCieGbiA
[16-Mar-2026 09:32:58 UTC] MySQL select query: SELECT `id` FROM `users` WHERE `clerk_user_id` = :where_clerk_user_id_0
[16-Mar-2026 09:32:58 UTC] MySQL select params: {"where_clerk_user_id_0":"user_3AhnQJV5XslRK9dMtMXyCieGbiA"}
[16-Mar-2026 09:32:58 UTC] MySQL select returned 1 rows
[16-Mar-2026 09:32:58 UTC] getUserIdFromClerkId - Query result: [{"id":2}]
[16-Mar-2026 09:32:58 UTC] Pages API - User ID from database: 2
[16-Mar-2026 09:32:58 UTC] Pages API - Success! User ID: 2
[16-Mar-2026 09:32:58 UTC] MySQL select query: SELECT `id`, `title`, `thumbnail_url`, `is_favorite`, `is_public`, `share_token`, `share_slug`, `last_accessed`, `created_at`, `updated_at` FROM `user_pages` WHERE `user_id` = :where_user_id_0 ORDER BY COALESCE(`last_accessed`, '1970-01-01 00:00:00') DESC
[16-Mar-2026 09:32:58 UTC] MySQL select params: {"where_user_id_0":2}
[16-Mar-2026 09:32:58 UTC] MySQL select returned 3 rows
[16-Mar-2026 09:32:58 UTC] Pages API - Incoming request - Method: PUT, Payload size: 58,712 bytes (57.34 KB)
[16-Mar-2026 09:32:58 UTC] Pages API - Method: PUT
[16-Mar-2026 09:32:58 UTC] Pages API - clerk_user_id from request: user_3AhnQJV5XslRK9dMtMXyCieGbiA
[16-Mar-2026 09:32:58 UTC] Pages API - clerk_user_id from session: user_3AhnQJV5XslRK9dMtMXyCieGbiA
[16-Mar-2026 09:32:58 UTC] Pages API - Using clerk_user_id: user_3AhnQJV5XslRK9dMtMXyCieGbiA
[16-Mar-2026 09:32:58 UTC] Pages API - Using clerk_user_id: user_3AhnQJV5XslRK9dMtMXyCieGbiA
[16-Mar-2026 09:32:58 UTC] MySQL select query: SELECT `id` FROM `users` WHERE `clerk_user_id` = :where_clerk_user_id_0
[16-Mar-2026 09:32:58 UTC] MySQL select params: {"where_clerk_user_id_0":"user_3AhnQJV5XslRK9dMtMXyCieGbiA"}
[16-Mar-2026 09:32:58 UTC] MySQL select returned 1 rows
[16-Mar-2026 09:32:58 UTC] getUserIdFromClerkId - Query result: [{"id":2}]
[16-Mar-2026 09:32:58 UTC] Pages API - User ID from database: 2
[16-Mar-2026 09:32:58 UTC] Pages API - Success! User ID: 2
[16-Mar-2026 09:32:58 UTC] MySQL select query: SELECT `id`, `updated_at` FROM `user_pages` WHERE `id` = :where_id_0 AND `user_id` = :where_user_id_1
[16-Mar-2026 09:32:58 UTC] MySQL select params: {"where_id_0":"1dcd8272-211b-11f1-bfcb-d85ed359730c","where_user_id_1":2}
[16-Mar-2026 09:32:58 UTC] MySQL select returned 1 rows
[16-Mar-2026 09:32:58 UTC] MySQL update query: UPDATE `user_pages` SET `title` = :title, `data` = :data, `last_accessed` = :last_accessed, `updated_at` = :updated_at WHERE `id` = :where_id_0 AND `user_id` = :where_user_id_1
[16-Mar-2026 09:32:58 UTC] MySQL update params: {"title":"Share 16 Mar","data":"{\"fullHtml\":\"\\n                <!-- NAV -->\\n\\n   ...[truncated]","last_accessed":"2026-03-16 09:32:58","updated_at":"2026-03-16 09:32:58","where_id_0":"1dcd8272-211b-11f1-bfcb-d85ed359730c","where_user_id_1":2}
[16-Mar-2026 09:32:58 UTC] MySQL update affected rows: 1
[16-Mar-2026 09:32:58 UTC] MySQL select query: SELECT * FROM `user_pages` WHERE `id` = :where_id_0 AND `user_id` = :where_user_id_1
[16-Mar-2026 09:32:58 UTC] MySQL select params: {"where_id_0":"1dcd8272-211b-11f1-bfcb-d85ed359730c","where_user_id_1":2}
[16-Mar-2026 09:32:58 UTC] MySQL select returned 1 rows
[16-Mar-2026 09:33:02 UTC] Pages API - Incoming request - Method: POST, Payload size: 113 bytes (0.11 KB)
[16-Mar-2026 09:33:02 UTC] Pages API - Method: POST
[16-Mar-2026 09:33:02 UTC] Pages API - clerk_user_id from request: user_3AhnQJV5XslRK9dMtMXyCieGbiA
[16-Mar-2026 09:33:02 UTC] Pages API - clerk_user_id from session: user_3AhnQJV5XslRK9dMtMXyCieGbiA
[16-Mar-2026 09:33:02 UTC] Pages API - Using clerk_user_id: user_3AhnQJV5XslRK9dMtMXyCieGbiA
[16-Mar-2026 09:33:02 UTC] Pages API - Using clerk_user_id: user_3AhnQJV5XslRK9dMtMXyCieGbiA
[16-Mar-2026 09:33:02 UTC] MySQL select query: SELECT `id` FROM `users` WHERE `clerk_user_id` = :where_clerk_user_id_0
[16-Mar-2026 09:33:02 UTC] MySQL select params: {"where_clerk_user_id_0":"user_3AhnQJV5XslRK9dMtMXyCieGbiA"}
[16-Mar-2026 09:33:02 UTC] MySQL select returned 1 rows
[16-Mar-2026 09:33:02 UTC] getUserIdFromClerkId - Query result: [{"id":2}]
[16-Mar-2026 09:33:02 UTC] Pages API - User ID from database: 2
[16-Mar-2026 09:33:02 UTC] Pages API - Success! User ID: 2
[16-Mar-2026 09:33:02 UTC] Pages API POST - action='share', input_keys=action,id,clerk_user_id, raw_snippet={"action":"share","id":"1dcd8272-211b-11f1-bfcb-d85ed359730c","clerk_user_id":"user_3AhnQJV5XslRK9dMtMXyCieGbiA"}
[16-Mar-2026 09:33:02 UTC] MySQL select query: SELECT `id`, `share_token`, `is_public`, `share_slug` FROM `user_pages` WHERE `id` = :where_id_0 AND `user_id` = :where_user_id_1
[16-Mar-2026 09:33:02 UTC] MySQL select params: {"where_id_0":"1dcd8272-211b-11f1-bfcb-d85ed359730c","where_user_id_1":2}
[16-Mar-2026 09:33:02 UTC] MySQL select returned 1 rows
[16-Mar-2026 09:33:02 UTC] MySQL update query: UPDATE `user_pages` SET `share_token` = :share_token, `is_public` = :is_public WHERE `id` = :where_id_0 AND `user_id` = :where_user_id_1
[16-Mar-2026 09:33:02 UTC] MySQL update params: {"share_token":"965b535f-794c-4e82-8586-c51976f909ec","is_public":1,"where_id_0":"1dcd8272-211b-11f1-bfcb-d85ed359730c","where_user_id_1":2}
[16-Mar-2026 09:33:02 UTC] MySQL update affected rows: 1
[16-Mar-2026 09:33:02 UTC] MySQL select query: SELECT * FROM `user_pages` WHERE `id` = :where_id_0 AND `user_id` = :where_user_id_1
[16-Mar-2026 09:33:02 UTC] MySQL select params: {"where_id_0":"1dcd8272-211b-11f1-bfcb-d85ed359730c","where_user_id_1":2}
[16-Mar-2026 09:33:02 UTC] MySQL select returned 1 rows
[16-Mar-2026 09:33:11 UTC] Pages API - Incoming request - Method: GET, Payload size: 0 bytes (0 KB)
[16-Mar-2026 09:33:11 UTC] Pages API - Method: GET
[16-Mar-2026 09:33:11 UTC] Pages API - clerk_user_id from request: null
[16-Mar-2026 09:33:11 UTC] Pages API - clerk_user_id from session: user_3AhnQJV5XslRK9dMtMXyCieGbiA
[16-Mar-2026 09:33:11 UTC] Pages API - Using clerk_user_id: user_3AhnQJV5XslRK9dMtMXyCieGbiA
[16-Mar-2026 09:33:11 UTC] Pages API - Using clerk_user_id: user_3AhnQJV5XslRK9dMtMXyCieGbiA
[16-Mar-2026 09:33:11 UTC] MySQL select query: SELECT `id` FROM `users` WHERE `clerk_user_id` = :where_clerk_user_id_0
[16-Mar-2026 09:33:11 UTC] MySQL select params: {"where_clerk_user_id_0":"user_3AhnQJV5XslRK9dMtMXyCieGbiA"}
[16-Mar-2026 09:33:11 UTC] MySQL select returned 1 rows
[16-Mar-2026 09:33:11 UTC] getUserIdFromClerkId - Query result: [{"id":2}]
[16-Mar-2026 09:33:11 UTC] Pages API - User ID from database: 2
[16-Mar-2026 09:33:11 UTC] Pages API - Success! User ID: 2
[16-Mar-2026 09:33:11 UTC] MySQL select query: SELECT `id`, `title`, `thumbnail_url`, `is_favorite`, `is_public`, `share_token`, `share_slug`, `last_accessed`, `created_at`, `updated_at` FROM `user_pages` WHERE `user_id` = :where_user_id_0 ORDER BY COALESCE(`last_accessed`, '1970-01-01 00:00:00') DESC
[16-Mar-2026 09:33:11 UTC] MySQL select params: {"where_user_id_0":2}
[16-Mar-2026 09:33:11 UTC] MySQL select returned 3 rows
[16-Mar-2026 09:33:13 UTC] Successfully loaded .env from: C:\Users\Pablo\Documents\GitHub\nine-screen-canvas-flow/.env
[16-Mar-2026 09:33:13 UTC] MySQL select query: SELECT `id` FROM `users` WHERE `clerk_user_id` = :where_clerk_user_id_0
[16-Mar-2026 09:33:13 UTC] MySQL select params: {"where_clerk_user_id_0":"user_3AhnQJV5XslRK9dMtMXyCieGbiA"}
[16-Mar-2026 09:33:13 UTC] MySQL select returned 1 rows
[16-Mar-2026 09:33:13 UTC] MySQL select query: SELECT * FROM `user_pages` WHERE `id` = :where_id_0 AND `user_id` = :where_user_id_1
[16-Mar-2026 09:33:13 UTC] MySQL select params: {"where_id_0":"dde44853-1c76-11f1-929a-d85ed359730c","where_user_id_1":2}
[16-Mar-2026 09:33:13 UTC] MySQL select returned 1 rows
[16-Mar-2026 09:33:14 UTC] Pages API - Incoming request - Method: GET, Payload size: 0 bytes (0 KB)
[16-Mar-2026 09:33:14 UTC] Pages API - Method: GET
[16-Mar-2026 09:33:14 UTC] Pages API - clerk_user_id from request: null
[16-Mar-2026 09:33:14 UTC] Pages API - clerk_user_id from session: user_3AhnQJV5XslRK9dMtMXyCieGbiA
[16-Mar-2026 09:33:14 UTC] Pages API - Using clerk_user_id: user_3AhnQJV5XslRK9dMtMXyCieGbiA
[16-Mar-2026 09:33:14 UTC] Pages API - Using clerk_user_id: user_3AhnQJV5XslRK9dMtMXyCieGbiA
[16-Mar-2026 09:33:14 UTC] MySQL select query: SELECT `id` FROM `users` WHERE `clerk_user_id` = :where_clerk_user_id_0
[16-Mar-2026 09:33:14 UTC] MySQL select params: {"where_clerk_user_id_0":"user_3AhnQJV5XslRK9dMtMXyCieGbiA"}
[16-Mar-2026 09:33:14 UTC] MySQL select returned 1 rows
[16-Mar-2026 09:33:14 UTC] getUserIdFromClerkId - Query result: [{"id":2}]
[16-Mar-2026 09:33:14 UTC] Pages API - User ID from database: 2
[16-Mar-2026 09:33:14 UTC] Pages API - Success! User ID: 2
[16-Mar-2026 09:33:14 UTC] MySQL select query: SELECT `id`, `title`, `thumbnail_url`, `is_favorite`, `is_public`, `share_token`, `share_slug`, `last_accessed`, `created_at`, `updated_at` FROM `user_pages` WHERE `user_id` = :where_user_id_0 ORDER BY COALESCE(`last_accessed`, '1970-01-01 00:00:00') DESC
[16-Mar-2026 09:33:14 UTC] MySQL select params: {"where_user_id_0":2}
[16-Mar-2026 09:33:14 UTC] MySQL select returned 3 rows
[16-Mar-2026 09:33:15 UTC] Pages API - Incoming request - Method: GET, Payload size: 0 bytes (0 KB)
[16-Mar-2026 09:33:15 UTC] Pages API - Method: GET
[16-Mar-2026 09:33:15 UTC] Pages API - clerk_user_id from request: null
[16-Mar-2026 09:33:15 UTC] Pages API - clerk_user_id from session: user_3AhnQJV5XslRK9dMtMXyCieGbiA
[16-Mar-2026 09:33:15 UTC] Pages API - Using clerk_user_id: user_3AhnQJV5XslRK9dMtMXyCieGbiA
[16-Mar-2026 09:33:15 UTC] Pages API - Using clerk_user_id: user_3AhnQJV5XslRK9dMtMXyCieGbiA
[16-Mar-2026 09:33:15 UTC] MySQL select query: SELECT `id` FROM `users` WHERE `clerk_user_id` = :where_clerk_user_id_0
[16-Mar-2026 09:33:15 UTC] MySQL select params: {"where_clerk_user_id_0":"user_3AhnQJV5XslRK9dMtMXyCieGbiA"}
[16-Mar-2026 09:33:15 UTC] MySQL select returned 1 rows
[16-Mar-2026 09:33:15 UTC] getUserIdFromClerkId - Query result: [{"id":2}]
[16-Mar-2026 09:33:15 UTC] Pages API - User ID from database: 2
[16-Mar-2026 09:33:15 UTC] Pages API - Success! User ID: 2
[16-Mar-2026 09:33:15 UTC] MySQL select query: SELECT `id`, `title`, `thumbnail_url`, `is_favorite`, `is_public`, `share_token`, `share_slug`, `last_accessed`, `created_at`, `updated_at` FROM `user_pages` WHERE `user_id` = :where_user_id_0 ORDER BY COALESCE(`last_accessed`, '1970-01-01 00:00:00') DESC
[16-Mar-2026 09:33:15 UTC] MySQL select params: {"where_user_id_0":2}
[16-Mar-2026 09:33:16 UTC] MySQL select returned 3 rows
[16-Mar-2026 09:36:00 UTC] Successfully loaded .env from: C:\Users\Pablo\Documents\GitHub\nine-screen-canvas-flow/.env
[16-Mar-2026 09:36:00 UTC] syncClerkSession - Refreshing paid status for: ptrigol@gmail.com
[16-Mar-2026 09:36:01 UTC] Purchases database connection failed: SQLSTATE[HY000] [1045] Access denied for user 'alvarotrigo_alvarotrigo'@'79.117.116.182' (using password: YES)
[16-Mar-2026 09:36:01 UTC] Attempted connection to: host=nocn.noc-n.com, dbname=alvarotrigo_alvarotrigo, user=alvarotrigo_alvarotrigo
[16-Mar-2026 09:36:01 UTC] Error checking user paid status: Purchases database connection failed: SQLSTATE[HY000] [1045] Access denied for user 'alvarotrigo_alvarotrigo'@'79.117.116.182' (using password: YES)
[16-Mar-2026 09:36:01 UTC] MySQL select query: SELECT * FROM `users` WHERE `email` = :where_email_0 AND `pro_status_source` = :where_pro_status_source_1
[16-Mar-2026 09:36:01 UTC] MySQL select params: {"where_email_0":"ptrigol@gmail.com","where_pro_status_source_1":"polar"}
[16-Mar-2026 09:36:01 UTC] MySQL select returned 0 rows
[16-Mar-2026 09:36:01 UTC] MySQL select query: SELECT * FROM `subscriptions` WHERE `customer_email` = :where_customer_email_0 AND `status` = :where_status_1
[16-Mar-2026 09:36:01 UTC] MySQL select params: {"where_customer_email_0":"ptrigol@gmail.com","where_status_1":"active"}
[16-Mar-2026 09:36:01 UTC] MySQL select returned 0 rows
[16-Mar-2026 09:36:01 UTC] syncClerkSession - Paid status refreshed: is_paid=false
[16-Mar-2026 09:36:01 UTC] MySQL select query: SELECT `id` FROM `users` WHERE `clerk_user_id` = :where_clerk_user_id_0
[16-Mar-2026 09:36:01 UTC] MySQL select params: {"where_clerk_user_id_0":"user_3AhnQJV5XslRK9dMtMXyCieGbiA"}
[16-Mar-2026 09:36:01 UTC] MySQL select returned 1 rows
[16-Mar-2026 09:36:01 UTC] MySQL select query: SELECT * FROM `user_pages` WHERE `id` = :where_id_0 AND `user_id` = :where_user_id_1
[16-Mar-2026 09:36:01 UTC] MySQL select params: {"where_id_0":"dde44853-1c76-11f1-929a-d85ed359730c","where_user_id_1":2}
[16-Mar-2026 09:36:01 UTC] MySQL select returned 1 rows
[16-Mar-2026 09:36:02 UTC] Pages API - Incoming request - Method: GET, Payload size: 0 bytes (0 KB)
[16-Mar-2026 09:36:02 UTC] Pages API - Method: GET
[16-Mar-2026 09:36:02 UTC] Pages API - clerk_user_id from request: null
[16-Mar-2026 09:36:02 UTC] Pages API - clerk_user_id from session: user_3AhnQJV5XslRK9dMtMXyCieGbiA
[16-Mar-2026 09:36:02 UTC] Pages API - Using clerk_user_id: user_3AhnQJV5XslRK9dMtMXyCieGbiA
[16-Mar-2026 09:36:02 UTC] Pages API - Using clerk_user_id: user_3AhnQJV5XslRK9dMtMXyCieGbiA
[16-Mar-2026 09:36:02 UTC] MySQL select query: SELECT `id` FROM `users` WHERE `clerk_user_id` = :where_clerk_user_id_0
[16-Mar-2026 09:36:02 UTC] MySQL select params: {"where_clerk_user_id_0":"user_3AhnQJV5XslRK9dMtMXyCieGbiA"}
[16-Mar-2026 09:36:02 UTC] MySQL select returned 1 rows
[16-Mar-2026 09:36:02 UTC] getUserIdFromClerkId - Query result: [{"id":2}]
[16-Mar-2026 09:36:02 UTC] Pages API - User ID from database: 2
[16-Mar-2026 09:36:02 UTC] Pages API - Success! User ID: 2
[16-Mar-2026 09:36:02 UTC] MySQL select query: SELECT `id`, `title`, `thumbnail_url`, `is_favorite`, `is_public`, `share_token`, `share_slug`, `last_accessed`, `created_at`, `updated_at` FROM `user_pages` WHERE `user_id` = :where_user_id_0 ORDER BY COALESCE(`last_accessed`, '1970-01-01 00:00:00') DESC
[16-Mar-2026 09:36:02 UTC] MySQL select params: {"where_user_id_0":2}
[16-Mar-2026 09:36:02 UTC] MySQL select returned 3 rows
[16-Mar-2026 09:36:04 UTC] Pages API - Incoming request - Method: GET, Payload size: 0 bytes (0 KB)
[16-Mar-2026 09:36:04 UTC] Pages API - Method: GET
[16-Mar-2026 09:36:04 UTC] Pages API - clerk_user_id from request: null
[16-Mar-2026 09:36:04 UTC] Pages API - clerk_user_id from session: user_3AhnQJV5XslRK9dMtMXyCieGbiA
[16-Mar-2026 09:36:04 UTC] Pages API - Using clerk_user_id: user_3AhnQJV5XslRK9dMtMXyCieGbiA
[16-Mar-2026 09:36:04 UTC] Pages API - Using clerk_user_id: user_3AhnQJV5XslRK9dMtMXyCieGbiA
[16-Mar-2026 09:36:04 UTC] MySQL select query: SELECT `id` FROM `users` WHERE `clerk_user_id` = :where_clerk_user_id_0
[16-Mar-2026 09:36:04 UTC] MySQL select params: {"where_clerk_user_id_0":"user_3AhnQJV5XslRK9dMtMXyCieGbiA"}
[16-Mar-2026 09:36:04 UTC] MySQL select returned 1 rows
[16-Mar-2026 09:36:04 UTC] getUserIdFromClerkId - Query result: [{"id":2}]
[16-Mar-2026 09:36:04 UTC] Pages API - User ID from database: 2
[16-Mar-2026 09:36:04 UTC] Pages API - Success! User ID: 2
[16-Mar-2026 09:36:04 UTC] MySQL select query: SELECT `id`, `title`, `thumbnail_url`, `is_favorite`, `is_public`, `share_token`, `share_slug`, `last_accessed`, `created_at`, `updated_at` FROM `user_pages` WHERE `user_id` = :where_user_id_0 ORDER BY COALESCE(`last_accessed`, '1970-01-01 00:00:00') DESC
[16-Mar-2026 09:36:04 UTC] MySQL select params: {"where_user_id_0":2}
[16-Mar-2026 09:36:04 UTC] MySQL select returned 3 rows
[16-Mar-2026 09:36:09 UTC] Pages API - Incoming request - Method: GET, Payload size: 0 bytes (0 KB)
[16-Mar-2026 09:36:09 UTC] Pages API - Method: GET
[16-Mar-2026 09:36:09 UTC] Pages API - clerk_user_id from request: null
[16-Mar-2026 09:36:09 UTC] Pages API - clerk_user_id from session: user_3AhnQJV5XslRK9dMtMXyCieGbiA
[16-Mar-2026 09:36:09 UTC] Pages API - Using clerk_user_id: user_3AhnQJV5XslRK9dMtMXyCieGbiA
[16-Mar-2026 09:36:09 UTC] Pages API - Using clerk_user_id: user_3AhnQJV5XslRK9dMtMXyCieGbiA
[16-Mar-2026 09:36:09 UTC] MySQL select query: SELECT `id` FROM `users` WHERE `clerk_user_id` = :where_clerk_user_id_0
[16-Mar-2026 09:36:09 UTC] MySQL select params: {"where_clerk_user_id_0":"user_3AhnQJV5XslRK9dMtMXyCieGbiA"}
[16-Mar-2026 09:36:09 UTC] MySQL select returned 1 rows
[16-Mar-2026 09:36:09 UTC] getUserIdFromClerkId - Query result: [{"id":2}]
[16-Mar-2026 09:36:09 UTC] Pages API - User ID from database: 2
[16-Mar-2026 09:36:09 UTC] Pages API - Success! User ID: 2
[16-Mar-2026 09:36:09 UTC] MySQL select query: SELECT `id`, `title`, `thumbnail_url`, `is_favorite`, `is_public`, `share_token`, `share_slug`, `last_accessed`, `created_at`, `updated_at` FROM `user_pages` WHERE `user_id` = :where_user_id_0 ORDER BY COALESCE(`last_accessed`, '1970-01-01 00:00:00') DESC
[16-Mar-2026 09:36:09 UTC] MySQL select params: {"where_user_id_0":2}
[16-Mar-2026 09:36:09 UTC] MySQL select returned 3 rows
[16-Mar-2026 09:36:12 UTC] Pages API - Incoming request - Method: GET, Payload size: 0 bytes (0 KB)
[16-Mar-2026 09:36:12 UTC] Pages API - Method: GET
[16-Mar-2026 09:36:12 UTC] Pages API - clerk_user_id from request: null
[16-Mar-2026 09:36:12 UTC] Pages API - clerk_user_id from session: user_3AhnQJV5XslRK9dMtMXyCieGbiA
[16-Mar-2026 09:36:12 UTC] Pages API - Using clerk_user_id: user_3AhnQJV5XslRK9dMtMXyCieGbiA
[16-Mar-2026 09:36:12 UTC] Pages API - Using clerk_user_id: user_3AhnQJV5XslRK9dMtMXyCieGbiA
[16-Mar-2026 09:36:12 UTC] MySQL select query: SELECT `id` FROM `users` WHERE `clerk_user_id` = :where_clerk_user_id_0
[16-Mar-2026 09:36:12 UTC] MySQL select params: {"where_clerk_user_id_0":"user_3AhnQJV5XslRK9dMtMXyCieGbiA"}
[16-Mar-2026 09:36:12 UTC] MySQL select returned 1 rows
[16-Mar-2026 09:36:12 UTC] getUserIdFromClerkId - Query result: [{"id":2}]
[16-Mar-2026 09:36:12 UTC] Pages API - User ID from database: 2
[16-Mar-2026 09:36:12 UTC] Pages API - Success! User ID: 2
[16-Mar-2026 09:36:12 UTC] MySQL select query: SELECT `id`, `title`, `thumbnail_url`, `is_favorite`, `is_public`, `share_token`, `share_slug`, `last_accessed`, `created_at`, `updated_at` FROM `user_pages` WHERE `user_id` = :where_user_id_0 ORDER BY COALESCE(`last_accessed`, '1970-01-01 00:00:00') DESC
[16-Mar-2026 09:36:12 UTC] MySQL select params: {"where_user_id_0":2}
[16-Mar-2026 09:36:12 UTC] MySQL select returned 3 rows
[16-Mar-2026 09:37:03 UTC] Pages API - Incoming request - Method: GET, Payload size: 0 bytes (0 KB)
[16-Mar-2026 09:37:03 UTC] Pages API - Method: GET
[16-Mar-2026 09:37:03 UTC] Pages API - clerk_user_id from request: null
[16-Mar-2026 09:37:03 UTC] Pages API - clerk_user_id from session: user_3AhnQJV5XslRK9dMtMXyCieGbiA
[16-Mar-2026 09:37:03 UTC] Pages API - Using clerk_user_id: user_3AhnQJV5XslRK9dMtMXyCieGbiA
[16-Mar-2026 09:37:03 UTC] Pages API - Using clerk_user_id: user_3AhnQJV5XslRK9dMtMXyCieGbiA
[16-Mar-2026 09:37:03 UTC] MySQL select query: SELECT `id` FROM `users` WHERE `clerk_user_id` = :where_clerk_user_id_0
[16-Mar-2026 09:37:03 UTC] MySQL select params: {"where_clerk_user_id_0":"user_3AhnQJV5XslRK9dMtMXyCieGbiA"}
[16-Mar-2026 09:37:03 UTC] MySQL select returned 1 rows
[16-Mar-2026 09:37:03 UTC] getUserIdFromClerkId - Query result: [{"id":2}]
[16-Mar-2026 09:37:03 UTC] Pages API - User ID from database: 2
[16-Mar-2026 09:37:03 UTC] Pages API - Success! User ID: 2
[16-Mar-2026 09:37:03 UTC] MySQL select query: SELECT `id`, `title`, `thumbnail_url`, `is_favorite`, `is_public`, `share_token`, `share_slug`, `last_accessed`, `created_at`, `updated_at` FROM `user_pages` WHERE `user_id` = :where_user_id_0 ORDER BY COALESCE(`last_accessed`, '1970-01-01 00:00:00') DESC
[16-Mar-2026 09:37:03 UTC] MySQL select params: {"where_user_id_0":2}
[16-Mar-2026 09:37:03 UTC] MySQL select returned 3 rows
[16-Mar-2026 09:37:44 UTC] Successfully loaded .env from: C:\Users\Pablo\Documents\GitHub\nine-screen-canvas-flow/.env
[16-Mar-2026 09:37:44 UTC] MySQL select query: SELECT `id` FROM `users` WHERE `clerk_user_id` = :where_clerk_user_id_0
[16-Mar-2026 09:37:44 UTC] MySQL select params: {"where_clerk_user_id_0":"user_3AhnQJV5XslRK9dMtMXyCieGbiA"}
[16-Mar-2026 09:37:44 UTC] MySQL select returned 1 rows
[16-Mar-2026 09:37:44 UTC] MySQL select query: SELECT * FROM `user_pages` WHERE `id` = :where_id_0 AND `user_id` = :where_user_id_1
[16-Mar-2026 09:37:44 UTC] MySQL select params: {"where_id_0":"dde44853-1c76-11f1-929a-d85ed359730c","where_user_id_1":2}
[16-Mar-2026 09:37:44 UTC] MySQL select returned 1 rows
[16-Mar-2026 09:37:46 UTC] Pages API - Incoming request - Method: GET, Payload size: 0 bytes (0 KB)
[16-Mar-2026 09:37:46 UTC] Pages API - Method: GET
[16-Mar-2026 09:37:46 UTC] Pages API - clerk_user_id from request: null
[16-Mar-2026 09:37:46 UTC] Pages API - clerk_user_id from session: user_3AhnQJV5XslRK9dMtMXyCieGbiA
[16-Mar-2026 09:37:46 UTC] Pages API - Using clerk_user_id: user_3AhnQJV5XslRK9dMtMXyCieGbiA
[16-Mar-2026 09:37:46 UTC] Pages API - Using clerk_user_id: user_3AhnQJV5XslRK9dMtMXyCieGbiA
[16-Mar-2026 09:37:46 UTC] MySQL select query: SELECT `id` FROM `users` WHERE `clerk_user_id` = :where_clerk_user_id_0
[16-Mar-2026 09:37:46 UTC] MySQL select params: {"where_clerk_user_id_0":"user_3AhnQJV5XslRK9dMtMXyCieGbiA"}
[16-Mar-2026 09:37:46 UTC] MySQL select returned 1 rows
[16-Mar-2026 09:37:46 UTC] getUserIdFromClerkId - Query result: [{"id":2}]
[16-Mar-2026 09:37:46 UTC] Pages API - User ID from database: 2
[16-Mar-2026 09:37:46 UTC] Pages API - Success! User ID: 2
[16-Mar-2026 09:37:46 UTC] MySQL select query: SELECT `id`, `title`, `thumbnail_url`, `is_favorite`, `is_public`, `share_token`, `share_slug`, `last_accessed`, `created_at`, `updated_at` FROM `user_pages` WHERE `user_id` = :where_user_id_0 ORDER BY COALESCE(`last_accessed`, '1970-01-01 00:00:00') DESC
[16-Mar-2026 09:37:46 UTC] MySQL select params: {"where_user_id_0":2}
[16-Mar-2026 09:37:46 UTC] MySQL select returned 3 rows
[16-Mar-2026 09:37:47 UTC] Pages API - Incoming request - Method: GET, Payload size: 0 bytes (0 KB)
[16-Mar-2026 09:37:47 UTC] Pages API - Method: GET
[16-Mar-2026 09:37:47 UTC] Pages API - clerk_user_id from request: null
[16-Mar-2026 09:37:47 UTC] Pages API - clerk_user_id from session: user_3AhnQJV5XslRK9dMtMXyCieGbiA
[16-Mar-2026 09:37:47 UTC] Pages API - Using clerk_user_id: user_3AhnQJV5XslRK9dMtMXyCieGbiA
[16-Mar-2026 09:37:47 UTC] Pages API - Using clerk_user_id: user_3AhnQJV5XslRK9dMtMXyCieGbiA
[16-Mar-2026 09:37:47 UTC] MySQL select query: SELECT `id` FROM `users` WHERE `clerk_user_id` = :where_clerk_user_id_0
[16-Mar-2026 09:37:47 UTC] MySQL select params: {"where_clerk_user_id_0":"user_3AhnQJV5XslRK9dMtMXyCieGbiA"}
[16-Mar-2026 09:37:47 UTC] MySQL select returned 1 rows
[16-Mar-2026 09:37:47 UTC] getUserIdFromClerkId - Query result: [{"id":2}]
[16-Mar-2026 09:37:47 UTC] Pages API - User ID from database: 2
[16-Mar-2026 09:37:47 UTC] Pages API - Success! User ID: 2
[16-Mar-2026 09:37:47 UTC] MySQL select query: SELECT `id`, `title`, `thumbnail_url`, `is_favorite`, `is_public`, `share_token`, `share_slug`, `last_accessed`, `created_at`, `updated_at` FROM `user_pages` WHERE `user_id` = :where_user_id_0 ORDER BY COALESCE(`last_accessed`, '1970-01-01 00:00:00') DESC
[16-Mar-2026 09:37:47 UTC] MySQL select params: {"where_user_id_0":2}
[16-Mar-2026 09:37:47 UTC] MySQL select returned 3 rows
[16-Mar-2026 09:37:51 UTC] Pages API - Incoming request - Method: GET, Payload size: 0 bytes (0 KB)
[16-Mar-2026 09:37:51 UTC] Pages API - Method: GET
[16-Mar-2026 09:37:51 UTC] Pages API - clerk_user_id from request: null
[16-Mar-2026 09:37:51 UTC] Pages API - clerk_user_id from session: user_3AhnQJV5XslRK9dMtMXyCieGbiA
[16-Mar-2026 09:37:51 UTC] Pages API - Using clerk_user_id: user_3AhnQJV5XslRK9dMtMXyCieGbiA
[16-Mar-2026 09:37:51 UTC] Pages API - Using clerk_user_id: user_3AhnQJV5XslRK9dMtMXyCieGbiA
[16-Mar-2026 09:37:51 UTC] MySQL select query: SELECT `id` FROM `users` WHERE `clerk_user_id` = :where_clerk_user_id_0
[16-Mar-2026 09:37:51 UTC] MySQL select params: {"where_clerk_user_id_0":"user_3AhnQJV5XslRK9dMtMXyCieGbiA"}
[16-Mar-2026 09:37:51 UTC] MySQL select returned 1 rows
[16-Mar-2026 09:37:51 UTC] getUserIdFromClerkId - Query result: [{"id":2}]
[16-Mar-2026 09:37:51 UTC] Pages API - User ID from database: 2
[16-Mar-2026 09:37:51 UTC] Pages API - Success! User ID: 2
[16-Mar-2026 09:37:51 UTC] MySQL select query: SELECT `id`, `title`, `thumbnail_url`, `is_favorite`, `is_public`, `share_token`, `share_slug`, `last_accessed`, `created_at`, `updated_at` FROM `user_pages` WHERE `user_id` = :where_user_id_0 ORDER BY COALESCE(`last_accessed`, '1970-01-01 00:00:00') DESC
[16-Mar-2026 09:37:51 UTC] MySQL select params: {"where_user_id_0":2}
[16-Mar-2026 09:37:51 UTC] MySQL select returned 3 rows
[16-Mar-2026 09:37:55 UTC] Successfully loaded .env from: C:\Users\Pablo\Documents\GitHub\nine-screen-canvas-flow/.env
[16-Mar-2026 09:37:55 UTC] MySQL select query: SELECT `id` FROM `users` WHERE `clerk_user_id` = :where_clerk_user_id_0
[16-Mar-2026 09:37:55 UTC] MySQL select params: {"where_clerk_user_id_0":"user_3AhnQJV5XslRK9dMtMXyCieGbiA"}
[16-Mar-2026 09:37:55 UTC] MySQL select returned 1 rows
[16-Mar-2026 09:37:55 UTC] MySQL select query: SELECT * FROM `user_pages` WHERE `id` = :where_id_0 AND `user_id` = :where_user_id_1
[16-Mar-2026 09:37:55 UTC] MySQL select params: {"where_id_0":"dde44853-1c76-11f1-929a-d85ed359730c","where_user_id_1":2}
[16-Mar-2026 09:37:55 UTC] MySQL select returned 1 rows
[16-Mar-2026 09:37:56 UTC] Pages API - Incoming request - Method: GET, Payload size: 0 bytes (0 KB)
[16-Mar-2026 09:37:56 UTC] Pages API - Method: GET
[16-Mar-2026 09:37:56 UTC] Pages API - clerk_user_id from request: null
[16-Mar-2026 09:37:56 UTC] Pages API - clerk_user_id from session: user_3AhnQJV5XslRK9dMtMXyCieGbiA
[16-Mar-2026 09:37:56 UTC] Pages API - Using clerk_user_id: user_3AhnQJV5XslRK9dMtMXyCieGbiA
[16-Mar-2026 09:37:56 UTC] Pages API - Using clerk_user_id: user_3AhnQJV5XslRK9dMtMXyCieGbiA
[16-Mar-2026 09:37:56 UTC] MySQL select query: SELECT `id` FROM `users` WHERE `clerk_user_id` = :where_clerk_user_id_0
[16-Mar-2026 09:37:56 UTC] MySQL select params: {"where_clerk_user_id_0":"user_3AhnQJV5XslRK9dMtMXyCieGbiA"}
[16-Mar-2026 09:37:56 UTC] MySQL select returned 1 rows
[16-Mar-2026 09:37:56 UTC] getUserIdFromClerkId - Query result: [{"id":2}]
[16-Mar-2026 09:37:56 UTC] Pages API - User ID from database: 2
[16-Mar-2026 09:37:56 UTC] Pages API - Success! User ID: 2
[16-Mar-2026 09:37:56 UTC] MySQL select query: SELECT `id`, `title`, `thumbnail_url`, `is_favorite`, `is_public`, `share_token`, `share_slug`, `last_accessed`, `created_at`, `updated_at` FROM `user_pages` WHERE `user_id` = :where_user_id_0 ORDER BY COALESCE(`last_accessed`, '1970-01-01 00:00:00') DESC
[16-Mar-2026 09:37:56 UTC] MySQL select params: {"where_user_id_0":2}
[16-Mar-2026 09:37:56 UTC] MySQL select returned 3 rows
[16-Mar-2026 09:37:58 UTC] Pages API - Incoming request - Method: GET, Payload size: 0 bytes (0 KB)
[16-Mar-2026 09:37:58 UTC] Pages API - Method: GET
[16-Mar-2026 09:37:58 UTC] Pages API - clerk_user_id from request: null
[16-Mar-2026 09:37:58 UTC] Pages API - clerk_user_id from session: user_3AhnQJV5XslRK9dMtMXyCieGbiA
[16-Mar-2026 09:37:58 UTC] Pages API - Using clerk_user_id: user_3AhnQJV5XslRK9dMtMXyCieGbiA
[16-Mar-2026 09:37:58 UTC] Pages API - Using clerk_user_id: user_3AhnQJV5XslRK9dMtMXyCieGbiA
[16-Mar-2026 09:37:58 UTC] MySQL select query: SELECT `id` FROM `users` WHERE `clerk_user_id` = :where_clerk_user_id_0
[16-Mar-2026 09:37:58 UTC] MySQL select params: {"where_clerk_user_id_0":"user_3AhnQJV5XslRK9dMtMXyCieGbiA"}
[16-Mar-2026 09:37:58 UTC] MySQL select returned 1 rows
[16-Mar-2026 09:37:58 UTC] getUserIdFromClerkId - Query result: [{"id":2}]
[16-Mar-2026 09:37:58 UTC] Pages API - User ID from database: 2
[16-Mar-2026 09:37:58 UTC] Pages API - Success! User ID: 2
[16-Mar-2026 09:37:58 UTC] MySQL select query: SELECT `id`, `title`, `thumbnail_url`, `is_favorite`, `is_public`, `share_token`, `share_slug`, `last_accessed`, `created_at`, `updated_at` FROM `user_pages` WHERE `user_id` = :where_user_id_0 ORDER BY COALESCE(`last_accessed`, '1970-01-01 00:00:00') DESC
[16-Mar-2026 09:37:58 UTC] MySQL select params: {"where_user_id_0":2}
[16-Mar-2026 09:37:58 UTC] MySQL select returned 3 rows
[16-Mar-2026 09:38:05 UTC] Pages API - Incoming request - Method: GET, Payload size: 0 bytes (0 KB)
[16-Mar-2026 09:38:05 UTC] Pages API - Method: GET
[16-Mar-2026 09:38:05 UTC] Pages API - clerk_user_id from request: null
[16-Mar-2026 09:38:05 UTC] Pages API - clerk_user_id from session: user_3AhnQJV5XslRK9dMtMXyCieGbiA
[16-Mar-2026 09:38:05 UTC] Pages API - Using clerk_user_id: user_3AhnQJV5XslRK9dMtMXyCieGbiA
[16-Mar-2026 09:38:05 UTC] Pages API - Using clerk_user_id: user_3AhnQJV5XslRK9dMtMXyCieGbiA
[16-Mar-2026 09:38:05 UTC] MySQL select query: SELECT `id` FROM `users` WHERE `clerk_user_id` = :where_clerk_user_id_0
[16-Mar-2026 09:38:05 UTC] MySQL select params: {"where_clerk_user_id_0":"user_3AhnQJV5XslRK9dMtMXyCieGbiA"}
[16-Mar-2026 09:38:05 UTC] MySQL select returned 1 rows
[16-Mar-2026 09:38:05 UTC] getUserIdFromClerkId - Query result: [{"id":2}]
[16-Mar-2026 09:38:05 UTC] Pages API - User ID from database: 2
[16-Mar-2026 09:38:05 UTC] Pages API - Success! User ID: 2
[16-Mar-2026 09:38:05 UTC] MySQL select query: SELECT `id`, `title`, `thumbnail_url`, `is_favorite`, `is_public`, `share_token`, `share_slug`, `last_accessed`, `created_at`, `updated_at` FROM `user_pages` WHERE `user_id` = :where_user_id_0 ORDER BY COALESCE(`last_accessed`, '1970-01-01 00:00:00') DESC
[16-Mar-2026 09:38:05 UTC] MySQL select params: {"where_user_id_0":2}
[16-Mar-2026 09:38:05 UTC] MySQL select returned 3 rows
[16-Mar-2026 09:40:12 UTC] Pages API - Incoming request - Method: GET, Payload size: 0 bytes (0 KB)
[16-Mar-2026 09:40:12 UTC] Pages API - Method: GET
[16-Mar-2026 09:40:12 UTC] Pages API - clerk_user_id from request: null
[16-Mar-2026 09:40:12 UTC] Pages API - clerk_user_id from session: user_3AhnQJV5XslRK9dMtMXyCieGbiA
[16-Mar-2026 09:40:12 UTC] Pages API - Using clerk_user_id: user_3AhnQJV5XslRK9dMtMXyCieGbiA
[16-Mar-2026 09:40:12 UTC] Pages API - Using clerk_user_id: user_3AhnQJV5XslRK9dMtMXyCieGbiA
[16-Mar-2026 09:40:12 UTC] MySQL select query: SELECT `id` FROM `users` WHERE `clerk_user_id` = :where_clerk_user_id_0
[16-Mar-2026 09:40:12 UTC] MySQL select params: {"where_clerk_user_id_0":"user_3AhnQJV5XslRK9dMtMXyCieGbiA"}
[16-Mar-2026 09:40:12 UTC] MySQL select returned 1 rows
[16-Mar-2026 09:40:12 UTC] getUserIdFromClerkId - Query result: [{"id":2}]
[16-Mar-2026 09:40:12 UTC] Pages API - User ID from database: 2
[16-Mar-2026 09:40:12 UTC] Pages API - Success! User ID: 2
[16-Mar-2026 09:40:12 UTC] MySQL select query: SELECT `id`, `title`, `thumbnail_url`, `is_favorite`, `is_public`, `share_token`, `share_slug`, `last_accessed`, `created_at`, `updated_at` FROM `user_pages` WHERE `user_id` = :where_user_id_0 ORDER BY COALESCE(`last_accessed`, '1970-01-01 00:00:00') DESC
[16-Mar-2026 09:40:12 UTC] MySQL select params: {"where_user_id_0":2}
[16-Mar-2026 09:40:12 UTC] MySQL select returned 3 rows
[16-Mar-2026 09:41:01 UTC] Successfully loaded .env from: C:\Users\Pablo\Documents\GitHub\nine-screen-canvas-flow/.env
[16-Mar-2026 09:41:01 UTC] MySQL select query: SELECT `id` FROM `users` WHERE `clerk_user_id` = :where_clerk_user_id_0
[16-Mar-2026 09:41:01 UTC] MySQL select params: {"where_clerk_user_id_0":"user_3AhnQJV5XslRK9dMtMXyCieGbiA"}
[16-Mar-2026 09:41:01 UTC] MySQL select returned 1 rows
[16-Mar-2026 09:41:01 UTC] MySQL select query: SELECT * FROM `user_pages` WHERE `id` = :where_id_0 AND `user_id` = :where_user_id_1
[16-Mar-2026 09:41:01 UTC] MySQL select params: {"where_id_0":"dde44853-1c76-11f1-929a-d85ed359730c","where_user_id_1":2}
[16-Mar-2026 09:41:01 UTC] MySQL select returned 1 rows
[16-Mar-2026 09:41:03 UTC] Pages API - Incoming request - Method: GET, Payload size: 0 bytes (0 KB)
[16-Mar-2026 09:41:03 UTC] Pages API - Method: GET
[16-Mar-2026 09:41:03 UTC] Pages API - clerk_user_id from request: null
[16-Mar-2026 09:41:03 UTC] Pages API - clerk_user_id from session: user_3AhnQJV5XslRK9dMtMXyCieGbiA
[16-Mar-2026 09:41:03 UTC] Pages API - Using clerk_user_id: user_3AhnQJV5XslRK9dMtMXyCieGbiA
[16-Mar-2026 09:41:03 UTC] Pages API - Using clerk_user_id: user_3AhnQJV5XslRK9dMtMXyCieGbiA
[16-Mar-2026 09:41:03 UTC] MySQL select query: SELECT `id` FROM `users` WHERE `clerk_user_id` = :where_clerk_user_id_0
[16-Mar-2026 09:41:03 UTC] MySQL select params: {"where_clerk_user_id_0":"user_3AhnQJV5XslRK9dMtMXyCieGbiA"}
[16-Mar-2026 09:41:03 UTC] MySQL select returned 1 rows
[16-Mar-2026 09:41:03 UTC] getUserIdFromClerkId - Query result: [{"id":2}]
[16-Mar-2026 09:41:03 UTC] Pages API - User ID from database: 2
[16-Mar-2026 09:41:03 UTC] Pages API - Success! User ID: 2
[16-Mar-2026 09:41:03 UTC] MySQL select query: SELECT `id`, `title`, `thumbnail_url`, `is_favorite`, `is_public`, `share_token`, `share_slug`, `last_accessed`, `created_at`, `updated_at` FROM `user_pages` WHERE `user_id` = :where_user_id_0 ORDER BY COALESCE(`last_accessed`, '1970-01-01 00:00:00') DESC
[16-Mar-2026 09:41:03 UTC] MySQL select params: {"where_user_id_0":2}
[16-Mar-2026 09:41:03 UTC] MySQL select returned 3 rows
[16-Mar-2026 09:41:05 UTC] Pages API - Incoming request - Method: GET, Payload size: 0 bytes (0 KB)
[16-Mar-2026 09:41:05 UTC] Pages API - Method: GET
[16-Mar-2026 09:41:05 UTC] Pages API - clerk_user_id from request: null
[16-Mar-2026 09:41:05 UTC] Pages API - clerk_user_id from session: user_3AhnQJV5XslRK9dMtMXyCieGbiA
[16-Mar-2026 09:41:05 UTC] Pages API - Using clerk_user_id: user_3AhnQJV5XslRK9dMtMXyCieGbiA
[16-Mar-2026 09:41:05 UTC] Pages API - Using clerk_user_id: user_3AhnQJV5XslRK9dMtMXyCieGbiA
[16-Mar-2026 09:41:05 UTC] MySQL select query: SELECT `id` FROM `users` WHERE `clerk_user_id` = :where_clerk_user_id_0
[16-Mar-2026 09:41:05 UTC] MySQL select params: {"where_clerk_user_id_0":"user_3AhnQJV5XslRK9dMtMXyCieGbiA"}
[16-Mar-2026 09:41:05 UTC] MySQL select returned 1 rows
[16-Mar-2026 09:41:05 UTC] getUserIdFromClerkId - Query result: [{"id":2}]
[16-Mar-2026 09:41:05 UTC] Pages API - User ID from database: 2
[16-Mar-2026 09:41:05 UTC] Pages API - Success! User ID: 2
[16-Mar-2026 09:41:05 UTC] MySQL select query: SELECT `id`, `title`, `thumbnail_url`, `is_favorite`, `is_public`, `share_token`, `share_slug`, `last_accessed`, `created_at`, `updated_at` FROM `user_pages` WHERE `user_id` = :where_user_id_0 ORDER BY COALESCE(`last_accessed`, '1970-01-01 00:00:00') DESC
[16-Mar-2026 09:41:05 UTC] MySQL select params: {"where_user_id_0":2}
[16-Mar-2026 09:41:05 UTC] MySQL select returned 3 rows
[16-Mar-2026 09:41:12 UTC] Pages API - Incoming request - Method: GET, Payload size: 0 bytes (0 KB)
[16-Mar-2026 09:41:12 UTC] Pages API - Method: GET
[16-Mar-2026 09:41:12 UTC] Pages API - clerk_user_id from request: null
[16-Mar-2026 09:41:12 UTC] Pages API - clerk_user_id from session: user_3AhnQJV5XslRK9dMtMXyCieGbiA
[16-Mar-2026 09:41:12 UTC] Pages API - Using clerk_user_id: user_3AhnQJV5XslRK9dMtMXyCieGbiA
[16-Mar-2026 09:41:12 UTC] Pages API - Using clerk_user_id: user_3AhnQJV5XslRK9dMtMXyCieGbiA
[16-Mar-2026 09:41:12 UTC] MySQL select query: SELECT `id` FROM `users` WHERE `clerk_user_id` = :where_clerk_user_id_0
[16-Mar-2026 09:41:12 UTC] MySQL select params: {"where_clerk_user_id_0":"user_3AhnQJV5XslRK9dMtMXyCieGbiA"}
[16-Mar-2026 09:41:12 UTC] MySQL select returned 1 rows
[16-Mar-2026 09:41:12 UTC] getUserIdFromClerkId - Query result: [{"id":2}]
[16-Mar-2026 09:41:12 UTC] Pages API - User ID from database: 2
[16-Mar-2026 09:41:12 UTC] Pages API - Success! User ID: 2
[16-Mar-2026 09:41:12 UTC] MySQL select query: SELECT `id`, `title`, `thumbnail_url`, `is_favorite`, `is_public`, `share_token`, `share_slug`, `last_accessed`, `created_at`, `updated_at` FROM `user_pages` WHERE `user_id` = :where_user_id_0 ORDER BY COALESCE(`last_accessed`, '1970-01-01 00:00:00') DESC
[16-Mar-2026 09:41:12 UTC] MySQL select params: {"where_user_id_0":2}
[16-Mar-2026 09:41:12 UTC] MySQL select returned 3 rows
[16-Mar-2026 09:41:28 UTC] Pages API - Incoming request - Method: GET, Payload size: 0 bytes (0 KB)
[16-Mar-2026 09:41:28 UTC] Pages API - Method: GET
[16-Mar-2026 09:41:28 UTC] Pages API - clerk_user_id from request: null
[16-Mar-2026 09:41:28 UTC] Pages API - clerk_user_id from session: user_3AhnQJV5XslRK9dMtMXyCieGbiA
[16-Mar-2026 09:41:28 UTC] Pages API - Using clerk_user_id: user_3AhnQJV5XslRK9dMtMXyCieGbiA
[16-Mar-2026 09:41:28 UTC] Pages API - Using clerk_user_id: user_3AhnQJV5XslRK9dMtMXyCieGbiA
[16-Mar-2026 09:41:28 UTC] MySQL select query: SELECT `id` FROM `users` WHERE `clerk_user_id` = :where_clerk_user_id_0
[16-Mar-2026 09:41:28 UTC] MySQL select params: {"where_clerk_user_id_0":"user_3AhnQJV5XslRK9dMtMXyCieGbiA"}
[16-Mar-2026 09:41:28 UTC] MySQL select returned 1 rows
[16-Mar-2026 09:41:28 UTC] getUserIdFromClerkId - Query result: [{"id":2}]
[16-Mar-2026 09:41:28 UTC] Pages API - User ID from database: 2
[16-Mar-2026 09:41:28 UTC] Pages API - Success! User ID: 2
[16-Mar-2026 09:41:28 UTC] MySQL select query: SELECT `id`, `title`, `thumbnail_url`, `is_favorite`, `is_public`, `share_token`, `share_slug`, `last_accessed`, `created_at`, `updated_at` FROM `user_pages` WHERE `user_id` = :where_user_id_0 ORDER BY COALESCE(`last_accessed`, '1970-01-01 00:00:00') DESC
[16-Mar-2026 09:41:28 UTC] MySQL select params: {"where_user_id_0":2}
[16-Mar-2026 09:41:28 UTC] MySQL select returned 3 rows
[16-Mar-2026 09:41:33 UTC] Pages API - Incoming request - Method: GET, Payload size: 0 bytes (0 KB)
[16-Mar-2026 09:41:33 UTC] Pages API - Method: GET
[16-Mar-2026 09:41:33 UTC] Pages API - clerk_user_id from request: null
[16-Mar-2026 09:41:33 UTC] Pages API - clerk_user_id from session: user_3AhnQJV5XslRK9dMtMXyCieGbiA
[16-Mar-2026 09:41:33 UTC] Pages API - Using clerk_user_id: user_3AhnQJV5XslRK9dMtMXyCieGbiA
[16-Mar-2026 09:41:33 UTC] Pages API - Using clerk_user_id: user_3AhnQJV5XslRK9dMtMXyCieGbiA
[16-Mar-2026 09:41:33 UTC] MySQL select query: SELECT `id` FROM `users` WHERE `clerk_user_id` = :where_clerk_user_id_0
[16-Mar-2026 09:41:33 UTC] MySQL select params: {"where_clerk_user_id_0":"user_3AhnQJV5XslRK9dMtMXyCieGbiA"}
[16-Mar-2026 09:41:33 UTC] MySQL select returned 1 rows
[16-Mar-2026 09:41:33 UTC] getUserIdFromClerkId - Query result: [{"id":2}]
[16-Mar-2026 09:41:33 UTC] Pages API - User ID from database: 2
[16-Mar-2026 09:41:33 UTC] Pages API - Success! User ID: 2
[16-Mar-2026 09:41:33 UTC] MySQL select query: SELECT `id`, `title`, `thumbnail_url`, `is_favorite`, `is_public`, `share_token`, `share_slug`, `last_accessed`, `created_at`, `updated_at` FROM `user_pages` WHERE `user_id` = :where_user_id_0 ORDER BY COALESCE(`last_accessed`, '1970-01-01 00:00:00') DESC
[16-Mar-2026 09:41:33 UTC] MySQL select params: {"where_user_id_0":2}
[16-Mar-2026 09:41:33 UTC] MySQL select returned 3 rows
[16-Mar-2026 09:41:34 UTC] Pages API - Incoming request - Method: GET, Payload size: 0 bytes (0 KB)
[16-Mar-2026 09:41:34 UTC] Pages API - Method: GET
[16-Mar-2026 09:41:34 UTC] Pages API - clerk_user_id from request: null
[16-Mar-2026 09:41:34 UTC] Pages API - clerk_user_id from session: user_3AhnQJV5XslRK9dMtMXyCieGbiA
[16-Mar-2026 09:41:34 UTC] Pages API - Using clerk_user_id: user_3AhnQJV5XslRK9dMtMXyCieGbiA
[16-Mar-2026 09:41:34 UTC] Pages API - Using clerk_user_id: user_3AhnQJV5XslRK9dMtMXyCieGbiA
[16-Mar-2026 09:41:34 UTC] MySQL select query: SELECT `id` FROM `users` WHERE `clerk_user_id` = :where_clerk_user_id_0
[16-Mar-2026 09:41:34 UTC] MySQL select params: {"where_clerk_user_id_0":"user_3AhnQJV5XslRK9dMtMXyCieGbiA"}
[16-Mar-2026 09:41:34 UTC] MySQL select returned 1 rows
[16-Mar-2026 09:41:34 UTC] getUserIdFromClerkId - Query result: [{"id":2}]
[16-Mar-2026 09:41:34 UTC] Pages API - User ID from database: 2
[16-Mar-2026 09:41:34 UTC] Pages API - Success! User ID: 2
[16-Mar-2026 09:41:34 UTC] MySQL select query: SELECT `id`, `title`, `thumbnail_url`, `is_favorite`, `is_public`, `share_token`, `share_slug`, `last_accessed`, `created_at`, `updated_at` FROM `user_pages` WHERE `user_id` = :where_user_id_0 ORDER BY COALESCE(`last_accessed`, '1970-01-01 00:00:00') DESC
[16-Mar-2026 09:41:34 UTC] MySQL select params: {"where_user_id_0":2}
[16-Mar-2026 09:41:34 UTC] MySQL select returned 3 rows
[16-Mar-2026 09:41:36 UTC] Successfully loaded .env from: C:\Users\Pablo\Documents\GitHub\nine-screen-canvas-flow/.env
[16-Mar-2026 09:41:36 UTC] syncClerkSession - Refreshing paid status for: ptrigol@gmail.com
[16-Mar-2026 09:41:36 UTC] Purchases database connection failed: SQLSTATE[HY000] [1045] Access denied for user 'alvarotrigo_alvarotrigo'@'79.117.116.182' (using password: YES)
[16-Mar-2026 09:41:36 UTC] Attempted connection to: host=nocn.noc-n.com, dbname=alvarotrigo_alvarotrigo, user=alvarotrigo_alvarotrigo
[16-Mar-2026 09:41:36 UTC] Error checking user paid status: Purchases database connection failed: SQLSTATE[HY000] [1045] Access denied for user 'alvarotrigo_alvarotrigo'@'79.117.116.182' (using password: YES)
[16-Mar-2026 09:41:36 UTC] MySQL select query: SELECT * FROM `users` WHERE `email` = :where_email_0 AND `pro_status_source` = :where_pro_status_source_1
[16-Mar-2026 09:41:36 UTC] MySQL select params: {"where_email_0":"ptrigol@gmail.com","where_pro_status_source_1":"polar"}
[16-Mar-2026 09:41:36 UTC] MySQL select returned 0 rows
[16-Mar-2026 09:41:36 UTC] MySQL select query: SELECT * FROM `subscriptions` WHERE `customer_email` = :where_customer_email_0 AND `status` = :where_status_1
[16-Mar-2026 09:41:36 UTC] MySQL select params: {"where_customer_email_0":"ptrigol@gmail.com","where_status_1":"active"}
[16-Mar-2026 09:41:36 UTC] MySQL select returned 0 rows
[16-Mar-2026 09:41:36 UTC] syncClerkSession - Paid status refreshed: is_paid=false
[16-Mar-2026 09:41:36 UTC] MySQL select query: SELECT `id` FROM `users` WHERE `clerk_user_id` = :where_clerk_user_id_0
[16-Mar-2026 09:41:36 UTC] MySQL select params: {"where_clerk_user_id_0":"user_3AhnQJV5XslRK9dMtMXyCieGbiA"}
[16-Mar-2026 09:41:36 UTC] MySQL select returned 1 rows
[16-Mar-2026 09:41:36 UTC] MySQL select query: SELECT * FROM `user_pages` WHERE `id` = :where_id_0 AND `user_id` = :where_user_id_1
[16-Mar-2026 09:41:36 UTC] MySQL select params: {"where_id_0":"1dcd8272-211b-11f1-bfcb-d85ed359730c","where_user_id_1":2}
[16-Mar-2026 09:41:36 UTC] MySQL select returned 1 rows
[16-Mar-2026 09:41:37 UTC] Pages API - Incoming request - Method: GET, Payload size: 0 bytes (0 KB)
[16-Mar-2026 09:41:37 UTC] Pages API - Method: GET
[16-Mar-2026 09:41:37 UTC] Pages API - clerk_user_id from request: null
[16-Mar-2026 09:41:37 UTC] Pages API - clerk_user_id from session: user_3AhnQJV5XslRK9dMtMXyCieGbiA
[16-Mar-2026 09:41:37 UTC] Pages API - Using clerk_user_id: user_3AhnQJV5XslRK9dMtMXyCieGbiA
[16-Mar-2026 09:41:37 UTC] Pages API - Using clerk_user_id: user_3AhnQJV5XslRK9dMtMXyCieGbiA
[16-Mar-2026 09:41:37 UTC] MySQL select query: SELECT `id` FROM `users` WHERE `clerk_user_id` = :where_clerk_user_id_0
[16-Mar-2026 09:41:37 UTC] MySQL select params: {"where_clerk_user_id_0":"user_3AhnQJV5XslRK9dMtMXyCieGbiA"}
[16-Mar-2026 09:41:37 UTC] MySQL select returned 1 rows
[16-Mar-2026 09:41:37 UTC] getUserIdFromClerkId - Query result: [{"id":2}]
[16-Mar-2026 09:41:37 UTC] Pages API - User ID from database: 2
[16-Mar-2026 09:41:37 UTC] Pages API - Success! User ID: 2
[16-Mar-2026 09:41:37 UTC] MySQL select query: SELECT `id`, `title`, `thumbnail_url`, `is_favorite`, `is_public`, `share_token`, `share_slug`, `last_accessed`, `created_at`, `updated_at` FROM `user_pages` WHERE `user_id` = :where_user_id_0 ORDER BY COALESCE(`last_accessed`, '1970-01-01 00:00:00') DESC
[16-Mar-2026 09:41:37 UTC] MySQL select params: {"where_user_id_0":2}
[16-Mar-2026 09:41:37 UTC] MySQL select returned 3 rows
[16-Mar-2026 09:41:39 UTC] Pages API - Incoming request - Method: GET, Payload size: 0 bytes (0 KB)
[16-Mar-2026 09:41:39 UTC] Pages API - Method: GET
[16-Mar-2026 09:41:39 UTC] Pages API - clerk_user_id from request: null
[16-Mar-2026 09:41:39 UTC] Pages API - clerk_user_id from session: user_3AhnQJV5XslRK9dMtMXyCieGbiA
[16-Mar-2026 09:41:39 UTC] Pages API - Using clerk_user_id: user_3AhnQJV5XslRK9dMtMXyCieGbiA
[16-Mar-2026 09:41:39 UTC] Pages API - Using clerk_user_id: user_3AhnQJV5XslRK9dMtMXyCieGbiA
[16-Mar-2026 09:41:39 UTC] MySQL select query: SELECT `id` FROM `users` WHERE `clerk_user_id` = :where_clerk_user_id_0
[16-Mar-2026 09:41:39 UTC] MySQL select params: {"where_clerk_user_id_0":"user_3AhnQJV5XslRK9dMtMXyCieGbiA"}
[16-Mar-2026 09:41:39 UTC] MySQL select returned 1 rows
[16-Mar-2026 09:41:39 UTC] getUserIdFromClerkId - Query result: [{"id":2}]
[16-Mar-2026 09:41:39 UTC] Pages API - User ID from database: 2
[16-Mar-2026 09:41:39 UTC] Pages API - Success! User ID: 2
[16-Mar-2026 09:41:39 UTC] MySQL select query: SELECT `id`, `title`, `thumbnail_url`, `is_favorite`, `is_public`, `share_token`, `share_slug`, `last_accessed`, `created_at`, `updated_at` FROM `user_pages` WHERE `user_id` = :where_user_id_0 ORDER BY COALESCE(`last_accessed`, '1970-01-01 00:00:00') DESC
[16-Mar-2026 09:41:39 UTC] MySQL select params: {"where_user_id_0":2}
[16-Mar-2026 09:41:39 UTC] MySQL select returned 3 rows
[16-Mar-2026 09:42:38 UTC] Pages API - Incoming request - Method: GET, Payload size: 0 bytes (0 KB)
[16-Mar-2026 09:42:38 UTC] Pages API - Method: GET
[16-Mar-2026 09:42:38 UTC] Pages API - clerk_user_id from request: null
[16-Mar-2026 09:42:38 UTC] Pages API - clerk_user_id from session: user_3AhnQJV5XslRK9dMtMXyCieGbiA
[16-Mar-2026 09:42:38 UTC] Pages API - Using clerk_user_id: user_3AhnQJV5XslRK9dMtMXyCieGbiA
[16-Mar-2026 09:42:38 UTC] Pages API - Using clerk_user_id: user_3AhnQJV5XslRK9dMtMXyCieGbiA
[16-Mar-2026 09:42:38 UTC] MySQL select query: SELECT `id` FROM `users` WHERE `clerk_user_id` = :where_clerk_user_id_0
[16-Mar-2026 09:42:38 UTC] MySQL select params: {"where_clerk_user_id_0":"user_3AhnQJV5XslRK9dMtMXyCieGbiA"}
[16-Mar-2026 09:42:38 UTC] MySQL select returned 1 rows
[16-Mar-2026 09:42:38 UTC] getUserIdFromClerkId - Query result: [{"id":2}]
[16-Mar-2026 09:42:38 UTC] Pages API - User ID from database: 2
[16-Mar-2026 09:42:38 UTC] Pages API - Success! User ID: 2
[16-Mar-2026 09:42:38 UTC] MySQL select query: SELECT `id`, `title`, `thumbnail_url`, `is_favorite`, `is_public`, `share_token`, `share_slug`, `last_accessed`, `created_at`, `updated_at` FROM `user_pages` WHERE `user_id` = :where_user_id_0 ORDER BY COALESCE(`last_accessed`, '1970-01-01 00:00:00') DESC
[16-Mar-2026 09:42:38 UTC] MySQL select params: {"where_user_id_0":2}
[16-Mar-2026 09:42:38 UTC] MySQL select returned 3 rows
[16-Mar-2026 09:43:05 UTC] Pages API - Incoming request - Method: GET, Payload size: 0 bytes (0 KB)
[16-Mar-2026 09:43:05 UTC] Pages API - Method: GET
[16-Mar-2026 09:43:05 UTC] Pages API - clerk_user_id from request: null
[16-Mar-2026 09:43:05 UTC] Pages API - clerk_user_id from session: user_3AhnQJV5XslRK9dMtMXyCieGbiA
[16-Mar-2026 09:43:05 UTC] Pages API - Using clerk_user_id: user_3AhnQJV5XslRK9dMtMXyCieGbiA
[16-Mar-2026 09:43:05 UTC] Pages API - Using clerk_user_id: user_3AhnQJV5XslRK9dMtMXyCieGbiA
[16-Mar-2026 09:43:05 UTC] MySQL select query: SELECT `id` FROM `users` WHERE `clerk_user_id` = :where_clerk_user_id_0
[16-Mar-2026 09:43:05 UTC] MySQL select params: {"where_clerk_user_id_0":"user_3AhnQJV5XslRK9dMtMXyCieGbiA"}
[16-Mar-2026 09:43:05 UTC] MySQL select returned 1 rows
[16-Mar-2026 09:43:05 UTC] getUserIdFromClerkId - Query result: [{"id":2}]
[16-Mar-2026 09:43:05 UTC] Pages API - User ID from database: 2
[16-Mar-2026 09:43:05 UTC] Pages API - Success! User ID: 2
[16-Mar-2026 09:43:05 UTC] MySQL select query: SELECT `id`, `title`, `thumbnail_url`, `is_favorite`, `is_public`, `share_token`, `share_slug`, `last_accessed`, `created_at`, `updated_at` FROM `user_pages` WHERE `user_id` = :where_user_id_0 ORDER BY COALESCE(`last_accessed`, '1970-01-01 00:00:00') DESC
[16-Mar-2026 09:43:05 UTC] MySQL select params: {"where_user_id_0":2}
[16-Mar-2026 09:43:05 UTC] MySQL select returned 3 rows
[16-Mar-2026 09:43:09 UTC] Pages API - Incoming request - Method: GET, Payload size: 0 bytes (0 KB)
[16-Mar-2026 09:43:09 UTC] Pages API - Method: GET
[16-Mar-2026 09:43:09 UTC] Pages API - clerk_user_id from request: null
[16-Mar-2026 09:43:09 UTC] Pages API - clerk_user_id from session: user_3AhnQJV5XslRK9dMtMXyCieGbiA
[16-Mar-2026 09:43:09 UTC] Pages API - Using clerk_user_id: user_3AhnQJV5XslRK9dMtMXyCieGbiA
[16-Mar-2026 09:43:09 UTC] Pages API - Using clerk_user_id: user_3AhnQJV5XslRK9dMtMXyCieGbiA
[16-Mar-2026 09:43:09 UTC] MySQL select query: SELECT `id` FROM `users` WHERE `clerk_user_id` = :where_clerk_user_id_0
[16-Mar-2026 09:43:09 UTC] MySQL select params: {"where_clerk_user_id_0":"user_3AhnQJV5XslRK9dMtMXyCieGbiA"}
[16-Mar-2026 09:43:09 UTC] MySQL select returned 1 rows
[16-Mar-2026 09:43:09 UTC] getUserIdFromClerkId - Query result: [{"id":2}]
[16-Mar-2026 09:43:09 UTC] Pages API - User ID from database: 2
[16-Mar-2026 09:43:09 UTC] Pages API - Success! User ID: 2
[16-Mar-2026 09:43:09 UTC] MySQL select query: SELECT `id`, `title`, `thumbnail_url`, `is_favorite`, `is_public`, `share_token`, `share_slug`, `last_accessed`, `created_at`, `updated_at` FROM `user_pages` WHERE `user_id` = :where_user_id_0 ORDER BY COALESCE(`last_accessed`, '1970-01-01 00:00:00') DESC
[16-Mar-2026 09:43:09 UTC] MySQL select params: {"where_user_id_0":2}
[16-Mar-2026 09:43:09 UTC] MySQL select returned 3 rows
[16-Mar-2026 09:43:15 UTC] Pages API - Incoming request - Method: GET, Payload size: 0 bytes (0 KB)
[16-Mar-2026 09:43:15 UTC] Pages API - Method: GET
[16-Mar-2026 09:43:15 UTC] Pages API - clerk_user_id from request: null
[16-Mar-2026 09:43:15 UTC] Pages API - clerk_user_id from session: user_3AhnQJV5XslRK9dMtMXyCieGbiA
[16-Mar-2026 09:43:15 UTC] Pages API - Using clerk_user_id: user_3AhnQJV5XslRK9dMtMXyCieGbiA
[16-Mar-2026 09:43:15 UTC] Pages API - Using clerk_user_id: user_3AhnQJV5XslRK9dMtMXyCieGbiA
[16-Mar-2026 09:43:15 UTC] MySQL select query: SELECT `id` FROM `users` WHERE `clerk_user_id` = :where_clerk_user_id_0
[16-Mar-2026 09:43:15 UTC] MySQL select params: {"where_clerk_user_id_0":"user_3AhnQJV5XslRK9dMtMXyCieGbiA"}
[16-Mar-2026 09:43:15 UTC] MySQL select returned 1 rows
[16-Mar-2026 09:43:15 UTC] getUserIdFromClerkId - Query result: [{"id":2}]
[16-Mar-2026 09:43:15 UTC] Pages API - User ID from database: 2
[16-Mar-2026 09:43:15 UTC] Pages API - Success! User ID: 2
[16-Mar-2026 09:43:15 UTC] MySQL select query: SELECT `id`, `title`, `thumbnail_url`, `is_favorite`, `is_public`, `share_token`, `share_slug`, `last_accessed`, `created_at`, `updated_at` FROM `user_pages` WHERE `user_id` = :where_user_id_0 ORDER BY COALESCE(`last_accessed`, '1970-01-01 00:00:00') DESC
[16-Mar-2026 09:43:15 UTC] MySQL select params: {"where_user_id_0":2}
[16-Mar-2026 09:43:15 UTC] MySQL select returned 3 rows
[16-Mar-2026 09:43:17 UTC] Pages API - Incoming request - Method: GET, Payload size: 0 bytes (0 KB)
[16-Mar-2026 09:43:17 UTC] Pages API - Method: GET
[16-Mar-2026 09:43:17 UTC] Pages API - clerk_user_id from request: null
[16-Mar-2026 09:43:17 UTC] Pages API - clerk_user_id from session: user_3AhnQJV5XslRK9dMtMXyCieGbiA
[16-Mar-2026 09:43:17 UTC] Pages API - Using clerk_user_id: user_3AhnQJV5XslRK9dMtMXyCieGbiA
[16-Mar-2026 09:43:17 UTC] Pages API - Using clerk_user_id: user_3AhnQJV5XslRK9dMtMXyCieGbiA
[16-Mar-2026 09:43:17 UTC] MySQL select query: SELECT `id` FROM `users` WHERE `clerk_user_id` = :where_clerk_user_id_0
[16-Mar-2026 09:43:17 UTC] MySQL select params: {"where_clerk_user_id_0":"user_3AhnQJV5XslRK9dMtMXyCieGbiA"}
[16-Mar-2026 09:43:17 UTC] MySQL select returned 1 rows
[16-Mar-2026 09:43:17 UTC] getUserIdFromClerkId - Query result: [{"id":2}]
[16-Mar-2026 09:43:17 UTC] Pages API - User ID from database: 2
[16-Mar-2026 09:43:17 UTC] Pages API - Success! User ID: 2
[16-Mar-2026 09:43:17 UTC] MySQL select query: SELECT `id`, `title`, `thumbnail_url`, `is_favorite`, `is_public`, `share_token`, `share_slug`, `last_accessed`, `created_at`, `updated_at` FROM `user_pages` WHERE `user_id` = :where_user_id_0 ORDER BY COALESCE(`last_accessed`, '1970-01-01 00:00:00') DESC
[16-Mar-2026 09:43:17 UTC] MySQL select params: {"where_user_id_0":2}
[16-Mar-2026 09:43:17 UTC] MySQL select returned 3 rows
[16-Mar-2026 09:43:31 UTC] Pages API - Incoming request - Method: GET, Payload size: 0 bytes (0 KB)
[16-Mar-2026 09:43:31 UTC] Pages API - Method: GET
[16-Mar-2026 09:43:31 UTC] Pages API - clerk_user_id from request: null
[16-Mar-2026 09:43:31 UTC] Pages API - clerk_user_id from session: user_3AhnQJV5XslRK9dMtMXyCieGbiA
[16-Mar-2026 09:43:31 UTC] Pages API - Using clerk_user_id: user_3AhnQJV5XslRK9dMtMXyCieGbiA
[16-Mar-2026 09:43:31 UTC] Pages API - Using clerk_user_id: user_3AhnQJV5XslRK9dMtMXyCieGbiA
[16-Mar-2026 09:43:31 UTC] MySQL select query: SELECT `id` FROM `users` WHERE `clerk_user_id` = :where_clerk_user_id_0
[16-Mar-2026 09:43:31 UTC] MySQL select params: {"where_clerk_user_id_0":"user_3AhnQJV5XslRK9dMtMXyCieGbiA"}
[16-Mar-2026 09:43:31 UTC] MySQL select returned 1 rows
[16-Mar-2026 09:43:31 UTC] getUserIdFromClerkId - Query result: [{"id":2}]
[16-Mar-2026 09:43:31 UTC] Pages API - User ID from database: 2
[16-Mar-2026 09:43:31 UTC] Pages API - Success! User ID: 2
[16-Mar-2026 09:43:31 UTC] MySQL select query: SELECT `id`, `title`, `thumbnail_url`, `is_favorite`, `is_public`, `share_token`, `share_slug`, `last_accessed`, `created_at`, `updated_at` FROM `user_pages` WHERE `user_id` = :where_user_id_0 ORDER BY COALESCE(`last_accessed`, '1970-01-01 00:00:00') DESC
[16-Mar-2026 09:43:31 UTC] MySQL select params: {"where_user_id_0":2}
[16-Mar-2026 09:43:31 UTC] MySQL select returned 3 rows
[16-Mar-2026 09:43:31 UTC] Successfully loaded .env from: C:\Users\Pablo\Documents\GitHub\nine-screen-canvas-flow/.env
[16-Mar-2026 09:43:31 UTC] MySQL select query: SELECT `id` FROM `users` WHERE `clerk_user_id` = :where_clerk_user_id_0
[16-Mar-2026 09:43:31 UTC] MySQL select params: {"where_clerk_user_id_0":"user_3AhnQJV5XslRK9dMtMXyCieGbiA"}
[16-Mar-2026 09:43:31 UTC] MySQL select returned 1 rows
[16-Mar-2026 09:43:31 UTC] MySQL select query: SELECT * FROM `user_pages` WHERE `id` = :where_id_0 AND `user_id` = :where_user_id_1
[16-Mar-2026 09:43:31 UTC] MySQL select params: {"where_id_0":"1dcd8272-211b-11f1-bfcb-d85ed359730c","where_user_id_1":2}
[16-Mar-2026 09:43:31 UTC] MySQL select returned 1 rows
[16-Mar-2026 09:43:33 UTC] Pages API - Incoming request - Method: GET, Payload size: 0 bytes (0 KB)
[16-Mar-2026 09:43:33 UTC] Pages API - Method: GET
[16-Mar-2026 09:43:33 UTC] Pages API - clerk_user_id from request: null
[16-Mar-2026 09:43:33 UTC] Pages API - clerk_user_id from session: user_3AhnQJV5XslRK9dMtMXyCieGbiA
[16-Mar-2026 09:43:33 UTC] Pages API - Using clerk_user_id: user_3AhnQJV5XslRK9dMtMXyCieGbiA
[16-Mar-2026 09:43:33 UTC] Pages API - Using clerk_user_id: user_3AhnQJV5XslRK9dMtMXyCieGbiA
[16-Mar-2026 09:43:33 UTC] MySQL select query: SELECT `id` FROM `users` WHERE `clerk_user_id` = :where_clerk_user_id_0
[16-Mar-2026 09:43:33 UTC] MySQL select params: {"where_clerk_user_id_0":"user_3AhnQJV5XslRK9dMtMXyCieGbiA"}
[16-Mar-2026 09:43:33 UTC] MySQL select returned 1 rows
[16-Mar-2026 09:43:33 UTC] getUserIdFromClerkId - Query result: [{"id":2}]
[16-Mar-2026 09:43:33 UTC] Pages API - User ID from database: 2
[16-Mar-2026 09:43:33 UTC] Pages API - Success! User ID: 2
[16-Mar-2026 09:43:33 UTC] MySQL select query: SELECT `id`, `title`, `thumbnail_url`, `is_favorite`, `is_public`, `share_token`, `share_slug`, `last_accessed`, `created_at`, `updated_at` FROM `user_pages` WHERE `user_id` = :where_user_id_0 ORDER BY COALESCE(`last_accessed`, '1970-01-01 00:00:00') DESC
[16-Mar-2026 09:43:33 UTC] MySQL select params: {"where_user_id_0":2}
[16-Mar-2026 09:43:33 UTC] MySQL select returned 3 rows
[16-Mar-2026 09:43:47 UTC] Successfully loaded .env from: C:\Users\Pablo\Documents\GitHub\nine-screen-canvas-flow/.env
[16-Mar-2026 09:43:47 UTC] MySQL select query: SELECT `id` FROM `users` WHERE `clerk_user_id` = :where_clerk_user_id_0
[16-Mar-2026 09:43:47 UTC] MySQL select params: {"where_clerk_user_id_0":"user_3AhnQJV5XslRK9dMtMXyCieGbiA"}
[16-Mar-2026 09:43:47 UTC] MySQL select returned 1 rows
[16-Mar-2026 09:43:47 UTC] MySQL select query: SELECT * FROM `user_pages` WHERE `id` = :where_id_0 AND `user_id` = :where_user_id_1
[16-Mar-2026 09:43:47 UTC] MySQL select params: {"where_id_0":"1dcd8272-211b-11f1-bfcb-d85ed359730c","where_user_id_1":2}
[16-Mar-2026 09:43:47 UTC] MySQL select returned 1 rows
[16-Mar-2026 09:43:48 UTC] Pages API - Incoming request - Method: GET, Payload size: 0 bytes (0 KB)
[16-Mar-2026 09:43:48 UTC] Pages API - Method: GET
[16-Mar-2026 09:43:48 UTC] Pages API - clerk_user_id from request: null
[16-Mar-2026 09:43:48 UTC] Pages API - clerk_user_id from session: user_3AhnQJV5XslRK9dMtMXyCieGbiA
[16-Mar-2026 09:43:48 UTC] Pages API - Using clerk_user_id: user_3AhnQJV5XslRK9dMtMXyCieGbiA
[16-Mar-2026 09:43:48 UTC] Pages API - Using clerk_user_id: user_3AhnQJV5XslRK9dMtMXyCieGbiA
[16-Mar-2026 09:43:48 UTC] MySQL select query: SELECT `id` FROM `users` WHERE `clerk_user_id` = :where_clerk_user_id_0
[16-Mar-2026 09:43:48 UTC] MySQL select params: {"where_clerk_user_id_0":"user_3AhnQJV5XslRK9dMtMXyCieGbiA"}
[16-Mar-2026 09:43:48 UTC] MySQL select returned 1 rows
[16-Mar-2026 09:43:48 UTC] getUserIdFromClerkId - Query result: [{"id":2}]
[16-Mar-2026 09:43:48 UTC] Pages API - User ID from database: 2
[16-Mar-2026 09:43:48 UTC] Pages API - Success! User ID: 2
[16-Mar-2026 09:43:48 UTC] MySQL select query: SELECT `id`, `title`, `thumbnail_url`, `is_favorite`, `is_public`, `share_token`, `share_slug`, `last_accessed`, `created_at`, `updated_at` FROM `user_pages` WHERE `user_id` = :where_user_id_0 ORDER BY COALESCE(`last_accessed`, '1970-01-01 00:00:00') DESC
[16-Mar-2026 09:43:48 UTC] MySQL select params: {"where_user_id_0":2}
[16-Mar-2026 09:43:48 UTC] MySQL select returned 3 rows
[16-Mar-2026 09:43:49 UTC] Pages API - Incoming request - Method: GET, Payload size: 0 bytes (0 KB)
[16-Mar-2026 09:43:49 UTC] Pages API - Method: GET
[16-Mar-2026 09:43:49 UTC] Pages API - clerk_user_id from request: null
[16-Mar-2026 09:43:49 UTC] Pages API - clerk_user_id from session: user_3AhnQJV5XslRK9dMtMXyCieGbiA
[16-Mar-2026 09:43:49 UTC] Pages API - Using clerk_user_id: user_3AhnQJV5XslRK9dMtMXyCieGbiA
[16-Mar-2026 09:43:49 UTC] Pages API - Using clerk_user_id: user_3AhnQJV5XslRK9dMtMXyCieGbiA
[16-Mar-2026 09:43:49 UTC] MySQL select query: SELECT `id` FROM `users` WHERE `clerk_user_id` = :where_clerk_user_id_0
[16-Mar-2026 09:43:49 UTC] MySQL select params: {"where_clerk_user_id_0":"user_3AhnQJV5XslRK9dMtMXyCieGbiA"}
[16-Mar-2026 09:43:49 UTC] MySQL select returned 1 rows
[16-Mar-2026 09:43:49 UTC] getUserIdFromClerkId - Query result: [{"id":2}]
[16-Mar-2026 09:43:49 UTC] Pages API - User ID from database: 2
[16-Mar-2026 09:43:49 UTC] Pages API - Success! User ID: 2
[16-Mar-2026 09:43:49 UTC] MySQL select query: SELECT `id`, `title`, `thumbnail_url`, `is_favorite`, `is_public`, `share_token`, `share_slug`, `last_accessed`, `created_at`, `updated_at` FROM `user_pages` WHERE `user_id` = :where_user_id_0 ORDER BY COALESCE(`last_accessed`, '1970-01-01 00:00:00') DESC
[16-Mar-2026 09:43:49 UTC] MySQL select params: {"where_user_id_0":2}
[16-Mar-2026 09:43:49 UTC] MySQL select returned 3 rows
[16-Mar-2026 09:43:51 UTC] Pages API - Incoming request - Method: GET, Payload size: 0 bytes (0 KB)
[16-Mar-2026 09:43:51 UTC] Pages API - Method: GET
[16-Mar-2026 09:43:51 UTC] Pages API - clerk_user_id from request: null
[16-Mar-2026 09:43:51 UTC] Pages API - clerk_user_id from session: user_3AhnQJV5XslRK9dMtMXyCieGbiA
[16-Mar-2026 09:43:51 UTC] Pages API - Using clerk_user_id: user_3AhnQJV5XslRK9dMtMXyCieGbiA
[16-Mar-2026 09:43:51 UTC] Pages API - Using clerk_user_id: user_3AhnQJV5XslRK9dMtMXyCieGbiA
[16-Mar-2026 09:43:51 UTC] MySQL select query: SELECT `id` FROM `users` WHERE `clerk_user_id` = :where_clerk_user_id_0
[16-Mar-2026 09:43:51 UTC] MySQL select params: {"where_clerk_user_id_0":"user_3AhnQJV5XslRK9dMtMXyCieGbiA"}
[16-Mar-2026 09:43:51 UTC] MySQL select returned 1 rows
[16-Mar-2026 09:43:51 UTC] getUserIdFromClerkId - Query result: [{"id":2}]
[16-Mar-2026 09:43:51 UTC] Pages API - User ID from database: 2
[16-Mar-2026 09:43:51 UTC] Pages API - Success! User ID: 2
[16-Mar-2026 09:43:51 UTC] MySQL select query: SELECT `id`, `title`, `thumbnail_url`, `is_favorite`, `is_public`, `share_token`, `share_slug`, `last_accessed`, `created_at`, `updated_at` FROM `user_pages` WHERE `user_id` = :where_user_id_0 ORDER BY COALESCE(`last_accessed`, '1970-01-01 00:00:00') DESC
[16-Mar-2026 09:43:51 UTC] MySQL select params: {"where_user_id_0":2}
[16-Mar-2026 09:43:51 UTC] MySQL select returned 3 rows
[16-Mar-2026 09:43:53 UTC] Pages API - Incoming request - Method: GET, Payload size: 0 bytes (0 KB)
[16-Mar-2026 09:43:53 UTC] Pages API - Method: GET
[16-Mar-2026 09:43:53 UTC] Pages API - clerk_user_id from request: null
[16-Mar-2026 09:43:53 UTC] Pages API - clerk_user_id from session: user_3AhnQJV5XslRK9dMtMXyCieGbiA
[16-Mar-2026 09:43:53 UTC] Pages API - Using clerk_user_id: user_3AhnQJV5XslRK9dMtMXyCieGbiA
[16-Mar-2026 09:43:53 UTC] Pages API - Using clerk_user_id: user_3AhnQJV5XslRK9dMtMXyCieGbiA
[16-Mar-2026 09:43:53 UTC] MySQL select query: SELECT `id` FROM `users` WHERE `clerk_user_id` = :where_clerk_user_id_0
[16-Mar-2026 09:43:53 UTC] MySQL select params: {"where_clerk_user_id_0":"user_3AhnQJV5XslRK9dMtMXyCieGbiA"}
[16-Mar-2026 09:43:53 UTC] MySQL select returned 1 rows
[16-Mar-2026 09:43:53 UTC] getUserIdFromClerkId - Query result: [{"id":2}]
[16-Mar-2026 09:43:53 UTC] Pages API - User ID from database: 2
[16-Mar-2026 09:43:53 UTC] Pages API - Success! User ID: 2
[16-Mar-2026 09:43:53 UTC] MySQL select query: SELECT `id`, `title`, `thumbnail_url`, `is_favorite`, `is_public`, `share_token`, `share_slug`, `last_accessed`, `created_at`, `updated_at` FROM `user_pages` WHERE `user_id` = :where_user_id_0 ORDER BY COALESCE(`last_accessed`, '1970-01-01 00:00:00') DESC
[16-Mar-2026 09:43:53 UTC] MySQL select params: {"where_user_id_0":2}
[16-Mar-2026 09:43:53 UTC] MySQL select returned 3 rows
[16-Mar-2026 09:43:56 UTC] Pages API - Incoming request - Method: GET, Payload size: 0 bytes (0 KB)
[16-Mar-2026 09:43:56 UTC] Pages API - Method: GET
[16-Mar-2026 09:43:56 UTC] Pages API - clerk_user_id from request: null
[16-Mar-2026 09:43:56 UTC] Pages API - clerk_user_id from session: user_3AhnQJV5XslRK9dMtMXyCieGbiA
[16-Mar-2026 09:43:56 UTC] Pages API - Using clerk_user_id: user_3AhnQJV5XslRK9dMtMXyCieGbiA
[16-Mar-2026 09:43:56 UTC] Pages API - Using clerk_user_id: user_3AhnQJV5XslRK9dMtMXyCieGbiA
[16-Mar-2026 09:43:56 UTC] MySQL select query: SELECT `id` FROM `users` WHERE `clerk_user_id` = :where_clerk_user_id_0
[16-Mar-2026 09:43:56 UTC] MySQL select params: {"where_clerk_user_id_0":"user_3AhnQJV5XslRK9dMtMXyCieGbiA"}
[16-Mar-2026 09:43:56 UTC] MySQL select returned 1 rows
[16-Mar-2026 09:43:56 UTC] getUserIdFromClerkId - Query result: [{"id":2}]
[16-Mar-2026 09:43:56 UTC] Pages API - User ID from database: 2
[16-Mar-2026 09:43:56 UTC] Pages API - Success! User ID: 2
[16-Mar-2026 09:43:56 UTC] MySQL select query: SELECT `id`, `title`, `thumbnail_url`, `is_favorite`, `is_public`, `share_token`, `share_slug`, `last_accessed`, `created_at`, `updated_at` FROM `user_pages` WHERE `user_id` = :where_user_id_0 ORDER BY COALESCE(`last_accessed`, '1970-01-01 00:00:00') DESC
[16-Mar-2026 09:43:56 UTC] MySQL select params: {"where_user_id_0":2}
[16-Mar-2026 09:43:56 UTC] MySQL select returned 3 rows
[16-Mar-2026 09:43:57 UTC] Successfully loaded .env from: C:\Users\Pablo\Documents\GitHub\nine-screen-canvas-flow/.env
[16-Mar-2026 09:43:57 UTC] MySQL select query: SELECT `id` FROM `users` WHERE `clerk_user_id` = :where_clerk_user_id_0
[16-Mar-2026 09:43:57 UTC] MySQL select params: {"where_clerk_user_id_0":"user_3AhnQJV5XslRK9dMtMXyCieGbiA"}
[16-Mar-2026 09:43:57 UTC] MySQL select returned 1 rows
[16-Mar-2026 09:43:57 UTC] MySQL select query: SELECT * FROM `user_pages` WHERE `id` = :where_id_0 AND `user_id` = :where_user_id_1
[16-Mar-2026 09:43:57 UTC] MySQL select params: {"where_id_0":"1dcd8272-211b-11f1-bfcb-d85ed359730c","where_user_id_1":2}
[16-Mar-2026 09:43:57 UTC] MySQL select returned 1 rows
[16-Mar-2026 09:43:58 UTC] Pages API - Incoming request - Method: GET, Payload size: 0 bytes (0 KB)
[16-Mar-2026 09:43:58 UTC] Pages API - Method: GET
[16-Mar-2026 09:43:58 UTC] Pages API - clerk_user_id from request: null
[16-Mar-2026 09:43:58 UTC] Pages API - clerk_user_id from session: user_3AhnQJV5XslRK9dMtMXyCieGbiA
[16-Mar-2026 09:43:58 UTC] Pages API - Using clerk_user_id: user_3AhnQJV5XslRK9dMtMXyCieGbiA
[16-Mar-2026 09:43:58 UTC] Pages API - Using clerk_user_id: user_3AhnQJV5XslRK9dMtMXyCieGbiA
[16-Mar-2026 09:43:58 UTC] MySQL select query: SELECT `id` FROM `users` WHERE `clerk_user_id` = :where_clerk_user_id_0
[16-Mar-2026 09:43:58 UTC] MySQL select params: {"where_clerk_user_id_0":"user_3AhnQJV5XslRK9dMtMXyCieGbiA"}
[16-Mar-2026 09:43:58 UTC] MySQL select returned 1 rows
[16-Mar-2026 09:43:58 UTC] getUserIdFromClerkId - Query result: [{"id":2}]
[16-Mar-2026 09:43:58 UTC] Pages API - User ID from database: 2
[16-Mar-2026 09:43:58 UTC] Pages API - Success! User ID: 2
[16-Mar-2026 09:43:58 UTC] MySQL select query: SELECT `id`, `title`, `thumbnail_url`, `is_favorite`, `is_public`, `share_token`, `share_slug`, `last_accessed`, `created_at`, `updated_at` FROM `user_pages` WHERE `user_id` = :where_user_id_0 ORDER BY COALESCE(`last_accessed`, '1970-01-01 00:00:00') DESC
[16-Mar-2026 09:43:58 UTC] MySQL select params: {"where_user_id_0":2}
[16-Mar-2026 09:43:58 UTC] MySQL select returned 3 rows
[16-Mar-2026 09:43:59 UTC] Pages API - Incoming request - Method: GET, Payload size: 0 bytes (0 KB)
[16-Mar-2026 09:43:59 UTC] Pages API - Method: GET
[16-Mar-2026 09:43:59 UTC] Pages API - clerk_user_id from request: null
[16-Mar-2026 09:43:59 UTC] Pages API - clerk_user_id from session: user_3AhnQJV5XslRK9dMtMXyCieGbiA
[16-Mar-2026 09:43:59 UTC] Pages API - Using clerk_user_id: user_3AhnQJV5XslRK9dMtMXyCieGbiA
[16-Mar-2026 09:43:59 UTC] Pages API - Using clerk_user_id: user_3AhnQJV5XslRK9dMtMXyCieGbiA
[16-Mar-2026 09:43:59 UTC] MySQL select query: SELECT `id` FROM `users` WHERE `clerk_user_id` = :where_clerk_user_id_0
[16-Mar-2026 09:43:59 UTC] MySQL select params: {"where_clerk_user_id_0":"user_3AhnQJV5XslRK9dMtMXyCieGbiA"}
[16-Mar-2026 09:43:59 UTC] MySQL select returned 1 rows
[16-Mar-2026 09:43:59 UTC] getUserIdFromClerkId - Query result: [{"id":2}]
[16-Mar-2026 09:43:59 UTC] Pages API - User ID from database: 2
[16-Mar-2026 09:43:59 UTC] Pages API - Success! User ID: 2
[16-Mar-2026 09:43:59 UTC] MySQL select query: SELECT `id`, `title`, `thumbnail_url`, `is_favorite`, `is_public`, `share_token`, `share_slug`, `last_accessed`, `created_at`, `updated_at` FROM `user_pages` WHERE `user_id` = :where_user_id_0 ORDER BY COALESCE(`last_accessed`, '1970-01-01 00:00:00') DESC
[16-Mar-2026 09:43:59 UTC] MySQL select params: {"where_user_id_0":2}
[16-Mar-2026 09:43:59 UTC] MySQL select returned 3 rows
[16-Mar-2026 09:44:04 UTC] Pages API - Incoming request - Method: GET, Payload size: 0 bytes (0 KB)
[16-Mar-2026 09:44:04 UTC] Pages API - Method: GET
[16-Mar-2026 09:44:04 UTC] Pages API - clerk_user_id from request: null
[16-Mar-2026 09:44:04 UTC] Pages API - clerk_user_id from session: user_3AhnQJV5XslRK9dMtMXyCieGbiA
[16-Mar-2026 09:44:04 UTC] Pages API - Using clerk_user_id: user_3AhnQJV5XslRK9dMtMXyCieGbiA
[16-Mar-2026 09:44:04 UTC] Pages API - Using clerk_user_id: user_3AhnQJV5XslRK9dMtMXyCieGbiA
[16-Mar-2026 09:44:04 UTC] MySQL select query: SELECT `id` FROM `users` WHERE `clerk_user_id` = :where_clerk_user_id_0
[16-Mar-2026 09:44:04 UTC] MySQL select params: {"where_clerk_user_id_0":"user_3AhnQJV5XslRK9dMtMXyCieGbiA"}
[16-Mar-2026 09:44:04 UTC] MySQL select returned 1 rows
[16-Mar-2026 09:44:04 UTC] getUserIdFromClerkId - Query result: [{"id":2}]
[16-Mar-2026 09:44:04 UTC] Pages API - User ID from database: 2
[16-Mar-2026 09:44:04 UTC] Pages API - Success! User ID: 2
[16-Mar-2026 09:44:04 UTC] MySQL select query: SELECT `id`, `title`, `thumbnail_url`, `is_favorite`, `is_public`, `share_token`, `share_slug`, `last_accessed`, `created_at`, `updated_at` FROM `user_pages` WHERE `user_id` = :where_user_id_0 ORDER BY COALESCE(`last_accessed`, '1970-01-01 00:00:00') DESC
[16-Mar-2026 09:44:04 UTC] MySQL select params: {"where_user_id_0":2}
[16-Mar-2026 09:44:04 UTC] MySQL select returned 3 rows
[16-Mar-2026 09:44:06 UTC] Pages API - Incoming request - Method: GET, Payload size: 0 bytes (0 KB)
[16-Mar-2026 09:44:06 UTC] Pages API - Method: GET
[16-Mar-2026 09:44:06 UTC] Pages API - clerk_user_id from request: null
[16-Mar-2026 09:44:06 UTC] Pages API - clerk_user_id from session: user_3AhnQJV5XslRK9dMtMXyCieGbiA
[16-Mar-2026 09:44:06 UTC] Pages API - Using clerk_user_id: user_3AhnQJV5XslRK9dMtMXyCieGbiA
[16-Mar-2026 09:44:06 UTC] Pages API - Using clerk_user_id: user_3AhnQJV5XslRK9dMtMXyCieGbiA
[16-Mar-2026 09:44:06 UTC] MySQL select query: SELECT `id` FROM `users` WHERE `clerk_user_id` = :where_clerk_user_id_0
[16-Mar-2026 09:44:06 UTC] MySQL select params: {"where_clerk_user_id_0":"user_3AhnQJV5XslRK9dMtMXyCieGbiA"}
[16-Mar-2026 09:44:06 UTC] MySQL select returned 1 rows
[16-Mar-2026 09:44:06 UTC] getUserIdFromClerkId - Query result: [{"id":2}]
[16-Mar-2026 09:44:06 UTC] Pages API - User ID from database: 2
[16-Mar-2026 09:44:06 UTC] Pages API - Success! User ID: 2
[16-Mar-2026 09:44:06 UTC] MySQL select query: SELECT `id`, `title`, `thumbnail_url`, `is_favorite`, `is_public`, `share_token`, `share_slug`, `last_accessed`, `created_at`, `updated_at` FROM `user_pages` WHERE `user_id` = :where_user_id_0 ORDER BY COALESCE(`last_accessed`, '1970-01-01 00:00:00') DESC
[16-Mar-2026 09:44:06 UTC] MySQL select params: {"where_user_id_0":2}
[16-Mar-2026 09:44:06 UTC] MySQL select returned 3 rows
[16-Mar-2026 09:44:08 UTC] Successfully loaded .env from: C:\Users\Pablo\Documents\GitHub\nine-screen-canvas-flow/.env
[16-Mar-2026 09:44:08 UTC] MySQL select query: SELECT `id` FROM `users` WHERE `clerk_user_id` = :where_clerk_user_id_0
[16-Mar-2026 09:44:08 UTC] MySQL select params: {"where_clerk_user_id_0":"user_3AhnQJV5XslRK9dMtMXyCieGbiA"}
[16-Mar-2026 09:44:08 UTC] MySQL select returned 1 rows
[16-Mar-2026 09:44:08 UTC] MySQL select query: SELECT * FROM `user_pages` WHERE `id` = :where_id_0 AND `user_id` = :where_user_id_1
[16-Mar-2026 09:44:08 UTC] MySQL select params: {"where_id_0":"1dcd8272-211b-11f1-bfcb-d85ed359730c","where_user_id_1":2}
[16-Mar-2026 09:44:08 UTC] MySQL select returned 1 rows
[16-Mar-2026 09:44:10 UTC] Pages API - Incoming request - Method: GET, Payload size: 0 bytes (0 KB)
[16-Mar-2026 09:44:10 UTC] Pages API - Method: GET
[16-Mar-2026 09:44:10 UTC] Pages API - clerk_user_id from request: null
[16-Mar-2026 09:44:10 UTC] Pages API - clerk_user_id from session: user_3AhnQJV5XslRK9dMtMXyCieGbiA
[16-Mar-2026 09:44:10 UTC] Pages API - Using clerk_user_id: user_3AhnQJV5XslRK9dMtMXyCieGbiA
[16-Mar-2026 09:44:10 UTC] Pages API - Using clerk_user_id: user_3AhnQJV5XslRK9dMtMXyCieGbiA
[16-Mar-2026 09:44:10 UTC] MySQL select query: SELECT `id` FROM `users` WHERE `clerk_user_id` = :where_clerk_user_id_0
[16-Mar-2026 09:44:10 UTC] MySQL select params: {"where_clerk_user_id_0":"user_3AhnQJV5XslRK9dMtMXyCieGbiA"}
[16-Mar-2026 09:44:10 UTC] MySQL select returned 1 rows
[16-Mar-2026 09:44:10 UTC] getUserIdFromClerkId - Query result: [{"id":2}]
[16-Mar-2026 09:44:10 UTC] Pages API - User ID from database: 2
[16-Mar-2026 09:44:10 UTC] Pages API - Success! User ID: 2
[16-Mar-2026 09:44:10 UTC] MySQL select query: SELECT `id`, `title`, `thumbnail_url`, `is_favorite`, `is_public`, `share_token`, `share_slug`, `last_accessed`, `created_at`, `updated_at` FROM `user_pages` WHERE `user_id` = :where_user_id_0 ORDER BY COALESCE(`last_accessed`, '1970-01-01 00:00:00') DESC
[16-Mar-2026 09:44:10 UTC] MySQL select params: {"where_user_id_0":2}
[16-Mar-2026 09:44:10 UTC] MySQL select returned 3 rows
[16-Mar-2026 09:44:11 UTC] Pages API - Incoming request - Method: GET, Payload size: 0 bytes (0 KB)
[16-Mar-2026 09:44:11 UTC] Pages API - Method: GET
[16-Mar-2026 09:44:11 UTC] Pages API - clerk_user_id from request: null
[16-Mar-2026 09:44:11 UTC] Pages API - clerk_user_id from session: user_3AhnQJV5XslRK9dMtMXyCieGbiA
[16-Mar-2026 09:44:11 UTC] Pages API - Using clerk_user_id: user_3AhnQJV5XslRK9dMtMXyCieGbiA
[16-Mar-2026 09:44:11 UTC] Pages API - Using clerk_user_id: user_3AhnQJV5XslRK9dMtMXyCieGbiA
[16-Mar-2026 09:44:11 UTC] MySQL select query: SELECT `id` FROM `users` WHERE `clerk_user_id` = :where_clerk_user_id_0
[16-Mar-2026 09:44:11 UTC] MySQL select params: {"where_clerk_user_id_0":"user_3AhnQJV5XslRK9dMtMXyCieGbiA"}
[16-Mar-2026 09:44:11 UTC] MySQL select returned 1 rows
[16-Mar-2026 09:44:11 UTC] getUserIdFromClerkId - Query result: [{"id":2}]
[16-Mar-2026 09:44:11 UTC] Pages API - User ID from database: 2
[16-Mar-2026 09:44:11 UTC] Pages API - Success! User ID: 2
[16-Mar-2026 09:44:11 UTC] MySQL select query: SELECT `id`, `title`, `thumbnail_url`, `is_favorite`, `is_public`, `share_token`, `share_slug`, `last_accessed`, `created_at`, `updated_at` FROM `user_pages` WHERE `user_id` = :where_user_id_0 ORDER BY COALESCE(`last_accessed`, '1970-01-01 00:00:00') DESC
[16-Mar-2026 09:44:11 UTC] MySQL select params: {"where_user_id_0":2}
[16-Mar-2026 09:44:11 UTC] MySQL select returned 3 rows
[16-Mar-2026 09:44:12 UTC] Pages API - Incoming request - Method: GET, Payload size: 0 bytes (0 KB)
[16-Mar-2026 09:44:12 UTC] Pages API - Method: GET
[16-Mar-2026 09:44:12 UTC] Pages API - clerk_user_id from request: null
[16-Mar-2026 09:44:12 UTC] Pages API - clerk_user_id from session: user_3AhnQJV5XslRK9dMtMXyCieGbiA
[16-Mar-2026 09:44:12 UTC] Pages API - Using clerk_user_id: user_3AhnQJV5XslRK9dMtMXyCieGbiA
[16-Mar-2026 09:44:12 UTC] Pages API - Using clerk_user_id: user_3AhnQJV5XslRK9dMtMXyCieGbiA
[16-Mar-2026 09:44:12 UTC] MySQL select query: SELECT `id` FROM `users` WHERE `clerk_user_id` = :where_clerk_user_id_0
[16-Mar-2026 09:44:12 UTC] MySQL select params: {"where_clerk_user_id_0":"user_3AhnQJV5XslRK9dMtMXyCieGbiA"}
[16-Mar-2026 09:44:12 UTC] MySQL select returned 1 rows
[16-Mar-2026 09:44:12 UTC] getUserIdFromClerkId - Query result: [{"id":2}]
[16-Mar-2026 09:44:12 UTC] Pages API - User ID from database: 2
[16-Mar-2026 09:44:12 UTC] Pages API - Success! User ID: 2
[16-Mar-2026 09:44:12 UTC] MySQL select query: SELECT `id`, `title`, `thumbnail_url`, `is_favorite`, `is_public`, `share_token`, `share_slug`, `last_accessed`, `created_at`, `updated_at` FROM `user_pages` WHERE `user_id` = :where_user_id_0 ORDER BY COALESCE(`last_accessed`, '1970-01-01 00:00:00') DESC
[16-Mar-2026 09:44:12 UTC] MySQL select params: {"where_user_id_0":2}
[16-Mar-2026 09:44:12 UTC] MySQL select returned 3 rows
[16-Mar-2026 09:44:28 UTC] Pages API - Incoming request - Method: POST, Payload size: 240 bytes (0.23 KB)
[16-Mar-2026 09:44:28 UTC] Pages API - Method: POST
[16-Mar-2026 09:44:28 UTC] Pages API - clerk_user_id from request: user_3AhnQJV5XslRK9dMtMXyCieGbiA
[16-Mar-2026 09:44:28 UTC] Pages API - clerk_user_id from session: user_3AhnQJV5XslRK9dMtMXyCieGbiA
[16-Mar-2026 09:44:28 UTC] Pages API - Using clerk_user_id: user_3AhnQJV5XslRK9dMtMXyCieGbiA
[16-Mar-2026 09:44:28 UTC] Pages API - Using clerk_user_id: user_3AhnQJV5XslRK9dMtMXyCieGbiA
[16-Mar-2026 09:44:28 UTC] MySQL select query: SELECT `id` FROM `users` WHERE `clerk_user_id` = :where_clerk_user_id_0
[16-Mar-2026 09:44:28 UTC] MySQL select params: {"where_clerk_user_id_0":"user_3AhnQJV5XslRK9dMtMXyCieGbiA"}
[16-Mar-2026 09:44:28 UTC] MySQL select returned 1 rows
[16-Mar-2026 09:44:28 UTC] getUserIdFromClerkId - Query result: [{"id":2}]
[16-Mar-2026 09:44:28 UTC] Pages API - User ID from database: 2
[16-Mar-2026 09:44:28 UTC] Pages API - Success! User ID: 2
[16-Mar-2026 09:44:28 UTC] Pages API POST - action='create', input_keys=action,title,data,clerk_user_id, raw_snippet={"action":"create","title":"Share Published 16 Mar","data":{"fullHtml":"","theme":"theme-light-minimal","fullpageEnabled
[16-Mar-2026 09:44:28 UTC] MySQL select query: SELECT * FROM `user_pages` WHERE `id` = :where_id_0
[16-Mar-2026 09:44:28 UTC] MySQL select params: {"where_id_0":"b9e846d0-211c-11f1-bfcb-d85ed359730c"}
[16-Mar-2026 09:44:28 UTC] MySQL select returned 1 rows
[16-Mar-2026 09:44:28 UTC] Pages API - Incoming request - Method: GET, Payload size: 0 bytes (0 KB)
[16-Mar-2026 09:44:28 UTC] Pages API - Method: GET
[16-Mar-2026 09:44:28 UTC] Pages API - clerk_user_id from request: null
[16-Mar-2026 09:44:28 UTC] Pages API - clerk_user_id from session: user_3AhnQJV5XslRK9dMtMXyCieGbiA
[16-Mar-2026 09:44:28 UTC] Pages API - Using clerk_user_id: user_3AhnQJV5XslRK9dMtMXyCieGbiA
[16-Mar-2026 09:44:28 UTC] Pages API - Using clerk_user_id: user_3AhnQJV5XslRK9dMtMXyCieGbiA
[16-Mar-2026 09:44:28 UTC] MySQL select query: SELECT `id` FROM `users` WHERE `clerk_user_id` = :where_clerk_user_id_0
[16-Mar-2026 09:44:28 UTC] MySQL select params: {"where_clerk_user_id_0":"user_3AhnQJV5XslRK9dMtMXyCieGbiA"}
[16-Mar-2026 09:44:28 UTC] MySQL select returned 1 rows
[16-Mar-2026 09:44:28 UTC] getUserIdFromClerkId - Query result: [{"id":2}]
[16-Mar-2026 09:44:28 UTC] Pages API - User ID from database: 2
[16-Mar-2026 09:44:28 UTC] Pages API - Success! User ID: 2
[16-Mar-2026 09:44:28 UTC] MySQL select query: SELECT `id`, `title`, `thumbnail_url`, `is_favorite`, `is_public`, `share_token`, `share_slug`, `last_accessed`, `created_at`, `updated_at` FROM `user_pages` WHERE `user_id` = :where_user_id_0 ORDER BY COALESCE(`last_accessed`, '1970-01-01 00:00:00') DESC
[16-Mar-2026 09:44:28 UTC] MySQL select params: {"where_user_id_0":2}
[16-Mar-2026 09:44:28 UTC] MySQL select returned 4 rows
[16-Mar-2026 09:44:30 UTC] Pages API - Incoming request - Method: GET, Payload size: 0 bytes (0 KB)
[16-Mar-2026 09:44:30 UTC] Pages API - Method: GET
[16-Mar-2026 09:44:30 UTC] Pages API - clerk_user_id from request: null
[16-Mar-2026 09:44:30 UTC] Pages API - clerk_user_id from session: user_3AhnQJV5XslRK9dMtMXyCieGbiA
[16-Mar-2026 09:44:30 UTC] Pages API - Using clerk_user_id: user_3AhnQJV5XslRK9dMtMXyCieGbiA
[16-Mar-2026 09:44:30 UTC] Pages API - Using clerk_user_id: user_3AhnQJV5XslRK9dMtMXyCieGbiA
[16-Mar-2026 09:44:30 UTC] MySQL select query: SELECT `id` FROM `users` WHERE `clerk_user_id` = :where_clerk_user_id_0
[16-Mar-2026 09:44:30 UTC] MySQL select params: {"where_clerk_user_id_0":"user_3AhnQJV5XslRK9dMtMXyCieGbiA"}
[16-Mar-2026 09:44:30 UTC] MySQL select returned 1 rows
[16-Mar-2026 09:44:30 UTC] getUserIdFromClerkId - Query result: [{"id":2}]
[16-Mar-2026 09:44:30 UTC] Pages API - User ID from database: 2
[16-Mar-2026 09:44:30 UTC] Pages API - Success! User ID: 2
[16-Mar-2026 09:44:30 UTC] MySQL select query: SELECT `id`, `title`, `thumbnail_url`, `is_favorite`, `is_public`, `share_token`, `share_slug`, `last_accessed`, `created_at`, `updated_at` FROM `user_pages` WHERE `user_id` = :where_user_id_0 ORDER BY COALESCE(`last_accessed`, '1970-01-01 00:00:00') DESC
[16-Mar-2026 09:44:30 UTC] MySQL select params: {"where_user_id_0":2}
[16-Mar-2026 09:44:30 UTC] MySQL select returned 4 rows
[16-Mar-2026 09:44:30 UTC] Pages API - Incoming request - Method: PUT, Payload size: 43,863 bytes (42.83 KB)
[16-Mar-2026 09:44:30 UTC] Pages API - Method: PUT
[16-Mar-2026 09:44:30 UTC] Pages API - clerk_user_id from request: user_3AhnQJV5XslRK9dMtMXyCieGbiA
[16-Mar-2026 09:44:30 UTC] Pages API - clerk_user_id from session: user_3AhnQJV5XslRK9dMtMXyCieGbiA
[16-Mar-2026 09:44:30 UTC] Pages API - Using clerk_user_id: user_3AhnQJV5XslRK9dMtMXyCieGbiA
[16-Mar-2026 09:44:30 UTC] Pages API - Using clerk_user_id: user_3AhnQJV5XslRK9dMtMXyCieGbiA
[16-Mar-2026 09:44:30 UTC] MySQL select query: SELECT `id` FROM `users` WHERE `clerk_user_id` = :where_clerk_user_id_0
[16-Mar-2026 09:44:30 UTC] MySQL select params: {"where_clerk_user_id_0":"user_3AhnQJV5XslRK9dMtMXyCieGbiA"}
[16-Mar-2026 09:44:30 UTC] MySQL select returned 1 rows
[16-Mar-2026 09:44:30 UTC] getUserIdFromClerkId - Query result: [{"id":2}]
[16-Mar-2026 09:44:30 UTC] Pages API - User ID from database: 2
[16-Mar-2026 09:44:30 UTC] Pages API - Success! User ID: 2
[16-Mar-2026 09:44:30 UTC] MySQL select query: SELECT `id`, `updated_at` FROM `user_pages` WHERE `id` = :where_id_0 AND `user_id` = :where_user_id_1
[16-Mar-2026 09:44:30 UTC] MySQL select params: {"where_id_0":"b9e846d0-211c-11f1-bfcb-d85ed359730c","where_user_id_1":2}
[16-Mar-2026 09:44:30 UTC] MySQL select returned 1 rows
[16-Mar-2026 09:44:30 UTC] MySQL update query: UPDATE `user_pages` SET `title` = :title, `data` = :data, `last_accessed` = :last_accessed, `updated_at` = :updated_at WHERE `id` = :where_id_0 AND `user_id` = :where_user_id_1
[16-Mar-2026 09:44:30 UTC] MySQL update params: {"title":"Share Published 16 Mar","data":"{\"fullHtml\":\"\\n                <!-- Preloader -->\\...[truncated]","last_accessed":"2026-03-16 09:44:30","updated_at":"2026-03-16 09:44:30","where_id_0":"b9e846d0-211c-11f1-bfcb-d85ed359730c","where_user_id_1":2}
[16-Mar-2026 09:44:30 UTC] MySQL update affected rows: 1
[16-Mar-2026 09:44:30 UTC] MySQL select query: SELECT * FROM `user_pages` WHERE `id` = :where_id_0 AND `user_id` = :where_user_id_1
[16-Mar-2026 09:44:30 UTC] MySQL select params: {"where_id_0":"b9e846d0-211c-11f1-bfcb-d85ed359730c","where_user_id_1":2}
[16-Mar-2026 09:44:30 UTC] MySQL select returned 1 rows
[16-Mar-2026 09:44:41 UTC] Pages API - Incoming request - Method: POST, Payload size: 148 bytes (0.14 KB)
[16-Mar-2026 09:44:41 UTC] Pages API - Method: POST
[16-Mar-2026 09:44:41 UTC] Pages API - clerk_user_id from request: user_3AhnQJV5XslRK9dMtMXyCieGbiA
[16-Mar-2026 09:44:41 UTC] Pages API - clerk_user_id from session: user_3AhnQJV5XslRK9dMtMXyCieGbiA
[16-Mar-2026 09:44:41 UTC] Pages API - Using clerk_user_id: user_3AhnQJV5XslRK9dMtMXyCieGbiA
[16-Mar-2026 09:44:41 UTC] Pages API - Using clerk_user_id: user_3AhnQJV5XslRK9dMtMXyCieGbiA
[16-Mar-2026 09:44:41 UTC] MySQL select query: SELECT `id` FROM `users` WHERE `clerk_user_id` = :where_clerk_user_id_0
[16-Mar-2026 09:44:41 UTC] MySQL select params: {"where_clerk_user_id_0":"user_3AhnQJV5XslRK9dMtMXyCieGbiA"}
[16-Mar-2026 09:44:41 UTC] MySQL select returned 1 rows
[16-Mar-2026 09:44:41 UTC] getUserIdFromClerkId - Query result: [{"id":2}]
[16-Mar-2026 09:44:41 UTC] Pages API - User ID from database: 2
[16-Mar-2026 09:44:41 UTC] Pages API - Success! User ID: 2
[16-Mar-2026 09:44:41 UTC] Pages API POST - action='publish-subdomain', input_keys=action,id,clerk_user_id,share_slug, raw_snippet={"action":"publish-subdomain","id":"b9e846d0-211c-11f1-bfcb-d85ed359730c","clerk_user_id":"user_3AhnQJV5XslRK9dMtMXyCieG
[16-Mar-2026 09:44:41 UTC] publishPageWithSubdomain - START: pageId=b9e846d0-211c-11f1-bfcb-d85ed359730c, userId=2, shareSlug=16marzo
[16-Mar-2026 09:44:41 UTC] MySQL select query: SELECT `id`, `share_slug` FROM `user_pages` WHERE `id` = :where_id_0
[16-Mar-2026 09:44:41 UTC] MySQL select params: {"where_id_0":"b9e846d0-211c-11f1-bfcb-d85ed359730c"}
[16-Mar-2026 09:44:41 UTC] MySQL select returned 1 rows
[16-Mar-2026 09:44:41 UTC] publishPageWithSubdomain - Column check OK. Current share_slug for page: "NULL"
[16-Mar-2026 09:44:41 UTC] MySQL select query: SELECT `id`, `share_token`, `is_public` FROM `user_pages` WHERE `id` = :where_id_0 AND `user_id` = :where_user_id_1
[16-Mar-2026 09:44:41 UTC] MySQL select params: {"where_id_0":"b9e846d0-211c-11f1-bfcb-d85ed359730c","where_user_id_1":2}
[16-Mar-2026 09:44:41 UTC] MySQL select returned 1 rows
[16-Mar-2026 09:44:41 UTC] publishPageWithSubdomain - Page lookup: found id=b9e846d0-211c-11f1-bfcb-d85ed359730c
[16-Mar-2026 09:44:41 UTC] MySQL select query: SELECT `id` FROM `user_pages` WHERE `share_slug` = :where_share_slug_0
[16-Mar-2026 09:44:41 UTC] MySQL select params: {"where_share_slug_0":"16marzo"}
[16-Mar-2026 09:44:41 UTC] MySQL select returned 0 rows
[16-Mar-2026 09:44:41 UTC] publishPageWithSubdomain - Uniqueness check for '16marzo': []
[16-Mar-2026 09:44:41 UTC] publishPageWithSubdomain - Calling UPDATE with data: {"share_slug":"16marzo","is_public":1,"share_token":"94e56447-4455-4693-ad73-372b6c3f2dd0"} WHERE id=b9e846d0-211c-11f1-bfcb-d85ed359730c, user_id=2
[16-Mar-2026 09:44:41 UTC] MySQL update query: UPDATE `user_pages` SET `share_slug` = :share_slug, `is_public` = :is_public, `share_token` = :share_token WHERE `id` = :where_id_0 AND `user_id` = :where_user_id_1
[16-Mar-2026 09:44:41 UTC] MySQL update params: {"share_slug":"16marzo","is_public":1,"share_token":"94e56447-4455-4693-ad73-372b6c3f2dd0","where_id_0":"b9e846d0-211c-11f1-bfcb-d85ed359730c","where_user_id_1":2}
[16-Mar-2026 09:44:41 UTC] MySQL update affected rows: 1
[16-Mar-2026 09:44:41 UTC] MySQL select query: SELECT * FROM `user_pages` WHERE `id` = :where_id_0 AND `user_id` = :where_user_id_1
[16-Mar-2026 09:44:41 UTC] MySQL select params: {"where_id_0":"b9e846d0-211c-11f1-bfcb-d85ed359730c","where_user_id_1":2}
[16-Mar-2026 09:44:41 UTC] MySQL select returned 1 rows
[16-Mar-2026 09:44:41 UTC] publishPageWithSubdomain - UPDATE done. share_slug now in DB: 16marzo
[16-Mar-2026 09:44:41 UTC] publishPageWithSubdomain - SUCCESS: url=https://16marzo.yeslovey.com
[16-Mar-2026 09:45:00 UTC] Pages API - Incoming request - Method: POST, Payload size: 113 bytes (0.11 KB)
[16-Mar-2026 09:45:00 UTC] Pages API - Method: POST
[16-Mar-2026 09:45:00 UTC] Pages API - clerk_user_id from request: user_3AhnQJV5XslRK9dMtMXyCieGbiA
[16-Mar-2026 09:45:00 UTC] Pages API - clerk_user_id from session: user_3AhnQJV5XslRK9dMtMXyCieGbiA
[16-Mar-2026 09:45:00 UTC] Pages API - Using clerk_user_id: user_3AhnQJV5XslRK9dMtMXyCieGbiA
[16-Mar-2026 09:45:00 UTC] Pages API - Using clerk_user_id: user_3AhnQJV5XslRK9dMtMXyCieGbiA
[16-Mar-2026 09:45:00 UTC] MySQL select query: SELECT `id` FROM `users` WHERE `clerk_user_id` = :where_clerk_user_id_0
[16-Mar-2026 09:45:00 UTC] MySQL select params: {"where_clerk_user_id_0":"user_3AhnQJV5XslRK9dMtMXyCieGbiA"}
[16-Mar-2026 09:45:00 UTC] MySQL select returned 1 rows
[16-Mar-2026 09:45:00 UTC] getUserIdFromClerkId - Query result: [{"id":2}]
[16-Mar-2026 09:45:00 UTC] Pages API - User ID from database: 2
[16-Mar-2026 09:45:00 UTC] Pages API - Success! User ID: 2
[16-Mar-2026 09:45:00 UTC] Pages API POST - action='share', input_keys=action,id,clerk_user_id, raw_snippet={"action":"share","id":"b9e846d0-211c-11f1-bfcb-d85ed359730c","clerk_user_id":"user_3AhnQJV5XslRK9dMtMXyCieGbiA"}
[16-Mar-2026 09:45:00 UTC] MySQL select query: SELECT `id`, `share_token`, `is_public`, `share_slug` FROM `user_pages` WHERE `id` = :where_id_0 AND `user_id` = :where_user_id_1
[16-Mar-2026 09:45:00 UTC] MySQL select params: {"where_id_0":"b9e846d0-211c-11f1-bfcb-d85ed359730c","where_user_id_1":2}
[16-Mar-2026 09:45:00 UTC] MySQL select returned 1 rows
[16-Mar-2026 09:45:09 UTC] Pages API - Incoming request - Method: GET, Payload size: 0 bytes (0 KB)
[16-Mar-2026 09:45:09 UTC] Pages API - Method: GET
[16-Mar-2026 09:45:09 UTC] Pages API - clerk_user_id from request: null
[16-Mar-2026 09:45:09 UTC] Pages API - clerk_user_id from session: user_3AhnQJV5XslRK9dMtMXyCieGbiA
[16-Mar-2026 09:45:09 UTC] Pages API - Using clerk_user_id: user_3AhnQJV5XslRK9dMtMXyCieGbiA
[16-Mar-2026 09:45:09 UTC] Pages API - Using clerk_user_id: user_3AhnQJV5XslRK9dMtMXyCieGbiA
[16-Mar-2026 09:45:09 UTC] MySQL select query: SELECT `id` FROM `users` WHERE `clerk_user_id` = :where_clerk_user_id_0
[16-Mar-2026 09:45:09 UTC] MySQL select params: {"where_clerk_user_id_0":"user_3AhnQJV5XslRK9dMtMXyCieGbiA"}
[16-Mar-2026 09:45:09 UTC] MySQL select returned 1 rows
[16-Mar-2026 09:45:09 UTC] getUserIdFromClerkId - Query result: [{"id":2}]
[16-Mar-2026 09:45:09 UTC] Pages API - User ID from database: 2
[16-Mar-2026 09:45:09 UTC] Pages API - Success! User ID: 2
[16-Mar-2026 09:45:09 UTC] MySQL select query: SELECT `id`, `title`, `thumbnail_url`, `is_favorite`, `is_public`, `share_token`, `share_slug`, `last_accessed`, `created_at`, `updated_at` FROM `user_pages` WHERE `user_id` = :where_user_id_0 ORDER BY COALESCE(`last_accessed`, '1970-01-01 00:00:00') DESC
[16-Mar-2026 09:45:09 UTC] MySQL select params: {"where_user_id_0":2}
[16-Mar-2026 09:45:09 UTC] MySQL select returned 4 rows
[16-Mar-2026 09:45:15 UTC] Successfully loaded .env from: C:\Users\Pablo\Documents\GitHub\nine-screen-canvas-flow/.env
[16-Mar-2026 09:45:15 UTC] MySQL select query: SELECT `id` FROM `users` WHERE `clerk_user_id` = :where_clerk_user_id_0
[16-Mar-2026 09:45:15 UTC] MySQL select params: {"where_clerk_user_id_0":"user_3AhnQJV5XslRK9dMtMXyCieGbiA"}
[16-Mar-2026 09:45:15 UTC] MySQL select returned 1 rows
[16-Mar-2026 09:45:15 UTC] MySQL select query: SELECT * FROM `user_pages` WHERE `id` = :where_id_0 AND `user_id` = :where_user_id_1
[16-Mar-2026 09:45:15 UTC] MySQL select params: {"where_id_0":"1dcd8272-211b-11f1-bfcb-d85ed359730c","where_user_id_1":2}
[16-Mar-2026 09:45:15 UTC] MySQL select returned 1 rows
[16-Mar-2026 09:45:16 UTC] Pages API - Incoming request - Method: GET, Payload size: 0 bytes (0 KB)
[16-Mar-2026 09:45:16 UTC] Pages API - Method: GET
[16-Mar-2026 09:45:16 UTC] Pages API - clerk_user_id from request: null
[16-Mar-2026 09:45:16 UTC] Pages API - clerk_user_id from session: user_3AhnQJV5XslRK9dMtMXyCieGbiA
[16-Mar-2026 09:45:16 UTC] Pages API - Using clerk_user_id: user_3AhnQJV5XslRK9dMtMXyCieGbiA
[16-Mar-2026 09:45:16 UTC] Pages API - Using clerk_user_id: user_3AhnQJV5XslRK9dMtMXyCieGbiA
[16-Mar-2026 09:45:16 UTC] MySQL select query: SELECT `id` FROM `users` WHERE `clerk_user_id` = :where_clerk_user_id_0
[16-Mar-2026 09:45:16 UTC] MySQL select params: {"where_clerk_user_id_0":"user_3AhnQJV5XslRK9dMtMXyCieGbiA"}
[16-Mar-2026 09:45:16 UTC] MySQL select returned 1 rows
[16-Mar-2026 09:45:16 UTC] getUserIdFromClerkId - Query result: [{"id":2}]
[16-Mar-2026 09:45:16 UTC] Pages API - User ID from database: 2
[16-Mar-2026 09:45:16 UTC] Pages API - Success! User ID: 2
[16-Mar-2026 09:45:16 UTC] MySQL select query: SELECT `id`, `title`, `thumbnail_url`, `is_favorite`, `is_public`, `share_token`, `share_slug`, `last_accessed`, `created_at`, `updated_at` FROM `user_pages` WHERE `user_id` = :where_user_id_0 ORDER BY COALESCE(`last_accessed`, '1970-01-01 00:00:00') DESC
[16-Mar-2026 09:45:16 UTC] MySQL select params: {"where_user_id_0":2}
[16-Mar-2026 09:45:16 UTC] MySQL select returned 4 rows
[16-Mar-2026 09:45:17 UTC] Pages API - Incoming request - Method: GET, Payload size: 0 bytes (0 KB)
[16-Mar-2026 09:45:17 UTC] Pages API - Method: GET
[16-Mar-2026 09:45:17 UTC] Pages API - clerk_user_id from request: null
[16-Mar-2026 09:45:17 UTC] Pages API - clerk_user_id from session: user_3AhnQJV5XslRK9dMtMXyCieGbiA
[16-Mar-2026 09:45:17 UTC] Pages API - Using clerk_user_id: user_3AhnQJV5XslRK9dMtMXyCieGbiA
[16-Mar-2026 09:45:17 UTC] Pages API - Using clerk_user_id: user_3AhnQJV5XslRK9dMtMXyCieGbiA
[16-Mar-2026 09:45:17 UTC] MySQL select query: SELECT `id` FROM `users` WHERE `clerk_user_id` = :where_clerk_user_id_0
[16-Mar-2026 09:45:17 UTC] MySQL select params: {"where_clerk_user_id_0":"user_3AhnQJV5XslRK9dMtMXyCieGbiA"}
[16-Mar-2026 09:45:17 UTC] MySQL select returned 1 rows
[16-Mar-2026 09:45:17 UTC] getUserIdFromClerkId - Query result: [{"id":2}]
[16-Mar-2026 09:45:17 UTC] Pages API - User ID from database: 2
[16-Mar-2026 09:45:17 UTC] Pages API - Success! User ID: 2
[16-Mar-2026 09:45:17 UTC] MySQL select query: SELECT `id`, `title`, `thumbnail_url`, `is_favorite`, `is_public`, `share_token`, `share_slug`, `last_accessed`, `created_at`, `updated_at` FROM `user_pages` WHERE `user_id` = :where_user_id_0 ORDER BY COALESCE(`last_accessed`, '1970-01-01 00:00:00') DESC
[16-Mar-2026 09:45:17 UTC] MySQL select params: {"where_user_id_0":2}
[16-Mar-2026 09:45:17 UTC] MySQL select returned 4 rows
[16-Mar-2026 09:45:26 UTC] Successfully loaded .env from: C:\Users\Pablo\Documents\GitHub\nine-screen-canvas-flow/.env
[16-Mar-2026 09:45:26 UTC] MySQL select query: SELECT `id` FROM `users` WHERE `clerk_user_id` = :where_clerk_user_id_0
[16-Mar-2026 09:45:26 UTC] MySQL select params: {"where_clerk_user_id_0":"user_3AhnQJV5XslRK9dMtMXyCieGbiA"}
[16-Mar-2026 09:45:26 UTC] MySQL select returned 1 rows
[16-Mar-2026 09:45:26 UTC] MySQL select query: SELECT * FROM `user_pages` WHERE `id` = :where_id_0 AND `user_id` = :where_user_id_1
[16-Mar-2026 09:45:26 UTC] MySQL select params: {"where_id_0":"b9e846d0-211c-11f1-bfcb-d85ed359730c","where_user_id_1":2}
[16-Mar-2026 09:45:26 UTC] MySQL select returned 1 rows
[16-Mar-2026 09:45:27 UTC] Pages API - Incoming request - Method: GET, Payload size: 0 bytes (0 KB)
[16-Mar-2026 09:45:27 UTC] Pages API - Method: GET
[16-Mar-2026 09:45:27 UTC] Pages API - clerk_user_id from request: null
[16-Mar-2026 09:45:27 UTC] Pages API - clerk_user_id from session: user_3AhnQJV5XslRK9dMtMXyCieGbiA
[16-Mar-2026 09:45:27 UTC] Pages API - Using clerk_user_id: user_3AhnQJV5XslRK9dMtMXyCieGbiA
[16-Mar-2026 09:45:27 UTC] Pages API - Using clerk_user_id: user_3AhnQJV5XslRK9dMtMXyCieGbiA
[16-Mar-2026 09:45:27 UTC] MySQL select query: SELECT `id` FROM `users` WHERE `clerk_user_id` = :where_clerk_user_id_0
[16-Mar-2026 09:45:27 UTC] MySQL select params: {"where_clerk_user_id_0":"user_3AhnQJV5XslRK9dMtMXyCieGbiA"}
[16-Mar-2026 09:45:27 UTC] MySQL select returned 1 rows
[16-Mar-2026 09:45:27 UTC] getUserIdFromClerkId - Query result: [{"id":2}]
[16-Mar-2026 09:45:27 UTC] Pages API - User ID from database: 2
[16-Mar-2026 09:45:27 UTC] Pages API - Success! User ID: 2
[16-Mar-2026 09:45:27 UTC] MySQL select query: SELECT `id`, `title`, `thumbnail_url`, `is_favorite`, `is_public`, `share_token`, `share_slug`, `last_accessed`, `created_at`, `updated_at` FROM `user_pages` WHERE `user_id` = :where_user_id_0 ORDER BY COALESCE(`last_accessed`, '1970-01-01 00:00:00') DESC
[16-Mar-2026 09:45:27 UTC] MySQL select params: {"where_user_id_0":2}
[16-Mar-2026 09:45:27 UTC] MySQL select returned 4 rows
[16-Mar-2026 09:45:56 UTC] Pages API - Incoming request - Method: POST, Payload size: 113 bytes (0.11 KB)
[16-Mar-2026 09:45:56 UTC] Pages API - Method: POST
[16-Mar-2026 09:45:56 UTC] Pages API - clerk_user_id from request: user_3AhnQJV5XslRK9dMtMXyCieGbiA
[16-Mar-2026 09:45:56 UTC] Pages API - clerk_user_id from session: user_3AhnQJV5XslRK9dMtMXyCieGbiA
[16-Mar-2026 09:45:56 UTC] Pages API - Using clerk_user_id: user_3AhnQJV5XslRK9dMtMXyCieGbiA
[16-Mar-2026 09:45:56 UTC] Pages API - Using clerk_user_id: user_3AhnQJV5XslRK9dMtMXyCieGbiA
[16-Mar-2026 09:45:56 UTC] MySQL select query: SELECT `id` FROM `users` WHERE `clerk_user_id` = :where_clerk_user_id_0
[16-Mar-2026 09:45:56 UTC] MySQL select params: {"where_clerk_user_id_0":"user_3AhnQJV5XslRK9dMtMXyCieGbiA"}
[16-Mar-2026 09:45:56 UTC] MySQL select returned 1 rows
[16-Mar-2026 09:45:56 UTC] getUserIdFromClerkId - Query result: [{"id":2}]
[16-Mar-2026 09:45:56 UTC] Pages API - User ID from database: 2
[16-Mar-2026 09:45:56 UTC] Pages API - Success! User ID: 2
[16-Mar-2026 09:45:56 UTC] Pages API POST - action='share', input_keys=action,id,clerk_user_id, raw_snippet={"action":"share","id":"b9e846d0-211c-11f1-bfcb-d85ed359730c","clerk_user_id":"user_3AhnQJV5XslRK9dMtMXyCieGbiA"}
[16-Mar-2026 09:45:56 UTC] MySQL select query: SELECT `id`, `share_token`, `is_public`, `share_slug` FROM `user_pages` WHERE `id` = :where_id_0 AND `user_id` = :where_user_id_1
[16-Mar-2026 09:45:56 UTC] MySQL select params: {"where_id_0":"b9e846d0-211c-11f1-bfcb-d85ed359730c","where_user_id_1":2}
[16-Mar-2026 09:45:56 UTC] MySQL select returned 1 rows
[16-Mar-2026 09:46:41 UTC] Pages API - Incoming request - Method: POST, Payload size: 113 bytes (0.11 KB)
[16-Mar-2026 09:46:41 UTC] Pages API - Method: POST
[16-Mar-2026 09:46:41 UTC] Pages API - clerk_user_id from request: user_3AhnQJV5XslRK9dMtMXyCieGbiA
[16-Mar-2026 09:46:41 UTC] Pages API - clerk_user_id from session: user_3AhnQJV5XslRK9dMtMXyCieGbiA
[16-Mar-2026 09:46:41 UTC] Pages API - Using clerk_user_id: user_3AhnQJV5XslRK9dMtMXyCieGbiA
[16-Mar-2026 09:46:41 UTC] Pages API - Using clerk_user_id: user_3AhnQJV5XslRK9dMtMXyCieGbiA
[16-Mar-2026 09:46:41 UTC] MySQL select query: SELECT `id` FROM `users` WHERE `clerk_user_id` = :where_clerk_user_id_0
[16-Mar-2026 09:46:41 UTC] MySQL select params: {"where_clerk_user_id_0":"user_3AhnQJV5XslRK9dMtMXyCieGbiA"}
[16-Mar-2026 09:46:41 UTC] MySQL select returned 1 rows
[16-Mar-2026 09:46:41 UTC] getUserIdFromClerkId - Query result: [{"id":2}]
[16-Mar-2026 09:46:41 UTC] Pages API - User ID from database: 2
[16-Mar-2026 09:46:41 UTC] Pages API - Success! User ID: 2
[16-Mar-2026 09:46:41 UTC] Pages API POST - action='share', input_keys=action,id,clerk_user_id, raw_snippet={"action":"share","id":"b9e846d0-211c-11f1-bfcb-d85ed359730c","clerk_user_id":"user_3AhnQJV5XslRK9dMtMXyCieGbiA"}
[16-Mar-2026 09:46:41 UTC] MySQL select query: SELECT `id`, `share_token`, `is_public`, `share_slug` FROM `user_pages` WHERE `id` = :where_id_0 AND `user_id` = :where_user_id_1
[16-Mar-2026 09:46:41 UTC] MySQL select params: {"where_id_0":"b9e846d0-211c-11f1-bfcb-d85ed359730c","where_user_id_1":2}
[16-Mar-2026 09:46:41 UTC] MySQL select returned 1 rows
[16-Mar-2026 09:46:44 UTC] Pages API - Incoming request - Method: GET, Payload size: 0 bytes (0 KB)
[16-Mar-2026 09:46:44 UTC] Pages API - Method: GET
[16-Mar-2026 09:46:44 UTC] Pages API - clerk_user_id from request: null
[16-Mar-2026 09:46:44 UTC] Pages API - clerk_user_id from session: user_3AhnQJV5XslRK9dMtMXyCieGbiA
[16-Mar-2026 09:46:44 UTC] Pages API - Using clerk_user_id: user_3AhnQJV5XslRK9dMtMXyCieGbiA
[16-Mar-2026 09:46:44 UTC] Pages API - Using clerk_user_id: user_3AhnQJV5XslRK9dMtMXyCieGbiA
[16-Mar-2026 09:46:44 UTC] MySQL select query: SELECT `id` FROM `users` WHERE `clerk_user_id` = :where_clerk_user_id_0
[16-Mar-2026 09:46:44 UTC] MySQL select params: {"where_clerk_user_id_0":"user_3AhnQJV5XslRK9dMtMXyCieGbiA"}
[16-Mar-2026 09:46:44 UTC] MySQL select returned 1 rows
[16-Mar-2026 09:46:44 UTC] getUserIdFromClerkId - Query result: [{"id":2}]
[16-Mar-2026 09:46:44 UTC] Pages API - User ID from database: 2
[16-Mar-2026 09:46:44 UTC] Pages API - Success! User ID: 2
[16-Mar-2026 09:46:44 UTC] MySQL select query: SELECT `id`, `title`, `thumbnail_url`, `is_favorite`, `is_public`, `share_token`, `share_slug`, `last_accessed`, `created_at`, `updated_at` FROM `user_pages` WHERE `user_id` = :where_user_id_0 ORDER BY COALESCE(`last_accessed`, '1970-01-01 00:00:00') DESC
[16-Mar-2026 09:46:44 UTC] MySQL select params: {"where_user_id_0":2}
[16-Mar-2026 09:46:44 UTC] MySQL select returned 4 rows
[16-Mar-2026 09:47:25 UTC] Pages API - Incoming request - Method: POST, Payload size: 113 bytes (0.11 KB)
[16-Mar-2026 09:47:25 UTC] Pages API - Method: POST
[16-Mar-2026 09:47:25 UTC] Pages API - clerk_user_id from request: user_3AhnQJV5XslRK9dMtMXyCieGbiA
[16-Mar-2026 09:47:25 UTC] Pages API - clerk_user_id from session: user_3AhnQJV5XslRK9dMtMXyCieGbiA
[16-Mar-2026 09:47:25 UTC] Pages API - Using clerk_user_id: user_3AhnQJV5XslRK9dMtMXyCieGbiA
[16-Mar-2026 09:47:25 UTC] Pages API - Using clerk_user_id: user_3AhnQJV5XslRK9dMtMXyCieGbiA
[16-Mar-2026 09:47:25 UTC] MySQL select query: SELECT `id` FROM `users` WHERE `clerk_user_id` = :where_clerk_user_id_0
[16-Mar-2026 09:47:25 UTC] MySQL select params: {"where_clerk_user_id_0":"user_3AhnQJV5XslRK9dMtMXyCieGbiA"}
[16-Mar-2026 09:47:25 UTC] MySQL select returned 1 rows
[16-Mar-2026 09:47:25 UTC] getUserIdFromClerkId - Query result: [{"id":2}]
[16-Mar-2026 09:47:25 UTC] Pages API - User ID from database: 2
[16-Mar-2026 09:47:25 UTC] Pages API - Success! User ID: 2
[16-Mar-2026 09:47:25 UTC] Pages API POST - action='share', input_keys=action,id,clerk_user_id, raw_snippet={"action":"share","id":"b9e846d0-211c-11f1-bfcb-d85ed359730c","clerk_user_id":"user_3AhnQJV5XslRK9dMtMXyCieGbiA"}
[16-Mar-2026 09:47:25 UTC] MySQL select query: SELECT `id`, `share_token`, `is_public`, `share_slug` FROM `user_pages` WHERE `id` = :where_id_0 AND `user_id` = :where_user_id_1
[16-Mar-2026 09:47:25 UTC] MySQL select params: {"where_id_0":"b9e846d0-211c-11f1-bfcb-d85ed359730c","where_user_id_1":2}
[16-Mar-2026 09:47:25 UTC] MySQL select returned 1 rows
[16-Mar-2026 09:50:17 UTC] Pages API - Incoming request - Method: PUT, Payload size: 114 bytes (0.11 KB)
[16-Mar-2026 09:50:17 UTC] Pages API - Method: PUT
[16-Mar-2026 09:50:17 UTC] Pages API - clerk_user_id from request: user_3AhnQJV5XslRK9dMtMXyCieGbiA
[16-Mar-2026 09:50:17 UTC] Pages API - clerk_user_id from session: user_3AhnQJV5XslRK9dMtMXyCieGbiA
[16-Mar-2026 09:50:17 UTC] Pages API - Using clerk_user_id: user_3AhnQJV5XslRK9dMtMXyCieGbiA
[16-Mar-2026 09:50:17 UTC] Pages API - Using clerk_user_id: user_3AhnQJV5XslRK9dMtMXyCieGbiA
[16-Mar-2026 09:50:17 UTC] MySQL select query: SELECT `id` FROM `users` WHERE `clerk_user_id` = :where_clerk_user_id_0
[16-Mar-2026 09:50:17 UTC] MySQL select params: {"where_clerk_user_id_0":"user_3AhnQJV5XslRK9dMtMXyCieGbiA"}
[16-Mar-2026 09:50:17 UTC] MySQL select returned 1 rows
[16-Mar-2026 09:50:17 UTC] getUserIdFromClerkId - Query result: [{"id":2}]
[16-Mar-2026 09:50:17 UTC] Pages API - User ID from database: 2
[16-Mar-2026 09:50:17 UTC] Pages API - Success! User ID: 2
[16-Mar-2026 09:50:17 UTC] MySQL select query: SELECT `id`, `updated_at` FROM `user_pages` WHERE `id` = :where_id_0 AND `user_id` = :where_user_id_1
[16-Mar-2026 09:50:17 UTC] MySQL select params: {"where_id_0":"b9e846d0-211c-11f1-bfcb-d85ed359730c","where_user_id_1":2}
[16-Mar-2026 09:50:17 UTC] MySQL select returned 1 rows
[16-Mar-2026 09:50:17 UTC] MySQL update query: UPDATE `user_pages` SET `is_public` = :is_public, `last_accessed` = :last_accessed, `updated_at` = :updated_at WHERE `id` = :where_id_0 AND `user_id` = :where_user_id_1
[16-Mar-2026 09:50:17 UTC] MySQL update params: {"is_public":0,"last_accessed":"2026-03-16 09:50:17","updated_at":"2026-03-16 09:50:17","where_id_0":"b9e846d0-211c-11f1-bfcb-d85ed359730c","where_user_id_1":2}
[16-Mar-2026 09:50:17 UTC] MySQL update affected rows: 1
[16-Mar-2026 09:50:17 UTC] MySQL select query: SELECT * FROM `user_pages` WHERE `id` = :where_id_0 AND `user_id` = :where_user_id_1
[16-Mar-2026 09:50:17 UTC] MySQL select params: {"where_id_0":"b9e846d0-211c-11f1-bfcb-d85ed359730c","where_user_id_1":2}
[16-Mar-2026 09:50:17 UTC] MySQL select returned 1 rows
[16-Mar-2026 09:50:17 UTC] Pages API - Incoming request - Method: GET, Payload size: 0 bytes (0 KB)
[16-Mar-2026 09:50:17 UTC] Pages API - Method: GET
[16-Mar-2026 09:50:17 UTC] Pages API - clerk_user_id from request: null
[16-Mar-2026 09:50:17 UTC] Pages API - clerk_user_id from session: user_3AhnQJV5XslRK9dMtMXyCieGbiA
[16-Mar-2026 09:50:17 UTC] Pages API - Using clerk_user_id: user_3AhnQJV5XslRK9dMtMXyCieGbiA
[16-Mar-2026 09:50:17 UTC] Pages API - Using clerk_user_id: user_3AhnQJV5XslRK9dMtMXyCieGbiA
[16-Mar-2026 09:50:17 UTC] MySQL select query: SELECT `id` FROM `users` WHERE `clerk_user_id` = :where_clerk_user_id_0
[16-Mar-2026 09:50:17 UTC] MySQL select params: {"where_clerk_user_id_0":"user_3AhnQJV5XslRK9dMtMXyCieGbiA"}
[16-Mar-2026 09:50:17 UTC] MySQL select returned 1 rows
[16-Mar-2026 09:50:17 UTC] getUserIdFromClerkId - Query result: [{"id":2}]
[16-Mar-2026 09:50:17 UTC] Pages API - User ID from database: 2
[16-Mar-2026 09:50:17 UTC] Pages API - Success! User ID: 2
[16-Mar-2026 09:50:17 UTC] MySQL select query: SELECT `id`, `title`, `thumbnail_url`, `is_favorite`, `is_public`, `share_token`, `share_slug`, `last_accessed`, `created_at`, `updated_at` FROM `user_pages` WHERE `user_id` = :where_user_id_0 ORDER BY COALESCE(`last_accessed`, '1970-01-01 00:00:00') DESC
[16-Mar-2026 09:50:17 UTC] MySQL select params: {"where_user_id_0":2}
[16-Mar-2026 09:50:17 UTC] MySQL select returned 4 rows
[16-Mar-2026 09:50:17 UTC] Pages API - Incoming request - Method: GET, Payload size: 0 bytes (0 KB)
[16-Mar-2026 09:50:17 UTC] Pages API - Method: GET
[16-Mar-2026 09:50:17 UTC] Pages API - clerk_user_id from request: null
[16-Mar-2026 09:50:17 UTC] Pages API - clerk_user_id from session: user_3AhnQJV5XslRK9dMtMXyCieGbiA
[16-Mar-2026 09:50:17 UTC] Pages API - Using clerk_user_id: user_3AhnQJV5XslRK9dMtMXyCieGbiA
[16-Mar-2026 09:50:17 UTC] Pages API - Using clerk_user_id: user_3AhnQJV5XslRK9dMtMXyCieGbiA
[16-Mar-2026 09:50:17 UTC] MySQL select query: SELECT `id` FROM `users` WHERE `clerk_user_id` = :where_clerk_user_id_0
[16-Mar-2026 09:50:17 UTC] MySQL select params: {"where_clerk_user_id_0":"user_3AhnQJV5XslRK9dMtMXyCieGbiA"}
[16-Mar-2026 09:50:17 UTC] MySQL select returned 1 rows
[16-Mar-2026 09:50:17 UTC] getUserIdFromClerkId - Query result: [{"id":2}]
[16-Mar-2026 09:50:17 UTC] Pages API - User ID from database: 2
[16-Mar-2026 09:50:17 UTC] Pages API - Success! User ID: 2
[16-Mar-2026 09:50:17 UTC] MySQL select query: SELECT `id`, `title`, `thumbnail_url`, `is_favorite`, `is_public`, `share_token`, `share_slug`, `last_accessed`, `created_at`, `updated_at` FROM `user_pages` WHERE `user_id` = :where_user_id_0 ORDER BY COALESCE(`last_accessed`, '1970-01-01 00:00:00') DESC
[16-Mar-2026 09:50:17 UTC] MySQL select params: {"where_user_id_0":2}
[16-Mar-2026 09:50:17 UTC] MySQL select returned 4 rows
[16-Mar-2026 09:50:20 UTC] Pages API - Incoming request - Method: GET, Payload size: 0 bytes (0 KB)
[16-Mar-2026 09:50:20 UTC] Pages API - Method: GET
[16-Mar-2026 09:50:20 UTC] Pages API - clerk_user_id from request: null
[16-Mar-2026 09:50:20 UTC] Pages API - clerk_user_id from session: user_3AhnQJV5XslRK9dMtMXyCieGbiA
[16-Mar-2026 09:50:20 UTC] Pages API - Using clerk_user_id: user_3AhnQJV5XslRK9dMtMXyCieGbiA
[16-Mar-2026 09:50:20 UTC] Pages API - Using clerk_user_id: user_3AhnQJV5XslRK9dMtMXyCieGbiA
[16-Mar-2026 09:50:20 UTC] MySQL select query: SELECT `id` FROM `users` WHERE `clerk_user_id` = :where_clerk_user_id_0
[16-Mar-2026 09:50:20 UTC] MySQL select params: {"where_clerk_user_id_0":"user_3AhnQJV5XslRK9dMtMXyCieGbiA"}
[16-Mar-2026 09:50:20 UTC] MySQL select returned 1 rows
[16-Mar-2026 09:50:20 UTC] getUserIdFromClerkId - Query result: [{"id":2}]
[16-Mar-2026 09:50:20 UTC] Pages API - User ID from database: 2
[16-Mar-2026 09:50:20 UTC] Pages API - Success! User ID: 2
[16-Mar-2026 09:50:20 UTC] MySQL select query: SELECT `id`, `title`, `thumbnail_url`, `is_favorite`, `is_public`, `share_token`, `share_slug`, `last_accessed`, `created_at`, `updated_at` FROM `user_pages` WHERE `user_id` = :where_user_id_0 ORDER BY COALESCE(`last_accessed`, '1970-01-01 00:00:00') DESC
[16-Mar-2026 09:50:20 UTC] MySQL select params: {"where_user_id_0":2}
[16-Mar-2026 09:50:20 UTC] MySQL select returned 4 rows
[16-Mar-2026 09:50:22 UTC] Pages API - Incoming request - Method: DELETE, Payload size: 96 bytes (0.09 KB)
[16-Mar-2026 09:50:22 UTC] Pages API - Method: DELETE
[16-Mar-2026 09:50:22 UTC] Pages API - clerk_user_id from request: user_3AhnQJV5XslRK9dMtMXyCieGbiA
[16-Mar-2026 09:50:22 UTC] Pages API - clerk_user_id from session: user_3AhnQJV5XslRK9dMtMXyCieGbiA
[16-Mar-2026 09:50:22 UTC] Pages API - Using clerk_user_id: user_3AhnQJV5XslRK9dMtMXyCieGbiA
[16-Mar-2026 09:50:22 UTC] Pages API - Using clerk_user_id: user_3AhnQJV5XslRK9dMtMXyCieGbiA
[16-Mar-2026 09:50:22 UTC] MySQL select query: SELECT `id` FROM `users` WHERE `clerk_user_id` = :where_clerk_user_id_0
[16-Mar-2026 09:50:22 UTC] MySQL select params: {"where_clerk_user_id_0":"user_3AhnQJV5XslRK9dMtMXyCieGbiA"}
[16-Mar-2026 09:50:22 UTC] MySQL select returned 1 rows
[16-Mar-2026 09:50:22 UTC] getUserIdFromClerkId - Query result: [{"id":2}]
[16-Mar-2026 09:50:22 UTC] Pages API - User ID from database: 2
[16-Mar-2026 09:50:22 UTC] Pages API - Success! User ID: 2
[16-Mar-2026 09:50:22 UTC] MySQL select query: SELECT `id` FROM `user_pages` WHERE `id` = :where_id_0 AND `user_id` = :where_user_id_1
[16-Mar-2026 09:50:22 UTC] MySQL select params: {"where_id_0":"b9e846d0-211c-11f1-bfcb-d85ed359730c","where_user_id_1":2}
[16-Mar-2026 09:50:22 UTC] MySQL select returned 1 rows
[16-Mar-2026 09:50:22 UTC] Successfully loaded .env from: C:\Users\Pablo\Documents\GitHub\nine-screen-canvas-flow/.env
[16-Mar-2026 09:50:22 UTC] syncClerkSession - Refreshing paid status for: ptrigol@gmail.com
[16-Mar-2026 09:50:23 UTC] Purchases database connection failed: SQLSTATE[HY000] [1045] Access denied for user 'alvarotrigo_alvarotrigo'@'79.117.116.182' (using password: YES)
[16-Mar-2026 09:50:23 UTC] Attempted connection to: host=nocn.noc-n.com, dbname=alvarotrigo_alvarotrigo, user=alvarotrigo_alvarotrigo
[16-Mar-2026 09:50:23 UTC] Error checking user paid status: Purchases database connection failed: SQLSTATE[HY000] [1045] Access denied for user 'alvarotrigo_alvarotrigo'@'79.117.116.182' (using password: YES)
[16-Mar-2026 09:50:23 UTC] MySQL select query: SELECT * FROM `users` WHERE `email` = :where_email_0 AND `pro_status_source` = :where_pro_status_source_1
[16-Mar-2026 09:50:23 UTC] MySQL select params: {"where_email_0":"ptrigol@gmail.com","where_pro_status_source_1":"polar"}
[16-Mar-2026 09:50:23 UTC] MySQL select returned 0 rows
[16-Mar-2026 09:50:23 UTC] MySQL select query: SELECT * FROM `subscriptions` WHERE `customer_email` = :where_customer_email_0 AND `status` = :where_status_1
[16-Mar-2026 09:50:23 UTC] MySQL select params: {"where_customer_email_0":"ptrigol@gmail.com","where_status_1":"active"}
[16-Mar-2026 09:50:23 UTC] MySQL select returned 0 rows
[16-Mar-2026 09:50:23 UTC] syncClerkSession - Paid status refreshed: is_paid=false
[16-Mar-2026 09:50:23 UTC] MySQL select query: SELECT `id` FROM `users` WHERE `clerk_user_id` = :where_clerk_user_id_0
[16-Mar-2026 09:50:23 UTC] MySQL select params: {"where_clerk_user_id_0":"user_3AhnQJV5XslRK9dMtMXyCieGbiA"}
[16-Mar-2026 09:50:23 UTC] MySQL select returned 1 rows
[16-Mar-2026 09:50:23 UTC] MySQL select query: SELECT * FROM `user_pages` WHERE `id` = :where_id_0 AND `user_id` = :where_user_id_1
[16-Mar-2026 09:50:23 UTC] MySQL select params: {"where_id_0":"1dcd8272-211b-11f1-bfcb-d85ed359730c","where_user_id_1":2}
[16-Mar-2026 09:50:23 UTC] MySQL select returned 1 rows
[16-Mar-2026 09:50:24 UTC] Pages API - Incoming request - Method: GET, Payload size: 0 bytes (0 KB)
[16-Mar-2026 09:50:24 UTC] Pages API - Method: GET
[16-Mar-2026 09:50:24 UTC] Pages API - clerk_user_id from request: null
[16-Mar-2026 09:50:24 UTC] Pages API - clerk_user_id from session: user_3AhnQJV5XslRK9dMtMXyCieGbiA
[16-Mar-2026 09:50:24 UTC] Pages API - Using clerk_user_id: user_3AhnQJV5XslRK9dMtMXyCieGbiA
[16-Mar-2026 09:50:24 UTC] Pages API - Using clerk_user_id: user_3AhnQJV5XslRK9dMtMXyCieGbiA
[16-Mar-2026 09:50:24 UTC] MySQL select query: SELECT `id` FROM `users` WHERE `clerk_user_id` = :where_clerk_user_id_0
[16-Mar-2026 09:50:24 UTC] MySQL select params: {"where_clerk_user_id_0":"user_3AhnQJV5XslRK9dMtMXyCieGbiA"}
[16-Mar-2026 09:50:24 UTC] MySQL select returned 1 rows
[16-Mar-2026 09:50:24 UTC] getUserIdFromClerkId - Query result: [{"id":2}]
[16-Mar-2026 09:50:24 UTC] Pages API - User ID from database: 2
[16-Mar-2026 09:50:24 UTC] Pages API - Success! User ID: 2
[16-Mar-2026 09:50:24 UTC] MySQL select query: SELECT `id`, `title`, `thumbnail_url`, `is_favorite`, `is_public`, `share_token`, `share_slug`, `last_accessed`, `created_at`, `updated_at` FROM `user_pages` WHERE `user_id` = :where_user_id_0 ORDER BY COALESCE(`last_accessed`, '1970-01-01 00:00:00') DESC
[16-Mar-2026 09:50:24 UTC] MySQL select params: {"where_user_id_0":2}
[16-Mar-2026 09:50:24 UTC] MySQL select returned 3 rows
[16-Mar-2026 09:50:28 UTC] Pages API - Incoming request - Method: GET, Payload size: 0 bytes (0 KB)
[16-Mar-2026 09:50:28 UTC] Pages API - Method: GET
[16-Mar-2026 09:50:28 UTC] Pages API - clerk_user_id from request: null
[16-Mar-2026 09:50:28 UTC] Pages API - clerk_user_id from session: user_3AhnQJV5XslRK9dMtMXyCieGbiA
[16-Mar-2026 09:50:28 UTC] Pages API - Using clerk_user_id: user_3AhnQJV5XslRK9dMtMXyCieGbiA
[16-Mar-2026 09:50:28 UTC] Pages API - Using clerk_user_id: user_3AhnQJV5XslRK9dMtMXyCieGbiA
[16-Mar-2026 09:50:28 UTC] MySQL select query: SELECT `id` FROM `users` WHERE `clerk_user_id` = :where_clerk_user_id_0
[16-Mar-2026 09:50:28 UTC] MySQL select params: {"where_clerk_user_id_0":"user_3AhnQJV5XslRK9dMtMXyCieGbiA"}
[16-Mar-2026 09:50:28 UTC] MySQL select returned 1 rows
[16-Mar-2026 09:50:28 UTC] getUserIdFromClerkId - Query result: [{"id":2}]
[16-Mar-2026 09:50:28 UTC] Pages API - User ID from database: 2
[16-Mar-2026 09:50:28 UTC] Pages API - Success! User ID: 2
[16-Mar-2026 09:50:28 UTC] MySQL select query: SELECT `id`, `title`, `thumbnail_url`, `is_favorite`, `is_public`, `share_token`, `share_slug`, `last_accessed`, `created_at`, `updated_at` FROM `user_pages` WHERE `user_id` = :where_user_id_0 ORDER BY COALESCE(`last_accessed`, '1970-01-01 00:00:00') DESC
[16-Mar-2026 09:50:28 UTC] MySQL select params: {"where_user_id_0":2}
[16-Mar-2026 09:50:28 UTC] MySQL select returned 3 rows
[16-Mar-2026 09:50:29 UTC] Pages API - Incoming request - Method: GET, Payload size: 0 bytes (0 KB)
[16-Mar-2026 09:50:29 UTC] Pages API - Method: GET
[16-Mar-2026 09:50:29 UTC] Pages API - clerk_user_id from request: null
[16-Mar-2026 09:50:29 UTC] Pages API - clerk_user_id from session: user_3AhnQJV5XslRK9dMtMXyCieGbiA
[16-Mar-2026 09:50:29 UTC] Pages API - Using clerk_user_id: user_3AhnQJV5XslRK9dMtMXyCieGbiA
[16-Mar-2026 09:50:29 UTC] Pages API - Using clerk_user_id: user_3AhnQJV5XslRK9dMtMXyCieGbiA
[16-Mar-2026 09:50:29 UTC] MySQL select query: SELECT `id` FROM `users` WHERE `clerk_user_id` = :where_clerk_user_id_0
[16-Mar-2026 09:50:29 UTC] MySQL select params: {"where_clerk_user_id_0":"user_3AhnQJV5XslRK9dMtMXyCieGbiA"}
[16-Mar-2026 09:50:29 UTC] MySQL select returned 1 rows
[16-Mar-2026 09:50:29 UTC] getUserIdFromClerkId - Query result: [{"id":2}]
[16-Mar-2026 09:50:29 UTC] Pages API - User ID from database: 2
[16-Mar-2026 09:50:29 UTC] Pages API - Success! User ID: 2
[16-Mar-2026 09:50:29 UTC] MySQL select query: SELECT `id`, `title`, `thumbnail_url`, `is_favorite`, `is_public`, `share_token`, `share_slug`, `last_accessed`, `created_at`, `updated_at` FROM `user_pages` WHERE `user_id` = :where_user_id_0 ORDER BY COALESCE(`last_accessed`, '1970-01-01 00:00:00') DESC
[16-Mar-2026 09:50:29 UTC] MySQL select params: {"where_user_id_0":2}
[16-Mar-2026 09:50:29 UTC] MySQL select returned 3 rows
[16-Mar-2026 09:50:39 UTC] Pages API - Incoming request - Method: POST, Payload size: 233 bytes (0.23 KB)
[16-Mar-2026 09:50:39 UTC] Pages API - Method: POST
[16-Mar-2026 09:50:39 UTC] Pages API - clerk_user_id from request: user_3AhnQJV5XslRK9dMtMXyCieGbiA
[16-Mar-2026 09:50:39 UTC] Pages API - clerk_user_id from session: user_3AhnQJV5XslRK9dMtMXyCieGbiA
[16-Mar-2026 09:50:39 UTC] Pages API - Using clerk_user_id: user_3AhnQJV5XslRK9dMtMXyCieGbiA
[16-Mar-2026 09:50:39 UTC] Pages API - Using clerk_user_id: user_3AhnQJV5XslRK9dMtMXyCieGbiA
[16-Mar-2026 09:50:39 UTC] MySQL select query: SELECT `id` FROM `users` WHERE `clerk_user_id` = :where_clerk_user_id_0
[16-Mar-2026 09:50:39 UTC] MySQL select params: {"where_clerk_user_id_0":"user_3AhnQJV5XslRK9dMtMXyCieGbiA"}
[16-Mar-2026 09:50:39 UTC] MySQL select returned 1 rows
[16-Mar-2026 09:50:39 UTC] getUserIdFromClerkId - Query result: [{"id":2}]
[16-Mar-2026 09:50:39 UTC] Pages API - User ID from database: 2
[16-Mar-2026 09:50:39 UTC] Pages API - Success! User ID: 2
[16-Mar-2026 09:50:39 UTC] Pages API POST - action='create', input_keys=action,title,data,clerk_user_id, raw_snippet={"action":"create","title":"Share Published","data":{"fullHtml":"","theme":"theme-light-minimal","fullpageEnabled":false
[16-Mar-2026 09:50:39 UTC] MySQL select query: SELECT * FROM `user_pages` WHERE `id` = :where_id_0
[16-Mar-2026 09:50:39 UTC] MySQL select params: {"where_id_0":"970137d5-211d-11f1-bfcb-d85ed359730c"}
[16-Mar-2026 09:50:39 UTC] MySQL select returned 1 rows
[16-Mar-2026 09:50:39 UTC] Pages API - Incoming request - Method: GET, Payload size: 0 bytes (0 KB)
[16-Mar-2026 09:50:39 UTC] Pages API - Method: GET
[16-Mar-2026 09:50:39 UTC] Pages API - clerk_user_id from request: null
[16-Mar-2026 09:50:39 UTC] Pages API - clerk_user_id from session: user_3AhnQJV5XslRK9dMtMXyCieGbiA
[16-Mar-2026 09:50:39 UTC] Pages API - Using clerk_user_id: user_3AhnQJV5XslRK9dMtMXyCieGbiA
[16-Mar-2026 09:50:39 UTC] Pages API - Using clerk_user_id: user_3AhnQJV5XslRK9dMtMXyCieGbiA
[16-Mar-2026 09:50:39 UTC] MySQL select query: SELECT `id` FROM `users` WHERE `clerk_user_id` = :where_clerk_user_id_0
[16-Mar-2026 09:50:39 UTC] MySQL select params: {"where_clerk_user_id_0":"user_3AhnQJV5XslRK9dMtMXyCieGbiA"}
[16-Mar-2026 09:50:39 UTC] MySQL select returned 1 rows
[16-Mar-2026 09:50:39 UTC] getUserIdFromClerkId - Query result: [{"id":2}]
[16-Mar-2026 09:50:39 UTC] Pages API - User ID from database: 2
[16-Mar-2026 09:50:39 UTC] Pages API - Success! User ID: 2
[16-Mar-2026 09:50:39 UTC] MySQL select query: SELECT `id`, `title`, `thumbnail_url`, `is_favorite`, `is_public`, `share_token`, `share_slug`, `last_accessed`, `created_at`, `updated_at` FROM `user_pages` WHERE `user_id` = :where_user_id_0 ORDER BY COALESCE(`last_accessed`, '1970-01-01 00:00:00') DESC
[16-Mar-2026 09:50:39 UTC] MySQL select params: {"where_user_id_0":2}
[16-Mar-2026 09:50:39 UTC] MySQL select returned 4 rows
[16-Mar-2026 09:50:40 UTC] Pages API - Incoming request - Method: GET, Payload size: 0 bytes (0 KB)
[16-Mar-2026 09:50:40 UTC] Pages API - Method: GET
[16-Mar-2026 09:50:40 UTC] Pages API - clerk_user_id from request: null
[16-Mar-2026 09:50:40 UTC] Pages API - clerk_user_id from session: user_3AhnQJV5XslRK9dMtMXyCieGbiA
[16-Mar-2026 09:50:40 UTC] Pages API - Using clerk_user_id: user_3AhnQJV5XslRK9dMtMXyCieGbiA
[16-Mar-2026 09:50:40 UTC] Pages API - Using clerk_user_id: user_3AhnQJV5XslRK9dMtMXyCieGbiA
[16-Mar-2026 09:50:40 UTC] MySQL select query: SELECT `id` FROM `users` WHERE `clerk_user_id` = :where_clerk_user_id_0
[16-Mar-2026 09:50:40 UTC] MySQL select params: {"where_clerk_user_id_0":"user_3AhnQJV5XslRK9dMtMXyCieGbiA"}
[16-Mar-2026 09:50:40 UTC] MySQL select returned 1 rows
[16-Mar-2026 09:50:40 UTC] getUserIdFromClerkId - Query result: [{"id":2}]
[16-Mar-2026 09:50:40 UTC] Pages API - User ID from database: 2
[16-Mar-2026 09:50:40 UTC] Pages API - Success! User ID: 2
[16-Mar-2026 09:50:40 UTC] MySQL select query: SELECT `id`, `title`, `thumbnail_url`, `is_favorite`, `is_public`, `share_token`, `share_slug`, `last_accessed`, `created_at`, `updated_at` FROM `user_pages` WHERE `user_id` = :where_user_id_0 ORDER BY COALESCE(`last_accessed`, '1970-01-01 00:00:00') DESC
[16-Mar-2026 09:50:40 UTC] MySQL select params: {"where_user_id_0":2}
[16-Mar-2026 09:50:40 UTC] MySQL select returned 4 rows
[16-Mar-2026 09:50:41 UTC] Pages API - Incoming request - Method: PUT, Payload size: 48,415 bytes (47.28 KB)
[16-Mar-2026 09:50:41 UTC] Pages API - Method: PUT
[16-Mar-2026 09:50:41 UTC] Pages API - clerk_user_id from request: user_3AhnQJV5XslRK9dMtMXyCieGbiA
[16-Mar-2026 09:50:41 UTC] Pages API - clerk_user_id from session: user_3AhnQJV5XslRK9dMtMXyCieGbiA
[16-Mar-2026 09:50:41 UTC] Pages API - Using clerk_user_id: user_3AhnQJV5XslRK9dMtMXyCieGbiA
[16-Mar-2026 09:50:41 UTC] Pages API - Using clerk_user_id: user_3AhnQJV5XslRK9dMtMXyCieGbiA
[16-Mar-2026 09:50:41 UTC] MySQL select query: SELECT `id` FROM `users` WHERE `clerk_user_id` = :where_clerk_user_id_0
[16-Mar-2026 09:50:41 UTC] MySQL select params: {"where_clerk_user_id_0":"user_3AhnQJV5XslRK9dMtMXyCieGbiA"}
[16-Mar-2026 09:50:41 UTC] MySQL select returned 1 rows
[16-Mar-2026 09:50:41 UTC] getUserIdFromClerkId - Query result: [{"id":2}]
[16-Mar-2026 09:50:41 UTC] Pages API - User ID from database: 2
[16-Mar-2026 09:50:41 UTC] Pages API - Success! User ID: 2
[16-Mar-2026 09:50:41 UTC] MySQL select query: SELECT `id`, `updated_at` FROM `user_pages` WHERE `id` = :where_id_0 AND `user_id` = :where_user_id_1
[16-Mar-2026 09:50:41 UTC] MySQL select params: {"where_id_0":"970137d5-211d-11f1-bfcb-d85ed359730c","where_user_id_1":2}
[16-Mar-2026 09:50:41 UTC] MySQL select returned 1 rows
[16-Mar-2026 09:50:41 UTC] MySQL update query: UPDATE `user_pages` SET `title` = :title, `data` = :data, `last_accessed` = :last_accessed, `updated_at` = :updated_at WHERE `id` = :where_id_0 AND `user_id` = :where_user_id_1
[16-Mar-2026 09:50:41 UTC] MySQL update params: {"title":"Share Published","data":"{\"fullHtml\":\"\\n                <!-- NAV -->\\n    <...[truncated]","last_accessed":"2026-03-16 09:50:41","updated_at":"2026-03-16 09:50:41","where_id_0":"970137d5-211d-11f1-bfcb-d85ed359730c","where_user_id_1":2}
[16-Mar-2026 09:50:41 UTC] MySQL update affected rows: 1
[16-Mar-2026 09:50:41 UTC] MySQL select query: SELECT * FROM `user_pages` WHERE `id` = :where_id_0 AND `user_id` = :where_user_id_1
[16-Mar-2026 09:50:41 UTC] MySQL select params: {"where_id_0":"970137d5-211d-11f1-bfcb-d85ed359730c","where_user_id_1":2}
[16-Mar-2026 09:50:41 UTC] MySQL select returned 1 rows
[16-Mar-2026 09:50:43 UTC] Pages API - Incoming request - Method: POST, Payload size: 113 bytes (0.11 KB)
[16-Mar-2026 09:50:43 UTC] Pages API - Method: POST
[16-Mar-2026 09:50:43 UTC] Pages API - clerk_user_id from request: user_3AhnQJV5XslRK9dMtMXyCieGbiA
[16-Mar-2026 09:50:43 UTC] Pages API - clerk_user_id from session: user_3AhnQJV5XslRK9dMtMXyCieGbiA
[16-Mar-2026 09:50:43 UTC] Pages API - Using clerk_user_id: user_3AhnQJV5XslRK9dMtMXyCieGbiA
[16-Mar-2026 09:50:43 UTC] Pages API - Using clerk_user_id: user_3AhnQJV5XslRK9dMtMXyCieGbiA
[16-Mar-2026 09:50:43 UTC] MySQL select query: SELECT `id` FROM `users` WHERE `clerk_user_id` = :where_clerk_user_id_0
[16-Mar-2026 09:50:43 UTC] MySQL select params: {"where_clerk_user_id_0":"user_3AhnQJV5XslRK9dMtMXyCieGbiA"}
[16-Mar-2026 09:50:43 UTC] MySQL select returned 1 rows
[16-Mar-2026 09:50:43 UTC] getUserIdFromClerkId - Query result: [{"id":2}]
[16-Mar-2026 09:50:43 UTC] Pages API - User ID from database: 2
[16-Mar-2026 09:50:43 UTC] Pages API - Success! User ID: 2
[16-Mar-2026 09:50:43 UTC] Pages API POST - action='share', input_keys=action,id,clerk_user_id, raw_snippet={"action":"share","id":"970137d5-211d-11f1-bfcb-d85ed359730c","clerk_user_id":"user_3AhnQJV5XslRK9dMtMXyCieGbiA"}
[16-Mar-2026 09:50:43 UTC] MySQL select query: SELECT `id`, `share_token`, `is_public`, `share_slug` FROM `user_pages` WHERE `id` = :where_id_0 AND `user_id` = :where_user_id_1
[16-Mar-2026 09:50:43 UTC] MySQL select params: {"where_id_0":"970137d5-211d-11f1-bfcb-d85ed359730c","where_user_id_1":2}
[16-Mar-2026 09:50:43 UTC] MySQL select returned 1 rows
[16-Mar-2026 09:50:43 UTC] MySQL update query: UPDATE `user_pages` SET `share_token` = :share_token, `is_public` = :is_public WHERE `id` = :where_id_0 AND `user_id` = :where_user_id_1
[16-Mar-2026 09:50:43 UTC] MySQL update params: {"share_token":"a8fe17b2-acea-4511-aa30-faa25ab8c100","is_public":1,"where_id_0":"970137d5-211d-11f1-bfcb-d85ed359730c","where_user_id_1":2}
[16-Mar-2026 09:50:43 UTC] MySQL update affected rows: 1
[16-Mar-2026 09:50:43 UTC] MySQL select query: SELECT * FROM `user_pages` WHERE `id` = :where_id_0 AND `user_id` = :where_user_id_1
[16-Mar-2026 09:50:43 UTC] MySQL select params: {"where_id_0":"970137d5-211d-11f1-bfcb-d85ed359730c","where_user_id_1":2}
[16-Mar-2026 09:50:43 UTC] MySQL select returned 1 rows
[16-Mar-2026 09:50:50 UTC] Pages API - Incoming request - Method: GET, Payload size: 0 bytes (0 KB)
[16-Mar-2026 09:50:50 UTC] Pages API - Method: GET
[16-Mar-2026 09:50:50 UTC] Pages API - clerk_user_id from request: null
[16-Mar-2026 09:50:50 UTC] Pages API - clerk_user_id from session: user_3AhnQJV5XslRK9dMtMXyCieGbiA
[16-Mar-2026 09:50:50 UTC] Pages API - Using clerk_user_id: user_3AhnQJV5XslRK9dMtMXyCieGbiA
[16-Mar-2026 09:50:50 UTC] Pages API - Using clerk_user_id: user_3AhnQJV5XslRK9dMtMXyCieGbiA
[16-Mar-2026 09:50:50 UTC] MySQL select query: SELECT `id` FROM `users` WHERE `clerk_user_id` = :where_clerk_user_id_0
[16-Mar-2026 09:50:50 UTC] MySQL select params: {"where_clerk_user_id_0":"user_3AhnQJV5XslRK9dMtMXyCieGbiA"}
[16-Mar-2026 09:50:50 UTC] MySQL select returned 1 rows
[16-Mar-2026 09:50:50 UTC] getUserIdFromClerkId - Query result: [{"id":2}]
[16-Mar-2026 09:50:50 UTC] Pages API - User ID from database: 2
[16-Mar-2026 09:50:50 UTC] Pages API - Success! User ID: 2
[16-Mar-2026 09:50:50 UTC] MySQL select query: SELECT `id`, `title`, `thumbnail_url`, `is_favorite`, `is_public`, `share_token`, `share_slug`, `last_accessed`, `created_at`, `updated_at` FROM `user_pages` WHERE `user_id` = :where_user_id_0 ORDER BY COALESCE(`last_accessed`, '1970-01-01 00:00:00') DESC
[16-Mar-2026 09:50:50 UTC] MySQL select params: {"where_user_id_0":2}
[16-Mar-2026 09:50:50 UTC] MySQL select returned 4 rows
[16-Mar-2026 09:50:51 UTC] Successfully loaded .env from: C:\Users\Pablo\Documents\GitHub\nine-screen-canvas-flow/.env
[16-Mar-2026 09:50:51 UTC] MySQL select query: SELECT `id` FROM `users` WHERE `clerk_user_id` = :where_clerk_user_id_0
[16-Mar-2026 09:50:51 UTC] MySQL select params: {"where_clerk_user_id_0":"user_3AhnQJV5XslRK9dMtMXyCieGbiA"}
[16-Mar-2026 09:50:51 UTC] MySQL select returned 1 rows
[16-Mar-2026 09:50:51 UTC] MySQL select query: SELECT * FROM `user_pages` WHERE `id` = :where_id_0 AND `user_id` = :where_user_id_1
[16-Mar-2026 09:50:51 UTC] MySQL select params: {"where_id_0":"1dcd8272-211b-11f1-bfcb-d85ed359730c","where_user_id_1":2}
[16-Mar-2026 09:50:51 UTC] MySQL select returned 1 rows
[16-Mar-2026 09:50:53 UTC] Pages API - Incoming request - Method: GET, Payload size: 0 bytes (0 KB)
[16-Mar-2026 09:50:53 UTC] Pages API - Method: GET
[16-Mar-2026 09:50:53 UTC] Pages API - clerk_user_id from request: null
[16-Mar-2026 09:50:53 UTC] Pages API - clerk_user_id from session: user_3AhnQJV5XslRK9dMtMXyCieGbiA
[16-Mar-2026 09:50:53 UTC] Pages API - Using clerk_user_id: user_3AhnQJV5XslRK9dMtMXyCieGbiA
[16-Mar-2026 09:50:53 UTC] Pages API - Using clerk_user_id: user_3AhnQJV5XslRK9dMtMXyCieGbiA
[16-Mar-2026 09:50:53 UTC] MySQL select query: SELECT `id` FROM `users` WHERE `clerk_user_id` = :where_clerk_user_id_0
[16-Mar-2026 09:50:53 UTC] MySQL select params: {"where_clerk_user_id_0":"user_3AhnQJV5XslRK9dMtMXyCieGbiA"}
[16-Mar-2026 09:50:53 UTC] MySQL select returned 1 rows
[16-Mar-2026 09:50:53 UTC] getUserIdFromClerkId - Query result: [{"id":2}]
[16-Mar-2026 09:50:53 UTC] Pages API - User ID from database: 2
[16-Mar-2026 09:50:53 UTC] Pages API - Success! User ID: 2
[16-Mar-2026 09:50:53 UTC] MySQL select query: SELECT `id`, `title`, `thumbnail_url`, `is_favorite`, `is_public`, `share_token`, `share_slug`, `last_accessed`, `created_at`, `updated_at` FROM `user_pages` WHERE `user_id` = :where_user_id_0 ORDER BY COALESCE(`last_accessed`, '1970-01-01 00:00:00') DESC
[16-Mar-2026 09:50:53 UTC] MySQL select params: {"where_user_id_0":2}
[16-Mar-2026 09:50:53 UTC] MySQL select returned 4 rows
[16-Mar-2026 09:50:54 UTC] Pages API - Incoming request - Method: GET, Payload size: 0 bytes (0 KB)
[16-Mar-2026 09:50:54 UTC] Pages API - Method: GET
[16-Mar-2026 09:50:54 UTC] Pages API - clerk_user_id from request: null
[16-Mar-2026 09:50:54 UTC] Pages API - clerk_user_id from session: user_3AhnQJV5XslRK9dMtMXyCieGbiA
[16-Mar-2026 09:50:54 UTC] Pages API - Using clerk_user_id: user_3AhnQJV5XslRK9dMtMXyCieGbiA
[16-Mar-2026 09:50:54 UTC] Pages API - Using clerk_user_id: user_3AhnQJV5XslRK9dMtMXyCieGbiA
[16-Mar-2026 09:50:54 UTC] MySQL select query: SELECT `id` FROM `users` WHERE `clerk_user_id` = :where_clerk_user_id_0
[16-Mar-2026 09:50:54 UTC] MySQL select params: {"where_clerk_user_id_0":"user_3AhnQJV5XslRK9dMtMXyCieGbiA"}
[16-Mar-2026 09:50:54 UTC] MySQL select returned 1 rows
[16-Mar-2026 09:50:54 UTC] getUserIdFromClerkId - Query result: [{"id":2}]
[16-Mar-2026 09:50:54 UTC] Pages API - User ID from database: 2
[16-Mar-2026 09:50:54 UTC] Pages API - Success! User ID: 2
[16-Mar-2026 09:50:54 UTC] MySQL select query: SELECT `id`, `title`, `thumbnail_url`, `is_favorite`, `is_public`, `share_token`, `share_slug`, `last_accessed`, `created_at`, `updated_at` FROM `user_pages` WHERE `user_id` = :where_user_id_0 ORDER BY COALESCE(`last_accessed`, '1970-01-01 00:00:00') DESC
[16-Mar-2026 09:50:54 UTC] MySQL select params: {"where_user_id_0":2}
[16-Mar-2026 09:50:54 UTC] MySQL select returned 4 rows
[16-Mar-2026 09:50:56 UTC] Successfully loaded .env from: C:\Users\Pablo\Documents\GitHub\nine-screen-canvas-flow/.env
[16-Mar-2026 09:50:56 UTC] MySQL select query: SELECT `id` FROM `users` WHERE `clerk_user_id` = :where_clerk_user_id_0
[16-Mar-2026 09:50:56 UTC] MySQL select params: {"where_clerk_user_id_0":"user_3AhnQJV5XslRK9dMtMXyCieGbiA"}
[16-Mar-2026 09:50:56 UTC] MySQL select returned 1 rows
[16-Mar-2026 09:50:56 UTC] MySQL select query: SELECT * FROM `user_pages` WHERE `id` = :where_id_0 AND `user_id` = :where_user_id_1
[16-Mar-2026 09:50:56 UTC] MySQL select params: {"where_id_0":"970137d5-211d-11f1-bfcb-d85ed359730c","where_user_id_1":2}
[16-Mar-2026 09:50:56 UTC] MySQL select returned 1 rows
[16-Mar-2026 09:50:58 UTC] Pages API - Incoming request - Method: GET, Payload size: 0 bytes (0 KB)
[16-Mar-2026 09:50:58 UTC] Pages API - Method: GET
[16-Mar-2026 09:50:58 UTC] Pages API - clerk_user_id from request: null
[16-Mar-2026 09:50:58 UTC] Pages API - clerk_user_id from session: user_3AhnQJV5XslRK9dMtMXyCieGbiA
[16-Mar-2026 09:50:58 UTC] Pages API - Using clerk_user_id: user_3AhnQJV5XslRK9dMtMXyCieGbiA
[16-Mar-2026 09:50:58 UTC] Pages API - Using clerk_user_id: user_3AhnQJV5XslRK9dMtMXyCieGbiA
[16-Mar-2026 09:50:58 UTC] MySQL select query: SELECT `id` FROM `users` WHERE `clerk_user_id` = :where_clerk_user_id_0
[16-Mar-2026 09:50:58 UTC] MySQL select params: {"where_clerk_user_id_0":"user_3AhnQJV5XslRK9dMtMXyCieGbiA"}
[16-Mar-2026 09:50:58 UTC] MySQL select returned 1 rows
[16-Mar-2026 09:50:58 UTC] getUserIdFromClerkId - Query result: [{"id":2}]
[16-Mar-2026 09:50:58 UTC] Pages API - User ID from database: 2
[16-Mar-2026 09:50:58 UTC] Pages API - Success! User ID: 2
[16-Mar-2026 09:50:58 UTC] MySQL select query: SELECT `id`, `title`, `thumbnail_url`, `is_favorite`, `is_public`, `share_token`, `share_slug`, `last_accessed`, `created_at`, `updated_at` FROM `user_pages` WHERE `user_id` = :where_user_id_0 ORDER BY COALESCE(`last_accessed`, '1970-01-01 00:00:00') DESC
[16-Mar-2026 09:50:58 UTC] MySQL select params: {"where_user_id_0":2}
[16-Mar-2026 09:50:58 UTC] MySQL select returned 4 rows
[16-Mar-2026 09:51:04 UTC] Pages API - Incoming request - Method: POST, Payload size: 146 bytes (0.14 KB)
[16-Mar-2026 09:51:04 UTC] Pages API - Method: POST
[16-Mar-2026 09:51:04 UTC] Pages API - clerk_user_id from request: user_3AhnQJV5XslRK9dMtMXyCieGbiA
[16-Mar-2026 09:51:04 UTC] Pages API - clerk_user_id from session: user_3AhnQJV5XslRK9dMtMXyCieGbiA
[16-Mar-2026 09:51:04 UTC] Pages API - Using clerk_user_id: user_3AhnQJV5XslRK9dMtMXyCieGbiA
[16-Mar-2026 09:51:04 UTC] Pages API - Using clerk_user_id: user_3AhnQJV5XslRK9dMtMXyCieGbiA
[16-Mar-2026 09:51:04 UTC] MySQL select query: SELECT `id` FROM `users` WHERE `clerk_user_id` = :where_clerk_user_id_0
[16-Mar-2026 09:51:04 UTC] MySQL select params: {"where_clerk_user_id_0":"user_3AhnQJV5XslRK9dMtMXyCieGbiA"}
[16-Mar-2026 09:51:04 UTC] MySQL select returned 1 rows
[16-Mar-2026 09:51:04 UTC] getUserIdFromClerkId - Query result: [{"id":2}]
[16-Mar-2026 09:51:04 UTC] Pages API - User ID from database: 2
[16-Mar-2026 09:51:04 UTC] Pages API - Success! User ID: 2
[16-Mar-2026 09:51:04 UTC] Pages API POST - action='publish-subdomain', input_keys=action,id,clerk_user_id,share_slug, raw_snippet={"action":"publish-subdomain","id":"970137d5-211d-11f1-bfcb-d85ed359730c","clerk_user_id":"user_3AhnQJV5XslRK9dMtMXyCieG
[16-Mar-2026 09:51:04 UTC] publishPageWithSubdomain - START: pageId=970137d5-211d-11f1-bfcb-d85ed359730c, userId=2, shareSlug=marzo
[16-Mar-2026 09:51:04 UTC] MySQL select query: SELECT `id`, `share_slug` FROM `user_pages` WHERE `id` = :where_id_0
[16-Mar-2026 09:51:04 UTC] MySQL select params: {"where_id_0":"970137d5-211d-11f1-bfcb-d85ed359730c"}
[16-Mar-2026 09:51:04 UTC] MySQL select returned 1 rows
[16-Mar-2026 09:51:04 UTC] publishPageWithSubdomain - Column check OK. Current share_slug for page: "NULL"
[16-Mar-2026 09:51:04 UTC] MySQL select query: SELECT `id`, `share_token`, `is_public` FROM `user_pages` WHERE `id` = :where_id_0 AND `user_id` = :where_user_id_1
[16-Mar-2026 09:51:04 UTC] MySQL select params: {"where_id_0":"970137d5-211d-11f1-bfcb-d85ed359730c","where_user_id_1":2}
[16-Mar-2026 09:51:04 UTC] MySQL select returned 1 rows
[16-Mar-2026 09:51:04 UTC] publishPageWithSubdomain - Page lookup: found id=970137d5-211d-11f1-bfcb-d85ed359730c
[16-Mar-2026 09:51:04 UTC] MySQL select query: SELECT `id` FROM `user_pages` WHERE `share_slug` = :where_share_slug_0
[16-Mar-2026 09:51:04 UTC] MySQL select params: {"where_share_slug_0":"marzo"}
[16-Mar-2026 09:51:04 UTC] MySQL select returned 0 rows
[16-Mar-2026 09:51:04 UTC] publishPageWithSubdomain - Uniqueness check for 'marzo': []
[16-Mar-2026 09:51:04 UTC] publishPageWithSubdomain - Calling UPDATE with data: {"share_slug":"marzo","is_public":1} WHERE id=970137d5-211d-11f1-bfcb-d85ed359730c, user_id=2
[16-Mar-2026 09:51:04 UTC] MySQL update query: UPDATE `user_pages` SET `share_slug` = :share_slug, `is_public` = :is_public WHERE `id` = :where_id_0 AND `user_id` = :where_user_id_1
[16-Mar-2026 09:51:04 UTC] MySQL update params: {"share_slug":"marzo","is_public":1,"where_id_0":"970137d5-211d-11f1-bfcb-d85ed359730c","where_user_id_1":2}
[16-Mar-2026 09:51:04 UTC] MySQL update affected rows: 1
[16-Mar-2026 09:51:04 UTC] MySQL select query: SELECT * FROM `user_pages` WHERE `id` = :where_id_0 AND `user_id` = :where_user_id_1
[16-Mar-2026 09:51:04 UTC] MySQL select params: {"where_id_0":"970137d5-211d-11f1-bfcb-d85ed359730c","where_user_id_1":2}
[16-Mar-2026 09:51:04 UTC] MySQL select returned 1 rows
[16-Mar-2026 09:51:04 UTC] publishPageWithSubdomain - UPDATE done. share_slug now in DB: marzo
[16-Mar-2026 09:51:04 UTC] publishPageWithSubdomain - SUCCESS: url=https://marzo.yeslovey.com
[16-Mar-2026 09:54:30 UTC] Pages API - Incoming request - Method: GET, Payload size: 0 bytes (0 KB)
[16-Mar-2026 09:54:30 UTC] Pages API - Method: GET
[16-Mar-2026 09:54:30 UTC] Pages API - clerk_user_id from request: null
[16-Mar-2026 09:54:30 UTC] Pages API - clerk_user_id from session: user_3AhnQJV5XslRK9dMtMXyCieGbiA
[16-Mar-2026 09:54:30 UTC] Pages API - Using clerk_user_id: user_3AhnQJV5XslRK9dMtMXyCieGbiA
[16-Mar-2026 09:54:30 UTC] Pages API - Using clerk_user_id: user_3AhnQJV5XslRK9dMtMXyCieGbiA
[16-Mar-2026 09:54:30 UTC] MySQL select query: SELECT `id` FROM `users` WHERE `clerk_user_id` = :where_clerk_user_id_0
[16-Mar-2026 09:54:30 UTC] MySQL select params: {"where_clerk_user_id_0":"user_3AhnQJV5XslRK9dMtMXyCieGbiA"}
[16-Mar-2026 09:54:30 UTC] MySQL select returned 1 rows
[16-Mar-2026 09:54:30 UTC] getUserIdFromClerkId - Query result: [{"id":2}]
[16-Mar-2026 09:54:30 UTC] Pages API - User ID from database: 2
[16-Mar-2026 09:54:30 UTC] Pages API - Success! User ID: 2
[16-Mar-2026 09:54:30 UTC] MySQL select query: SELECT `id`, `title`, `thumbnail_url`, `is_favorite`, `is_public`, `share_token`, `share_slug`, `last_accessed`, `created_at`, `updated_at` FROM `user_pages` WHERE `user_id` = :where_user_id_0 ORDER BY COALESCE(`last_accessed`, '1970-01-01 00:00:00') DESC
[16-Mar-2026 09:54:30 UTC] MySQL select params: {"where_user_id_0":2}
[16-Mar-2026 09:54:30 UTC] MySQL select returned 4 rows
[16-Mar-2026 09:54:34 UTC] Pages API - Incoming request - Method: PUT, Payload size: 114 bytes (0.11 KB)
[16-Mar-2026 09:54:34 UTC] Pages API - Method: PUT
[16-Mar-2026 09:54:34 UTC] Pages API - clerk_user_id from request: user_3AhnQJV5XslRK9dMtMXyCieGbiA
[16-Mar-2026 09:54:34 UTC] Pages API - clerk_user_id from session: user_3AhnQJV5XslRK9dMtMXyCieGbiA
[16-Mar-2026 09:54:34 UTC] Pages API - Using clerk_user_id: user_3AhnQJV5XslRK9dMtMXyCieGbiA
[16-Mar-2026 09:54:34 UTC] Pages API - Using clerk_user_id: user_3AhnQJV5XslRK9dMtMXyCieGbiA
[16-Mar-2026 09:54:34 UTC] MySQL select query: SELECT `id` FROM `users` WHERE `clerk_user_id` = :where_clerk_user_id_0
[16-Mar-2026 09:54:34 UTC] MySQL select params: {"where_clerk_user_id_0":"user_3AhnQJV5XslRK9dMtMXyCieGbiA"}
[16-Mar-2026 09:54:34 UTC] MySQL select returned 1 rows
[16-Mar-2026 09:54:34 UTC] getUserIdFromClerkId - Query result: [{"id":2}]
[16-Mar-2026 09:54:34 UTC] Pages API - User ID from database: 2
[16-Mar-2026 09:54:34 UTC] Pages API - Success! User ID: 2
[16-Mar-2026 09:54:34 UTC] MySQL select query: SELECT `id`, `updated_at` FROM `user_pages` WHERE `id` = :where_id_0 AND `user_id` = :where_user_id_1
[16-Mar-2026 09:54:34 UTC] MySQL select params: {"where_id_0":"970137d5-211d-11f1-bfcb-d85ed359730c","where_user_id_1":2}
[16-Mar-2026 09:54:34 UTC] MySQL select returned 1 rows
[16-Mar-2026 09:54:34 UTC] MySQL update query: UPDATE `user_pages` SET `is_public` = :is_public, `last_accessed` = :last_accessed, `updated_at` = :updated_at WHERE `id` = :where_id_0 AND `user_id` = :where_user_id_1
[16-Mar-2026 09:54:34 UTC] MySQL update params: {"is_public":0,"last_accessed":"2026-03-16 09:54:34","updated_at":"2026-03-16 09:54:34","where_id_0":"970137d5-211d-11f1-bfcb-d85ed359730c","where_user_id_1":2}
[16-Mar-2026 09:54:34 UTC] MySQL update affected rows: 1
[16-Mar-2026 09:54:34 UTC] MySQL select query: SELECT * FROM `user_pages` WHERE `id` = :where_id_0 AND `user_id` = :where_user_id_1
[16-Mar-2026 09:54:34 UTC] MySQL select params: {"where_id_0":"970137d5-211d-11f1-bfcb-d85ed359730c","where_user_id_1":2}
[16-Mar-2026 09:54:34 UTC] MySQL select returned 1 rows
[16-Mar-2026 09:54:34 UTC] Pages API - Incoming request - Method: GET, Payload size: 0 bytes (0 KB)
[16-Mar-2026 09:54:34 UTC] Pages API - Method: GET
[16-Mar-2026 09:54:34 UTC] Pages API - clerk_user_id from request: null
[16-Mar-2026 09:54:34 UTC] Pages API - clerk_user_id from session: user_3AhnQJV5XslRK9dMtMXyCieGbiA
[16-Mar-2026 09:54:34 UTC] Pages API - Using clerk_user_id: user_3AhnQJV5XslRK9dMtMXyCieGbiA
[16-Mar-2026 09:54:34 UTC] Pages API - Using clerk_user_id: user_3AhnQJV5XslRK9dMtMXyCieGbiA
[16-Mar-2026 09:54:34 UTC] MySQL select query: SELECT `id` FROM `users` WHERE `clerk_user_id` = :where_clerk_user_id_0
[16-Mar-2026 09:54:34 UTC] MySQL select params: {"where_clerk_user_id_0":"user_3AhnQJV5XslRK9dMtMXyCieGbiA"}
[16-Mar-2026 09:54:34 UTC] MySQL select returned 1 rows
[16-Mar-2026 09:54:34 UTC] getUserIdFromClerkId - Query result: [{"id":2}]
[16-Mar-2026 09:54:34 UTC] Pages API - User ID from database: 2
[16-Mar-2026 09:54:34 UTC] Pages API - Success! User ID: 2
[16-Mar-2026 09:54:34 UTC] MySQL select query: SELECT `id`, `title`, `thumbnail_url`, `is_favorite`, `is_public`, `share_token`, `share_slug`, `last_accessed`, `created_at`, `updated_at` FROM `user_pages` WHERE `user_id` = :where_user_id_0 ORDER BY COALESCE(`last_accessed`, '1970-01-01 00:00:00') DESC
[16-Mar-2026 09:54:34 UTC] MySQL select params: {"where_user_id_0":2}
[16-Mar-2026 09:54:34 UTC] MySQL select returned 4 rows
[16-Mar-2026 09:54:34 UTC] Pages API - Incoming request - Method: GET, Payload size: 0 bytes (0 KB)
[16-Mar-2026 09:54:34 UTC] Pages API - Method: GET
[16-Mar-2026 09:54:34 UTC] Pages API - clerk_user_id from request: null
[16-Mar-2026 09:54:34 UTC] Pages API - clerk_user_id from session: user_3AhnQJV5XslRK9dMtMXyCieGbiA
[16-Mar-2026 09:54:34 UTC] Pages API - Using clerk_user_id: user_3AhnQJV5XslRK9dMtMXyCieGbiA
[16-Mar-2026 09:54:34 UTC] Pages API - Using clerk_user_id: user_3AhnQJV5XslRK9dMtMXyCieGbiA
[16-Mar-2026 09:54:34 UTC] MySQL select query: SELECT `id` FROM `users` WHERE `clerk_user_id` = :where_clerk_user_id_0
[16-Mar-2026 09:54:34 UTC] MySQL select params: {"where_clerk_user_id_0":"user_3AhnQJV5XslRK9dMtMXyCieGbiA"}
[16-Mar-2026 09:54:34 UTC] MySQL select returned 1 rows
[16-Mar-2026 09:54:34 UTC] getUserIdFromClerkId - Query result: [{"id":2}]
[16-Mar-2026 09:54:34 UTC] Pages API - User ID from database: 2
[16-Mar-2026 09:54:34 UTC] Pages API - Success! User ID: 2
[16-Mar-2026 09:54:34 UTC] MySQL select query: SELECT `id`, `title`, `thumbnail_url`, `is_favorite`, `is_public`, `share_token`, `share_slug`, `last_accessed`, `created_at`, `updated_at` FROM `user_pages` WHERE `user_id` = :where_user_id_0 ORDER BY COALESCE(`last_accessed`, '1970-01-01 00:00:00') DESC
[16-Mar-2026 09:54:34 UTC] MySQL select params: {"where_user_id_0":2}
[16-Mar-2026 09:54:34 UTC] MySQL select returned 4 rows
[16-Mar-2026 09:54:38 UTC] Pages API - Incoming request - Method: POST, Payload size: 113 bytes (0.11 KB)
[16-Mar-2026 09:54:38 UTC] Pages API - Method: POST
[16-Mar-2026 09:54:38 UTC] Pages API - clerk_user_id from request: user_3AhnQJV5XslRK9dMtMXyCieGbiA
[16-Mar-2026 09:54:38 UTC] Pages API - clerk_user_id from session: user_3AhnQJV5XslRK9dMtMXyCieGbiA
[16-Mar-2026 09:54:38 UTC] Pages API - Using clerk_user_id: user_3AhnQJV5XslRK9dMtMXyCieGbiA
[16-Mar-2026 09:54:38 UTC] Pages API - Using clerk_user_id: user_3AhnQJV5XslRK9dMtMXyCieGbiA
[16-Mar-2026 09:54:38 UTC] MySQL select query: SELECT `id` FROM `users` WHERE `clerk_user_id` = :where_clerk_user_id_0
[16-Mar-2026 09:54:38 UTC] MySQL select params: {"where_clerk_user_id_0":"user_3AhnQJV5XslRK9dMtMXyCieGbiA"}
[16-Mar-2026 09:54:38 UTC] MySQL select returned 1 rows
[16-Mar-2026 09:54:38 UTC] getUserIdFromClerkId - Query result: [{"id":2}]
[16-Mar-2026 09:54:38 UTC] Pages API - User ID from database: 2
[16-Mar-2026 09:54:38 UTC] Pages API - Success! User ID: 2
[16-Mar-2026 09:54:38 UTC] Pages API POST - action='share', input_keys=action,id,clerk_user_id, raw_snippet={"action":"share","id":"970137d5-211d-11f1-bfcb-d85ed359730c","clerk_user_id":"user_3AhnQJV5XslRK9dMtMXyCieGbiA"}
[16-Mar-2026 09:54:38 UTC] MySQL select query: SELECT `id`, `share_token`, `is_public`, `share_slug` FROM `user_pages` WHERE `id` = :where_id_0 AND `user_id` = :where_user_id_1
[16-Mar-2026 09:54:38 UTC] MySQL select params: {"where_id_0":"970137d5-211d-11f1-bfcb-d85ed359730c","where_user_id_1":2}
[16-Mar-2026 09:54:38 UTC] MySQL select returned 1 rows
[16-Mar-2026 09:54:38 UTC] MySQL update query: UPDATE `user_pages` SET `is_public` = :is_public WHERE `id` = :where_id_0 AND `user_id` = :where_user_id_1
[16-Mar-2026 09:54:38 UTC] MySQL update params: {"is_public":1,"where_id_0":"970137d5-211d-11f1-bfcb-d85ed359730c","where_user_id_1":2}
[16-Mar-2026 09:54:38 UTC] MySQL update affected rows: 1
[16-Mar-2026 09:54:38 UTC] MySQL select query: SELECT * FROM `user_pages` WHERE `id` = :where_id_0 AND `user_id` = :where_user_id_1
[16-Mar-2026 09:54:38 UTC] MySQL select params: {"where_id_0":"970137d5-211d-11f1-bfcb-d85ed359730c","where_user_id_1":2}
[16-Mar-2026 09:54:38 UTC] MySQL select returned 1 rows
[16-Mar-2026 09:54:45 UTC] Pages API - Incoming request - Method: GET, Payload size: 0 bytes (0 KB)
[16-Mar-2026 09:54:45 UTC] Pages API - Method: GET
[16-Mar-2026 09:54:45 UTC] Pages API - clerk_user_id from request: null
[16-Mar-2026 09:54:45 UTC] Pages API - clerk_user_id from session: user_3AhnQJV5XslRK9dMtMXyCieGbiA
[16-Mar-2026 09:54:45 UTC] Pages API - Using clerk_user_id: user_3AhnQJV5XslRK9dMtMXyCieGbiA
[16-Mar-2026 09:54:45 UTC] Pages API - Using clerk_user_id: user_3AhnQJV5XslRK9dMtMXyCieGbiA
[16-Mar-2026 09:54:45 UTC] MySQL select query: SELECT `id` FROM `users` WHERE `clerk_user_id` = :where_clerk_user_id_0
[16-Mar-2026 09:54:45 UTC] MySQL select params: {"where_clerk_user_id_0":"user_3AhnQJV5XslRK9dMtMXyCieGbiA"}
[16-Mar-2026 09:54:45 UTC] MySQL select returned 1 rows
[16-Mar-2026 09:54:45 UTC] getUserIdFromClerkId - Query result: [{"id":2}]
[16-Mar-2026 09:54:45 UTC] Pages API - User ID from database: 2
[16-Mar-2026 09:54:45 UTC] Pages API - Success! User ID: 2
[16-Mar-2026 09:54:45 UTC] MySQL select query: SELECT `id`, `title`, `thumbnail_url`, `is_favorite`, `is_public`, `share_token`, `share_slug`, `last_accessed`, `created_at`, `updated_at` FROM `user_pages` WHERE `user_id` = :where_user_id_0 ORDER BY COALESCE(`last_accessed`, '1970-01-01 00:00:00') DESC
[16-Mar-2026 09:54:45 UTC] MySQL select params: {"where_user_id_0":2}
[16-Mar-2026 09:54:45 UTC] MySQL select returned 4 rows
[16-Mar-2026 09:54:48 UTC] Successfully loaded .env from: C:\Users\Pablo\Documents\GitHub\nine-screen-canvas-flow/.env
[16-Mar-2026 09:54:48 UTC] MySQL select query: SELECT `id` FROM `users` WHERE `clerk_user_id` = :where_clerk_user_id_0
[16-Mar-2026 09:54:48 UTC] MySQL select params: {"where_clerk_user_id_0":"user_3AhnQJV5XslRK9dMtMXyCieGbiA"}
[16-Mar-2026 09:54:48 UTC] MySQL select returned 1 rows
[16-Mar-2026 09:54:48 UTC] MySQL select query: SELECT * FROM `user_pages` WHERE `id` = :where_id_0 AND `user_id` = :where_user_id_1
[16-Mar-2026 09:54:48 UTC] MySQL select params: {"where_id_0":"970137d5-211d-11f1-bfcb-d85ed359730c","where_user_id_1":2}
[16-Mar-2026 09:54:48 UTC] MySQL select returned 1 rows
[16-Mar-2026 09:54:49 UTC] Pages API - Incoming request - Method: GET, Payload size: 0 bytes (0 KB)
[16-Mar-2026 09:54:49 UTC] Pages API - Method: GET
[16-Mar-2026 09:54:49 UTC] Pages API - clerk_user_id from request: null
[16-Mar-2026 09:54:49 UTC] Pages API - clerk_user_id from session: user_3AhnQJV5XslRK9dMtMXyCieGbiA
[16-Mar-2026 09:54:49 UTC] Pages API - Using clerk_user_id: user_3AhnQJV5XslRK9dMtMXyCieGbiA
[16-Mar-2026 09:54:49 UTC] Pages API - Using clerk_user_id: user_3AhnQJV5XslRK9dMtMXyCieGbiA
[16-Mar-2026 09:54:49 UTC] MySQL select query: SELECT `id` FROM `users` WHERE `clerk_user_id` = :where_clerk_user_id_0
[16-Mar-2026 09:54:49 UTC] MySQL select params: {"where_clerk_user_id_0":"user_3AhnQJV5XslRK9dMtMXyCieGbiA"}
[16-Mar-2026 09:54:49 UTC] MySQL select returned 1 rows
[16-Mar-2026 09:54:49 UTC] getUserIdFromClerkId - Query result: [{"id":2}]
[16-Mar-2026 09:54:49 UTC] Pages API - User ID from database: 2
[16-Mar-2026 09:54:49 UTC] Pages API - Success! User ID: 2
[16-Mar-2026 09:54:49 UTC] MySQL select query: SELECT `id`, `title`, `thumbnail_url`, `is_favorite`, `is_public`, `share_token`, `share_slug`, `last_accessed`, `created_at`, `updated_at` FROM `user_pages` WHERE `user_id` = :where_user_id_0 ORDER BY COALESCE(`last_accessed`, '1970-01-01 00:00:00') DESC
[16-Mar-2026 09:54:49 UTC] MySQL select params: {"where_user_id_0":2}
[16-Mar-2026 09:54:49 UTC] MySQL select returned 4 rows
[16-Mar-2026 09:54:51 UTC] Pages API - Incoming request - Method: GET, Payload size: 0 bytes (0 KB)
[16-Mar-2026 09:54:51 UTC] Pages API - Method: GET
[16-Mar-2026 09:54:51 UTC] Pages API - clerk_user_id from request: null
[16-Mar-2026 09:54:51 UTC] Pages API - clerk_user_id from session: user_3AhnQJV5XslRK9dMtMXyCieGbiA
[16-Mar-2026 09:54:51 UTC] Pages API - Using clerk_user_id: user_3AhnQJV5XslRK9dMtMXyCieGbiA
[16-Mar-2026 09:54:51 UTC] Pages API - Using clerk_user_id: user_3AhnQJV5XslRK9dMtMXyCieGbiA
[16-Mar-2026 09:54:51 UTC] MySQL select query: SELECT `id` FROM `users` WHERE `clerk_user_id` = :where_clerk_user_id_0
[16-Mar-2026 09:54:51 UTC] MySQL select params: {"where_clerk_user_id_0":"user_3AhnQJV5XslRK9dMtMXyCieGbiA"}
[16-Mar-2026 09:54:51 UTC] MySQL select returned 1 rows
[16-Mar-2026 09:54:51 UTC] getUserIdFromClerkId - Query result: [{"id":2}]
[16-Mar-2026 09:54:51 UTC] Pages API - User ID from database: 2
[16-Mar-2026 09:54:51 UTC] Pages API - Success! User ID: 2
[16-Mar-2026 09:54:51 UTC] MySQL select query: SELECT `id`, `title`, `thumbnail_url`, `is_favorite`, `is_public`, `share_token`, `share_slug`, `last_accessed`, `created_at`, `updated_at` FROM `user_pages` WHERE `user_id` = :where_user_id_0 ORDER BY COALESCE(`last_accessed`, '1970-01-01 00:00:00') DESC
[16-Mar-2026 09:54:51 UTC] MySQL select params: {"where_user_id_0":2}
[16-Mar-2026 09:54:51 UTC] MySQL select returned 4 rows
[16-Mar-2026 09:54:54 UTC] Pages API - Incoming request - Method: PUT, Payload size: 114 bytes (0.11 KB)
[16-Mar-2026 09:54:54 UTC] Pages API - Method: PUT
[16-Mar-2026 09:54:54 UTC] Pages API - clerk_user_id from request: user_3AhnQJV5XslRK9dMtMXyCieGbiA
[16-Mar-2026 09:54:54 UTC] Pages API - clerk_user_id from session: user_3AhnQJV5XslRK9dMtMXyCieGbiA
[16-Mar-2026 09:54:54 UTC] Pages API - Using clerk_user_id: user_3AhnQJV5XslRK9dMtMXyCieGbiA
[16-Mar-2026 09:54:54 UTC] Pages API - Using clerk_user_id: user_3AhnQJV5XslRK9dMtMXyCieGbiA
[16-Mar-2026 09:54:54 UTC] MySQL select query: SELECT `id` FROM `users` WHERE `clerk_user_id` = :where_clerk_user_id_0
[16-Mar-2026 09:54:54 UTC] MySQL select params: {"where_clerk_user_id_0":"user_3AhnQJV5XslRK9dMtMXyCieGbiA"}
[16-Mar-2026 09:54:54 UTC] MySQL select returned 1 rows
[16-Mar-2026 09:54:54 UTC] getUserIdFromClerkId - Query result: [{"id":2}]
[16-Mar-2026 09:54:54 UTC] Pages API - User ID from database: 2
[16-Mar-2026 09:54:54 UTC] Pages API - Success! User ID: 2
[16-Mar-2026 09:54:54 UTC] MySQL select query: SELECT `id`, `updated_at` FROM `user_pages` WHERE `id` = :where_id_0 AND `user_id` = :where_user_id_1
[16-Mar-2026 09:54:54 UTC] MySQL select params: {"where_id_0":"970137d5-211d-11f1-bfcb-d85ed359730c","where_user_id_1":2}
[16-Mar-2026 09:54:54 UTC] MySQL select returned 1 rows
[16-Mar-2026 09:54:54 UTC] MySQL update query: UPDATE `user_pages` SET `is_public` = :is_public, `last_accessed` = :last_accessed, `updated_at` = :updated_at WHERE `id` = :where_id_0 AND `user_id` = :where_user_id_1
[16-Mar-2026 09:54:54 UTC] MySQL update params: {"is_public":0,"last_accessed":"2026-03-16 09:54:54","updated_at":"2026-03-16 09:54:54","where_id_0":"970137d5-211d-11f1-bfcb-d85ed359730c","where_user_id_1":2}
[16-Mar-2026 09:54:54 UTC] MySQL update affected rows: 1
[16-Mar-2026 09:54:54 UTC] MySQL select query: SELECT * FROM `user_pages` WHERE `id` = :where_id_0 AND `user_id` = :where_user_id_1
[16-Mar-2026 09:54:54 UTC] MySQL select params: {"where_id_0":"970137d5-211d-11f1-bfcb-d85ed359730c","where_user_id_1":2}
[16-Mar-2026 09:54:54 UTC] MySQL select returned 1 rows
[16-Mar-2026 09:54:54 UTC] Pages API - Incoming request - Method: GET, Payload size: 0 bytes (0 KB)
[16-Mar-2026 09:54:54 UTC] Pages API - Method: GET
[16-Mar-2026 09:54:54 UTC] Pages API - clerk_user_id from request: null
[16-Mar-2026 09:54:54 UTC] Pages API - clerk_user_id from session: user_3AhnQJV5XslRK9dMtMXyCieGbiA
[16-Mar-2026 09:54:54 UTC] Pages API - Using clerk_user_id: user_3AhnQJV5XslRK9dMtMXyCieGbiA
[16-Mar-2026 09:54:54 UTC] Pages API - Using clerk_user_id: user_3AhnQJV5XslRK9dMtMXyCieGbiA
[16-Mar-2026 09:54:54 UTC] MySQL select query: SELECT `id` FROM `users` WHERE `clerk_user_id` = :where_clerk_user_id_0
[16-Mar-2026 09:54:54 UTC] MySQL select params: {"where_clerk_user_id_0":"user_3AhnQJV5XslRK9dMtMXyCieGbiA"}
[16-Mar-2026 09:54:54 UTC] MySQL select returned 1 rows
[16-Mar-2026 09:54:54 UTC] getUserIdFromClerkId - Query result: [{"id":2}]
[16-Mar-2026 09:54:54 UTC] Pages API - User ID from database: 2
[16-Mar-2026 09:54:54 UTC] Pages API - Success! User ID: 2
[16-Mar-2026 09:54:54 UTC] MySQL select query: SELECT `id`, `title`, `thumbnail_url`, `is_favorite`, `is_public`, `share_token`, `share_slug`, `last_accessed`, `created_at`, `updated_at` FROM `user_pages` WHERE `user_id` = :where_user_id_0 ORDER BY COALESCE(`last_accessed`, '1970-01-01 00:00:00') DESC
[16-Mar-2026 09:54:54 UTC] MySQL select params: {"where_user_id_0":2}
[16-Mar-2026 09:54:54 UTC] MySQL select returned 4 rows
[16-Mar-2026 09:54:54 UTC] Pages API - Incoming request - Method: GET, Payload size: 0 bytes (0 KB)
[16-Mar-2026 09:54:54 UTC] Pages API - Method: GET
[16-Mar-2026 09:54:54 UTC] Pages API - clerk_user_id from request: null
[16-Mar-2026 09:54:54 UTC] Pages API - clerk_user_id from session: user_3AhnQJV5XslRK9dMtMXyCieGbiA
[16-Mar-2026 09:54:54 UTC] Pages API - Using clerk_user_id: user_3AhnQJV5XslRK9dMtMXyCieGbiA
[16-Mar-2026 09:54:54 UTC] Pages API - Using clerk_user_id: user_3AhnQJV5XslRK9dMtMXyCieGbiA
[16-Mar-2026 09:54:54 UTC] MySQL select query: SELECT `id` FROM `users` WHERE `clerk_user_id` = :where_clerk_user_id_0
[16-Mar-2026 09:54:54 UTC] MySQL select params: {"where_clerk_user_id_0":"user_3AhnQJV5XslRK9dMtMXyCieGbiA"}
[16-Mar-2026 09:54:54 UTC] MySQL select returned 1 rows
[16-Mar-2026 09:54:54 UTC] getUserIdFromClerkId - Query result: [{"id":2}]
[16-Mar-2026 09:54:54 UTC] Pages API - User ID from database: 2
[16-Mar-2026 09:54:54 UTC] Pages API - Success! User ID: 2
[16-Mar-2026 09:54:54 UTC] MySQL select query: SELECT `id`, `title`, `thumbnail_url`, `is_favorite`, `is_public`, `share_token`, `share_slug`, `last_accessed`, `created_at`, `updated_at` FROM `user_pages` WHERE `user_id` = :where_user_id_0 ORDER BY COALESCE(`last_accessed`, '1970-01-01 00:00:00') DESC
[16-Mar-2026 09:54:54 UTC] MySQL select params: {"where_user_id_0":2}
[16-Mar-2026 09:54:54 UTC] MySQL select returned 4 rows
[16-Mar-2026 09:54:59 UTC] Pages API - Incoming request - Method: GET, Payload size: 0 bytes (0 KB)
[16-Mar-2026 09:54:59 UTC] Pages API - Method: GET
[16-Mar-2026 09:54:59 UTC] Pages API - clerk_user_id from request: null
[16-Mar-2026 09:54:59 UTC] Pages API - clerk_user_id from session: user_3AhnQJV5XslRK9dMtMXyCieGbiA
[16-Mar-2026 09:54:59 UTC] Pages API - Using clerk_user_id: user_3AhnQJV5XslRK9dMtMXyCieGbiA
[16-Mar-2026 09:54:59 UTC] Pages API - Using clerk_user_id: user_3AhnQJV5XslRK9dMtMXyCieGbiA
[16-Mar-2026 09:54:59 UTC] MySQL select query: SELECT `id` FROM `users` WHERE `clerk_user_id` = :where_clerk_user_id_0
[16-Mar-2026 09:54:59 UTC] MySQL select params: {"where_clerk_user_id_0":"user_3AhnQJV5XslRK9dMtMXyCieGbiA"}
[16-Mar-2026 09:54:59 UTC] MySQL select returned 1 rows
[16-Mar-2026 09:54:59 UTC] getUserIdFromClerkId - Query result: [{"id":2}]
[16-Mar-2026 09:54:59 UTC] Pages API - User ID from database: 2
[16-Mar-2026 09:54:59 UTC] Pages API - Success! User ID: 2
[16-Mar-2026 09:54:59 UTC] MySQL select query: SELECT `id`, `title`, `thumbnail_url`, `is_favorite`, `is_public`, `share_token`, `share_slug`, `last_accessed`, `created_at`, `updated_at` FROM `user_pages` WHERE `user_id` = :where_user_id_0 ORDER BY COALESCE(`last_accessed`, '1970-01-01 00:00:00') DESC
[16-Mar-2026 09:54:59 UTC] MySQL select params: {"where_user_id_0":2}
[16-Mar-2026 09:54:59 UTC] MySQL select returned 4 rows
[16-Mar-2026 09:55:00 UTC] Pages API - Incoming request - Method: GET, Payload size: 0 bytes (0 KB)
[16-Mar-2026 09:55:00 UTC] Pages API - Method: GET
[16-Mar-2026 09:55:00 UTC] Pages API - clerk_user_id from request: null
[16-Mar-2026 09:55:00 UTC] Pages API - clerk_user_id from session: user_3AhnQJV5XslRK9dMtMXyCieGbiA
[16-Mar-2026 09:55:00 UTC] Pages API - Using clerk_user_id: user_3AhnQJV5XslRK9dMtMXyCieGbiA
[16-Mar-2026 09:55:00 UTC] Pages API - Using clerk_user_id: user_3AhnQJV5XslRK9dMtMXyCieGbiA
[16-Mar-2026 09:55:00 UTC] MySQL select query: SELECT `id` FROM `users` WHERE `clerk_user_id` = :where_clerk_user_id_0
[16-Mar-2026 09:55:00 UTC] MySQL select params: {"where_clerk_user_id_0":"user_3AhnQJV5XslRK9dMtMXyCieGbiA"}
[16-Mar-2026 09:55:00 UTC] MySQL select returned 1 rows
[16-Mar-2026 09:55:00 UTC] getUserIdFromClerkId - Query result: [{"id":2}]
[16-Mar-2026 09:55:00 UTC] Pages API - User ID from database: 2
[16-Mar-2026 09:55:00 UTC] Pages API - Success! User ID: 2
[16-Mar-2026 09:55:00 UTC] MySQL select query: SELECT `id`, `title`, `thumbnail_url`, `is_favorite`, `is_public`, `share_token`, `share_slug`, `last_accessed`, `created_at`, `updated_at` FROM `user_pages` WHERE `user_id` = :where_user_id_0 ORDER BY COALESCE(`last_accessed`, '1970-01-01 00:00:00') DESC
[16-Mar-2026 09:55:00 UTC] MySQL select params: {"where_user_id_0":2}
[16-Mar-2026 09:55:00 UTC] MySQL select returned 4 rows
[16-Mar-2026 09:55:13 UTC] Pages API - Incoming request - Method: POST, Payload size: 230 bytes (0.22 KB)
[16-Mar-2026 09:55:13 UTC] Pages API - Method: POST
[16-Mar-2026 09:55:13 UTC] Pages API - clerk_user_id from request: user_3AhnQJV5XslRK9dMtMXyCieGbiA
[16-Mar-2026 09:55:13 UTC] Pages API - clerk_user_id from session: user_3AhnQJV5XslRK9dMtMXyCieGbiA
[16-Mar-2026 09:55:13 UTC] Pages API - Using clerk_user_id: user_3AhnQJV5XslRK9dMtMXyCieGbiA
[16-Mar-2026 09:55:13 UTC] Pages API - Using clerk_user_id: user_3AhnQJV5XslRK9dMtMXyCieGbiA
[16-Mar-2026 09:55:13 UTC] MySQL select query: SELECT `id` FROM `users` WHERE `clerk_user_id` = :where_clerk_user_id_0
[16-Mar-2026 09:55:13 UTC] MySQL select params: {"where_clerk_user_id_0":"user_3AhnQJV5XslRK9dMtMXyCieGbiA"}
[16-Mar-2026 09:55:13 UTC] MySQL select returned 1 rows
[16-Mar-2026 09:55:13 UTC] getUserIdFromClerkId - Query result: [{"id":2}]
[16-Mar-2026 09:55:13 UTC] Pages API - User ID from database: 2
[16-Mar-2026 09:55:13 UTC] Pages API - Success! User ID: 2
[16-Mar-2026 09:55:13 UTC] Pages API POST - action='create', input_keys=action,title,data,clerk_user_id, raw_snippet={"action":"create","title":"Sharepublish","data":{"fullHtml":"","theme":"theme-light-minimal","fullpageEnabled":false,"a
[16-Mar-2026 09:55:13 UTC] MySQL select query: SELECT * FROM `user_pages` WHERE `id` = :where_id_0
[16-Mar-2026 09:55:13 UTC] MySQL select params: {"where_id_0":"3a4515fe-211e-11f1-bfcb-d85ed359730c"}
[16-Mar-2026 09:55:13 UTC] MySQL select returned 1 rows
[16-Mar-2026 09:55:13 UTC] Pages API - Incoming request - Method: GET, Payload size: 0 bytes (0 KB)
[16-Mar-2026 09:55:13 UTC] Pages API - Method: GET
[16-Mar-2026 09:55:13 UTC] Pages API - clerk_user_id from request: null
[16-Mar-2026 09:55:13 UTC] Pages API - clerk_user_id from session: user_3AhnQJV5XslRK9dMtMXyCieGbiA
[16-Mar-2026 09:55:13 UTC] Pages API - Using clerk_user_id: user_3AhnQJV5XslRK9dMtMXyCieGbiA
[16-Mar-2026 09:55:13 UTC] Pages API - Using clerk_user_id: user_3AhnQJV5XslRK9dMtMXyCieGbiA
[16-Mar-2026 09:55:13 UTC] MySQL select query: SELECT `id` FROM `users` WHERE `clerk_user_id` = :where_clerk_user_id_0
[16-Mar-2026 09:55:13 UTC] MySQL select params: {"where_clerk_user_id_0":"user_3AhnQJV5XslRK9dMtMXyCieGbiA"}
[16-Mar-2026 09:55:13 UTC] MySQL select returned 1 rows
[16-Mar-2026 09:55:13 UTC] getUserIdFromClerkId - Query result: [{"id":2}]
[16-Mar-2026 09:55:13 UTC] Pages API - User ID from database: 2
[16-Mar-2026 09:55:13 UTC] Pages API - Success! User ID: 2
[16-Mar-2026 09:55:13 UTC] MySQL select query: SELECT `id`, `title`, `thumbnail_url`, `is_favorite`, `is_public`, `share_token`, `share_slug`, `last_accessed`, `created_at`, `updated_at` FROM `user_pages` WHERE `user_id` = :where_user_id_0 ORDER BY COALESCE(`last_accessed`, '1970-01-01 00:00:00') DESC
[16-Mar-2026 09:55:13 UTC] MySQL select params: {"where_user_id_0":2}
[16-Mar-2026 09:55:13 UTC] MySQL select returned 5 rows
[16-Mar-2026 09:55:14 UTC] Pages API - Incoming request - Method: GET, Payload size: 0 bytes (0 KB)
[16-Mar-2026 09:55:14 UTC] Pages API - Method: GET
[16-Mar-2026 09:55:14 UTC] Pages API - clerk_user_id from request: null
[16-Mar-2026 09:55:14 UTC] Pages API - clerk_user_id from session: user_3AhnQJV5XslRK9dMtMXyCieGbiA
[16-Mar-2026 09:55:14 UTC] Pages API - Using clerk_user_id: user_3AhnQJV5XslRK9dMtMXyCieGbiA
[16-Mar-2026 09:55:14 UTC] Pages API - Using clerk_user_id: user_3AhnQJV5XslRK9dMtMXyCieGbiA
[16-Mar-2026 09:55:14 UTC] MySQL select query: SELECT `id` FROM `users` WHERE `clerk_user_id` = :where_clerk_user_id_0
[16-Mar-2026 09:55:14 UTC] MySQL select params: {"where_clerk_user_id_0":"user_3AhnQJV5XslRK9dMtMXyCieGbiA"}
[16-Mar-2026 09:55:14 UTC] MySQL select returned 1 rows
[16-Mar-2026 09:55:14 UTC] getUserIdFromClerkId - Query result: [{"id":2}]
[16-Mar-2026 09:55:14 UTC] Pages API - User ID from database: 2
[16-Mar-2026 09:55:14 UTC] Pages API - Success! User ID: 2
[16-Mar-2026 09:55:14 UTC] MySQL select query: SELECT `id`, `title`, `thumbnail_url`, `is_favorite`, `is_public`, `share_token`, `share_slug`, `last_accessed`, `created_at`, `updated_at` FROM `user_pages` WHERE `user_id` = :where_user_id_0 ORDER BY COALESCE(`last_accessed`, '1970-01-01 00:00:00') DESC
[16-Mar-2026 09:55:14 UTC] MySQL select params: {"where_user_id_0":2}
[16-Mar-2026 09:55:14 UTC] MySQL select returned 5 rows
[16-Mar-2026 09:55:15 UTC] Pages API - Incoming request - Method: PUT, Payload size: 48,412 bytes (47.28 KB)
[16-Mar-2026 09:55:15 UTC] Pages API - Method: PUT
[16-Mar-2026 09:55:15 UTC] Pages API - clerk_user_id from request: user_3AhnQJV5XslRK9dMtMXyCieGbiA
[16-Mar-2026 09:55:15 UTC] Pages API - clerk_user_id from session: user_3AhnQJV5XslRK9dMtMXyCieGbiA
[16-Mar-2026 09:55:15 UTC] Pages API - Using clerk_user_id: user_3AhnQJV5XslRK9dMtMXyCieGbiA
[16-Mar-2026 09:55:15 UTC] Pages API - Using clerk_user_id: user_3AhnQJV5XslRK9dMtMXyCieGbiA
[16-Mar-2026 09:55:15 UTC] MySQL select query: SELECT `id` FROM `users` WHERE `clerk_user_id` = :where_clerk_user_id_0
[16-Mar-2026 09:55:15 UTC] MySQL select params: {"where_clerk_user_id_0":"user_3AhnQJV5XslRK9dMtMXyCieGbiA"}
[16-Mar-2026 09:55:15 UTC] MySQL select returned 1 rows
[16-Mar-2026 09:55:15 UTC] getUserIdFromClerkId - Query result: [{"id":2}]
[16-Mar-2026 09:55:15 UTC] Pages API - User ID from database: 2
[16-Mar-2026 09:55:15 UTC] Pages API - Success! User ID: 2
[16-Mar-2026 09:55:15 UTC] MySQL select query: SELECT `id`, `updated_at` FROM `user_pages` WHERE `id` = :where_id_0 AND `user_id` = :where_user_id_1
[16-Mar-2026 09:55:15 UTC] MySQL select params: {"where_id_0":"3a4515fe-211e-11f1-bfcb-d85ed359730c","where_user_id_1":2}
[16-Mar-2026 09:55:15 UTC] MySQL select returned 1 rows
[16-Mar-2026 09:55:15 UTC] MySQL update query: UPDATE `user_pages` SET `title` = :title, `data` = :data, `last_accessed` = :last_accessed, `updated_at` = :updated_at WHERE `id` = :where_id_0 AND `user_id` = :where_user_id_1
[16-Mar-2026 09:55:15 UTC] MySQL update params: {"title":"Sharepublish","data":"{\"fullHtml\":\"\\n                <!-- NAV -->\\n    <...[truncated]","last_accessed":"2026-03-16 09:55:15","updated_at":"2026-03-16 09:55:15","where_id_0":"3a4515fe-211e-11f1-bfcb-d85ed359730c","where_user_id_1":2}
[16-Mar-2026 09:55:15 UTC] MySQL update affected rows: 1
[16-Mar-2026 09:55:15 UTC] MySQL select query: SELECT * FROM `user_pages` WHERE `id` = :where_id_0 AND `user_id` = :where_user_id_1
[16-Mar-2026 09:55:15 UTC] MySQL select params: {"where_id_0":"3a4515fe-211e-11f1-bfcb-d85ed359730c","where_user_id_1":2}
[16-Mar-2026 09:55:15 UTC] MySQL select returned 1 rows
[16-Mar-2026 09:55:31 UTC] Pages API - Incoming request - Method: POST, Payload size: 146 bytes (0.14 KB)
[16-Mar-2026 09:55:31 UTC] Pages API - Method: POST
[16-Mar-2026 09:55:31 UTC] Pages API - clerk_user_id from request: user_3AhnQJV5XslRK9dMtMXyCieGbiA
[16-Mar-2026 09:55:31 UTC] Pages API - clerk_user_id from session: user_3AhnQJV5XslRK9dMtMXyCieGbiA
[16-Mar-2026 09:55:31 UTC] Pages API - Using clerk_user_id: user_3AhnQJV5XslRK9dMtMXyCieGbiA
[16-Mar-2026 09:55:31 UTC] Pages API - Using clerk_user_id: user_3AhnQJV5XslRK9dMtMXyCieGbiA
[16-Mar-2026 09:55:31 UTC] MySQL select query: SELECT `id` FROM `users` WHERE `clerk_user_id` = :where_clerk_user_id_0
[16-Mar-2026 09:55:31 UTC] MySQL select params: {"where_clerk_user_id_0":"user_3AhnQJV5XslRK9dMtMXyCieGbiA"}
[16-Mar-2026 09:55:31 UTC] MySQL select returned 1 rows
[16-Mar-2026 09:55:31 UTC] getUserIdFromClerkId - Query result: [{"id":2}]
[16-Mar-2026 09:55:31 UTC] Pages API - User ID from database: 2
[16-Mar-2026 09:55:31 UTC] Pages API - Success! User ID: 2
[16-Mar-2026 09:55:31 UTC] Pages API POST - action='publish-subdomain', input_keys=action,id,clerk_user_id,share_slug, raw_snippet={"action":"publish-subdomain","id":"3a4515fe-211e-11f1-bfcb-d85ed359730c","clerk_user_id":"user_3AhnQJV5XslRK9dMtMXyCieG
[16-Mar-2026 09:55:31 UTC] publishPageWithSubdomain - START: pageId=3a4515fe-211e-11f1-bfcb-d85ed359730c, userId=2, shareSlug=marzo
[16-Mar-2026 09:55:31 UTC] MySQL select query: SELECT `id`, `share_slug` FROM `user_pages` WHERE `id` = :where_id_0
[16-Mar-2026 09:55:31 UTC] MySQL select params: {"where_id_0":"3a4515fe-211e-11f1-bfcb-d85ed359730c"}
[16-Mar-2026 09:55:31 UTC] MySQL select returned 1 rows
[16-Mar-2026 09:55:31 UTC] publishPageWithSubdomain - Column check OK. Current share_slug for page: "NULL"
[16-Mar-2026 09:55:31 UTC] MySQL select query: SELECT `id`, `share_token`, `is_public` FROM `user_pages` WHERE `id` = :where_id_0 AND `user_id` = :where_user_id_1
[16-Mar-2026 09:55:31 UTC] MySQL select params: {"where_id_0":"3a4515fe-211e-11f1-bfcb-d85ed359730c","where_user_id_1":2}
[16-Mar-2026 09:55:31 UTC] MySQL select returned 1 rows
[16-Mar-2026 09:55:31 UTC] publishPageWithSubdomain - Page lookup: found id=3a4515fe-211e-11f1-bfcb-d85ed359730c
[16-Mar-2026 09:55:31 UTC] MySQL select query: SELECT `id` FROM `user_pages` WHERE `share_slug` = :where_share_slug_0
[16-Mar-2026 09:55:31 UTC] MySQL select params: {"where_share_slug_0":"marzo"}
[16-Mar-2026 09:55:31 UTC] MySQL select returned 1 rows
[16-Mar-2026 09:55:31 UTC] publishPageWithSubdomain - Uniqueness check for 'marzo': [{"id":"970137d5-211d-11f1-bfcb-d85ed359730c"}]
[16-Mar-2026 09:55:31 UTC] publishPageWithSubdomain - ERROR: The chosen website name is already in use. Please choose another one.
[16-Mar-2026 09:55:49 UTC] Pages API - Incoming request - Method: GET, Payload size: 0 bytes (0 KB)
[16-Mar-2026 09:55:49 UTC] Pages API - Method: GET
[16-Mar-2026 09:55:49 UTC] Pages API - clerk_user_id from request: null
[16-Mar-2026 09:55:49 UTC] Pages API - clerk_user_id from session: user_3AhnQJV5XslRK9dMtMXyCieGbiA
[16-Mar-2026 09:55:49 UTC] Pages API - Using clerk_user_id: user_3AhnQJV5XslRK9dMtMXyCieGbiA
[16-Mar-2026 09:55:49 UTC] Pages API - Using clerk_user_id: user_3AhnQJV5XslRK9dMtMXyCieGbiA
[16-Mar-2026 09:55:49 UTC] MySQL select query: SELECT `id` FROM `users` WHERE `clerk_user_id` = :where_clerk_user_id_0
[16-Mar-2026 09:55:49 UTC] MySQL select params: {"where_clerk_user_id_0":"user_3AhnQJV5XslRK9dMtMXyCieGbiA"}
[16-Mar-2026 09:55:49 UTC] MySQL select returned 1 rows
[16-Mar-2026 09:55:49 UTC] getUserIdFromClerkId - Query result: [{"id":2}]
[16-Mar-2026 09:55:49 UTC] Pages API - User ID from database: 2
[16-Mar-2026 09:55:49 UTC] Pages API - Success! User ID: 2
[16-Mar-2026 09:55:49 UTC] MySQL select query: SELECT `id`, `title`, `thumbnail_url`, `is_favorite`, `is_public`, `share_token`, `share_slug`, `last_accessed`, `created_at`, `updated_at` FROM `user_pages` WHERE `user_id` = :where_user_id_0 ORDER BY COALESCE(`last_accessed`, '1970-01-01 00:00:00') DESC
[16-Mar-2026 09:55:49 UTC] MySQL select params: {"where_user_id_0":2}
[16-Mar-2026 09:55:49 UTC] MySQL select returned 5 rows
[16-Mar-2026 09:55:53 UTC] Pages API - Incoming request - Method: DELETE, Payload size: 96 bytes (0.09 KB)
[16-Mar-2026 09:55:53 UTC] Pages API - Method: DELETE
[16-Mar-2026 09:55:53 UTC] Pages API - clerk_user_id from request: user_3AhnQJV5XslRK9dMtMXyCieGbiA
[16-Mar-2026 09:55:53 UTC] Pages API - clerk_user_id from session: user_3AhnQJV5XslRK9dMtMXyCieGbiA
[16-Mar-2026 09:55:53 UTC] Pages API - Using clerk_user_id: user_3AhnQJV5XslRK9dMtMXyCieGbiA
[16-Mar-2026 09:55:53 UTC] Pages API - Using clerk_user_id: user_3AhnQJV5XslRK9dMtMXyCieGbiA
[16-Mar-2026 09:55:53 UTC] MySQL select query: SELECT `id` FROM `users` WHERE `clerk_user_id` = :where_clerk_user_id_0
[16-Mar-2026 09:55:53 UTC] MySQL select params: {"where_clerk_user_id_0":"user_3AhnQJV5XslRK9dMtMXyCieGbiA"}
[16-Mar-2026 09:55:53 UTC] MySQL select returned 1 rows
[16-Mar-2026 09:55:53 UTC] getUserIdFromClerkId - Query result: [{"id":2}]
[16-Mar-2026 09:55:53 UTC] Pages API - User ID from database: 2
[16-Mar-2026 09:55:53 UTC] Pages API - Success! User ID: 2
[16-Mar-2026 09:55:53 UTC] MySQL select query: SELECT `id` FROM `user_pages` WHERE `id` = :where_id_0 AND `user_id` = :where_user_id_1
[16-Mar-2026 09:55:53 UTC] MySQL select params: {"where_id_0":"3a4515fe-211e-11f1-bfcb-d85ed359730c","where_user_id_1":2}
[16-Mar-2026 09:55:53 UTC] MySQL select returned 1 rows
[16-Mar-2026 09:55:53 UTC] Successfully loaded .env from: C:\Users\Pablo\Documents\GitHub\nine-screen-canvas-flow/.env
[16-Mar-2026 09:55:53 UTC] syncClerkSession - Refreshing paid status for: ptrigol@gmail.com
[16-Mar-2026 09:55:53 UTC] Purchases database connection failed: SQLSTATE[HY000] [1045] Access denied for user 'alvarotrigo_alvarotrigo'@'79.117.116.182' (using password: YES)
[16-Mar-2026 09:55:53 UTC] Attempted connection to: host=nocn.noc-n.com, dbname=alvarotrigo_alvarotrigo, user=alvarotrigo_alvarotrigo
[16-Mar-2026 09:55:53 UTC] Error checking user paid status: Purchases database connection failed: SQLSTATE[HY000] [1045] Access denied for user 'alvarotrigo_alvarotrigo'@'79.117.116.182' (using password: YES)
[16-Mar-2026 09:55:53 UTC] MySQL select query: SELECT * FROM `users` WHERE `email` = :where_email_0 AND `pro_status_source` = :where_pro_status_source_1
[16-Mar-2026 09:55:53 UTC] MySQL select params: {"where_email_0":"ptrigol@gmail.com","where_pro_status_source_1":"polar"}
[16-Mar-2026 09:55:53 UTC] MySQL select returned 0 rows
[16-Mar-2026 09:55:53 UTC] MySQL select query: SELECT * FROM `subscriptions` WHERE `customer_email` = :where_customer_email_0 AND `status` = :where_status_1
[16-Mar-2026 09:55:53 UTC] MySQL select params: {"where_customer_email_0":"ptrigol@gmail.com","where_status_1":"active"}
[16-Mar-2026 09:55:53 UTC] MySQL select returned 0 rows
[16-Mar-2026 09:55:53 UTC] syncClerkSession - Paid status refreshed: is_paid=false
[16-Mar-2026 09:55:53 UTC] MySQL select query: SELECT `id` FROM `users` WHERE `clerk_user_id` = :where_clerk_user_id_0
[16-Mar-2026 09:55:53 UTC] MySQL select params: {"where_clerk_user_id_0":"user_3AhnQJV5XslRK9dMtMXyCieGbiA"}
[16-Mar-2026 09:55:53 UTC] MySQL select returned 1 rows
[16-Mar-2026 09:55:53 UTC] MySQL select query: SELECT * FROM `user_pages` WHERE `id` = :where_id_0 AND `user_id` = :where_user_id_1
[16-Mar-2026 09:55:53 UTC] MySQL select params: {"where_id_0":"970137d5-211d-11f1-bfcb-d85ed359730c","where_user_id_1":2}
[16-Mar-2026 09:55:53 UTC] MySQL select returned 1 rows
[16-Mar-2026 09:55:55 UTC] Pages API - Incoming request - Method: GET, Payload size: 0 bytes (0 KB)
[16-Mar-2026 09:55:55 UTC] Pages API - Method: GET
[16-Mar-2026 09:55:55 UTC] Pages API - clerk_user_id from request: null
[16-Mar-2026 09:55:55 UTC] Pages API - clerk_user_id from session: user_3AhnQJV5XslRK9dMtMXyCieGbiA
[16-Mar-2026 09:55:55 UTC] Pages API - Using clerk_user_id: user_3AhnQJV5XslRK9dMtMXyCieGbiA
[16-Mar-2026 09:55:55 UTC] Pages API - Using clerk_user_id: user_3AhnQJV5XslRK9dMtMXyCieGbiA
[16-Mar-2026 09:55:55 UTC] MySQL select query: SELECT `id` FROM `users` WHERE `clerk_user_id` = :where_clerk_user_id_0
[16-Mar-2026 09:55:55 UTC] MySQL select params: {"where_clerk_user_id_0":"user_3AhnQJV5XslRK9dMtMXyCieGbiA"}
[16-Mar-2026 09:55:55 UTC] MySQL select returned 1 rows
[16-Mar-2026 09:55:55 UTC] getUserIdFromClerkId - Query result: [{"id":2}]
[16-Mar-2026 09:55:55 UTC] Pages API - User ID from database: 2
[16-Mar-2026 09:55:55 UTC] Pages API - Success! User ID: 2
[16-Mar-2026 09:55:55 UTC] MySQL select query: SELECT `id`, `title`, `thumbnail_url`, `is_favorite`, `is_public`, `share_token`, `share_slug`, `last_accessed`, `created_at`, `updated_at` FROM `user_pages` WHERE `user_id` = :where_user_id_0 ORDER BY COALESCE(`last_accessed`, '1970-01-01 00:00:00') DESC
[16-Mar-2026 09:55:55 UTC] MySQL select params: {"where_user_id_0":2}
[16-Mar-2026 09:55:55 UTC] MySQL select returned 4 rows
[16-Mar-2026 09:55:55 UTC] Pages API - Incoming request - Method: GET, Payload size: 0 bytes (0 KB)
[16-Mar-2026 09:55:55 UTC] Pages API - Method: GET
[16-Mar-2026 09:55:55 UTC] Pages API - clerk_user_id from request: null
[16-Mar-2026 09:55:55 UTC] Pages API - clerk_user_id from session: user_3AhnQJV5XslRK9dMtMXyCieGbiA
[16-Mar-2026 09:55:55 UTC] Pages API - Using clerk_user_id: user_3AhnQJV5XslRK9dMtMXyCieGbiA
[16-Mar-2026 09:55:55 UTC] Pages API - Using clerk_user_id: user_3AhnQJV5XslRK9dMtMXyCieGbiA
[16-Mar-2026 09:55:55 UTC] MySQL select query: SELECT `id` FROM `users` WHERE `clerk_user_id` = :where_clerk_user_id_0
[16-Mar-2026 09:55:55 UTC] MySQL select params: {"where_clerk_user_id_0":"user_3AhnQJV5XslRK9dMtMXyCieGbiA"}
[16-Mar-2026 09:55:55 UTC] MySQL select returned 1 rows
[16-Mar-2026 09:55:55 UTC] getUserIdFromClerkId - Query result: [{"id":2}]
[16-Mar-2026 09:55:55 UTC] Pages API - User ID from database: 2
[16-Mar-2026 09:55:55 UTC] Pages API - Success! User ID: 2
[16-Mar-2026 09:55:55 UTC] MySQL select query: SELECT `id`, `title`, `thumbnail_url`, `is_favorite`, `is_public`, `share_token`, `share_slug`, `last_accessed`, `created_at`, `updated_at` FROM `user_pages` WHERE `user_id` = :where_user_id_0 ORDER BY COALESCE(`last_accessed`, '1970-01-01 00:00:00') DESC
[16-Mar-2026 09:55:55 UTC] MySQL select params: {"where_user_id_0":2}
[16-Mar-2026 09:55:55 UTC] MySQL select returned 4 rows
[16-Mar-2026 09:55:57 UTC] Pages API - Incoming request - Method: DELETE, Payload size: 96 bytes (0.09 KB)
[16-Mar-2026 09:55:57 UTC] Pages API - Method: DELETE
[16-Mar-2026 09:55:57 UTC] Pages API - clerk_user_id from request: user_3AhnQJV5XslRK9dMtMXyCieGbiA
[16-Mar-2026 09:55:57 UTC] Pages API - clerk_user_id from session: user_3AhnQJV5XslRK9dMtMXyCieGbiA
[16-Mar-2026 09:55:57 UTC] Pages API - Using clerk_user_id: user_3AhnQJV5XslRK9dMtMXyCieGbiA
[16-Mar-2026 09:55:57 UTC] Pages API - Using clerk_user_id: user_3AhnQJV5XslRK9dMtMXyCieGbiA
[16-Mar-2026 09:55:57 UTC] MySQL select query: SELECT `id` FROM `users` WHERE `clerk_user_id` = :where_clerk_user_id_0
[16-Mar-2026 09:55:57 UTC] MySQL select params: {"where_clerk_user_id_0":"user_3AhnQJV5XslRK9dMtMXyCieGbiA"}
[16-Mar-2026 09:55:57 UTC] MySQL select returned 1 rows
[16-Mar-2026 09:55:57 UTC] getUserIdFromClerkId - Query result: [{"id":2}]
[16-Mar-2026 09:55:57 UTC] Pages API - User ID from database: 2
[16-Mar-2026 09:55:57 UTC] Pages API - Success! User ID: 2
[16-Mar-2026 09:55:57 UTC] MySQL select query: SELECT `id` FROM `user_pages` WHERE `id` = :where_id_0 AND `user_id` = :where_user_id_1
[16-Mar-2026 09:55:57 UTC] MySQL select params: {"where_id_0":"970137d5-211d-11f1-bfcb-d85ed359730c","where_user_id_1":2}
[16-Mar-2026 09:55:57 UTC] MySQL select returned 1 rows
[16-Mar-2026 09:55:57 UTC] Successfully loaded .env from: C:\Users\Pablo\Documents\GitHub\nine-screen-canvas-flow/.env
[16-Mar-2026 09:55:57 UTC] MySQL select query: SELECT `id` FROM `users` WHERE `clerk_user_id` = :where_clerk_user_id_0
[16-Mar-2026 09:55:57 UTC] MySQL select params: {"where_clerk_user_id_0":"user_3AhnQJV5XslRK9dMtMXyCieGbiA"}
[16-Mar-2026 09:55:57 UTC] MySQL select returned 1 rows
[16-Mar-2026 09:55:57 UTC] MySQL select query: SELECT * FROM `user_pages` WHERE `id` = :where_id_0 AND `user_id` = :where_user_id_1
[16-Mar-2026 09:55:57 UTC] MySQL select params: {"where_id_0":"1dcd8272-211b-11f1-bfcb-d85ed359730c","where_user_id_1":2}
[16-Mar-2026 09:55:57 UTC] MySQL select returned 1 rows
[16-Mar-2026 09:55:59 UTC] Pages API - Incoming request - Method: GET, Payload size: 0 bytes (0 KB)
[16-Mar-2026 09:55:59 UTC] Pages API - Method: GET
[16-Mar-2026 09:55:59 UTC] Pages API - clerk_user_id from request: null
[16-Mar-2026 09:55:59 UTC] Pages API - clerk_user_id from session: user_3AhnQJV5XslRK9dMtMXyCieGbiA
[16-Mar-2026 09:55:59 UTC] Pages API - Using clerk_user_id: user_3AhnQJV5XslRK9dMtMXyCieGbiA
[16-Mar-2026 09:55:59 UTC] Pages API - Using clerk_user_id: user_3AhnQJV5XslRK9dMtMXyCieGbiA
[16-Mar-2026 09:55:59 UTC] MySQL select query: SELECT `id` FROM `users` WHERE `clerk_user_id` = :where_clerk_user_id_0
[16-Mar-2026 09:55:59 UTC] MySQL select params: {"where_clerk_user_id_0":"user_3AhnQJV5XslRK9dMtMXyCieGbiA"}
[16-Mar-2026 09:55:59 UTC] MySQL select returned 1 rows
[16-Mar-2026 09:55:59 UTC] getUserIdFromClerkId - Query result: [{"id":2}]
[16-Mar-2026 09:55:59 UTC] Pages API - User ID from database: 2
[16-Mar-2026 09:55:59 UTC] Pages API - Success! User ID: 2
[16-Mar-2026 09:55:59 UTC] MySQL select query: SELECT `id`, `title`, `thumbnail_url`, `is_favorite`, `is_public`, `share_token`, `share_slug`, `last_accessed`, `created_at`, `updated_at` FROM `user_pages` WHERE `user_id` = :where_user_id_0 ORDER BY COALESCE(`last_accessed`, '1970-01-01 00:00:00') DESC
[16-Mar-2026 09:55:59 UTC] MySQL select params: {"where_user_id_0":2}
[16-Mar-2026 09:55:59 UTC] MySQL select returned 3 rows
[16-Mar-2026 09:56:00 UTC] Pages API - Incoming request - Method: GET, Payload size: 0 bytes (0 KB)
[16-Mar-2026 09:56:00 UTC] Pages API - Method: GET
[16-Mar-2026 09:56:00 UTC] Pages API - clerk_user_id from request: null
[16-Mar-2026 09:56:00 UTC] Pages API - clerk_user_id from session: user_3AhnQJV5XslRK9dMtMXyCieGbiA
[16-Mar-2026 09:56:00 UTC] Pages API - Using clerk_user_id: user_3AhnQJV5XslRK9dMtMXyCieGbiA
[16-Mar-2026 09:56:00 UTC] Pages API - Using clerk_user_id: user_3AhnQJV5XslRK9dMtMXyCieGbiA
[16-Mar-2026 09:56:00 UTC] MySQL select query: SELECT `id` FROM `users` WHERE `clerk_user_id` = :where_clerk_user_id_0
[16-Mar-2026 09:56:00 UTC] MySQL select params: {"where_clerk_user_id_0":"user_3AhnQJV5XslRK9dMtMXyCieGbiA"}
[16-Mar-2026 09:56:00 UTC] MySQL select returned 1 rows
[16-Mar-2026 09:56:00 UTC] getUserIdFromClerkId - Query result: [{"id":2}]
[16-Mar-2026 09:56:00 UTC] Pages API - User ID from database: 2
[16-Mar-2026 09:56:00 UTC] Pages API - Success! User ID: 2
[16-Mar-2026 09:56:00 UTC] MySQL select query: SELECT `id`, `title`, `thumbnail_url`, `is_favorite`, `is_public`, `share_token`, `share_slug`, `last_accessed`, `created_at`, `updated_at` FROM `user_pages` WHERE `user_id` = :where_user_id_0 ORDER BY COALESCE(`last_accessed`, '1970-01-01 00:00:00') DESC
[16-Mar-2026 09:56:00 UTC] MySQL select params: {"where_user_id_0":2}
[16-Mar-2026 09:56:00 UTC] MySQL select returned 3 rows
[16-Mar-2026 09:56:02 UTC] Pages API - Incoming request - Method: DELETE, Payload size: 96 bytes (0.09 KB)
[16-Mar-2026 09:56:02 UTC] Pages API - Method: DELETE
[16-Mar-2026 09:56:02 UTC] Pages API - clerk_user_id from request: user_3AhnQJV5XslRK9dMtMXyCieGbiA
[16-Mar-2026 09:56:02 UTC] Pages API - clerk_user_id from session: user_3AhnQJV5XslRK9dMtMXyCieGbiA
[16-Mar-2026 09:56:02 UTC] Pages API - Using clerk_user_id: user_3AhnQJV5XslRK9dMtMXyCieGbiA
[16-Mar-2026 09:56:02 UTC] Pages API - Using clerk_user_id: user_3AhnQJV5XslRK9dMtMXyCieGbiA
[16-Mar-2026 09:56:02 UTC] MySQL select query: SELECT `id` FROM `users` WHERE `clerk_user_id` = :where_clerk_user_id_0
[16-Mar-2026 09:56:02 UTC] MySQL select params: {"where_clerk_user_id_0":"user_3AhnQJV5XslRK9dMtMXyCieGbiA"}
[16-Mar-2026 09:56:02 UTC] MySQL select returned 1 rows
[16-Mar-2026 09:56:02 UTC] getUserIdFromClerkId - Query result: [{"id":2}]
[16-Mar-2026 09:56:02 UTC] Pages API - User ID from database: 2
[16-Mar-2026 09:56:02 UTC] Pages API - Success! User ID: 2
[16-Mar-2026 09:56:02 UTC] MySQL select query: SELECT `id` FROM `user_pages` WHERE `id` = :where_id_0 AND `user_id` = :where_user_id_1
[16-Mar-2026 09:56:02 UTC] MySQL select params: {"where_id_0":"1dcd8272-211b-11f1-bfcb-d85ed359730c","where_user_id_1":2}
[16-Mar-2026 09:56:02 UTC] MySQL select returned 1 rows
[16-Mar-2026 09:56:02 UTC] Successfully loaded .env from: C:\Users\Pablo\Documents\GitHub\nine-screen-canvas-flow/.env
[16-Mar-2026 09:56:02 UTC] MySQL select query: SELECT `id` FROM `users` WHERE `clerk_user_id` = :where_clerk_user_id_0
[16-Mar-2026 09:56:02 UTC] MySQL select params: {"where_clerk_user_id_0":"user_3AhnQJV5XslRK9dMtMXyCieGbiA"}
[16-Mar-2026 09:56:02 UTC] MySQL select returned 1 rows
[16-Mar-2026 09:56:02 UTC] MySQL select query: SELECT * FROM `user_pages` WHERE `id` = :where_id_0 AND `user_id` = :where_user_id_1
[16-Mar-2026 09:56:02 UTC] MySQL select params: {"where_id_0":"dde44853-1c76-11f1-929a-d85ed359730c","where_user_id_1":2}
[16-Mar-2026 09:56:02 UTC] MySQL select returned 1 rows
[16-Mar-2026 09:56:03 UTC] Pages API - Incoming request - Method: GET, Payload size: 0 bytes (0 KB)
[16-Mar-2026 09:56:03 UTC] Pages API - Method: GET
[16-Mar-2026 09:56:03 UTC] Pages API - clerk_user_id from request: null
[16-Mar-2026 09:56:03 UTC] Pages API - clerk_user_id from session: user_3AhnQJV5XslRK9dMtMXyCieGbiA
[16-Mar-2026 09:56:03 UTC] Pages API - Using clerk_user_id: user_3AhnQJV5XslRK9dMtMXyCieGbiA
[16-Mar-2026 09:56:03 UTC] Pages API - Using clerk_user_id: user_3AhnQJV5XslRK9dMtMXyCieGbiA
[16-Mar-2026 09:56:03 UTC] MySQL select query: SELECT `id` FROM `users` WHERE `clerk_user_id` = :where_clerk_user_id_0
[16-Mar-2026 09:56:03 UTC] MySQL select params: {"where_clerk_user_id_0":"user_3AhnQJV5XslRK9dMtMXyCieGbiA"}
[16-Mar-2026 09:56:03 UTC] MySQL select returned 1 rows
[16-Mar-2026 09:56:03 UTC] getUserIdFromClerkId - Query result: [{"id":2}]
[16-Mar-2026 09:56:03 UTC] Pages API - User ID from database: 2
[16-Mar-2026 09:56:03 UTC] Pages API - Success! User ID: 2
[16-Mar-2026 09:56:03 UTC] MySQL select query: SELECT `id`, `title`, `thumbnail_url`, `is_favorite`, `is_public`, `share_token`, `share_slug`, `last_accessed`, `created_at`, `updated_at` FROM `user_pages` WHERE `user_id` = :where_user_id_0 ORDER BY COALESCE(`last_accessed`, '1970-01-01 00:00:00') DESC
[16-Mar-2026 09:56:03 UTC] MySQL select params: {"where_user_id_0":2}
[16-Mar-2026 09:56:03 UTC] MySQL select returned 2 rows
[16-Mar-2026 09:56:04 UTC] Pages API - Incoming request - Method: GET, Payload size: 0 bytes (0 KB)
[16-Mar-2026 09:56:04 UTC] Pages API - Method: GET
[16-Mar-2026 09:56:04 UTC] Pages API - clerk_user_id from request: null
[16-Mar-2026 09:56:04 UTC] Pages API - clerk_user_id from session: user_3AhnQJV5XslRK9dMtMXyCieGbiA
[16-Mar-2026 09:56:04 UTC] Pages API - Using clerk_user_id: user_3AhnQJV5XslRK9dMtMXyCieGbiA
[16-Mar-2026 09:56:04 UTC] Pages API - Using clerk_user_id: user_3AhnQJV5XslRK9dMtMXyCieGbiA
[16-Mar-2026 09:56:04 UTC] MySQL select query: SELECT `id` FROM `users` WHERE `clerk_user_id` = :where_clerk_user_id_0
[16-Mar-2026 09:56:04 UTC] MySQL select params: {"where_clerk_user_id_0":"user_3AhnQJV5XslRK9dMtMXyCieGbiA"}
[16-Mar-2026 09:56:04 UTC] MySQL select returned 1 rows
[16-Mar-2026 09:56:04 UTC] getUserIdFromClerkId - Query result: [{"id":2}]
[16-Mar-2026 09:56:04 UTC] Pages API - User ID from database: 2
[16-Mar-2026 09:56:04 UTC] Pages API - Success! User ID: 2
[16-Mar-2026 09:56:05 UTC] MySQL select query: SELECT `id`, `title`, `thumbnail_url`, `is_favorite`, `is_public`, `share_token`, `share_slug`, `last_accessed`, `created_at`, `updated_at` FROM `user_pages` WHERE `user_id` = :where_user_id_0 ORDER BY COALESCE(`last_accessed`, '1970-01-01 00:00:00') DESC
[16-Mar-2026 09:56:05 UTC] MySQL select params: {"where_user_id_0":2}
[16-Mar-2026 09:56:05 UTC] MySQL select returned 2 rows
[16-Mar-2026 09:56:05 UTC] Pages API - Incoming request - Method: GET, Payload size: 0 bytes (0 KB)
[16-Mar-2026 09:56:05 UTC] Pages API - Method: GET
[16-Mar-2026 09:56:05 UTC] Pages API - clerk_user_id from request: null
[16-Mar-2026 09:56:05 UTC] Pages API - clerk_user_id from session: user_3AhnQJV5XslRK9dMtMXyCieGbiA
[16-Mar-2026 09:56:05 UTC] Pages API - Using clerk_user_id: user_3AhnQJV5XslRK9dMtMXyCieGbiA
[16-Mar-2026 09:56:05 UTC] Pages API - Using clerk_user_id: user_3AhnQJV5XslRK9dMtMXyCieGbiA
[16-Mar-2026 09:56:05 UTC] MySQL select query: SELECT `id` FROM `users` WHERE `clerk_user_id` = :where_clerk_user_id_0
[16-Mar-2026 09:56:05 UTC] MySQL select params: {"where_clerk_user_id_0":"user_3AhnQJV5XslRK9dMtMXyCieGbiA"}
[16-Mar-2026 09:56:05 UTC] MySQL select returned 1 rows
[16-Mar-2026 09:56:05 UTC] getUserIdFromClerkId - Query result: [{"id":2}]
[16-Mar-2026 09:56:05 UTC] Pages API - User ID from database: 2
[16-Mar-2026 09:56:05 UTC] Pages API - Success! User ID: 2
[16-Mar-2026 09:56:05 UTC] MySQL select query: SELECT `id`, `title`, `thumbnail_url`, `is_favorite`, `is_public`, `share_token`, `share_slug`, `last_accessed`, `created_at`, `updated_at` FROM `user_pages` WHERE `user_id` = :where_user_id_0 ORDER BY COALESCE(`last_accessed`, '1970-01-01 00:00:00') DESC
[16-Mar-2026 09:56:05 UTC] MySQL select params: {"where_user_id_0":2}
[16-Mar-2026 09:56:05 UTC] MySQL select returned 2 rows
[16-Mar-2026 09:56:16 UTC] Pages API - Incoming request - Method: POST, Payload size: 223 bytes (0.22 KB)
[16-Mar-2026 09:56:16 UTC] Pages API - Method: POST
[16-Mar-2026 09:56:16 UTC] Pages API - clerk_user_id from request: user_3AhnQJV5XslRK9dMtMXyCieGbiA
[16-Mar-2026 09:56:16 UTC] Pages API - clerk_user_id from session: user_3AhnQJV5XslRK9dMtMXyCieGbiA
[16-Mar-2026 09:56:16 UTC] Pages API - Using clerk_user_id: user_3AhnQJV5XslRK9dMtMXyCieGbiA
[16-Mar-2026 09:56:16 UTC] Pages API - Using clerk_user_id: user_3AhnQJV5XslRK9dMtMXyCieGbiA
[16-Mar-2026 09:56:16 UTC] MySQL select query: SELECT `id` FROM `users` WHERE `clerk_user_id` = :where_clerk_user_id_0
[16-Mar-2026 09:56:16 UTC] MySQL select params: {"where_clerk_user_id_0":"user_3AhnQJV5XslRK9dMtMXyCieGbiA"}
[16-Mar-2026 09:56:16 UTC] MySQL select returned 1 rows
[16-Mar-2026 09:56:16 UTC] getUserIdFromClerkId - Query result: [{"id":2}]
[16-Mar-2026 09:56:16 UTC] Pages API - User ID from database: 2
[16-Mar-2026 09:56:16 UTC] Pages API - Success! User ID: 2
[16-Mar-2026 09:56:16 UTC] Pages API POST - action='create', input_keys=action,title,data,clerk_user_id, raw_snippet={"action":"create","title":"Nueva","data":{"fullHtml":"","theme":"theme-light-minimal","fullpageEnabled":false,"animatio
[16-Mar-2026 09:56:16 UTC] MySQL select query: SELECT * FROM `user_pages` WHERE `id` = :where_id_0
[16-Mar-2026 09:56:16 UTC] MySQL select params: {"where_id_0":"5fd277f3-211e-11f1-bfcb-d85ed359730c"}
[16-Mar-2026 09:56:16 UTC] MySQL select returned 1 rows
[16-Mar-2026 09:56:16 UTC] Pages API - Incoming request - Method: GET, Payload size: 0 bytes (0 KB)
[16-Mar-2026 09:56:16 UTC] Pages API - Method: GET
[16-Mar-2026 09:56:16 UTC] Pages API - clerk_user_id from request: null
[16-Mar-2026 09:56:16 UTC] Pages API - clerk_user_id from session: user_3AhnQJV5XslRK9dMtMXyCieGbiA
[16-Mar-2026 09:56:16 UTC] Pages API - Using clerk_user_id: user_3AhnQJV5XslRK9dMtMXyCieGbiA
[16-Mar-2026 09:56:16 UTC] Pages API - Using clerk_user_id: user_3AhnQJV5XslRK9dMtMXyCieGbiA
[16-Mar-2026 09:56:16 UTC] MySQL select query: SELECT `id` FROM `users` WHERE `clerk_user_id` = :where_clerk_user_id_0
[16-Mar-2026 09:56:16 UTC] MySQL select params: {"where_clerk_user_id_0":"user_3AhnQJV5XslRK9dMtMXyCieGbiA"}
[16-Mar-2026 09:56:16 UTC] MySQL select returned 1 rows
[16-Mar-2026 09:56:16 UTC] getUserIdFromClerkId - Query result: [{"id":2}]
[16-Mar-2026 09:56:16 UTC] Pages API - User ID from database: 2
[16-Mar-2026 09:56:16 UTC] Pages API - Success! User ID: 2
[16-Mar-2026 09:56:16 UTC] MySQL select query: SELECT `id`, `title`, `thumbnail_url`, `is_favorite`, `is_public`, `share_token`, `share_slug`, `last_accessed`, `created_at`, `updated_at` FROM `user_pages` WHERE `user_id` = :where_user_id_0 ORDER BY COALESCE(`last_accessed`, '1970-01-01 00:00:00') DESC
[16-Mar-2026 09:56:16 UTC] MySQL select params: {"where_user_id_0":2}
[16-Mar-2026 09:56:16 UTC] MySQL select returned 3 rows
[16-Mar-2026 09:56:18 UTC] Pages API - Incoming request - Method: GET, Payload size: 0 bytes (0 KB)
[16-Mar-2026 09:56:18 UTC] Pages API - Method: GET
[16-Mar-2026 09:56:18 UTC] Pages API - clerk_user_id from request: null
[16-Mar-2026 09:56:18 UTC] Pages API - clerk_user_id from session: user_3AhnQJV5XslRK9dMtMXyCieGbiA
[16-Mar-2026 09:56:18 UTC] Pages API - Using clerk_user_id: user_3AhnQJV5XslRK9dMtMXyCieGbiA
[16-Mar-2026 09:56:18 UTC] Pages API - Using clerk_user_id: user_3AhnQJV5XslRK9dMtMXyCieGbiA
[16-Mar-2026 09:56:18 UTC] MySQL select query: SELECT `id` FROM `users` WHERE `clerk_user_id` = :where_clerk_user_id_0
[16-Mar-2026 09:56:18 UTC] MySQL select params: {"where_clerk_user_id_0":"user_3AhnQJV5XslRK9dMtMXyCieGbiA"}
[16-Mar-2026 09:56:18 UTC] MySQL select returned 1 rows
[16-Mar-2026 09:56:18 UTC] getUserIdFromClerkId - Query result: [{"id":2}]
[16-Mar-2026 09:56:18 UTC] Pages API - User ID from database: 2
[16-Mar-2026 09:56:18 UTC] Pages API - Success! User ID: 2
[16-Mar-2026 09:56:18 UTC] MySQL select query: SELECT `id`, `title`, `thumbnail_url`, `is_favorite`, `is_public`, `share_token`, `share_slug`, `last_accessed`, `created_at`, `updated_at` FROM `user_pages` WHERE `user_id` = :where_user_id_0 ORDER BY COALESCE(`last_accessed`, '1970-01-01 00:00:00') DESC
[16-Mar-2026 09:56:18 UTC] MySQL select params: {"where_user_id_0":2}
[16-Mar-2026 09:56:18 UTC] MySQL select returned 3 rows
[16-Mar-2026 09:56:18 UTC] Pages API - Incoming request - Method: PUT, Payload size: 48,398 bytes (47.26 KB)
[16-Mar-2026 09:56:18 UTC] Pages API - Method: PUT
[16-Mar-2026 09:56:18 UTC] Pages API - clerk_user_id from request: user_3AhnQJV5XslRK9dMtMXyCieGbiA
[16-Mar-2026 09:56:18 UTC] Pages API - clerk_user_id from session: user_3AhnQJV5XslRK9dMtMXyCieGbiA
[16-Mar-2026 09:56:18 UTC] Pages API - Using clerk_user_id: user_3AhnQJV5XslRK9dMtMXyCieGbiA
[16-Mar-2026 09:56:18 UTC] Pages API - Using clerk_user_id: user_3AhnQJV5XslRK9dMtMXyCieGbiA
[16-Mar-2026 09:56:18 UTC] MySQL select query: SELECT `id` FROM `users` WHERE `clerk_user_id` = :where_clerk_user_id_0
[16-Mar-2026 09:56:18 UTC] MySQL select params: {"where_clerk_user_id_0":"user_3AhnQJV5XslRK9dMtMXyCieGbiA"}
[16-Mar-2026 09:56:18 UTC] MySQL select returned 1 rows
[16-Mar-2026 09:56:18 UTC] getUserIdFromClerkId - Query result: [{"id":2}]
[16-Mar-2026 09:56:18 UTC] Pages API - User ID from database: 2
[16-Mar-2026 09:56:18 UTC] Pages API - Success! User ID: 2
[16-Mar-2026 09:56:18 UTC] MySQL select query: SELECT `id`, `updated_at` FROM `user_pages` WHERE `id` = :where_id_0 AND `user_id` = :where_user_id_1
[16-Mar-2026 09:56:18 UTC] MySQL select params: {"where_id_0":"5fd277f3-211e-11f1-bfcb-d85ed359730c","where_user_id_1":2}
[16-Mar-2026 09:56:18 UTC] MySQL select returned 1 rows
[16-Mar-2026 09:56:18 UTC] MySQL update query: UPDATE `user_pages` SET `title` = :title, `data` = :data, `last_accessed` = :last_accessed, `updated_at` = :updated_at WHERE `id` = :where_id_0 AND `user_id` = :where_user_id_1
[16-Mar-2026 09:56:18 UTC] MySQL update params: {"title":"Nueva","data":"{\"fullHtml\":\"\\n                <!-- NAV -->\\n    <...[truncated]","last_accessed":"2026-03-16 09:56:18","updated_at":"2026-03-16 09:56:18","where_id_0":"5fd277f3-211e-11f1-bfcb-d85ed359730c","where_user_id_1":2}
[16-Mar-2026 09:56:18 UTC] MySQL update affected rows: 1
[16-Mar-2026 09:56:18 UTC] MySQL select query: SELECT * FROM `user_pages` WHERE `id` = :where_id_0 AND `user_id` = :where_user_id_1
[16-Mar-2026 09:56:18 UTC] MySQL select params: {"where_id_0":"5fd277f3-211e-11f1-bfcb-d85ed359730c","where_user_id_1":2}
[16-Mar-2026 09:56:18 UTC] MySQL select returned 1 rows
[16-Mar-2026 09:57:23 UTC] Pages API - Incoming request - Method: POST, Payload size: 113 bytes (0.11 KB)
[16-Mar-2026 09:57:23 UTC] Pages API - Method: POST
[16-Mar-2026 09:57:23 UTC] Pages API - clerk_user_id from request: user_3AhnQJV5XslRK9dMtMXyCieGbiA
[16-Mar-2026 09:57:23 UTC] Pages API - clerk_user_id from session: user_3AhnQJV5XslRK9dMtMXyCieGbiA
[16-Mar-2026 09:57:23 UTC] Pages API - Using clerk_user_id: user_3AhnQJV5XslRK9dMtMXyCieGbiA
[16-Mar-2026 09:57:23 UTC] Pages API - Using clerk_user_id: user_3AhnQJV5XslRK9dMtMXyCieGbiA
[16-Mar-2026 09:57:23 UTC] MySQL select query: SELECT `id` FROM `users` WHERE `clerk_user_id` = :where_clerk_user_id_0
[16-Mar-2026 09:57:23 UTC] MySQL select params: {"where_clerk_user_id_0":"user_3AhnQJV5XslRK9dMtMXyCieGbiA"}
[16-Mar-2026 09:57:23 UTC] MySQL select returned 1 rows
[16-Mar-2026 09:57:23 UTC] getUserIdFromClerkId - Query result: [{"id":2}]
[16-Mar-2026 09:57:23 UTC] Pages API - User ID from database: 2
[16-Mar-2026 09:57:23 UTC] Pages API - Success! User ID: 2
[16-Mar-2026 09:57:23 UTC] Pages API POST - action='share', input_keys=action,id,clerk_user_id, raw_snippet={"action":"share","id":"5fd277f3-211e-11f1-bfcb-d85ed359730c","clerk_user_id":"user_3AhnQJV5XslRK9dMtMXyCieGbiA"}
[16-Mar-2026 09:57:23 UTC] MySQL select query: SELECT `id`, `share_token`, `is_public`, `share_slug` FROM `user_pages` WHERE `id` = :where_id_0 AND `user_id` = :where_user_id_1
[16-Mar-2026 09:57:23 UTC] MySQL select params: {"where_id_0":"5fd277f3-211e-11f1-bfcb-d85ed359730c","where_user_id_1":2}
[16-Mar-2026 09:57:23 UTC] MySQL select returned 1 rows
[16-Mar-2026 09:57:23 UTC] MySQL update query: UPDATE `user_pages` SET `share_token` = :share_token, `is_public` = :is_public WHERE `id` = :where_id_0 AND `user_id` = :where_user_id_1
[16-Mar-2026 09:57:23 UTC] MySQL update params: {"share_token":"fd30d430-9308-41ba-9914-d1365224862f","is_public":1,"where_id_0":"5fd277f3-211e-11f1-bfcb-d85ed359730c","where_user_id_1":2}
[16-Mar-2026 09:57:23 UTC] MySQL update affected rows: 1
[16-Mar-2026 09:57:23 UTC] MySQL select query: SELECT * FROM `user_pages` WHERE `id` = :where_id_0 AND `user_id` = :where_user_id_1
[16-Mar-2026 09:57:23 UTC] MySQL select params: {"where_id_0":"5fd277f3-211e-11f1-bfcb-d85ed359730c","where_user_id_1":2}
[16-Mar-2026 09:57:23 UTC] MySQL select returned 1 rows
[16-Mar-2026 09:57:58 UTC] Pages API - Incoming request - Method: GET, Payload size: 0 bytes (0 KB)
[16-Mar-2026 09:57:58 UTC] Pages API - Method: GET
[16-Mar-2026 09:57:58 UTC] Pages API - clerk_user_id from request: null
[16-Mar-2026 09:57:58 UTC] Pages API - clerk_user_id from session: user_3AhnQJV5XslRK9dMtMXyCieGbiA
[16-Mar-2026 09:57:58 UTC] Pages API - Using clerk_user_id: user_3AhnQJV5XslRK9dMtMXyCieGbiA
[16-Mar-2026 09:57:58 UTC] Pages API - Using clerk_user_id: user_3AhnQJV5XslRK9dMtMXyCieGbiA
[16-Mar-2026 09:57:58 UTC] MySQL select query: SELECT `id` FROM `users` WHERE `clerk_user_id` = :where_clerk_user_id_0
[16-Mar-2026 09:57:58 UTC] MySQL select params: {"where_clerk_user_id_0":"user_3AhnQJV5XslRK9dMtMXyCieGbiA"}
[16-Mar-2026 09:57:58 UTC] MySQL select returned 1 rows
[16-Mar-2026 09:57:58 UTC] getUserIdFromClerkId - Query result: [{"id":2}]
[16-Mar-2026 09:57:58 UTC] Pages API - User ID from database: 2
[16-Mar-2026 09:57:58 UTC] Pages API - Success! User ID: 2
[16-Mar-2026 09:57:58 UTC] MySQL select query: SELECT `id`, `title`, `thumbnail_url`, `is_favorite`, `is_public`, `share_token`, `share_slug`, `last_accessed`, `created_at`, `updated_at` FROM `user_pages` WHERE `user_id` = :where_user_id_0 ORDER BY COALESCE(`last_accessed`, '1970-01-01 00:00:00') DESC
[16-Mar-2026 09:57:58 UTC] MySQL select params: {"where_user_id_0":2}
[16-Mar-2026 09:57:58 UTC] MySQL select returned 3 rows
[16-Mar-2026 09:58:00 UTC] Successfully loaded .env from: C:\Users\Pablo\Documents\GitHub\nine-screen-canvas-flow/.env
[16-Mar-2026 09:58:00 UTC] MySQL select query: SELECT `id` FROM `users` WHERE `clerk_user_id` = :where_clerk_user_id_0
[16-Mar-2026 09:58:00 UTC] MySQL select params: {"where_clerk_user_id_0":"user_3AhnQJV5XslRK9dMtMXyCieGbiA"}
[16-Mar-2026 09:58:00 UTC] MySQL select returned 1 rows
[16-Mar-2026 09:58:00 UTC] MySQL select query: SELECT * FROM `user_pages` WHERE `id` = :where_id_0 AND `user_id` = :where_user_id_1
[16-Mar-2026 09:58:00 UTC] MySQL select params: {"where_id_0":"6599637d-1ec0-11f1-8378-d85ed359730c","where_user_id_1":2}
[16-Mar-2026 09:58:00 UTC] MySQL select returned 1 rows
[16-Mar-2026 09:58:02 UTC] Pages API - Incoming request - Method: GET, Payload size: 0 bytes (0 KB)
[16-Mar-2026 09:58:02 UTC] Pages API - Method: GET
[16-Mar-2026 09:58:02 UTC] Pages API - clerk_user_id from request: null
[16-Mar-2026 09:58:02 UTC] Pages API - clerk_user_id from session: user_3AhnQJV5XslRK9dMtMXyCieGbiA
[16-Mar-2026 09:58:02 UTC] Pages API - Using clerk_user_id: user_3AhnQJV5XslRK9dMtMXyCieGbiA
[16-Mar-2026 09:58:02 UTC] Pages API - Using clerk_user_id: user_3AhnQJV5XslRK9dMtMXyCieGbiA
[16-Mar-2026 09:58:02 UTC] MySQL select query: SELECT `id` FROM `users` WHERE `clerk_user_id` = :where_clerk_user_id_0
[16-Mar-2026 09:58:02 UTC] MySQL select params: {"where_clerk_user_id_0":"user_3AhnQJV5XslRK9dMtMXyCieGbiA"}
[16-Mar-2026 09:58:02 UTC] MySQL select returned 1 rows
[16-Mar-2026 09:58:02 UTC] getUserIdFromClerkId - Query result: [{"id":2}]
[16-Mar-2026 09:58:02 UTC] Pages API - User ID from database: 2
[16-Mar-2026 09:58:02 UTC] Pages API - Success! User ID: 2
[16-Mar-2026 09:58:02 UTC] MySQL select query: SELECT `id`, `title`, `thumbnail_url`, `is_favorite`, `is_public`, `share_token`, `share_slug`, `last_accessed`, `created_at`, `updated_at` FROM `user_pages` WHERE `user_id` = :where_user_id_0 ORDER BY COALESCE(`last_accessed`, '1970-01-01 00:00:00') DESC
[16-Mar-2026 09:58:02 UTC] MySQL select params: {"where_user_id_0":2}
[16-Mar-2026 09:58:02 UTC] MySQL select returned 3 rows
[16-Mar-2026 09:58:04 UTC] Pages API - Incoming request - Method: POST, Payload size: 113 bytes (0.11 KB)
[16-Mar-2026 09:58:04 UTC] Pages API - Method: POST
[16-Mar-2026 09:58:04 UTC] Pages API - clerk_user_id from request: user_3AhnQJV5XslRK9dMtMXyCieGbiA
[16-Mar-2026 09:58:04 UTC] Pages API - clerk_user_id from session: user_3AhnQJV5XslRK9dMtMXyCieGbiA
[16-Mar-2026 09:58:04 UTC] Pages API - Using clerk_user_id: user_3AhnQJV5XslRK9dMtMXyCieGbiA
[16-Mar-2026 09:58:04 UTC] Pages API - Using clerk_user_id: user_3AhnQJV5XslRK9dMtMXyCieGbiA
[16-Mar-2026 09:58:04 UTC] MySQL select query: SELECT `id` FROM `users` WHERE `clerk_user_id` = :where_clerk_user_id_0
[16-Mar-2026 09:58:04 UTC] MySQL select params: {"where_clerk_user_id_0":"user_3AhnQJV5XslRK9dMtMXyCieGbiA"}
[16-Mar-2026 09:58:04 UTC] MySQL select returned 1 rows
[16-Mar-2026 09:58:04 UTC] getUserIdFromClerkId - Query result: [{"id":2}]
[16-Mar-2026 09:58:04 UTC] Pages API - User ID from database: 2
[16-Mar-2026 09:58:04 UTC] Pages API - Success! User ID: 2
[16-Mar-2026 09:58:04 UTC] Pages API POST - action='share', input_keys=action,id,clerk_user_id, raw_snippet={"action":"share","id":"6599637d-1ec0-11f1-8378-d85ed359730c","clerk_user_id":"user_3AhnQJV5XslRK9dMtMXyCieGbiA"}
[16-Mar-2026 09:58:04 UTC] MySQL select query: SELECT `id`, `share_token`, `is_public`, `share_slug` FROM `user_pages` WHERE `id` = :where_id_0 AND `user_id` = :where_user_id_1
[16-Mar-2026 09:58:04 UTC] MySQL select params: {"where_id_0":"6599637d-1ec0-11f1-8378-d85ed359730c","where_user_id_1":2}
[16-Mar-2026 09:58:04 UTC] MySQL select returned 1 rows
[16-Mar-2026 09:58:10 UTC] Pages API - Incoming request - Method: GET, Payload size: 0 bytes (0 KB)
[16-Mar-2026 09:58:10 UTC] Pages API - Method: GET
[16-Mar-2026 09:58:10 UTC] Pages API - clerk_user_id from request: null
[16-Mar-2026 09:58:10 UTC] Pages API - clerk_user_id from session: user_3AhnQJV5XslRK9dMtMXyCieGbiA
[16-Mar-2026 09:58:10 UTC] Pages API - Using clerk_user_id: user_3AhnQJV5XslRK9dMtMXyCieGbiA
[16-Mar-2026 09:58:10 UTC] Pages API - Using clerk_user_id: user_3AhnQJV5XslRK9dMtMXyCieGbiA
[16-Mar-2026 09:58:10 UTC] MySQL select query: SELECT `id` FROM `users` WHERE `clerk_user_id` = :where_clerk_user_id_0
[16-Mar-2026 09:58:10 UTC] MySQL select params: {"where_clerk_user_id_0":"user_3AhnQJV5XslRK9dMtMXyCieGbiA"}
[16-Mar-2026 09:58:10 UTC] MySQL select returned 1 rows
[16-Mar-2026 09:58:10 UTC] getUserIdFromClerkId - Query result: [{"id":2}]
[16-Mar-2026 09:58:10 UTC] Pages API - User ID from database: 2
[16-Mar-2026 09:58:10 UTC] Pages API - Success! User ID: 2
[16-Mar-2026 09:58:10 UTC] MySQL select query: SELECT `id`, `title`, `thumbnail_url`, `is_favorite`, `is_public`, `share_token`, `share_slug`, `last_accessed`, `created_at`, `updated_at` FROM `user_pages` WHERE `user_id` = :where_user_id_0 ORDER BY COALESCE(`last_accessed`, '1970-01-01 00:00:00') DESC
[16-Mar-2026 09:58:10 UTC] MySQL select params: {"where_user_id_0":2}
[16-Mar-2026 09:58:10 UTC] MySQL select returned 3 rows
[16-Mar-2026 09:58:12 UTC] Successfully loaded .env from: C:\Users\Pablo\Documents\GitHub\nine-screen-canvas-flow/.env
[16-Mar-2026 09:58:12 UTC] MySQL select query: SELECT `id` FROM `users` WHERE `clerk_user_id` = :where_clerk_user_id_0
[16-Mar-2026 09:58:12 UTC] MySQL select params: {"where_clerk_user_id_0":"user_3AhnQJV5XslRK9dMtMXyCieGbiA"}
[16-Mar-2026 09:58:12 UTC] MySQL select returned 1 rows
[16-Mar-2026 09:58:12 UTC] MySQL select query: SELECT * FROM `user_pages` WHERE `id` = :where_id_0 AND `user_id` = :where_user_id_1
[16-Mar-2026 09:58:12 UTC] MySQL select params: {"where_id_0":"5fd277f3-211e-11f1-bfcb-d85ed359730c","where_user_id_1":2}
[16-Mar-2026 09:58:12 UTC] MySQL select returned 1 rows
[16-Mar-2026 09:58:13 UTC] Pages API - Incoming request - Method: GET, Payload size: 0 bytes (0 KB)
[16-Mar-2026 09:58:13 UTC] Pages API - Method: GET
[16-Mar-2026 09:58:13 UTC] Pages API - clerk_user_id from request: null
[16-Mar-2026 09:58:13 UTC] Pages API - clerk_user_id from session: user_3AhnQJV5XslRK9dMtMXyCieGbiA
[16-Mar-2026 09:58:13 UTC] Pages API - Using clerk_user_id: user_3AhnQJV5XslRK9dMtMXyCieGbiA
[16-Mar-2026 09:58:13 UTC] Pages API - Using clerk_user_id: user_3AhnQJV5XslRK9dMtMXyCieGbiA
[16-Mar-2026 09:58:13 UTC] MySQL select query: SELECT `id` FROM `users` WHERE `clerk_user_id` = :where_clerk_user_id_0
[16-Mar-2026 09:58:13 UTC] MySQL select params: {"where_clerk_user_id_0":"user_3AhnQJV5XslRK9dMtMXyCieGbiA"}
[16-Mar-2026 09:58:13 UTC] MySQL select returned 1 rows
[16-Mar-2026 09:58:13 UTC] getUserIdFromClerkId - Query result: [{"id":2}]
[16-Mar-2026 09:58:13 UTC] Pages API - User ID from database: 2
[16-Mar-2026 09:58:13 UTC] Pages API - Success! User ID: 2
[16-Mar-2026 09:58:13 UTC] MySQL select query: SELECT `id`, `title`, `thumbnail_url`, `is_favorite`, `is_public`, `share_token`, `share_slug`, `last_accessed`, `created_at`, `updated_at` FROM `user_pages` WHERE `user_id` = :where_user_id_0 ORDER BY COALESCE(`last_accessed`, '1970-01-01 00:00:00') DESC
[16-Mar-2026 09:58:13 UTC] MySQL select params: {"where_user_id_0":2}
[16-Mar-2026 09:58:13 UTC] MySQL select returned 3 rows
[16-Mar-2026 09:58:22 UTC] Pages API - Incoming request - Method: POST, Payload size: 146 bytes (0.14 KB)
[16-Mar-2026 09:58:22 UTC] Pages API - Method: POST
[16-Mar-2026 09:58:22 UTC] Pages API - clerk_user_id from request: user_3AhnQJV5XslRK9dMtMXyCieGbiA
[16-Mar-2026 09:58:22 UTC] Pages API - clerk_user_id from session: user_3AhnQJV5XslRK9dMtMXyCieGbiA
[16-Mar-2026 09:58:22 UTC] Pages API - Using clerk_user_id: user_3AhnQJV5XslRK9dMtMXyCieGbiA
[16-Mar-2026 09:58:22 UTC] Pages API - Using clerk_user_id: user_3AhnQJV5XslRK9dMtMXyCieGbiA
[16-Mar-2026 09:58:22 UTC] MySQL select query: SELECT `id` FROM `users` WHERE `clerk_user_id` = :where_clerk_user_id_0
[16-Mar-2026 09:58:22 UTC] MySQL select params: {"where_clerk_user_id_0":"user_3AhnQJV5XslRK9dMtMXyCieGbiA"}
[16-Mar-2026 09:58:22 UTC] MySQL select returned 1 rows
[16-Mar-2026 09:58:22 UTC] getUserIdFromClerkId - Query result: [{"id":2}]
[16-Mar-2026 09:58:22 UTC] Pages API - User ID from database: 2
[16-Mar-2026 09:58:22 UTC] Pages API - Success! User ID: 2
[16-Mar-2026 09:58:22 UTC] Pages API POST - action='publish-subdomain', input_keys=action,id,clerk_user_id,share_slug, raw_snippet={"action":"publish-subdomain","id":"5fd277f3-211e-11f1-bfcb-d85ed359730c","clerk_user_id":"user_3AhnQJV5XslRK9dMtMXyCieG
[16-Mar-2026 09:58:22 UTC] publishPageWithSubdomain - START: pageId=5fd277f3-211e-11f1-bfcb-d85ed359730c, userId=2, shareSlug=nueva
[16-Mar-2026 09:58:22 UTC] MySQL select query: SELECT `id`, `share_slug` FROM `user_pages` WHERE `id` = :where_id_0
[16-Mar-2026 09:58:22 UTC] MySQL select params: {"where_id_0":"5fd277f3-211e-11f1-bfcb-d85ed359730c"}
[16-Mar-2026 09:58:22 UTC] MySQL select returned 1 rows
[16-Mar-2026 09:58:22 UTC] publishPageWithSubdomain - Column check OK. Current share_slug for page: "NULL"
[16-Mar-2026 09:58:22 UTC] MySQL select query: SELECT `id`, `share_token`, `is_public` FROM `user_pages` WHERE `id` = :where_id_0 AND `user_id` = :where_user_id_1
[16-Mar-2026 09:58:22 UTC] MySQL select params: {"where_id_0":"5fd277f3-211e-11f1-bfcb-d85ed359730c","where_user_id_1":2}
[16-Mar-2026 09:58:22 UTC] MySQL select returned 1 rows
[16-Mar-2026 09:58:22 UTC] publishPageWithSubdomain - Page lookup: found id=5fd277f3-211e-11f1-bfcb-d85ed359730c
[16-Mar-2026 09:58:22 UTC] MySQL select query: SELECT `id` FROM `user_pages` WHERE `share_slug` = :where_share_slug_0
[16-Mar-2026 09:58:22 UTC] MySQL select params: {"where_share_slug_0":"nueva"}
[16-Mar-2026 09:58:22 UTC] MySQL select returned 0 rows
[16-Mar-2026 09:58:22 UTC] publishPageWithSubdomain - Uniqueness check for 'nueva': []
[16-Mar-2026 09:58:22 UTC] publishPageWithSubdomain - Calling UPDATE with data: {"share_slug":"nueva","is_public":1} WHERE id=5fd277f3-211e-11f1-bfcb-d85ed359730c, user_id=2
[16-Mar-2026 09:58:22 UTC] MySQL update query: UPDATE `user_pages` SET `share_slug` = :share_slug, `is_public` = :is_public WHERE `id` = :where_id_0 AND `user_id` = :where_user_id_1
[16-Mar-2026 09:58:22 UTC] MySQL update params: {"share_slug":"nueva","is_public":1,"where_id_0":"5fd277f3-211e-11f1-bfcb-d85ed359730c","where_user_id_1":2}
[16-Mar-2026 09:58:22 UTC] MySQL update affected rows: 1
[16-Mar-2026 09:58:22 UTC] MySQL select query: SELECT * FROM `user_pages` WHERE `id` = :where_id_0 AND `user_id` = :where_user_id_1
[16-Mar-2026 09:58:22 UTC] MySQL select params: {"where_id_0":"5fd277f3-211e-11f1-bfcb-d85ed359730c","where_user_id_1":2}
[16-Mar-2026 09:58:22 UTC] MySQL select returned 1 rows
[16-Mar-2026 09:58:22 UTC] publishPageWithSubdomain - UPDATE done. share_slug now in DB: nueva
[16-Mar-2026 09:58:22 UTC] publishPageWithSubdomain - SUCCESS: url=https://nueva.yeslovey.com
[16-Mar-2026 10:01:59 UTC] Pages API - Incoming request - Method: GET, Payload size: 0 bytes (0 KB)
[16-Mar-2026 10:01:59 UTC] Pages API - Method: GET
[16-Mar-2026 10:01:59 UTC] Pages API - clerk_user_id from request: null
[16-Mar-2026 10:01:59 UTC] Pages API - clerk_user_id from session: user_3AhnQJV5XslRK9dMtMXyCieGbiA
[16-Mar-2026 10:01:59 UTC] Pages API - Using clerk_user_id: user_3AhnQJV5XslRK9dMtMXyCieGbiA
[16-Mar-2026 10:01:59 UTC] Pages API - Using clerk_user_id: user_3AhnQJV5XslRK9dMtMXyCieGbiA
[16-Mar-2026 10:01:59 UTC] MySQL select query: SELECT `id` FROM `users` WHERE `clerk_user_id` = :where_clerk_user_id_0
[16-Mar-2026 10:01:59 UTC] MySQL select params: {"where_clerk_user_id_0":"user_3AhnQJV5XslRK9dMtMXyCieGbiA"}
[16-Mar-2026 10:01:59 UTC] MySQL select returned 1 rows
[16-Mar-2026 10:01:59 UTC] getUserIdFromClerkId - Query result: [{"id":2}]
[16-Mar-2026 10:01:59 UTC] Pages API - User ID from database: 2
[16-Mar-2026 10:01:59 UTC] Pages API - Success! User ID: 2
[16-Mar-2026 10:01:59 UTC] MySQL select query: SELECT `id`, `title`, `thumbnail_url`, `is_favorite`, `is_public`, `share_token`, `share_slug`, `last_accessed`, `created_at`, `updated_at` FROM `user_pages` WHERE `user_id` = :where_user_id_0 ORDER BY COALESCE(`last_accessed`, '1970-01-01 00:00:00') DESC
[16-Mar-2026 10:01:59 UTC] MySQL select params: {"where_user_id_0":2}
[16-Mar-2026 10:01:59 UTC] MySQL select returned 3 rows
[16-Mar-2026 10:02:04 UTC] Pages API - Incoming request - Method: PUT, Payload size: 114 bytes (0.11 KB)
[16-Mar-2026 10:02:04 UTC] Pages API - Method: PUT
[16-Mar-2026 10:02:04 UTC] Pages API - clerk_user_id from request: user_3AhnQJV5XslRK9dMtMXyCieGbiA
[16-Mar-2026 10:02:04 UTC] Pages API - clerk_user_id from session: user_3AhnQJV5XslRK9dMtMXyCieGbiA
[16-Mar-2026 10:02:04 UTC] Pages API - Using clerk_user_id: user_3AhnQJV5XslRK9dMtMXyCieGbiA
[16-Mar-2026 10:02:04 UTC] Pages API - Using clerk_user_id: user_3AhnQJV5XslRK9dMtMXyCieGbiA
[16-Mar-2026 10:02:04 UTC] MySQL select query: SELECT `id` FROM `users` WHERE `clerk_user_id` = :where_clerk_user_id_0
[16-Mar-2026 10:02:04 UTC] MySQL select params: {"where_clerk_user_id_0":"user_3AhnQJV5XslRK9dMtMXyCieGbiA"}
[16-Mar-2026 10:02:04 UTC] MySQL select returned 1 rows
[16-Mar-2026 10:02:04 UTC] getUserIdFromClerkId - Query result: [{"id":2}]
[16-Mar-2026 10:02:04 UTC] Pages API - User ID from database: 2
[16-Mar-2026 10:02:04 UTC] Pages API - Success! User ID: 2
[16-Mar-2026 10:02:04 UTC] MySQL select query: SELECT `id`, `updated_at` FROM `user_pages` WHERE `id` = :where_id_0 AND `user_id` = :where_user_id_1
[16-Mar-2026 10:02:04 UTC] MySQL select params: {"where_id_0":"5fd277f3-211e-11f1-bfcb-d85ed359730c","where_user_id_1":2}
[16-Mar-2026 10:02:04 UTC] MySQL select returned 1 rows
[16-Mar-2026 10:02:04 UTC] MySQL update query: UPDATE `user_pages` SET `is_public` = :is_public, `last_accessed` = :last_accessed, `updated_at` = :updated_at WHERE `id` = :where_id_0 AND `user_id` = :where_user_id_1
[16-Mar-2026 10:02:04 UTC] MySQL update params: {"is_public":0,"last_accessed":"2026-03-16 10:02:04","updated_at":"2026-03-16 10:02:04","where_id_0":"5fd277f3-211e-11f1-bfcb-d85ed359730c","where_user_id_1":2}
[16-Mar-2026 10:02:04 UTC] MySQL update affected rows: 1
[16-Mar-2026 10:02:04 UTC] MySQL select query: SELECT * FROM `user_pages` WHERE `id` = :where_id_0 AND `user_id` = :where_user_id_1
[16-Mar-2026 10:02:04 UTC] MySQL select params: {"where_id_0":"5fd277f3-211e-11f1-bfcb-d85ed359730c","where_user_id_1":2}
[16-Mar-2026 10:02:04 UTC] MySQL select returned 1 rows
[16-Mar-2026 10:02:04 UTC] Pages API - Incoming request - Method: GET, Payload size: 0 bytes (0 KB)
[16-Mar-2026 10:02:04 UTC] Pages API - Method: GET
[16-Mar-2026 10:02:04 UTC] Pages API - clerk_user_id from request: null
[16-Mar-2026 10:02:04 UTC] Pages API - clerk_user_id from session: user_3AhnQJV5XslRK9dMtMXyCieGbiA
[16-Mar-2026 10:02:04 UTC] Pages API - Using clerk_user_id: user_3AhnQJV5XslRK9dMtMXyCieGbiA
[16-Mar-2026 10:02:04 UTC] Pages API - Using clerk_user_id: user_3AhnQJV5XslRK9dMtMXyCieGbiA
[16-Mar-2026 10:02:04 UTC] MySQL select query: SELECT `id` FROM `users` WHERE `clerk_user_id` = :where_clerk_user_id_0
[16-Mar-2026 10:02:04 UTC] MySQL select params: {"where_clerk_user_id_0":"user_3AhnQJV5XslRK9dMtMXyCieGbiA"}
[16-Mar-2026 10:02:04 UTC] MySQL select returned 1 rows
[16-Mar-2026 10:02:04 UTC] getUserIdFromClerkId - Query result: [{"id":2}]
[16-Mar-2026 10:02:04 UTC] Pages API - User ID from database: 2
[16-Mar-2026 10:02:04 UTC] Pages API - Success! User ID: 2
[16-Mar-2026 10:02:04 UTC] MySQL select query: SELECT `id`, `title`, `thumbnail_url`, `is_favorite`, `is_public`, `share_token`, `share_slug`, `last_accessed`, `created_at`, `updated_at` FROM `user_pages` WHERE `user_id` = :where_user_id_0 ORDER BY COALESCE(`last_accessed`, '1970-01-01 00:00:00') DESC
[16-Mar-2026 10:02:04 UTC] MySQL select params: {"where_user_id_0":2}
[16-Mar-2026 10:02:04 UTC] MySQL select returned 3 rows
[16-Mar-2026 10:02:04 UTC] Pages API - Incoming request - Method: GET, Payload size: 0 bytes (0 KB)
[16-Mar-2026 10:02:04 UTC] Pages API - Method: GET
[16-Mar-2026 10:02:04 UTC] Pages API - clerk_user_id from request: null
[16-Mar-2026 10:02:04 UTC] Pages API - clerk_user_id from session: user_3AhnQJV5XslRK9dMtMXyCieGbiA
[16-Mar-2026 10:02:04 UTC] Pages API - Using clerk_user_id: user_3AhnQJV5XslRK9dMtMXyCieGbiA
[16-Mar-2026 10:02:04 UTC] Pages API - Using clerk_user_id: user_3AhnQJV5XslRK9dMtMXyCieGbiA
[16-Mar-2026 10:02:04 UTC] MySQL select query: SELECT `id` FROM `users` WHERE `clerk_user_id` = :where_clerk_user_id_0
[16-Mar-2026 10:02:04 UTC] MySQL select params: {"where_clerk_user_id_0":"user_3AhnQJV5XslRK9dMtMXyCieGbiA"}
[16-Mar-2026 10:02:04 UTC] MySQL select returned 1 rows
[16-Mar-2026 10:02:04 UTC] getUserIdFromClerkId - Query result: [{"id":2}]
[16-Mar-2026 10:02:04 UTC] Pages API - User ID from database: 2
[16-Mar-2026 10:02:04 UTC] Pages API - Success! User ID: 2
[16-Mar-2026 10:02:04 UTC] MySQL select query: SELECT `id`, `title`, `thumbnail_url`, `is_favorite`, `is_public`, `share_token`, `share_slug`, `last_accessed`, `created_at`, `updated_at` FROM `user_pages` WHERE `user_id` = :where_user_id_0 ORDER BY COALESCE(`last_accessed`, '1970-01-01 00:00:00') DESC
[16-Mar-2026 10:02:04 UTC] MySQL select params: {"where_user_id_0":2}
[16-Mar-2026 10:02:04 UTC] MySQL select returned 3 rows
[16-Mar-2026 10:02:05 UTC] Pages API - Incoming request - Method: GET, Payload size: 0 bytes (0 KB)
[16-Mar-2026 10:02:05 UTC] Pages API - Method: GET
[16-Mar-2026 10:02:05 UTC] Pages API - clerk_user_id from request: null
[16-Mar-2026 10:02:05 UTC] Pages API - clerk_user_id from session: user_3AhnQJV5XslRK9dMtMXyCieGbiA
[16-Mar-2026 10:02:05 UTC] Pages API - Using clerk_user_id: user_3AhnQJV5XslRK9dMtMXyCieGbiA
[16-Mar-2026 10:02:05 UTC] Pages API - Using clerk_user_id: user_3AhnQJV5XslRK9dMtMXyCieGbiA
[16-Mar-2026 10:02:05 UTC] MySQL select query: SELECT `id` FROM `users` WHERE `clerk_user_id` = :where_clerk_user_id_0
[16-Mar-2026 10:02:05 UTC] MySQL select params: {"where_clerk_user_id_0":"user_3AhnQJV5XslRK9dMtMXyCieGbiA"}
[16-Mar-2026 10:02:05 UTC] MySQL select returned 1 rows
[16-Mar-2026 10:02:05 UTC] getUserIdFromClerkId - Query result: [{"id":2}]
[16-Mar-2026 10:02:05 UTC] Pages API - User ID from database: 2
[16-Mar-2026 10:02:05 UTC] Pages API - Success! User ID: 2
[16-Mar-2026 10:02:05 UTC] MySQL select query: SELECT `id`, `title`, `thumbnail_url`, `is_favorite`, `is_public`, `share_token`, `share_slug`, `last_accessed`, `created_at`, `updated_at` FROM `user_pages` WHERE `user_id` = :where_user_id_0 ORDER BY COALESCE(`last_accessed`, '1970-01-01 00:00:00') DESC
[16-Mar-2026 10:02:05 UTC] MySQL select params: {"where_user_id_0":2}
[16-Mar-2026 10:02:05 UTC] MySQL select returned 3 rows
[16-Mar-2026 10:02:07 UTC] Pages API - Incoming request - Method: DELETE, Payload size: 96 bytes (0.09 KB)
[16-Mar-2026 10:02:07 UTC] Pages API - Method: DELETE
[16-Mar-2026 10:02:07 UTC] Pages API - clerk_user_id from request: user_3AhnQJV5XslRK9dMtMXyCieGbiA
[16-Mar-2026 10:02:07 UTC] Pages API - clerk_user_id from session: user_3AhnQJV5XslRK9dMtMXyCieGbiA
[16-Mar-2026 10:02:07 UTC] Pages API - Using clerk_user_id: user_3AhnQJV5XslRK9dMtMXyCieGbiA
[16-Mar-2026 10:02:07 UTC] Pages API - Using clerk_user_id: user_3AhnQJV5XslRK9dMtMXyCieGbiA
[16-Mar-2026 10:02:07 UTC] MySQL select query: SELECT `id` FROM `users` WHERE `clerk_user_id` = :where_clerk_user_id_0
[16-Mar-2026 10:02:07 UTC] MySQL select params: {"where_clerk_user_id_0":"user_3AhnQJV5XslRK9dMtMXyCieGbiA"}
[16-Mar-2026 10:02:07 UTC] MySQL select returned 1 rows
[16-Mar-2026 10:02:07 UTC] getUserIdFromClerkId - Query result: [{"id":2}]
[16-Mar-2026 10:02:07 UTC] Pages API - User ID from database: 2
[16-Mar-2026 10:02:07 UTC] Pages API - Success! User ID: 2
[16-Mar-2026 10:02:07 UTC] MySQL select query: SELECT `id` FROM `user_pages` WHERE `id` = :where_id_0 AND `user_id` = :where_user_id_1
[16-Mar-2026 10:02:07 UTC] MySQL select params: {"where_id_0":"5fd277f3-211e-11f1-bfcb-d85ed359730c","where_user_id_1":2}
[16-Mar-2026 10:02:07 UTC] MySQL select returned 1 rows
[16-Mar-2026 10:02:07 UTC] Successfully loaded .env from: C:\Users\Pablo\Documents\GitHub\nine-screen-canvas-flow/.env
[16-Mar-2026 10:02:07 UTC] syncClerkSession - Refreshing paid status for: ptrigol@gmail.com
[16-Mar-2026 10:02:08 UTC] Purchases database connection failed: SQLSTATE[HY000] [1045] Access denied for user 'alvarotrigo_alvarotrigo'@'79.117.116.182' (using password: YES)
[16-Mar-2026 10:02:08 UTC] Attempted connection to: host=nocn.noc-n.com, dbname=alvarotrigo_alvarotrigo, user=alvarotrigo_alvarotrigo
[16-Mar-2026 10:02:08 UTC] Error checking user paid status: Purchases database connection failed: SQLSTATE[HY000] [1045] Access denied for user 'alvarotrigo_alvarotrigo'@'79.117.116.182' (using password: YES)
[16-Mar-2026 10:02:08 UTC] MySQL select query: SELECT * FROM `users` WHERE `email` = :where_email_0 AND `pro_status_source` = :where_pro_status_source_1
[16-Mar-2026 10:02:08 UTC] MySQL select params: {"where_email_0":"ptrigol@gmail.com","where_pro_status_source_1":"polar"}
[16-Mar-2026 10:02:08 UTC] MySQL select returned 0 rows
[16-Mar-2026 10:02:08 UTC] MySQL select query: SELECT * FROM `subscriptions` WHERE `customer_email` = :where_customer_email_0 AND `status` = :where_status_1
[16-Mar-2026 10:02:08 UTC] MySQL select params: {"where_customer_email_0":"ptrigol@gmail.com","where_status_1":"active"}
[16-Mar-2026 10:02:08 UTC] MySQL select returned 0 rows
[16-Mar-2026 10:02:08 UTC] syncClerkSession - Paid status refreshed: is_paid=false
[16-Mar-2026 10:02:08 UTC] MySQL select query: SELECT `id` FROM `users` WHERE `clerk_user_id` = :where_clerk_user_id_0
[16-Mar-2026 10:02:08 UTC] MySQL select params: {"where_clerk_user_id_0":"user_3AhnQJV5XslRK9dMtMXyCieGbiA"}
[16-Mar-2026 10:02:08 UTC] MySQL select returned 1 rows
[16-Mar-2026 10:02:08 UTC] MySQL select query: SELECT * FROM `user_pages` WHERE `id` = :where_id_0 AND `user_id` = :where_user_id_1
[16-Mar-2026 10:02:08 UTC] MySQL select params: {"where_id_0":"dde44853-1c76-11f1-929a-d85ed359730c","where_user_id_1":2}
[16-Mar-2026 10:02:08 UTC] MySQL select returned 1 rows
[16-Mar-2026 10:02:09 UTC] Pages API - Incoming request - Method: GET, Payload size: 0 bytes (0 KB)
[16-Mar-2026 10:02:09 UTC] Pages API - Method: GET
[16-Mar-2026 10:02:09 UTC] Pages API - clerk_user_id from request: null
[16-Mar-2026 10:02:09 UTC] Pages API - clerk_user_id from session: user_3AhnQJV5XslRK9dMtMXyCieGbiA
[16-Mar-2026 10:02:09 UTC] Pages API - Using clerk_user_id: user_3AhnQJV5XslRK9dMtMXyCieGbiA
[16-Mar-2026 10:02:09 UTC] Pages API - Using clerk_user_id: user_3AhnQJV5XslRK9dMtMXyCieGbiA
[16-Mar-2026 10:02:09 UTC] MySQL select query: SELECT `id` FROM `users` WHERE `clerk_user_id` = :where_clerk_user_id_0
[16-Mar-2026 10:02:09 UTC] MySQL select params: {"where_clerk_user_id_0":"user_3AhnQJV5XslRK9dMtMXyCieGbiA"}
[16-Mar-2026 10:02:09 UTC] MySQL select returned 1 rows
[16-Mar-2026 10:02:09 UTC] getUserIdFromClerkId - Query result: [{"id":2}]
[16-Mar-2026 10:02:09 UTC] Pages API - User ID from database: 2
[16-Mar-2026 10:02:09 UTC] Pages API - Success! User ID: 2
[16-Mar-2026 10:02:09 UTC] MySQL select query: SELECT `id`, `title`, `thumbnail_url`, `is_favorite`, `is_public`, `share_token`, `share_slug`, `last_accessed`, `created_at`, `updated_at` FROM `user_pages` WHERE `user_id` = :where_user_id_0 ORDER BY COALESCE(`last_accessed`, '1970-01-01 00:00:00') DESC
[16-Mar-2026 10:02:09 UTC] MySQL select params: {"where_user_id_0":2}
[16-Mar-2026 10:02:09 UTC] MySQL select returned 2 rows
[16-Mar-2026 10:02:10 UTC] Pages API - Incoming request - Method: GET, Payload size: 0 bytes (0 KB)
[16-Mar-2026 10:02:10 UTC] Pages API - Method: GET
[16-Mar-2026 10:02:10 UTC] Pages API - clerk_user_id from request: null
[16-Mar-2026 10:02:10 UTC] Pages API - clerk_user_id from session: user_3AhnQJV5XslRK9dMtMXyCieGbiA
[16-Mar-2026 10:02:10 UTC] Pages API - Using clerk_user_id: user_3AhnQJV5XslRK9dMtMXyCieGbiA
[16-Mar-2026 10:02:10 UTC] Pages API - Using clerk_user_id: user_3AhnQJV5XslRK9dMtMXyCieGbiA
[16-Mar-2026 10:02:10 UTC] MySQL select query: SELECT `id` FROM `users` WHERE `clerk_user_id` = :where_clerk_user_id_0
[16-Mar-2026 10:02:10 UTC] MySQL select params: {"where_clerk_user_id_0":"user_3AhnQJV5XslRK9dMtMXyCieGbiA"}
[16-Mar-2026 10:02:10 UTC] MySQL select returned 1 rows
[16-Mar-2026 10:02:10 UTC] getUserIdFromClerkId - Query result: [{"id":2}]
[16-Mar-2026 10:02:10 UTC] Pages API - User ID from database: 2
[16-Mar-2026 10:02:10 UTC] Pages API - Success! User ID: 2
[16-Mar-2026 10:02:10 UTC] MySQL select query: SELECT `id`, `title`, `thumbnail_url`, `is_favorite`, `is_public`, `share_token`, `share_slug`, `last_accessed`, `created_at`, `updated_at` FROM `user_pages` WHERE `user_id` = :where_user_id_0 ORDER BY COALESCE(`last_accessed`, '1970-01-01 00:00:00') DESC
[16-Mar-2026 10:02:10 UTC] MySQL select params: {"where_user_id_0":2}
[16-Mar-2026 10:02:10 UTC] MySQL select returned 2 rows
[16-Mar-2026 10:04:35 UTC] Successfully loaded .env from: C:\Users\Pablo\Documents\GitHub\nine-screen-canvas-flow/.env
[16-Mar-2026 10:04:35 UTC] MySQL select query: SELECT `id` FROM `users` WHERE `clerk_user_id` = :where_clerk_user_id_0
[16-Mar-2026 10:04:35 UTC] MySQL select params: {"where_clerk_user_id_0":"user_3AhnQJV5XslRK9dMtMXyCieGbiA"}
[16-Mar-2026 10:04:35 UTC] MySQL select returned 1 rows
[16-Mar-2026 10:04:35 UTC] MySQL select query: SELECT * FROM `user_pages` WHERE `id` = :where_id_0 AND `user_id` = :where_user_id_1
[16-Mar-2026 10:04:35 UTC] MySQL select params: {"where_id_0":"dde44853-1c76-11f1-929a-d85ed359730c","where_user_id_1":2}
[16-Mar-2026 10:04:35 UTC] MySQL select returned 1 rows
[16-Mar-2026 10:04:37 UTC] Pages API - Incoming request - Method: GET, Payload size: 0 bytes (0 KB)
[16-Mar-2026 10:04:37 UTC] Pages API - Method: GET
[16-Mar-2026 10:04:37 UTC] Pages API - clerk_user_id from request: null
[16-Mar-2026 10:04:37 UTC] Pages API - clerk_user_id from session: user_3AhnQJV5XslRK9dMtMXyCieGbiA
[16-Mar-2026 10:04:37 UTC] Pages API - Using clerk_user_id: user_3AhnQJV5XslRK9dMtMXyCieGbiA
[16-Mar-2026 10:04:37 UTC] Pages API - Using clerk_user_id: user_3AhnQJV5XslRK9dMtMXyCieGbiA
[16-Mar-2026 10:04:37 UTC] MySQL select query: SELECT `id` FROM `users` WHERE `clerk_user_id` = :where_clerk_user_id_0
[16-Mar-2026 10:04:37 UTC] MySQL select params: {"where_clerk_user_id_0":"user_3AhnQJV5XslRK9dMtMXyCieGbiA"}
[16-Mar-2026 10:04:37 UTC] MySQL select returned 1 rows
[16-Mar-2026 10:04:37 UTC] getUserIdFromClerkId - Query result: [{"id":2}]
[16-Mar-2026 10:04:37 UTC] Pages API - User ID from database: 2
[16-Mar-2026 10:04:37 UTC] Pages API - Success! User ID: 2
[16-Mar-2026 10:04:37 UTC] MySQL select query: SELECT `id`, `title`, `thumbnail_url`, `is_favorite`, `is_public`, `share_token`, `share_slug`, `last_accessed`, `created_at`, `updated_at` FROM `user_pages` WHERE `user_id` = :where_user_id_0 ORDER BY COALESCE(`last_accessed`, '1970-01-01 00:00:00') DESC
[16-Mar-2026 10:04:37 UTC] MySQL select params: {"where_user_id_0":2}
[16-Mar-2026 10:04:37 UTC] MySQL select returned 2 rows
[16-Mar-2026 10:04:38 UTC] Pages API - Incoming request - Method: GET, Payload size: 0 bytes (0 KB)
[16-Mar-2026 10:04:38 UTC] Pages API - Method: GET
[16-Mar-2026 10:04:38 UTC] Pages API - clerk_user_id from request: null
[16-Mar-2026 10:04:38 UTC] Pages API - clerk_user_id from session: user_3AhnQJV5XslRK9dMtMXyCieGbiA
[16-Mar-2026 10:04:38 UTC] Pages API - Using clerk_user_id: user_3AhnQJV5XslRK9dMtMXyCieGbiA
[16-Mar-2026 10:04:38 UTC] Pages API - Using clerk_user_id: user_3AhnQJV5XslRK9dMtMXyCieGbiA
[16-Mar-2026 10:04:38 UTC] MySQL select query: SELECT `id` FROM `users` WHERE `clerk_user_id` = :where_clerk_user_id_0
[16-Mar-2026 10:04:38 UTC] MySQL select params: {"where_clerk_user_id_0":"user_3AhnQJV5XslRK9dMtMXyCieGbiA"}
[16-Mar-2026 10:04:38 UTC] MySQL select returned 1 rows
[16-Mar-2026 10:04:38 UTC] getUserIdFromClerkId - Query result: [{"id":2}]
[16-Mar-2026 10:04:38 UTC] Pages API - User ID from database: 2
[16-Mar-2026 10:04:38 UTC] Pages API - Success! User ID: 2
[16-Mar-2026 10:04:38 UTC] MySQL select query: SELECT `id`, `title`, `thumbnail_url`, `is_favorite`, `is_public`, `share_token`, `share_slug`, `last_accessed`, `created_at`, `updated_at` FROM `user_pages` WHERE `user_id` = :where_user_id_0 ORDER BY COALESCE(`last_accessed`, '1970-01-01 00:00:00') DESC
[16-Mar-2026 10:04:38 UTC] MySQL select params: {"where_user_id_0":2}
[16-Mar-2026 10:04:38 UTC] MySQL select returned 2 rows
[16-Mar-2026 10:04:39 UTC] Pages API - Incoming request - Method: GET, Payload size: 0 bytes (0 KB)
[16-Mar-2026 10:04:39 UTC] Pages API - Method: GET
[16-Mar-2026 10:04:39 UTC] Pages API - clerk_user_id from request: null
[16-Mar-2026 10:04:39 UTC] Pages API - clerk_user_id from session: user_3AhnQJV5XslRK9dMtMXyCieGbiA
[16-Mar-2026 10:04:39 UTC] Pages API - Using clerk_user_id: user_3AhnQJV5XslRK9dMtMXyCieGbiA
[16-Mar-2026 10:04:39 UTC] Pages API - Using clerk_user_id: user_3AhnQJV5XslRK9dMtMXyCieGbiA
[16-Mar-2026 10:04:39 UTC] MySQL select query: SELECT `id` FROM `users` WHERE `clerk_user_id` = :where_clerk_user_id_0
[16-Mar-2026 10:04:39 UTC] MySQL select params: {"where_clerk_user_id_0":"user_3AhnQJV5XslRK9dMtMXyCieGbiA"}
[16-Mar-2026 10:04:39 UTC] MySQL select returned 1 rows
[16-Mar-2026 10:04:39 UTC] getUserIdFromClerkId - Query result: [{"id":2}]
[16-Mar-2026 10:04:39 UTC] Pages API - User ID from database: 2
[16-Mar-2026 10:04:39 UTC] Pages API - Success! User ID: 2
[16-Mar-2026 10:04:39 UTC] MySQL select query: SELECT `id`, `title`, `thumbnail_url`, `is_favorite`, `is_public`, `share_token`, `share_slug`, `last_accessed`, `created_at`, `updated_at` FROM `user_pages` WHERE `user_id` = :where_user_id_0 ORDER BY COALESCE(`last_accessed`, '1970-01-01 00:00:00') DESC
[16-Mar-2026 10:04:39 UTC] MySQL select params: {"where_user_id_0":2}
[16-Mar-2026 10:04:39 UTC] MySQL select returned 2 rows
[16-Mar-2026 10:04:49 UTC] Pages API - Incoming request - Method: POST, Payload size: 226 bytes (0.22 KB)
[16-Mar-2026 10:04:49 UTC] Pages API - Method: POST
[16-Mar-2026 10:04:49 UTC] Pages API - clerk_user_id from request: user_3AhnQJV5XslRK9dMtMXyCieGbiA
[16-Mar-2026 10:04:49 UTC] Pages API - clerk_user_id from session: user_3AhnQJV5XslRK9dMtMXyCieGbiA
[16-Mar-2026 10:04:49 UTC] Pages API - Using clerk_user_id: user_3AhnQJV5XslRK9dMtMXyCieGbiA
[16-Mar-2026 10:04:49 UTC] Pages API - Using clerk_user_id: user_3AhnQJV5XslRK9dMtMXyCieGbiA
[16-Mar-2026 10:04:49 UTC] MySQL select query: SELECT `id` FROM `users` WHERE `clerk_user_id` = :where_clerk_user_id_0
[16-Mar-2026 10:04:49 UTC] MySQL select params: {"where_clerk_user_id_0":"user_3AhnQJV5XslRK9dMtMXyCieGbiA"}
[16-Mar-2026 10:04:49 UTC] MySQL select returned 1 rows
[16-Mar-2026 10:04:49 UTC] getUserIdFromClerkId - Query result: [{"id":2}]
[16-Mar-2026 10:04:49 UTC] Pages API - User ID from database: 2
[16-Mar-2026 10:04:49 UTC] Pages API - Success! User ID: 2
[16-Mar-2026 10:04:49 UTC] Pages API POST - action='create', input_keys=action,title,data,clerk_user_id, raw_snippet={"action":"create","title":"Publicar","data":{"fullHtml":"","theme":"theme-light-minimal","fullpageEnabled":false,"anima
[16-Mar-2026 10:04:49 UTC] MySQL select query: SELECT * FROM `user_pages` WHERE `id` = :where_id_0
[16-Mar-2026 10:04:49 UTC] MySQL select params: {"where_id_0":"9195039c-211f-11f1-bfcb-d85ed359730c"}
[16-Mar-2026 10:04:49 UTC] MySQL select returned 1 rows
[16-Mar-2026 10:04:49 UTC] Pages API - Incoming request - Method: GET, Payload size: 0 bytes (0 KB)
[16-Mar-2026 10:04:49 UTC] Pages API - Method: GET
[16-Mar-2026 10:04:49 UTC] Pages API - clerk_user_id from request: null
[16-Mar-2026 10:04:49 UTC] Pages API - clerk_user_id from session: user_3AhnQJV5XslRK9dMtMXyCieGbiA
[16-Mar-2026 10:04:49 UTC] Pages API - Using clerk_user_id: user_3AhnQJV5XslRK9dMtMXyCieGbiA
[16-Mar-2026 10:04:49 UTC] Pages API - Using clerk_user_id: user_3AhnQJV5XslRK9dMtMXyCieGbiA
[16-Mar-2026 10:04:49 UTC] MySQL select query: SELECT `id` FROM `users` WHERE `clerk_user_id` = :where_clerk_user_id_0
[16-Mar-2026 10:04:49 UTC] MySQL select params: {"where_clerk_user_id_0":"user_3AhnQJV5XslRK9dMtMXyCieGbiA"}
[16-Mar-2026 10:04:49 UTC] MySQL select returned 1 rows
[16-Mar-2026 10:04:49 UTC] getUserIdFromClerkId - Query result: [{"id":2}]
[16-Mar-2026 10:04:49 UTC] Pages API - User ID from database: 2
[16-Mar-2026 10:04:49 UTC] Pages API - Success! User ID: 2
[16-Mar-2026 10:04:49 UTC] MySQL select query: SELECT `id`, `title`, `thumbnail_url`, `is_favorite`, `is_public`, `share_token`, `share_slug`, `last_accessed`, `created_at`, `updated_at` FROM `user_pages` WHERE `user_id` = :where_user_id_0 ORDER BY COALESCE(`last_accessed`, '1970-01-01 00:00:00') DESC
[16-Mar-2026 10:04:49 UTC] MySQL select params: {"where_user_id_0":2}
[16-Mar-2026 10:04:49 UTC] MySQL select returned 3 rows
[16-Mar-2026 10:04:50 UTC] Pages API - Incoming request - Method: GET, Payload size: 0 bytes (0 KB)
[16-Mar-2026 10:04:50 UTC] Pages API - Method: GET
[16-Mar-2026 10:04:50 UTC] Pages API - clerk_user_id from request: null
[16-Mar-2026 10:04:50 UTC] Pages API - clerk_user_id from session: user_3AhnQJV5XslRK9dMtMXyCieGbiA
[16-Mar-2026 10:04:50 UTC] Pages API - Using clerk_user_id: user_3AhnQJV5XslRK9dMtMXyCieGbiA
[16-Mar-2026 10:04:50 UTC] Pages API - Using clerk_user_id: user_3AhnQJV5XslRK9dMtMXyCieGbiA
[16-Mar-2026 10:04:50 UTC] MySQL select query: SELECT `id` FROM `users` WHERE `clerk_user_id` = :where_clerk_user_id_0
[16-Mar-2026 10:04:50 UTC] MySQL select params: {"where_clerk_user_id_0":"user_3AhnQJV5XslRK9dMtMXyCieGbiA"}
[16-Mar-2026 10:04:50 UTC] MySQL select returned 1 rows
[16-Mar-2026 10:04:50 UTC] getUserIdFromClerkId - Query result: [{"id":2}]
[16-Mar-2026 10:04:50 UTC] Pages API - User ID from database: 2
[16-Mar-2026 10:04:50 UTC] Pages API - Success! User ID: 2
[16-Mar-2026 10:04:50 UTC] MySQL select query: SELECT `id`, `title`, `thumbnail_url`, `is_favorite`, `is_public`, `share_token`, `share_slug`, `last_accessed`, `created_at`, `updated_at` FROM `user_pages` WHERE `user_id` = :where_user_id_0 ORDER BY COALESCE(`last_accessed`, '1970-01-01 00:00:00') DESC
[16-Mar-2026 10:04:50 UTC] MySQL select params: {"where_user_id_0":2}
[16-Mar-2026 10:04:50 UTC] MySQL select returned 3 rows
[16-Mar-2026 10:04:51 UTC] Pages API - Incoming request - Method: PUT, Payload size: 48,410 bytes (47.28 KB)
[16-Mar-2026 10:04:51 UTC] Pages API - Method: PUT
[16-Mar-2026 10:04:51 UTC] Pages API - clerk_user_id from request: user_3AhnQJV5XslRK9dMtMXyCieGbiA
[16-Mar-2026 10:04:51 UTC] Pages API - clerk_user_id from session: user_3AhnQJV5XslRK9dMtMXyCieGbiA
[16-Mar-2026 10:04:51 UTC] Pages API - Using clerk_user_id: user_3AhnQJV5XslRK9dMtMXyCieGbiA
[16-Mar-2026 10:04:51 UTC] Pages API - Using clerk_user_id: user_3AhnQJV5XslRK9dMtMXyCieGbiA
[16-Mar-2026 10:04:51 UTC] MySQL select query: SELECT `id` FROM `users` WHERE `clerk_user_id` = :where_clerk_user_id_0
[16-Mar-2026 10:04:51 UTC] MySQL select params: {"where_clerk_user_id_0":"user_3AhnQJV5XslRK9dMtMXyCieGbiA"}
[16-Mar-2026 10:04:51 UTC] MySQL select returned 1 rows
[16-Mar-2026 10:04:51 UTC] getUserIdFromClerkId - Query result: [{"id":2}]
[16-Mar-2026 10:04:51 UTC] Pages API - User ID from database: 2
[16-Mar-2026 10:04:51 UTC] Pages API - Success! User ID: 2
[16-Mar-2026 10:04:51 UTC] MySQL select query: SELECT `id`, `updated_at` FROM `user_pages` WHERE `id` = :where_id_0 AND `user_id` = :where_user_id_1
[16-Mar-2026 10:04:51 UTC] MySQL select params: {"where_id_0":"9195039c-211f-11f1-bfcb-d85ed359730c","where_user_id_1":2}
[16-Mar-2026 10:04:51 UTC] MySQL select returned 1 rows
[16-Mar-2026 10:04:51 UTC] MySQL update query: UPDATE `user_pages` SET `title` = :title, `data` = :data, `last_accessed` = :last_accessed, `updated_at` = :updated_at WHERE `id` = :where_id_0 AND `user_id` = :where_user_id_1
[16-Mar-2026 10:04:51 UTC] MySQL update params: {"title":"Publicar","data":"{\"fullHtml\":\"\\n                <!-- NAV -->\\n    <...[truncated]","last_accessed":"2026-03-16 10:04:51","updated_at":"2026-03-16 10:04:51","where_id_0":"9195039c-211f-11f1-bfcb-d85ed359730c","where_user_id_1":2}
[16-Mar-2026 10:04:51 UTC] MySQL update affected rows: 1
[16-Mar-2026 10:04:51 UTC] MySQL select query: SELECT * FROM `user_pages` WHERE `id` = :where_id_0 AND `user_id` = :where_user_id_1
[16-Mar-2026 10:04:51 UTC] MySQL select params: {"where_id_0":"9195039c-211f-11f1-bfcb-d85ed359730c","where_user_id_1":2}
[16-Mar-2026 10:04:51 UTC] MySQL select returned 1 rows
[16-Mar-2026 10:05:00 UTC] Pages API - Incoming request - Method: GET, Payload size: 0 bytes (0 KB)
[16-Mar-2026 10:05:00 UTC] Pages API - Method: GET
[16-Mar-2026 10:05:00 UTC] Pages API - clerk_user_id from request: null
[16-Mar-2026 10:05:00 UTC] Pages API - clerk_user_id from session: user_3AhnQJV5XslRK9dMtMXyCieGbiA
[16-Mar-2026 10:05:00 UTC] Pages API - Using clerk_user_id: user_3AhnQJV5XslRK9dMtMXyCieGbiA
[16-Mar-2026 10:05:00 UTC] Pages API - Using clerk_user_id: user_3AhnQJV5XslRK9dMtMXyCieGbiA
[16-Mar-2026 10:05:00 UTC] MySQL select query: SELECT `id` FROM `users` WHERE `clerk_user_id` = :where_clerk_user_id_0
[16-Mar-2026 10:05:00 UTC] MySQL select params: {"where_clerk_user_id_0":"user_3AhnQJV5XslRK9dMtMXyCieGbiA"}
[16-Mar-2026 10:05:00 UTC] MySQL select returned 1 rows
[16-Mar-2026 10:05:00 UTC] getUserIdFromClerkId - Query result: [{"id":2}]
[16-Mar-2026 10:05:00 UTC] Pages API - User ID from database: 2
[16-Mar-2026 10:05:00 UTC] Pages API - Success! User ID: 2
[16-Mar-2026 10:05:00 UTC] MySQL select query: SELECT `id`, `title`, `thumbnail_url`, `is_favorite`, `is_public`, `share_token`, `share_slug`, `last_accessed`, `created_at`, `updated_at` FROM `user_pages` WHERE `user_id` = :where_user_id_0 ORDER BY COALESCE(`last_accessed`, '1970-01-01 00:00:00') DESC
[16-Mar-2026 10:05:00 UTC] MySQL select params: {"where_user_id_0":2}
[16-Mar-2026 10:05:00 UTC] MySQL select returned 3 rows
[16-Mar-2026 10:06:15 UTC] Pages API - Incoming request - Method: DELETE, Payload size: 96 bytes (0.09 KB)
[16-Mar-2026 10:06:15 UTC] Pages API - Method: DELETE
[16-Mar-2026 10:06:15 UTC] Pages API - clerk_user_id from request: user_3AhnQJV5XslRK9dMtMXyCieGbiA
[16-Mar-2026 10:06:15 UTC] Pages API - clerk_user_id from session: user_3AhnQJV5XslRK9dMtMXyCieGbiA
[16-Mar-2026 10:06:15 UTC] Pages API - Using clerk_user_id: user_3AhnQJV5XslRK9dMtMXyCieGbiA
[16-Mar-2026 10:06:15 UTC] Pages API - Using clerk_user_id: user_3AhnQJV5XslRK9dMtMXyCieGbiA
[16-Mar-2026 10:06:15 UTC] MySQL select query: SELECT `id` FROM `users` WHERE `clerk_user_id` = :where_clerk_user_id_0
[16-Mar-2026 10:06:15 UTC] MySQL select params: {"where_clerk_user_id_0":"user_3AhnQJV5XslRK9dMtMXyCieGbiA"}
[16-Mar-2026 10:06:15 UTC] MySQL select returned 1 rows
[16-Mar-2026 10:06:15 UTC] getUserIdFromClerkId - Query result: [{"id":2}]
[16-Mar-2026 10:06:15 UTC] Pages API - User ID from database: 2
[16-Mar-2026 10:06:15 UTC] Pages API - Success! User ID: 2
[16-Mar-2026 10:06:15 UTC] MySQL select query: SELECT `id` FROM `user_pages` WHERE `id` = :where_id_0 AND `user_id` = :where_user_id_1
[16-Mar-2026 10:06:15 UTC] MySQL select params: {"where_id_0":"9195039c-211f-11f1-bfcb-d85ed359730c","where_user_id_1":2}
[16-Mar-2026 10:06:15 UTC] MySQL select returned 1 rows
[16-Mar-2026 10:06:15 UTC] Successfully loaded .env from: C:\Users\Pablo\Documents\GitHub\nine-screen-canvas-flow/.env
[16-Mar-2026 10:06:15 UTC] MySQL select query: SELECT `id` FROM `users` WHERE `clerk_user_id` = :where_clerk_user_id_0
[16-Mar-2026 10:06:15 UTC] MySQL select params: {"where_clerk_user_id_0":"user_3AhnQJV5XslRK9dMtMXyCieGbiA"}
[16-Mar-2026 10:06:15 UTC] MySQL select returned 1 rows
[16-Mar-2026 10:06:15 UTC] MySQL select query: SELECT * FROM `user_pages` WHERE `id` = :where_id_0 AND `user_id` = :where_user_id_1
[16-Mar-2026 10:06:15 UTC] MySQL select params: {"where_id_0":"dde44853-1c76-11f1-929a-d85ed359730c","where_user_id_1":2}
[16-Mar-2026 10:06:15 UTC] MySQL select returned 1 rows
[16-Mar-2026 10:06:16 UTC] Pages API - Incoming request - Method: GET, Payload size: 0 bytes (0 KB)
[16-Mar-2026 10:06:16 UTC] Pages API - Method: GET
[16-Mar-2026 10:06:16 UTC] Pages API - clerk_user_id from request: null
[16-Mar-2026 10:06:16 UTC] Pages API - clerk_user_id from session: user_3AhnQJV5XslRK9dMtMXyCieGbiA
[16-Mar-2026 10:06:16 UTC] Pages API - Using clerk_user_id: user_3AhnQJV5XslRK9dMtMXyCieGbiA
[16-Mar-2026 10:06:16 UTC] Pages API - Using clerk_user_id: user_3AhnQJV5XslRK9dMtMXyCieGbiA
[16-Mar-2026 10:06:16 UTC] MySQL select query: SELECT `id` FROM `users` WHERE `clerk_user_id` = :where_clerk_user_id_0
[16-Mar-2026 10:06:16 UTC] MySQL select params: {"where_clerk_user_id_0":"user_3AhnQJV5XslRK9dMtMXyCieGbiA"}
[16-Mar-2026 10:06:16 UTC] MySQL select returned 1 rows
[16-Mar-2026 10:06:16 UTC] getUserIdFromClerkId - Query result: [{"id":2}]
[16-Mar-2026 10:06:16 UTC] Pages API - User ID from database: 2
[16-Mar-2026 10:06:16 UTC] Pages API - Success! User ID: 2
[16-Mar-2026 10:06:16 UTC] MySQL select query: SELECT `id`, `title`, `thumbnail_url`, `is_favorite`, `is_public`, `share_token`, `share_slug`, `last_accessed`, `created_at`, `updated_at` FROM `user_pages` WHERE `user_id` = :where_user_id_0 ORDER BY COALESCE(`last_accessed`, '1970-01-01 00:00:00') DESC
[16-Mar-2026 10:06:16 UTC] MySQL select params: {"where_user_id_0":2}
[16-Mar-2026 10:06:16 UTC] MySQL select returned 2 rows
[16-Mar-2026 10:06:19 UTC] Pages API - Incoming request - Method: GET, Payload size: 0 bytes (0 KB)
[16-Mar-2026 10:06:19 UTC] Pages API - Method: GET
[16-Mar-2026 10:06:19 UTC] Pages API - clerk_user_id from request: null
[16-Mar-2026 10:06:19 UTC] Pages API - clerk_user_id from session: user_3AhnQJV5XslRK9dMtMXyCieGbiA
[16-Mar-2026 10:06:19 UTC] Pages API - Using clerk_user_id: user_3AhnQJV5XslRK9dMtMXyCieGbiA
[16-Mar-2026 10:06:19 UTC] Pages API - Using clerk_user_id: user_3AhnQJV5XslRK9dMtMXyCieGbiA
[16-Mar-2026 10:06:19 UTC] MySQL select query: SELECT `id` FROM `users` WHERE `clerk_user_id` = :where_clerk_user_id_0
[16-Mar-2026 10:06:19 UTC] MySQL select params: {"where_clerk_user_id_0":"user_3AhnQJV5XslRK9dMtMXyCieGbiA"}
[16-Mar-2026 10:06:19 UTC] MySQL select returned 1 rows
[16-Mar-2026 10:06:19 UTC] getUserIdFromClerkId - Query result: [{"id":2}]
[16-Mar-2026 10:06:19 UTC] Pages API - User ID from database: 2
[16-Mar-2026 10:06:19 UTC] Pages API - Success! User ID: 2
[16-Mar-2026 10:06:19 UTC] MySQL select query: SELECT `id`, `title`, `thumbnail_url`, `is_favorite`, `is_public`, `share_token`, `share_slug`, `last_accessed`, `created_at`, `updated_at` FROM `user_pages` WHERE `user_id` = :where_user_id_0 ORDER BY COALESCE(`last_accessed`, '1970-01-01 00:00:00') DESC
[16-Mar-2026 10:06:19 UTC] MySQL select params: {"where_user_id_0":2}
[16-Mar-2026 10:06:19 UTC] MySQL select returned 2 rows
[16-Mar-2026 10:06:20 UTC] Pages API - Incoming request - Method: GET, Payload size: 0 bytes (0 KB)
[16-Mar-2026 10:06:20 UTC] Pages API - Method: GET
[16-Mar-2026 10:06:20 UTC] Pages API - clerk_user_id from request: null
[16-Mar-2026 10:06:20 UTC] Pages API - clerk_user_id from session: user_3AhnQJV5XslRK9dMtMXyCieGbiA
[16-Mar-2026 10:06:20 UTC] Pages API - Using clerk_user_id: user_3AhnQJV5XslRK9dMtMXyCieGbiA
[16-Mar-2026 10:06:20 UTC] Pages API - Using clerk_user_id: user_3AhnQJV5XslRK9dMtMXyCieGbiA
[16-Mar-2026 10:06:20 UTC] MySQL select query: SELECT `id` FROM `users` WHERE `clerk_user_id` = :where_clerk_user_id_0
[16-Mar-2026 10:06:20 UTC] MySQL select params: {"where_clerk_user_id_0":"user_3AhnQJV5XslRK9dMtMXyCieGbiA"}
[16-Mar-2026 10:06:20 UTC] MySQL select returned 1 rows
[16-Mar-2026 10:06:20 UTC] getUserIdFromClerkId - Query result: [{"id":2}]
[16-Mar-2026 10:06:20 UTC] Pages API - User ID from database: 2
[16-Mar-2026 10:06:20 UTC] Pages API - Success! User ID: 2
[16-Mar-2026 10:06:20 UTC] MySQL select query: SELECT `id`, `title`, `thumbnail_url`, `is_favorite`, `is_public`, `share_token`, `share_slug`, `last_accessed`, `created_at`, `updated_at` FROM `user_pages` WHERE `user_id` = :where_user_id_0 ORDER BY COALESCE(`last_accessed`, '1970-01-01 00:00:00') DESC
[16-Mar-2026 10:06:20 UTC] MySQL select params: {"where_user_id_0":2}
[16-Mar-2026 10:06:20 UTC] MySQL select returned 2 rows
[16-Mar-2026 10:06:32 UTC] Pages API - Incoming request - Method: POST, Payload size: 225 bytes (0.22 KB)
[16-Mar-2026 10:06:32 UTC] Pages API - Method: POST
[16-Mar-2026 10:06:32 UTC] Pages API - clerk_user_id from request: user_3AhnQJV5XslRK9dMtMXyCieGbiA
[16-Mar-2026 10:06:32 UTC] Pages API - clerk_user_id from session: user_3AhnQJV5XslRK9dMtMXyCieGbiA
[16-Mar-2026 10:06:32 UTC] Pages API - Using clerk_user_id: user_3AhnQJV5XslRK9dMtMXyCieGbiA
[16-Mar-2026 10:06:32 UTC] Pages API - Using clerk_user_id: user_3AhnQJV5XslRK9dMtMXyCieGbiA
[16-Mar-2026 10:06:32 UTC] MySQL select query: SELECT `id` FROM `users` WHERE `clerk_user_id` = :where_clerk_user_id_0
[16-Mar-2026 10:06:32 UTC] MySQL select params: {"where_clerk_user_id_0":"user_3AhnQJV5XslRK9dMtMXyCieGbiA"}
[16-Mar-2026 10:06:32 UTC] MySQL select returned 1 rows
[16-Mar-2026 10:06:32 UTC] getUserIdFromClerkId - Query result: [{"id":2}]
[16-Mar-2026 10:06:32 UTC] Pages API - User ID from database: 2
[16-Mar-2026 10:06:32 UTC] Pages API - Success! User ID: 2
[16-Mar-2026 10:06:32 UTC] Pages API POST - action='create', input_keys=action,title,data,clerk_user_id, raw_snippet={"action":"create","title":"Publish","data":{"fullHtml":"","theme":"theme-light-minimal","fullpageEnabled":false,"animat
[16-Mar-2026 10:06:32 UTC] MySQL select query: SELECT * FROM `user_pages` WHERE `id` = :where_id_0
[16-Mar-2026 10:06:32 UTC] MySQL select params: {"where_id_0":"ceae5b27-211f-11f1-bfcb-d85ed359730c"}
[16-Mar-2026 10:06:32 UTC] MySQL select returned 1 rows
[16-Mar-2026 10:06:32 UTC] Pages API - Incoming request - Method: GET, Payload size: 0 bytes (0 KB)
[16-Mar-2026 10:06:32 UTC] Pages API - Method: GET
[16-Mar-2026 10:06:32 UTC] Pages API - clerk_user_id from request: null
[16-Mar-2026 10:06:32 UTC] Pages API - clerk_user_id from session: user_3AhnQJV5XslRK9dMtMXyCieGbiA
[16-Mar-2026 10:06:32 UTC] Pages API - Using clerk_user_id: user_3AhnQJV5XslRK9dMtMXyCieGbiA
[16-Mar-2026 10:06:32 UTC] Pages API - Using clerk_user_id: user_3AhnQJV5XslRK9dMtMXyCieGbiA
[16-Mar-2026 10:06:32 UTC] MySQL select query: SELECT `id` FROM `users` WHERE `clerk_user_id` = :where_clerk_user_id_0
[16-Mar-2026 10:06:32 UTC] MySQL select params: {"where_clerk_user_id_0":"user_3AhnQJV5XslRK9dMtMXyCieGbiA"}
[16-Mar-2026 10:06:32 UTC] MySQL select returned 1 rows
[16-Mar-2026 10:06:32 UTC] getUserIdFromClerkId - Query result: [{"id":2}]
[16-Mar-2026 10:06:32 UTC] Pages API - User ID from database: 2
[16-Mar-2026 10:06:32 UTC] Pages API - Success! User ID: 2
[16-Mar-2026 10:06:32 UTC] MySQL select query: SELECT `id`, `title`, `thumbnail_url`, `is_favorite`, `is_public`, `share_token`, `share_slug`, `last_accessed`, `created_at`, `updated_at` FROM `user_pages` WHERE `user_id` = :where_user_id_0 ORDER BY COALESCE(`last_accessed`, '1970-01-01 00:00:00') DESC
[16-Mar-2026 10:06:32 UTC] MySQL select params: {"where_user_id_0":2}
[16-Mar-2026 10:06:32 UTC] MySQL select returned 3 rows
[16-Mar-2026 10:06:33 UTC] Pages API - Incoming request - Method: GET, Payload size: 0 bytes (0 KB)
[16-Mar-2026 10:06:33 UTC] Pages API - Method: GET
[16-Mar-2026 10:06:33 UTC] Pages API - clerk_user_id from request: null
[16-Mar-2026 10:06:33 UTC] Pages API - clerk_user_id from session: user_3AhnQJV5XslRK9dMtMXyCieGbiA
[16-Mar-2026 10:06:33 UTC] Pages API - Using clerk_user_id: user_3AhnQJV5XslRK9dMtMXyCieGbiA
[16-Mar-2026 10:06:33 UTC] Pages API - Using clerk_user_id: user_3AhnQJV5XslRK9dMtMXyCieGbiA
[16-Mar-2026 10:06:33 UTC] MySQL select query: SELECT `id` FROM `users` WHERE `clerk_user_id` = :where_clerk_user_id_0
[16-Mar-2026 10:06:33 UTC] MySQL select params: {"where_clerk_user_id_0":"user_3AhnQJV5XslRK9dMtMXyCieGbiA"}
[16-Mar-2026 10:06:33 UTC] MySQL select returned 1 rows
[16-Mar-2026 10:06:33 UTC] getUserIdFromClerkId - Query result: [{"id":2}]
[16-Mar-2026 10:06:33 UTC] Pages API - User ID from database: 2
[16-Mar-2026 10:06:33 UTC] Pages API - Success! User ID: 2
[16-Mar-2026 10:06:33 UTC] MySQL select query: SELECT `id`, `title`, `thumbnail_url`, `is_favorite`, `is_public`, `share_token`, `share_slug`, `last_accessed`, `created_at`, `updated_at` FROM `user_pages` WHERE `user_id` = :where_user_id_0 ORDER BY COALESCE(`last_accessed`, '1970-01-01 00:00:00') DESC
[16-Mar-2026 10:06:33 UTC] MySQL select params: {"where_user_id_0":2}
[16-Mar-2026 10:06:33 UTC] MySQL select returned 3 rows
[16-Mar-2026 10:06:33 UTC] Pages API - Incoming request - Method: PUT, Payload size: 48,407 bytes (47.27 KB)
[16-Mar-2026 10:06:33 UTC] Pages API - Method: PUT
[16-Mar-2026 10:06:33 UTC] Pages API - clerk_user_id from request: user_3AhnQJV5XslRK9dMtMXyCieGbiA
[16-Mar-2026 10:06:33 UTC] Pages API - clerk_user_id from session: user_3AhnQJV5XslRK9dMtMXyCieGbiA
[16-Mar-2026 10:06:33 UTC] Pages API - Using clerk_user_id: user_3AhnQJV5XslRK9dMtMXyCieGbiA
[16-Mar-2026 10:06:33 UTC] Pages API - Using clerk_user_id: user_3AhnQJV5XslRK9dMtMXyCieGbiA
[16-Mar-2026 10:06:33 UTC] MySQL select query: SELECT `id` FROM `users` WHERE `clerk_user_id` = :where_clerk_user_id_0
[16-Mar-2026 10:06:33 UTC] MySQL select params: {"where_clerk_user_id_0":"user_3AhnQJV5XslRK9dMtMXyCieGbiA"}
[16-Mar-2026 10:06:33 UTC] MySQL select returned 1 rows
[16-Mar-2026 10:06:33 UTC] getUserIdFromClerkId - Query result: [{"id":2}]
[16-Mar-2026 10:06:33 UTC] Pages API - User ID from database: 2
[16-Mar-2026 10:06:33 UTC] Pages API - Success! User ID: 2
[16-Mar-2026 10:06:33 UTC] MySQL select query: SELECT `id`, `updated_at` FROM `user_pages` WHERE `id` = :where_id_0 AND `user_id` = :where_user_id_1
[16-Mar-2026 10:06:33 UTC] MySQL select params: {"where_id_0":"ceae5b27-211f-11f1-bfcb-d85ed359730c","where_user_id_1":2}
[16-Mar-2026 10:06:33 UTC] MySQL select returned 1 rows
[16-Mar-2026 10:06:33 UTC] MySQL update query: UPDATE `user_pages` SET `title` = :title, `data` = :data, `last_accessed` = :last_accessed, `updated_at` = :updated_at WHERE `id` = :where_id_0 AND `user_id` = :where_user_id_1
[16-Mar-2026 10:06:33 UTC] MySQL update params: {"title":"Publish","data":"{\"fullHtml\":\"\\n                <!-- NAV -->\\n    <...[truncated]","last_accessed":"2026-03-16 10:06:33","updated_at":"2026-03-16 10:06:33","where_id_0":"ceae5b27-211f-11f1-bfcb-d85ed359730c","where_user_id_1":2}
[16-Mar-2026 10:06:33 UTC] MySQL update affected rows: 1
[16-Mar-2026 10:06:33 UTC] MySQL select query: SELECT * FROM `user_pages` WHERE `id` = :where_id_0 AND `user_id` = :where_user_id_1
[16-Mar-2026 10:06:33 UTC] MySQL select params: {"where_id_0":"ceae5b27-211f-11f1-bfcb-d85ed359730c","where_user_id_1":2}
[16-Mar-2026 10:06:33 UTC] MySQL select returned 1 rows
[16-Mar-2026 10:06:35 UTC] Pages API - Incoming request - Method: POST, Payload size: 113 bytes (0.11 KB)
[16-Mar-2026 10:06:35 UTC] Pages API - Method: POST
[16-Mar-2026 10:06:35 UTC] Pages API - clerk_user_id from request: user_3AhnQJV5XslRK9dMtMXyCieGbiA
[16-Mar-2026 10:06:35 UTC] Pages API - clerk_user_id from session: user_3AhnQJV5XslRK9dMtMXyCieGbiA
[16-Mar-2026 10:06:35 UTC] Pages API - Using clerk_user_id: user_3AhnQJV5XslRK9dMtMXyCieGbiA
[16-Mar-2026 10:06:35 UTC] Pages API - Using clerk_user_id: user_3AhnQJV5XslRK9dMtMXyCieGbiA
[16-Mar-2026 10:06:35 UTC] MySQL select query: SELECT `id` FROM `users` WHERE `clerk_user_id` = :where_clerk_user_id_0
[16-Mar-2026 10:06:35 UTC] MySQL select params: {"where_clerk_user_id_0":"user_3AhnQJV5XslRK9dMtMXyCieGbiA"}
[16-Mar-2026 10:06:35 UTC] MySQL select returned 1 rows
[16-Mar-2026 10:06:35 UTC] getUserIdFromClerkId - Query result: [{"id":2}]
[16-Mar-2026 10:06:35 UTC] Pages API - User ID from database: 2
[16-Mar-2026 10:06:35 UTC] Pages API - Success! User ID: 2
[16-Mar-2026 10:06:35 UTC] Pages API POST - action='share', input_keys=action,id,clerk_user_id, raw_snippet={"action":"share","id":"ceae5b27-211f-11f1-bfcb-d85ed359730c","clerk_user_id":"user_3AhnQJV5XslRK9dMtMXyCieGbiA"}
[16-Mar-2026 10:06:35 UTC] MySQL select query: SELECT `id`, `share_token`, `is_public`, `share_slug` FROM `user_pages` WHERE `id` = :where_id_0 AND `user_id` = :where_user_id_1
[16-Mar-2026 10:06:35 UTC] MySQL select params: {"where_id_0":"ceae5b27-211f-11f1-bfcb-d85ed359730c","where_user_id_1":2}
[16-Mar-2026 10:06:35 UTC] MySQL select returned 1 rows
[16-Mar-2026 10:06:35 UTC] MySQL update query: UPDATE `user_pages` SET `share_token` = :share_token, `is_public` = :is_public WHERE `id` = :where_id_0 AND `user_id` = :where_user_id_1
[16-Mar-2026 10:06:35 UTC] MySQL update params: {"share_token":"4cda67f1-9d6f-49b0-b142-761c54414879","is_public":1,"where_id_0":"ceae5b27-211f-11f1-bfcb-d85ed359730c","where_user_id_1":2}
[16-Mar-2026 10:06:35 UTC] MySQL update affected rows: 1
[16-Mar-2026 10:06:35 UTC] MySQL select query: SELECT * FROM `user_pages` WHERE `id` = :where_id_0 AND `user_id` = :where_user_id_1
[16-Mar-2026 10:06:35 UTC] MySQL select params: {"where_id_0":"ceae5b27-211f-11f1-bfcb-d85ed359730c","where_user_id_1":2}
[16-Mar-2026 10:06:35 UTC] MySQL select returned 1 rows
[16-Mar-2026 10:06:40 UTC] Pages API - Incoming request - Method: GET, Payload size: 0 bytes (0 KB)
[16-Mar-2026 10:06:40 UTC] Pages API - Method: GET
[16-Mar-2026 10:06:40 UTC] Pages API - clerk_user_id from request: null
[16-Mar-2026 10:06:40 UTC] Pages API - clerk_user_id from session: user_3AhnQJV5XslRK9dMtMXyCieGbiA
[16-Mar-2026 10:06:40 UTC] Pages API - Using clerk_user_id: user_3AhnQJV5XslRK9dMtMXyCieGbiA
[16-Mar-2026 10:06:40 UTC] Pages API - Using clerk_user_id: user_3AhnQJV5XslRK9dMtMXyCieGbiA
[16-Mar-2026 10:06:40 UTC] MySQL select query: SELECT `id` FROM `users` WHERE `clerk_user_id` = :where_clerk_user_id_0
[16-Mar-2026 10:06:40 UTC] MySQL select params: {"where_clerk_user_id_0":"user_3AhnQJV5XslRK9dMtMXyCieGbiA"}
[16-Mar-2026 10:06:40 UTC] MySQL select returned 1 rows
[16-Mar-2026 10:06:40 UTC] getUserIdFromClerkId - Query result: [{"id":2}]
[16-Mar-2026 10:06:40 UTC] Pages API - User ID from database: 2
[16-Mar-2026 10:06:40 UTC] Pages API - Success! User ID: 2
[16-Mar-2026 10:06:40 UTC] MySQL select query: SELECT `id`, `title`, `thumbnail_url`, `is_favorite`, `is_public`, `share_token`, `share_slug`, `last_accessed`, `created_at`, `updated_at` FROM `user_pages` WHERE `user_id` = :where_user_id_0 ORDER BY COALESCE(`last_accessed`, '1970-01-01 00:00:00') DESC
[16-Mar-2026 10:06:40 UTC] MySQL select params: {"where_user_id_0":2}
[16-Mar-2026 10:06:40 UTC] MySQL select returned 3 rows
[16-Mar-2026 10:06:46 UTC] Pages API - Incoming request - Method: POST, Payload size: 148 bytes (0.14 KB)
[16-Mar-2026 10:06:46 UTC] Pages API - Method: POST
[16-Mar-2026 10:06:46 UTC] Pages API - clerk_user_id from request: user_3AhnQJV5XslRK9dMtMXyCieGbiA
[16-Mar-2026 10:06:46 UTC] Pages API - clerk_user_id from session: user_3AhnQJV5XslRK9dMtMXyCieGbiA
[16-Mar-2026 10:06:46 UTC] Pages API - Using clerk_user_id: user_3AhnQJV5XslRK9dMtMXyCieGbiA
[16-Mar-2026 10:06:46 UTC] Pages API - Using clerk_user_id: user_3AhnQJV5XslRK9dMtMXyCieGbiA
[16-Mar-2026 10:06:46 UTC] MySQL select query: SELECT `id` FROM `users` WHERE `clerk_user_id` = :where_clerk_user_id_0
[16-Mar-2026 10:06:46 UTC] MySQL select params: {"where_clerk_user_id_0":"user_3AhnQJV5XslRK9dMtMXyCieGbiA"}
[16-Mar-2026 10:06:46 UTC] MySQL select returned 1 rows
[16-Mar-2026 10:06:46 UTC] getUserIdFromClerkId - Query result: [{"id":2}]
[16-Mar-2026 10:06:46 UTC] Pages API - User ID from database: 2
[16-Mar-2026 10:06:46 UTC] Pages API - Success! User ID: 2
[16-Mar-2026 10:06:46 UTC] Pages API POST - action='publish-subdomain', input_keys=action,id,clerk_user_id,share_slug, raw_snippet={"action":"publish-subdomain","id":"ceae5b27-211f-11f1-bfcb-d85ed359730c","clerk_user_id":"user_3AhnQJV5XslRK9dMtMXyCieG
[16-Mar-2026 10:06:46 UTC] publishPageWithSubdomain - START: pageId=ceae5b27-211f-11f1-bfcb-d85ed359730c, userId=2, shareSlug=publish
[16-Mar-2026 10:06:46 UTC] MySQL select query: SELECT `id`, `share_slug` FROM `user_pages` WHERE `id` = :where_id_0
[16-Mar-2026 10:06:46 UTC] MySQL select params: {"where_id_0":"ceae5b27-211f-11f1-bfcb-d85ed359730c"}
[16-Mar-2026 10:06:46 UTC] MySQL select returned 1 rows
[16-Mar-2026 10:06:46 UTC] publishPageWithSubdomain - Column check OK. Current share_slug for page: "NULL"
[16-Mar-2026 10:06:46 UTC] MySQL select query: SELECT `id`, `share_token`, `is_public` FROM `user_pages` WHERE `id` = :where_id_0 AND `user_id` = :where_user_id_1
[16-Mar-2026 10:06:46 UTC] MySQL select params: {"where_id_0":"ceae5b27-211f-11f1-bfcb-d85ed359730c","where_user_id_1":2}
[16-Mar-2026 10:06:46 UTC] MySQL select returned 1 rows
[16-Mar-2026 10:06:46 UTC] publishPageWithSubdomain - Page lookup: found id=ceae5b27-211f-11f1-bfcb-d85ed359730c
[16-Mar-2026 10:06:46 UTC] MySQL select query: SELECT `id` FROM `user_pages` WHERE `share_slug` = :where_share_slug_0
[16-Mar-2026 10:06:46 UTC] MySQL select params: {"where_share_slug_0":"publish"}
[16-Mar-2026 10:06:46 UTC] MySQL select returned 0 rows
[16-Mar-2026 10:06:46 UTC] publishPageWithSubdomain - Uniqueness check for 'publish': []
[16-Mar-2026 10:06:46 UTC] publishPageWithSubdomain - Calling UPDATE with data: {"share_slug":"publish","is_public":1} WHERE id=ceae5b27-211f-11f1-bfcb-d85ed359730c, user_id=2
[16-Mar-2026 10:06:46 UTC] MySQL update query: UPDATE `user_pages` SET `share_slug` = :share_slug, `is_public` = :is_public WHERE `id` = :where_id_0 AND `user_id` = :where_user_id_1
[16-Mar-2026 10:06:46 UTC] MySQL update params: {"share_slug":"publish","is_public":1,"where_id_0":"ceae5b27-211f-11f1-bfcb-d85ed359730c","where_user_id_1":2}
[16-Mar-2026 10:06:46 UTC] MySQL update affected rows: 1
[16-Mar-2026 10:06:46 UTC] MySQL select query: SELECT * FROM `user_pages` WHERE `id` = :where_id_0 AND `user_id` = :where_user_id_1
[16-Mar-2026 10:06:46 UTC] MySQL select params: {"where_id_0":"ceae5b27-211f-11f1-bfcb-d85ed359730c","where_user_id_1":2}
[16-Mar-2026 10:06:46 UTC] MySQL select returned 1 rows
[16-Mar-2026 10:06:46 UTC] publishPageWithSubdomain - UPDATE done. share_slug now in DB: publish
[16-Mar-2026 10:06:46 UTC] publishPageWithSubdomain - SUCCESS: url=https://publish.yeslovey.com
[16-Mar-2026 10:09:11 UTC] Pages API - Incoming request - Method: GET, Payload size: 0 bytes (0 KB)
[16-Mar-2026 10:09:11 UTC] Pages API - Method: GET
[16-Mar-2026 10:09:11 UTC] Pages API - clerk_user_id from request: null
[16-Mar-2026 10:09:11 UTC] Pages API - clerk_user_id from session: user_3AhnQJV5XslRK9dMtMXyCieGbiA
[16-Mar-2026 10:09:11 UTC] Pages API - Using clerk_user_id: user_3AhnQJV5XslRK9dMtMXyCieGbiA
[16-Mar-2026 10:09:11 UTC] Pages API - Using clerk_user_id: user_3AhnQJV5XslRK9dMtMXyCieGbiA
[16-Mar-2026 10:09:11 UTC] MySQL select query: SELECT `id` FROM `users` WHERE `clerk_user_id` = :where_clerk_user_id_0
[16-Mar-2026 10:09:11 UTC] MySQL select params: {"where_clerk_user_id_0":"user_3AhnQJV5XslRK9dMtMXyCieGbiA"}
[16-Mar-2026 10:09:11 UTC] MySQL select returned 1 rows
[16-Mar-2026 10:09:11 UTC] getUserIdFromClerkId - Query result: [{"id":2}]
[16-Mar-2026 10:09:11 UTC] Pages API - User ID from database: 2
[16-Mar-2026 10:09:11 UTC] Pages API - Success! User ID: 2
[16-Mar-2026 10:09:11 UTC] MySQL select query: SELECT `id`, `title`, `thumbnail_url`, `is_favorite`, `is_public`, `share_token`, `share_slug`, `last_accessed`, `created_at`, `updated_at` FROM `user_pages` WHERE `user_id` = :where_user_id_0 ORDER BY COALESCE(`last_accessed`, '1970-01-01 00:00:00') DESC
[16-Mar-2026 10:09:11 UTC] MySQL select params: {"where_user_id_0":2}
[16-Mar-2026 10:09:11 UTC] MySQL select returned 3 rows
[16-Mar-2026 10:09:17 UTC] Pages API - Incoming request - Method: PUT, Payload size: 114 bytes (0.11 KB)
[16-Mar-2026 10:09:17 UTC] Pages API - Method: PUT
[16-Mar-2026 10:09:17 UTC] Pages API - clerk_user_id from request: user_3AhnQJV5XslRK9dMtMXyCieGbiA
[16-Mar-2026 10:09:17 UTC] Pages API - clerk_user_id from session: user_3AhnQJV5XslRK9dMtMXyCieGbiA
[16-Mar-2026 10:09:17 UTC] Pages API - Using clerk_user_id: user_3AhnQJV5XslRK9dMtMXyCieGbiA
[16-Mar-2026 10:09:17 UTC] Pages API - Using clerk_user_id: user_3AhnQJV5XslRK9dMtMXyCieGbiA
[16-Mar-2026 10:09:17 UTC] MySQL select query: SELECT `id` FROM `users` WHERE `clerk_user_id` = :where_clerk_user_id_0
[16-Mar-2026 10:09:17 UTC] MySQL select params: {"where_clerk_user_id_0":"user_3AhnQJV5XslRK9dMtMXyCieGbiA"}
[16-Mar-2026 10:09:17 UTC] MySQL select returned 1 rows
[16-Mar-2026 10:09:17 UTC] getUserIdFromClerkId - Query result: [{"id":2}]
[16-Mar-2026 10:09:17 UTC] Pages API - User ID from database: 2
[16-Mar-2026 10:09:17 UTC] Pages API - Success! User ID: 2
[16-Mar-2026 10:09:17 UTC] MySQL select query: SELECT `id`, `updated_at` FROM `user_pages` WHERE `id` = :where_id_0 AND `user_id` = :where_user_id_1
[16-Mar-2026 10:09:17 UTC] MySQL select params: {"where_id_0":"ceae5b27-211f-11f1-bfcb-d85ed359730c","where_user_id_1":2}
[16-Mar-2026 10:09:17 UTC] MySQL select returned 1 rows
[16-Mar-2026 10:09:17 UTC] MySQL update query: UPDATE `user_pages` SET `is_public` = :is_public, `last_accessed` = :last_accessed, `updated_at` = :updated_at WHERE `id` = :where_id_0 AND `user_id` = :where_user_id_1
[16-Mar-2026 10:09:17 UTC] MySQL update params: {"is_public":0,"last_accessed":"2026-03-16 10:09:17","updated_at":"2026-03-16 10:09:17","where_id_0":"ceae5b27-211f-11f1-bfcb-d85ed359730c","where_user_id_1":2}
[16-Mar-2026 10:09:17 UTC] MySQL update affected rows: 1
[16-Mar-2026 10:09:17 UTC] MySQL select query: SELECT * FROM `user_pages` WHERE `id` = :where_id_0 AND `user_id` = :where_user_id_1
[16-Mar-2026 10:09:17 UTC] MySQL select params: {"where_id_0":"ceae5b27-211f-11f1-bfcb-d85ed359730c","where_user_id_1":2}
[16-Mar-2026 10:09:17 UTC] MySQL select returned 1 rows
[16-Mar-2026 10:09:17 UTC] Pages API - Incoming request - Method: GET, Payload size: 0 bytes (0 KB)
[16-Mar-2026 10:09:17 UTC] Pages API - Method: GET
[16-Mar-2026 10:09:17 UTC] Pages API - clerk_user_id from request: null
[16-Mar-2026 10:09:17 UTC] Pages API - clerk_user_id from session: user_3AhnQJV5XslRK9dMtMXyCieGbiA
[16-Mar-2026 10:09:17 UTC] Pages API - Using clerk_user_id: user_3AhnQJV5XslRK9dMtMXyCieGbiA
[16-Mar-2026 10:09:17 UTC] Pages API - Using clerk_user_id: user_3AhnQJV5XslRK9dMtMXyCieGbiA
[16-Mar-2026 10:09:17 UTC] MySQL select query: SELECT `id` FROM `users` WHERE `clerk_user_id` = :where_clerk_user_id_0
[16-Mar-2026 10:09:17 UTC] MySQL select params: {"where_clerk_user_id_0":"user_3AhnQJV5XslRK9dMtMXyCieGbiA"}
[16-Mar-2026 10:09:17 UTC] MySQL select returned 1 rows
[16-Mar-2026 10:09:17 UTC] getUserIdFromClerkId - Query result: [{"id":2}]
[16-Mar-2026 10:09:17 UTC] Pages API - User ID from database: 2
[16-Mar-2026 10:09:17 UTC] Pages API - Success! User ID: 2
[16-Mar-2026 10:09:17 UTC] MySQL select query: SELECT `id`, `title`, `thumbnail_url`, `is_favorite`, `is_public`, `share_token`, `share_slug`, `last_accessed`, `created_at`, `updated_at` FROM `user_pages` WHERE `user_id` = :where_user_id_0 ORDER BY COALESCE(`last_accessed`, '1970-01-01 00:00:00') DESC
[16-Mar-2026 10:09:17 UTC] MySQL select params: {"where_user_id_0":2}
[16-Mar-2026 10:09:17 UTC] MySQL select returned 3 rows
[16-Mar-2026 10:09:17 UTC] Pages API - Incoming request - Method: GET, Payload size: 0 bytes (0 KB)
[16-Mar-2026 10:09:17 UTC] Pages API - Method: GET
[16-Mar-2026 10:09:17 UTC] Pages API - clerk_user_id from request: null
[16-Mar-2026 10:09:17 UTC] Pages API - clerk_user_id from session: user_3AhnQJV5XslRK9dMtMXyCieGbiA
[16-Mar-2026 10:09:17 UTC] Pages API - Using clerk_user_id: user_3AhnQJV5XslRK9dMtMXyCieGbiA
[16-Mar-2026 10:09:17 UTC] Pages API - Using clerk_user_id: user_3AhnQJV5XslRK9dMtMXyCieGbiA
[16-Mar-2026 10:09:17 UTC] MySQL select query: SELECT `id` FROM `users` WHERE `clerk_user_id` = :where_clerk_user_id_0
[16-Mar-2026 10:09:17 UTC] MySQL select params: {"where_clerk_user_id_0":"user_3AhnQJV5XslRK9dMtMXyCieGbiA"}
[16-Mar-2026 10:09:17 UTC] MySQL select returned 1 rows
[16-Mar-2026 10:09:17 UTC] getUserIdFromClerkId - Query result: [{"id":2}]
[16-Mar-2026 10:09:17 UTC] Pages API - User ID from database: 2
[16-Mar-2026 10:09:17 UTC] Pages API - Success! User ID: 2
[16-Mar-2026 10:09:17 UTC] MySQL select query: SELECT `id`, `title`, `thumbnail_url`, `is_favorite`, `is_public`, `share_token`, `share_slug`, `last_accessed`, `created_at`, `updated_at` FROM `user_pages` WHERE `user_id` = :where_user_id_0 ORDER BY COALESCE(`last_accessed`, '1970-01-01 00:00:00') DESC
[16-Mar-2026 10:09:17 UTC] MySQL select params: {"where_user_id_0":2}
[16-Mar-2026 10:09:17 UTC] MySQL select returned 3 rows
[16-Mar-2026 10:09:19 UTC] Pages API - Incoming request - Method: GET, Payload size: 0 bytes (0 KB)
[16-Mar-2026 10:09:19 UTC] Pages API - Method: GET
[16-Mar-2026 10:09:19 UTC] Pages API - clerk_user_id from request: null
[16-Mar-2026 10:09:19 UTC] Pages API - clerk_user_id from session: user_3AhnQJV5XslRK9dMtMXyCieGbiA
[16-Mar-2026 10:09:19 UTC] Pages API - Using clerk_user_id: user_3AhnQJV5XslRK9dMtMXyCieGbiA
[16-Mar-2026 10:09:19 UTC] Pages API - Using clerk_user_id: user_3AhnQJV5XslRK9dMtMXyCieGbiA
[16-Mar-2026 10:09:19 UTC] MySQL select query: SELECT `id` FROM `users` WHERE `clerk_user_id` = :where_clerk_user_id_0
[16-Mar-2026 10:09:19 UTC] MySQL select params: {"where_clerk_user_id_0":"user_3AhnQJV5XslRK9dMtMXyCieGbiA"}
[16-Mar-2026 10:09:19 UTC] MySQL select returned 1 rows
[16-Mar-2026 10:09:19 UTC] getUserIdFromClerkId - Query result: [{"id":2}]
[16-Mar-2026 10:09:19 UTC] Pages API - User ID from database: 2
[16-Mar-2026 10:09:19 UTC] Pages API - Success! User ID: 2
[16-Mar-2026 10:09:19 UTC] MySQL select query: SELECT `id`, `title`, `thumbnail_url`, `is_favorite`, `is_public`, `share_token`, `share_slug`, `last_accessed`, `created_at`, `updated_at` FROM `user_pages` WHERE `user_id` = :where_user_id_0 ORDER BY COALESCE(`last_accessed`, '1970-01-01 00:00:00') DESC
[16-Mar-2026 10:09:19 UTC] MySQL select params: {"where_user_id_0":2}
[16-Mar-2026 10:09:19 UTC] MySQL select returned 3 rows
[16-Mar-2026 10:09:20 UTC] Successfully loaded .env from: C:\Users\Pablo\Documents\GitHub\nine-screen-canvas-flow/.env
[16-Mar-2026 10:09:20 UTC] syncClerkSession - Refreshing paid status for: ptrigol@gmail.com
[16-Mar-2026 10:09:21 UTC] Purchases database connection failed: SQLSTATE[HY000] [1045] Access denied for user 'alvarotrigo_alvarotrigo'@'79.117.116.182' (using password: YES)
[16-Mar-2026 10:09:21 UTC] Attempted connection to: host=nocn.noc-n.com, dbname=alvarotrigo_alvarotrigo, user=alvarotrigo_alvarotrigo
[16-Mar-2026 10:09:21 UTC] Error checking user paid status: Purchases database connection failed: SQLSTATE[HY000] [1045] Access denied for user 'alvarotrigo_alvarotrigo'@'79.117.116.182' (using password: YES)
[16-Mar-2026 10:09:21 UTC] MySQL select query: SELECT * FROM `users` WHERE `email` = :where_email_0 AND `pro_status_source` = :where_pro_status_source_1
[16-Mar-2026 10:09:21 UTC] MySQL select params: {"where_email_0":"ptrigol@gmail.com","where_pro_status_source_1":"polar"}
[16-Mar-2026 10:09:21 UTC] MySQL select returned 0 rows
[16-Mar-2026 10:09:21 UTC] MySQL select query: SELECT * FROM `subscriptions` WHERE `customer_email` = :where_customer_email_0 AND `status` = :where_status_1
[16-Mar-2026 10:09:21 UTC] MySQL select params: {"where_customer_email_0":"ptrigol@gmail.com","where_status_1":"active"}
[16-Mar-2026 10:09:21 UTC] MySQL select returned 0 rows
[16-Mar-2026 10:09:21 UTC] syncClerkSession - Paid status refreshed: is_paid=false
[16-Mar-2026 10:09:21 UTC] MySQL select query: SELECT `id` FROM `users` WHERE `clerk_user_id` = :where_clerk_user_id_0
[16-Mar-2026 10:09:21 UTC] MySQL select params: {"where_clerk_user_id_0":"user_3AhnQJV5XslRK9dMtMXyCieGbiA"}
[16-Mar-2026 10:09:21 UTC] MySQL select returned 1 rows
[16-Mar-2026 10:09:21 UTC] MySQL select query: SELECT * FROM `user_pages` WHERE `id` = :where_id_0 AND `user_id` = :where_user_id_1
[16-Mar-2026 10:09:21 UTC] MySQL select params: {"where_id_0":"ceae5b27-211f-11f1-bfcb-d85ed359730c","where_user_id_1":2}
[16-Mar-2026 10:09:21 UTC] MySQL select returned 1 rows
[16-Mar-2026 10:09:22 UTC] Pages API - Incoming request - Method: GET, Payload size: 0 bytes (0 KB)
[16-Mar-2026 10:09:22 UTC] Pages API - Method: GET
[16-Mar-2026 10:09:22 UTC] Pages API - clerk_user_id from request: null
[16-Mar-2026 10:09:22 UTC] Pages API - clerk_user_id from session: user_3AhnQJV5XslRK9dMtMXyCieGbiA
[16-Mar-2026 10:09:22 UTC] Pages API - Using clerk_user_id: user_3AhnQJV5XslRK9dMtMXyCieGbiA
[16-Mar-2026 10:09:22 UTC] Pages API - Using clerk_user_id: user_3AhnQJV5XslRK9dMtMXyCieGbiA
[16-Mar-2026 10:09:22 UTC] MySQL select query: SELECT `id` FROM `users` WHERE `clerk_user_id` = :where_clerk_user_id_0
[16-Mar-2026 10:09:22 UTC] MySQL select params: {"where_clerk_user_id_0":"user_3AhnQJV5XslRK9dMtMXyCieGbiA"}
[16-Mar-2026 10:09:22 UTC] MySQL select returned 1 rows
[16-Mar-2026 10:09:22 UTC] getUserIdFromClerkId - Query result: [{"id":2}]
[16-Mar-2026 10:09:22 UTC] Pages API - User ID from database: 2
[16-Mar-2026 10:09:22 UTC] Pages API - Success! User ID: 2
[16-Mar-2026 10:09:22 UTC] MySQL select query: SELECT `id`, `title`, `thumbnail_url`, `is_favorite`, `is_public`, `share_token`, `share_slug`, `last_accessed`, `created_at`, `updated_at` FROM `user_pages` WHERE `user_id` = :where_user_id_0 ORDER BY COALESCE(`last_accessed`, '1970-01-01 00:00:00') DESC
[16-Mar-2026 10:09:22 UTC] MySQL select params: {"where_user_id_0":2}
[16-Mar-2026 10:09:22 UTC] MySQL select returned 3 rows
[16-Mar-2026 10:09:24 UTC] Pages API - Incoming request - Method: GET, Payload size: 0 bytes (0 KB)
[16-Mar-2026 10:09:24 UTC] Pages API - Method: GET
[16-Mar-2026 10:09:24 UTC] Pages API - clerk_user_id from request: null
[16-Mar-2026 10:09:24 UTC] Pages API - clerk_user_id from session: user_3AhnQJV5XslRK9dMtMXyCieGbiA
[16-Mar-2026 10:09:24 UTC] Pages API - Using clerk_user_id: user_3AhnQJV5XslRK9dMtMXyCieGbiA
[16-Mar-2026 10:09:24 UTC] Pages API - Using clerk_user_id: user_3AhnQJV5XslRK9dMtMXyCieGbiA
[16-Mar-2026 10:09:24 UTC] MySQL select query: SELECT `id` FROM `users` WHERE `clerk_user_id` = :where_clerk_user_id_0
[16-Mar-2026 10:09:24 UTC] MySQL select params: {"where_clerk_user_id_0":"user_3AhnQJV5XslRK9dMtMXyCieGbiA"}
[16-Mar-2026 10:09:24 UTC] MySQL select returned 1 rows
[16-Mar-2026 10:09:24 UTC] getUserIdFromClerkId - Query result: [{"id":2}]
[16-Mar-2026 10:09:24 UTC] Pages API - User ID from database: 2
[16-Mar-2026 10:09:24 UTC] Pages API - Success! User ID: 2
[16-Mar-2026 10:09:24 UTC] MySQL select query: SELECT `id`, `title`, `thumbnail_url`, `is_favorite`, `is_public`, `share_token`, `share_slug`, `last_accessed`, `created_at`, `updated_at` FROM `user_pages` WHERE `user_id` = :where_user_id_0 ORDER BY COALESCE(`last_accessed`, '1970-01-01 00:00:00') DESC
[16-Mar-2026 10:09:24 UTC] MySQL select params: {"where_user_id_0":2}
[16-Mar-2026 10:09:24 UTC] MySQL select returned 3 rows
[16-Mar-2026 10:09:26 UTC] Successfully loaded .env from: C:\Users\Pablo\Documents\GitHub\nine-screen-canvas-flow/.env
[16-Mar-2026 10:09:26 UTC] MySQL select query: SELECT `id` FROM `users` WHERE `clerk_user_id` = :where_clerk_user_id_0
[16-Mar-2026 10:09:26 UTC] MySQL select params: {"where_clerk_user_id_0":"user_3AhnQJV5XslRK9dMtMXyCieGbiA"}
[16-Mar-2026 10:09:26 UTC] MySQL select returned 1 rows
[16-Mar-2026 10:09:26 UTC] MySQL select query: SELECT * FROM `user_pages` WHERE `id` = :where_id_0 AND `user_id` = :where_user_id_1
[16-Mar-2026 10:09:26 UTC] MySQL select params: {"where_id_0":"dde44853-1c76-11f1-929a-d85ed359730c","where_user_id_1":2}
[16-Mar-2026 10:09:26 UTC] MySQL select returned 1 rows
[16-Mar-2026 10:09:27 UTC] Pages API - Incoming request - Method: GET, Payload size: 0 bytes (0 KB)
[16-Mar-2026 10:09:27 UTC] Pages API - Method: GET
[16-Mar-2026 10:09:27 UTC] Pages API - clerk_user_id from request: null
[16-Mar-2026 10:09:27 UTC] Pages API - clerk_user_id from session: user_3AhnQJV5XslRK9dMtMXyCieGbiA
[16-Mar-2026 10:09:27 UTC] Pages API - Using clerk_user_id: user_3AhnQJV5XslRK9dMtMXyCieGbiA
[16-Mar-2026 10:09:27 UTC] Pages API - Using clerk_user_id: user_3AhnQJV5XslRK9dMtMXyCieGbiA
[16-Mar-2026 10:09:27 UTC] MySQL select query: SELECT `id` FROM `users` WHERE `clerk_user_id` = :where_clerk_user_id_0
[16-Mar-2026 10:09:27 UTC] MySQL select params: {"where_clerk_user_id_0":"user_3AhnQJV5XslRK9dMtMXyCieGbiA"}
[16-Mar-2026 10:09:27 UTC] MySQL select returned 1 rows
[16-Mar-2026 10:09:27 UTC] getUserIdFromClerkId - Query result: [{"id":2}]
[16-Mar-2026 10:09:27 UTC] Pages API - User ID from database: 2
[16-Mar-2026 10:09:27 UTC] Pages API - Success! User ID: 2
[16-Mar-2026 10:09:27 UTC] MySQL select query: SELECT `id`, `title`, `thumbnail_url`, `is_favorite`, `is_public`, `share_token`, `share_slug`, `last_accessed`, `created_at`, `updated_at` FROM `user_pages` WHERE `user_id` = :where_user_id_0 ORDER BY COALESCE(`last_accessed`, '1970-01-01 00:00:00') DESC
[16-Mar-2026 10:09:27 UTC] MySQL select params: {"where_user_id_0":2}
[16-Mar-2026 10:09:27 UTC] MySQL select returned 3 rows
[16-Mar-2026 10:09:29 UTC] Pages API - Incoming request - Method: GET, Payload size: 0 bytes (0 KB)
[16-Mar-2026 10:09:29 UTC] Pages API - Method: GET
[16-Mar-2026 10:09:29 UTC] Pages API - clerk_user_id from request: null
[16-Mar-2026 10:09:29 UTC] Pages API - clerk_user_id from session: user_3AhnQJV5XslRK9dMtMXyCieGbiA
[16-Mar-2026 10:09:29 UTC] Pages API - Using clerk_user_id: user_3AhnQJV5XslRK9dMtMXyCieGbiA
[16-Mar-2026 10:09:29 UTC] Pages API - Using clerk_user_id: user_3AhnQJV5XslRK9dMtMXyCieGbiA
[16-Mar-2026 10:09:29 UTC] MySQL select query: SELECT `id` FROM `users` WHERE `clerk_user_id` = :where_clerk_user_id_0
[16-Mar-2026 10:09:29 UTC] MySQL select params: {"where_clerk_user_id_0":"user_3AhnQJV5XslRK9dMtMXyCieGbiA"}
[16-Mar-2026 10:09:29 UTC] MySQL select returned 1 rows
[16-Mar-2026 10:09:29 UTC] getUserIdFromClerkId - Query result: [{"id":2}]
[16-Mar-2026 10:09:29 UTC] Pages API - User ID from database: 2
[16-Mar-2026 10:09:29 UTC] Pages API - Success! User ID: 2
[16-Mar-2026 10:09:29 UTC] MySQL select query: SELECT `id`, `title`, `thumbnail_url`, `is_favorite`, `is_public`, `share_token`, `share_slug`, `last_accessed`, `created_at`, `updated_at` FROM `user_pages` WHERE `user_id` = :where_user_id_0 ORDER BY COALESCE(`last_accessed`, '1970-01-01 00:00:00') DESC
[16-Mar-2026 10:09:29 UTC] MySQL select params: {"where_user_id_0":2}
[16-Mar-2026 10:09:29 UTC] MySQL select returned 3 rows
[16-Mar-2026 10:09:30 UTC] Successfully loaded .env from: C:\Users\Pablo\Documents\GitHub\nine-screen-canvas-flow/.env
[16-Mar-2026 10:09:30 UTC] MySQL select query: SELECT `id` FROM `users` WHERE `clerk_user_id` = :where_clerk_user_id_0
[16-Mar-2026 10:09:30 UTC] MySQL select params: {"where_clerk_user_id_0":"user_3AhnQJV5XslRK9dMtMXyCieGbiA"}
[16-Mar-2026 10:09:30 UTC] MySQL select returned 1 rows
[16-Mar-2026 10:09:30 UTC] MySQL select query: SELECT * FROM `user_pages` WHERE `id` = :where_id_0 AND `user_id` = :where_user_id_1
[16-Mar-2026 10:09:30 UTC] MySQL select params: {"where_id_0":"ceae5b27-211f-11f1-bfcb-d85ed359730c","where_user_id_1":2}
[16-Mar-2026 10:09:30 UTC] MySQL select returned 1 rows
[16-Mar-2026 10:09:31 UTC] Pages API - Incoming request - Method: GET, Payload size: 0 bytes (0 KB)
[16-Mar-2026 10:09:31 UTC] Pages API - Method: GET
[16-Mar-2026 10:09:31 UTC] Pages API - clerk_user_id from request: null
[16-Mar-2026 10:09:31 UTC] Pages API - clerk_user_id from session: user_3AhnQJV5XslRK9dMtMXyCieGbiA
[16-Mar-2026 10:09:31 UTC] Pages API - Using clerk_user_id: user_3AhnQJV5XslRK9dMtMXyCieGbiA
[16-Mar-2026 10:09:31 UTC] Pages API - Using clerk_user_id: user_3AhnQJV5XslRK9dMtMXyCieGbiA
[16-Mar-2026 10:09:31 UTC] MySQL select query: SELECT `id` FROM `users` WHERE `clerk_user_id` = :where_clerk_user_id_0
[16-Mar-2026 10:09:31 UTC] MySQL select params: {"where_clerk_user_id_0":"user_3AhnQJV5XslRK9dMtMXyCieGbiA"}
[16-Mar-2026 10:09:31 UTC] MySQL select returned 1 rows
[16-Mar-2026 10:09:31 UTC] getUserIdFromClerkId - Query result: [{"id":2}]
[16-Mar-2026 10:09:31 UTC] Pages API - User ID from database: 2
[16-Mar-2026 10:09:31 UTC] Pages API - Success! User ID: 2
[16-Mar-2026 10:09:31 UTC] MySQL select query: SELECT `id`, `title`, `thumbnail_url`, `is_favorite`, `is_public`, `share_token`, `share_slug`, `last_accessed`, `created_at`, `updated_at` FROM `user_pages` WHERE `user_id` = :where_user_id_0 ORDER BY COALESCE(`last_accessed`, '1970-01-01 00:00:00') DESC
[16-Mar-2026 10:09:31 UTC] MySQL select params: {"where_user_id_0":2}
[16-Mar-2026 10:09:31 UTC] MySQL select returned 3 rows
[16-Mar-2026 10:09:32 UTC] Pages API - Incoming request - Method: POST, Payload size: 113 bytes (0.11 KB)
[16-Mar-2026 10:09:32 UTC] Pages API - Method: POST
[16-Mar-2026 10:09:32 UTC] Pages API - clerk_user_id from request: user_3AhnQJV5XslRK9dMtMXyCieGbiA
[16-Mar-2026 10:09:32 UTC] Pages API - clerk_user_id from session: user_3AhnQJV5XslRK9dMtMXyCieGbiA
[16-Mar-2026 10:09:32 UTC] Pages API - Using clerk_user_id: user_3AhnQJV5XslRK9dMtMXyCieGbiA
[16-Mar-2026 10:09:32 UTC] Pages API - Using clerk_user_id: user_3AhnQJV5XslRK9dMtMXyCieGbiA
[16-Mar-2026 10:09:32 UTC] MySQL select query: SELECT `id` FROM `users` WHERE `clerk_user_id` = :where_clerk_user_id_0
[16-Mar-2026 10:09:32 UTC] MySQL select params: {"where_clerk_user_id_0":"user_3AhnQJV5XslRK9dMtMXyCieGbiA"}
[16-Mar-2026 10:09:32 UTC] MySQL select returned 1 rows
[16-Mar-2026 10:09:32 UTC] getUserIdFromClerkId - Query result: [{"id":2}]
[16-Mar-2026 10:09:32 UTC] Pages API - User ID from database: 2
[16-Mar-2026 10:09:32 UTC] Pages API - Success! User ID: 2
[16-Mar-2026 10:09:32 UTC] Pages API POST - action='share', input_keys=action,id,clerk_user_id, raw_snippet={"action":"share","id":"ceae5b27-211f-11f1-bfcb-d85ed359730c","clerk_user_id":"user_3AhnQJV5XslRK9dMtMXyCieGbiA"}
[16-Mar-2026 10:09:32 UTC] MySQL select query: SELECT `id`, `share_token`, `is_public`, `share_slug` FROM `user_pages` WHERE `id` = :where_id_0 AND `user_id` = :where_user_id_1
[16-Mar-2026 10:09:32 UTC] MySQL select params: {"where_id_0":"ceae5b27-211f-11f1-bfcb-d85ed359730c","where_user_id_1":2}
[16-Mar-2026 10:09:32 UTC] MySQL select returned 1 rows
[16-Mar-2026 10:09:32 UTC] MySQL update query: UPDATE `user_pages` SET `is_public` = :is_public WHERE `id` = :where_id_0 AND `user_id` = :where_user_id_1
[16-Mar-2026 10:09:32 UTC] MySQL update params: {"is_public":1,"where_id_0":"ceae5b27-211f-11f1-bfcb-d85ed359730c","where_user_id_1":2}
[16-Mar-2026 10:09:32 UTC] MySQL update affected rows: 1
[16-Mar-2026 10:09:32 UTC] MySQL select query: SELECT * FROM `user_pages` WHERE `id` = :where_id_0 AND `user_id` = :where_user_id_1
[16-Mar-2026 10:09:32 UTC] MySQL select params: {"where_id_0":"ceae5b27-211f-11f1-bfcb-d85ed359730c","where_user_id_1":2}
[16-Mar-2026 10:09:32 UTC] MySQL select returned 1 rows
[16-Mar-2026 10:09:51 UTC] Successfully loaded .env from: C:\Users\Pablo\Documents\GitHub\nine-screen-canvas-flow/.env
[16-Mar-2026 10:09:51 UTC] MySQL select query: SELECT `id` FROM `users` WHERE `clerk_user_id` = :where_clerk_user_id_0
[16-Mar-2026 10:09:51 UTC] MySQL select params: {"where_clerk_user_id_0":"user_3AhnQJV5XslRK9dMtMXyCieGbiA"}
[16-Mar-2026 10:09:51 UTC] MySQL select returned 1 rows
[16-Mar-2026 10:09:51 UTC] MySQL select query: SELECT * FROM `user_pages` WHERE `id` = :where_id_0 AND `user_id` = :where_user_id_1
[16-Mar-2026 10:09:51 UTC] MySQL select params: {"where_id_0":"ceae5b27-211f-11f1-bfcb-d85ed359730c","where_user_id_1":2}
[16-Mar-2026 10:09:51 UTC] MySQL select returned 1 rows
[16-Mar-2026 10:09:51 UTC] Domain API - action=suggest, clerk_user_id=user_3AhnQJV5XslRK9dMtMXyCieGbiA
[16-Mar-2026 10:09:52 UTC] Pages API - Incoming request - Method: GET, Payload size: 0 bytes (0 KB)
[16-Mar-2026 10:09:52 UTC] Pages API - Method: GET
[16-Mar-2026 10:09:52 UTC] Pages API - clerk_user_id from request: null
[16-Mar-2026 10:09:52 UTC] Pages API - clerk_user_id from session: user_3AhnQJV5XslRK9dMtMXyCieGbiA
[16-Mar-2026 10:09:52 UTC] Pages API - Using clerk_user_id: user_3AhnQJV5XslRK9dMtMXyCieGbiA
[16-Mar-2026 10:09:52 UTC] Pages API - Using clerk_user_id: user_3AhnQJV5XslRK9dMtMXyCieGbiA
[16-Mar-2026 10:09:52 UTC] MySQL select query: SELECT `id` FROM `users` WHERE `clerk_user_id` = :where_clerk_user_id_0
[16-Mar-2026 10:09:52 UTC] MySQL select params: {"where_clerk_user_id_0":"user_3AhnQJV5XslRK9dMtMXyCieGbiA"}
[16-Mar-2026 10:09:52 UTC] MySQL select returned 1 rows
[16-Mar-2026 10:09:52 UTC] getUserIdFromClerkId - Query result: [{"id":2}]
[16-Mar-2026 10:09:52 UTC] Pages API - User ID from database: 2
[16-Mar-2026 10:09:52 UTC] Pages API - Success! User ID: 2
[16-Mar-2026 10:09:52 UTC] MySQL select query: SELECT `id`, `title`, `thumbnail_url`, `is_favorite`, `is_public`, `share_token`, `share_slug`, `last_accessed`, `created_at`, `updated_at` FROM `user_pages` WHERE `user_id` = :where_user_id_0 ORDER BY COALESCE(`last_accessed`, '1970-01-01 00:00:00') DESC
[16-Mar-2026 10:09:52 UTC] MySQL select params: {"where_user_id_0":2}
[16-Mar-2026 10:09:52 UTC] MySQL select returned 3 rows
[16-Mar-2026 10:09:54 UTC] Pages API - Incoming request - Method: GET, Payload size: 0 bytes (0 KB)
[16-Mar-2026 10:09:54 UTC] Pages API - Method: GET
[16-Mar-2026 10:09:54 UTC] Pages API - clerk_user_id from request: null
[16-Mar-2026 10:09:54 UTC] Pages API - clerk_user_id from session: user_3AhnQJV5XslRK9dMtMXyCieGbiA
[16-Mar-2026 10:09:54 UTC] Pages API - Using clerk_user_id: user_3AhnQJV5XslRK9dMtMXyCieGbiA
[16-Mar-2026 10:09:54 UTC] Pages API - Using clerk_user_id: user_3AhnQJV5XslRK9dMtMXyCieGbiA
[16-Mar-2026 10:09:54 UTC] MySQL select query: SELECT `id` FROM `users` WHERE `clerk_user_id` = :where_clerk_user_id_0
[16-Mar-2026 10:09:54 UTC] MySQL select params: {"where_clerk_user_id_0":"user_3AhnQJV5XslRK9dMtMXyCieGbiA"}
[16-Mar-2026 10:09:54 UTC] MySQL select returned 1 rows
[16-Mar-2026 10:09:54 UTC] getUserIdFromClerkId - Query result: [{"id":2}]
[16-Mar-2026 10:09:54 UTC] Pages API - User ID from database: 2
[16-Mar-2026 10:09:54 UTC] Pages API - Success! User ID: 2
[16-Mar-2026 10:09:54 UTC] MySQL select query: SELECT `id`, `title`, `thumbnail_url`, `is_favorite`, `is_public`, `share_token`, `share_slug`, `last_accessed`, `created_at`, `updated_at` FROM `user_pages` WHERE `user_id` = :where_user_id_0 ORDER BY COALESCE(`last_accessed`, '1970-01-01 00:00:00') DESC
[16-Mar-2026 10:09:54 UTC] MySQL select params: {"where_user_id_0":2}
[16-Mar-2026 10:09:54 UTC] MySQL select returned 3 rows
[16-Mar-2026 10:09:59 UTC] Pages API - Incoming request - Method: PUT, Payload size: 114 bytes (0.11 KB)
[16-Mar-2026 10:09:59 UTC] Pages API - Method: PUT
[16-Mar-2026 10:09:59 UTC] Pages API - clerk_user_id from request: user_3AhnQJV5XslRK9dMtMXyCieGbiA
[16-Mar-2026 10:09:59 UTC] Pages API - clerk_user_id from session: user_3AhnQJV5XslRK9dMtMXyCieGbiA
[16-Mar-2026 10:09:59 UTC] Pages API - Using clerk_user_id: user_3AhnQJV5XslRK9dMtMXyCieGbiA
[16-Mar-2026 10:09:59 UTC] Pages API - Using clerk_user_id: user_3AhnQJV5XslRK9dMtMXyCieGbiA
[16-Mar-2026 10:09:59 UTC] MySQL select query: SELECT `id` FROM `users` WHERE `clerk_user_id` = :where_clerk_user_id_0
[16-Mar-2026 10:09:59 UTC] MySQL select params: {"where_clerk_user_id_0":"user_3AhnQJV5XslRK9dMtMXyCieGbiA"}
[16-Mar-2026 10:09:59 UTC] MySQL select returned 1 rows
[16-Mar-2026 10:09:59 UTC] getUserIdFromClerkId - Query result: [{"id":2}]
[16-Mar-2026 10:09:59 UTC] Pages API - User ID from database: 2
[16-Mar-2026 10:09:59 UTC] Pages API - Success! User ID: 2
[16-Mar-2026 10:09:59 UTC] MySQL select query: SELECT `id`, `updated_at` FROM `user_pages` WHERE `id` = :where_id_0 AND `user_id` = :where_user_id_1
[16-Mar-2026 10:09:59 UTC] MySQL select params: {"where_id_0":"ceae5b27-211f-11f1-bfcb-d85ed359730c","where_user_id_1":2}
[16-Mar-2026 10:09:59 UTC] MySQL select returned 1 rows
[16-Mar-2026 10:09:59 UTC] MySQL update query: UPDATE `user_pages` SET `is_public` = :is_public, `last_accessed` = :last_accessed, `updated_at` = :updated_at WHERE `id` = :where_id_0 AND `user_id` = :where_user_id_1
[16-Mar-2026 10:09:59 UTC] MySQL update params: {"is_public":0,"last_accessed":"2026-03-16 10:09:59","updated_at":"2026-03-16 10:09:59","where_id_0":"ceae5b27-211f-11f1-bfcb-d85ed359730c","where_user_id_1":2}
[16-Mar-2026 10:09:59 UTC] MySQL update affected rows: 1
[16-Mar-2026 10:09:59 UTC] MySQL select query: SELECT * FROM `user_pages` WHERE `id` = :where_id_0 AND `user_id` = :where_user_id_1
[16-Mar-2026 10:09:59 UTC] MySQL select params: {"where_id_0":"ceae5b27-211f-11f1-bfcb-d85ed359730c","where_user_id_1":2}
[16-Mar-2026 10:09:59 UTC] MySQL select returned 1 rows
[16-Mar-2026 10:09:59 UTC] Pages API - Incoming request - Method: GET, Payload size: 0 bytes (0 KB)
[16-Mar-2026 10:09:59 UTC] Pages API - Method: GET
[16-Mar-2026 10:09:59 UTC] Pages API - clerk_user_id from request: null
[16-Mar-2026 10:09:59 UTC] Pages API - clerk_user_id from session: user_3AhnQJV5XslRK9dMtMXyCieGbiA
[16-Mar-2026 10:09:59 UTC] Pages API - Using clerk_user_id: user_3AhnQJV5XslRK9dMtMXyCieGbiA
[16-Mar-2026 10:09:59 UTC] Pages API - Using clerk_user_id: user_3AhnQJV5XslRK9dMtMXyCieGbiA
[16-Mar-2026 10:09:59 UTC] MySQL select query: SELECT `id` FROM `users` WHERE `clerk_user_id` = :where_clerk_user_id_0
[16-Mar-2026 10:09:59 UTC] MySQL select params: {"where_clerk_user_id_0":"user_3AhnQJV5XslRK9dMtMXyCieGbiA"}
[16-Mar-2026 10:09:59 UTC] MySQL select returned 1 rows
[16-Mar-2026 10:09:59 UTC] getUserIdFromClerkId - Query result: [{"id":2}]
[16-Mar-2026 10:09:59 UTC] Pages API - User ID from database: 2
[16-Mar-2026 10:09:59 UTC] Pages API - Success! User ID: 2
[16-Mar-2026 10:09:59 UTC] MySQL select query: SELECT `id`, `title`, `thumbnail_url`, `is_favorite`, `is_public`, `share_token`, `share_slug`, `last_accessed`, `created_at`, `updated_at` FROM `user_pages` WHERE `user_id` = :where_user_id_0 ORDER BY COALESCE(`last_accessed`, '1970-01-01 00:00:00') DESC
[16-Mar-2026 10:09:59 UTC] MySQL select params: {"where_user_id_0":2}
[16-Mar-2026 10:09:59 UTC] MySQL select returned 3 rows
[16-Mar-2026 10:09:59 UTC] Pages API - Incoming request - Method: GET, Payload size: 0 bytes (0 KB)
[16-Mar-2026 10:09:59 UTC] Pages API - Method: GET
[16-Mar-2026 10:09:59 UTC] Pages API - clerk_user_id from request: null
[16-Mar-2026 10:09:59 UTC] Pages API - clerk_user_id from session: user_3AhnQJV5XslRK9dMtMXyCieGbiA
[16-Mar-2026 10:09:59 UTC] Pages API - Using clerk_user_id: user_3AhnQJV5XslRK9dMtMXyCieGbiA
[16-Mar-2026 10:09:59 UTC] Pages API - Using clerk_user_id: user_3AhnQJV5XslRK9dMtMXyCieGbiA
[16-Mar-2026 10:09:59 UTC] MySQL select query: SELECT `id` FROM `users` WHERE `clerk_user_id` = :where_clerk_user_id_0
[16-Mar-2026 10:09:59 UTC] MySQL select params: {"where_clerk_user_id_0":"user_3AhnQJV5XslRK9dMtMXyCieGbiA"}
[16-Mar-2026 10:09:59 UTC] MySQL select returned 1 rows
[16-Mar-2026 10:09:59 UTC] getUserIdFromClerkId - Query result: [{"id":2}]
[16-Mar-2026 10:09:59 UTC] Pages API - User ID from database: 2
[16-Mar-2026 10:09:59 UTC] Pages API - Success! User ID: 2
[16-Mar-2026 10:09:59 UTC] MySQL select query: SELECT `id`, `title`, `thumbnail_url`, `is_favorite`, `is_public`, `share_token`, `share_slug`, `last_accessed`, `created_at`, `updated_at` FROM `user_pages` WHERE `user_id` = :where_user_id_0 ORDER BY COALESCE(`last_accessed`, '1970-01-01 00:00:00') DESC
[16-Mar-2026 10:09:59 UTC] MySQL select params: {"where_user_id_0":2}
[16-Mar-2026 10:09:59 UTC] MySQL select returned 3 rows
[16-Mar-2026 10:10:02 UTC] Successfully loaded .env from: C:\Users\Pablo\Documents\GitHub\nine-screen-canvas-flow/.env
[16-Mar-2026 10:10:02 UTC] MySQL select query: SELECT `id` FROM `users` WHERE `clerk_user_id` = :where_clerk_user_id_0
[16-Mar-2026 10:10:02 UTC] MySQL select params: {"where_clerk_user_id_0":"user_3AhnQJV5XslRK9dMtMXyCieGbiA"}
[16-Mar-2026 10:10:02 UTC] MySQL select returned 1 rows
[16-Mar-2026 10:10:02 UTC] MySQL select query: SELECT * FROM `user_pages` WHERE `id` = :where_id_0 AND `user_id` = :where_user_id_1
[16-Mar-2026 10:10:02 UTC] MySQL select params: {"where_id_0":"ceae5b27-211f-11f1-bfcb-d85ed359730c","where_user_id_1":2}
[16-Mar-2026 10:10:02 UTC] MySQL select returned 1 rows
[16-Mar-2026 10:10:02 UTC] Domain API - action=suggest, clerk_user_id=user_3AhnQJV5XslRK9dMtMXyCieGbiA
[16-Mar-2026 10:10:03 UTC] Pages API - Incoming request - Method: GET, Payload size: 0 bytes (0 KB)
[16-Mar-2026 10:10:03 UTC] Pages API - Method: GET
[16-Mar-2026 10:10:03 UTC] Pages API - clerk_user_id from request: null
[16-Mar-2026 10:10:03 UTC] Pages API - clerk_user_id from session: user_3AhnQJV5XslRK9dMtMXyCieGbiA
[16-Mar-2026 10:10:03 UTC] Pages API - Using clerk_user_id: user_3AhnQJV5XslRK9dMtMXyCieGbiA
[16-Mar-2026 10:10:03 UTC] Pages API - Using clerk_user_id: user_3AhnQJV5XslRK9dMtMXyCieGbiA
[16-Mar-2026 10:10:03 UTC] MySQL select query: SELECT `id` FROM `users` WHERE `clerk_user_id` = :where_clerk_user_id_0
[16-Mar-2026 10:10:03 UTC] MySQL select params: {"where_clerk_user_id_0":"user_3AhnQJV5XslRK9dMtMXyCieGbiA"}
[16-Mar-2026 10:10:03 UTC] MySQL select returned 1 rows
[16-Mar-2026 10:10:03 UTC] getUserIdFromClerkId - Query result: [{"id":2}]
[16-Mar-2026 10:10:03 UTC] Pages API - User ID from database: 2
[16-Mar-2026 10:10:03 UTC] Pages API - Success! User ID: 2
[16-Mar-2026 10:10:03 UTC] MySQL select query: SELECT `id`, `title`, `thumbnail_url`, `is_favorite`, `is_public`, `share_token`, `share_slug`, `last_accessed`, `created_at`, `updated_at` FROM `user_pages` WHERE `user_id` = :where_user_id_0 ORDER BY COALESCE(`last_accessed`, '1970-01-01 00:00:00') DESC
[16-Mar-2026 10:10:03 UTC] MySQL select params: {"where_user_id_0":2}
[16-Mar-2026 10:10:03 UTC] MySQL select returned 3 rows
[16-Mar-2026 10:10:04 UTC] Pages API - Incoming request - Method: GET, Payload size: 0 bytes (0 KB)
[16-Mar-2026 10:10:04 UTC] Pages API - Method: GET
[16-Mar-2026 10:10:04 UTC] Pages API - clerk_user_id from request: null
[16-Mar-2026 10:10:04 UTC] Pages API - clerk_user_id from session: user_3AhnQJV5XslRK9dMtMXyCieGbiA
[16-Mar-2026 10:10:04 UTC] Pages API - Using clerk_user_id: user_3AhnQJV5XslRK9dMtMXyCieGbiA
[16-Mar-2026 10:10:04 UTC] Pages API - Using clerk_user_id: user_3AhnQJV5XslRK9dMtMXyCieGbiA
[16-Mar-2026 10:10:04 UTC] MySQL select query: SELECT `id` FROM `users` WHERE `clerk_user_id` = :where_clerk_user_id_0
[16-Mar-2026 10:10:04 UTC] MySQL select params: {"where_clerk_user_id_0":"user_3AhnQJV5XslRK9dMtMXyCieGbiA"}
[16-Mar-2026 10:10:04 UTC] MySQL select returned 1 rows
[16-Mar-2026 10:10:04 UTC] getUserIdFromClerkId - Query result: [{"id":2}]
[16-Mar-2026 10:10:04 UTC] Pages API - User ID from database: 2
[16-Mar-2026 10:10:04 UTC] Pages API - Success! User ID: 2
[16-Mar-2026 10:10:04 UTC] MySQL select query: SELECT `id`, `title`, `thumbnail_url`, `is_favorite`, `is_public`, `share_token`, `share_slug`, `last_accessed`, `created_at`, `updated_at` FROM `user_pages` WHERE `user_id` = :where_user_id_0 ORDER BY COALESCE(`last_accessed`, '1970-01-01 00:00:00') DESC
[16-Mar-2026 10:10:04 UTC] MySQL select params: {"where_user_id_0":2}
[16-Mar-2026 10:10:04 UTC] MySQL select returned 3 rows
[16-Mar-2026 10:10:11 UTC] Pages API - Incoming request - Method: GET, Payload size: 0 bytes (0 KB)
[16-Mar-2026 10:10:11 UTC] Pages API - Method: GET
[16-Mar-2026 10:10:11 UTC] Pages API - clerk_user_id from request: null
[16-Mar-2026 10:10:11 UTC] Pages API - clerk_user_id from session: user_3AhnQJV5XslRK9dMtMXyCieGbiA
[16-Mar-2026 10:10:11 UTC] Pages API - Using clerk_user_id: user_3AhnQJV5XslRK9dMtMXyCieGbiA
[16-Mar-2026 10:10:11 UTC] Pages API - Using clerk_user_id: user_3AhnQJV5XslRK9dMtMXyCieGbiA
[16-Mar-2026 10:10:11 UTC] MySQL select query: SELECT `id` FROM `users` WHERE `clerk_user_id` = :where_clerk_user_id_0
[16-Mar-2026 10:10:11 UTC] MySQL select params: {"where_clerk_user_id_0":"user_3AhnQJV5XslRK9dMtMXyCieGbiA"}
[16-Mar-2026 10:10:11 UTC] MySQL select returned 1 rows
[16-Mar-2026 10:10:11 UTC] getUserIdFromClerkId - Query result: [{"id":2}]
[16-Mar-2026 10:10:11 UTC] Pages API - User ID from database: 2
[16-Mar-2026 10:10:11 UTC] Pages API - Success! User ID: 2
[16-Mar-2026 10:10:11 UTC] MySQL select query: SELECT `id`, `title`, `thumbnail_url`, `is_favorite`, `is_public`, `share_token`, `share_slug`, `last_accessed`, `created_at`, `updated_at` FROM `user_pages` WHERE `user_id` = :where_user_id_0 ORDER BY COALESCE(`last_accessed`, '1970-01-01 00:00:00') DESC
[16-Mar-2026 10:10:11 UTC] MySQL select params: {"where_user_id_0":2}
[16-Mar-2026 10:10:11 UTC] MySQL select returned 3 rows
[16-Mar-2026 10:10:13 UTC] Pages API - Incoming request - Method: GET, Payload size: 0 bytes (0 KB)
[16-Mar-2026 10:10:13 UTC] Pages API - Method: GET
[16-Mar-2026 10:10:13 UTC] Pages API - clerk_user_id from request: null
[16-Mar-2026 10:10:13 UTC] Pages API - clerk_user_id from session: user_3AhnQJV5XslRK9dMtMXyCieGbiA
[16-Mar-2026 10:10:13 UTC] Pages API - Using clerk_user_id: user_3AhnQJV5XslRK9dMtMXyCieGbiA
[16-Mar-2026 10:10:13 UTC] Pages API - Using clerk_user_id: user_3AhnQJV5XslRK9dMtMXyCieGbiA
[16-Mar-2026 10:10:13 UTC] MySQL select query: SELECT `id` FROM `users` WHERE `clerk_user_id` = :where_clerk_user_id_0
[16-Mar-2026 10:10:13 UTC] MySQL select params: {"where_clerk_user_id_0":"user_3AhnQJV5XslRK9dMtMXyCieGbiA"}
[16-Mar-2026 10:10:13 UTC] MySQL select returned 1 rows
[16-Mar-2026 10:10:13 UTC] getUserIdFromClerkId - Query result: [{"id":2}]
[16-Mar-2026 10:10:13 UTC] Pages API - User ID from database: 2
[16-Mar-2026 10:10:13 UTC] Pages API - Success! User ID: 2
[16-Mar-2026 10:10:13 UTC] MySQL select query: SELECT `id`, `title`, `thumbnail_url`, `is_favorite`, `is_public`, `share_token`, `share_slug`, `last_accessed`, `created_at`, `updated_at` FROM `user_pages` WHERE `user_id` = :where_user_id_0 ORDER BY COALESCE(`last_accessed`, '1970-01-01 00:00:00') DESC
[16-Mar-2026 10:10:13 UTC] MySQL select params: {"where_user_id_0":2}
[16-Mar-2026 10:10:13 UTC] MySQL select returned 3 rows
[16-Mar-2026 10:10:26 UTC] Domain API - action=suggest, clerk_user_id=user_3AhnQJV5XslRK9dMtMXyCieGbiA
[16-Mar-2026 10:10:27 UTC] Pages API - Incoming request - Method: POST, Payload size: 225 bytes (0.22 KB)
[16-Mar-2026 10:10:27 UTC] Pages API - Method: POST
[16-Mar-2026 10:10:27 UTC] Pages API - clerk_user_id from request: user_3AhnQJV5XslRK9dMtMXyCieGbiA
[16-Mar-2026 10:10:27 UTC] Pages API - clerk_user_id from session: user_3AhnQJV5XslRK9dMtMXyCieGbiA
[16-Mar-2026 10:10:27 UTC] Pages API - Using clerk_user_id: user_3AhnQJV5XslRK9dMtMXyCieGbiA
[16-Mar-2026 10:10:27 UTC] Pages API - Using clerk_user_id: user_3AhnQJV5XslRK9dMtMXyCieGbiA
[16-Mar-2026 10:10:27 UTC] MySQL select query: SELECT `id` FROM `users` WHERE `clerk_user_id` = :where_clerk_user_id_0
[16-Mar-2026 10:10:27 UTC] MySQL select params: {"where_clerk_user_id_0":"user_3AhnQJV5XslRK9dMtMXyCieGbiA"}
[16-Mar-2026 10:10:27 UTC] MySQL select returned 1 rows
[16-Mar-2026 10:10:27 UTC] getUserIdFromClerkId - Query result: [{"id":2}]
[16-Mar-2026 10:10:27 UTC] Pages API - User ID from database: 2
[16-Mar-2026 10:10:27 UTC] Pages API - Success! User ID: 2
[16-Mar-2026 10:10:27 UTC] Pages API POST - action='create', input_keys=action,title,data,clerk_user_id, raw_snippet={"action":"create","title":"propage","data":{"fullHtml":"","theme":"theme-light-minimal","fullpageEnabled":false,"animat
[16-Mar-2026 10:10:27 UTC] MySQL select query: SELECT * FROM `user_pages` WHERE `id` = :where_id_0
[16-Mar-2026 10:10:27 UTC] MySQL select params: {"where_id_0":"5af95f14-2120-11f1-bfcb-d85ed359730c"}
[16-Mar-2026 10:10:27 UTC] MySQL select returned 1 rows
[16-Mar-2026 10:10:27 UTC] Pages API - Incoming request - Method: GET, Payload size: 0 bytes (0 KB)
[16-Mar-2026 10:10:27 UTC] Pages API - Method: GET
[16-Mar-2026 10:10:27 UTC] Pages API - clerk_user_id from request: null
[16-Mar-2026 10:10:27 UTC] Pages API - clerk_user_id from session: user_3AhnQJV5XslRK9dMtMXyCieGbiA
[16-Mar-2026 10:10:27 UTC] Pages API - Using clerk_user_id: user_3AhnQJV5XslRK9dMtMXyCieGbiA
[16-Mar-2026 10:10:27 UTC] Pages API - Using clerk_user_id: user_3AhnQJV5XslRK9dMtMXyCieGbiA
[16-Mar-2026 10:10:27 UTC] MySQL select query: SELECT `id` FROM `users` WHERE `clerk_user_id` = :where_clerk_user_id_0
[16-Mar-2026 10:10:27 UTC] MySQL select params: {"where_clerk_user_id_0":"user_3AhnQJV5XslRK9dMtMXyCieGbiA"}
[16-Mar-2026 10:10:27 UTC] MySQL select returned 1 rows
[16-Mar-2026 10:10:27 UTC] getUserIdFromClerkId - Query result: [{"id":2}]
[16-Mar-2026 10:10:27 UTC] Pages API - User ID from database: 2
[16-Mar-2026 10:10:27 UTC] Pages API - Success! User ID: 2
[16-Mar-2026 10:10:27 UTC] MySQL select query: SELECT `id`, `title`, `thumbnail_url`, `is_favorite`, `is_public`, `share_token`, `share_slug`, `last_accessed`, `created_at`, `updated_at` FROM `user_pages` WHERE `user_id` = :where_user_id_0 ORDER BY COALESCE(`last_accessed`, '1970-01-01 00:00:00') DESC
[16-Mar-2026 10:10:27 UTC] MySQL select params: {"where_user_id_0":2}
[16-Mar-2026 10:10:27 UTC] MySQL select returned 4 rows
[16-Mar-2026 10:10:28 UTC] Pages API - Incoming request - Method: GET, Payload size: 0 bytes (0 KB)
[16-Mar-2026 10:10:28 UTC] Pages API - Method: GET
[16-Mar-2026 10:10:28 UTC] Pages API - clerk_user_id from request: null
[16-Mar-2026 10:10:28 UTC] Pages API - clerk_user_id from session: user_3AhnQJV5XslRK9dMtMXyCieGbiA
[16-Mar-2026 10:10:28 UTC] Pages API - Using clerk_user_id: user_3AhnQJV5XslRK9dMtMXyCieGbiA
[16-Mar-2026 10:10:28 UTC] Pages API - Using clerk_user_id: user_3AhnQJV5XslRK9dMtMXyCieGbiA
[16-Mar-2026 10:10:28 UTC] MySQL select query: SELECT `id` FROM `users` WHERE `clerk_user_id` = :where_clerk_user_id_0
[16-Mar-2026 10:10:28 UTC] MySQL select params: {"where_clerk_user_id_0":"user_3AhnQJV5XslRK9dMtMXyCieGbiA"}
[16-Mar-2026 10:10:28 UTC] MySQL select returned 1 rows
[16-Mar-2026 10:10:28 UTC] getUserIdFromClerkId - Query result: [{"id":2}]
[16-Mar-2026 10:10:28 UTC] Pages API - User ID from database: 2
[16-Mar-2026 10:10:28 UTC] Pages API - Success! User ID: 2
[16-Mar-2026 10:10:28 UTC] MySQL select query: SELECT `id`, `title`, `thumbnail_url`, `is_favorite`, `is_public`, `share_token`, `share_slug`, `last_accessed`, `created_at`, `updated_at` FROM `user_pages` WHERE `user_id` = :where_user_id_0 ORDER BY COALESCE(`last_accessed`, '1970-01-01 00:00:00') DESC
[16-Mar-2026 10:10:28 UTC] MySQL select params: {"where_user_id_0":2}
[16-Mar-2026 10:10:28 UTC] MySQL select returned 4 rows
[16-Mar-2026 10:10:28 UTC] Pages API - Incoming request - Method: PUT, Payload size: 48,402 bytes (47.27 KB)
[16-Mar-2026 10:10:28 UTC] Pages API - Method: PUT
[16-Mar-2026 10:10:28 UTC] Pages API - clerk_user_id from request: user_3AhnQJV5XslRK9dMtMXyCieGbiA
[16-Mar-2026 10:10:28 UTC] Pages API - clerk_user_id from session: user_3AhnQJV5XslRK9dMtMXyCieGbiA
[16-Mar-2026 10:10:28 UTC] Pages API - Using clerk_user_id: user_3AhnQJV5XslRK9dMtMXyCieGbiA
[16-Mar-2026 10:10:28 UTC] Pages API - Using clerk_user_id: user_3AhnQJV5XslRK9dMtMXyCieGbiA
[16-Mar-2026 10:10:28 UTC] MySQL select query: SELECT `id` FROM `users` WHERE `clerk_user_id` = :where_clerk_user_id_0
[16-Mar-2026 10:10:28 UTC] MySQL select params: {"where_clerk_user_id_0":"user_3AhnQJV5XslRK9dMtMXyCieGbiA"}
[16-Mar-2026 10:10:28 UTC] MySQL select returned 1 rows
[16-Mar-2026 10:10:28 UTC] getUserIdFromClerkId - Query result: [{"id":2}]
[16-Mar-2026 10:10:28 UTC] Pages API - User ID from database: 2
[16-Mar-2026 10:10:28 UTC] Pages API - Success! User ID: 2
[16-Mar-2026 10:10:28 UTC] MySQL select query: SELECT `id`, `updated_at` FROM `user_pages` WHERE `id` = :where_id_0 AND `user_id` = :where_user_id_1
[16-Mar-2026 10:10:28 UTC] MySQL select params: {"where_id_0":"5af95f14-2120-11f1-bfcb-d85ed359730c","where_user_id_1":2}
[16-Mar-2026 10:10:28 UTC] MySQL select returned 1 rows
[16-Mar-2026 10:10:28 UTC] MySQL update query: UPDATE `user_pages` SET `title` = :title, `data` = :data, `last_accessed` = :last_accessed, `updated_at` = :updated_at WHERE `id` = :where_id_0 AND `user_id` = :where_user_id_1
[16-Mar-2026 10:10:28 UTC] MySQL update params: {"title":"propage","data":"{\"fullHtml\":\"\\n                <!-- NAV -->\\n    <...[truncated]","last_accessed":"2026-03-16 10:10:28","updated_at":"2026-03-16 10:10:28","where_id_0":"5af95f14-2120-11f1-bfcb-d85ed359730c","where_user_id_1":2}
[16-Mar-2026 10:10:28 UTC] MySQL update affected rows: 1
[16-Mar-2026 10:10:28 UTC] MySQL select query: SELECT * FROM `user_pages` WHERE `id` = :where_id_0 AND `user_id` = :where_user_id_1
[16-Mar-2026 10:10:28 UTC] MySQL select params: {"where_id_0":"5af95f14-2120-11f1-bfcb-d85ed359730c","where_user_id_1":2}
[16-Mar-2026 10:10:28 UTC] MySQL select returned 1 rows
[16-Mar-2026 10:10:33 UTC] Domain API - action=lookup, clerk_user_id=user_3AhnQJV5XslRK9dMtMXyCieGbiA
[16-Mar-2026 10:10:38 UTC] Pages API - Incoming request - Method: POST, Payload size: 168 bytes (0.16 KB)
[16-Mar-2026 10:10:38 UTC] Pages API - Method: POST
[16-Mar-2026 10:10:38 UTC] Pages API - clerk_user_id from request: user_3AhnQJV5XslRK9dMtMXyCieGbiA
[16-Mar-2026 10:10:38 UTC] Pages API - clerk_user_id from session: user_3AhnQJV5XslRK9dMtMXyCieGbiA
[16-Mar-2026 10:10:38 UTC] Pages API - Using clerk_user_id: user_3AhnQJV5XslRK9dMtMXyCieGbiA
[16-Mar-2026 10:10:38 UTC] Pages API - Using clerk_user_id: user_3AhnQJV5XslRK9dMtMXyCieGbiA
[16-Mar-2026 10:10:38 UTC] MySQL select query: SELECT `id` FROM `users` WHERE `clerk_user_id` = :where_clerk_user_id_0
[16-Mar-2026 10:10:38 UTC] MySQL select params: {"where_clerk_user_id_0":"user_3AhnQJV5XslRK9dMtMXyCieGbiA"}
[16-Mar-2026 10:10:38 UTC] MySQL select returned 1 rows
[16-Mar-2026 10:10:38 UTC] getUserIdFromClerkId - Query result: [{"id":2}]
[16-Mar-2026 10:10:38 UTC] Pages API - User ID from database: 2
[16-Mar-2026 10:10:38 UTC] Pages API - Success! User ID: 2
[16-Mar-2026 10:10:38 UTC] Pages API POST - action='publish-domain', input_keys=action,id,clerk_user_id,domain,share_slug, raw_snippet={"action":"publish-domain","id":"5af95f14-2120-11f1-bfcb-d85ed359730c","clerk_user_id":"user_3AhnQJV5XslRK9dMtMXyCieGbiA
[16-Mar-2026 10:10:38 UTC] publishPageWithDomain - START: pageId=5af95f14-2120-11f1-bfcb-d85ed359730c, userId=2, domain=propage.com
[16-Mar-2026 10:10:38 UTC] MySQL select query: SELECT `id`, `share_token`, `is_public` FROM `user_pages` WHERE `id` = :where_id_0 AND `user_id` = :where_user_id_1
[16-Mar-2026 10:10:38 UTC] MySQL select params: {"where_id_0":"5af95f14-2120-11f1-bfcb-d85ed359730c","where_user_id_1":2}
[16-Mar-2026 10:10:38 UTC] MySQL select returned 1 rows
[16-Mar-2026 10:10:41 UTC] publishPageWithDomain - OpenSRS registration OK for propage.com
[16-Mar-2026 10:10:41 UTC] MySQL update query: UPDATE `user_pages` SET `share_slug` = :share_slug, `is_public` = :is_public, `share_token` = :share_token, `custom_domain` = :custom_domain WHERE `id` = :where_id_0 AND `user_id` = :where_user_id_1
[16-Mar-2026 10:10:41 UTC] MySQL update params: {"share_slug":"propage.com","is_public":1,"share_token":"889f50c2-d624-4e67-b2a6-6f097d30aae5","custom_domain":"propage.com","where_id_0":"5af95f14-2120-11f1-bfcb-d85ed359730c","where_user_id_1":2}
[16-Mar-2026 10:10:41 UTC] MySQL update error: SQLSTATE[42S22]: Column not found: 1054 Unknown column 'custom_domain' in 'field list'
[16-Mar-2026 10:10:41 UTC] MySQL update failed SQL: UPDATE `user_pages` SET `share_slug` = :share_slug, `is_public` = :is_public, `share_token` = :share_token, `custom_domain` = :custom_domain WHERE `id` = :where_id_0 AND `user_id` = :where_user_id_1
[16-Mar-2026 10:10:41 UTC] publishPageWithDomain - custom_domain column missing, saving without it: Failed to update user_pages: SQLSTATE[42S22]: Column not found: 1054 Unknown column 'custom_domain' in 'field list'
[16-Mar-2026 10:10:41 UTC] MySQL update query: UPDATE `user_pages` SET `share_slug` = :share_slug, `is_public` = :is_public, `share_token` = :share_token WHERE `id` = :where_id_0 AND `user_id` = :where_user_id_1
[16-Mar-2026 10:10:41 UTC] MySQL update params: {"share_slug":"propage.com","is_public":1,"share_token":"889f50c2-d624-4e67-b2a6-6f097d30aae5","where_id_0":"5af95f14-2120-11f1-bfcb-d85ed359730c","where_user_id_1":2}
[16-Mar-2026 10:10:41 UTC] MySQL update affected rows: 1
[16-Mar-2026 10:10:41 UTC] MySQL select query: SELECT * FROM `user_pages` WHERE `id` = :where_id_0 AND `user_id` = :where_user_id_1
[16-Mar-2026 10:10:41 UTC] MySQL select params: {"where_id_0":"5af95f14-2120-11f1-bfcb-d85ed359730c","where_user_id_1":2}
[16-Mar-2026 10:10:41 UTC] MySQL select returned 1 rows
[16-Mar-2026 10:10:41 UTC] publishPageWithDomain - SUCCESS: url=https://propage.com
[16-Mar-2026 10:11:04 UTC] Pages API - Incoming request - Method: POST, Payload size: 113 bytes (0.11 KB)
[16-Mar-2026 10:11:04 UTC] Pages API - Method: POST
[16-Mar-2026 10:11:04 UTC] Pages API - clerk_user_id from request: user_3AhnQJV5XslRK9dMtMXyCieGbiA
[16-Mar-2026 10:11:04 UTC] Pages API - clerk_user_id from session: user_3AhnQJV5XslRK9dMtMXyCieGbiA
[16-Mar-2026 10:11:04 UTC] Pages API - Using clerk_user_id: user_3AhnQJV5XslRK9dMtMXyCieGbiA
[16-Mar-2026 10:11:04 UTC] Pages API - Using clerk_user_id: user_3AhnQJV5XslRK9dMtMXyCieGbiA
[16-Mar-2026 10:11:04 UTC] MySQL select query: SELECT `id` FROM `users` WHERE `clerk_user_id` = :where_clerk_user_id_0
[16-Mar-2026 10:11:04 UTC] MySQL select params: {"where_clerk_user_id_0":"user_3AhnQJV5XslRK9dMtMXyCieGbiA"}
[16-Mar-2026 10:11:04 UTC] MySQL select returned 1 rows
[16-Mar-2026 10:11:04 UTC] getUserIdFromClerkId - Query result: [{"id":2}]
[16-Mar-2026 10:11:04 UTC] Pages API - User ID from database: 2
[16-Mar-2026 10:11:04 UTC] Pages API - Success! User ID: 2
[16-Mar-2026 10:11:04 UTC] Pages API POST - action='share', input_keys=action,id,clerk_user_id, raw_snippet={"action":"share","id":"5af95f14-2120-11f1-bfcb-d85ed359730c","clerk_user_id":"user_3AhnQJV5XslRK9dMtMXyCieGbiA"}
[16-Mar-2026 10:11:04 UTC] MySQL select query: SELECT `id`, `share_token`, `is_public`, `share_slug` FROM `user_pages` WHERE `id` = :where_id_0 AND `user_id` = :where_user_id_1
[16-Mar-2026 10:11:04 UTC] MySQL select params: {"where_id_0":"5af95f14-2120-11f1-bfcb-d85ed359730c","where_user_id_1":2}
[16-Mar-2026 10:11:04 UTC] MySQL select returned 1 rows
[16-Mar-2026 10:12:54 UTC] Pages API - Incoming request - Method: POST, Payload size: 113 bytes (0.11 KB)
[16-Mar-2026 10:12:54 UTC] Pages API - Method: POST
[16-Mar-2026 10:12:54 UTC] Pages API - clerk_user_id from request: user_3AhnQJV5XslRK9dMtMXyCieGbiA
[16-Mar-2026 10:12:54 UTC] Pages API - clerk_user_id from session: user_3AhnQJV5XslRK9dMtMXyCieGbiA
[16-Mar-2026 10:12:54 UTC] Pages API - Using clerk_user_id: user_3AhnQJV5XslRK9dMtMXyCieGbiA
[16-Mar-2026 10:12:54 UTC] Pages API - Using clerk_user_id: user_3AhnQJV5XslRK9dMtMXyCieGbiA
[16-Mar-2026 10:12:54 UTC] MySQL select query: SELECT `id` FROM `users` WHERE `clerk_user_id` = :where_clerk_user_id_0
[16-Mar-2026 10:12:54 UTC] MySQL select params: {"where_clerk_user_id_0":"user_3AhnQJV5XslRK9dMtMXyCieGbiA"}
[16-Mar-2026 10:12:54 UTC] MySQL select returned 1 rows
[16-Mar-2026 10:12:54 UTC] getUserIdFromClerkId - Query result: [{"id":2}]
[16-Mar-2026 10:12:54 UTC] Pages API - User ID from database: 2
[16-Mar-2026 10:12:54 UTC] Pages API - Success! User ID: 2
[16-Mar-2026 10:12:54 UTC] Pages API POST - action='share', input_keys=action,id,clerk_user_id, raw_snippet={"action":"share","id":"5af95f14-2120-11f1-bfcb-d85ed359730c","clerk_user_id":"user_3AhnQJV5XslRK9dMtMXyCieGbiA"}
[16-Mar-2026 10:12:54 UTC] MySQL select query: SELECT `id`, `share_token`, `is_public`, `share_slug` FROM `user_pages` WHERE `id` = :where_id_0 AND `user_id` = :where_user_id_1
[16-Mar-2026 10:12:54 UTC] MySQL select params: {"where_id_0":"5af95f14-2120-11f1-bfcb-d85ed359730c","where_user_id_1":2}
[16-Mar-2026 10:12:54 UTC] MySQL select returned 1 rows
[16-Mar-2026 10:14:21 UTC] Successfully loaded .env from: C:\Users\Pablo\Documents\GitHub\nine-screen-canvas-flow/.env
[16-Mar-2026 10:14:21 UTC] MySQL select query: SELECT `id` FROM `users` WHERE `clerk_user_id` = :where_clerk_user_id_0
[16-Mar-2026 10:14:21 UTC] MySQL select params: {"where_clerk_user_id_0":"user_3AhnQJV5XslRK9dMtMXyCieGbiA"}
[16-Mar-2026 10:14:21 UTC] MySQL select returned 1 rows
[16-Mar-2026 10:14:21 UTC] MySQL select query: SELECT * FROM `user_pages` WHERE `id` = :where_id_0 AND `user_id` = :where_user_id_1
[16-Mar-2026 10:14:21 UTC] MySQL select params: {"where_id_0":"5af95f14-2120-11f1-bfcb-d85ed359730c","where_user_id_1":2}
[16-Mar-2026 10:14:21 UTC] MySQL select returned 1 rows
[16-Mar-2026 10:14:21 UTC] Domain API - action=suggest, clerk_user_id=user_3AhnQJV5XslRK9dMtMXyCieGbiA
[16-Mar-2026 10:14:23 UTC] Pages API - Incoming request - Method: GET, Payload size: 0 bytes (0 KB)
[16-Mar-2026 10:14:23 UTC] Pages API - Method: GET
[16-Mar-2026 10:14:23 UTC] Pages API - clerk_user_id from request: null
[16-Mar-2026 10:14:23 UTC] Pages API - clerk_user_id from session: user_3AhnQJV5XslRK9dMtMXyCieGbiA
[16-Mar-2026 10:14:23 UTC] Pages API - Using clerk_user_id: user_3AhnQJV5XslRK9dMtMXyCieGbiA
[16-Mar-2026 10:14:23 UTC] Pages API - Using clerk_user_id: user_3AhnQJV5XslRK9dMtMXyCieGbiA
[16-Mar-2026 10:14:23 UTC] MySQL select query: SELECT `id` FROM `users` WHERE `clerk_user_id` = :where_clerk_user_id_0
[16-Mar-2026 10:14:23 UTC] MySQL select params: {"where_clerk_user_id_0":"user_3AhnQJV5XslRK9dMtMXyCieGbiA"}
[16-Mar-2026 10:14:23 UTC] MySQL select returned 1 rows
[16-Mar-2026 10:14:23 UTC] getUserIdFromClerkId - Query result: [{"id":2}]
[16-Mar-2026 10:14:23 UTC] Pages API - User ID from database: 2
[16-Mar-2026 10:14:23 UTC] Pages API - Success! User ID: 2
[16-Mar-2026 10:14:23 UTC] MySQL select query: SELECT `id`, `title`, `thumbnail_url`, `is_favorite`, `is_public`, `share_token`, `share_slug`, `last_accessed`, `created_at`, `updated_at` FROM `user_pages` WHERE `user_id` = :where_user_id_0 ORDER BY COALESCE(`last_accessed`, '1970-01-01 00:00:00') DESC
[16-Mar-2026 10:14:23 UTC] MySQL select params: {"where_user_id_0":2}
[16-Mar-2026 10:14:23 UTC] MySQL select returned 4 rows
[16-Mar-2026 10:14:29 UTC] Pages API - Incoming request - Method: POST, Payload size: 113 bytes (0.11 KB)
[16-Mar-2026 10:14:29 UTC] Pages API - Method: POST
[16-Mar-2026 10:14:29 UTC] Pages API - clerk_user_id from request: user_3AhnQJV5XslRK9dMtMXyCieGbiA
[16-Mar-2026 10:14:29 UTC] Pages API - clerk_user_id from session: user_3AhnQJV5XslRK9dMtMXyCieGbiA
[16-Mar-2026 10:14:29 UTC] Pages API - Using clerk_user_id: user_3AhnQJV5XslRK9dMtMXyCieGbiA
[16-Mar-2026 10:14:29 UTC] Pages API - Using clerk_user_id: user_3AhnQJV5XslRK9dMtMXyCieGbiA
[16-Mar-2026 10:14:29 UTC] MySQL select query: SELECT `id` FROM `users` WHERE `clerk_user_id` = :where_clerk_user_id_0
[16-Mar-2026 10:14:29 UTC] MySQL select params: {"where_clerk_user_id_0":"user_3AhnQJV5XslRK9dMtMXyCieGbiA"}
[16-Mar-2026 10:14:29 UTC] MySQL select returned 1 rows
[16-Mar-2026 10:14:29 UTC] getUserIdFromClerkId - Query result: [{"id":2}]
[16-Mar-2026 10:14:29 UTC] Pages API - User ID from database: 2
[16-Mar-2026 10:14:29 UTC] Pages API - Success! User ID: 2
[16-Mar-2026 10:14:29 UTC] Pages API POST - action='share', input_keys=action,id,clerk_user_id, raw_snippet={"action":"share","id":"5af95f14-2120-11f1-bfcb-d85ed359730c","clerk_user_id":"user_3AhnQJV5XslRK9dMtMXyCieGbiA"}
[16-Mar-2026 10:14:29 UTC] MySQL select query: SELECT `id`, `share_token`, `is_public`, `share_slug` FROM `user_pages` WHERE `id` = :where_id_0 AND `user_id` = :where_user_id_1
[16-Mar-2026 10:14:29 UTC] MySQL select params: {"where_id_0":"5af95f14-2120-11f1-bfcb-d85ed359730c","where_user_id_1":2}
[16-Mar-2026 10:14:29 UTC] MySQL select returned 1 rows
[16-Mar-2026 10:14:35 UTC] Pages API - Incoming request - Method: PUT, Payload size: 114 bytes (0.11 KB)
[16-Mar-2026 10:14:35 UTC] Pages API - Method: PUT
[16-Mar-2026 10:14:35 UTC] Pages API - clerk_user_id from request: user_3AhnQJV5XslRK9dMtMXyCieGbiA
[16-Mar-2026 10:14:35 UTC] Pages API - clerk_user_id from session: user_3AhnQJV5XslRK9dMtMXyCieGbiA
[16-Mar-2026 10:14:35 UTC] Pages API - Using clerk_user_id: user_3AhnQJV5XslRK9dMtMXyCieGbiA
[16-Mar-2026 10:14:35 UTC] Pages API - Using clerk_user_id: user_3AhnQJV5XslRK9dMtMXyCieGbiA
[16-Mar-2026 10:14:35 UTC] MySQL select query: SELECT `id` FROM `users` WHERE `clerk_user_id` = :where_clerk_user_id_0
[16-Mar-2026 10:14:35 UTC] MySQL select params: {"where_clerk_user_id_0":"user_3AhnQJV5XslRK9dMtMXyCieGbiA"}
[16-Mar-2026 10:14:35 UTC] MySQL select returned 1 rows
[16-Mar-2026 10:14:35 UTC] getUserIdFromClerkId - Query result: [{"id":2}]
[16-Mar-2026 10:14:35 UTC] Pages API - User ID from database: 2
[16-Mar-2026 10:14:35 UTC] Pages API - Success! User ID: 2
[16-Mar-2026 10:14:35 UTC] MySQL select query: SELECT `id`, `updated_at` FROM `user_pages` WHERE `id` = :where_id_0 AND `user_id` = :where_user_id_1
[16-Mar-2026 10:14:35 UTC] MySQL select params: {"where_id_0":"5af95f14-2120-11f1-bfcb-d85ed359730c","where_user_id_1":2}
[16-Mar-2026 10:14:35 UTC] MySQL select returned 1 rows
[16-Mar-2026 10:14:35 UTC] MySQL update query: UPDATE `user_pages` SET `is_public` = :is_public, `last_accessed` = :last_accessed, `updated_at` = :updated_at WHERE `id` = :where_id_0 AND `user_id` = :where_user_id_1
[16-Mar-2026 10:14:35 UTC] MySQL update params: {"is_public":0,"last_accessed":"2026-03-16 10:14:35","updated_at":"2026-03-16 10:14:35","where_id_0":"5af95f14-2120-11f1-bfcb-d85ed359730c","where_user_id_1":2}
[16-Mar-2026 10:14:35 UTC] MySQL update affected rows: 1
[16-Mar-2026 10:14:35 UTC] MySQL select query: SELECT * FROM `user_pages` WHERE `id` = :where_id_0 AND `user_id` = :where_user_id_1
[16-Mar-2026 10:14:35 UTC] MySQL select params: {"where_id_0":"5af95f14-2120-11f1-bfcb-d85ed359730c","where_user_id_1":2}
[16-Mar-2026 10:14:35 UTC] MySQL select returned 1 rows
[16-Mar-2026 10:14:35 UTC] Pages API - Incoming request - Method: GET, Payload size: 0 bytes (0 KB)
[16-Mar-2026 10:14:35 UTC] Pages API - Method: GET
[16-Mar-2026 10:14:35 UTC] Pages API - clerk_user_id from request: null
[16-Mar-2026 10:14:35 UTC] Pages API - clerk_user_id from session: user_3AhnQJV5XslRK9dMtMXyCieGbiA
[16-Mar-2026 10:14:35 UTC] Pages API - Using clerk_user_id: user_3AhnQJV5XslRK9dMtMXyCieGbiA
[16-Mar-2026 10:14:35 UTC] Pages API - Using clerk_user_id: user_3AhnQJV5XslRK9dMtMXyCieGbiA
[16-Mar-2026 10:14:35 UTC] MySQL select query: SELECT `id` FROM `users` WHERE `clerk_user_id` = :where_clerk_user_id_0
[16-Mar-2026 10:14:35 UTC] MySQL select params: {"where_clerk_user_id_0":"user_3AhnQJV5XslRK9dMtMXyCieGbiA"}
[16-Mar-2026 10:14:35 UTC] MySQL select returned 1 rows
[16-Mar-2026 10:14:35 UTC] getUserIdFromClerkId - Query result: [{"id":2}]
[16-Mar-2026 10:14:35 UTC] Pages API - User ID from database: 2
[16-Mar-2026 10:14:35 UTC] Pages API - Success! User ID: 2
[16-Mar-2026 10:14:35 UTC] MySQL select query: SELECT `id`, `title`, `thumbnail_url`, `is_favorite`, `is_public`, `share_token`, `share_slug`, `last_accessed`, `created_at`, `updated_at` FROM `user_pages` WHERE `user_id` = :where_user_id_0 ORDER BY COALESCE(`last_accessed`, '1970-01-01 00:00:00') DESC
[16-Mar-2026 10:14:35 UTC] MySQL select params: {"where_user_id_0":2}
[16-Mar-2026 10:14:35 UTC] MySQL select returned 4 rows
[16-Mar-2026 10:14:35 UTC] Pages API - Incoming request - Method: GET, Payload size: 0 bytes (0 KB)
[16-Mar-2026 10:14:35 UTC] Pages API - Method: GET
[16-Mar-2026 10:14:35 UTC] Pages API - clerk_user_id from request: null
[16-Mar-2026 10:14:35 UTC] Pages API - clerk_user_id from session: user_3AhnQJV5XslRK9dMtMXyCieGbiA
[16-Mar-2026 10:14:35 UTC] Pages API - Using clerk_user_id: user_3AhnQJV5XslRK9dMtMXyCieGbiA
[16-Mar-2026 10:14:35 UTC] Pages API - Using clerk_user_id: user_3AhnQJV5XslRK9dMtMXyCieGbiA
[16-Mar-2026 10:14:35 UTC] MySQL select query: SELECT `id` FROM `users` WHERE `clerk_user_id` = :where_clerk_user_id_0
[16-Mar-2026 10:14:35 UTC] MySQL select params: {"where_clerk_user_id_0":"user_3AhnQJV5XslRK9dMtMXyCieGbiA"}
[16-Mar-2026 10:14:35 UTC] MySQL select returned 1 rows
[16-Mar-2026 10:14:35 UTC] getUserIdFromClerkId - Query result: [{"id":2}]
[16-Mar-2026 10:14:35 UTC] Pages API - User ID from database: 2
[16-Mar-2026 10:14:35 UTC] Pages API - Success! User ID: 2
[16-Mar-2026 10:14:35 UTC] MySQL select query: SELECT `id`, `title`, `thumbnail_url`, `is_favorite`, `is_public`, `share_token`, `share_slug`, `last_accessed`, `created_at`, `updated_at` FROM `user_pages` WHERE `user_id` = :where_user_id_0 ORDER BY COALESCE(`last_accessed`, '1970-01-01 00:00:00') DESC
[16-Mar-2026 10:14:35 UTC] MySQL select params: {"where_user_id_0":2}
[16-Mar-2026 10:14:35 UTC] MySQL select returned 4 rows
[16-Mar-2026 10:14:39 UTC] Pages API - Incoming request - Method: POST, Payload size: 113 bytes (0.11 KB)
[16-Mar-2026 10:14:39 UTC] Pages API - Method: POST
[16-Mar-2026 10:14:39 UTC] Pages API - clerk_user_id from request: user_3AhnQJV5XslRK9dMtMXyCieGbiA
[16-Mar-2026 10:14:39 UTC] Pages API - clerk_user_id from session: user_3AhnQJV5XslRK9dMtMXyCieGbiA
[16-Mar-2026 10:14:39 UTC] Pages API - Using clerk_user_id: user_3AhnQJV5XslRK9dMtMXyCieGbiA
[16-Mar-2026 10:14:39 UTC] Pages API - Using clerk_user_id: user_3AhnQJV5XslRK9dMtMXyCieGbiA
[16-Mar-2026 10:14:39 UTC] MySQL select query: SELECT `id` FROM `users` WHERE `clerk_user_id` = :where_clerk_user_id_0
[16-Mar-2026 10:14:39 UTC] MySQL select params: {"where_clerk_user_id_0":"user_3AhnQJV5XslRK9dMtMXyCieGbiA"}
[16-Mar-2026 10:14:39 UTC] MySQL select returned 1 rows
[16-Mar-2026 10:14:39 UTC] getUserIdFromClerkId - Query result: [{"id":2}]
[16-Mar-2026 10:14:39 UTC] Pages API - User ID from database: 2
[16-Mar-2026 10:14:39 UTC] Pages API - Success! User ID: 2
[16-Mar-2026 10:14:39 UTC] Pages API POST - action='share', input_keys=action,id,clerk_user_id, raw_snippet={"action":"share","id":"5af95f14-2120-11f1-bfcb-d85ed359730c","clerk_user_id":"user_3AhnQJV5XslRK9dMtMXyCieGbiA"}
[16-Mar-2026 10:14:39 UTC] MySQL select query: SELECT `id`, `share_token`, `is_public`, `share_slug` FROM `user_pages` WHERE `id` = :where_id_0 AND `user_id` = :where_user_id_1
[16-Mar-2026 10:14:39 UTC] MySQL select params: {"where_id_0":"5af95f14-2120-11f1-bfcb-d85ed359730c","where_user_id_1":2}
[16-Mar-2026 10:14:39 UTC] MySQL select returned 1 rows
[16-Mar-2026 10:14:39 UTC] MySQL update query: UPDATE `user_pages` SET `is_public` = :is_public WHERE `id` = :where_id_0 AND `user_id` = :where_user_id_1
[16-Mar-2026 10:14:39 UTC] MySQL update params: {"is_public":1,"where_id_0":"5af95f14-2120-11f1-bfcb-d85ed359730c","where_user_id_1":2}
[16-Mar-2026 10:14:39 UTC] MySQL update affected rows: 1
[16-Mar-2026 10:14:39 UTC] MySQL select query: SELECT * FROM `user_pages` WHERE `id` = :where_id_0 AND `user_id` = :where_user_id_1
[16-Mar-2026 10:14:39 UTC] MySQL select params: {"where_id_0":"5af95f14-2120-11f1-bfcb-d85ed359730c","where_user_id_1":2}
[16-Mar-2026 10:14:39 UTC] MySQL select returned 1 rows
[16-Mar-2026 10:14:47 UTC] Pages API - Incoming request - Method: POST, Payload size: 195 bytes (0.19 KB)
[16-Mar-2026 10:14:47 UTC] Pages API - Method: POST
[16-Mar-2026 10:14:47 UTC] Pages API - clerk_user_id from request: user_3AhnQJV5XslRK9dMtMXyCieGbiA
[16-Mar-2026 10:14:47 UTC] Pages API - clerk_user_id from session: user_3AhnQJV5XslRK9dMtMXyCieGbiA
[16-Mar-2026 10:14:47 UTC] Pages API - Using clerk_user_id: user_3AhnQJV5XslRK9dMtMXyCieGbiA
[16-Mar-2026 10:14:47 UTC] Pages API - Using clerk_user_id: user_3AhnQJV5XslRK9dMtMXyCieGbiA
[16-Mar-2026 10:14:47 UTC] MySQL select query: SELECT `id` FROM `users` WHERE `clerk_user_id` = :where_clerk_user_id_0
[16-Mar-2026 10:14:47 UTC] MySQL select params: {"where_clerk_user_id_0":"user_3AhnQJV5XslRK9dMtMXyCieGbiA"}
[16-Mar-2026 10:14:47 UTC] MySQL select returned 1 rows
[16-Mar-2026 10:14:47 UTC] getUserIdFromClerkId - Query result: [{"id":2}]
[16-Mar-2026 10:14:47 UTC] Pages API - User ID from database: 2
[16-Mar-2026 10:14:47 UTC] Pages API - Success! User ID: 2
[16-Mar-2026 10:14:47 UTC] Pages API POST - action='publish-domain', input_keys=action,id,clerk_user_id,share_slug,domain,reactivate_only, raw_snippet={"action":"publish-domain","id":"5af95f14-2120-11f1-bfcb-d85ed359730c","clerk_user_id":"user_3AhnQJV5XslRK9dMtMXyCieGbiA
[16-Mar-2026 10:14:47 UTC] publishPageWithDomain - START: pageId=5af95f14-2120-11f1-bfcb-d85ed359730c, userId=2, domain=propage.com
[16-Mar-2026 10:14:47 UTC] MySQL select query: SELECT `id`, `share_token`, `is_public` FROM `user_pages` WHERE `id` = :where_id_0 AND `user_id` = :where_user_id_1
[16-Mar-2026 10:14:47 UTC] MySQL select params: {"where_id_0":"5af95f14-2120-11f1-bfcb-d85ed359730c","where_user_id_1":2}
[16-Mar-2026 10:14:47 UTC] MySQL select returned 1 rows
[16-Mar-2026 10:14:47 UTC] publishPageWithDomain - Reactivation only, skipping OpenSRS for propage.com
[16-Mar-2026 10:14:47 UTC] MySQL update query: UPDATE `user_pages` SET `share_slug` = :share_slug, `is_public` = :is_public, `share_token` = :share_token, `custom_domain` = :custom_domain WHERE `id` = :where_id_0 AND `user_id` = :where_user_id_1
[16-Mar-2026 10:14:47 UTC] MySQL update params: {"share_slug":"propage.com","is_public":1,"share_token":"889f50c2-d624-4e67-b2a6-6f097d30aae5","custom_domain":"propage.com","where_id_0":"5af95f14-2120-11f1-bfcb-d85ed359730c","where_user_id_1":2}
[16-Mar-2026 10:14:47 UTC] MySQL update error: SQLSTATE[42S22]: Column not found: 1054 Unknown column 'custom_domain' in 'field list'
[16-Mar-2026 10:14:47 UTC] MySQL update failed SQL: UPDATE `user_pages` SET `share_slug` = :share_slug, `is_public` = :is_public, `share_token` = :share_token, `custom_domain` = :custom_domain WHERE `id` = :where_id_0 AND `user_id` = :where_user_id_1
[16-Mar-2026 10:14:47 UTC] publishPageWithDomain - custom_domain column missing, saving without it: Failed to update user_pages: SQLSTATE[42S22]: Column not found: 1054 Unknown column 'custom_domain' in 'field list'
[16-Mar-2026 10:14:47 UTC] MySQL update query: UPDATE `user_pages` SET `share_slug` = :share_slug, `is_public` = :is_public, `share_token` = :share_token WHERE `id` = :where_id_0 AND `user_id` = :where_user_id_1
[16-Mar-2026 10:14:47 UTC] MySQL update params: {"share_slug":"propage.com","is_public":1,"share_token":"889f50c2-d624-4e67-b2a6-6f097d30aae5","where_id_0":"5af95f14-2120-11f1-bfcb-d85ed359730c","where_user_id_1":2}
[16-Mar-2026 10:14:47 UTC] MySQL update affected rows: 0
[16-Mar-2026 10:14:47 UTC] MySQL select query: SELECT * FROM `user_pages` WHERE `id` = :where_id_0 AND `user_id` = :where_user_id_1
[16-Mar-2026 10:14:47 UTC] MySQL select params: {"where_id_0":"5af95f14-2120-11f1-bfcb-d85ed359730c","where_user_id_1":2}
[16-Mar-2026 10:14:47 UTC] MySQL select returned 1 rows
[16-Mar-2026 10:14:47 UTC] publishPageWithDomain - SUCCESS: url=https://propage.com
[16-Mar-2026 10:16:30 UTC] Pages API - Incoming request - Method: PUT, Payload size: 114 bytes (0.11 KB)
[16-Mar-2026 10:16:30 UTC] Pages API - Method: PUT
[16-Mar-2026 10:16:30 UTC] Pages API - clerk_user_id from request: user_3AhnQJV5XslRK9dMtMXyCieGbiA
[16-Mar-2026 10:16:30 UTC] Pages API - clerk_user_id from session: user_3AhnQJV5XslRK9dMtMXyCieGbiA
[16-Mar-2026 10:16:30 UTC] Pages API - Using clerk_user_id: user_3AhnQJV5XslRK9dMtMXyCieGbiA
[16-Mar-2026 10:16:30 UTC] Pages API - Using clerk_user_id: user_3AhnQJV5XslRK9dMtMXyCieGbiA
[16-Mar-2026 10:16:30 UTC] MySQL select query: SELECT `id` FROM `users` WHERE `clerk_user_id` = :where_clerk_user_id_0
[16-Mar-2026 10:16:30 UTC] MySQL select params: {"where_clerk_user_id_0":"user_3AhnQJV5XslRK9dMtMXyCieGbiA"}
[16-Mar-2026 10:16:30 UTC] MySQL select returned 1 rows
[16-Mar-2026 10:16:30 UTC] getUserIdFromClerkId - Query result: [{"id":2}]
[16-Mar-2026 10:16:30 UTC] Pages API - User ID from database: 2
[16-Mar-2026 10:16:30 UTC] Pages API - Success! User ID: 2
[16-Mar-2026 10:16:30 UTC] MySQL select query: SELECT `id`, `updated_at` FROM `user_pages` WHERE `id` = :where_id_0 AND `user_id` = :where_user_id_1
[16-Mar-2026 10:16:30 UTC] MySQL select params: {"where_id_0":"5af95f14-2120-11f1-bfcb-d85ed359730c","where_user_id_1":2}
[16-Mar-2026 10:16:30 UTC] MySQL select returned 1 rows
[16-Mar-2026 10:16:30 UTC] MySQL update query: UPDATE `user_pages` SET `is_public` = :is_public, `last_accessed` = :last_accessed, `updated_at` = :updated_at WHERE `id` = :where_id_0 AND `user_id` = :where_user_id_1
[16-Mar-2026 10:16:30 UTC] MySQL update params: {"is_public":0,"last_accessed":"2026-03-16 10:16:30","updated_at":"2026-03-16 10:16:30","where_id_0":"5af95f14-2120-11f1-bfcb-d85ed359730c","where_user_id_1":2}
[16-Mar-2026 10:16:30 UTC] MySQL update affected rows: 1
[16-Mar-2026 10:16:30 UTC] MySQL select query: SELECT * FROM `user_pages` WHERE `id` = :where_id_0 AND `user_id` = :where_user_id_1
[16-Mar-2026 10:16:30 UTC] MySQL select params: {"where_id_0":"5af95f14-2120-11f1-bfcb-d85ed359730c","where_user_id_1":2}
[16-Mar-2026 10:16:30 UTC] MySQL select returned 1 rows
[16-Mar-2026 10:16:30 UTC] Pages API - Incoming request - Method: GET, Payload size: 0 bytes (0 KB)
[16-Mar-2026 10:16:30 UTC] Pages API - Method: GET
[16-Mar-2026 10:16:30 UTC] Pages API - clerk_user_id from request: null
[16-Mar-2026 10:16:30 UTC] Pages API - clerk_user_id from session: user_3AhnQJV5XslRK9dMtMXyCieGbiA
[16-Mar-2026 10:16:30 UTC] Pages API - Using clerk_user_id: user_3AhnQJV5XslRK9dMtMXyCieGbiA
[16-Mar-2026 10:16:30 UTC] Pages API - Using clerk_user_id: user_3AhnQJV5XslRK9dMtMXyCieGbiA
[16-Mar-2026 10:16:30 UTC] MySQL select query: SELECT `id` FROM `users` WHERE `clerk_user_id` = :where_clerk_user_id_0
[16-Mar-2026 10:16:30 UTC] MySQL select params: {"where_clerk_user_id_0":"user_3AhnQJV5XslRK9dMtMXyCieGbiA"}
[16-Mar-2026 10:16:30 UTC] MySQL select returned 1 rows
[16-Mar-2026 10:16:30 UTC] getUserIdFromClerkId - Query result: [{"id":2}]
[16-Mar-2026 10:16:30 UTC] Pages API - User ID from database: 2
[16-Mar-2026 10:16:30 UTC] Pages API - Success! User ID: 2
[16-Mar-2026 10:16:30 UTC] MySQL select query: SELECT `id`, `title`, `thumbnail_url`, `is_favorite`, `is_public`, `share_token`, `share_slug`, `last_accessed`, `created_at`, `updated_at` FROM `user_pages` WHERE `user_id` = :where_user_id_0 ORDER BY COALESCE(`last_accessed`, '1970-01-01 00:00:00') DESC
[16-Mar-2026 10:16:30 UTC] MySQL select params: {"where_user_id_0":2}
[16-Mar-2026 10:16:30 UTC] MySQL select returned 4 rows
[16-Mar-2026 10:16:30 UTC] Pages API - Incoming request - Method: GET, Payload size: 0 bytes (0 KB)
[16-Mar-2026 10:16:30 UTC] Pages API - Method: GET
[16-Mar-2026 10:16:30 UTC] Pages API - clerk_user_id from request: null
[16-Mar-2026 10:16:30 UTC] Pages API - clerk_user_id from session: user_3AhnQJV5XslRK9dMtMXyCieGbiA
[16-Mar-2026 10:16:30 UTC] Pages API - Using clerk_user_id: user_3AhnQJV5XslRK9dMtMXyCieGbiA
[16-Mar-2026 10:16:30 UTC] Pages API - Using clerk_user_id: user_3AhnQJV5XslRK9dMtMXyCieGbiA
[16-Mar-2026 10:16:30 UTC] MySQL select query: SELECT `id` FROM `users` WHERE `clerk_user_id` = :where_clerk_user_id_0
[16-Mar-2026 10:16:30 UTC] MySQL select params: {"where_clerk_user_id_0":"user_3AhnQJV5XslRK9dMtMXyCieGbiA"}
[16-Mar-2026 10:16:30 UTC] MySQL select returned 1 rows
[16-Mar-2026 10:16:30 UTC] getUserIdFromClerkId - Query result: [{"id":2}]
[16-Mar-2026 10:16:30 UTC] Pages API - User ID from database: 2
[16-Mar-2026 10:16:30 UTC] Pages API - Success! User ID: 2
[16-Mar-2026 10:16:30 UTC] MySQL select query: SELECT `id`, `title`, `thumbnail_url`, `is_favorite`, `is_public`, `share_token`, `share_slug`, `last_accessed`, `created_at`, `updated_at` FROM `user_pages` WHERE `user_id` = :where_user_id_0 ORDER BY COALESCE(`last_accessed`, '1970-01-01 00:00:00') DESC
[16-Mar-2026 10:16:30 UTC] MySQL select params: {"where_user_id_0":2}
[16-Mar-2026 10:16:30 UTC] MySQL select returned 4 rows
[16-Mar-2026 10:16:35 UTC] Pages API - Incoming request - Method: GET, Payload size: 0 bytes (0 KB)
[16-Mar-2026 10:16:35 UTC] Pages API - Method: GET
[16-Mar-2026 10:16:35 UTC] Pages API - clerk_user_id from request: null
[16-Mar-2026 10:16:35 UTC] Pages API - clerk_user_id from session: user_3AhnQJV5XslRK9dMtMXyCieGbiA
[16-Mar-2026 10:16:35 UTC] Pages API - Using clerk_user_id: user_3AhnQJV5XslRK9dMtMXyCieGbiA
[16-Mar-2026 10:16:35 UTC] Pages API - Using clerk_user_id: user_3AhnQJV5XslRK9dMtMXyCieGbiA
[16-Mar-2026 10:16:35 UTC] MySQL select query: SELECT `id` FROM `users` WHERE `clerk_user_id` = :where_clerk_user_id_0
[16-Mar-2026 10:16:35 UTC] MySQL select params: {"where_clerk_user_id_0":"user_3AhnQJV5XslRK9dMtMXyCieGbiA"}
[16-Mar-2026 10:16:35 UTC] MySQL select returned 1 rows
[16-Mar-2026 10:16:35 UTC] getUserIdFromClerkId - Query result: [{"id":2}]
[16-Mar-2026 10:16:35 UTC] Pages API - User ID from database: 2
[16-Mar-2026 10:16:35 UTC] Pages API - Success! User ID: 2
[16-Mar-2026 10:16:35 UTC] MySQL select query: SELECT `id`, `title`, `thumbnail_url`, `is_favorite`, `is_public`, `share_token`, `share_slug`, `last_accessed`, `created_at`, `updated_at` FROM `user_pages` WHERE `user_id` = :where_user_id_0 ORDER BY COALESCE(`last_accessed`, '1970-01-01 00:00:00') DESC
[16-Mar-2026 10:16:35 UTC] MySQL select params: {"where_user_id_0":2}
[16-Mar-2026 10:16:35 UTC] MySQL select returned 4 rows
[16-Mar-2026 10:16:36 UTC] Pages API - Incoming request - Method: GET, Payload size: 0 bytes (0 KB)
[16-Mar-2026 10:16:36 UTC] Pages API - Method: GET
[16-Mar-2026 10:16:36 UTC] Pages API - clerk_user_id from request: null
[16-Mar-2026 10:16:36 UTC] Pages API - clerk_user_id from session: user_3AhnQJV5XslRK9dMtMXyCieGbiA
[16-Mar-2026 10:16:36 UTC] Pages API - Using clerk_user_id: user_3AhnQJV5XslRK9dMtMXyCieGbiA
[16-Mar-2026 10:16:36 UTC] Pages API - Using clerk_user_id: user_3AhnQJV5XslRK9dMtMXyCieGbiA
[16-Mar-2026 10:16:36 UTC] MySQL select query: SELECT `id` FROM `users` WHERE `clerk_user_id` = :where_clerk_user_id_0
[16-Mar-2026 10:16:36 UTC] MySQL select params: {"where_clerk_user_id_0":"user_3AhnQJV5XslRK9dMtMXyCieGbiA"}
[16-Mar-2026 10:16:36 UTC] MySQL select returned 1 rows
[16-Mar-2026 10:16:36 UTC] getUserIdFromClerkId - Query result: [{"id":2}]
[16-Mar-2026 10:16:36 UTC] Pages API - User ID from database: 2
[16-Mar-2026 10:16:36 UTC] Pages API - Success! User ID: 2
[16-Mar-2026 10:16:36 UTC] MySQL select query: SELECT `id`, `title`, `thumbnail_url`, `is_favorite`, `is_public`, `share_token`, `share_slug`, `last_accessed`, `created_at`, `updated_at` FROM `user_pages` WHERE `user_id` = :where_user_id_0 ORDER BY COALESCE(`last_accessed`, '1970-01-01 00:00:00') DESC
[16-Mar-2026 10:16:36 UTC] MySQL select params: {"where_user_id_0":2}
[16-Mar-2026 10:16:36 UTC] MySQL select returned 4 rows
[16-Mar-2026 10:16:44 UTC] Pages API - Incoming request - Method: POST, Payload size: 226 bytes (0.22 KB)
[16-Mar-2026 10:16:44 UTC] Pages API - Method: POST
[16-Mar-2026 10:16:44 UTC] Pages API - clerk_user_id from request: user_3AhnQJV5XslRK9dMtMXyCieGbiA
[16-Mar-2026 10:16:44 UTC] Pages API - clerk_user_id from session: user_3AhnQJV5XslRK9dMtMXyCieGbiA
[16-Mar-2026 10:16:44 UTC] Pages API - Using clerk_user_id: user_3AhnQJV5XslRK9dMtMXyCieGbiA
[16-Mar-2026 10:16:44 UTC] Pages API - Using clerk_user_id: user_3AhnQJV5XslRK9dMtMXyCieGbiA
[16-Mar-2026 10:16:44 UTC] MySQL select query: SELECT `id` FROM `users` WHERE `clerk_user_id` = :where_clerk_user_id_0
[16-Mar-2026 10:16:44 UTC] MySQL select params: {"where_clerk_user_id_0":"user_3AhnQJV5XslRK9dMtMXyCieGbiA"}
[16-Mar-2026 10:16:44 UTC] MySQL select returned 1 rows
[16-Mar-2026 10:16:44 UTC] getUserIdFromClerkId - Query result: [{"id":2}]
[16-Mar-2026 10:16:44 UTC] Pages API - User ID from database: 2
[16-Mar-2026 10:16:44 UTC] Pages API - Success! User ID: 2
[16-Mar-2026 10:16:44 UTC] Pages API POST - action='create', input_keys=action,title,data,clerk_user_id, raw_snippet={"action":"create","title":"propage2","data":{"fullHtml":"","theme":"theme-light-minimal","fullpageEnabled":false,"anima
[16-Mar-2026 10:16:44 UTC] MySQL select query: SELECT * FROM `user_pages` WHERE `id` = :where_id_0
[16-Mar-2026 10:16:44 UTC] MySQL select params: {"where_id_0":"3b7ef1b2-2121-11f1-bfcb-d85ed359730c"}
[16-Mar-2026 10:16:44 UTC] MySQL select returned 1 rows
[16-Mar-2026 10:16:44 UTC] Domain API - action=suggest, clerk_user_id=user_3AhnQJV5XslRK9dMtMXyCieGbiA
[16-Mar-2026 10:16:46 UTC] Pages API - Incoming request - Method: GET, Payload size: 0 bytes (0 KB)
[16-Mar-2026 10:16:46 UTC] Pages API - Method: GET
[16-Mar-2026 10:16:46 UTC] Pages API - clerk_user_id from request: null
[16-Mar-2026 10:16:46 UTC] Pages API - clerk_user_id from session: user_3AhnQJV5XslRK9dMtMXyCieGbiA
[16-Mar-2026 10:16:46 UTC] Pages API - Using clerk_user_id: user_3AhnQJV5XslRK9dMtMXyCieGbiA
[16-Mar-2026 10:16:46 UTC] Pages API - Using clerk_user_id: user_3AhnQJV5XslRK9dMtMXyCieGbiA
[16-Mar-2026 10:16:46 UTC] MySQL select query: SELECT `id` FROM `users` WHERE `clerk_user_id` = :where_clerk_user_id_0
[16-Mar-2026 10:16:46 UTC] MySQL select params: {"where_clerk_user_id_0":"user_3AhnQJV5XslRK9dMtMXyCieGbiA"}
[16-Mar-2026 10:16:46 UTC] MySQL select returned 1 rows
[16-Mar-2026 10:16:46 UTC] getUserIdFromClerkId - Query result: [{"id":2}]
[16-Mar-2026 10:16:46 UTC] Pages API - User ID from database: 2
[16-Mar-2026 10:16:46 UTC] Pages API - Success! User ID: 2
[16-Mar-2026 10:16:46 UTC] MySQL select query: SELECT `id`, `title`, `thumbnail_url`, `is_favorite`, `is_public`, `share_token`, `share_slug`, `last_accessed`, `created_at`, `updated_at` FROM `user_pages` WHERE `user_id` = :where_user_id_0 ORDER BY COALESCE(`last_accessed`, '1970-01-01 00:00:00') DESC
[16-Mar-2026 10:16:46 UTC] MySQL select params: {"where_user_id_0":2}
[16-Mar-2026 10:16:46 UTC] MySQL select returned 5 rows
[16-Mar-2026 10:16:46 UTC] Pages API - Incoming request - Method: PUT, Payload size: 42,933 bytes (41.93 KB)
[16-Mar-2026 10:16:46 UTC] Pages API - Method: PUT
[16-Mar-2026 10:16:46 UTC] Pages API - clerk_user_id from request: user_3AhnQJV5XslRK9dMtMXyCieGbiA
[16-Mar-2026 10:16:46 UTC] Pages API - clerk_user_id from session: user_3AhnQJV5XslRK9dMtMXyCieGbiA
[16-Mar-2026 10:16:46 UTC] Pages API - Using clerk_user_id: user_3AhnQJV5XslRK9dMtMXyCieGbiA
[16-Mar-2026 10:16:46 UTC] Pages API - Using clerk_user_id: user_3AhnQJV5XslRK9dMtMXyCieGbiA
[16-Mar-2026 10:16:46 UTC] MySQL select query: SELECT `id` FROM `users` WHERE `clerk_user_id` = :where_clerk_user_id_0
[16-Mar-2026 10:16:46 UTC] MySQL select params: {"where_clerk_user_id_0":"user_3AhnQJV5XslRK9dMtMXyCieGbiA"}
[16-Mar-2026 10:16:46 UTC] MySQL select returned 1 rows
[16-Mar-2026 10:16:46 UTC] getUserIdFromClerkId - Query result: [{"id":2}]
[16-Mar-2026 10:16:46 UTC] Pages API - User ID from database: 2
[16-Mar-2026 10:16:46 UTC] Pages API - Success! User ID: 2
[16-Mar-2026 10:16:46 UTC] MySQL select query: SELECT `id`, `updated_at` FROM `user_pages` WHERE `id` = :where_id_0 AND `user_id` = :where_user_id_1
[16-Mar-2026 10:16:46 UTC] MySQL select params: {"where_id_0":"3b7ef1b2-2121-11f1-bfcb-d85ed359730c","where_user_id_1":2}
[16-Mar-2026 10:16:46 UTC] MySQL select returned 1 rows
[16-Mar-2026 10:16:46 UTC] MySQL update query: UPDATE `user_pages` SET `title` = :title, `data` = :data, `last_accessed` = :last_accessed, `updated_at` = :updated_at WHERE `id` = :where_id_0 AND `user_id` = :where_user_id_1
[16-Mar-2026 10:16:46 UTC] MySQL update params: {"title":"propage2","data":"{\"fullHtml\":\"\\n                <!-- Preloader -->\\...[truncated]","last_accessed":"2026-03-16 10:16:46","updated_at":"2026-03-16 10:16:46","where_id_0":"3b7ef1b2-2121-11f1-bfcb-d85ed359730c","where_user_id_1":2}
[16-Mar-2026 10:16:46 UTC] MySQL update affected rows: 1
[16-Mar-2026 10:16:46 UTC] MySQL select query: SELECT * FROM `user_pages` WHERE `id` = :where_id_0 AND `user_id` = :where_user_id_1
[16-Mar-2026 10:16:46 UTC] MySQL select params: {"where_id_0":"3b7ef1b2-2121-11f1-bfcb-d85ed359730c","where_user_id_1":2}
[16-Mar-2026 10:16:46 UTC] MySQL select returned 1 rows
[16-Mar-2026 10:16:46 UTC] Pages API - Incoming request - Method: GET, Payload size: 0 bytes (0 KB)
[16-Mar-2026 10:16:46 UTC] Pages API - Method: GET
[16-Mar-2026 10:16:46 UTC] Pages API - clerk_user_id from request: null
[16-Mar-2026 10:16:46 UTC] Pages API - clerk_user_id from session: user_3AhnQJV5XslRK9dMtMXyCieGbiA
[16-Mar-2026 10:16:46 UTC] Pages API - Using clerk_user_id: user_3AhnQJV5XslRK9dMtMXyCieGbiA
[16-Mar-2026 10:16:46 UTC] Pages API - Using clerk_user_id: user_3AhnQJV5XslRK9dMtMXyCieGbiA
[16-Mar-2026 10:16:46 UTC] MySQL select query: SELECT `id` FROM `users` WHERE `clerk_user_id` = :where_clerk_user_id_0
[16-Mar-2026 10:16:46 UTC] MySQL select params: {"where_clerk_user_id_0":"user_3AhnQJV5XslRK9dMtMXyCieGbiA"}
[16-Mar-2026 10:16:46 UTC] MySQL select returned 1 rows
[16-Mar-2026 10:16:46 UTC] getUserIdFromClerkId - Query result: [{"id":2}]
[16-Mar-2026 10:16:46 UTC] Pages API - User ID from database: 2
[16-Mar-2026 10:16:46 UTC] Pages API - Success! User ID: 2
[16-Mar-2026 10:16:46 UTC] MySQL select query: SELECT `id`, `title`, `thumbnail_url`, `is_favorite`, `is_public`, `share_token`, `share_slug`, `last_accessed`, `created_at`, `updated_at` FROM `user_pages` WHERE `user_id` = :where_user_id_0 ORDER BY COALESCE(`last_accessed`, '1970-01-01 00:00:00') DESC
[16-Mar-2026 10:16:46 UTC] MySQL select params: {"where_user_id_0":2}
[16-Mar-2026 10:16:46 UTC] MySQL select returned 5 rows
[16-Mar-2026 10:16:47 UTC] Pages API - Incoming request - Method: POST, Payload size: 113 bytes (0.11 KB)
[16-Mar-2026 10:16:47 UTC] Pages API - Method: POST
[16-Mar-2026 10:16:47 UTC] Pages API - clerk_user_id from request: user_3AhnQJV5XslRK9dMtMXyCieGbiA
[16-Mar-2026 10:16:47 UTC] Pages API - clerk_user_id from session: user_3AhnQJV5XslRK9dMtMXyCieGbiA
[16-Mar-2026 10:16:47 UTC] Pages API - Using clerk_user_id: user_3AhnQJV5XslRK9dMtMXyCieGbiA
[16-Mar-2026 10:16:47 UTC] Pages API - Using clerk_user_id: user_3AhnQJV5XslRK9dMtMXyCieGbiA
[16-Mar-2026 10:16:47 UTC] MySQL select query: SELECT `id` FROM `users` WHERE `clerk_user_id` = :where_clerk_user_id_0
[16-Mar-2026 10:16:47 UTC] MySQL select params: {"where_clerk_user_id_0":"user_3AhnQJV5XslRK9dMtMXyCieGbiA"}
[16-Mar-2026 10:16:47 UTC] MySQL select returned 1 rows
[16-Mar-2026 10:16:47 UTC] getUserIdFromClerkId - Query result: [{"id":2}]
[16-Mar-2026 10:16:47 UTC] Pages API - User ID from database: 2
[16-Mar-2026 10:16:47 UTC] Pages API - Success! User ID: 2
[16-Mar-2026 10:16:47 UTC] Pages API POST - action='share', input_keys=action,id,clerk_user_id, raw_snippet={"action":"share","id":"3b7ef1b2-2121-11f1-bfcb-d85ed359730c","clerk_user_id":"user_3AhnQJV5XslRK9dMtMXyCieGbiA"}
[16-Mar-2026 10:16:47 UTC] MySQL select query: SELECT `id`, `share_token`, `is_public`, `share_slug` FROM `user_pages` WHERE `id` = :where_id_0 AND `user_id` = :where_user_id_1
[16-Mar-2026 10:16:47 UTC] MySQL select params: {"where_id_0":"3b7ef1b2-2121-11f1-bfcb-d85ed359730c","where_user_id_1":2}
[16-Mar-2026 10:16:47 UTC] MySQL select returned 1 rows
[16-Mar-2026 10:16:47 UTC] MySQL update query: UPDATE `user_pages` SET `share_token` = :share_token, `is_public` = :is_public WHERE `id` = :where_id_0 AND `user_id` = :where_user_id_1
[16-Mar-2026 10:16:47 UTC] MySQL update params: {"share_token":"c102b94c-c1bf-4d5c-8b47-fb780423ae72","is_public":1,"where_id_0":"3b7ef1b2-2121-11f1-bfcb-d85ed359730c","where_user_id_1":2}
[16-Mar-2026 10:16:47 UTC] MySQL update affected rows: 1
[16-Mar-2026 10:16:47 UTC] MySQL select query: SELECT * FROM `user_pages` WHERE `id` = :where_id_0 AND `user_id` = :where_user_id_1
[16-Mar-2026 10:16:47 UTC] MySQL select params: {"where_id_0":"3b7ef1b2-2121-11f1-bfcb-d85ed359730c","where_user_id_1":2}
[16-Mar-2026 10:16:47 UTC] MySQL select returned 1 rows
[16-Mar-2026 10:16:52 UTC] Domain API - action=lookup, clerk_user_id=user_3AhnQJV5XslRK9dMtMXyCieGbiA
[16-Mar-2026 10:16:59 UTC] Domain API - action=lookup, clerk_user_id=user_3AhnQJV5XslRK9dMtMXyCieGbiA
[16-Mar-2026 10:17:00 UTC] Domain API - action=suggest, clerk_user_id=user_3AhnQJV5XslRK9dMtMXyCieGbiA
[16-Mar-2026 10:17:07 UTC] Domain API - action=lookup, clerk_user_id=user_3AhnQJV5XslRK9dMtMXyCieGbiA
[16-Mar-2026 10:17:08 UTC] Domain API - action=suggest, clerk_user_id=user_3AhnQJV5XslRK9dMtMXyCieGbiA
[16-Mar-2026 10:17:29 UTC] Pages API - Incoming request - Method: GET, Payload size: 0 bytes (0 KB)
[16-Mar-2026 10:17:29 UTC] Pages API - Method: GET
[16-Mar-2026 10:17:29 UTC] Pages API - clerk_user_id from request: null
[16-Mar-2026 10:17:29 UTC] Pages API - clerk_user_id from session: user_3AhnQJV5XslRK9dMtMXyCieGbiA
[16-Mar-2026 10:17:29 UTC] Pages API - Using clerk_user_id: user_3AhnQJV5XslRK9dMtMXyCieGbiA
[16-Mar-2026 10:17:29 UTC] Pages API - Using clerk_user_id: user_3AhnQJV5XslRK9dMtMXyCieGbiA
[16-Mar-2026 10:17:29 UTC] MySQL select query: SELECT `id` FROM `users` WHERE `clerk_user_id` = :where_clerk_user_id_0
[16-Mar-2026 10:17:29 UTC] MySQL select params: {"where_clerk_user_id_0":"user_3AhnQJV5XslRK9dMtMXyCieGbiA"}
[16-Mar-2026 10:17:29 UTC] MySQL select returned 1 rows
[16-Mar-2026 10:17:29 UTC] getUserIdFromClerkId - Query result: [{"id":2}]
[16-Mar-2026 10:17:29 UTC] Pages API - User ID from database: 2
[16-Mar-2026 10:17:29 UTC] Pages API - Success! User ID: 2
[16-Mar-2026 10:17:29 UTC] MySQL select query: SELECT `id`, `title`, `thumbnail_url`, `is_favorite`, `is_public`, `share_token`, `share_slug`, `last_accessed`, `created_at`, `updated_at` FROM `user_pages` WHERE `user_id` = :where_user_id_0 ORDER BY COALESCE(`last_accessed`, '1970-01-01 00:00:00') DESC
[16-Mar-2026 10:17:29 UTC] MySQL select params: {"where_user_id_0":2}
[16-Mar-2026 10:17:29 UTC] MySQL select returned 5 rows
[16-Mar-2026 10:17:32 UTC] Successfully loaded .env from: C:\Users\Pablo\Documents\GitHub\nine-screen-canvas-flow/.env
[16-Mar-2026 10:17:32 UTC] syncClerkSession - Refreshing paid status for: ptrigol@gmail.com
[16-Mar-2026 10:17:32 UTC] Purchases database connection failed: SQLSTATE[HY000] [1045] Access denied for user 'alvarotrigo_alvarotrigo'@'79.117.116.182' (using password: YES)
[16-Mar-2026 10:17:32 UTC] Attempted connection to: host=nocn.noc-n.com, dbname=alvarotrigo_alvarotrigo, user=alvarotrigo_alvarotrigo
[16-Mar-2026 10:17:32 UTC] Error checking user paid status: Purchases database connection failed: SQLSTATE[HY000] [1045] Access denied for user 'alvarotrigo_alvarotrigo'@'79.117.116.182' (using password: YES)
[16-Mar-2026 10:17:32 UTC] MySQL select query: SELECT * FROM `users` WHERE `email` = :where_email_0 AND `pro_status_source` = :where_pro_status_source_1
[16-Mar-2026 10:17:32 UTC] MySQL select params: {"where_email_0":"ptrigol@gmail.com","where_pro_status_source_1":"polar"}
[16-Mar-2026 10:17:32 UTC] MySQL select returned 0 rows
[16-Mar-2026 10:17:32 UTC] MySQL select query: SELECT * FROM `subscriptions` WHERE `customer_email` = :where_customer_email_0 AND `status` = :where_status_1
[16-Mar-2026 10:17:32 UTC] MySQL select params: {"where_customer_email_0":"ptrigol@gmail.com","where_status_1":"active"}
[16-Mar-2026 10:17:32 UTC] MySQL select returned 0 rows
[16-Mar-2026 10:17:32 UTC] syncClerkSession - Paid status refreshed: is_paid=false
[16-Mar-2026 10:17:32 UTC] MySQL select query: SELECT `id` FROM `users` WHERE `clerk_user_id` = :where_clerk_user_id_0
[16-Mar-2026 10:17:32 UTC] MySQL select params: {"where_clerk_user_id_0":"user_3AhnQJV5XslRK9dMtMXyCieGbiA"}
[16-Mar-2026 10:17:32 UTC] MySQL select returned 1 rows
[16-Mar-2026 10:17:32 UTC] MySQL select query: SELECT * FROM `user_pages` WHERE `id` = :where_id_0 AND `user_id` = :where_user_id_1
[16-Mar-2026 10:17:32 UTC] MySQL select params: {"where_id_0":"5af95f14-2120-11f1-bfcb-d85ed359730c","where_user_id_1":2}
[16-Mar-2026 10:17:32 UTC] MySQL select returned 1 rows
[16-Mar-2026 10:17:34 UTC] Pages API - Incoming request - Method: GET, Payload size: 0 bytes (0 KB)
[16-Mar-2026 10:17:34 UTC] Pages API - Method: GET
[16-Mar-2026 10:17:34 UTC] Pages API - clerk_user_id from request: null
[16-Mar-2026 10:17:34 UTC] Pages API - clerk_user_id from session: user_3AhnQJV5XslRK9dMtMXyCieGbiA
[16-Mar-2026 10:17:34 UTC] Pages API - Using clerk_user_id: user_3AhnQJV5XslRK9dMtMXyCieGbiA
[16-Mar-2026 10:17:34 UTC] Pages API - Using clerk_user_id: user_3AhnQJV5XslRK9dMtMXyCieGbiA
[16-Mar-2026 10:17:34 UTC] MySQL select query: SELECT `id` FROM `users` WHERE `clerk_user_id` = :where_clerk_user_id_0
[16-Mar-2026 10:17:34 UTC] MySQL select params: {"where_clerk_user_id_0":"user_3AhnQJV5XslRK9dMtMXyCieGbiA"}
[16-Mar-2026 10:17:34 UTC] MySQL select returned 1 rows
[16-Mar-2026 10:17:34 UTC] getUserIdFromClerkId - Query result: [{"id":2}]
[16-Mar-2026 10:17:34 UTC] Pages API - User ID from database: 2
[16-Mar-2026 10:17:34 UTC] Pages API - Success! User ID: 2
[16-Mar-2026 10:17:34 UTC] MySQL select query: SELECT `id`, `title`, `thumbnail_url`, `is_favorite`, `is_public`, `share_token`, `share_slug`, `last_accessed`, `created_at`, `updated_at` FROM `user_pages` WHERE `user_id` = :where_user_id_0 ORDER BY COALESCE(`last_accessed`, '1970-01-01 00:00:00') DESC
[16-Mar-2026 10:17:34 UTC] MySQL select params: {"where_user_id_0":2}
[16-Mar-2026 10:17:34 UTC] MySQL select returned 5 rows
[16-Mar-2026 10:17:36 UTC] Pages API - Incoming request - Method: GET, Payload size: 0 bytes (0 KB)
[16-Mar-2026 10:17:36 UTC] Pages API - Method: GET
[16-Mar-2026 10:17:36 UTC] Pages API - clerk_user_id from request: null
[16-Mar-2026 10:17:36 UTC] Pages API - clerk_user_id from session: user_3AhnQJV5XslRK9dMtMXyCieGbiA
[16-Mar-2026 10:17:36 UTC] Pages API - Using clerk_user_id: user_3AhnQJV5XslRK9dMtMXyCieGbiA
[16-Mar-2026 10:17:36 UTC] Pages API - Using clerk_user_id: user_3AhnQJV5XslRK9dMtMXyCieGbiA
[16-Mar-2026 10:17:36 UTC] MySQL select query: SELECT `id` FROM `users` WHERE `clerk_user_id` = :where_clerk_user_id_0
[16-Mar-2026 10:17:36 UTC] MySQL select params: {"where_clerk_user_id_0":"user_3AhnQJV5XslRK9dMtMXyCieGbiA"}
[16-Mar-2026 10:17:36 UTC] MySQL select returned 1 rows
[16-Mar-2026 10:17:36 UTC] getUserIdFromClerkId - Query result: [{"id":2}]
[16-Mar-2026 10:17:36 UTC] Pages API - User ID from database: 2
[16-Mar-2026 10:17:36 UTC] Pages API - Success! User ID: 2
[16-Mar-2026 10:17:36 UTC] MySQL select query: SELECT `id`, `title`, `thumbnail_url`, `is_favorite`, `is_public`, `share_token`, `share_slug`, `last_accessed`, `created_at`, `updated_at` FROM `user_pages` WHERE `user_id` = :where_user_id_0 ORDER BY COALESCE(`last_accessed`, '1970-01-01 00:00:00') DESC
[16-Mar-2026 10:17:36 UTC] MySQL select params: {"where_user_id_0":2}
[16-Mar-2026 10:17:36 UTC] MySQL select returned 5 rows
[16-Mar-2026 10:17:41 UTC] Pages API - Incoming request - Method: GET, Payload size: 0 bytes (0 KB)
[16-Mar-2026 10:17:41 UTC] Pages API - Method: GET
[16-Mar-2026 10:17:41 UTC] Pages API - clerk_user_id from request: null
[16-Mar-2026 10:17:41 UTC] Pages API - clerk_user_id from session: user_3AhnQJV5XslRK9dMtMXyCieGbiA
[16-Mar-2026 10:17:41 UTC] Pages API - Using clerk_user_id: user_3AhnQJV5XslRK9dMtMXyCieGbiA
[16-Mar-2026 10:17:41 UTC] Pages API - Using clerk_user_id: user_3AhnQJV5XslRK9dMtMXyCieGbiA
[16-Mar-2026 10:17:41 UTC] MySQL select query: SELECT `id` FROM `users` WHERE `clerk_user_id` = :where_clerk_user_id_0
[16-Mar-2026 10:17:41 UTC] MySQL select params: {"where_clerk_user_id_0":"user_3AhnQJV5XslRK9dMtMXyCieGbiA"}
[16-Mar-2026 10:17:41 UTC] MySQL select returned 1 rows
[16-Mar-2026 10:17:41 UTC] getUserIdFromClerkId - Query result: [{"id":2}]
[16-Mar-2026 10:17:41 UTC] Pages API - User ID from database: 2
[16-Mar-2026 10:17:41 UTC] Pages API - Success! User ID: 2
[16-Mar-2026 10:17:41 UTC] MySQL select query: SELECT `id`, `title`, `thumbnail_url`, `is_favorite`, `is_public`, `share_token`, `share_slug`, `last_accessed`, `created_at`, `updated_at` FROM `user_pages` WHERE `user_id` = :where_user_id_0 ORDER BY COALESCE(`last_accessed`, '1970-01-01 00:00:00') DESC
[16-Mar-2026 10:17:41 UTC] MySQL select params: {"where_user_id_0":2}
[16-Mar-2026 10:17:41 UTC] MySQL select returned 5 rows
[16-Mar-2026 10:17:42 UTC] Successfully loaded .env from: C:\Users\Pablo\Documents\GitHub\nine-screen-canvas-flow/.env
[16-Mar-2026 10:17:42 UTC] MySQL select query: SELECT `id` FROM `users` WHERE `clerk_user_id` = :where_clerk_user_id_0
[16-Mar-2026 10:17:42 UTC] MySQL select params: {"where_clerk_user_id_0":"user_3AhnQJV5XslRK9dMtMXyCieGbiA"}
[16-Mar-2026 10:17:42 UTC] MySQL select returned 1 rows
[16-Mar-2026 10:17:42 UTC] MySQL select query: SELECT * FROM `user_pages` WHERE `id` = :where_id_0 AND `user_id` = :where_user_id_1
[16-Mar-2026 10:17:42 UTC] MySQL select params: {"where_id_0":"3b7ef1b2-2121-11f1-bfcb-d85ed359730c","where_user_id_1":2}
[16-Mar-2026 10:17:42 UTC] MySQL select returned 1 rows
[16-Mar-2026 10:17:43 UTC] Pages API - Incoming request - Method: GET, Payload size: 0 bytes (0 KB)
[16-Mar-2026 10:17:43 UTC] Pages API - Method: GET
[16-Mar-2026 10:17:43 UTC] Pages API - clerk_user_id from request: null
[16-Mar-2026 10:17:43 UTC] Pages API - clerk_user_id from session: user_3AhnQJV5XslRK9dMtMXyCieGbiA
[16-Mar-2026 10:17:43 UTC] Pages API - Using clerk_user_id: user_3AhnQJV5XslRK9dMtMXyCieGbiA
[16-Mar-2026 10:17:43 UTC] Pages API - Using clerk_user_id: user_3AhnQJV5XslRK9dMtMXyCieGbiA
[16-Mar-2026 10:17:43 UTC] MySQL select query: SELECT `id` FROM `users` WHERE `clerk_user_id` = :where_clerk_user_id_0
[16-Mar-2026 10:17:43 UTC] MySQL select params: {"where_clerk_user_id_0":"user_3AhnQJV5XslRK9dMtMXyCieGbiA"}
[16-Mar-2026 10:17:43 UTC] MySQL select returned 1 rows
[16-Mar-2026 10:17:43 UTC] getUserIdFromClerkId - Query result: [{"id":2}]
[16-Mar-2026 10:17:43 UTC] Pages API - User ID from database: 2
[16-Mar-2026 10:17:43 UTC] Pages API - Success! User ID: 2
[16-Mar-2026 10:17:43 UTC] MySQL select query: SELECT `id`, `title`, `thumbnail_url`, `is_favorite`, `is_public`, `share_token`, `share_slug`, `last_accessed`, `created_at`, `updated_at` FROM `user_pages` WHERE `user_id` = :where_user_id_0 ORDER BY COALESCE(`last_accessed`, '1970-01-01 00:00:00') DESC
[16-Mar-2026 10:17:43 UTC] MySQL select params: {"where_user_id_0":2}
[16-Mar-2026 10:17:43 UTC] MySQL select returned 5 rows
[16-Mar-2026 10:17:54 UTC] Pages API - Incoming request - Method: GET, Payload size: 0 bytes (0 KB)
[16-Mar-2026 10:17:54 UTC] Pages API - Method: GET
[16-Mar-2026 10:17:54 UTC] Pages API - clerk_user_id from request: null
[16-Mar-2026 10:17:54 UTC] Pages API - clerk_user_id from session: user_3AhnQJV5XslRK9dMtMXyCieGbiA
[16-Mar-2026 10:17:54 UTC] Pages API - Using clerk_user_id: user_3AhnQJV5XslRK9dMtMXyCieGbiA
[16-Mar-2026 10:17:54 UTC] Pages API - Using clerk_user_id: user_3AhnQJV5XslRK9dMtMXyCieGbiA
[16-Mar-2026 10:17:54 UTC] MySQL select query: SELECT `id` FROM `users` WHERE `clerk_user_id` = :where_clerk_user_id_0
[16-Mar-2026 10:17:54 UTC] MySQL select params: {"where_clerk_user_id_0":"user_3AhnQJV5XslRK9dMtMXyCieGbiA"}
[16-Mar-2026 10:17:54 UTC] MySQL select returned 1 rows
[16-Mar-2026 10:17:54 UTC] getUserIdFromClerkId - Query result: [{"id":2}]
[16-Mar-2026 10:17:54 UTC] Pages API - User ID from database: 2
[16-Mar-2026 10:17:54 UTC] Pages API - Success! User ID: 2
[16-Mar-2026 10:17:54 UTC] MySQL select query: SELECT `id`, `title`, `thumbnail_url`, `is_favorite`, `is_public`, `share_token`, `share_slug`, `last_accessed`, `created_at`, `updated_at` FROM `user_pages` WHERE `user_id` = :where_user_id_0 ORDER BY COALESCE(`last_accessed`, '1970-01-01 00:00:00') DESC
[16-Mar-2026 10:17:54 UTC] MySQL select params: {"where_user_id_0":2}
[16-Mar-2026 10:17:54 UTC] MySQL select returned 5 rows
[16-Mar-2026 10:17:56 UTC] Successfully loaded .env from: C:\Users\Pablo\Documents\GitHub\nine-screen-canvas-flow/.env
[16-Mar-2026 10:17:56 UTC] MySQL select query: SELECT `id` FROM `users` WHERE `clerk_user_id` = :where_clerk_user_id_0
[16-Mar-2026 10:17:56 UTC] MySQL select params: {"where_clerk_user_id_0":"user_3AhnQJV5XslRK9dMtMXyCieGbiA"}
[16-Mar-2026 10:17:56 UTC] MySQL select returned 1 rows
[16-Mar-2026 10:17:56 UTC] MySQL select query: SELECT * FROM `user_pages` WHERE `id` = :where_id_0 AND `user_id` = :where_user_id_1
[16-Mar-2026 10:17:56 UTC] MySQL select params: {"where_id_0":"5af95f14-2120-11f1-bfcb-d85ed359730c","where_user_id_1":2}
[16-Mar-2026 10:17:56 UTC] MySQL select returned 1 rows
[16-Mar-2026 10:17:57 UTC] Pages API - Incoming request - Method: GET, Payload size: 0 bytes (0 KB)
[16-Mar-2026 10:17:57 UTC] Pages API - Method: GET
[16-Mar-2026 10:17:57 UTC] Pages API - clerk_user_id from request: null
[16-Mar-2026 10:17:57 UTC] Pages API - clerk_user_id from session: user_3AhnQJV5XslRK9dMtMXyCieGbiA
[16-Mar-2026 10:17:57 UTC] Pages API - Using clerk_user_id: user_3AhnQJV5XslRK9dMtMXyCieGbiA
[16-Mar-2026 10:17:57 UTC] Pages API - Using clerk_user_id: user_3AhnQJV5XslRK9dMtMXyCieGbiA
[16-Mar-2026 10:17:57 UTC] MySQL select query: SELECT `id` FROM `users` WHERE `clerk_user_id` = :where_clerk_user_id_0
[16-Mar-2026 10:17:57 UTC] MySQL select params: {"where_clerk_user_id_0":"user_3AhnQJV5XslRK9dMtMXyCieGbiA"}
[16-Mar-2026 10:17:57 UTC] MySQL select returned 1 rows
[16-Mar-2026 10:17:57 UTC] getUserIdFromClerkId - Query result: [{"id":2}]
[16-Mar-2026 10:17:57 UTC] Pages API - User ID from database: 2
[16-Mar-2026 10:17:57 UTC] Pages API - Success! User ID: 2
[16-Mar-2026 10:17:57 UTC] MySQL select query: SELECT `id`, `title`, `thumbnail_url`, `is_favorite`, `is_public`, `share_token`, `share_slug`, `last_accessed`, `created_at`, `updated_at` FROM `user_pages` WHERE `user_id` = :where_user_id_0 ORDER BY COALESCE(`last_accessed`, '1970-01-01 00:00:00') DESC
[16-Mar-2026 10:17:57 UTC] MySQL select params: {"where_user_id_0":2}
[16-Mar-2026 10:17:57 UTC] MySQL select returned 5 rows
[16-Mar-2026 10:18:23 UTC] Successfully loaded .env from: C:\Users\Pablo\Documents\GitHub\nine-screen-canvas-flow/.env
[16-Mar-2026 10:18:23 UTC] MySQL select query: SELECT `id` FROM `users` WHERE `clerk_user_id` = :where_clerk_user_id_0
[16-Mar-2026 10:18:23 UTC] MySQL select params: {"where_clerk_user_id_0":"user_3AhnQJV5XslRK9dMtMXyCieGbiA"}
[16-Mar-2026 10:18:23 UTC] MySQL select returned 1 rows
[16-Mar-2026 10:18:23 UTC] MySQL select query: SELECT * FROM `user_pages` WHERE `id` = :where_id_0 AND `user_id` = :where_user_id_1
[16-Mar-2026 10:18:23 UTC] MySQL select params: {"where_id_0":"5af95f14-2120-11f1-bfcb-d85ed359730c","where_user_id_1":2}
[16-Mar-2026 10:18:23 UTC] MySQL select returned 1 rows
[16-Mar-2026 10:18:23 UTC] Domain API - action=suggest, clerk_user_id=user_3AhnQJV5XslRK9dMtMXyCieGbiA
[16-Mar-2026 10:18:25 UTC] Pages API - Incoming request - Method: GET, Payload size: 0 bytes (0 KB)
[16-Mar-2026 10:18:25 UTC] Pages API - Method: GET
[16-Mar-2026 10:18:25 UTC] Pages API - clerk_user_id from request: null
[16-Mar-2026 10:18:25 UTC] Pages API - clerk_user_id from session: user_3AhnQJV5XslRK9dMtMXyCieGbiA
[16-Mar-2026 10:18:25 UTC] Pages API - Using clerk_user_id: user_3AhnQJV5XslRK9dMtMXyCieGbiA
[16-Mar-2026 10:18:25 UTC] Pages API - Using clerk_user_id: user_3AhnQJV5XslRK9dMtMXyCieGbiA
[16-Mar-2026 10:18:25 UTC] MySQL select query: SELECT `id` FROM `users` WHERE `clerk_user_id` = :where_clerk_user_id_0
[16-Mar-2026 10:18:25 UTC] MySQL select params: {"where_clerk_user_id_0":"user_3AhnQJV5XslRK9dMtMXyCieGbiA"}
[16-Mar-2026 10:18:25 UTC] MySQL select returned 1 rows
[16-Mar-2026 10:18:25 UTC] getUserIdFromClerkId - Query result: [{"id":2}]
[16-Mar-2026 10:18:25 UTC] Pages API - User ID from database: 2
[16-Mar-2026 10:18:25 UTC] Pages API - Success! User ID: 2
[16-Mar-2026 10:18:25 UTC] MySQL select query: SELECT `id`, `title`, `thumbnail_url`, `is_favorite`, `is_public`, `share_token`, `share_slug`, `last_accessed`, `created_at`, `updated_at` FROM `user_pages` WHERE `user_id` = :where_user_id_0 ORDER BY COALESCE(`last_accessed`, '1970-01-01 00:00:00') DESC
[16-Mar-2026 10:18:25 UTC] MySQL select params: {"where_user_id_0":2}
[16-Mar-2026 10:18:25 UTC] MySQL select returned 5 rows
[16-Mar-2026 10:18:37 UTC] Pages API - Incoming request - Method: POST, Payload size: 195 bytes (0.19 KB)
[16-Mar-2026 10:18:37 UTC] Pages API - Method: POST
[16-Mar-2026 10:18:37 UTC] Pages API - clerk_user_id from request: user_3AhnQJV5XslRK9dMtMXyCieGbiA
[16-Mar-2026 10:18:37 UTC] Pages API - clerk_user_id from session: user_3AhnQJV5XslRK9dMtMXyCieGbiA
[16-Mar-2026 10:18:37 UTC] Pages API - Using clerk_user_id: user_3AhnQJV5XslRK9dMtMXyCieGbiA
[16-Mar-2026 10:18:37 UTC] Pages API - Using clerk_user_id: user_3AhnQJV5XslRK9dMtMXyCieGbiA
[16-Mar-2026 10:18:37 UTC] MySQL select query: SELECT `id` FROM `users` WHERE `clerk_user_id` = :where_clerk_user_id_0
[16-Mar-2026 10:18:37 UTC] MySQL select params: {"where_clerk_user_id_0":"user_3AhnQJV5XslRK9dMtMXyCieGbiA"}
[16-Mar-2026 10:18:37 UTC] MySQL select returned 1 rows
[16-Mar-2026 10:18:37 UTC] getUserIdFromClerkId - Query result: [{"id":2}]
[16-Mar-2026 10:18:37 UTC] Pages API - User ID from database: 2
[16-Mar-2026 10:18:37 UTC] Pages API - Success! User ID: 2
[16-Mar-2026 10:18:37 UTC] Pages API POST - action='publish-domain', input_keys=action,id,clerk_user_id,share_slug,domain,reactivate_only, raw_snippet={"action":"publish-domain","id":"5af95f14-2120-11f1-bfcb-d85ed359730c","clerk_user_id":"user_3AhnQJV5XslRK9dMtMXyCieGbiA
[16-Mar-2026 10:18:37 UTC] publishPageWithDomain - START: pageId=5af95f14-2120-11f1-bfcb-d85ed359730c, userId=2, domain=propage.com
[16-Mar-2026 10:18:37 UTC] MySQL select query: SELECT `id`, `share_token`, `is_public` FROM `user_pages` WHERE `id` = :where_id_0 AND `user_id` = :where_user_id_1
[16-Mar-2026 10:18:37 UTC] MySQL select params: {"where_id_0":"5af95f14-2120-11f1-bfcb-d85ed359730c","where_user_id_1":2}
[16-Mar-2026 10:18:37 UTC] MySQL select returned 1 rows
[16-Mar-2026 10:18:37 UTC] publishPageWithDomain - Reactivation only, skipping OpenSRS for propage.com
[16-Mar-2026 10:18:37 UTC] MySQL update query: UPDATE `user_pages` SET `share_slug` = :share_slug, `is_public` = :is_public, `share_token` = :share_token, `custom_domain` = :custom_domain WHERE `id` = :where_id_0 AND `user_id` = :where_user_id_1
[16-Mar-2026 10:18:37 UTC] MySQL update params: {"share_slug":"propage.com","is_public":1,"share_token":"889f50c2-d624-4e67-b2a6-6f097d30aae5","custom_domain":"propage.com","where_id_0":"5af95f14-2120-11f1-bfcb-d85ed359730c","where_user_id_1":2}
[16-Mar-2026 10:18:37 UTC] MySQL update error: SQLSTATE[42S22]: Column not found: 1054 Unknown column 'custom_domain' in 'field list'
[16-Mar-2026 10:18:37 UTC] MySQL update failed SQL: UPDATE `user_pages` SET `share_slug` = :share_slug, `is_public` = :is_public, `share_token` = :share_token, `custom_domain` = :custom_domain WHERE `id` = :where_id_0 AND `user_id` = :where_user_id_1
[16-Mar-2026 10:18:37 UTC] publishPageWithDomain - custom_domain column missing, saving without it: Failed to update user_pages: SQLSTATE[42S22]: Column not found: 1054 Unknown column 'custom_domain' in 'field list'
[16-Mar-2026 10:18:37 UTC] MySQL update query: UPDATE `user_pages` SET `share_slug` = :share_slug, `is_public` = :is_public, `share_token` = :share_token WHERE `id` = :where_id_0 AND `user_id` = :where_user_id_1
[16-Mar-2026 10:18:37 UTC] MySQL update params: {"share_slug":"propage.com","is_public":1,"share_token":"889f50c2-d624-4e67-b2a6-6f097d30aae5","where_id_0":"5af95f14-2120-11f1-bfcb-d85ed359730c","where_user_id_1":2}
[16-Mar-2026 10:18:37 UTC] MySQL update affected rows: 1
[16-Mar-2026 10:18:37 UTC] MySQL select query: SELECT * FROM `user_pages` WHERE `id` = :where_id_0 AND `user_id` = :where_user_id_1
[16-Mar-2026 10:18:37 UTC] MySQL select params: {"where_id_0":"5af95f14-2120-11f1-bfcb-d85ed359730c","where_user_id_1":2}
[16-Mar-2026 10:18:37 UTC] MySQL select returned 1 rows
[16-Mar-2026 10:18:37 UTC] publishPageWithDomain - SUCCESS: url=https://propage.com
[16-Mar-2026 10:21:26 UTC] Pages API - Incoming request - Method: PUT, Payload size: 114 bytes (0.11 KB)
[16-Mar-2026 10:21:26 UTC] Pages API - Method: PUT
[16-Mar-2026 10:21:26 UTC] Pages API - clerk_user_id from request: user_3AhnQJV5XslRK9dMtMXyCieGbiA
[16-Mar-2026 10:21:26 UTC] Pages API - clerk_user_id from session: user_3AhnQJV5XslRK9dMtMXyCieGbiA
[16-Mar-2026 10:21:26 UTC] Pages API - Using clerk_user_id: user_3AhnQJV5XslRK9dMtMXyCieGbiA
[16-Mar-2026 10:21:26 UTC] Pages API - Using clerk_user_id: user_3AhnQJV5XslRK9dMtMXyCieGbiA
[16-Mar-2026 10:21:26 UTC] MySQL select query: SELECT `id` FROM `users` WHERE `clerk_user_id` = :where_clerk_user_id_0
[16-Mar-2026 10:21:26 UTC] MySQL select params: {"where_clerk_user_id_0":"user_3AhnQJV5XslRK9dMtMXyCieGbiA"}
[16-Mar-2026 10:21:26 UTC] MySQL select returned 1 rows
[16-Mar-2026 10:21:26 UTC] getUserIdFromClerkId - Query result: [{"id":2}]
[16-Mar-2026 10:21:26 UTC] Pages API - User ID from database: 2
[16-Mar-2026 10:21:26 UTC] Pages API - Success! User ID: 2
[16-Mar-2026 10:21:26 UTC] MySQL select query: SELECT `id`, `updated_at` FROM `user_pages` WHERE `id` = :where_id_0 AND `user_id` = :where_user_id_1
[16-Mar-2026 10:21:26 UTC] MySQL select params: {"where_id_0":"5af95f14-2120-11f1-bfcb-d85ed359730c","where_user_id_1":2}
[16-Mar-2026 10:21:26 UTC] MySQL select returned 1 rows
[16-Mar-2026 10:21:26 UTC] MySQL update query: UPDATE `user_pages` SET `is_public` = :is_public, `last_accessed` = :last_accessed, `updated_at` = :updated_at WHERE `id` = :where_id_0 AND `user_id` = :where_user_id_1
[16-Mar-2026 10:21:26 UTC] MySQL update params: {"is_public":0,"last_accessed":"2026-03-16 10:21:26","updated_at":"2026-03-16 10:21:26","where_id_0":"5af95f14-2120-11f1-bfcb-d85ed359730c","where_user_id_1":2}
[16-Mar-2026 10:21:26 UTC] MySQL update affected rows: 1
[16-Mar-2026 10:21:26 UTC] MySQL select query: SELECT * FROM `user_pages` WHERE `id` = :where_id_0 AND `user_id` = :where_user_id_1
[16-Mar-2026 10:21:26 UTC] MySQL select params: {"where_id_0":"5af95f14-2120-11f1-bfcb-d85ed359730c","where_user_id_1":2}
[16-Mar-2026 10:21:26 UTC] MySQL select returned 1 rows
[16-Mar-2026 10:21:26 UTC] Pages API - Incoming request - Method: GET, Payload size: 0 bytes (0 KB)
[16-Mar-2026 10:21:26 UTC] Pages API - Method: GET
[16-Mar-2026 10:21:26 UTC] Pages API - clerk_user_id from request: null
[16-Mar-2026 10:21:26 UTC] Pages API - clerk_user_id from session: user_3AhnQJV5XslRK9dMtMXyCieGbiA
[16-Mar-2026 10:21:26 UTC] Pages API - Using clerk_user_id: user_3AhnQJV5XslRK9dMtMXyCieGbiA
[16-Mar-2026 10:21:26 UTC] Pages API - Using clerk_user_id: user_3AhnQJV5XslRK9dMtMXyCieGbiA
[16-Mar-2026 10:21:26 UTC] MySQL select query: SELECT `id` FROM `users` WHERE `clerk_user_id` = :where_clerk_user_id_0
[16-Mar-2026 10:21:26 UTC] MySQL select params: {"where_clerk_user_id_0":"user_3AhnQJV5XslRK9dMtMXyCieGbiA"}
[16-Mar-2026 10:21:26 UTC] MySQL select returned 1 rows
[16-Mar-2026 10:21:26 UTC] getUserIdFromClerkId - Query result: [{"id":2}]
[16-Mar-2026 10:21:26 UTC] Pages API - User ID from database: 2
[16-Mar-2026 10:21:26 UTC] Pages API - Success! User ID: 2
[16-Mar-2026 10:21:26 UTC] MySQL select query: SELECT `id`, `title`, `thumbnail_url`, `is_favorite`, `is_public`, `share_token`, `share_slug`, `last_accessed`, `created_at`, `updated_at` FROM `user_pages` WHERE `user_id` = :where_user_id_0 ORDER BY COALESCE(`last_accessed`, '1970-01-01 00:00:00') DESC
[16-Mar-2026 10:21:26 UTC] MySQL select params: {"where_user_id_0":2}
[16-Mar-2026 10:21:26 UTC] MySQL select returned 5 rows
[16-Mar-2026 10:21:26 UTC] Pages API - Incoming request - Method: GET, Payload size: 0 bytes (0 KB)
[16-Mar-2026 10:21:26 UTC] Pages API - Method: GET
[16-Mar-2026 10:21:26 UTC] Pages API - clerk_user_id from request: null
[16-Mar-2026 10:21:26 UTC] Pages API - clerk_user_id from session: user_3AhnQJV5XslRK9dMtMXyCieGbiA
[16-Mar-2026 10:21:26 UTC] Pages API - Using clerk_user_id: user_3AhnQJV5XslRK9dMtMXyCieGbiA
[16-Mar-2026 10:21:26 UTC] Pages API - Using clerk_user_id: user_3AhnQJV5XslRK9dMtMXyCieGbiA
[16-Mar-2026 10:21:26 UTC] MySQL select query: SELECT `id` FROM `users` WHERE `clerk_user_id` = :where_clerk_user_id_0
[16-Mar-2026 10:21:26 UTC] MySQL select params: {"where_clerk_user_id_0":"user_3AhnQJV5XslRK9dMtMXyCieGbiA"}
[16-Mar-2026 10:21:26 UTC] MySQL select returned 1 rows
[16-Mar-2026 10:21:26 UTC] getUserIdFromClerkId - Query result: [{"id":2}]
[16-Mar-2026 10:21:26 UTC] Pages API - User ID from database: 2
[16-Mar-2026 10:21:26 UTC] Pages API - Success! User ID: 2
[16-Mar-2026 10:21:26 UTC] MySQL select query: SELECT `id`, `title`, `thumbnail_url`, `is_favorite`, `is_public`, `share_token`, `share_slug`, `last_accessed`, `created_at`, `updated_at` FROM `user_pages` WHERE `user_id` = :where_user_id_0 ORDER BY COALESCE(`last_accessed`, '1970-01-01 00:00:00') DESC
[16-Mar-2026 10:21:26 UTC] MySQL select params: {"where_user_id_0":2}
[16-Mar-2026 10:21:26 UTC] MySQL select returned 5 rows
[16-Mar-2026 10:21:39 UTC] Successfully loaded .env from: C:\Users\Pablo\Documents\GitHub\nine-screen-canvas-flow/.env
[16-Mar-2026 10:21:39 UTC] MySQL select query: SELECT `id` FROM `users` WHERE `clerk_user_id` = :where_clerk_user_id_0
[16-Mar-2026 10:21:39 UTC] MySQL select params: {"where_clerk_user_id_0":"user_3AhnQJV5XslRK9dMtMXyCieGbiA"}
[16-Mar-2026 10:21:39 UTC] MySQL select returned 1 rows
[16-Mar-2026 10:21:39 UTC] MySQL select query: SELECT * FROM `user_pages` WHERE `id` = :where_id_0 AND `user_id` = :where_user_id_1
[16-Mar-2026 10:21:39 UTC] MySQL select params: {"where_id_0":"5af95f14-2120-11f1-bfcb-d85ed359730c","where_user_id_1":2}
[16-Mar-2026 10:21:39 UTC] MySQL select returned 1 rows
[16-Mar-2026 10:21:40 UTC] Domain API - action=suggest, clerk_user_id=user_3AhnQJV5XslRK9dMtMXyCieGbiA
[16-Mar-2026 10:21:41 UTC] Pages API - Incoming request - Method: GET, Payload size: 0 bytes (0 KB)
[16-Mar-2026 10:21:41 UTC] Pages API - Method: GET
[16-Mar-2026 10:21:41 UTC] Pages API - clerk_user_id from request: null
[16-Mar-2026 10:21:41 UTC] Pages API - clerk_user_id from session: user_3AhnQJV5XslRK9dMtMXyCieGbiA
[16-Mar-2026 10:21:41 UTC] Pages API - Using clerk_user_id: user_3AhnQJV5XslRK9dMtMXyCieGbiA
[16-Mar-2026 10:21:41 UTC] Pages API - Using clerk_user_id: user_3AhnQJV5XslRK9dMtMXyCieGbiA
[16-Mar-2026 10:21:41 UTC] MySQL select query: SELECT `id` FROM `users` WHERE `clerk_user_id` = :where_clerk_user_id_0
[16-Mar-2026 10:21:41 UTC] MySQL select params: {"where_clerk_user_id_0":"user_3AhnQJV5XslRK9dMtMXyCieGbiA"}
[16-Mar-2026 10:21:41 UTC] MySQL select returned 1 rows
[16-Mar-2026 10:21:41 UTC] getUserIdFromClerkId - Query result: [{"id":2}]
[16-Mar-2026 10:21:41 UTC] Pages API - User ID from database: 2
[16-Mar-2026 10:21:41 UTC] Pages API - Success! User ID: 2
[16-Mar-2026 10:21:41 UTC] MySQL select query: SELECT `id`, `title`, `thumbnail_url`, `is_favorite`, `is_public`, `share_token`, `share_slug`, `last_accessed`, `created_at`, `updated_at` FROM `user_pages` WHERE `user_id` = :where_user_id_0 ORDER BY COALESCE(`last_accessed`, '1970-01-01 00:00:00') DESC
[16-Mar-2026 10:21:41 UTC] MySQL select params: {"where_user_id_0":2}
[16-Mar-2026 10:21:41 UTC] MySQL select returned 5 rows
[16-Mar-2026 10:21:44 UTC] Pages API - Incoming request - Method: POST, Payload size: 195 bytes (0.19 KB)
[16-Mar-2026 10:21:44 UTC] Pages API - Method: POST
[16-Mar-2026 10:21:44 UTC] Pages API - clerk_user_id from request: user_3AhnQJV5XslRK9dMtMXyCieGbiA
[16-Mar-2026 10:21:44 UTC] Pages API - clerk_user_id from session: user_3AhnQJV5XslRK9dMtMXyCieGbiA
[16-Mar-2026 10:21:44 UTC] Pages API - Using clerk_user_id: user_3AhnQJV5XslRK9dMtMXyCieGbiA
[16-Mar-2026 10:21:44 UTC] Pages API - Using clerk_user_id: user_3AhnQJV5XslRK9dMtMXyCieGbiA
[16-Mar-2026 10:21:44 UTC] MySQL select query: SELECT `id` FROM `users` WHERE `clerk_user_id` = :where_clerk_user_id_0
[16-Mar-2026 10:21:44 UTC] MySQL select params: {"where_clerk_user_id_0":"user_3AhnQJV5XslRK9dMtMXyCieGbiA"}
[16-Mar-2026 10:21:44 UTC] MySQL select returned 1 rows
[16-Mar-2026 10:21:44 UTC] getUserIdFromClerkId - Query result: [{"id":2}]
[16-Mar-2026 10:21:44 UTC] Pages API - User ID from database: 2
[16-Mar-2026 10:21:44 UTC] Pages API - Success! User ID: 2
[16-Mar-2026 10:21:44 UTC] Pages API POST - action='publish-domain', input_keys=action,id,clerk_user_id,share_slug,domain,reactivate_only, raw_snippet={"action":"publish-domain","id":"5af95f14-2120-11f1-bfcb-d85ed359730c","clerk_user_id":"user_3AhnQJV5XslRK9dMtMXyCieGbiA
[16-Mar-2026 10:21:44 UTC] publishPageWithDomain - START: pageId=5af95f14-2120-11f1-bfcb-d85ed359730c, userId=2, domain=propage.com
[16-Mar-2026 10:21:44 UTC] MySQL select query: SELECT `id`, `share_token`, `is_public` FROM `user_pages` WHERE `id` = :where_id_0 AND `user_id` = :where_user_id_1
[16-Mar-2026 10:21:44 UTC] MySQL select params: {"where_id_0":"5af95f14-2120-11f1-bfcb-d85ed359730c","where_user_id_1":2}
[16-Mar-2026 10:21:44 UTC] MySQL select returned 1 rows
[16-Mar-2026 10:21:44 UTC] publishPageWithDomain - Reactivation only, skipping OpenSRS for propage.com
[16-Mar-2026 10:21:44 UTC] MySQL update query: UPDATE `user_pages` SET `share_slug` = :share_slug, `is_public` = :is_public, `share_token` = :share_token, `custom_domain` = :custom_domain WHERE `id` = :where_id_0 AND `user_id` = :where_user_id_1
[16-Mar-2026 10:21:44 UTC] MySQL update params: {"share_slug":"propage.com","is_public":1,"share_token":"889f50c2-d624-4e67-b2a6-6f097d30aae5","custom_domain":"propage.com","where_id_0":"5af95f14-2120-11f1-bfcb-d85ed359730c","where_user_id_1":2}
[16-Mar-2026 10:21:44 UTC] MySQL update error: SQLSTATE[42S22]: Column not found: 1054 Unknown column 'custom_domain' in 'field list'
[16-Mar-2026 10:21:44 UTC] MySQL update failed SQL: UPDATE `user_pages` SET `share_slug` = :share_slug, `is_public` = :is_public, `share_token` = :share_token, `custom_domain` = :custom_domain WHERE `id` = :where_id_0 AND `user_id` = :where_user_id_1
[16-Mar-2026 10:21:44 UTC] publishPageWithDomain - custom_domain column missing, saving without it: Failed to update user_pages: SQLSTATE[42S22]: Column not found: 1054 Unknown column 'custom_domain' in 'field list'
[16-Mar-2026 10:21:44 UTC] MySQL update query: UPDATE `user_pages` SET `share_slug` = :share_slug, `is_public` = :is_public, `share_token` = :share_token WHERE `id` = :where_id_0 AND `user_id` = :where_user_id_1
[16-Mar-2026 10:21:44 UTC] MySQL update params: {"share_slug":"propage.com","is_public":1,"share_token":"889f50c2-d624-4e67-b2a6-6f097d30aae5","where_id_0":"5af95f14-2120-11f1-bfcb-d85ed359730c","where_user_id_1":2}
[16-Mar-2026 10:21:44 UTC] MySQL update affected rows: 1
[16-Mar-2026 10:21:44 UTC] MySQL select query: SELECT * FROM `user_pages` WHERE `id` = :where_id_0 AND `user_id` = :where_user_id_1
[16-Mar-2026 10:21:44 UTC] MySQL select params: {"where_id_0":"5af95f14-2120-11f1-bfcb-d85ed359730c","where_user_id_1":2}
[16-Mar-2026 10:21:44 UTC] MySQL select returned 1 rows
[16-Mar-2026 10:21:44 UTC] publishPageWithDomain - SUCCESS: url=https://propage.com
[16-Mar-2026 10:22:58 UTC] Successfully loaded .env from: C:\Users\Pablo\Documents\GitHub\nine-screen-canvas-flow/.env
[16-Mar-2026 10:22:58 UTC] syncClerkSession - Refreshing paid status for: ptrigol@gmail.com
[16-Mar-2026 10:22:58 UTC] Purchases database connection failed: SQLSTATE[HY000] [1045] Access denied for user 'alvarotrigo_alvarotrigo'@'79.117.116.182' (using password: YES)
[16-Mar-2026 10:22:58 UTC] Attempted connection to: host=nocn.noc-n.com, dbname=alvarotrigo_alvarotrigo, user=alvarotrigo_alvarotrigo
[16-Mar-2026 10:22:58 UTC] Error checking user paid status: Purchases database connection failed: SQLSTATE[HY000] [1045] Access denied for user 'alvarotrigo_alvarotrigo'@'79.117.116.182' (using password: YES)
[16-Mar-2026 10:22:58 UTC] MySQL select query: SELECT * FROM `users` WHERE `email` = :where_email_0 AND `pro_status_source` = :where_pro_status_source_1
[16-Mar-2026 10:22:58 UTC] MySQL select params: {"where_email_0":"ptrigol@gmail.com","where_pro_status_source_1":"polar"}
[16-Mar-2026 10:22:58 UTC] MySQL select returned 0 rows
[16-Mar-2026 10:22:58 UTC] MySQL select query: SELECT * FROM `subscriptions` WHERE `customer_email` = :where_customer_email_0 AND `status` = :where_status_1
[16-Mar-2026 10:22:58 UTC] MySQL select params: {"where_customer_email_0":"ptrigol@gmail.com","where_status_1":"active"}
[16-Mar-2026 10:22:58 UTC] MySQL select returned 0 rows
[16-Mar-2026 10:22:58 UTC] syncClerkSession - Paid status refreshed: is_paid=false
[16-Mar-2026 10:22:58 UTC] MySQL select query: SELECT `id` FROM `users` WHERE `clerk_user_id` = :where_clerk_user_id_0
[16-Mar-2026 10:22:58 UTC] MySQL select params: {"where_clerk_user_id_0":"user_3AhnQJV5XslRK9dMtMXyCieGbiA"}
[16-Mar-2026 10:22:58 UTC] MySQL select returned 1 rows
[16-Mar-2026 10:22:58 UTC] MySQL select query: SELECT * FROM `user_pages` WHERE `id` = :where_id_0 AND `user_id` = :where_user_id_1
[16-Mar-2026 10:22:58 UTC] MySQL select params: {"where_id_0":"5af95f14-2120-11f1-bfcb-d85ed359730c","where_user_id_1":2}
[16-Mar-2026 10:22:58 UTC] MySQL select returned 1 rows
[16-Mar-2026 10:22:59 UTC] Domain API - action=suggest, clerk_user_id=user_3AhnQJV5XslRK9dMtMXyCieGbiA
[16-Mar-2026 10:23:00 UTC] Pages API - Incoming request - Method: GET, Payload size: 0 bytes (0 KB)
[16-Mar-2026 10:23:00 UTC] Pages API - Method: GET
[16-Mar-2026 10:23:00 UTC] Pages API - clerk_user_id from request: null
[16-Mar-2026 10:23:00 UTC] Pages API - clerk_user_id from session: user_3AhnQJV5XslRK9dMtMXyCieGbiA
[16-Mar-2026 10:23:00 UTC] Pages API - Using clerk_user_id: user_3AhnQJV5XslRK9dMtMXyCieGbiA
[16-Mar-2026 10:23:00 UTC] Pages API - Using clerk_user_id: user_3AhnQJV5XslRK9dMtMXyCieGbiA
[16-Mar-2026 10:23:00 UTC] MySQL select query: SELECT `id` FROM `users` WHERE `clerk_user_id` = :where_clerk_user_id_0
[16-Mar-2026 10:23:00 UTC] MySQL select params: {"where_clerk_user_id_0":"user_3AhnQJV5XslRK9dMtMXyCieGbiA"}
[16-Mar-2026 10:23:00 UTC] MySQL select returned 1 rows
[16-Mar-2026 10:23:00 UTC] getUserIdFromClerkId - Query result: [{"id":2}]
[16-Mar-2026 10:23:00 UTC] Pages API - User ID from database: 2
[16-Mar-2026 10:23:00 UTC] Pages API - Success! User ID: 2
[16-Mar-2026 10:23:00 UTC] MySQL select query: SELECT `id`, `title`, `thumbnail_url`, `is_favorite`, `is_public`, `share_token`, `share_slug`, `last_accessed`, `created_at`, `updated_at` FROM `user_pages` WHERE `user_id` = :where_user_id_0 ORDER BY COALESCE(`last_accessed`, '1970-01-01 00:00:00') DESC
[16-Mar-2026 10:23:00 UTC] MySQL select params: {"where_user_id_0":2}
[16-Mar-2026 10:23:00 UTC] MySQL select returned 5 rows
[16-Mar-2026 10:23:03 UTC] Pages API - Incoming request - Method: PUT, Payload size: 114 bytes (0.11 KB)
[16-Mar-2026 10:23:03 UTC] Pages API - Method: PUT
[16-Mar-2026 10:23:03 UTC] Pages API - clerk_user_id from request: user_3AhnQJV5XslRK9dMtMXyCieGbiA
[16-Mar-2026 10:23:03 UTC] Pages API - clerk_user_id from session: user_3AhnQJV5XslRK9dMtMXyCieGbiA
[16-Mar-2026 10:23:03 UTC] Pages API - Using clerk_user_id: user_3AhnQJV5XslRK9dMtMXyCieGbiA
[16-Mar-2026 10:23:03 UTC] Pages API - Using clerk_user_id: user_3AhnQJV5XslRK9dMtMXyCieGbiA
[16-Mar-2026 10:23:03 UTC] MySQL select query: SELECT `id` FROM `users` WHERE `clerk_user_id` = :where_clerk_user_id_0
[16-Mar-2026 10:23:03 UTC] MySQL select params: {"where_clerk_user_id_0":"user_3AhnQJV5XslRK9dMtMXyCieGbiA"}
[16-Mar-2026 10:23:03 UTC] MySQL select returned 1 rows
[16-Mar-2026 10:23:03 UTC] getUserIdFromClerkId - Query result: [{"id":2}]
[16-Mar-2026 10:23:03 UTC] Pages API - User ID from database: 2
[16-Mar-2026 10:23:03 UTC] Pages API - Success! User ID: 2
[16-Mar-2026 10:23:03 UTC] MySQL select query: SELECT `id`, `updated_at` FROM `user_pages` WHERE `id` = :where_id_0 AND `user_id` = :where_user_id_1
[16-Mar-2026 10:23:03 UTC] MySQL select params: {"where_id_0":"5af95f14-2120-11f1-bfcb-d85ed359730c","where_user_id_1":2}
[16-Mar-2026 10:23:03 UTC] MySQL select returned 1 rows
[16-Mar-2026 10:23:03 UTC] MySQL update query: UPDATE `user_pages` SET `is_public` = :is_public, `last_accessed` = :last_accessed, `updated_at` = :updated_at WHERE `id` = :where_id_0 AND `user_id` = :where_user_id_1
[16-Mar-2026 10:23:03 UTC] MySQL update params: {"is_public":0,"last_accessed":"2026-03-16 10:23:03","updated_at":"2026-03-16 10:23:03","where_id_0":"5af95f14-2120-11f1-bfcb-d85ed359730c","where_user_id_1":2}
[16-Mar-2026 10:23:03 UTC] MySQL update affected rows: 1
[16-Mar-2026 10:23:03 UTC] MySQL select query: SELECT * FROM `user_pages` WHERE `id` = :where_id_0 AND `user_id` = :where_user_id_1
[16-Mar-2026 10:23:03 UTC] MySQL select params: {"where_id_0":"5af95f14-2120-11f1-bfcb-d85ed359730c","where_user_id_1":2}
[16-Mar-2026 10:23:03 UTC] MySQL select returned 1 rows
[16-Mar-2026 10:23:03 UTC] Pages API - Incoming request - Method: GET, Payload size: 0 bytes (0 KB)
[16-Mar-2026 10:23:03 UTC] Pages API - Method: GET
[16-Mar-2026 10:23:03 UTC] Pages API - clerk_user_id from request: null
[16-Mar-2026 10:23:03 UTC] Pages API - clerk_user_id from session: user_3AhnQJV5XslRK9dMtMXyCieGbiA
[16-Mar-2026 10:23:03 UTC] Pages API - Using clerk_user_id: user_3AhnQJV5XslRK9dMtMXyCieGbiA
[16-Mar-2026 10:23:03 UTC] Pages API - Using clerk_user_id: user_3AhnQJV5XslRK9dMtMXyCieGbiA
[16-Mar-2026 10:23:03 UTC] MySQL select query: SELECT `id` FROM `users` WHERE `clerk_user_id` = :where_clerk_user_id_0
[16-Mar-2026 10:23:03 UTC] MySQL select params: {"where_clerk_user_id_0":"user_3AhnQJV5XslRK9dMtMXyCieGbiA"}
[16-Mar-2026 10:23:03 UTC] MySQL select returned 1 rows
[16-Mar-2026 10:23:03 UTC] getUserIdFromClerkId - Query result: [{"id":2}]
[16-Mar-2026 10:23:03 UTC] Pages API - User ID from database: 2
[16-Mar-2026 10:23:03 UTC] Pages API - Success! User ID: 2
[16-Mar-2026 10:23:03 UTC] MySQL select query: SELECT `id`, `title`, `thumbnail_url`, `is_favorite`, `is_public`, `share_token`, `share_slug`, `last_accessed`, `created_at`, `updated_at` FROM `user_pages` WHERE `user_id` = :where_user_id_0 ORDER BY COALESCE(`last_accessed`, '1970-01-01 00:00:00') DESC
[16-Mar-2026 10:23:03 UTC] MySQL select params: {"where_user_id_0":2}
[16-Mar-2026 10:23:03 UTC] MySQL select returned 5 rows
[16-Mar-2026 10:23:03 UTC] Pages API - Incoming request - Method: GET, Payload size: 0 bytes (0 KB)
[16-Mar-2026 10:23:03 UTC] Pages API - Method: GET
[16-Mar-2026 10:23:03 UTC] Pages API - clerk_user_id from request: null
[16-Mar-2026 10:23:03 UTC] Pages API - clerk_user_id from session: user_3AhnQJV5XslRK9dMtMXyCieGbiA
[16-Mar-2026 10:23:03 UTC] Pages API - Using clerk_user_id: user_3AhnQJV5XslRK9dMtMXyCieGbiA
[16-Mar-2026 10:23:03 UTC] Pages API - Using clerk_user_id: user_3AhnQJV5XslRK9dMtMXyCieGbiA
[16-Mar-2026 10:23:03 UTC] MySQL select query: SELECT `id` FROM `users` WHERE `clerk_user_id` = :where_clerk_user_id_0
[16-Mar-2026 10:23:03 UTC] MySQL select params: {"where_clerk_user_id_0":"user_3AhnQJV5XslRK9dMtMXyCieGbiA"}
[16-Mar-2026 10:23:03 UTC] MySQL select returned 1 rows
[16-Mar-2026 10:23:03 UTC] getUserIdFromClerkId - Query result: [{"id":2}]
[16-Mar-2026 10:23:03 UTC] Pages API - User ID from database: 2
[16-Mar-2026 10:23:03 UTC] Pages API - Success! User ID: 2
[16-Mar-2026 10:23:03 UTC] MySQL select query: SELECT `id`, `title`, `thumbnail_url`, `is_favorite`, `is_public`, `share_token`, `share_slug`, `last_accessed`, `created_at`, `updated_at` FROM `user_pages` WHERE `user_id` = :where_user_id_0 ORDER BY COALESCE(`last_accessed`, '1970-01-01 00:00:00') DESC
[16-Mar-2026 10:23:03 UTC] MySQL select params: {"where_user_id_0":2}
[16-Mar-2026 10:23:03 UTC] MySQL select returned 5 rows
[16-Mar-2026 10:23:06 UTC] Successfully loaded .env from: C:\Users\Pablo\Documents\GitHub\nine-screen-canvas-flow/.env
[16-Mar-2026 10:23:06 UTC] MySQL select query: SELECT `id` FROM `users` WHERE `clerk_user_id` = :where_clerk_user_id_0
[16-Mar-2026 10:23:06 UTC] MySQL select params: {"where_clerk_user_id_0":"user_3AhnQJV5XslRK9dMtMXyCieGbiA"}
[16-Mar-2026 10:23:06 UTC] MySQL select returned 1 rows
[16-Mar-2026 10:23:06 UTC] MySQL select query: SELECT * FROM `user_pages` WHERE `id` = :where_id_0 AND `user_id` = :where_user_id_1
[16-Mar-2026 10:23:06 UTC] MySQL select params: {"where_id_0":"5af95f14-2120-11f1-bfcb-d85ed359730c","where_user_id_1":2}
[16-Mar-2026 10:23:06 UTC] MySQL select returned 1 rows
[16-Mar-2026 10:23:06 UTC] Domain API - action=suggest, clerk_user_id=user_3AhnQJV5XslRK9dMtMXyCieGbiA
[16-Mar-2026 10:23:07 UTC] Pages API - Incoming request - Method: GET, Payload size: 0 bytes (0 KB)
[16-Mar-2026 10:23:07 UTC] Pages API - Method: GET
[16-Mar-2026 10:23:07 UTC] Pages API - clerk_user_id from request: null
[16-Mar-2026 10:23:07 UTC] Pages API - clerk_user_id from session: user_3AhnQJV5XslRK9dMtMXyCieGbiA
[16-Mar-2026 10:23:07 UTC] Pages API - Using clerk_user_id: user_3AhnQJV5XslRK9dMtMXyCieGbiA
[16-Mar-2026 10:23:07 UTC] Pages API - Using clerk_user_id: user_3AhnQJV5XslRK9dMtMXyCieGbiA
[16-Mar-2026 10:23:07 UTC] MySQL select query: SELECT `id` FROM `users` WHERE `clerk_user_id` = :where_clerk_user_id_0
[16-Mar-2026 10:23:07 UTC] MySQL select params: {"where_clerk_user_id_0":"user_3AhnQJV5XslRK9dMtMXyCieGbiA"}
[16-Mar-2026 10:23:07 UTC] MySQL select returned 1 rows
[16-Mar-2026 10:23:07 UTC] getUserIdFromClerkId - Query result: [{"id":2}]
[16-Mar-2026 10:23:07 UTC] Pages API - User ID from database: 2
[16-Mar-2026 10:23:07 UTC] Pages API - Success! User ID: 2
[16-Mar-2026 10:23:07 UTC] MySQL select query: SELECT `id`, `title`, `thumbnail_url`, `is_favorite`, `is_public`, `share_token`, `share_slug`, `last_accessed`, `created_at`, `updated_at` FROM `user_pages` WHERE `user_id` = :where_user_id_0 ORDER BY COALESCE(`last_accessed`, '1970-01-01 00:00:00') DESC
[16-Mar-2026 10:23:07 UTC] MySQL select params: {"where_user_id_0":2}
[16-Mar-2026 10:23:07 UTC] MySQL select returned 5 rows
[16-Mar-2026 10:23:09 UTC] Pages API - Incoming request - Method: GET, Payload size: 0 bytes (0 KB)
[16-Mar-2026 10:23:09 UTC] Pages API - Method: GET
[16-Mar-2026 10:23:09 UTC] Pages API - clerk_user_id from request: null
[16-Mar-2026 10:23:09 UTC] Pages API - clerk_user_id from session: user_3AhnQJV5XslRK9dMtMXyCieGbiA
[16-Mar-2026 10:23:09 UTC] Pages API - Using clerk_user_id: user_3AhnQJV5XslRK9dMtMXyCieGbiA
[16-Mar-2026 10:23:09 UTC] Pages API - Using clerk_user_id: user_3AhnQJV5XslRK9dMtMXyCieGbiA
[16-Mar-2026 10:23:09 UTC] MySQL select query: SELECT `id` FROM `users` WHERE `clerk_user_id` = :where_clerk_user_id_0
[16-Mar-2026 10:23:09 UTC] MySQL select params: {"where_clerk_user_id_0":"user_3AhnQJV5XslRK9dMtMXyCieGbiA"}
[16-Mar-2026 10:23:09 UTC] MySQL select returned 1 rows
[16-Mar-2026 10:23:09 UTC] getUserIdFromClerkId - Query result: [{"id":2}]
[16-Mar-2026 10:23:09 UTC] Pages API - User ID from database: 2
[16-Mar-2026 10:23:09 UTC] Pages API - Success! User ID: 2
[16-Mar-2026 10:23:09 UTC] MySQL select query: SELECT `id`, `title`, `thumbnail_url`, `is_favorite`, `is_public`, `share_token`, `share_slug`, `last_accessed`, `created_at`, `updated_at` FROM `user_pages` WHERE `user_id` = :where_user_id_0 ORDER BY COALESCE(`last_accessed`, '1970-01-01 00:00:00') DESC
[16-Mar-2026 10:23:09 UTC] MySQL select params: {"where_user_id_0":2}
[16-Mar-2026 10:23:09 UTC] MySQL select returned 5 rows
[16-Mar-2026 10:23:54 UTC] Pages API - Incoming request - Method: GET, Payload size: 0 bytes (0 KB)
[16-Mar-2026 10:23:54 UTC] Pages API - Method: GET
[16-Mar-2026 10:23:54 UTC] Pages API - clerk_user_id from request: null
[16-Mar-2026 10:23:54 UTC] Pages API - clerk_user_id from session: user_3AhnQJV5XslRK9dMtMXyCieGbiA
[16-Mar-2026 10:23:54 UTC] Pages API - Using clerk_user_id: user_3AhnQJV5XslRK9dMtMXyCieGbiA
[16-Mar-2026 10:23:54 UTC] Pages API - Using clerk_user_id: user_3AhnQJV5XslRK9dMtMXyCieGbiA
[16-Mar-2026 10:23:54 UTC] MySQL select query: SELECT `id` FROM `users` WHERE `clerk_user_id` = :where_clerk_user_id_0
[16-Mar-2026 10:23:54 UTC] MySQL select params: {"where_clerk_user_id_0":"user_3AhnQJV5XslRK9dMtMXyCieGbiA"}
[16-Mar-2026 10:23:54 UTC] MySQL select returned 1 rows
[16-Mar-2026 10:23:54 UTC] getUserIdFromClerkId - Query result: [{"id":2}]
[16-Mar-2026 10:23:54 UTC] Pages API - User ID from database: 2
[16-Mar-2026 10:23:54 UTC] Pages API - Success! User ID: 2
[16-Mar-2026 10:23:54 UTC] MySQL select query: SELECT `id`, `title`, `thumbnail_url`, `is_favorite`, `is_public`, `share_token`, `share_slug`, `last_accessed`, `created_at`, `updated_at` FROM `user_pages` WHERE `user_id` = :where_user_id_0 ORDER BY COALESCE(`last_accessed`, '1970-01-01 00:00:00') DESC
[16-Mar-2026 10:23:54 UTC] MySQL select params: {"where_user_id_0":2}
[16-Mar-2026 10:23:54 UTC] MySQL select returned 5 rows
[16-Mar-2026 10:24:22 UTC] Successfully loaded .env from: C:\Users\Pablo\Documents\GitHub\nine-screen-canvas-flow/.env
[16-Mar-2026 10:24:22 UTC] MySQL select query: SELECT `id` FROM `users` WHERE `clerk_user_id` = :where_clerk_user_id_0
[16-Mar-2026 10:24:22 UTC] MySQL select params: {"where_clerk_user_id_0":"user_3AhnQJV5XslRK9dMtMXyCieGbiA"}
[16-Mar-2026 10:24:22 UTC] MySQL select returned 1 rows
[16-Mar-2026 10:24:22 UTC] MySQL select query: SELECT * FROM `user_pages` WHERE `id` = :where_id_0 AND `user_id` = :where_user_id_1
[16-Mar-2026 10:24:22 UTC] MySQL select params: {"where_id_0":"5af95f14-2120-11f1-bfcb-d85ed359730c","where_user_id_1":2}
[16-Mar-2026 10:24:22 UTC] MySQL select returned 1 rows
[16-Mar-2026 10:24:23 UTC] Domain API - action=suggest, clerk_user_id=user_3AhnQJV5XslRK9dMtMXyCieGbiA
[16-Mar-2026 10:24:24 UTC] Pages API - Incoming request - Method: GET, Payload size: 0 bytes (0 KB)
[16-Mar-2026 10:24:24 UTC] Pages API - Method: GET
[16-Mar-2026 10:24:24 UTC] Pages API - clerk_user_id from request: null
[16-Mar-2026 10:24:24 UTC] Pages API - clerk_user_id from session: user_3AhnQJV5XslRK9dMtMXyCieGbiA
[16-Mar-2026 10:24:24 UTC] Pages API - Using clerk_user_id: user_3AhnQJV5XslRK9dMtMXyCieGbiA
[16-Mar-2026 10:24:24 UTC] Pages API - Using clerk_user_id: user_3AhnQJV5XslRK9dMtMXyCieGbiA
[16-Mar-2026 10:24:24 UTC] MySQL select query: SELECT `id` FROM `users` WHERE `clerk_user_id` = :where_clerk_user_id_0
[16-Mar-2026 10:24:24 UTC] MySQL select params: {"where_clerk_user_id_0":"user_3AhnQJV5XslRK9dMtMXyCieGbiA"}
[16-Mar-2026 10:24:24 UTC] MySQL select returned 1 rows
[16-Mar-2026 10:24:24 UTC] getUserIdFromClerkId - Query result: [{"id":2}]
[16-Mar-2026 10:24:24 UTC] Pages API - User ID from database: 2
[16-Mar-2026 10:24:24 UTC] Pages API - Success! User ID: 2
[16-Mar-2026 10:24:24 UTC] MySQL select query: SELECT `id`, `title`, `thumbnail_url`, `is_favorite`, `is_public`, `share_token`, `share_slug`, `last_accessed`, `created_at`, `updated_at` FROM `user_pages` WHERE `user_id` = :where_user_id_0 ORDER BY COALESCE(`last_accessed`, '1970-01-01 00:00:00') DESC
[16-Mar-2026 10:24:24 UTC] MySQL select params: {"where_user_id_0":2}
[16-Mar-2026 10:24:24 UTC] MySQL select returned 5 rows
[16-Mar-2026 10:24:27 UTC] Pages API - Incoming request - Method: POST, Payload size: 113 bytes (0.11 KB)
[16-Mar-2026 10:24:27 UTC] Pages API - Method: POST
[16-Mar-2026 10:24:27 UTC] Pages API - clerk_user_id from request: user_3AhnQJV5XslRK9dMtMXyCieGbiA
[16-Mar-2026 10:24:27 UTC] Pages API - clerk_user_id from session: user_3AhnQJV5XslRK9dMtMXyCieGbiA
[16-Mar-2026 10:24:27 UTC] Pages API - Using clerk_user_id: user_3AhnQJV5XslRK9dMtMXyCieGbiA
[16-Mar-2026 10:24:27 UTC] Pages API - Using clerk_user_id: user_3AhnQJV5XslRK9dMtMXyCieGbiA
[16-Mar-2026 10:24:27 UTC] MySQL select query: SELECT `id` FROM `users` WHERE `clerk_user_id` = :where_clerk_user_id_0
[16-Mar-2026 10:24:27 UTC] MySQL select params: {"where_clerk_user_id_0":"user_3AhnQJV5XslRK9dMtMXyCieGbiA"}
[16-Mar-2026 10:24:27 UTC] MySQL select returned 1 rows
[16-Mar-2026 10:24:27 UTC] getUserIdFromClerkId - Query result: [{"id":2}]
[16-Mar-2026 10:24:27 UTC] Pages API - User ID from database: 2
[16-Mar-2026 10:24:27 UTC] Pages API - Success! User ID: 2
[16-Mar-2026 10:24:27 UTC] Pages API POST - action='share', input_keys=action,id,clerk_user_id, raw_snippet={"action":"share","id":"5af95f14-2120-11f1-bfcb-d85ed359730c","clerk_user_id":"user_3AhnQJV5XslRK9dMtMXyCieGbiA"}
[16-Mar-2026 10:24:27 UTC] MySQL select query: SELECT `id`, `share_token`, `is_public`, `share_slug` FROM `user_pages` WHERE `id` = :where_id_0 AND `user_id` = :where_user_id_1
[16-Mar-2026 10:24:27 UTC] MySQL select params: {"where_id_0":"5af95f14-2120-11f1-bfcb-d85ed359730c","where_user_id_1":2}
[16-Mar-2026 10:24:27 UTC] MySQL select returned 1 rows
[16-Mar-2026 10:24:27 UTC] MySQL update query: UPDATE `user_pages` SET `is_public` = :is_public WHERE `id` = :where_id_0 AND `user_id` = :where_user_id_1
[16-Mar-2026 10:24:27 UTC] MySQL update params: {"is_public":1,"where_id_0":"5af95f14-2120-11f1-bfcb-d85ed359730c","where_user_id_1":2}
[16-Mar-2026 10:24:27 UTC] MySQL update affected rows: 1
[16-Mar-2026 10:24:27 UTC] MySQL select query: SELECT * FROM `user_pages` WHERE `id` = :where_id_0 AND `user_id` = :where_user_id_1
[16-Mar-2026 10:24:27 UTC] MySQL select params: {"where_id_0":"5af95f14-2120-11f1-bfcb-d85ed359730c","where_user_id_1":2}
[16-Mar-2026 10:24:27 UTC] MySQL select returned 1 rows
[16-Mar-2026 10:24:38 UTC] Successfully loaded .env from: C:\Users\Pablo\Documents\GitHub\nine-screen-canvas-flow/.env
[16-Mar-2026 10:24:38 UTC] MySQL select query: SELECT `id` FROM `users` WHERE `clerk_user_id` = :where_clerk_user_id_0
[16-Mar-2026 10:24:38 UTC] MySQL select params: {"where_clerk_user_id_0":"user_3AhnQJV5XslRK9dMtMXyCieGbiA"}
[16-Mar-2026 10:24:38 UTC] MySQL select returned 1 rows
[16-Mar-2026 10:24:38 UTC] MySQL select query: SELECT * FROM `user_pages` WHERE `id` = :where_id_0 AND `user_id` = :where_user_id_1
[16-Mar-2026 10:24:38 UTC] MySQL select params: {"where_id_0":"5af95f14-2120-11f1-bfcb-d85ed359730c","where_user_id_1":2}
[16-Mar-2026 10:24:38 UTC] MySQL select returned 1 rows
[16-Mar-2026 10:24:38 UTC] Domain API - action=suggest, clerk_user_id=user_3AhnQJV5XslRK9dMtMXyCieGbiA
[16-Mar-2026 10:24:39 UTC] Pages API - Incoming request - Method: GET, Payload size: 0 bytes (0 KB)
[16-Mar-2026 10:24:39 UTC] Pages API - Method: GET
[16-Mar-2026 10:24:39 UTC] Pages API - clerk_user_id from request: null
[16-Mar-2026 10:24:39 UTC] Pages API - clerk_user_id from session: user_3AhnQJV5XslRK9dMtMXyCieGbiA
[16-Mar-2026 10:24:39 UTC] Pages API - Using clerk_user_id: user_3AhnQJV5XslRK9dMtMXyCieGbiA
[16-Mar-2026 10:24:39 UTC] Pages API - Using clerk_user_id: user_3AhnQJV5XslRK9dMtMXyCieGbiA
[16-Mar-2026 10:24:39 UTC] MySQL select query: SELECT `id` FROM `users` WHERE `clerk_user_id` = :where_clerk_user_id_0
[16-Mar-2026 10:24:39 UTC] MySQL select params: {"where_clerk_user_id_0":"user_3AhnQJV5XslRK9dMtMXyCieGbiA"}
[16-Mar-2026 10:24:39 UTC] MySQL select returned 1 rows
[16-Mar-2026 10:24:39 UTC] getUserIdFromClerkId - Query result: [{"id":2}]
[16-Mar-2026 10:24:39 UTC] Pages API - User ID from database: 2
[16-Mar-2026 10:24:39 UTC] Pages API - Success! User ID: 2
[16-Mar-2026 10:24:39 UTC] MySQL select query: SELECT `id`, `title`, `thumbnail_url`, `is_favorite`, `is_public`, `share_token`, `share_slug`, `last_accessed`, `created_at`, `updated_at` FROM `user_pages` WHERE `user_id` = :where_user_id_0 ORDER BY COALESCE(`last_accessed`, '1970-01-01 00:00:00') DESC
[16-Mar-2026 10:24:39 UTC] MySQL select params: {"where_user_id_0":2}
[16-Mar-2026 10:24:39 UTC] MySQL select returned 5 rows
[16-Mar-2026 10:24:42 UTC] Pages API - Incoming request - Method: PUT, Payload size: 114 bytes (0.11 KB)
[16-Mar-2026 10:24:42 UTC] Pages API - Method: PUT
[16-Mar-2026 10:24:42 UTC] Pages API - clerk_user_id from request: user_3AhnQJV5XslRK9dMtMXyCieGbiA
[16-Mar-2026 10:24:42 UTC] Pages API - clerk_user_id from session: user_3AhnQJV5XslRK9dMtMXyCieGbiA
[16-Mar-2026 10:24:42 UTC] Pages API - Using clerk_user_id: user_3AhnQJV5XslRK9dMtMXyCieGbiA
[16-Mar-2026 10:24:42 UTC] Pages API - Using clerk_user_id: user_3AhnQJV5XslRK9dMtMXyCieGbiA
[16-Mar-2026 10:24:42 UTC] MySQL select query: SELECT `id` FROM `users` WHERE `clerk_user_id` = :where_clerk_user_id_0
[16-Mar-2026 10:24:42 UTC] MySQL select params: {"where_clerk_user_id_0":"user_3AhnQJV5XslRK9dMtMXyCieGbiA"}
[16-Mar-2026 10:24:42 UTC] MySQL select returned 1 rows
[16-Mar-2026 10:24:42 UTC] getUserIdFromClerkId - Query result: [{"id":2}]
[16-Mar-2026 10:24:42 UTC] Pages API - User ID from database: 2
[16-Mar-2026 10:24:42 UTC] Pages API - Success! User ID: 2
[16-Mar-2026 10:24:42 UTC] MySQL select query: SELECT `id`, `updated_at` FROM `user_pages` WHERE `id` = :where_id_0 AND `user_id` = :where_user_id_1
[16-Mar-2026 10:24:42 UTC] MySQL select params: {"where_id_0":"5af95f14-2120-11f1-bfcb-d85ed359730c","where_user_id_1":2}
[16-Mar-2026 10:24:42 UTC] MySQL select returned 1 rows
[16-Mar-2026 10:24:42 UTC] MySQL update query: UPDATE `user_pages` SET `is_public` = :is_public, `last_accessed` = :last_accessed, `updated_at` = :updated_at WHERE `id` = :where_id_0 AND `user_id` = :where_user_id_1
[16-Mar-2026 10:24:42 UTC] MySQL update params: {"is_public":0,"last_accessed":"2026-03-16 10:24:42","updated_at":"2026-03-16 10:24:42","where_id_0":"5af95f14-2120-11f1-bfcb-d85ed359730c","where_user_id_1":2}
[16-Mar-2026 10:24:42 UTC] MySQL update affected rows: 1
[16-Mar-2026 10:24:42 UTC] MySQL select query: SELECT * FROM `user_pages` WHERE `id` = :where_id_0 AND `user_id` = :where_user_id_1
[16-Mar-2026 10:24:42 UTC] MySQL select params: {"where_id_0":"5af95f14-2120-11f1-bfcb-d85ed359730c","where_user_id_1":2}
[16-Mar-2026 10:24:42 UTC] MySQL select returned 1 rows
[16-Mar-2026 10:24:42 UTC] Pages API - Incoming request - Method: GET, Payload size: 0 bytes (0 KB)
[16-Mar-2026 10:24:42 UTC] Pages API - Method: GET
[16-Mar-2026 10:24:42 UTC] Pages API - clerk_user_id from request: null
[16-Mar-2026 10:24:42 UTC] Pages API - clerk_user_id from session: user_3AhnQJV5XslRK9dMtMXyCieGbiA
[16-Mar-2026 10:24:42 UTC] Pages API - Using clerk_user_id: user_3AhnQJV5XslRK9dMtMXyCieGbiA
[16-Mar-2026 10:24:42 UTC] Pages API - Using clerk_user_id: user_3AhnQJV5XslRK9dMtMXyCieGbiA
[16-Mar-2026 10:24:42 UTC] MySQL select query: SELECT `id` FROM `users` WHERE `clerk_user_id` = :where_clerk_user_id_0
[16-Mar-2026 10:24:42 UTC] MySQL select params: {"where_clerk_user_id_0":"user_3AhnQJV5XslRK9dMtMXyCieGbiA"}
[16-Mar-2026 10:24:42 UTC] MySQL select returned 1 rows
[16-Mar-2026 10:24:42 UTC] getUserIdFromClerkId - Query result: [{"id":2}]
[16-Mar-2026 10:24:42 UTC] Pages API - User ID from database: 2
[16-Mar-2026 10:24:42 UTC] Pages API - Success! User ID: 2
[16-Mar-2026 10:24:42 UTC] MySQL select query: SELECT `id`, `title`, `thumbnail_url`, `is_favorite`, `is_public`, `share_token`, `share_slug`, `last_accessed`, `created_at`, `updated_at` FROM `user_pages` WHERE `user_id` = :where_user_id_0 ORDER BY COALESCE(`last_accessed`, '1970-01-01 00:00:00') DESC
[16-Mar-2026 10:24:42 UTC] MySQL select params: {"where_user_id_0":2}
[16-Mar-2026 10:24:42 UTC] MySQL select returned 5 rows
[16-Mar-2026 10:24:42 UTC] Pages API - Incoming request - Method: GET, Payload size: 0 bytes (0 KB)
[16-Mar-2026 10:24:42 UTC] Pages API - Method: GET
[16-Mar-2026 10:24:42 UTC] Pages API - clerk_user_id from request: null
[16-Mar-2026 10:24:42 UTC] Pages API - clerk_user_id from session: user_3AhnQJV5XslRK9dMtMXyCieGbiA
[16-Mar-2026 10:24:42 UTC] Pages API - Using clerk_user_id: user_3AhnQJV5XslRK9dMtMXyCieGbiA
[16-Mar-2026 10:24:42 UTC] Pages API - Using clerk_user_id: user_3AhnQJV5XslRK9dMtMXyCieGbiA
[16-Mar-2026 10:24:42 UTC] MySQL select query: SELECT `id` FROM `users` WHERE `clerk_user_id` = :where_clerk_user_id_0
[16-Mar-2026 10:24:42 UTC] MySQL select params: {"where_clerk_user_id_0":"user_3AhnQJV5XslRK9dMtMXyCieGbiA"}
[16-Mar-2026 10:24:42 UTC] MySQL select returned 1 rows
[16-Mar-2026 10:24:42 UTC] getUserIdFromClerkId - Query result: [{"id":2}]
[16-Mar-2026 10:24:42 UTC] Pages API - User ID from database: 2
[16-Mar-2026 10:24:42 UTC] Pages API - Success! User ID: 2
[16-Mar-2026 10:24:42 UTC] MySQL select query: SELECT `id`, `title`, `thumbnail_url`, `is_favorite`, `is_public`, `share_token`, `share_slug`, `last_accessed`, `created_at`, `updated_at` FROM `user_pages` WHERE `user_id` = :where_user_id_0 ORDER BY COALESCE(`last_accessed`, '1970-01-01 00:00:00') DESC
[16-Mar-2026 10:24:42 UTC] MySQL select params: {"where_user_id_0":2}
[16-Mar-2026 10:24:42 UTC] MySQL select returned 5 rows
[16-Mar-2026 10:24:45 UTC] Pages API - Incoming request - Method: POST, Payload size: 195 bytes (0.19 KB)
[16-Mar-2026 10:24:45 UTC] Pages API - Method: POST
[16-Mar-2026 10:24:45 UTC] Pages API - clerk_user_id from request: user_3AhnQJV5XslRK9dMtMXyCieGbiA
[16-Mar-2026 10:24:45 UTC] Pages API - clerk_user_id from session: user_3AhnQJV5XslRK9dMtMXyCieGbiA
[16-Mar-2026 10:24:45 UTC] Pages API - Using clerk_user_id: user_3AhnQJV5XslRK9dMtMXyCieGbiA
[16-Mar-2026 10:24:45 UTC] Pages API - Using clerk_user_id: user_3AhnQJV5XslRK9dMtMXyCieGbiA
[16-Mar-2026 10:24:45 UTC] MySQL select query: SELECT `id` FROM `users` WHERE `clerk_user_id` = :where_clerk_user_id_0
[16-Mar-2026 10:24:45 UTC] MySQL select params: {"where_clerk_user_id_0":"user_3AhnQJV5XslRK9dMtMXyCieGbiA"}
[16-Mar-2026 10:24:45 UTC] MySQL select returned 1 rows
[16-Mar-2026 10:24:45 UTC] getUserIdFromClerkId - Query result: [{"id":2}]
[16-Mar-2026 10:24:45 UTC] Pages API - User ID from database: 2
[16-Mar-2026 10:24:45 UTC] Pages API - Success! User ID: 2
[16-Mar-2026 10:24:45 UTC] Pages API POST - action='publish-domain', input_keys=action,id,clerk_user_id,share_slug,domain,reactivate_only, raw_snippet={"action":"publish-domain","id":"5af95f14-2120-11f1-bfcb-d85ed359730c","clerk_user_id":"user_3AhnQJV5XslRK9dMtMXyCieGbiA
[16-Mar-2026 10:24:45 UTC] publishPageWithDomain - START: pageId=5af95f14-2120-11f1-bfcb-d85ed359730c, userId=2, domain=propage.com
[16-Mar-2026 10:24:45 UTC] MySQL select query: SELECT `id`, `share_token`, `is_public` FROM `user_pages` WHERE `id` = :where_id_0 AND `user_id` = :where_user_id_1
[16-Mar-2026 10:24:45 UTC] MySQL select params: {"where_id_0":"5af95f14-2120-11f1-bfcb-d85ed359730c","where_user_id_1":2}
[16-Mar-2026 10:24:45 UTC] MySQL select returned 1 rows
[16-Mar-2026 10:24:45 UTC] publishPageWithDomain - Reactivation only, skipping OpenSRS for propage.com
[16-Mar-2026 10:24:45 UTC] MySQL update query: UPDATE `user_pages` SET `share_slug` = :share_slug, `is_public` = :is_public, `share_token` = :share_token, `custom_domain` = :custom_domain WHERE `id` = :where_id_0 AND `user_id` = :where_user_id_1
[16-Mar-2026 10:24:45 UTC] MySQL update params: {"share_slug":"propage.com","is_public":1,"share_token":"889f50c2-d624-4e67-b2a6-6f097d30aae5","custom_domain":"propage.com","where_id_0":"5af95f14-2120-11f1-bfcb-d85ed359730c","where_user_id_1":2}
[16-Mar-2026 10:24:45 UTC] MySQL update error: SQLSTATE[42S22]: Column not found: 1054 Unknown column 'custom_domain' in 'field list'
[16-Mar-2026 10:24:45 UTC] MySQL update failed SQL: UPDATE `user_pages` SET `share_slug` = :share_slug, `is_public` = :is_public, `share_token` = :share_token, `custom_domain` = :custom_domain WHERE `id` = :where_id_0 AND `user_id` = :where_user_id_1
[16-Mar-2026 10:24:45 UTC] publishPageWithDomain - custom_domain column missing, saving without it: Failed to update user_pages: SQLSTATE[42S22]: Column not found: 1054 Unknown column 'custom_domain' in 'field list'
[16-Mar-2026 10:24:45 UTC] MySQL update query: UPDATE `user_pages` SET `share_slug` = :share_slug, `is_public` = :is_public, `share_token` = :share_token WHERE `id` = :where_id_0 AND `user_id` = :where_user_id_1
[16-Mar-2026 10:24:45 UTC] MySQL update params: {"share_slug":"propage.com","is_public":1,"share_token":"889f50c2-d624-4e67-b2a6-6f097d30aae5","where_id_0":"5af95f14-2120-11f1-bfcb-d85ed359730c","where_user_id_1":2}
[16-Mar-2026 10:24:45 UTC] MySQL update affected rows: 1
[16-Mar-2026 10:24:45 UTC] MySQL select query: SELECT * FROM `user_pages` WHERE `id` = :where_id_0 AND `user_id` = :where_user_id_1
[16-Mar-2026 10:24:45 UTC] MySQL select params: {"where_id_0":"5af95f14-2120-11f1-bfcb-d85ed359730c","where_user_id_1":2}
[16-Mar-2026 10:24:45 UTC] MySQL select returned 1 rows
[16-Mar-2026 10:24:45 UTC] publishPageWithDomain - SUCCESS: url=https://propage.com
[16-Mar-2026 10:25:06 UTC] Pages API - Incoming request - Method: POST, Payload size: 113 bytes (0.11 KB)
[16-Mar-2026 10:25:06 UTC] Pages API - Method: POST
[16-Mar-2026 10:25:06 UTC] Pages API - clerk_user_id from request: user_3AhnQJV5XslRK9dMtMXyCieGbiA
[16-Mar-2026 10:25:06 UTC] Pages API - clerk_user_id from session: user_3AhnQJV5XslRK9dMtMXyCieGbiA
[16-Mar-2026 10:25:06 UTC] Pages API - Using clerk_user_id: user_3AhnQJV5XslRK9dMtMXyCieGbiA
[16-Mar-2026 10:25:06 UTC] Pages API - Using clerk_user_id: user_3AhnQJV5XslRK9dMtMXyCieGbiA
[16-Mar-2026 10:25:06 UTC] MySQL select query: SELECT `id` FROM `users` WHERE `clerk_user_id` = :where_clerk_user_id_0
[16-Mar-2026 10:25:06 UTC] MySQL select params: {"where_clerk_user_id_0":"user_3AhnQJV5XslRK9dMtMXyCieGbiA"}
[16-Mar-2026 10:25:06 UTC] MySQL select returned 1 rows
[16-Mar-2026 10:25:06 UTC] getUserIdFromClerkId - Query result: [{"id":2}]
[16-Mar-2026 10:25:06 UTC] Pages API - User ID from database: 2
[16-Mar-2026 10:25:06 UTC] Pages API - Success! User ID: 2
[16-Mar-2026 10:25:06 UTC] Pages API POST - action='share', input_keys=action,id,clerk_user_id, raw_snippet={"action":"share","id":"5af95f14-2120-11f1-bfcb-d85ed359730c","clerk_user_id":"user_3AhnQJV5XslRK9dMtMXyCieGbiA"}
[16-Mar-2026 10:25:06 UTC] MySQL select query: SELECT `id`, `share_token`, `is_public`, `share_slug` FROM `user_pages` WHERE `id` = :where_id_0 AND `user_id` = :where_user_id_1
[16-Mar-2026 10:25:06 UTC] MySQL select params: {"where_id_0":"5af95f14-2120-11f1-bfcb-d85ed359730c","where_user_id_1":2}
[16-Mar-2026 10:25:06 UTC] MySQL select returned 1 rows
[16-Mar-2026 10:25:09 UTC] Successfully loaded .env from: C:\Users\Pablo\Documents\GitHub\nine-screen-canvas-flow/.env
[16-Mar-2026 10:25:10 UTC] Successfully loaded .env from: C:\Users\Pablo\Documents\GitHub\nine-screen-canvas-flow/.env
[16-Mar-2026 10:26:57 UTC] Successfully loaded .env from: C:\Users\Pablo\Documents\GitHub\nine-screen-canvas-flow/.env
[16-Mar-2026 10:26:57 UTC] MySQL select query: SELECT `id` FROM `users` WHERE `clerk_user_id` = :where_clerk_user_id_0
[16-Mar-2026 10:26:57 UTC] MySQL select params: {"where_clerk_user_id_0":"user_3AhnQJV5XslRK9dMtMXyCieGbiA"}
[16-Mar-2026 10:26:57 UTC] MySQL select returned 1 rows
[16-Mar-2026 10:26:57 UTC] MySQL select query: SELECT * FROM `user_pages` WHERE `id` = :where_id_0 AND `user_id` = :where_user_id_1
[16-Mar-2026 10:26:57 UTC] MySQL select params: {"where_id_0":"5af95f14-2120-11f1-bfcb-d85ed359730c","where_user_id_1":2}
[16-Mar-2026 10:26:57 UTC] MySQL select returned 1 rows
[16-Mar-2026 10:26:59 UTC] Pages API - Incoming request - Method: GET, Payload size: 0 bytes (0 KB)
[16-Mar-2026 10:26:59 UTC] Pages API - Method: GET
[16-Mar-2026 10:26:59 UTC] Pages API - clerk_user_id from request: null
[16-Mar-2026 10:26:59 UTC] Pages API - clerk_user_id from session: user_3AhnQJV5XslRK9dMtMXyCieGbiA
[16-Mar-2026 10:26:59 UTC] Pages API - Using clerk_user_id: user_3AhnQJV5XslRK9dMtMXyCieGbiA
[16-Mar-2026 10:26:59 UTC] Pages API - Using clerk_user_id: user_3AhnQJV5XslRK9dMtMXyCieGbiA
[16-Mar-2026 10:26:59 UTC] MySQL select query: SELECT `id` FROM `users` WHERE `clerk_user_id` = :where_clerk_user_id_0
[16-Mar-2026 10:26:59 UTC] MySQL select params: {"where_clerk_user_id_0":"user_3AhnQJV5XslRK9dMtMXyCieGbiA"}
[16-Mar-2026 10:26:59 UTC] MySQL select returned 1 rows
[16-Mar-2026 10:26:59 UTC] getUserIdFromClerkId - Query result: [{"id":2}]
[16-Mar-2026 10:26:59 UTC] Pages API - User ID from database: 2
[16-Mar-2026 10:26:59 UTC] Pages API - Success! User ID: 2
[16-Mar-2026 10:26:59 UTC] MySQL select query: SELECT `id`, `title`, `thumbnail_url`, `is_favorite`, `is_public`, `share_token`, `share_slug`, `last_accessed`, `created_at`, `updated_at` FROM `user_pages` WHERE `user_id` = :where_user_id_0 ORDER BY COALESCE(`last_accessed`, '1970-01-01 00:00:00') DESC
[16-Mar-2026 10:26:59 UTC] MySQL select params: {"where_user_id_0":2}
[16-Mar-2026 10:26:59 UTC] MySQL select returned 5 rows
[16-Mar-2026 10:27:48 UTC] Successfully loaded .env from: C:\Users\Pablo\Documents\GitHub\nine-screen-canvas-flow/.env
[16-Mar-2026 10:27:49 UTC] Successfully loaded .env from: C:\Users\Pablo\Documents\GitHub\nine-screen-canvas-flow/.env
[16-Mar-2026 10:32:09 UTC] Pages API - Incoming request - Method: POST, Payload size: 113 bytes (0.11 KB)
[16-Mar-2026 10:32:09 UTC] Pages API - Method: POST
[16-Mar-2026 10:32:09 UTC] Pages API - clerk_user_id from request: user_3AhnQJV5XslRK9dMtMXyCieGbiA
[16-Mar-2026 10:32:09 UTC] Pages API - clerk_user_id from session: user_3AhnQJV5XslRK9dMtMXyCieGbiA
[16-Mar-2026 10:32:09 UTC] Pages API - Using clerk_user_id: user_3AhnQJV5XslRK9dMtMXyCieGbiA
[16-Mar-2026 10:32:09 UTC] Pages API - Using clerk_user_id: user_3AhnQJV5XslRK9dMtMXyCieGbiA
[16-Mar-2026 10:32:09 UTC] MySQL select query: SELECT `id` FROM `users` WHERE `clerk_user_id` = :where_clerk_user_id_0
[16-Mar-2026 10:32:09 UTC] MySQL select params: {"where_clerk_user_id_0":"user_3AhnQJV5XslRK9dMtMXyCieGbiA"}
[16-Mar-2026 10:32:09 UTC] MySQL select returned 1 rows
[16-Mar-2026 10:32:09 UTC] getUserIdFromClerkId - Query result: [{"id":2}]
[16-Mar-2026 10:32:09 UTC] Pages API - User ID from database: 2
[16-Mar-2026 10:32:09 UTC] Pages API - Success! User ID: 2
[16-Mar-2026 10:32:09 UTC] Pages API POST - action='share', input_keys=action,id,clerk_user_id, raw_snippet={"action":"share","id":"5af95f14-2120-11f1-bfcb-d85ed359730c","clerk_user_id":"user_3AhnQJV5XslRK9dMtMXyCieGbiA"}
[16-Mar-2026 10:32:09 UTC] MySQL select query: SELECT `id`, `share_token`, `is_public`, `share_slug` FROM `user_pages` WHERE `id` = :where_id_0 AND `user_id` = :where_user_id_1
[16-Mar-2026 10:32:09 UTC] MySQL select params: {"where_id_0":"5af95f14-2120-11f1-bfcb-d85ed359730c","where_user_id_1":2}
[16-Mar-2026 10:32:09 UTC] MySQL select returned 1 rows
[16-Mar-2026 10:32:15 UTC] Pages API - Incoming request - Method: PUT, Payload size: 114 bytes (0.11 KB)
[16-Mar-2026 10:32:15 UTC] Pages API - Method: PUT
[16-Mar-2026 10:32:15 UTC] Pages API - clerk_user_id from request: user_3AhnQJV5XslRK9dMtMXyCieGbiA
[16-Mar-2026 10:32:15 UTC] Pages API - clerk_user_id from session: user_3AhnQJV5XslRK9dMtMXyCieGbiA
[16-Mar-2026 10:32:15 UTC] Pages API - Using clerk_user_id: user_3AhnQJV5XslRK9dMtMXyCieGbiA
[16-Mar-2026 10:32:15 UTC] Pages API - Using clerk_user_id: user_3AhnQJV5XslRK9dMtMXyCieGbiA
[16-Mar-2026 10:32:15 UTC] MySQL select query: SELECT `id` FROM `users` WHERE `clerk_user_id` = :where_clerk_user_id_0
[16-Mar-2026 10:32:15 UTC] MySQL select params: {"where_clerk_user_id_0":"user_3AhnQJV5XslRK9dMtMXyCieGbiA"}
[16-Mar-2026 10:32:15 UTC] MySQL select returned 1 rows
[16-Mar-2026 10:32:15 UTC] getUserIdFromClerkId - Query result: [{"id":2}]
[16-Mar-2026 10:32:15 UTC] Pages API - User ID from database: 2
[16-Mar-2026 10:32:15 UTC] Pages API - Success! User ID: 2
[16-Mar-2026 10:32:15 UTC] MySQL select query: SELECT `id`, `updated_at` FROM `user_pages` WHERE `id` = :where_id_0 AND `user_id` = :where_user_id_1
[16-Mar-2026 10:32:15 UTC] MySQL select params: {"where_id_0":"5af95f14-2120-11f1-bfcb-d85ed359730c","where_user_id_1":2}
[16-Mar-2026 10:32:15 UTC] MySQL select returned 1 rows
[16-Mar-2026 10:32:15 UTC] MySQL update query: UPDATE `user_pages` SET `is_public` = :is_public, `last_accessed` = :last_accessed, `updated_at` = :updated_at WHERE `id` = :where_id_0 AND `user_id` = :where_user_id_1
[16-Mar-2026 10:32:15 UTC] MySQL update params: {"is_public":0,"last_accessed":"2026-03-16 10:32:15","updated_at":"2026-03-16 10:32:15","where_id_0":"5af95f14-2120-11f1-bfcb-d85ed359730c","where_user_id_1":2}
[16-Mar-2026 10:32:15 UTC] MySQL update affected rows: 1
[16-Mar-2026 10:32:15 UTC] MySQL select query: SELECT * FROM `user_pages` WHERE `id` = :where_id_0 AND `user_id` = :where_user_id_1
[16-Mar-2026 10:32:15 UTC] MySQL select params: {"where_id_0":"5af95f14-2120-11f1-bfcb-d85ed359730c","where_user_id_1":2}
[16-Mar-2026 10:32:15 UTC] MySQL select returned 1 rows
[16-Mar-2026 10:32:15 UTC] Pages API - Incoming request - Method: GET, Payload size: 0 bytes (0 KB)
[16-Mar-2026 10:32:15 UTC] Pages API - Method: GET
[16-Mar-2026 10:32:15 UTC] Pages API - clerk_user_id from request: null
[16-Mar-2026 10:32:15 UTC] Pages API - clerk_user_id from session: user_3AhnQJV5XslRK9dMtMXyCieGbiA
[16-Mar-2026 10:32:15 UTC] Pages API - Using clerk_user_id: user_3AhnQJV5XslRK9dMtMXyCieGbiA
[16-Mar-2026 10:32:15 UTC] Pages API - Using clerk_user_id: user_3AhnQJV5XslRK9dMtMXyCieGbiA
[16-Mar-2026 10:32:15 UTC] MySQL select query: SELECT `id` FROM `users` WHERE `clerk_user_id` = :where_clerk_user_id_0
[16-Mar-2026 10:32:15 UTC] MySQL select params: {"where_clerk_user_id_0":"user_3AhnQJV5XslRK9dMtMXyCieGbiA"}
[16-Mar-2026 10:32:15 UTC] MySQL select returned 1 rows
[16-Mar-2026 10:32:15 UTC] getUserIdFromClerkId - Query result: [{"id":2}]
[16-Mar-2026 10:32:15 UTC] Pages API - User ID from database: 2
[16-Mar-2026 10:32:15 UTC] Pages API - Success! User ID: 2
[16-Mar-2026 10:32:15 UTC] MySQL select query: SELECT `id`, `title`, `thumbnail_url`, `is_favorite`, `is_public`, `share_token`, `share_slug`, `last_accessed`, `created_at`, `updated_at` FROM `user_pages` WHERE `user_id` = :where_user_id_0 ORDER BY COALESCE(`last_accessed`, '1970-01-01 00:00:00') DESC
[16-Mar-2026 10:32:15 UTC] MySQL select params: {"where_user_id_0":2}
[16-Mar-2026 10:32:15 UTC] MySQL select returned 5 rows
[16-Mar-2026 10:32:15 UTC] Pages API - Incoming request - Method: GET, Payload size: 0 bytes (0 KB)
[16-Mar-2026 10:32:15 UTC] Pages API - Method: GET
[16-Mar-2026 10:32:15 UTC] Pages API - clerk_user_id from request: null
[16-Mar-2026 10:32:15 UTC] Pages API - clerk_user_id from session: user_3AhnQJV5XslRK9dMtMXyCieGbiA
[16-Mar-2026 10:32:15 UTC] Pages API - Using clerk_user_id: user_3AhnQJV5XslRK9dMtMXyCieGbiA
[16-Mar-2026 10:32:15 UTC] Pages API - Using clerk_user_id: user_3AhnQJV5XslRK9dMtMXyCieGbiA
[16-Mar-2026 10:32:15 UTC] MySQL select query: SELECT `id` FROM `users` WHERE `clerk_user_id` = :where_clerk_user_id_0
[16-Mar-2026 10:32:15 UTC] MySQL select params: {"where_clerk_user_id_0":"user_3AhnQJV5XslRK9dMtMXyCieGbiA"}
[16-Mar-2026 10:32:15 UTC] MySQL select returned 1 rows
[16-Mar-2026 10:32:15 UTC] getUserIdFromClerkId - Query result: [{"id":2}]
[16-Mar-2026 10:32:15 UTC] Pages API - User ID from database: 2
[16-Mar-2026 10:32:15 UTC] Pages API - Success! User ID: 2
[16-Mar-2026 10:32:15 UTC] MySQL select query: SELECT `id`, `title`, `thumbnail_url`, `is_favorite`, `is_public`, `share_token`, `share_slug`, `last_accessed`, `created_at`, `updated_at` FROM `user_pages` WHERE `user_id` = :where_user_id_0 ORDER BY COALESCE(`last_accessed`, '1970-01-01 00:00:00') DESC
[16-Mar-2026 10:32:15 UTC] MySQL select params: {"where_user_id_0":2}
[16-Mar-2026 10:32:15 UTC] MySQL select returned 5 rows
[16-Mar-2026 10:32:17 UTC] Pages API - Incoming request - Method: POST, Payload size: 113 bytes (0.11 KB)
[16-Mar-2026 10:32:17 UTC] Pages API - Method: POST
[16-Mar-2026 10:32:17 UTC] Pages API - clerk_user_id from request: user_3AhnQJV5XslRK9dMtMXyCieGbiA
[16-Mar-2026 10:32:17 UTC] Pages API - clerk_user_id from session: user_3AhnQJV5XslRK9dMtMXyCieGbiA
[16-Mar-2026 10:32:17 UTC] Pages API - Using clerk_user_id: user_3AhnQJV5XslRK9dMtMXyCieGbiA
[16-Mar-2026 10:32:17 UTC] Pages API - Using clerk_user_id: user_3AhnQJV5XslRK9dMtMXyCieGbiA
[16-Mar-2026 10:32:17 UTC] MySQL select query: SELECT `id` FROM `users` WHERE `clerk_user_id` = :where_clerk_user_id_0
[16-Mar-2026 10:32:17 UTC] MySQL select params: {"where_clerk_user_id_0":"user_3AhnQJV5XslRK9dMtMXyCieGbiA"}
[16-Mar-2026 10:32:17 UTC] MySQL select returned 1 rows
[16-Mar-2026 10:32:17 UTC] getUserIdFromClerkId - Query result: [{"id":2}]
[16-Mar-2026 10:32:17 UTC] Pages API - User ID from database: 2
[16-Mar-2026 10:32:17 UTC] Pages API - Success! User ID: 2
[16-Mar-2026 10:32:17 UTC] Pages API POST - action='share', input_keys=action,id,clerk_user_id, raw_snippet={"action":"share","id":"5af95f14-2120-11f1-bfcb-d85ed359730c","clerk_user_id":"user_3AhnQJV5XslRK9dMtMXyCieGbiA"}
[16-Mar-2026 10:32:17 UTC] MySQL select query: SELECT `id`, `share_token`, `is_public`, `share_slug` FROM `user_pages` WHERE `id` = :where_id_0 AND `user_id` = :where_user_id_1
[16-Mar-2026 10:32:17 UTC] MySQL select params: {"where_id_0":"5af95f14-2120-11f1-bfcb-d85ed359730c","where_user_id_1":2}
[16-Mar-2026 10:32:17 UTC] MySQL select returned 1 rows
[16-Mar-2026 10:32:17 UTC] MySQL update query: UPDATE `user_pages` SET `is_public` = :is_public WHERE `id` = :where_id_0 AND `user_id` = :where_user_id_1
[16-Mar-2026 10:32:17 UTC] MySQL update params: {"is_public":1,"where_id_0":"5af95f14-2120-11f1-bfcb-d85ed359730c","where_user_id_1":2}
[16-Mar-2026 10:32:17 UTC] MySQL update affected rows: 1
[16-Mar-2026 10:32:17 UTC] MySQL select query: SELECT * FROM `user_pages` WHERE `id` = :where_id_0 AND `user_id` = :where_user_id_1
[16-Mar-2026 10:32:17 UTC] MySQL select params: {"where_id_0":"5af95f14-2120-11f1-bfcb-d85ed359730c","where_user_id_1":2}
[16-Mar-2026 10:32:17 UTC] MySQL select returned 1 rows
[16-Mar-2026 10:33:16 UTC] Successfully loaded .env from: C:\Users\Pablo\Documents\GitHub\nine-screen-canvas-flow/.env
[16-Mar-2026 10:33:16 UTC] syncClerkSession - Refreshing paid status for: ptrigol@gmail.com
[16-Mar-2026 10:33:17 UTC] Purchases database connection failed: SQLSTATE[HY000] [1045] Access denied for user 'alvarotrigo_alvarotrigo'@'79.117.116.182' (using password: YES)
[16-Mar-2026 10:33:17 UTC] Attempted connection to: host=nocn.noc-n.com, dbname=alvarotrigo_alvarotrigo, user=alvarotrigo_alvarotrigo
[16-Mar-2026 10:33:17 UTC] Error checking user paid status: Purchases database connection failed: SQLSTATE[HY000] [1045] Access denied for user 'alvarotrigo_alvarotrigo'@'79.117.116.182' (using password: YES)
[16-Mar-2026 10:33:17 UTC] MySQL select query: SELECT * FROM `users` WHERE `email` = :where_email_0 AND `pro_status_source` = :where_pro_status_source_1
[16-Mar-2026 10:33:17 UTC] MySQL select params: {"where_email_0":"ptrigol@gmail.com","where_pro_status_source_1":"polar"}
[16-Mar-2026 10:33:17 UTC] MySQL select returned 0 rows
[16-Mar-2026 10:33:17 UTC] MySQL select query: SELECT * FROM `subscriptions` WHERE `customer_email` = :where_customer_email_0 AND `status` = :where_status_1
[16-Mar-2026 10:33:17 UTC] MySQL select params: {"where_customer_email_0":"ptrigol@gmail.com","where_status_1":"active"}
[16-Mar-2026 10:33:17 UTC] MySQL select returned 0 rows
[16-Mar-2026 10:33:17 UTC] syncClerkSession - Paid status refreshed: is_paid=false
[16-Mar-2026 10:33:17 UTC] Successfully loaded .env from: C:\Users\Pablo\Documents\GitHub\nine-screen-canvas-flow/.env
[16-Mar-2026 10:34:29 UTC] Successfully loaded .env from: C:\Users\Pablo\Documents\GitHub\nine-screen-canvas-flow/.env
[16-Mar-2026 10:34:29 UTC] Successfully loaded .env from: C:\Users\Pablo\Documents\GitHub\nine-screen-canvas-flow/.env
[16-Mar-2026 10:34:38 UTC] Successfully loaded .env from: C:\Users\Pablo\Documents\GitHub\nine-screen-canvas-flow/.env
[16-Mar-2026 10:34:38 UTC] Successfully loaded .env from: C:\Users\Pablo\Documents\GitHub\nine-screen-canvas-flow/.env
[16-Mar-2026 10:35:22 UTC] Successfully loaded .env from: C:\Users\Pablo\Documents\GitHub\nine-screen-canvas-flow/.env
[16-Mar-2026 10:35:22 UTC] Successfully loaded .env from: C:\Users\Pablo\Documents\GitHub\nine-screen-canvas-flow/.env
[16-Mar-2026 10:35:33 UTC] Successfully loaded .env from: C:\Users\Pablo\Documents\GitHub\nine-screen-canvas-flow/.env
[16-Mar-2026 10:35:34 UTC] Successfully loaded .env from: C:\Users\Pablo\Documents\GitHub\nine-screen-canvas-flow/.env
[16-Mar-2026 10:35:38 UTC] Successfully loaded .env from: C:\Users\Pablo\Documents\GitHub\nine-screen-canvas-flow/.env
[16-Mar-2026 10:35:38 UTC] Successfully loaded .env from: C:\Users\Pablo\Documents\GitHub\nine-screen-canvas-flow/.env
[16-Mar-2026 10:36:18 UTC] Successfully loaded .env from: C:\Users\Pablo\Documents\GitHub\nine-screen-canvas-flow/.env
[16-Mar-2026 10:36:18 UTC] Successfully loaded .env from: C:\Users\Pablo\Documents\GitHub\nine-screen-canvas-flow/.env
[16-Mar-2026 10:36:40 UTC] Successfully loaded .env from: C:\Users\Pablo\Documents\GitHub\nine-screen-canvas-flow/.env
[16-Mar-2026 10:36:40 UTC] MySQL select query: SELECT `id` FROM `users` WHERE `clerk_user_id` = :where_clerk_user_id_0
[16-Mar-2026 10:36:40 UTC] MySQL select params: {"where_clerk_user_id_0":"user_3AhnQJV5XslRK9dMtMXyCieGbiA"}
[16-Mar-2026 10:36:40 UTC] MySQL select returned 1 rows
[16-Mar-2026 10:36:40 UTC] MySQL select query: SELECT * FROM `user_pages` WHERE `id` = :where_id_0 AND `user_id` = :where_user_id_1
[16-Mar-2026 10:36:40 UTC] MySQL select params: {"where_id_0":"5af95f14-2120-11f1-bfcb-d85ed359730c","where_user_id_1":2}
[16-Mar-2026 10:36:40 UTC] MySQL select returned 1 rows
[16-Mar-2026 10:36:41 UTC] Pages API - Incoming request - Method: GET, Payload size: 0 bytes (0 KB)
[16-Mar-2026 10:36:41 UTC] Pages API - Method: GET
[16-Mar-2026 10:36:41 UTC] Pages API - clerk_user_id from request: null
[16-Mar-2026 10:36:41 UTC] Pages API - clerk_user_id from session: user_3AhnQJV5XslRK9dMtMXyCieGbiA
[16-Mar-2026 10:36:41 UTC] Pages API - Using clerk_user_id: user_3AhnQJV5XslRK9dMtMXyCieGbiA
[16-Mar-2026 10:36:41 UTC] Pages API - Using clerk_user_id: user_3AhnQJV5XslRK9dMtMXyCieGbiA
[16-Mar-2026 10:36:41 UTC] MySQL select query: SELECT `id` FROM `users` WHERE `clerk_user_id` = :where_clerk_user_id_0
[16-Mar-2026 10:36:41 UTC] MySQL select params: {"where_clerk_user_id_0":"user_3AhnQJV5XslRK9dMtMXyCieGbiA"}
[16-Mar-2026 10:36:41 UTC] MySQL select returned 1 rows
[16-Mar-2026 10:36:41 UTC] getUserIdFromClerkId - Query result: [{"id":2}]
[16-Mar-2026 10:36:41 UTC] Pages API - User ID from database: 2
[16-Mar-2026 10:36:41 UTC] Pages API - Success! User ID: 2
[16-Mar-2026 10:36:41 UTC] MySQL select query: SELECT `id`, `title`, `thumbnail_url`, `is_favorite`, `is_public`, `share_token`, `share_slug`, `last_accessed`, `created_at`, `updated_at` FROM `user_pages` WHERE `user_id` = :where_user_id_0 ORDER BY COALESCE(`last_accessed`, '1970-01-01 00:00:00') DESC
[16-Mar-2026 10:36:41 UTC] MySQL select params: {"where_user_id_0":2}
[16-Mar-2026 10:36:41 UTC] MySQL select returned 5 rows
[16-Mar-2026 10:36:57 UTC] Pages API - Incoming request - Method: PUT, Payload size: 114 bytes (0.11 KB)
[16-Mar-2026 10:36:57 UTC] Pages API - Method: PUT
[16-Mar-2026 10:36:57 UTC] Pages API - clerk_user_id from request: user_3AhnQJV5XslRK9dMtMXyCieGbiA
[16-Mar-2026 10:36:57 UTC] Pages API - clerk_user_id from session: user_3AhnQJV5XslRK9dMtMXyCieGbiA
[16-Mar-2026 10:36:57 UTC] Pages API - Using clerk_user_id: user_3AhnQJV5XslRK9dMtMXyCieGbiA
[16-Mar-2026 10:36:57 UTC] Pages API - Using clerk_user_id: user_3AhnQJV5XslRK9dMtMXyCieGbiA
[16-Mar-2026 10:36:57 UTC] MySQL select query: SELECT `id` FROM `users` WHERE `clerk_user_id` = :where_clerk_user_id_0
[16-Mar-2026 10:36:57 UTC] MySQL select params: {"where_clerk_user_id_0":"user_3AhnQJV5XslRK9dMtMXyCieGbiA"}
[16-Mar-2026 10:36:57 UTC] MySQL select returned 1 rows
[16-Mar-2026 10:36:57 UTC] getUserIdFromClerkId - Query result: [{"id":2}]
[16-Mar-2026 10:36:57 UTC] Pages API - User ID from database: 2
[16-Mar-2026 10:36:57 UTC] Pages API - Success! User ID: 2
[16-Mar-2026 10:36:57 UTC] MySQL select query: SELECT `id`, `updated_at` FROM `user_pages` WHERE `id` = :where_id_0 AND `user_id` = :where_user_id_1
[16-Mar-2026 10:36:57 UTC] MySQL select params: {"where_id_0":"5af95f14-2120-11f1-bfcb-d85ed359730c","where_user_id_1":2}
[16-Mar-2026 10:36:57 UTC] MySQL select returned 1 rows
[16-Mar-2026 10:36:57 UTC] MySQL update query: UPDATE `user_pages` SET `is_public` = :is_public, `last_accessed` = :last_accessed, `updated_at` = :updated_at WHERE `id` = :where_id_0 AND `user_id` = :where_user_id_1
[16-Mar-2026 10:36:57 UTC] MySQL update params: {"is_public":0,"last_accessed":"2026-03-16 10:36:57","updated_at":"2026-03-16 10:36:57","where_id_0":"5af95f14-2120-11f1-bfcb-d85ed359730c","where_user_id_1":2}
[16-Mar-2026 10:36:57 UTC] MySQL update affected rows: 1
[16-Mar-2026 10:36:57 UTC] MySQL select query: SELECT * FROM `user_pages` WHERE `id` = :where_id_0 AND `user_id` = :where_user_id_1
[16-Mar-2026 10:36:57 UTC] MySQL select params: {"where_id_0":"5af95f14-2120-11f1-bfcb-d85ed359730c","where_user_id_1":2}
[16-Mar-2026 10:36:57 UTC] MySQL select returned 1 rows
[16-Mar-2026 10:36:57 UTC] Pages API - Incoming request - Method: GET, Payload size: 0 bytes (0 KB)
[16-Mar-2026 10:36:57 UTC] Pages API - Method: GET
[16-Mar-2026 10:36:57 UTC] Pages API - clerk_user_id from request: null
[16-Mar-2026 10:36:57 UTC] Pages API - clerk_user_id from session: user_3AhnQJV5XslRK9dMtMXyCieGbiA
[16-Mar-2026 10:36:57 UTC] Pages API - Using clerk_user_id: user_3AhnQJV5XslRK9dMtMXyCieGbiA
[16-Mar-2026 10:36:57 UTC] Pages API - Using clerk_user_id: user_3AhnQJV5XslRK9dMtMXyCieGbiA
[16-Mar-2026 10:36:57 UTC] MySQL select query: SELECT `id` FROM `users` WHERE `clerk_user_id` = :where_clerk_user_id_0
[16-Mar-2026 10:36:57 UTC] MySQL select params: {"where_clerk_user_id_0":"user_3AhnQJV5XslRK9dMtMXyCieGbiA"}
[16-Mar-2026 10:36:57 UTC] MySQL select returned 1 rows
[16-Mar-2026 10:36:57 UTC] getUserIdFromClerkId - Query result: [{"id":2}]
[16-Mar-2026 10:36:57 UTC] Pages API - User ID from database: 2
[16-Mar-2026 10:36:57 UTC] Pages API - Success! User ID: 2
[16-Mar-2026 10:36:57 UTC] MySQL select query: SELECT `id`, `title`, `thumbnail_url`, `is_favorite`, `is_public`, `share_token`, `share_slug`, `last_accessed`, `created_at`, `updated_at` FROM `user_pages` WHERE `user_id` = :where_user_id_0 ORDER BY COALESCE(`last_accessed`, '1970-01-01 00:00:00') DESC
[16-Mar-2026 10:36:57 UTC] MySQL select params: {"where_user_id_0":2}
[16-Mar-2026 10:36:57 UTC] MySQL select returned 5 rows
[16-Mar-2026 10:36:57 UTC] Pages API - Incoming request - Method: GET, Payload size: 0 bytes (0 KB)
[16-Mar-2026 10:36:57 UTC] Pages API - Method: GET
[16-Mar-2026 10:36:57 UTC] Pages API - clerk_user_id from request: null
[16-Mar-2026 10:36:57 UTC] Pages API - clerk_user_id from session: user_3AhnQJV5XslRK9dMtMXyCieGbiA
[16-Mar-2026 10:36:57 UTC] Pages API - Using clerk_user_id: user_3AhnQJV5XslRK9dMtMXyCieGbiA
[16-Mar-2026 10:36:57 UTC] Pages API - Using clerk_user_id: user_3AhnQJV5XslRK9dMtMXyCieGbiA
[16-Mar-2026 10:36:57 UTC] MySQL select query: SELECT `id` FROM `users` WHERE `clerk_user_id` = :where_clerk_user_id_0
[16-Mar-2026 10:36:57 UTC] MySQL select params: {"where_clerk_user_id_0":"user_3AhnQJV5XslRK9dMtMXyCieGbiA"}
[16-Mar-2026 10:36:57 UTC] MySQL select returned 1 rows
[16-Mar-2026 10:36:57 UTC] getUserIdFromClerkId - Query result: [{"id":2}]
[16-Mar-2026 10:36:57 UTC] Pages API - User ID from database: 2
[16-Mar-2026 10:36:57 UTC] Pages API - Success! User ID: 2
[16-Mar-2026 10:36:57 UTC] MySQL select query: SELECT `id`, `title`, `thumbnail_url`, `is_favorite`, `is_public`, `share_token`, `share_slug`, `last_accessed`, `created_at`, `updated_at` FROM `user_pages` WHERE `user_id` = :where_user_id_0 ORDER BY COALESCE(`last_accessed`, '1970-01-01 00:00:00') DESC
[16-Mar-2026 10:36:57 UTC] MySQL select params: {"where_user_id_0":2}
[16-Mar-2026 10:36:57 UTC] MySQL select returned 5 rows
[16-Mar-2026 10:36:59 UTC] Successfully loaded .env from: C:\Users\Pablo\Documents\GitHub\nine-screen-canvas-flow/.env
[16-Mar-2026 10:36:59 UTC] Successfully loaded .env from: C:\Users\Pablo\Documents\GitHub\nine-screen-canvas-flow/.env
[16-Mar-2026 10:37:00 UTC] Successfully loaded .env from: C:\Users\Pablo\Documents\GitHub\nine-screen-canvas-flow/.env
[16-Mar-2026 10:37:00 UTC] MySQL select query: SELECT `id` FROM `users` WHERE `clerk_user_id` = :where_clerk_user_id_0
[16-Mar-2026 10:37:00 UTC] MySQL select params: {"where_clerk_user_id_0":"user_3AhnQJV5XslRK9dMtMXyCieGbiA"}
[16-Mar-2026 10:37:00 UTC] MySQL select returned 1 rows
[16-Mar-2026 10:37:00 UTC] MySQL select query: SELECT * FROM `user_pages` WHERE `id` = :where_id_0 AND `user_id` = :where_user_id_1
[16-Mar-2026 10:37:00 UTC] MySQL select params: {"where_id_0":"5af95f14-2120-11f1-bfcb-d85ed359730c","where_user_id_1":2}
[16-Mar-2026 10:37:00 UTC] MySQL select returned 1 rows
[16-Mar-2026 10:37:01 UTC] Pages API - Incoming request - Method: GET, Payload size: 0 bytes (0 KB)
[16-Mar-2026 10:37:01 UTC] Pages API - Method: GET
[16-Mar-2026 10:37:01 UTC] Pages API - clerk_user_id from request: null
[16-Mar-2026 10:37:01 UTC] Pages API - clerk_user_id from session: user_3AhnQJV5XslRK9dMtMXyCieGbiA
[16-Mar-2026 10:37:01 UTC] Pages API - Using clerk_user_id: user_3AhnQJV5XslRK9dMtMXyCieGbiA
[16-Mar-2026 10:37:01 UTC] Pages API - Using clerk_user_id: user_3AhnQJV5XslRK9dMtMXyCieGbiA
[16-Mar-2026 10:37:01 UTC] MySQL select query: SELECT `id` FROM `users` WHERE `clerk_user_id` = :where_clerk_user_id_0
[16-Mar-2026 10:37:01 UTC] MySQL select params: {"where_clerk_user_id_0":"user_3AhnQJV5XslRK9dMtMXyCieGbiA"}
[16-Mar-2026 10:37:01 UTC] MySQL select returned 1 rows
[16-Mar-2026 10:37:01 UTC] getUserIdFromClerkId - Query result: [{"id":2}]
[16-Mar-2026 10:37:01 UTC] Pages API - User ID from database: 2
[16-Mar-2026 10:37:01 UTC] Pages API - Success! User ID: 2
[16-Mar-2026 10:37:01 UTC] MySQL select query: SELECT `id`, `title`, `thumbnail_url`, `is_favorite`, `is_public`, `share_token`, `share_slug`, `last_accessed`, `created_at`, `updated_at` FROM `user_pages` WHERE `user_id` = :where_user_id_0 ORDER BY COALESCE(`last_accessed`, '1970-01-01 00:00:00') DESC
[16-Mar-2026 10:37:01 UTC] MySQL select params: {"where_user_id_0":2}
[16-Mar-2026 10:37:01 UTC] MySQL select returned 5 rows
[16-Mar-2026 10:37:51 UTC] Successfully loaded .env from: C:\Users\Pablo\Documents\GitHub\nine-screen-canvas-flow/.env
[16-Mar-2026 10:37:52 UTC] Successfully loaded .env from: C:\Users\Pablo\Documents\GitHub\nine-screen-canvas-flow/.env
[16-Mar-2026 10:40:29 UTC] Successfully loaded .env from: C:\Users\Pablo\Documents\GitHub\nine-screen-canvas-flow/.env
[16-Mar-2026 10:40:29 UTC] syncClerkSession - Refreshing paid status for: ptrigol@gmail.com
[16-Mar-2026 10:40:30 UTC] Purchases database connection failed: SQLSTATE[HY000] [1045] Access denied for user 'alvarotrigo_alvarotrigo'@'79.117.116.182' (using password: YES)
[16-Mar-2026 10:40:30 UTC] Attempted connection to: host=nocn.noc-n.com, dbname=alvarotrigo_alvarotrigo, user=alvarotrigo_alvarotrigo
[16-Mar-2026 10:40:30 UTC] Error checking user paid status: Purchases database connection failed: SQLSTATE[HY000] [1045] Access denied for user 'alvarotrigo_alvarotrigo'@'79.117.116.182' (using password: YES)
[16-Mar-2026 10:40:30 UTC] MySQL select query: SELECT * FROM `users` WHERE `email` = :where_email_0 AND `pro_status_source` = :where_pro_status_source_1
[16-Mar-2026 10:40:30 UTC] MySQL select params: {"where_email_0":"ptrigol@gmail.com","where_pro_status_source_1":"polar"}
[16-Mar-2026 10:40:30 UTC] MySQL select returned 0 rows
[16-Mar-2026 10:40:30 UTC] MySQL select query: SELECT * FROM `subscriptions` WHERE `customer_email` = :where_customer_email_0 AND `status` = :where_status_1
[16-Mar-2026 10:40:30 UTC] MySQL select params: {"where_customer_email_0":"ptrigol@gmail.com","where_status_1":"active"}
[16-Mar-2026 10:40:30 UTC] MySQL select returned 0 rows
[16-Mar-2026 10:40:30 UTC] syncClerkSession - Paid status refreshed: is_paid=false
[16-Mar-2026 10:40:30 UTC] MySQL select query: SELECT `id` FROM `users` WHERE `clerk_user_id` = :where_clerk_user_id_0
[16-Mar-2026 10:40:30 UTC] MySQL select params: {"where_clerk_user_id_0":"user_3AhnQJV5XslRK9dMtMXyCieGbiA"}
[16-Mar-2026 10:40:30 UTC] MySQL select returned 1 rows
[16-Mar-2026 10:40:30 UTC] MySQL select query: SELECT * FROM `user_pages` WHERE `id` = :where_id_0 AND `user_id` = :where_user_id_1
[16-Mar-2026 10:40:30 UTC] MySQL select params: {"where_id_0":"5af95f14-2120-11f1-bfcb-d85ed359730c","where_user_id_1":2}
[16-Mar-2026 10:40:30 UTC] MySQL select returned 1 rows
[16-Mar-2026 10:40:31 UTC] Pages API - Incoming request - Method: GET, Payload size: 0 bytes (0 KB)
[16-Mar-2026 10:40:31 UTC] Pages API - Method: GET
[16-Mar-2026 10:40:31 UTC] Pages API - clerk_user_id from request: null
[16-Mar-2026 10:40:31 UTC] Pages API - clerk_user_id from session: user_3AhnQJV5XslRK9dMtMXyCieGbiA
[16-Mar-2026 10:40:31 UTC] Pages API - Using clerk_user_id: user_3AhnQJV5XslRK9dMtMXyCieGbiA
[16-Mar-2026 10:40:31 UTC] Pages API - Using clerk_user_id: user_3AhnQJV5XslRK9dMtMXyCieGbiA
[16-Mar-2026 10:40:31 UTC] MySQL select query: SELECT `id` FROM `users` WHERE `clerk_user_id` = :where_clerk_user_id_0
[16-Mar-2026 10:40:31 UTC] MySQL select params: {"where_clerk_user_id_0":"user_3AhnQJV5XslRK9dMtMXyCieGbiA"}
[16-Mar-2026 10:40:31 UTC] MySQL select returned 1 rows
[16-Mar-2026 10:40:31 UTC] getUserIdFromClerkId - Query result: [{"id":2}]
[16-Mar-2026 10:40:31 UTC] Pages API - User ID from database: 2
[16-Mar-2026 10:40:31 UTC] Pages API - Success! User ID: 2
[16-Mar-2026 10:40:31 UTC] MySQL select query: SELECT `id`, `title`, `thumbnail_url`, `is_favorite`, `is_public`, `share_token`, `share_slug`, `last_accessed`, `created_at`, `updated_at` FROM `user_pages` WHERE `user_id` = :where_user_id_0 ORDER BY COALESCE(`last_accessed`, '1970-01-01 00:00:00') DESC
[16-Mar-2026 10:40:31 UTC] MySQL select params: {"where_user_id_0":2}
[16-Mar-2026 10:40:31 UTC] MySQL select returned 5 rows
[16-Mar-2026 10:40:36 UTC] Successfully loaded .env from: C:\Users\Pablo\Documents\GitHub\nine-screen-canvas-flow/.env
[16-Mar-2026 10:40:36 UTC] Successfully loaded .env from: C:\Users\Pablo\Documents\GitHub\nine-screen-canvas-flow/.env
[16-Mar-2026 10:40:50 UTC] Successfully loaded .env from: C:\Users\Pablo\Documents\GitHub\nine-screen-canvas-flow/.env
[16-Mar-2026 10:40:50 UTC] Successfully loaded .env from: C:\Users\Pablo\Documents\GitHub\nine-screen-canvas-flow/.env
[16-Mar-2026 10:40:52 UTC] Successfully loaded .env from: C:\Users\Pablo\Documents\GitHub\nine-screen-canvas-flow/.env
[16-Mar-2026 10:40:52 UTC] MySQL select query: SELECT `id` FROM `users` WHERE `clerk_user_id` = :where_clerk_user_id_0
[16-Mar-2026 10:40:52 UTC] MySQL select params: {"where_clerk_user_id_0":"user_3AhnQJV5XslRK9dMtMXyCieGbiA"}
[16-Mar-2026 10:40:52 UTC] MySQL select returned 1 rows
[16-Mar-2026 10:40:52 UTC] MySQL select query: SELECT * FROM `user_pages` WHERE `id` = :where_id_0 AND `user_id` = :where_user_id_1
[16-Mar-2026 10:40:52 UTC] MySQL select params: {"where_id_0":"5af95f14-2120-11f1-bfcb-d85ed359730c","where_user_id_1":2}
[16-Mar-2026 10:40:52 UTC] MySQL select returned 1 rows
[16-Mar-2026 10:40:53 UTC] Pages API - Incoming request - Method: GET, Payload size: 0 bytes (0 KB)
[16-Mar-2026 10:40:53 UTC] Pages API - Method: GET
[16-Mar-2026 10:40:53 UTC] Pages API - clerk_user_id from request: null
[16-Mar-2026 10:40:53 UTC] Pages API - clerk_user_id from session: user_3AhnQJV5XslRK9dMtMXyCieGbiA
[16-Mar-2026 10:40:53 UTC] Pages API - Using clerk_user_id: user_3AhnQJV5XslRK9dMtMXyCieGbiA
[16-Mar-2026 10:40:53 UTC] Pages API - Using clerk_user_id: user_3AhnQJV5XslRK9dMtMXyCieGbiA
[16-Mar-2026 10:40:53 UTC] MySQL select query: SELECT `id` FROM `users` WHERE `clerk_user_id` = :where_clerk_user_id_0
[16-Mar-2026 10:40:53 UTC] MySQL select params: {"where_clerk_user_id_0":"user_3AhnQJV5XslRK9dMtMXyCieGbiA"}
[16-Mar-2026 10:40:53 UTC] MySQL select returned 1 rows
[16-Mar-2026 10:40:53 UTC] getUserIdFromClerkId - Query result: [{"id":2}]
[16-Mar-2026 10:40:53 UTC] Pages API - User ID from database: 2
[16-Mar-2026 10:40:53 UTC] Pages API - Success! User ID: 2
[16-Mar-2026 10:40:53 UTC] MySQL select query: SELECT `id`, `title`, `thumbnail_url`, `is_favorite`, `is_public`, `share_token`, `share_slug`, `last_accessed`, `created_at`, `updated_at` FROM `user_pages` WHERE `user_id` = :where_user_id_0 ORDER BY COALESCE(`last_accessed`, '1970-01-01 00:00:00') DESC
[16-Mar-2026 10:40:53 UTC] MySQL select params: {"where_user_id_0":2}
[16-Mar-2026 10:40:53 UTC] MySQL select returned 5 rows
[16-Mar-2026 10:41:01 UTC] Successfully loaded .env from: C:\Users\Pablo\Documents\GitHub\nine-screen-canvas-flow/.env
[16-Mar-2026 10:41:01 UTC] Successfully loaded .env from: C:\Users\Pablo\Documents\GitHub\nine-screen-canvas-flow/.env
[16-Mar-2026 10:42:55 UTC] Successfully loaded .env from: C:\Users\Pablo\Documents\GitHub\nine-screen-canvas-flow/.env
[16-Mar-2026 10:42:55 UTC] Successfully loaded .env from: C:\Users\Pablo\Documents\GitHub\nine-screen-canvas-flow/.env
[16-Mar-2026 10:42:59 UTC] Successfully loaded .env from: C:\Users\Pablo\Documents\GitHub\nine-screen-canvas-flow/.env
[16-Mar-2026 10:43:00 UTC] Successfully loaded .env from: C:\Users\Pablo\Documents\GitHub\nine-screen-canvas-flow/.env
[16-Mar-2026 10:43:47 UTC] Successfully loaded .env from: C:\Users\Pablo\Documents\GitHub\nine-screen-canvas-flow/.env
[16-Mar-2026 10:43:47 UTC] Successfully loaded .env from: C:\Users\Pablo\Documents\GitHub\nine-screen-canvas-flow/.env
[16-Mar-2026 10:43:52 UTC] Successfully loaded .env from: C:\Users\Pablo\Documents\GitHub\nine-screen-canvas-flow/.env
[16-Mar-2026 10:43:52 UTC] MySQL select query: SELECT `id` FROM `users` WHERE `clerk_user_id` = :where_clerk_user_id_0
[16-Mar-2026 10:43:52 UTC] MySQL select params: {"where_clerk_user_id_0":"user_3AhnQJV5XslRK9dMtMXyCieGbiA"}
[16-Mar-2026 10:43:52 UTC] MySQL select returned 1 rows
[16-Mar-2026 10:43:52 UTC] MySQL select query: SELECT * FROM `user_pages` WHERE `id` = :where_id_0 AND `user_id` = :where_user_id_1
[16-Mar-2026 10:43:52 UTC] MySQL select params: {"where_id_0":"5af95f14-2120-11f1-bfcb-d85ed359730c","where_user_id_1":2}
[16-Mar-2026 10:43:52 UTC] MySQL select returned 1 rows
[16-Mar-2026 10:43:53 UTC] Pages API - Incoming request - Method: GET, Payload size: 0 bytes (0 KB)
[16-Mar-2026 10:43:53 UTC] Pages API - Method: GET
[16-Mar-2026 10:43:53 UTC] Pages API - clerk_user_id from request: null
[16-Mar-2026 10:43:53 UTC] Pages API - clerk_user_id from session: user_3AhnQJV5XslRK9dMtMXyCieGbiA
[16-Mar-2026 10:43:53 UTC] Pages API - Using clerk_user_id: user_3AhnQJV5XslRK9dMtMXyCieGbiA
[16-Mar-2026 10:43:53 UTC] Pages API - Using clerk_user_id: user_3AhnQJV5XslRK9dMtMXyCieGbiA
[16-Mar-2026 10:43:53 UTC] MySQL select query: SELECT `id` FROM `users` WHERE `clerk_user_id` = :where_clerk_user_id_0
[16-Mar-2026 10:43:53 UTC] MySQL select params: {"where_clerk_user_id_0":"user_3AhnQJV5XslRK9dMtMXyCieGbiA"}
[16-Mar-2026 10:43:53 UTC] MySQL select returned 1 rows
[16-Mar-2026 10:43:53 UTC] getUserIdFromClerkId - Query result: [{"id":2}]
[16-Mar-2026 10:43:53 UTC] Pages API - User ID from database: 2
[16-Mar-2026 10:43:53 UTC] Pages API - Success! User ID: 2
[16-Mar-2026 10:43:53 UTC] MySQL select query: SELECT `id`, `title`, `thumbnail_url`, `is_favorite`, `is_public`, `share_token`, `share_slug`, `last_accessed`, `created_at`, `updated_at` FROM `user_pages` WHERE `user_id` = :where_user_id_0 ORDER BY COALESCE(`last_accessed`, '1970-01-01 00:00:00') DESC
[16-Mar-2026 10:43:53 UTC] MySQL select params: {"where_user_id_0":2}
[16-Mar-2026 10:43:53 UTC] MySQL select returned 5 rows
[16-Mar-2026 10:44:09 UTC] Successfully loaded .env from: C:\Users\Pablo\Documents\GitHub\nine-screen-canvas-flow/.env
[16-Mar-2026 10:44:09 UTC] MySQL select query: SELECT `id` FROM `users` WHERE `clerk_user_id` = :where_clerk_user_id_0
[16-Mar-2026 10:44:09 UTC] MySQL select params: {"where_clerk_user_id_0":"user_3AhnQJV5XslRK9dMtMXyCieGbiA"}
[16-Mar-2026 10:44:09 UTC] MySQL select returned 1 rows
[16-Mar-2026 10:44:09 UTC] MySQL select query: SELECT * FROM `user_pages` WHERE `id` = :where_id_0 AND `user_id` = :where_user_id_1
[16-Mar-2026 10:44:09 UTC] MySQL select params: {"where_id_0":"5af95f14-2120-11f1-bfcb-d85ed359730c","where_user_id_1":2}
[16-Mar-2026 10:44:09 UTC] MySQL select returned 1 rows
[16-Mar-2026 10:44:10 UTC] Pages API - Incoming request - Method: GET, Payload size: 0 bytes (0 KB)
[16-Mar-2026 10:44:10 UTC] Pages API - Method: GET
[16-Mar-2026 10:44:10 UTC] Pages API - clerk_user_id from request: null
[16-Mar-2026 10:44:10 UTC] Pages API - clerk_user_id from session: user_3AhnQJV5XslRK9dMtMXyCieGbiA
[16-Mar-2026 10:44:10 UTC] Pages API - Using clerk_user_id: user_3AhnQJV5XslRK9dMtMXyCieGbiA
[16-Mar-2026 10:44:10 UTC] Pages API - Using clerk_user_id: user_3AhnQJV5XslRK9dMtMXyCieGbiA
[16-Mar-2026 10:44:10 UTC] MySQL select query: SELECT `id` FROM `users` WHERE `clerk_user_id` = :where_clerk_user_id_0
[16-Mar-2026 10:44:10 UTC] MySQL select params: {"where_clerk_user_id_0":"user_3AhnQJV5XslRK9dMtMXyCieGbiA"}
[16-Mar-2026 10:44:10 UTC] MySQL select returned 1 rows
[16-Mar-2026 10:44:10 UTC] getUserIdFromClerkId - Query result: [{"id":2}]
[16-Mar-2026 10:44:10 UTC] Pages API - User ID from database: 2
[16-Mar-2026 10:44:10 UTC] Pages API - Success! User ID: 2
[16-Mar-2026 10:44:10 UTC] MySQL select query: SELECT `id`, `title`, `thumbnail_url`, `is_favorite`, `is_public`, `share_token`, `share_slug`, `last_accessed`, `created_at`, `updated_at` FROM `user_pages` WHERE `user_id` = :where_user_id_0 ORDER BY COALESCE(`last_accessed`, '1970-01-01 00:00:00') DESC
[16-Mar-2026 10:44:10 UTC] MySQL select params: {"where_user_id_0":2}
[16-Mar-2026 10:44:10 UTC] MySQL select returned 5 rows
[16-Mar-2026 10:44:12 UTC] Successfully loaded .env from: C:\Users\Pablo\Documents\GitHub\nine-screen-canvas-flow/.env
[16-Mar-2026 10:44:12 UTC] Successfully loaded .env from: C:\Users\Pablo\Documents\GitHub\nine-screen-canvas-flow/.env
[16-Mar-2026 10:44:14 UTC] Successfully loaded .env from: C:\Users\Pablo\Documents\GitHub\nine-screen-canvas-flow/.env
[16-Mar-2026 10:44:14 UTC] MySQL select query: SELECT `id` FROM `users` WHERE `clerk_user_id` = :where_clerk_user_id_0
[16-Mar-2026 10:44:14 UTC] MySQL select params: {"where_clerk_user_id_0":"user_3AhnQJV5XslRK9dMtMXyCieGbiA"}
[16-Mar-2026 10:44:14 UTC] MySQL select returned 1 rows
[16-Mar-2026 10:44:14 UTC] MySQL select query: SELECT * FROM `user_pages` WHERE `id` = :where_id_0 AND `user_id` = :where_user_id_1
[16-Mar-2026 10:44:14 UTC] MySQL select params: {"where_id_0":"5af95f14-2120-11f1-bfcb-d85ed359730c","where_user_id_1":2}
[16-Mar-2026 10:44:14 UTC] MySQL select returned 1 rows
[16-Mar-2026 10:44:16 UTC] Pages API - Incoming request - Method: GET, Payload size: 0 bytes (0 KB)
[16-Mar-2026 10:44:16 UTC] Pages API - Method: GET
[16-Mar-2026 10:44:16 UTC] Pages API - clerk_user_id from request: null
[16-Mar-2026 10:44:16 UTC] Pages API - clerk_user_id from session: user_3AhnQJV5XslRK9dMtMXyCieGbiA
[16-Mar-2026 10:44:16 UTC] Pages API - Using clerk_user_id: user_3AhnQJV5XslRK9dMtMXyCieGbiA
[16-Mar-2026 10:44:16 UTC] Pages API - Using clerk_user_id: user_3AhnQJV5XslRK9dMtMXyCieGbiA
[16-Mar-2026 10:44:16 UTC] MySQL select query: SELECT `id` FROM `users` WHERE `clerk_user_id` = :where_clerk_user_id_0
[16-Mar-2026 10:44:16 UTC] MySQL select params: {"where_clerk_user_id_0":"user_3AhnQJV5XslRK9dMtMXyCieGbiA"}
[16-Mar-2026 10:44:16 UTC] MySQL select returned 1 rows
[16-Mar-2026 10:44:16 UTC] getUserIdFromClerkId - Query result: [{"id":2}]
[16-Mar-2026 10:44:16 UTC] Pages API - User ID from database: 2
[16-Mar-2026 10:44:16 UTC] Pages API - Success! User ID: 2
[16-Mar-2026 10:44:16 UTC] MySQL select query: SELECT `id`, `title`, `thumbnail_url`, `is_favorite`, `is_public`, `share_token`, `share_slug`, `last_accessed`, `created_at`, `updated_at` FROM `user_pages` WHERE `user_id` = :where_user_id_0 ORDER BY COALESCE(`last_accessed`, '1970-01-01 00:00:00') DESC
[16-Mar-2026 10:44:16 UTC] MySQL select params: {"where_user_id_0":2}
[16-Mar-2026 10:44:16 UTC] MySQL select returned 5 rows
[16-Mar-2026 10:44:27 UTC] Successfully loaded .env from: C:\Users\Pablo\Documents\GitHub\nine-screen-canvas-flow/.env
[16-Mar-2026 10:44:27 UTC] MySQL select query: SELECT `id` FROM `users` WHERE `clerk_user_id` = :where_clerk_user_id_0
[16-Mar-2026 10:44:27 UTC] MySQL select params: {"where_clerk_user_id_0":"user_3AhnQJV5XslRK9dMtMXyCieGbiA"}
[16-Mar-2026 10:44:27 UTC] MySQL select returned 1 rows
[16-Mar-2026 10:44:27 UTC] MySQL select query: SELECT * FROM `user_pages` WHERE `id` = :where_id_0 AND `user_id` = :where_user_id_1
[16-Mar-2026 10:44:27 UTC] MySQL select params: {"where_id_0":"5af95f14-2120-11f1-bfcb-d85ed359730c","where_user_id_1":2}
[16-Mar-2026 10:44:27 UTC] MySQL select returned 1 rows
[16-Mar-2026 10:44:27 UTC] Domain API - action=suggest, clerk_user_id=user_3AhnQJV5XslRK9dMtMXyCieGbiA
[16-Mar-2026 10:44:29 UTC] Pages API - Incoming request - Method: GET, Payload size: 0 bytes (0 KB)
[16-Mar-2026 10:44:29 UTC] Pages API - Method: GET
[16-Mar-2026 10:44:29 UTC] Pages API - clerk_user_id from request: null
[16-Mar-2026 10:44:29 UTC] Pages API - clerk_user_id from session: user_3AhnQJV5XslRK9dMtMXyCieGbiA
[16-Mar-2026 10:44:29 UTC] Pages API - Using clerk_user_id: user_3AhnQJV5XslRK9dMtMXyCieGbiA
[16-Mar-2026 10:44:29 UTC] Pages API - Using clerk_user_id: user_3AhnQJV5XslRK9dMtMXyCieGbiA
[16-Mar-2026 10:44:29 UTC] MySQL select query: SELECT `id` FROM `users` WHERE `clerk_user_id` = :where_clerk_user_id_0
[16-Mar-2026 10:44:29 UTC] MySQL select params: {"where_clerk_user_id_0":"user_3AhnQJV5XslRK9dMtMXyCieGbiA"}
[16-Mar-2026 10:44:29 UTC] MySQL select returned 1 rows
[16-Mar-2026 10:44:29 UTC] getUserIdFromClerkId - Query result: [{"id":2}]
[16-Mar-2026 10:44:29 UTC] Pages API - User ID from database: 2
[16-Mar-2026 10:44:29 UTC] Pages API - Success! User ID: 2
[16-Mar-2026 10:44:29 UTC] MySQL select query: SELECT `id`, `title`, `thumbnail_url`, `is_favorite`, `is_public`, `share_token`, `share_slug`, `last_accessed`, `created_at`, `updated_at` FROM `user_pages` WHERE `user_id` = :where_user_id_0 ORDER BY COALESCE(`last_accessed`, '1970-01-01 00:00:00') DESC
[16-Mar-2026 10:44:29 UTC] MySQL select params: {"where_user_id_0":2}
[16-Mar-2026 10:44:29 UTC] MySQL select returned 5 rows
[16-Mar-2026 10:44:30 UTC] Successfully loaded .env from: C:\Users\Pablo\Documents\GitHub\nine-screen-canvas-flow/.env
[16-Mar-2026 10:44:30 UTC] Successfully loaded .env from: C:\Users\Pablo\Documents\GitHub\nine-screen-canvas-flow/.env
[16-Mar-2026 10:45:07 UTC] Successfully loaded .env from: C:\Users\Pablo\Documents\GitHub\nine-screen-canvas-flow/.env
[16-Mar-2026 10:45:10 UTC] Successfully loaded .env from: C:\Users\Pablo\Documents\GitHub\nine-screen-canvas-flow/.env
[16-Mar-2026 10:46:37 UTC] Successfully loaded .env from: C:\Users\Pablo\Documents\GitHub\nine-screen-canvas-flow/.env
[16-Mar-2026 10:46:37 UTC] syncClerkSession - Refreshing paid status for: ptrigol@gmail.com
[16-Mar-2026 10:46:37 UTC] Purchases database connection failed: SQLSTATE[HY000] [1045] Access denied for user 'alvarotrigo_alvarotrigo'@'79.117.116.182' (using password: YES)
[16-Mar-2026 10:46:37 UTC] Attempted connection to: host=nocn.noc-n.com, dbname=alvarotrigo_alvarotrigo, user=alvarotrigo_alvarotrigo
[16-Mar-2026 10:46:37 UTC] Error checking user paid status: Purchases database connection failed: SQLSTATE[HY000] [1045] Access denied for user 'alvarotrigo_alvarotrigo'@'79.117.116.182' (using password: YES)
[16-Mar-2026 10:46:37 UTC] MySQL select query: SELECT * FROM `users` WHERE `email` = :where_email_0 AND `pro_status_source` = :where_pro_status_source_1
[16-Mar-2026 10:46:37 UTC] MySQL select params: {"where_email_0":"ptrigol@gmail.com","where_pro_status_source_1":"polar"}
[16-Mar-2026 10:46:37 UTC] MySQL select returned 0 rows
[16-Mar-2026 10:46:37 UTC] MySQL select query: SELECT * FROM `subscriptions` WHERE `customer_email` = :where_customer_email_0 AND `status` = :where_status_1
[16-Mar-2026 10:46:37 UTC] MySQL select params: {"where_customer_email_0":"ptrigol@gmail.com","where_status_1":"active"}
[16-Mar-2026 10:46:37 UTC] MySQL select returned 0 rows
[16-Mar-2026 10:46:37 UTC] syncClerkSession - Paid status refreshed: is_paid=false
[16-Mar-2026 10:46:37 UTC] Successfully loaded .env from: C:\Users\Pablo\Documents\GitHub\nine-screen-canvas-flow/.env
[16-Mar-2026 10:46:39 UTC] Successfully loaded .env from: C:\Users\Pablo\Documents\GitHub\nine-screen-canvas-flow/.env
[16-Mar-2026 10:47:10 UTC] Successfully loaded .env from: C:\Users\Pablo\Documents\GitHub\nine-screen-canvas-flow/.env
[16-Mar-2026 10:48:31 UTC] Successfully loaded .env from: C:\Users\Pablo\Documents\GitHub\nine-screen-canvas-flow/.env
[16-Mar-2026 10:48:31 UTC] Successfully loaded .env from: C:\Users\Pablo\Documents\GitHub\nine-screen-canvas-flow/.env
[16-Mar-2026 10:48:48 UTC] Successfully loaded .env from: C:\Users\Pablo\Documents\GitHub\nine-screen-canvas-flow/.env
[16-Mar-2026 10:48:49 UTC] Successfully loaded .env from: C:\Users\Pablo\Documents\GitHub\nine-screen-canvas-flow/.env
[16-Mar-2026 10:49:23 UTC] Successfully loaded .env from: C:\Users\Pablo\Documents\GitHub\nine-screen-canvas-flow/.env
[16-Mar-2026 10:49:23 UTC] Successfully loaded .env from: C:\Users\Pablo\Documents\GitHub\nine-screen-canvas-flow/.env
[16-Mar-2026 10:49:55 UTC] Successfully loaded .env from: C:\Users\Pablo\Documents\GitHub\nine-screen-canvas-flow/.env
[16-Mar-2026 10:49:55 UTC] Successfully loaded .env from: C:\Users\Pablo\Documents\GitHub\nine-screen-canvas-flow/.env
[16-Mar-2026 10:50:06 UTC] Successfully loaded .env from: C:\Users\Pablo\Documents\GitHub\nine-screen-canvas-flow/.env
[16-Mar-2026 10:50:08 UTC] Successfully loaded .env from: C:\Users\Pablo\Documents\GitHub\nine-screen-canvas-flow/.env
[16-Mar-2026 10:50:27 UTC] Successfully loaded .env from: C:\Users\Pablo\Documents\GitHub\nine-screen-canvas-flow/.env
[16-Mar-2026 10:50:27 UTC] MySQL select query: SELECT `id` FROM `users` WHERE `clerk_user_id` = :where_clerk_user_id_0
[16-Mar-2026 10:50:27 UTC] MySQL select params: {"where_clerk_user_id_0":"user_3AhnQJV5XslRK9dMtMXyCieGbiA"}
[16-Mar-2026 10:50:27 UTC] MySQL select returned 1 rows
[16-Mar-2026 10:50:27 UTC] MySQL select query: SELECT * FROM `user_pages` WHERE `id` = :where_id_0 AND `user_id` = :where_user_id_1
[16-Mar-2026 10:50:27 UTC] MySQL select params: {"where_id_0":"5af95f14-2120-11f1-bfcb-d85ed359730c","where_user_id_1":2}
[16-Mar-2026 10:50:27 UTC] MySQL select returned 1 rows
[16-Mar-2026 10:50:28 UTC] Pages API - Incoming request - Method: GET, Payload size: 0 bytes (0 KB)
[16-Mar-2026 10:50:28 UTC] Pages API - Method: GET
[16-Mar-2026 10:50:28 UTC] Pages API - clerk_user_id from request: null
[16-Mar-2026 10:50:28 UTC] Pages API - clerk_user_id from session: user_3AhnQJV5XslRK9dMtMXyCieGbiA
[16-Mar-2026 10:50:28 UTC] Pages API - Using clerk_user_id: user_3AhnQJV5XslRK9dMtMXyCieGbiA
[16-Mar-2026 10:50:28 UTC] Pages API - Using clerk_user_id: user_3AhnQJV5XslRK9dMtMXyCieGbiA
[16-Mar-2026 10:50:28 UTC] MySQL select query: SELECT `id` FROM `users` WHERE `clerk_user_id` = :where_clerk_user_id_0
[16-Mar-2026 10:50:28 UTC] MySQL select params: {"where_clerk_user_id_0":"user_3AhnQJV5XslRK9dMtMXyCieGbiA"}
[16-Mar-2026 10:50:28 UTC] MySQL select returned 1 rows
[16-Mar-2026 10:50:28 UTC] getUserIdFromClerkId - Query result: [{"id":2}]
[16-Mar-2026 10:50:28 UTC] Pages API - User ID from database: 2
[16-Mar-2026 10:50:28 UTC] Pages API - Success! User ID: 2
[16-Mar-2026 10:50:28 UTC] MySQL select query: SELECT `id`, `title`, `thumbnail_url`, `is_favorite`, `is_public`, `share_token`, `share_slug`, `last_accessed`, `created_at`, `updated_at` FROM `user_pages` WHERE `user_id` = :where_user_id_0 ORDER BY COALESCE(`last_accessed`, '1970-01-01 00:00:00') DESC
[16-Mar-2026 10:50:28 UTC] MySQL select params: {"where_user_id_0":2}
[16-Mar-2026 10:50:28 UTC] MySQL select returned 5 rows
[16-Mar-2026 10:50:48 UTC] Pages API - Incoming request - Method: PUT, Payload size: 48,902 bytes (47.76 KB)
[16-Mar-2026 10:50:48 UTC] Pages API - Method: PUT
[16-Mar-2026 10:50:48 UTC] Pages API - clerk_user_id from request: user_3AhnQJV5XslRK9dMtMXyCieGbiA
[16-Mar-2026 10:50:48 UTC] Pages API - clerk_user_id from session: user_3AhnQJV5XslRK9dMtMXyCieGbiA
[16-Mar-2026 10:50:48 UTC] Pages API - Using clerk_user_id: user_3AhnQJV5XslRK9dMtMXyCieGbiA
[16-Mar-2026 10:50:48 UTC] Pages API - Using clerk_user_id: user_3AhnQJV5XslRK9dMtMXyCieGbiA
[16-Mar-2026 10:50:48 UTC] MySQL select query: SELECT `id` FROM `users` WHERE `clerk_user_id` = :where_clerk_user_id_0
[16-Mar-2026 10:50:48 UTC] MySQL select params: {"where_clerk_user_id_0":"user_3AhnQJV5XslRK9dMtMXyCieGbiA"}
[16-Mar-2026 10:50:48 UTC] MySQL select returned 1 rows
[16-Mar-2026 10:50:48 UTC] getUserIdFromClerkId - Query result: [{"id":2}]
[16-Mar-2026 10:50:48 UTC] Pages API - User ID from database: 2
[16-Mar-2026 10:50:48 UTC] Pages API - Success! User ID: 2
[16-Mar-2026 10:50:48 UTC] MySQL select query: SELECT `id`, `updated_at` FROM `user_pages` WHERE `id` = :where_id_0 AND `user_id` = :where_user_id_1
[16-Mar-2026 10:50:48 UTC] MySQL select params: {"where_id_0":"5af95f14-2120-11f1-bfcb-d85ed359730c","where_user_id_1":2}
[16-Mar-2026 10:50:48 UTC] MySQL select returned 1 rows
[16-Mar-2026 10:50:48 UTC] MySQL update query: UPDATE `user_pages` SET `title` = :title, `data` = :data, `last_accessed` = :last_accessed, `updated_at` = :updated_at WHERE `id` = :where_id_0 AND `user_id` = :where_user_id_1
[16-Mar-2026 10:50:48 UTC] MySQL update params: {"title":"propage","data":"{\"fullHtml\":\"\\n                <!-- NAV -->\\n    <...[truncated]","last_accessed":"2026-03-16 10:50:48","updated_at":"2026-03-16 10:50:48","where_id_0":"5af95f14-2120-11f1-bfcb-d85ed359730c","where_user_id_1":2}
[16-Mar-2026 10:50:48 UTC] MySQL update affected rows: 1
[16-Mar-2026 10:50:48 UTC] MySQL select query: SELECT * FROM `user_pages` WHERE `id` = :where_id_0 AND `user_id` = :where_user_id_1
[16-Mar-2026 10:50:48 UTC] MySQL select params: {"where_id_0":"5af95f14-2120-11f1-bfcb-d85ed359730c","where_user_id_1":2}
[16-Mar-2026 10:50:48 UTC] MySQL select returned 1 rows
[16-Mar-2026 10:50:56 UTC] Pages API - Incoming request - Method: PUT, Payload size: 49,002 bytes (47.85 KB)
[16-Mar-2026 10:50:56 UTC] Pages API - Method: PUT
[16-Mar-2026 10:50:56 UTC] Pages API - clerk_user_id from request: user_3AhnQJV5XslRK9dMtMXyCieGbiA
[16-Mar-2026 10:50:56 UTC] Pages API - clerk_user_id from session: user_3AhnQJV5XslRK9dMtMXyCieGbiA
[16-Mar-2026 10:50:56 UTC] Pages API - Using clerk_user_id: user_3AhnQJV5XslRK9dMtMXyCieGbiA
[16-Mar-2026 10:50:56 UTC] Pages API - Using clerk_user_id: user_3AhnQJV5XslRK9dMtMXyCieGbiA
[16-Mar-2026 10:50:56 UTC] MySQL select query: SELECT `id` FROM `users` WHERE `clerk_user_id` = :where_clerk_user_id_0
[16-Mar-2026 10:50:56 UTC] MySQL select params: {"where_clerk_user_id_0":"user_3AhnQJV5XslRK9dMtMXyCieGbiA"}
[16-Mar-2026 10:50:56 UTC] MySQL select returned 1 rows
[16-Mar-2026 10:50:56 UTC] getUserIdFromClerkId - Query result: [{"id":2}]
[16-Mar-2026 10:50:56 UTC] Pages API - User ID from database: 2
[16-Mar-2026 10:50:56 UTC] Pages API - Success! User ID: 2
[16-Mar-2026 10:50:56 UTC] MySQL select query: SELECT `id`, `updated_at` FROM `user_pages` WHERE `id` = :where_id_0 AND `user_id` = :where_user_id_1
[16-Mar-2026 10:50:56 UTC] MySQL select params: {"where_id_0":"5af95f14-2120-11f1-bfcb-d85ed359730c","where_user_id_1":2}
[16-Mar-2026 10:50:56 UTC] MySQL select returned 1 rows
[16-Mar-2026 10:50:56 UTC] MySQL update query: UPDATE `user_pages` SET `title` = :title, `data` = :data, `last_accessed` = :last_accessed, `updated_at` = :updated_at WHERE `id` = :where_id_0 AND `user_id` = :where_user_id_1
[16-Mar-2026 10:50:56 UTC] MySQL update params: {"title":"propage","data":"{\"fullHtml\":\"\\n                <!-- NAV -->\\n    <...[truncated]","last_accessed":"2026-03-16 10:50:56","updated_at":"2026-03-16 10:50:56","where_id_0":"5af95f14-2120-11f1-bfcb-d85ed359730c","where_user_id_1":2}
[16-Mar-2026 10:50:56 UTC] MySQL update affected rows: 1
[16-Mar-2026 10:50:56 UTC] MySQL select query: SELECT * FROM `user_pages` WHERE `id` = :where_id_0 AND `user_id` = :where_user_id_1
[16-Mar-2026 10:50:56 UTC] MySQL select params: {"where_id_0":"5af95f14-2120-11f1-bfcb-d85ed359730c","where_user_id_1":2}
[16-Mar-2026 10:50:56 UTC] MySQL select returned 1 rows
[16-Mar-2026 10:51:01 UTC] Pages API - Incoming request - Method: PUT, Payload size: 49,046 bytes (47.9 KB)
[16-Mar-2026 10:51:01 UTC] Pages API - Method: PUT
[16-Mar-2026 10:51:01 UTC] Pages API - clerk_user_id from request: user_3AhnQJV5XslRK9dMtMXyCieGbiA
[16-Mar-2026 10:51:01 UTC] Pages API - clerk_user_id from session: user_3AhnQJV5XslRK9dMtMXyCieGbiA
[16-Mar-2026 10:51:01 UTC] Pages API - Using clerk_user_id: user_3AhnQJV5XslRK9dMtMXyCieGbiA
[16-Mar-2026 10:51:01 UTC] Pages API - Using clerk_user_id: user_3AhnQJV5XslRK9dMtMXyCieGbiA
[16-Mar-2026 10:51:01 UTC] MySQL select query: SELECT `id` FROM `users` WHERE `clerk_user_id` = :where_clerk_user_id_0
[16-Mar-2026 10:51:01 UTC] MySQL select params: {"where_clerk_user_id_0":"user_3AhnQJV5XslRK9dMtMXyCieGbiA"}
[16-Mar-2026 10:51:01 UTC] MySQL select returned 1 rows
[16-Mar-2026 10:51:01 UTC] getUserIdFromClerkId - Query result: [{"id":2}]
[16-Mar-2026 10:51:01 UTC] Pages API - User ID from database: 2
[16-Mar-2026 10:51:01 UTC] Pages API - Success! User ID: 2
[16-Mar-2026 10:51:01 UTC] MySQL select query: SELECT `id`, `updated_at` FROM `user_pages` WHERE `id` = :where_id_0 AND `user_id` = :where_user_id_1
[16-Mar-2026 10:51:01 UTC] MySQL select params: {"where_id_0":"5af95f14-2120-11f1-bfcb-d85ed359730c","where_user_id_1":2}
[16-Mar-2026 10:51:01 UTC] MySQL select returned 1 rows
[16-Mar-2026 10:51:01 UTC] MySQL update query: UPDATE `user_pages` SET `title` = :title, `data` = :data, `last_accessed` = :last_accessed, `updated_at` = :updated_at WHERE `id` = :where_id_0 AND `user_id` = :where_user_id_1
[16-Mar-2026 10:51:01 UTC] MySQL update params: {"title":"propage","data":"{\"fullHtml\":\"\\n                <!-- NAV -->\\n    <...[truncated]","last_accessed":"2026-03-16 10:51:01","updated_at":"2026-03-16 10:51:01","where_id_0":"5af95f14-2120-11f1-bfcb-d85ed359730c","where_user_id_1":2}
[16-Mar-2026 10:51:01 UTC] MySQL update affected rows: 1
[16-Mar-2026 10:51:01 UTC] MySQL select query: SELECT * FROM `user_pages` WHERE `id` = :where_id_0 AND `user_id` = :where_user_id_1
[16-Mar-2026 10:51:01 UTC] MySQL select params: {"where_id_0":"5af95f14-2120-11f1-bfcb-d85ed359730c","where_user_id_1":2}
[16-Mar-2026 10:51:01 UTC] MySQL select returned 1 rows
[16-Mar-2026 10:51:03 UTC] Pages API - Incoming request - Method: PUT, Payload size: 49,046 bytes (47.9 KB)
[16-Mar-2026 10:51:03 UTC] Pages API - Method: PUT
[16-Mar-2026 10:51:03 UTC] Pages API - clerk_user_id from request: user_3AhnQJV5XslRK9dMtMXyCieGbiA
[16-Mar-2026 10:51:03 UTC] Pages API - clerk_user_id from session: user_3AhnQJV5XslRK9dMtMXyCieGbiA
[16-Mar-2026 10:51:03 UTC] Pages API - Using clerk_user_id: user_3AhnQJV5XslRK9dMtMXyCieGbiA
[16-Mar-2026 10:51:03 UTC] Pages API - Using clerk_user_id: user_3AhnQJV5XslRK9dMtMXyCieGbiA
[16-Mar-2026 10:51:03 UTC] MySQL select query: SELECT `id` FROM `users` WHERE `clerk_user_id` = :where_clerk_user_id_0
[16-Mar-2026 10:51:03 UTC] MySQL select params: {"where_clerk_user_id_0":"user_3AhnQJV5XslRK9dMtMXyCieGbiA"}
[16-Mar-2026 10:51:03 UTC] MySQL select returned 1 rows
[16-Mar-2026 10:51:03 UTC] getUserIdFromClerkId - Query result: [{"id":2}]
[16-Mar-2026 10:51:03 UTC] Pages API - User ID from database: 2
[16-Mar-2026 10:51:03 UTC] Pages API - Success! User ID: 2
[16-Mar-2026 10:51:03 UTC] MySQL select query: SELECT `id`, `updated_at` FROM `user_pages` WHERE `id` = :where_id_0 AND `user_id` = :where_user_id_1
[16-Mar-2026 10:51:03 UTC] MySQL select params: {"where_id_0":"5af95f14-2120-11f1-bfcb-d85ed359730c","where_user_id_1":2}
[16-Mar-2026 10:51:03 UTC] MySQL select returned 1 rows
[16-Mar-2026 10:51:03 UTC] MySQL update query: UPDATE `user_pages` SET `title` = :title, `data` = :data, `last_accessed` = :last_accessed, `updated_at` = :updated_at WHERE `id` = :where_id_0 AND `user_id` = :where_user_id_1
[16-Mar-2026 10:51:03 UTC] MySQL update params: {"title":"propage","data":"{\"fullHtml\":\"\\n                <!-- NAV -->\\n    <...[truncated]","last_accessed":"2026-03-16 10:51:03","updated_at":"2026-03-16 10:51:03","where_id_0":"5af95f14-2120-11f1-bfcb-d85ed359730c","where_user_id_1":2}
[16-Mar-2026 10:51:03 UTC] MySQL update affected rows: 1
[16-Mar-2026 10:51:03 UTC] MySQL select query: SELECT * FROM `user_pages` WHERE `id` = :where_id_0 AND `user_id` = :where_user_id_1
[16-Mar-2026 10:51:03 UTC] MySQL select params: {"where_id_0":"5af95f14-2120-11f1-bfcb-d85ed359730c","where_user_id_1":2}
[16-Mar-2026 10:51:03 UTC] MySQL select returned 1 rows
[16-Mar-2026 10:51:05 UTC] Pages API - Incoming request - Method: PUT, Payload size: 49,047 bytes (47.9 KB)
[16-Mar-2026 10:51:05 UTC] Pages API - Method: PUT
[16-Mar-2026 10:51:05 UTC] Pages API - clerk_user_id from request: user_3AhnQJV5XslRK9dMtMXyCieGbiA
[16-Mar-2026 10:51:05 UTC] Pages API - clerk_user_id from session: user_3AhnQJV5XslRK9dMtMXyCieGbiA
[16-Mar-2026 10:51:05 UTC] Pages API - Using clerk_user_id: user_3AhnQJV5XslRK9dMtMXyCieGbiA
[16-Mar-2026 10:51:05 UTC] Pages API - Using clerk_user_id: user_3AhnQJV5XslRK9dMtMXyCieGbiA
[16-Mar-2026 10:51:05 UTC] MySQL select query: SELECT `id` FROM `users` WHERE `clerk_user_id` = :where_clerk_user_id_0
[16-Mar-2026 10:51:05 UTC] MySQL select params: {"where_clerk_user_id_0":"user_3AhnQJV5XslRK9dMtMXyCieGbiA"}
[16-Mar-2026 10:51:05 UTC] MySQL select returned 1 rows
[16-Mar-2026 10:51:05 UTC] getUserIdFromClerkId - Query result: [{"id":2}]
[16-Mar-2026 10:51:05 UTC] Pages API - User ID from database: 2
[16-Mar-2026 10:51:05 UTC] Pages API - Success! User ID: 2
[16-Mar-2026 10:51:05 UTC] MySQL select query: SELECT `id`, `updated_at` FROM `user_pages` WHERE `id` = :where_id_0 AND `user_id` = :where_user_id_1
[16-Mar-2026 10:51:05 UTC] MySQL select params: {"where_id_0":"5af95f14-2120-11f1-bfcb-d85ed359730c","where_user_id_1":2}
[16-Mar-2026 10:51:05 UTC] MySQL select returned 1 rows
[16-Mar-2026 10:51:05 UTC] MySQL update query: UPDATE `user_pages` SET `title` = :title, `data` = :data, `last_accessed` = :last_accessed, `updated_at` = :updated_at WHERE `id` = :where_id_0 AND `user_id` = :where_user_id_1
[16-Mar-2026 10:51:05 UTC] MySQL update params: {"title":"propage","data":"{\"fullHtml\":\"\\n                <!-- NAV -->\\n    <...[truncated]","last_accessed":"2026-03-16 10:51:05","updated_at":"2026-03-16 10:51:05","where_id_0":"5af95f14-2120-11f1-bfcb-d85ed359730c","where_user_id_1":2}
[16-Mar-2026 10:51:05 UTC] MySQL update affected rows: 1
[16-Mar-2026 10:51:05 UTC] MySQL select query: SELECT * FROM `user_pages` WHERE `id` = :where_id_0 AND `user_id` = :where_user_id_1
[16-Mar-2026 10:51:05 UTC] MySQL select params: {"where_id_0":"5af95f14-2120-11f1-bfcb-d85ed359730c","where_user_id_1":2}
[16-Mar-2026 10:51:05 UTC] MySQL select returned 1 rows
[16-Mar-2026 10:51:12 UTC] Pages API - Incoming request - Method: GET, Payload size: 0 bytes (0 KB)
[16-Mar-2026 10:51:12 UTC] Pages API - Method: GET
[16-Mar-2026 10:51:12 UTC] Pages API - clerk_user_id from request: null
[16-Mar-2026 10:51:12 UTC] Pages API - clerk_user_id from session: user_3AhnQJV5XslRK9dMtMXyCieGbiA
[16-Mar-2026 10:51:12 UTC] Pages API - Using clerk_user_id: user_3AhnQJV5XslRK9dMtMXyCieGbiA
[16-Mar-2026 10:51:12 UTC] Pages API - Using clerk_user_id: user_3AhnQJV5XslRK9dMtMXyCieGbiA
[16-Mar-2026 10:51:12 UTC] MySQL select query: SELECT `id` FROM `users` WHERE `clerk_user_id` = :where_clerk_user_id_0
[16-Mar-2026 10:51:12 UTC] MySQL select params: {"where_clerk_user_id_0":"user_3AhnQJV5XslRK9dMtMXyCieGbiA"}
[16-Mar-2026 10:51:12 UTC] MySQL select returned 1 rows
[16-Mar-2026 10:51:12 UTC] getUserIdFromClerkId - Query result: [{"id":2}]
[16-Mar-2026 10:51:12 UTC] Pages API - User ID from database: 2
[16-Mar-2026 10:51:12 UTC] Pages API - Success! User ID: 2
[16-Mar-2026 10:51:12 UTC] MySQL select query: SELECT `id`, `title`, `thumbnail_url`, `is_favorite`, `is_public`, `share_token`, `share_slug`, `last_accessed`, `created_at`, `updated_at` FROM `user_pages` WHERE `user_id` = :where_user_id_0 ORDER BY COALESCE(`last_accessed`, '1970-01-01 00:00:00') DESC
[16-Mar-2026 10:51:12 UTC] MySQL select params: {"where_user_id_0":2}
[16-Mar-2026 10:51:12 UTC] MySQL select returned 5 rows
[16-Mar-2026 10:51:13 UTC] Pages API - Incoming request - Method: PUT, Payload size: 47,149 bytes (46.04 KB)
[16-Mar-2026 10:51:13 UTC] Pages API - Method: PUT
[16-Mar-2026 10:51:13 UTC] Pages API - clerk_user_id from request: user_3AhnQJV5XslRK9dMtMXyCieGbiA
[16-Mar-2026 10:51:13 UTC] Pages API - clerk_user_id from session: user_3AhnQJV5XslRK9dMtMXyCieGbiA
[16-Mar-2026 10:51:13 UTC] Pages API - Using clerk_user_id: user_3AhnQJV5XslRK9dMtMXyCieGbiA
[16-Mar-2026 10:51:13 UTC] Pages API - Using clerk_user_id: user_3AhnQJV5XslRK9dMtMXyCieGbiA
[16-Mar-2026 10:51:13 UTC] MySQL select query: SELECT `id` FROM `users` WHERE `clerk_user_id` = :where_clerk_user_id_0
[16-Mar-2026 10:51:13 UTC] MySQL select params: {"where_clerk_user_id_0":"user_3AhnQJV5XslRK9dMtMXyCieGbiA"}
[16-Mar-2026 10:51:13 UTC] MySQL select returned 1 rows
[16-Mar-2026 10:51:13 UTC] getUserIdFromClerkId - Query result: [{"id":2}]
[16-Mar-2026 10:51:13 UTC] Pages API - User ID from database: 2
[16-Mar-2026 10:51:13 UTC] Pages API - Success! User ID: 2
[16-Mar-2026 10:51:13 UTC] MySQL select query: SELECT `id`, `updated_at` FROM `user_pages` WHERE `id` = :where_id_0 AND `user_id` = :where_user_id_1
[16-Mar-2026 10:51:13 UTC] MySQL select params: {"where_id_0":"5af95f14-2120-11f1-bfcb-d85ed359730c","where_user_id_1":2}
[16-Mar-2026 10:51:13 UTC] MySQL select returned 1 rows
[16-Mar-2026 10:51:13 UTC] MySQL update query: UPDATE `user_pages` SET `title` = :title, `data` = :data, `last_accessed` = :last_accessed, `updated_at` = :updated_at WHERE `id` = :where_id_0 AND `user_id` = :where_user_id_1
[16-Mar-2026 10:51:13 UTC] MySQL update params: {"title":"propage","data":"{\"fullHtml\":\"\\n                <!-- NAV -->\\n    <...[truncated]","last_accessed":"2026-03-16 10:51:13","updated_at":"2026-03-16 10:51:13","where_id_0":"5af95f14-2120-11f1-bfcb-d85ed359730c","where_user_id_1":2}
[16-Mar-2026 10:51:13 UTC] MySQL update affected rows: 1
[16-Mar-2026 10:51:13 UTC] MySQL select query: SELECT * FROM `user_pages` WHERE `id` = :where_id_0 AND `user_id` = :where_user_id_1
[16-Mar-2026 10:51:13 UTC] MySQL select params: {"where_id_0":"5af95f14-2120-11f1-bfcb-d85ed359730c","where_user_id_1":2}
[16-Mar-2026 10:51:13 UTC] MySQL select returned 1 rows
[16-Mar-2026 10:51:16 UTC] Pages API - Incoming request - Method: PUT, Payload size: 47,196 bytes (46.09 KB)
[16-Mar-2026 10:51:16 UTC] Pages API - Method: PUT
[16-Mar-2026 10:51:16 UTC] Pages API - clerk_user_id from request: user_3AhnQJV5XslRK9dMtMXyCieGbiA
[16-Mar-2026 10:51:16 UTC] Pages API - clerk_user_id from session: user_3AhnQJV5XslRK9dMtMXyCieGbiA
[16-Mar-2026 10:51:16 UTC] Pages API - Using clerk_user_id: user_3AhnQJV5XslRK9dMtMXyCieGbiA
[16-Mar-2026 10:51:16 UTC] Pages API - Using clerk_user_id: user_3AhnQJV5XslRK9dMtMXyCieGbiA
[16-Mar-2026 10:51:17 UTC] MySQL select query: SELECT `id` FROM `users` WHERE `clerk_user_id` = :where_clerk_user_id_0
[16-Mar-2026 10:51:17 UTC] MySQL select params: {"where_clerk_user_id_0":"user_3AhnQJV5XslRK9dMtMXyCieGbiA"}
[16-Mar-2026 10:51:17 UTC] MySQL select returned 1 rows
[16-Mar-2026 10:51:17 UTC] getUserIdFromClerkId - Query result: [{"id":2}]
[16-Mar-2026 10:51:17 UTC] Pages API - User ID from database: 2
[16-Mar-2026 10:51:17 UTC] Pages API - Success! User ID: 2
[16-Mar-2026 10:51:17 UTC] MySQL select query: SELECT `id`, `updated_at` FROM `user_pages` WHERE `id` = :where_id_0 AND `user_id` = :where_user_id_1
[16-Mar-2026 10:51:17 UTC] MySQL select params: {"where_id_0":"5af95f14-2120-11f1-bfcb-d85ed359730c","where_user_id_1":2}
[16-Mar-2026 10:51:17 UTC] MySQL select returned 1 rows
[16-Mar-2026 10:51:17 UTC] MySQL update query: UPDATE `user_pages` SET `title` = :title, `data` = :data, `last_accessed` = :last_accessed, `updated_at` = :updated_at WHERE `id` = :where_id_0 AND `user_id` = :where_user_id_1
[16-Mar-2026 10:51:17 UTC] MySQL update params: {"title":"propage","data":"{\"fullHtml\":\"\\n                <!-- NAV -->\\n    <...[truncated]","last_accessed":"2026-03-16 10:51:17","updated_at":"2026-03-16 10:51:17","where_id_0":"5af95f14-2120-11f1-bfcb-d85ed359730c","where_user_id_1":2}
[16-Mar-2026 10:51:17 UTC] MySQL update affected rows: 1
[16-Mar-2026 10:51:17 UTC] MySQL select query: SELECT * FROM `user_pages` WHERE `id` = :where_id_0 AND `user_id` = :where_user_id_1
[16-Mar-2026 10:51:17 UTC] MySQL select params: {"where_id_0":"5af95f14-2120-11f1-bfcb-d85ed359730c","where_user_id_1":2}
[16-Mar-2026 10:51:17 UTC] MySQL select returned 1 rows
[16-Mar-2026 10:51:26 UTC] Pages API - Incoming request - Method: PUT, Payload size: 47,223 bytes (46.12 KB)
[16-Mar-2026 10:51:26 UTC] Pages API - Method: PUT
[16-Mar-2026 10:51:26 UTC] Pages API - clerk_user_id from request: user_3AhnQJV5XslRK9dMtMXyCieGbiA
[16-Mar-2026 10:51:26 UTC] Pages API - clerk_user_id from session: user_3AhnQJV5XslRK9dMtMXyCieGbiA
[16-Mar-2026 10:51:26 UTC] Pages API - Using clerk_user_id: user_3AhnQJV5XslRK9dMtMXyCieGbiA
[16-Mar-2026 10:51:26 UTC] Pages API - Using clerk_user_id: user_3AhnQJV5XslRK9dMtMXyCieGbiA
[16-Mar-2026 10:51:26 UTC] MySQL select query: SELECT `id` FROM `users` WHERE `clerk_user_id` = :where_clerk_user_id_0
[16-Mar-2026 10:51:26 UTC] MySQL select params: {"where_clerk_user_id_0":"user_3AhnQJV5XslRK9dMtMXyCieGbiA"}
[16-Mar-2026 10:51:26 UTC] MySQL select returned 1 rows
[16-Mar-2026 10:51:26 UTC] getUserIdFromClerkId - Query result: [{"id":2}]
[16-Mar-2026 10:51:26 UTC] Pages API - User ID from database: 2
[16-Mar-2026 10:51:26 UTC] Pages API - Success! User ID: 2
[16-Mar-2026 10:51:26 UTC] MySQL select query: SELECT `id`, `updated_at` FROM `user_pages` WHERE `id` = :where_id_0 AND `user_id` = :where_user_id_1
[16-Mar-2026 10:51:26 UTC] MySQL select params: {"where_id_0":"5af95f14-2120-11f1-bfcb-d85ed359730c","where_user_id_1":2}
[16-Mar-2026 10:51:26 UTC] MySQL select returned 1 rows
[16-Mar-2026 10:51:26 UTC] MySQL update query: UPDATE `user_pages` SET `title` = :title, `data` = :data, `last_accessed` = :last_accessed, `updated_at` = :updated_at WHERE `id` = :where_id_0 AND `user_id` = :where_user_id_1
[16-Mar-2026 10:51:26 UTC] MySQL update params: {"title":"propage","data":"{\"fullHtml\":\"\\n                <!-- NAV -->\\n    <...[truncated]","last_accessed":"2026-03-16 10:51:26","updated_at":"2026-03-16 10:51:26","where_id_0":"5af95f14-2120-11f1-bfcb-d85ed359730c","where_user_id_1":2}
[16-Mar-2026 10:51:26 UTC] MySQL update affected rows: 1
[16-Mar-2026 10:51:26 UTC] MySQL select query: SELECT * FROM `user_pages` WHERE `id` = :where_id_0 AND `user_id` = :where_user_id_1
[16-Mar-2026 10:51:26 UTC] MySQL select params: {"where_id_0":"5af95f14-2120-11f1-bfcb-d85ed359730c","where_user_id_1":2}
[16-Mar-2026 10:51:26 UTC] MySQL select returned 1 rows
[16-Mar-2026 10:51:31 UTC] Pages API - Incoming request - Method: PUT, Payload size: 47,249 bytes (46.14 KB)
[16-Mar-2026 10:51:31 UTC] Pages API - Method: PUT
[16-Mar-2026 10:51:31 UTC] Pages API - clerk_user_id from request: user_3AhnQJV5XslRK9dMtMXyCieGbiA
[16-Mar-2026 10:51:31 UTC] Pages API - clerk_user_id from session: user_3AhnQJV5XslRK9dMtMXyCieGbiA
[16-Mar-2026 10:51:31 UTC] Pages API - Using clerk_user_id: user_3AhnQJV5XslRK9dMtMXyCieGbiA
[16-Mar-2026 10:51:31 UTC] Pages API - Using clerk_user_id: user_3AhnQJV5XslRK9dMtMXyCieGbiA
[16-Mar-2026 10:51:31 UTC] MySQL select query: SELECT `id` FROM `users` WHERE `clerk_user_id` = :where_clerk_user_id_0
[16-Mar-2026 10:51:31 UTC] MySQL select params: {"where_clerk_user_id_0":"user_3AhnQJV5XslRK9dMtMXyCieGbiA"}
[16-Mar-2026 10:51:31 UTC] MySQL select returned 1 rows
[16-Mar-2026 10:51:31 UTC] getUserIdFromClerkId - Query result: [{"id":2}]
[16-Mar-2026 10:51:31 UTC] Pages API - User ID from database: 2
[16-Mar-2026 10:51:31 UTC] Pages API - Success! User ID: 2
[16-Mar-2026 10:51:31 UTC] MySQL select query: SELECT `id`, `updated_at` FROM `user_pages` WHERE `id` = :where_id_0 AND `user_id` = :where_user_id_1
[16-Mar-2026 10:51:31 UTC] MySQL select params: {"where_id_0":"5af95f14-2120-11f1-bfcb-d85ed359730c","where_user_id_1":2}
[16-Mar-2026 10:51:31 UTC] MySQL select returned 1 rows
[16-Mar-2026 10:51:31 UTC] MySQL update query: UPDATE `user_pages` SET `title` = :title, `data` = :data, `last_accessed` = :last_accessed, `updated_at` = :updated_at WHERE `id` = :where_id_0 AND `user_id` = :where_user_id_1
[16-Mar-2026 10:51:31 UTC] MySQL update params: {"title":"propage","data":"{\"fullHtml\":\"\\n                <!-- NAV -->\\n    <...[truncated]","last_accessed":"2026-03-16 10:51:31","updated_at":"2026-03-16 10:51:31","where_id_0":"5af95f14-2120-11f1-bfcb-d85ed359730c","where_user_id_1":2}
[16-Mar-2026 10:51:31 UTC] MySQL update affected rows: 1
[16-Mar-2026 10:51:31 UTC] MySQL select query: SELECT * FROM `user_pages` WHERE `id` = :where_id_0 AND `user_id` = :where_user_id_1
[16-Mar-2026 10:51:31 UTC] MySQL select params: {"where_id_0":"5af95f14-2120-11f1-bfcb-d85ed359730c","where_user_id_1":2}
[16-Mar-2026 10:51:31 UTC] MySQL select returned 1 rows
[16-Mar-2026 10:51:41 UTC] Pages API - Incoming request - Method: PUT, Payload size: 47,102 bytes (46 KB)
[16-Mar-2026 10:51:41 UTC] Pages API - Method: PUT
[16-Mar-2026 10:51:41 UTC] Pages API - clerk_user_id from request: user_3AhnQJV5XslRK9dMtMXyCieGbiA
[16-Mar-2026 10:51:41 UTC] Pages API - clerk_user_id from session: user_3AhnQJV5XslRK9dMtMXyCieGbiA
[16-Mar-2026 10:51:41 UTC] Pages API - Using clerk_user_id: user_3AhnQJV5XslRK9dMtMXyCieGbiA
[16-Mar-2026 10:51:41 UTC] Pages API - Using clerk_user_id: user_3AhnQJV5XslRK9dMtMXyCieGbiA
[16-Mar-2026 10:51:41 UTC] MySQL select query: SELECT `id` FROM `users` WHERE `clerk_user_id` = :where_clerk_user_id_0
[16-Mar-2026 10:51:41 UTC] MySQL select params: {"where_clerk_user_id_0":"user_3AhnQJV5XslRK9dMtMXyCieGbiA"}
[16-Mar-2026 10:51:41 UTC] MySQL select returned 1 rows
[16-Mar-2026 10:51:41 UTC] getUserIdFromClerkId - Query result: [{"id":2}]
[16-Mar-2026 10:51:41 UTC] Pages API - User ID from database: 2
[16-Mar-2026 10:51:41 UTC] Pages API - Success! User ID: 2
[16-Mar-2026 10:51:41 UTC] MySQL select query: SELECT `id`, `updated_at` FROM `user_pages` WHERE `id` = :where_id_0 AND `user_id` = :where_user_id_1
[16-Mar-2026 10:51:41 UTC] MySQL select params: {"where_id_0":"5af95f14-2120-11f1-bfcb-d85ed359730c","where_user_id_1":2}
[16-Mar-2026 10:51:41 UTC] MySQL select returned 1 rows
[16-Mar-2026 10:51:41 UTC] MySQL update query: UPDATE `user_pages` SET `title` = :title, `data` = :data, `last_accessed` = :last_accessed, `updated_at` = :updated_at WHERE `id` = :where_id_0 AND `user_id` = :where_user_id_1
[16-Mar-2026 10:51:41 UTC] MySQL update params: {"title":"propage","data":"{\"fullHtml\":\"\\n                <!-- NAV -->\\n    <...[truncated]","last_accessed":"2026-03-16 10:51:41","updated_at":"2026-03-16 10:51:41","where_id_0":"5af95f14-2120-11f1-bfcb-d85ed359730c","where_user_id_1":2}
[16-Mar-2026 10:51:41 UTC] MySQL update affected rows: 1
[16-Mar-2026 10:51:41 UTC] MySQL select query: SELECT * FROM `user_pages` WHERE `id` = :where_id_0 AND `user_id` = :where_user_id_1
[16-Mar-2026 10:51:41 UTC] MySQL select params: {"where_id_0":"5af95f14-2120-11f1-bfcb-d85ed359730c","where_user_id_1":2}
[16-Mar-2026 10:51:41 UTC] MySQL select returned 1 rows
[16-Mar-2026 10:51:48 UTC] Pages API - Incoming request - Method: PUT, Payload size: 47,088 bytes (45.98 KB)
[16-Mar-2026 10:51:48 UTC] Pages API - Method: PUT
[16-Mar-2026 10:51:48 UTC] Pages API - clerk_user_id from request: user_3AhnQJV5XslRK9dMtMXyCieGbiA
[16-Mar-2026 10:51:48 UTC] Pages API - clerk_user_id from session: user_3AhnQJV5XslRK9dMtMXyCieGbiA
[16-Mar-2026 10:51:48 UTC] Pages API - Using clerk_user_id: user_3AhnQJV5XslRK9dMtMXyCieGbiA
[16-Mar-2026 10:51:48 UTC] Pages API - Using clerk_user_id: user_3AhnQJV5XslRK9dMtMXyCieGbiA
[16-Mar-2026 10:51:48 UTC] MySQL select query: SELECT `id` FROM `users` WHERE `clerk_user_id` = :where_clerk_user_id_0
[16-Mar-2026 10:51:48 UTC] MySQL select params: {"where_clerk_user_id_0":"user_3AhnQJV5XslRK9dMtMXyCieGbiA"}
[16-Mar-2026 10:51:48 UTC] MySQL select returned 1 rows
[16-Mar-2026 10:51:48 UTC] getUserIdFromClerkId - Query result: [{"id":2}]
[16-Mar-2026 10:51:48 UTC] Pages API - User ID from database: 2
[16-Mar-2026 10:51:48 UTC] Pages API - Success! User ID: 2
[16-Mar-2026 10:51:48 UTC] MySQL select query: SELECT `id`, `updated_at` FROM `user_pages` WHERE `id` = :where_id_0 AND `user_id` = :where_user_id_1
[16-Mar-2026 10:51:48 UTC] MySQL select params: {"where_id_0":"5af95f14-2120-11f1-bfcb-d85ed359730c","where_user_id_1":2}
[16-Mar-2026 10:51:48 UTC] MySQL select returned 1 rows
[16-Mar-2026 10:51:48 UTC] MySQL update query: UPDATE `user_pages` SET `title` = :title, `data` = :data, `last_accessed` = :last_accessed, `updated_at` = :updated_at WHERE `id` = :where_id_0 AND `user_id` = :where_user_id_1
[16-Mar-2026 10:51:48 UTC] MySQL update params: {"title":"propage","data":"{\"fullHtml\":\"\\n                <!-- NAV -->\\n    <...[truncated]","last_accessed":"2026-03-16 10:51:48","updated_at":"2026-03-16 10:51:48","where_id_0":"5af95f14-2120-11f1-bfcb-d85ed359730c","where_user_id_1":2}
[16-Mar-2026 10:51:48 UTC] MySQL update affected rows: 1
[16-Mar-2026 10:51:48 UTC] MySQL select query: SELECT * FROM `user_pages` WHERE `id` = :where_id_0 AND `user_id` = :where_user_id_1
[16-Mar-2026 10:51:48 UTC] MySQL select params: {"where_id_0":"5af95f14-2120-11f1-bfcb-d85ed359730c","where_user_id_1":2}
[16-Mar-2026 10:51:48 UTC] MySQL select returned 1 rows
[16-Mar-2026 10:51:51 UTC] Pages API - Incoming request - Method: PUT, Payload size: 47,088 bytes (45.98 KB)
[16-Mar-2026 10:51:51 UTC] Pages API - Method: PUT
[16-Mar-2026 10:51:51 UTC] Pages API - clerk_user_id from request: user_3AhnQJV5XslRK9dMtMXyCieGbiA
[16-Mar-2026 10:51:51 UTC] Pages API - clerk_user_id from session: user_3AhnQJV5XslRK9dMtMXyCieGbiA
[16-Mar-2026 10:51:51 UTC] Pages API - Using clerk_user_id: user_3AhnQJV5XslRK9dMtMXyCieGbiA
[16-Mar-2026 10:51:51 UTC] Pages API - Using clerk_user_id: user_3AhnQJV5XslRK9dMtMXyCieGbiA
[16-Mar-2026 10:51:51 UTC] MySQL select query: SELECT `id` FROM `users` WHERE `clerk_user_id` = :where_clerk_user_id_0
[16-Mar-2026 10:51:51 UTC] MySQL select params: {"where_clerk_user_id_0":"user_3AhnQJV5XslRK9dMtMXyCieGbiA"}
[16-Mar-2026 10:51:51 UTC] MySQL select returned 1 rows
[16-Mar-2026 10:51:51 UTC] getUserIdFromClerkId - Query result: [{"id":2}]
[16-Mar-2026 10:51:51 UTC] Pages API - User ID from database: 2
[16-Mar-2026 10:51:51 UTC] Pages API - Success! User ID: 2
[16-Mar-2026 10:51:51 UTC] MySQL select query: SELECT `id`, `updated_at` FROM `user_pages` WHERE `id` = :where_id_0 AND `user_id` = :where_user_id_1
[16-Mar-2026 10:51:51 UTC] MySQL select params: {"where_id_0":"5af95f14-2120-11f1-bfcb-d85ed359730c","where_user_id_1":2}
[16-Mar-2026 10:51:51 UTC] MySQL select returned 1 rows
[16-Mar-2026 10:51:51 UTC] MySQL update query: UPDATE `user_pages` SET `title` = :title, `data` = :data, `last_accessed` = :last_accessed, `updated_at` = :updated_at WHERE `id` = :where_id_0 AND `user_id` = :where_user_id_1
[16-Mar-2026 10:51:51 UTC] MySQL update params: {"title":"propage","data":"{\"fullHtml\":\"\\n                <!-- NAV -->\\n    <...[truncated]","last_accessed":"2026-03-16 10:51:51","updated_at":"2026-03-16 10:51:51","where_id_0":"5af95f14-2120-11f1-bfcb-d85ed359730c","where_user_id_1":2}
[16-Mar-2026 10:51:51 UTC] MySQL update affected rows: 1
[16-Mar-2026 10:51:51 UTC] MySQL select query: SELECT * FROM `user_pages` WHERE `id` = :where_id_0 AND `user_id` = :where_user_id_1
[16-Mar-2026 10:51:51 UTC] MySQL select params: {"where_id_0":"5af95f14-2120-11f1-bfcb-d85ed359730c","where_user_id_1":2}
[16-Mar-2026 10:51:51 UTC] MySQL select returned 1 rows
[16-Mar-2026 10:54:21 UTC] Pages API - Incoming request - Method: PUT, Payload size: 47,112 bytes (46.01 KB)
[16-Mar-2026 10:54:21 UTC] Pages API - Method: PUT
[16-Mar-2026 10:54:21 UTC] Pages API - clerk_user_id from request: user_3AhnQJV5XslRK9dMtMXyCieGbiA
[16-Mar-2026 10:54:21 UTC] Pages API - clerk_user_id from session: user_3AhnQJV5XslRK9dMtMXyCieGbiA
[16-Mar-2026 10:54:21 UTC] Pages API - Using clerk_user_id: user_3AhnQJV5XslRK9dMtMXyCieGbiA
[16-Mar-2026 10:54:21 UTC] Pages API - Using clerk_user_id: user_3AhnQJV5XslRK9dMtMXyCieGbiA
[16-Mar-2026 10:54:21 UTC] MySQL select query: SELECT `id` FROM `users` WHERE `clerk_user_id` = :where_clerk_user_id_0
[16-Mar-2026 10:54:21 UTC] MySQL select params: {"where_clerk_user_id_0":"user_3AhnQJV5XslRK9dMtMXyCieGbiA"}
[16-Mar-2026 10:54:21 UTC] MySQL select returned 1 rows
[16-Mar-2026 10:54:21 UTC] getUserIdFromClerkId - Query result: [{"id":2}]
[16-Mar-2026 10:54:21 UTC] Pages API - User ID from database: 2
[16-Mar-2026 10:54:21 UTC] Pages API - Success! User ID: 2
[16-Mar-2026 10:54:21 UTC] MySQL select query: SELECT `id`, `updated_at` FROM `user_pages` WHERE `id` = :where_id_0 AND `user_id` = :where_user_id_1
[16-Mar-2026 10:54:21 UTC] MySQL select params: {"where_id_0":"5af95f14-2120-11f1-bfcb-d85ed359730c","where_user_id_1":2}
[16-Mar-2026 10:54:21 UTC] MySQL select returned 1 rows
[16-Mar-2026 10:54:21 UTC] MySQL update query: UPDATE `user_pages` SET `title` = :title, `data` = :data, `last_accessed` = :last_accessed, `updated_at` = :updated_at WHERE `id` = :where_id_0 AND `user_id` = :where_user_id_1
[16-Mar-2026 10:54:21 UTC] MySQL update params: {"title":"propage","data":"{\"fullHtml\":\"\\n                <!-- NAV -->\\n    <...[truncated]","last_accessed":"2026-03-16 10:54:21","updated_at":"2026-03-16 10:54:21","where_id_0":"5af95f14-2120-11f1-bfcb-d85ed359730c","where_user_id_1":2}
[16-Mar-2026 10:54:21 UTC] MySQL update affected rows: 1
[16-Mar-2026 10:54:21 UTC] MySQL select query: SELECT * FROM `user_pages` WHERE `id` = :where_id_0 AND `user_id` = :where_user_id_1
[16-Mar-2026 10:54:21 UTC] MySQL select params: {"where_id_0":"5af95f14-2120-11f1-bfcb-d85ed359730c","where_user_id_1":2}
[16-Mar-2026 10:54:21 UTC] MySQL select returned 1 rows
[16-Mar-2026 10:54:29 UTC] Pages API - Incoming request - Method: PUT, Payload size: 46,865 bytes (45.77 KB)
[16-Mar-2026 10:54:29 UTC] Pages API - Method: PUT
[16-Mar-2026 10:54:29 UTC] Pages API - clerk_user_id from request: user_3AhnQJV5XslRK9dMtMXyCieGbiA
[16-Mar-2026 10:54:29 UTC] Pages API - clerk_user_id from session: user_3AhnQJV5XslRK9dMtMXyCieGbiA
[16-Mar-2026 10:54:29 UTC] Pages API - Using clerk_user_id: user_3AhnQJV5XslRK9dMtMXyCieGbiA
[16-Mar-2026 10:54:29 UTC] Pages API - Using clerk_user_id: user_3AhnQJV5XslRK9dMtMXyCieGbiA
[16-Mar-2026 10:54:29 UTC] MySQL select query: SELECT `id` FROM `users` WHERE `clerk_user_id` = :where_clerk_user_id_0
[16-Mar-2026 10:54:29 UTC] MySQL select params: {"where_clerk_user_id_0":"user_3AhnQJV5XslRK9dMtMXyCieGbiA"}
[16-Mar-2026 10:54:29 UTC] MySQL select returned 1 rows
[16-Mar-2026 10:54:29 UTC] getUserIdFromClerkId - Query result: [{"id":2}]
[16-Mar-2026 10:54:29 UTC] Pages API - User ID from database: 2
[16-Mar-2026 10:54:29 UTC] Pages API - Success! User ID: 2
[16-Mar-2026 10:54:29 UTC] MySQL select query: SELECT `id`, `updated_at` FROM `user_pages` WHERE `id` = :where_id_0 AND `user_id` = :where_user_id_1
[16-Mar-2026 10:54:29 UTC] MySQL select params: {"where_id_0":"5af95f14-2120-11f1-bfcb-d85ed359730c","where_user_id_1":2}
[16-Mar-2026 10:54:29 UTC] MySQL select returned 1 rows
[16-Mar-2026 10:54:29 UTC] MySQL update query: UPDATE `user_pages` SET `title` = :title, `data` = :data, `last_accessed` = :last_accessed, `updated_at` = :updated_at WHERE `id` = :where_id_0 AND `user_id` = :where_user_id_1
[16-Mar-2026 10:54:29 UTC] MySQL update params: {"title":"propage","data":"{\"fullHtml\":\"\\n                <!-- NAV -->\\n    <...[truncated]","last_accessed":"2026-03-16 10:54:29","updated_at":"2026-03-16 10:54:29","where_id_0":"5af95f14-2120-11f1-bfcb-d85ed359730c","where_user_id_1":2}
[16-Mar-2026 10:54:29 UTC] MySQL update affected rows: 1
[16-Mar-2026 10:54:29 UTC] MySQL select query: SELECT * FROM `user_pages` WHERE `id` = :where_id_0 AND `user_id` = :where_user_id_1
[16-Mar-2026 10:54:29 UTC] MySQL select params: {"where_id_0":"5af95f14-2120-11f1-bfcb-d85ed359730c","where_user_id_1":2}
[16-Mar-2026 10:54:29 UTC] MySQL select returned 1 rows
[16-Mar-2026 10:56:52 UTC] Successfully loaded .env from: C:\Users\Pablo\Documents\GitHub\nine-screen-canvas-flow/.env
[16-Mar-2026 10:56:52 UTC] syncClerkSession - Refreshing paid status for: ptrigol@gmail.com
[16-Mar-2026 10:56:52 UTC] Purchases database connection failed: SQLSTATE[HY000] [1045] Access denied for user 'alvarotrigo_alvarotrigo'@'79.117.116.182' (using password: YES)
[16-Mar-2026 10:56:52 UTC] Attempted connection to: host=nocn.noc-n.com, dbname=alvarotrigo_alvarotrigo, user=alvarotrigo_alvarotrigo
[16-Mar-2026 10:56:52 UTC] Error checking user paid status: Purchases database connection failed: SQLSTATE[HY000] [1045] Access denied for user 'alvarotrigo_alvarotrigo'@'79.117.116.182' (using password: YES)
[16-Mar-2026 10:56:52 UTC] MySQL select query: SELECT * FROM `users` WHERE `email` = :where_email_0 AND `pro_status_source` = :where_pro_status_source_1
[16-Mar-2026 10:56:52 UTC] MySQL select params: {"where_email_0":"ptrigol@gmail.com","where_pro_status_source_1":"polar"}
[16-Mar-2026 10:56:52 UTC] MySQL select returned 0 rows
[16-Mar-2026 10:56:52 UTC] MySQL select query: SELECT * FROM `subscriptions` WHERE `customer_email` = :where_customer_email_0 AND `status` = :where_status_1
[16-Mar-2026 10:56:52 UTC] MySQL select params: {"where_customer_email_0":"ptrigol@gmail.com","where_status_1":"active"}
[16-Mar-2026 10:56:52 UTC] MySQL select returned 0 rows
[16-Mar-2026 10:56:52 UTC] syncClerkSession - Paid status refreshed: is_paid=false
[16-Mar-2026 10:56:52 UTC] MySQL select query: SELECT `id` FROM `users` WHERE `clerk_user_id` = :where_clerk_user_id_0
[16-Mar-2026 10:56:52 UTC] MySQL select params: {"where_clerk_user_id_0":"user_3AhnQJV5XslRK9dMtMXyCieGbiA"}
[16-Mar-2026 10:56:52 UTC] MySQL select returned 1 rows
[16-Mar-2026 10:56:52 UTC] MySQL select query: SELECT * FROM `user_pages` WHERE `id` = :where_id_0 AND `user_id` = :where_user_id_1
[16-Mar-2026 10:56:52 UTC] MySQL select params: {"where_id_0":"5af95f14-2120-11f1-bfcb-d85ed359730c","where_user_id_1":2}
[16-Mar-2026 10:56:52 UTC] MySQL select returned 1 rows
[16-Mar-2026 10:56:53 UTC] Domain API - action=suggest, clerk_user_id=user_3AhnQJV5XslRK9dMtMXyCieGbiA
[16-Mar-2026 10:56:54 UTC] Pages API - Incoming request - Method: GET, Payload size: 0 bytes (0 KB)
[16-Mar-2026 10:56:54 UTC] Pages API - Method: GET
[16-Mar-2026 10:56:54 UTC] Pages API - clerk_user_id from request: null
[16-Mar-2026 10:56:54 UTC] Pages API - clerk_user_id from session: user_3AhnQJV5XslRK9dMtMXyCieGbiA
[16-Mar-2026 10:56:54 UTC] Pages API - Using clerk_user_id: user_3AhnQJV5XslRK9dMtMXyCieGbiA
[16-Mar-2026 10:56:54 UTC] Pages API - Using clerk_user_id: user_3AhnQJV5XslRK9dMtMXyCieGbiA
[16-Mar-2026 10:56:54 UTC] MySQL select query: SELECT `id` FROM `users` WHERE `clerk_user_id` = :where_clerk_user_id_0
[16-Mar-2026 10:56:54 UTC] MySQL select params: {"where_clerk_user_id_0":"user_3AhnQJV5XslRK9dMtMXyCieGbiA"}
[16-Mar-2026 10:56:54 UTC] MySQL select returned 1 rows
[16-Mar-2026 10:56:54 UTC] getUserIdFromClerkId - Query result: [{"id":2}]
[16-Mar-2026 10:56:54 UTC] Pages API - User ID from database: 2
[16-Mar-2026 10:56:54 UTC] Pages API - Success! User ID: 2
[16-Mar-2026 10:56:54 UTC] MySQL select query: SELECT `id`, `title`, `thumbnail_url`, `is_favorite`, `is_public`, `share_token`, `share_slug`, `last_accessed`, `created_at`, `updated_at` FROM `user_pages` WHERE `user_id` = :where_user_id_0 ORDER BY COALESCE(`last_accessed`, '1970-01-01 00:00:00') DESC
[16-Mar-2026 10:56:54 UTC] MySQL select params: {"where_user_id_0":2}
[16-Mar-2026 10:56:54 UTC] MySQL select returned 5 rows
[16-Mar-2026 10:57:04 UTC] Successfully loaded .env from: C:\Users\Pablo\Documents\GitHub\nine-screen-canvas-flow/.env
[16-Mar-2026 10:57:04 UTC] MySQL select query: SELECT `id` FROM `users` WHERE `clerk_user_id` = :where_clerk_user_id_0
[16-Mar-2026 10:57:04 UTC] MySQL select params: {"where_clerk_user_id_0":"user_3AhnQJV5XslRK9dMtMXyCieGbiA"}
[16-Mar-2026 10:57:04 UTC] MySQL select returned 1 rows
[16-Mar-2026 10:57:04 UTC] MySQL select query: SELECT * FROM `user_pages` WHERE `id` = :where_id_0 AND `user_id` = :where_user_id_1
[16-Mar-2026 10:57:04 UTC] MySQL select params: {"where_id_0":"5af95f14-2120-11f1-bfcb-d85ed359730c","where_user_id_1":2}
[16-Mar-2026 10:57:04 UTC] MySQL select returned 1 rows
[16-Mar-2026 10:57:04 UTC] Domain API - action=suggest, clerk_user_id=user_3AhnQJV5XslRK9dMtMXyCieGbiA
[16-Mar-2026 10:57:05 UTC] Pages API - Incoming request - Method: GET, Payload size: 0 bytes (0 KB)
[16-Mar-2026 10:57:05 UTC] Pages API - Method: GET
[16-Mar-2026 10:57:05 UTC] Pages API - clerk_user_id from request: null
[16-Mar-2026 10:57:05 UTC] Pages API - clerk_user_id from session: user_3AhnQJV5XslRK9dMtMXyCieGbiA
[16-Mar-2026 10:57:05 UTC] Pages API - Using clerk_user_id: user_3AhnQJV5XslRK9dMtMXyCieGbiA
[16-Mar-2026 10:57:05 UTC] Pages API - Using clerk_user_id: user_3AhnQJV5XslRK9dMtMXyCieGbiA
[16-Mar-2026 10:57:05 UTC] MySQL select query: SELECT `id` FROM `users` WHERE `clerk_user_id` = :where_clerk_user_id_0
[16-Mar-2026 10:57:05 UTC] MySQL select params: {"where_clerk_user_id_0":"user_3AhnQJV5XslRK9dMtMXyCieGbiA"}
[16-Mar-2026 10:57:05 UTC] MySQL select returned 1 rows
[16-Mar-2026 10:57:05 UTC] getUserIdFromClerkId - Query result: [{"id":2}]
[16-Mar-2026 10:57:05 UTC] Pages API - User ID from database: 2
[16-Mar-2026 10:57:05 UTC] Pages API - Success! User ID: 2
[16-Mar-2026 10:57:05 UTC] MySQL select query: SELECT `id`, `title`, `thumbnail_url`, `is_favorite`, `is_public`, `share_token`, `share_slug`, `last_accessed`, `created_at`, `updated_at` FROM `user_pages` WHERE `user_id` = :where_user_id_0 ORDER BY COALESCE(`last_accessed`, '1970-01-01 00:00:00') DESC
[16-Mar-2026 10:57:05 UTC] MySQL select params: {"where_user_id_0":2}
[16-Mar-2026 10:57:05 UTC] MySQL select returned 5 rows
[16-Mar-2026 10:57:12 UTC] Pages API - Incoming request - Method: GET, Payload size: 0 bytes (0 KB)
[16-Mar-2026 10:57:12 UTC] Pages API - Method: GET
[16-Mar-2026 10:57:12 UTC] Pages API - clerk_user_id from request: null
[16-Mar-2026 10:57:12 UTC] Pages API - clerk_user_id from session: user_3AhnQJV5XslRK9dMtMXyCieGbiA
[16-Mar-2026 10:57:12 UTC] Pages API - Using clerk_user_id: user_3AhnQJV5XslRK9dMtMXyCieGbiA
[16-Mar-2026 10:57:12 UTC] Pages API - Using clerk_user_id: user_3AhnQJV5XslRK9dMtMXyCieGbiA
[16-Mar-2026 10:57:12 UTC] MySQL select query: SELECT `id` FROM `users` WHERE `clerk_user_id` = :where_clerk_user_id_0
[16-Mar-2026 10:57:12 UTC] MySQL select params: {"where_clerk_user_id_0":"user_3AhnQJV5XslRK9dMtMXyCieGbiA"}
[16-Mar-2026 10:57:12 UTC] MySQL select returned 1 rows
[16-Mar-2026 10:57:12 UTC] getUserIdFromClerkId - Query result: [{"id":2}]
[16-Mar-2026 10:57:12 UTC] Pages API - User ID from database: 2
[16-Mar-2026 10:57:12 UTC] Pages API - Success! User ID: 2
[16-Mar-2026 10:57:12 UTC] MySQL select query: SELECT `id`, `title`, `thumbnail_url`, `is_favorite`, `is_public`, `share_token`, `share_slug`, `last_accessed`, `created_at`, `updated_at` FROM `user_pages` WHERE `user_id` = :where_user_id_0 ORDER BY COALESCE(`last_accessed`, '1970-01-01 00:00:00') DESC
[16-Mar-2026 10:57:12 UTC] MySQL select params: {"where_user_id_0":2}
[16-Mar-2026 10:57:12 UTC] MySQL select returned 5 rows
[16-Mar-2026 10:57:13 UTC] Pages API - Incoming request - Method: GET, Payload size: 0 bytes (0 KB)
[16-Mar-2026 10:57:13 UTC] Pages API - Method: GET
[16-Mar-2026 10:57:13 UTC] Pages API - clerk_user_id from request: null
[16-Mar-2026 10:57:13 UTC] Pages API - clerk_user_id from session: user_3AhnQJV5XslRK9dMtMXyCieGbiA
[16-Mar-2026 10:57:13 UTC] Pages API - Using clerk_user_id: user_3AhnQJV5XslRK9dMtMXyCieGbiA
[16-Mar-2026 10:57:13 UTC] Pages API - Using clerk_user_id: user_3AhnQJV5XslRK9dMtMXyCieGbiA
[16-Mar-2026 10:57:13 UTC] MySQL select query: SELECT `id` FROM `users` WHERE `clerk_user_id` = :where_clerk_user_id_0
[16-Mar-2026 10:57:13 UTC] MySQL select params: {"where_clerk_user_id_0":"user_3AhnQJV5XslRK9dMtMXyCieGbiA"}
[16-Mar-2026 10:57:13 UTC] MySQL select returned 1 rows
[16-Mar-2026 10:57:13 UTC] getUserIdFromClerkId - Query result: [{"id":2}]
[16-Mar-2026 10:57:13 UTC] Pages API - User ID from database: 2
[16-Mar-2026 10:57:13 UTC] Pages API - Success! User ID: 2
[16-Mar-2026 10:57:13 UTC] MySQL select query: SELECT `id`, `title`, `thumbnail_url`, `is_favorite`, `is_public`, `share_token`, `share_slug`, `last_accessed`, `created_at`, `updated_at` FROM `user_pages` WHERE `user_id` = :where_user_id_0 ORDER BY COALESCE(`last_accessed`, '1970-01-01 00:00:00') DESC
[16-Mar-2026 10:57:13 UTC] MySQL select params: {"where_user_id_0":2}
[16-Mar-2026 10:57:13 UTC] MySQL select returned 5 rows
[16-Mar-2026 10:57:18 UTC] Domain API - action=suggest, clerk_user_id=user_3AhnQJV5XslRK9dMtMXyCieGbiA
[16-Mar-2026 10:57:19 UTC] Pages API - Incoming request - Method: POST, Payload size: 224 bytes (0.22 KB)
[16-Mar-2026 10:57:19 UTC] Pages API - Method: POST
[16-Mar-2026 10:57:19 UTC] Pages API - clerk_user_id from request: user_3AhnQJV5XslRK9dMtMXyCieGbiA
[16-Mar-2026 10:57:19 UTC] Pages API - clerk_user_id from session: user_3AhnQJV5XslRK9dMtMXyCieGbiA
[16-Mar-2026 10:57:19 UTC] Pages API - Using clerk_user_id: user_3AhnQJV5XslRK9dMtMXyCieGbiA
[16-Mar-2026 10:57:19 UTC] Pages API - Using clerk_user_id: user_3AhnQJV5XslRK9dMtMXyCieGbiA
[16-Mar-2026 10:57:19 UTC] MySQL select query: SELECT `id` FROM `users` WHERE `clerk_user_id` = :where_clerk_user_id_0
[16-Mar-2026 10:57:19 UTC] MySQL select params: {"where_clerk_user_id_0":"user_3AhnQJV5XslRK9dMtMXyCieGbiA"}
[16-Mar-2026 10:57:19 UTC] MySQL select returned 1 rows
[16-Mar-2026 10:57:19 UTC] getUserIdFromClerkId - Query result: [{"id":2}]
[16-Mar-2026 10:57:19 UTC] Pages API - User ID from database: 2
[16-Mar-2026 10:57:19 UTC] Pages API - Success! User ID: 2
[16-Mar-2026 10:57:19 UTC] Pages API POST - action='create', input_keys=action,title,data,clerk_user_id, raw_snippet={"action":"create","title":"prueba","data":{"fullHtml":"","theme":"theme-light-minimal","fullpageEnabled":false,"animati
[16-Mar-2026 10:57:19 UTC] MySQL select query: SELECT * FROM `user_pages` WHERE `id` = :where_id_0
[16-Mar-2026 10:57:19 UTC] MySQL select params: {"where_id_0":"e6f4a472-2126-11f1-bfcb-d85ed359730c"}
[16-Mar-2026 10:57:19 UTC] MySQL select returned 1 rows
[16-Mar-2026 10:57:19 UTC] Pages API - Incoming request - Method: GET, Payload size: 0 bytes (0 KB)
[16-Mar-2026 10:57:19 UTC] Pages API - Method: GET
[16-Mar-2026 10:57:19 UTC] Pages API - clerk_user_id from request: null
[16-Mar-2026 10:57:19 UTC] Pages API - clerk_user_id from session: user_3AhnQJV5XslRK9dMtMXyCieGbiA
[16-Mar-2026 10:57:19 UTC] Pages API - Using clerk_user_id: user_3AhnQJV5XslRK9dMtMXyCieGbiA
[16-Mar-2026 10:57:19 UTC] Pages API - Using clerk_user_id: user_3AhnQJV5XslRK9dMtMXyCieGbiA
[16-Mar-2026 10:57:19 UTC] MySQL select query: SELECT `id` FROM `users` WHERE `clerk_user_id` = :where_clerk_user_id_0
[16-Mar-2026 10:57:19 UTC] MySQL select params: {"where_clerk_user_id_0":"user_3AhnQJV5XslRK9dMtMXyCieGbiA"}
[16-Mar-2026 10:57:19 UTC] MySQL select returned 1 rows
[16-Mar-2026 10:57:19 UTC] getUserIdFromClerkId - Query result: [{"id":2}]
[16-Mar-2026 10:57:19 UTC] Pages API - User ID from database: 2
[16-Mar-2026 10:57:19 UTC] Pages API - Success! User ID: 2
[16-Mar-2026 10:57:19 UTC] MySQL select query: SELECT `id`, `title`, `thumbnail_url`, `is_favorite`, `is_public`, `share_token`, `share_slug`, `last_accessed`, `created_at`, `updated_at` FROM `user_pages` WHERE `user_id` = :where_user_id_0 ORDER BY COALESCE(`last_accessed`, '1970-01-01 00:00:00') DESC
[16-Mar-2026 10:57:19 UTC] MySQL select params: {"where_user_id_0":2}
[16-Mar-2026 10:57:19 UTC] MySQL select returned 6 rows
[16-Mar-2026 10:57:20 UTC] Pages API - Incoming request - Method: GET, Payload size: 0 bytes (0 KB)
[16-Mar-2026 10:57:20 UTC] Pages API - Method: GET
[16-Mar-2026 10:57:20 UTC] Pages API - clerk_user_id from request: null
[16-Mar-2026 10:57:20 UTC] Pages API - clerk_user_id from session: user_3AhnQJV5XslRK9dMtMXyCieGbiA
[16-Mar-2026 10:57:20 UTC] Pages API - Using clerk_user_id: user_3AhnQJV5XslRK9dMtMXyCieGbiA
[16-Mar-2026 10:57:20 UTC] Pages API - Using clerk_user_id: user_3AhnQJV5XslRK9dMtMXyCieGbiA
[16-Mar-2026 10:57:20 UTC] MySQL select query: SELECT `id` FROM `users` WHERE `clerk_user_id` = :where_clerk_user_id_0
[16-Mar-2026 10:57:20 UTC] MySQL select params: {"where_clerk_user_id_0":"user_3AhnQJV5XslRK9dMtMXyCieGbiA"}
[16-Mar-2026 10:57:20 UTC] MySQL select returned 1 rows
[16-Mar-2026 10:57:20 UTC] getUserIdFromClerkId - Query result: [{"id":2}]
[16-Mar-2026 10:57:20 UTC] Pages API - User ID from database: 2
[16-Mar-2026 10:57:20 UTC] Pages API - Success! User ID: 2
[16-Mar-2026 10:57:20 UTC] MySQL select query: SELECT `id`, `title`, `thumbnail_url`, `is_favorite`, `is_public`, `share_token`, `share_slug`, `last_accessed`, `created_at`, `updated_at` FROM `user_pages` WHERE `user_id` = :where_user_id_0 ORDER BY COALESCE(`last_accessed`, '1970-01-01 00:00:00') DESC
[16-Mar-2026 10:57:20 UTC] MySQL select params: {"where_user_id_0":2}
[16-Mar-2026 10:57:20 UTC] MySQL select returned 6 rows
[16-Mar-2026 10:57:20 UTC] Pages API - Incoming request - Method: PUT, Payload size: 48,455 bytes (47.32 KB)
[16-Mar-2026 10:57:20 UTC] Pages API - Method: PUT
[16-Mar-2026 10:57:20 UTC] Pages API - clerk_user_id from request: user_3AhnQJV5XslRK9dMtMXyCieGbiA
[16-Mar-2026 10:57:20 UTC] Pages API - clerk_user_id from session: user_3AhnQJV5XslRK9dMtMXyCieGbiA
[16-Mar-2026 10:57:20 UTC] Pages API - Using clerk_user_id: user_3AhnQJV5XslRK9dMtMXyCieGbiA
[16-Mar-2026 10:57:20 UTC] Pages API - Using clerk_user_id: user_3AhnQJV5XslRK9dMtMXyCieGbiA
[16-Mar-2026 10:57:20 UTC] MySQL select query: SELECT `id` FROM `users` WHERE `clerk_user_id` = :where_clerk_user_id_0
[16-Mar-2026 10:57:20 UTC] MySQL select params: {"where_clerk_user_id_0":"user_3AhnQJV5XslRK9dMtMXyCieGbiA"}
[16-Mar-2026 10:57:20 UTC] MySQL select returned 1 rows
[16-Mar-2026 10:57:20 UTC] getUserIdFromClerkId - Query result: [{"id":2}]
[16-Mar-2026 10:57:20 UTC] Pages API - User ID from database: 2
[16-Mar-2026 10:57:20 UTC] Pages API - Success! User ID: 2
[16-Mar-2026 10:57:20 UTC] MySQL select query: SELECT `id`, `updated_at` FROM `user_pages` WHERE `id` = :where_id_0 AND `user_id` = :where_user_id_1
[16-Mar-2026 10:57:20 UTC] MySQL select params: {"where_id_0":"e6f4a472-2126-11f1-bfcb-d85ed359730c","where_user_id_1":2}
[16-Mar-2026 10:57:20 UTC] MySQL select returned 1 rows
[16-Mar-2026 10:57:20 UTC] MySQL update query: UPDATE `user_pages` SET `title` = :title, `data` = :data, `last_accessed` = :last_accessed, `updated_at` = :updated_at WHERE `id` = :where_id_0 AND `user_id` = :where_user_id_1
[16-Mar-2026 10:57:20 UTC] MySQL update params: {"title":"prueba","data":"{\"fullHtml\":\"\\n                <!-- NAV -->\\n    <...[truncated]","last_accessed":"2026-03-16 10:57:20","updated_at":"2026-03-16 10:57:20","where_id_0":"e6f4a472-2126-11f1-bfcb-d85ed359730c","where_user_id_1":2}
[16-Mar-2026 10:57:20 UTC] MySQL update affected rows: 1
[16-Mar-2026 10:57:20 UTC] MySQL select query: SELECT * FROM `user_pages` WHERE `id` = :where_id_0 AND `user_id` = :where_user_id_1
[16-Mar-2026 10:57:20 UTC] MySQL select params: {"where_id_0":"e6f4a472-2126-11f1-bfcb-d85ed359730c","where_user_id_1":2}
[16-Mar-2026 10:57:20 UTC] MySQL select returned 1 rows
[16-Mar-2026 10:58:26 UTC] Successfully loaded .env from: C:\Users\Pablo\Documents\GitHub\nine-screen-canvas-flow/.env
[16-Mar-2026 10:58:26 UTC] MySQL select query: SELECT `id` FROM `users` WHERE `clerk_user_id` = :where_clerk_user_id_0
[16-Mar-2026 10:58:26 UTC] MySQL select params: {"where_clerk_user_id_0":"user_3AhnQJV5XslRK9dMtMXyCieGbiA"}
[16-Mar-2026 10:58:26 UTC] MySQL select returned 1 rows
[16-Mar-2026 10:58:26 UTC] MySQL select query: SELECT * FROM `user_pages` WHERE `id` = :where_id_0 AND `user_id` = :where_user_id_1
[16-Mar-2026 10:58:26 UTC] MySQL select params: {"where_id_0":"5af95f14-2120-11f1-bfcb-d85ed359730c","where_user_id_1":2}
[16-Mar-2026 10:58:26 UTC] MySQL select returned 1 rows
[16-Mar-2026 10:58:27 UTC] Pages API - Incoming request - Method: GET, Payload size: 0 bytes (0 KB)
[16-Mar-2026 10:58:27 UTC] Pages API - Method: GET
[16-Mar-2026 10:58:27 UTC] Pages API - clerk_user_id from request: null
[16-Mar-2026 10:58:27 UTC] Pages API - clerk_user_id from session: user_3AhnQJV5XslRK9dMtMXyCieGbiA
[16-Mar-2026 10:58:27 UTC] Pages API - Using clerk_user_id: user_3AhnQJV5XslRK9dMtMXyCieGbiA
[16-Mar-2026 10:58:27 UTC] Pages API - Using clerk_user_id: user_3AhnQJV5XslRK9dMtMXyCieGbiA
[16-Mar-2026 10:58:27 UTC] MySQL select query: SELECT `id` FROM `users` WHERE `clerk_user_id` = :where_clerk_user_id_0
[16-Mar-2026 10:58:27 UTC] MySQL select params: {"where_clerk_user_id_0":"user_3AhnQJV5XslRK9dMtMXyCieGbiA"}
[16-Mar-2026 10:58:27 UTC] MySQL select returned 1 rows
[16-Mar-2026 10:58:27 UTC] getUserIdFromClerkId - Query result: [{"id":2}]
[16-Mar-2026 10:58:27 UTC] Pages API - User ID from database: 2
[16-Mar-2026 10:58:27 UTC] Pages API - Success! User ID: 2
[16-Mar-2026 10:58:27 UTC] MySQL select query: SELECT `id`, `title`, `thumbnail_url`, `is_favorite`, `is_public`, `share_token`, `share_slug`, `last_accessed`, `created_at`, `updated_at` FROM `user_pages` WHERE `user_id` = :where_user_id_0 ORDER BY COALESCE(`last_accessed`, '1970-01-01 00:00:00') DESC
[16-Mar-2026 10:58:27 UTC] MySQL select params: {"where_user_id_0":2}
[16-Mar-2026 10:58:27 UTC] MySQL select returned 6 rows
[16-Mar-2026 10:58:39 UTC] Successfully loaded .env from: C:\Users\Pablo\Documents\GitHub\nine-screen-canvas-flow/.env
[16-Mar-2026 10:58:39 UTC] MySQL select query: SELECT `id` FROM `users` WHERE `clerk_user_id` = :where_clerk_user_id_0
[16-Mar-2026 10:58:39 UTC] MySQL select params: {"where_clerk_user_id_0":"user_3AhnQJV5XslRK9dMtMXyCieGbiA"}
[16-Mar-2026 10:58:39 UTC] MySQL select returned 1 rows
[16-Mar-2026 10:58:39 UTC] MySQL select query: SELECT * FROM `user_pages` WHERE `id` = :where_id_0 AND `user_id` = :where_user_id_1
[16-Mar-2026 10:58:39 UTC] MySQL select params: {"where_id_0":"5af95f14-2120-11f1-bfcb-d85ed359730c","where_user_id_1":2}
[16-Mar-2026 10:58:39 UTC] MySQL select returned 1 rows
[16-Mar-2026 10:58:40 UTC] Pages API - Incoming request - Method: GET, Payload size: 0 bytes (0 KB)
[16-Mar-2026 10:58:40 UTC] Pages API - Method: GET
[16-Mar-2026 10:58:40 UTC] Pages API - clerk_user_id from request: null
[16-Mar-2026 10:58:40 UTC] Pages API - clerk_user_id from session: user_3AhnQJV5XslRK9dMtMXyCieGbiA
[16-Mar-2026 10:58:40 UTC] Pages API - Using clerk_user_id: user_3AhnQJV5XslRK9dMtMXyCieGbiA
[16-Mar-2026 10:58:40 UTC] Pages API - Using clerk_user_id: user_3AhnQJV5XslRK9dMtMXyCieGbiA
[16-Mar-2026 10:58:40 UTC] MySQL select query: SELECT `id` FROM `users` WHERE `clerk_user_id` = :where_clerk_user_id_0
[16-Mar-2026 10:58:40 UTC] MySQL select params: {"where_clerk_user_id_0":"user_3AhnQJV5XslRK9dMtMXyCieGbiA"}
[16-Mar-2026 10:58:40 UTC] MySQL select returned 1 rows
[16-Mar-2026 10:58:40 UTC] getUserIdFromClerkId - Query result: [{"id":2}]
[16-Mar-2026 10:58:40 UTC] Pages API - User ID from database: 2
[16-Mar-2026 10:58:40 UTC] Pages API - Success! User ID: 2
[16-Mar-2026 10:58:40 UTC] MySQL select query: SELECT `id`, `title`, `thumbnail_url`, `is_favorite`, `is_public`, `share_token`, `share_slug`, `last_accessed`, `created_at`, `updated_at` FROM `user_pages` WHERE `user_id` = :where_user_id_0 ORDER BY COALESCE(`last_accessed`, '1970-01-01 00:00:00') DESC
[16-Mar-2026 10:58:40 UTC] MySQL select params: {"where_user_id_0":2}
[16-Mar-2026 10:58:40 UTC] MySQL select returned 6 rows
[16-Mar-2026 11:01:33 UTC] Successfully loaded .env from: C:\Users\Pablo\Documents\GitHub\nine-screen-canvas-flow/.env
[16-Mar-2026 11:01:33 UTC] MySQL select query: SELECT `id` FROM `users` WHERE `clerk_user_id` = :where_clerk_user_id_0
[16-Mar-2026 11:01:33 UTC] MySQL select params: {"where_clerk_user_id_0":"user_3AhnQJV5XslRK9dMtMXyCieGbiA"}
[16-Mar-2026 11:01:33 UTC] MySQL select returned 1 rows
[16-Mar-2026 11:01:33 UTC] MySQL select query: SELECT * FROM `user_pages` WHERE `id` = :where_id_0 AND `user_id` = :where_user_id_1
[16-Mar-2026 11:01:33 UTC] MySQL select params: {"where_id_0":"e6f4a472-2126-11f1-bfcb-d85ed359730c","where_user_id_1":2}
[16-Mar-2026 11:01:33 UTC] MySQL select returned 1 rows
[16-Mar-2026 11:01:33 UTC] Domain API - action=suggest, clerk_user_id=user_3AhnQJV5XslRK9dMtMXyCieGbiA
[16-Mar-2026 11:01:34 UTC] Pages API - Incoming request - Method: GET, Payload size: 0 bytes (0 KB)
[16-Mar-2026 11:01:34 UTC] Pages API - Method: GET
[16-Mar-2026 11:01:34 UTC] Pages API - clerk_user_id from request: null
[16-Mar-2026 11:01:34 UTC] Pages API - clerk_user_id from session: user_3AhnQJV5XslRK9dMtMXyCieGbiA
[16-Mar-2026 11:01:34 UTC] Pages API - Using clerk_user_id: user_3AhnQJV5XslRK9dMtMXyCieGbiA
[16-Mar-2026 11:01:34 UTC] Pages API - Using clerk_user_id: user_3AhnQJV5XslRK9dMtMXyCieGbiA
[16-Mar-2026 11:01:34 UTC] MySQL select query: SELECT `id` FROM `users` WHERE `clerk_user_id` = :where_clerk_user_id_0
[16-Mar-2026 11:01:34 UTC] MySQL select params: {"where_clerk_user_id_0":"user_3AhnQJV5XslRK9dMtMXyCieGbiA"}
[16-Mar-2026 11:01:34 UTC] MySQL select returned 1 rows
[16-Mar-2026 11:01:34 UTC] getUserIdFromClerkId - Query result: [{"id":2}]
[16-Mar-2026 11:01:34 UTC] Pages API - User ID from database: 2
[16-Mar-2026 11:01:34 UTC] Pages API - Success! User ID: 2
[16-Mar-2026 11:01:34 UTC] MySQL select query: SELECT `id`, `title`, `thumbnail_url`, `is_favorite`, `is_public`, `share_token`, `share_slug`, `last_accessed`, `created_at`, `updated_at` FROM `user_pages` WHERE `user_id` = :where_user_id_0 ORDER BY COALESCE(`last_accessed`, '1970-01-01 00:00:00') DESC
[16-Mar-2026 11:01:34 UTC] MySQL select params: {"where_user_id_0":2}
[16-Mar-2026 11:01:34 UTC] MySQL select returned 6 rows
[16-Mar-2026 11:02:04 UTC] Pages API - Incoming request - Method: GET, Payload size: 0 bytes (0 KB)
[16-Mar-2026 11:02:04 UTC] Pages API - Method: GET
[16-Mar-2026 11:02:04 UTC] Pages API - clerk_user_id from request: null
[16-Mar-2026 11:02:04 UTC] Pages API - clerk_user_id from session: user_3AhnQJV5XslRK9dMtMXyCieGbiA
[16-Mar-2026 11:02:04 UTC] Pages API - Using clerk_user_id: user_3AhnQJV5XslRK9dMtMXyCieGbiA
[16-Mar-2026 11:02:04 UTC] Pages API - Using clerk_user_id: user_3AhnQJV5XslRK9dMtMXyCieGbiA
[16-Mar-2026 11:02:04 UTC] MySQL select query: SELECT `id` FROM `users` WHERE `clerk_user_id` = :where_clerk_user_id_0
[16-Mar-2026 11:02:04 UTC] MySQL select params: {"where_clerk_user_id_0":"user_3AhnQJV5XslRK9dMtMXyCieGbiA"}
[16-Mar-2026 11:02:04 UTC] MySQL select returned 1 rows
[16-Mar-2026 11:02:04 UTC] getUserIdFromClerkId - Query result: [{"id":2}]
[16-Mar-2026 11:02:04 UTC] Pages API - User ID from database: 2
[16-Mar-2026 11:02:04 UTC] Pages API - Success! User ID: 2
[16-Mar-2026 11:02:04 UTC] MySQL select query: SELECT `id`, `title`, `thumbnail_url`, `is_favorite`, `is_public`, `share_token`, `share_slug`, `last_accessed`, `created_at`, `updated_at` FROM `user_pages` WHERE `user_id` = :where_user_id_0 ORDER BY COALESCE(`last_accessed`, '1970-01-01 00:00:00') DESC
[16-Mar-2026 11:02:04 UTC] MySQL select params: {"where_user_id_0":2}
[16-Mar-2026 11:02:04 UTC] MySQL select returned 6 rows
[16-Mar-2026 11:02:06 UTC] Pages API - Incoming request - Method: DELETE, Payload size: 96 bytes (0.09 KB)
[16-Mar-2026 11:02:06 UTC] Pages API - Method: DELETE
[16-Mar-2026 11:02:06 UTC] Pages API - clerk_user_id from request: user_3AhnQJV5XslRK9dMtMXyCieGbiA
[16-Mar-2026 11:02:06 UTC] Pages API - clerk_user_id from session: user_3AhnQJV5XslRK9dMtMXyCieGbiA
[16-Mar-2026 11:02:06 UTC] Pages API - Using clerk_user_id: user_3AhnQJV5XslRK9dMtMXyCieGbiA
[16-Mar-2026 11:02:06 UTC] Pages API - Using clerk_user_id: user_3AhnQJV5XslRK9dMtMXyCieGbiA
[16-Mar-2026 11:02:06 UTC] MySQL select query: SELECT `id` FROM `users` WHERE `clerk_user_id` = :where_clerk_user_id_0
[16-Mar-2026 11:02:06 UTC] MySQL select params: {"where_clerk_user_id_0":"user_3AhnQJV5XslRK9dMtMXyCieGbiA"}
[16-Mar-2026 11:02:06 UTC] MySQL select returned 1 rows
[16-Mar-2026 11:02:06 UTC] getUserIdFromClerkId - Query result: [{"id":2}]
[16-Mar-2026 11:02:06 UTC] Pages API - User ID from database: 2
[16-Mar-2026 11:02:06 UTC] Pages API - Success! User ID: 2
[16-Mar-2026 11:02:06 UTC] MySQL select query: SELECT `id` FROM `user_pages` WHERE `id` = :where_id_0 AND `user_id` = :where_user_id_1
[16-Mar-2026 11:02:06 UTC] MySQL select params: {"where_id_0":"e6f4a472-2126-11f1-bfcb-d85ed359730c","where_user_id_1":2}
[16-Mar-2026 11:02:06 UTC] MySQL select returned 1 rows
[16-Mar-2026 11:02:06 UTC] Successfully loaded .env from: C:\Users\Pablo\Documents\GitHub\nine-screen-canvas-flow/.env
[16-Mar-2026 11:02:06 UTC] syncClerkSession - Refreshing paid status for: ptrigol@gmail.com
[16-Mar-2026 11:02:07 UTC] Purchases database connection failed: SQLSTATE[HY000] [1045] Access denied for user 'alvarotrigo_alvarotrigo'@'79.117.116.182' (using password: YES)
[16-Mar-2026 11:02:07 UTC] Attempted connection to: host=nocn.noc-n.com, dbname=alvarotrigo_alvarotrigo, user=alvarotrigo_alvarotrigo
[16-Mar-2026 11:02:07 UTC] Error checking user paid status: Purchases database connection failed: SQLSTATE[HY000] [1045] Access denied for user 'alvarotrigo_alvarotrigo'@'79.117.116.182' (using password: YES)
[16-Mar-2026 11:02:07 UTC] MySQL select query: SELECT * FROM `users` WHERE `email` = :where_email_0 AND `pro_status_source` = :where_pro_status_source_1
[16-Mar-2026 11:02:07 UTC] MySQL select params: {"where_email_0":"ptrigol@gmail.com","where_pro_status_source_1":"polar"}
[16-Mar-2026 11:02:07 UTC] MySQL select returned 0 rows
[16-Mar-2026 11:02:07 UTC] MySQL select query: SELECT * FROM `subscriptions` WHERE `customer_email` = :where_customer_email_0 AND `status` = :where_status_1
[16-Mar-2026 11:02:07 UTC] MySQL select params: {"where_customer_email_0":"ptrigol@gmail.com","where_status_1":"active"}
[16-Mar-2026 11:02:07 UTC] MySQL select returned 0 rows
[16-Mar-2026 11:02:07 UTC] syncClerkSession - Paid status refreshed: is_paid=false
[16-Mar-2026 11:02:07 UTC] MySQL select query: SELECT `id` FROM `users` WHERE `clerk_user_id` = :where_clerk_user_id_0
[16-Mar-2026 11:02:07 UTC] MySQL select params: {"where_clerk_user_id_0":"user_3AhnQJV5XslRK9dMtMXyCieGbiA"}
[16-Mar-2026 11:02:07 UTC] MySQL select returned 1 rows
[16-Mar-2026 11:02:07 UTC] MySQL select query: SELECT * FROM `user_pages` WHERE `id` = :where_id_0 AND `user_id` = :where_user_id_1
[16-Mar-2026 11:02:07 UTC] MySQL select params: {"where_id_0":"5af95f14-2120-11f1-bfcb-d85ed359730c","where_user_id_1":2}
[16-Mar-2026 11:02:07 UTC] MySQL select returned 1 rows
[16-Mar-2026 11:02:08 UTC] Pages API - Incoming request - Method: GET, Payload size: 0 bytes (0 KB)
[16-Mar-2026 11:02:08 UTC] Pages API - Method: GET
[16-Mar-2026 11:02:08 UTC] Pages API - clerk_user_id from request: null
[16-Mar-2026 11:02:08 UTC] Pages API - clerk_user_id from session: user_3AhnQJV5XslRK9dMtMXyCieGbiA
[16-Mar-2026 11:02:08 UTC] Pages API - Using clerk_user_id: user_3AhnQJV5XslRK9dMtMXyCieGbiA
[16-Mar-2026 11:02:08 UTC] Pages API - Using clerk_user_id: user_3AhnQJV5XslRK9dMtMXyCieGbiA
[16-Mar-2026 11:02:08 UTC] MySQL select query: SELECT `id` FROM `users` WHERE `clerk_user_id` = :where_clerk_user_id_0
[16-Mar-2026 11:02:08 UTC] MySQL select params: {"where_clerk_user_id_0":"user_3AhnQJV5XslRK9dMtMXyCieGbiA"}
[16-Mar-2026 11:02:08 UTC] MySQL select returned 1 rows
[16-Mar-2026 11:02:08 UTC] getUserIdFromClerkId - Query result: [{"id":2}]
[16-Mar-2026 11:02:08 UTC] Pages API - User ID from database: 2
[16-Mar-2026 11:02:08 UTC] Pages API - Success! User ID: 2
[16-Mar-2026 11:02:08 UTC] MySQL select query: SELECT `id`, `title`, `thumbnail_url`, `is_favorite`, `is_public`, `share_token`, `share_slug`, `last_accessed`, `created_at`, `updated_at` FROM `user_pages` WHERE `user_id` = :where_user_id_0 ORDER BY COALESCE(`last_accessed`, '1970-01-01 00:00:00') DESC
[16-Mar-2026 11:02:08 UTC] MySQL select params: {"where_user_id_0":2}
[16-Mar-2026 11:02:08 UTC] MySQL select returned 5 rows
[16-Mar-2026 11:02:20 UTC] Pages API - Incoming request - Method: PUT, Payload size: 47,269 bytes (46.16 KB)
[16-Mar-2026 11:02:20 UTC] Pages API - Method: PUT
[16-Mar-2026 11:02:20 UTC] Pages API - clerk_user_id from request: user_3AhnQJV5XslRK9dMtMXyCieGbiA
[16-Mar-2026 11:02:20 UTC] Pages API - clerk_user_id from session: user_3AhnQJV5XslRK9dMtMXyCieGbiA
[16-Mar-2026 11:02:20 UTC] Pages API - Using clerk_user_id: user_3AhnQJV5XslRK9dMtMXyCieGbiA
[16-Mar-2026 11:02:20 UTC] Pages API - Using clerk_user_id: user_3AhnQJV5XslRK9dMtMXyCieGbiA
[16-Mar-2026 11:02:20 UTC] MySQL select query: SELECT `id` FROM `users` WHERE `clerk_user_id` = :where_clerk_user_id_0
[16-Mar-2026 11:02:20 UTC] MySQL select params: {"where_clerk_user_id_0":"user_3AhnQJV5XslRK9dMtMXyCieGbiA"}
[16-Mar-2026 11:02:20 UTC] MySQL select returned 1 rows
[16-Mar-2026 11:02:20 UTC] getUserIdFromClerkId - Query result: [{"id":2}]
[16-Mar-2026 11:02:20 UTC] Pages API - User ID from database: 2
[16-Mar-2026 11:02:20 UTC] Pages API - Success! User ID: 2
[16-Mar-2026 11:02:20 UTC] MySQL select query: SELECT `id`, `updated_at` FROM `user_pages` WHERE `id` = :where_id_0 AND `user_id` = :where_user_id_1
[16-Mar-2026 11:02:20 UTC] MySQL select params: {"where_id_0":"5af95f14-2120-11f1-bfcb-d85ed359730c","where_user_id_1":2}
[16-Mar-2026 11:02:20 UTC] MySQL select returned 1 rows
[16-Mar-2026 11:02:20 UTC] MySQL update query: UPDATE `user_pages` SET `title` = :title, `data` = :data, `last_accessed` = :last_accessed, `updated_at` = :updated_at WHERE `id` = :where_id_0 AND `user_id` = :where_user_id_1
[16-Mar-2026 11:02:20 UTC] MySQL update params: {"title":"propage","data":"{\"fullHtml\":\"\\n                <!-- NAV -->\\n    <...[truncated]","last_accessed":"2026-03-16 11:02:20","updated_at":"2026-03-16 11:02:20","where_id_0":"5af95f14-2120-11f1-bfcb-d85ed359730c","where_user_id_1":2}
[16-Mar-2026 11:02:20 UTC] MySQL update affected rows: 1
[16-Mar-2026 11:02:20 UTC] MySQL select query: SELECT * FROM `user_pages` WHERE `id` = :where_id_0 AND `user_id` = :where_user_id_1
[16-Mar-2026 11:02:20 UTC] MySQL select params: {"where_id_0":"5af95f14-2120-11f1-bfcb-d85ed359730c","where_user_id_1":2}
[16-Mar-2026 11:02:20 UTC] MySQL select returned 1 rows
[16-Mar-2026 11:02:27 UTC] Pages API - Incoming request - Method: PUT, Payload size: 47,308 bytes (46.2 KB)
[16-Mar-2026 11:02:27 UTC] Pages API - Method: PUT
[16-Mar-2026 11:02:27 UTC] Pages API - clerk_user_id from request: user_3AhnQJV5XslRK9dMtMXyCieGbiA
[16-Mar-2026 11:02:27 UTC] Pages API - clerk_user_id from session: user_3AhnQJV5XslRK9dMtMXyCieGbiA
[16-Mar-2026 11:02:27 UTC] Pages API - Using clerk_user_id: user_3AhnQJV5XslRK9dMtMXyCieGbiA
[16-Mar-2026 11:02:27 UTC] Pages API - Using clerk_user_id: user_3AhnQJV5XslRK9dMtMXyCieGbiA
[16-Mar-2026 11:02:27 UTC] MySQL select query: SELECT `id` FROM `users` WHERE `clerk_user_id` = :where_clerk_user_id_0
[16-Mar-2026 11:02:27 UTC] MySQL select params: {"where_clerk_user_id_0":"user_3AhnQJV5XslRK9dMtMXyCieGbiA"}
[16-Mar-2026 11:02:27 UTC] MySQL select returned 1 rows
[16-Mar-2026 11:02:27 UTC] getUserIdFromClerkId - Query result: [{"id":2}]
[16-Mar-2026 11:02:27 UTC] Pages API - User ID from database: 2
[16-Mar-2026 11:02:27 UTC] Pages API - Success! User ID: 2
[16-Mar-2026 11:02:27 UTC] MySQL select query: SELECT `id`, `updated_at` FROM `user_pages` WHERE `id` = :where_id_0 AND `user_id` = :where_user_id_1
[16-Mar-2026 11:02:27 UTC] MySQL select params: {"where_id_0":"5af95f14-2120-11f1-bfcb-d85ed359730c","where_user_id_1":2}
[16-Mar-2026 11:02:27 UTC] MySQL select returned 1 rows
[16-Mar-2026 11:02:27 UTC] MySQL update query: UPDATE `user_pages` SET `title` = :title, `data` = :data, `last_accessed` = :last_accessed, `updated_at` = :updated_at WHERE `id` = :where_id_0 AND `user_id` = :where_user_id_1
[16-Mar-2026 11:02:27 UTC] MySQL update params: {"title":"propage","data":"{\"fullHtml\":\"\\n                <!-- NAV -->\\n    <...[truncated]","last_accessed":"2026-03-16 11:02:27","updated_at":"2026-03-16 11:02:27","where_id_0":"5af95f14-2120-11f1-bfcb-d85ed359730c","where_user_id_1":2}
[16-Mar-2026 11:02:27 UTC] MySQL update affected rows: 1
[16-Mar-2026 11:02:27 UTC] MySQL select query: SELECT * FROM `user_pages` WHERE `id` = :where_id_0 AND `user_id` = :where_user_id_1
[16-Mar-2026 11:02:27 UTC] MySQL select params: {"where_id_0":"5af95f14-2120-11f1-bfcb-d85ed359730c","where_user_id_1":2}
[16-Mar-2026 11:02:27 UTC] MySQL select returned 1 rows
[16-Mar-2026 11:02:35 UTC] Successfully loaded .env from: C:\Users\Pablo\Documents\GitHub\nine-screen-canvas-flow/.env
[16-Mar-2026 11:02:35 UTC] MySQL select query: SELECT `id` FROM `users` WHERE `clerk_user_id` = :where_clerk_user_id_0
[16-Mar-2026 11:02:35 UTC] MySQL select params: {"where_clerk_user_id_0":"user_3AhnQJV5XslRK9dMtMXyCieGbiA"}
[16-Mar-2026 11:02:35 UTC] MySQL select returned 1 rows
[16-Mar-2026 11:02:35 UTC] MySQL select query: SELECT * FROM `user_pages` WHERE `id` = :where_id_0 AND `user_id` = :where_user_id_1
[16-Mar-2026 11:02:35 UTC] MySQL select params: {"where_id_0":"5af95f14-2120-11f1-bfcb-d85ed359730c","where_user_id_1":2}
[16-Mar-2026 11:02:35 UTC] MySQL select returned 1 rows
[16-Mar-2026 11:02:36 UTC] Pages API - Incoming request - Method: GET, Payload size: 0 bytes (0 KB)
[16-Mar-2026 11:02:36 UTC] Pages API - Method: GET
[16-Mar-2026 11:02:36 UTC] Pages API - clerk_user_id from request: null
[16-Mar-2026 11:02:36 UTC] Pages API - clerk_user_id from session: user_3AhnQJV5XslRK9dMtMXyCieGbiA
[16-Mar-2026 11:02:36 UTC] Pages API - Using clerk_user_id: user_3AhnQJV5XslRK9dMtMXyCieGbiA
[16-Mar-2026 11:02:36 UTC] Pages API - Using clerk_user_id: user_3AhnQJV5XslRK9dMtMXyCieGbiA
[16-Mar-2026 11:02:36 UTC] MySQL select query: SELECT `id` FROM `users` WHERE `clerk_user_id` = :where_clerk_user_id_0
[16-Mar-2026 11:02:36 UTC] MySQL select params: {"where_clerk_user_id_0":"user_3AhnQJV5XslRK9dMtMXyCieGbiA"}
[16-Mar-2026 11:02:36 UTC] MySQL select returned 1 rows
[16-Mar-2026 11:02:36 UTC] getUserIdFromClerkId - Query result: [{"id":2}]
[16-Mar-2026 11:02:36 UTC] Pages API - User ID from database: 2
[16-Mar-2026 11:02:36 UTC] Pages API - Success! User ID: 2
[16-Mar-2026 11:02:36 UTC] MySQL select query: SELECT `id`, `title`, `thumbnail_url`, `is_favorite`, `is_public`, `share_token`, `share_slug`, `last_accessed`, `created_at`, `updated_at` FROM `user_pages` WHERE `user_id` = :where_user_id_0 ORDER BY COALESCE(`last_accessed`, '1970-01-01 00:00:00') DESC
[16-Mar-2026 11:02:36 UTC] MySQL select params: {"where_user_id_0":2}
[16-Mar-2026 11:02:36 UTC] MySQL select returned 5 rows
[16-Mar-2026 11:03:01 UTC] Pages API - Incoming request - Method: GET, Payload size: 0 bytes (0 KB)
[16-Mar-2026 11:03:01 UTC] Pages API - Method: GET
[16-Mar-2026 11:03:01 UTC] Pages API - clerk_user_id from request: null
[16-Mar-2026 11:03:01 UTC] Pages API - clerk_user_id from session: user_3AhnQJV5XslRK9dMtMXyCieGbiA
[16-Mar-2026 11:03:01 UTC] Pages API - Using clerk_user_id: user_3AhnQJV5XslRK9dMtMXyCieGbiA
[16-Mar-2026 11:03:01 UTC] Pages API - Using clerk_user_id: user_3AhnQJV5XslRK9dMtMXyCieGbiA
[16-Mar-2026 11:03:01 UTC] MySQL select query: SELECT `id` FROM `users` WHERE `clerk_user_id` = :where_clerk_user_id_0
[16-Mar-2026 11:03:01 UTC] MySQL select params: {"where_clerk_user_id_0":"user_3AhnQJV5XslRK9dMtMXyCieGbiA"}
[16-Mar-2026 11:03:01 UTC] MySQL select returned 1 rows
[16-Mar-2026 11:03:01 UTC] getUserIdFromClerkId - Query result: [{"id":2}]
[16-Mar-2026 11:03:01 UTC] Pages API - User ID from database: 2
[16-Mar-2026 11:03:01 UTC] Pages API - Success! User ID: 2
[16-Mar-2026 11:03:01 UTC] MySQL select query: SELECT `id`, `title`, `thumbnail_url`, `is_favorite`, `is_public`, `share_token`, `share_slug`, `last_accessed`, `created_at`, `updated_at` FROM `user_pages` WHERE `user_id` = :where_user_id_0 ORDER BY COALESCE(`last_accessed`, '1970-01-01 00:00:00') DESC
[16-Mar-2026 11:03:01 UTC] MySQL select params: {"where_user_id_0":2}
[16-Mar-2026 11:03:01 UTC] MySQL select returned 5 rows
[16-Mar-2026 11:03:03 UTC] Pages API - Incoming request - Method: DELETE, Payload size: 96 bytes (0.09 KB)
[16-Mar-2026 11:03:03 UTC] Pages API - Method: DELETE
[16-Mar-2026 11:03:03 UTC] Pages API - clerk_user_id from request: user_3AhnQJV5XslRK9dMtMXyCieGbiA
[16-Mar-2026 11:03:03 UTC] Pages API - clerk_user_id from session: user_3AhnQJV5XslRK9dMtMXyCieGbiA
[16-Mar-2026 11:03:03 UTC] Pages API - Using clerk_user_id: user_3AhnQJV5XslRK9dMtMXyCieGbiA
[16-Mar-2026 11:03:03 UTC] Pages API - Using clerk_user_id: user_3AhnQJV5XslRK9dMtMXyCieGbiA
[16-Mar-2026 11:03:03 UTC] MySQL select query: SELECT `id` FROM `users` WHERE `clerk_user_id` = :where_clerk_user_id_0
[16-Mar-2026 11:03:03 UTC] MySQL select params: {"where_clerk_user_id_0":"user_3AhnQJV5XslRK9dMtMXyCieGbiA"}
[16-Mar-2026 11:03:03 UTC] MySQL select returned 1 rows
[16-Mar-2026 11:03:03 UTC] getUserIdFromClerkId - Query result: [{"id":2}]
[16-Mar-2026 11:03:03 UTC] Pages API - User ID from database: 2
[16-Mar-2026 11:03:03 UTC] Pages API - Success! User ID: 2
[16-Mar-2026 11:03:03 UTC] MySQL select query: SELECT `id` FROM `user_pages` WHERE `id` = :where_id_0 AND `user_id` = :where_user_id_1
[16-Mar-2026 11:03:03 UTC] MySQL select params: {"where_id_0":"5af95f14-2120-11f1-bfcb-d85ed359730c","where_user_id_1":2}
[16-Mar-2026 11:03:03 UTC] MySQL select returned 1 rows
[16-Mar-2026 11:03:03 UTC] Successfully loaded .env from: C:\Users\Pablo\Documents\GitHub\nine-screen-canvas-flow/.env
[16-Mar-2026 11:03:03 UTC] MySQL select query: SELECT `id` FROM `users` WHERE `clerk_user_id` = :where_clerk_user_id_0
[16-Mar-2026 11:03:03 UTC] MySQL select params: {"where_clerk_user_id_0":"user_3AhnQJV5XslRK9dMtMXyCieGbiA"}
[16-Mar-2026 11:03:03 UTC] MySQL select returned 1 rows
[16-Mar-2026 11:03:03 UTC] MySQL select query: SELECT * FROM `user_pages` WHERE `id` = :where_id_0 AND `user_id` = :where_user_id_1
[16-Mar-2026 11:03:03 UTC] MySQL select params: {"where_id_0":"3b7ef1b2-2121-11f1-bfcb-d85ed359730c","where_user_id_1":2}
[16-Mar-2026 11:03:03 UTC] MySQL select returned 1 rows
[16-Mar-2026 11:03:03 UTC] Pages API - Incoming request - Method: GET, Payload size: 0 bytes (0 KB)
[16-Mar-2026 11:03:03 UTC] Pages API - Method: GET
[16-Mar-2026 11:03:03 UTC] Pages API - clerk_user_id from request: null
[16-Mar-2026 11:03:03 UTC] Pages API - clerk_user_id from session: user_3AhnQJV5XslRK9dMtMXyCieGbiA
[16-Mar-2026 11:03:03 UTC] Pages API - Using clerk_user_id: user_3AhnQJV5XslRK9dMtMXyCieGbiA
[16-Mar-2026 11:03:03 UTC] Pages API - Using clerk_user_id: user_3AhnQJV5XslRK9dMtMXyCieGbiA
[16-Mar-2026 11:03:03 UTC] MySQL select query: SELECT `id` FROM `users` WHERE `clerk_user_id` = :where_clerk_user_id_0
[16-Mar-2026 11:03:03 UTC] MySQL select params: {"where_clerk_user_id_0":"user_3AhnQJV5XslRK9dMtMXyCieGbiA"}
[16-Mar-2026 11:03:03 UTC] MySQL select returned 1 rows
[16-Mar-2026 11:03:03 UTC] getUserIdFromClerkId - Query result: [{"id":2}]
[16-Mar-2026 11:03:03 UTC] Pages API - User ID from database: 2
[16-Mar-2026 11:03:03 UTC] Pages API - Success! User ID: 2
[16-Mar-2026 11:03:03 UTC] MySQL select query: SELECT `id`, `title`, `thumbnail_url`, `is_favorite`, `is_public`, `share_token`, `share_slug`, `last_accessed`, `created_at`, `updated_at` FROM `user_pages` WHERE `user_id` = :where_user_id_0 ORDER BY COALESCE(`last_accessed`, '1970-01-01 00:00:00') DESC
[16-Mar-2026 11:03:03 UTC] MySQL select params: {"where_user_id_0":2}
[16-Mar-2026 11:03:03 UTC] MySQL select returned 4 rows
[16-Mar-2026 11:03:05 UTC] Pages API - Incoming request - Method: GET, Payload size: 0 bytes (0 KB)
[16-Mar-2026 11:03:05 UTC] Pages API - Method: GET
[16-Mar-2026 11:03:05 UTC] Pages API - clerk_user_id from request: null
[16-Mar-2026 11:03:05 UTC] Pages API - clerk_user_id from session: user_3AhnQJV5XslRK9dMtMXyCieGbiA
[16-Mar-2026 11:03:05 UTC] Pages API - Using clerk_user_id: user_3AhnQJV5XslRK9dMtMXyCieGbiA
[16-Mar-2026 11:03:05 UTC] Pages API - Using clerk_user_id: user_3AhnQJV5XslRK9dMtMXyCieGbiA
[16-Mar-2026 11:03:05 UTC] MySQL select query: SELECT `id` FROM `users` WHERE `clerk_user_id` = :where_clerk_user_id_0
[16-Mar-2026 11:03:05 UTC] MySQL select params: {"where_clerk_user_id_0":"user_3AhnQJV5XslRK9dMtMXyCieGbiA"}
[16-Mar-2026 11:03:05 UTC] MySQL select returned 1 rows
[16-Mar-2026 11:03:05 UTC] getUserIdFromClerkId - Query result: [{"id":2}]
[16-Mar-2026 11:03:05 UTC] Pages API - User ID from database: 2
[16-Mar-2026 11:03:05 UTC] Pages API - Success! User ID: 2
[16-Mar-2026 11:03:05 UTC] MySQL select query: SELECT `id`, `title`, `thumbnail_url`, `is_favorite`, `is_public`, `share_token`, `share_slug`, `last_accessed`, `created_at`, `updated_at` FROM `user_pages` WHERE `user_id` = :where_user_id_0 ORDER BY COALESCE(`last_accessed`, '1970-01-01 00:00:00') DESC
[16-Mar-2026 11:03:05 UTC] MySQL select params: {"where_user_id_0":2}
[16-Mar-2026 11:03:05 UTC] MySQL select returned 4 rows
[16-Mar-2026 11:03:06 UTC] Pages API - Incoming request - Method: GET, Payload size: 0 bytes (0 KB)
[16-Mar-2026 11:03:06 UTC] Pages API - Method: GET
[16-Mar-2026 11:03:06 UTC] Pages API - clerk_user_id from request: null
[16-Mar-2026 11:03:06 UTC] Pages API - clerk_user_id from session: user_3AhnQJV5XslRK9dMtMXyCieGbiA
[16-Mar-2026 11:03:06 UTC] Pages API - Using clerk_user_id: user_3AhnQJV5XslRK9dMtMXyCieGbiA
[16-Mar-2026 11:03:06 UTC] Pages API - Using clerk_user_id: user_3AhnQJV5XslRK9dMtMXyCieGbiA
[16-Mar-2026 11:03:06 UTC] MySQL select query: SELECT `id` FROM `users` WHERE `clerk_user_id` = :where_clerk_user_id_0
[16-Mar-2026 11:03:06 UTC] MySQL select params: {"where_clerk_user_id_0":"user_3AhnQJV5XslRK9dMtMXyCieGbiA"}
[16-Mar-2026 11:03:06 UTC] MySQL select returned 1 rows
[16-Mar-2026 11:03:06 UTC] getUserIdFromClerkId - Query result: [{"id":2}]
[16-Mar-2026 11:03:06 UTC] Pages API - User ID from database: 2
[16-Mar-2026 11:03:06 UTC] Pages API - Success! User ID: 2
[16-Mar-2026 11:03:06 UTC] MySQL select query: SELECT `id`, `title`, `thumbnail_url`, `is_favorite`, `is_public`, `share_token`, `share_slug`, `last_accessed`, `created_at`, `updated_at` FROM `user_pages` WHERE `user_id` = :where_user_id_0 ORDER BY COALESCE(`last_accessed`, '1970-01-01 00:00:00') DESC
[16-Mar-2026 11:03:06 UTC] MySQL select params: {"where_user_id_0":2}
[16-Mar-2026 11:03:06 UTC] MySQL select returned 4 rows
[16-Mar-2026 11:03:11 UTC] Pages API - Incoming request - Method: POST, Payload size: 224 bytes (0.22 KB)
[16-Mar-2026 11:03:11 UTC] Pages API - Method: POST
[16-Mar-2026 11:03:11 UTC] Pages API - clerk_user_id from request: user_3AhnQJV5XslRK9dMtMXyCieGbiA
[16-Mar-2026 11:03:11 UTC] Pages API - clerk_user_id from session: user_3AhnQJV5XslRK9dMtMXyCieGbiA
[16-Mar-2026 11:03:11 UTC] Pages API - Using clerk_user_id: user_3AhnQJV5XslRK9dMtMXyCieGbiA
[16-Mar-2026 11:03:11 UTC] Pages API - Using clerk_user_id: user_3AhnQJV5XslRK9dMtMXyCieGbiA
[16-Mar-2026 11:03:11 UTC] MySQL select query: SELECT `id` FROM `users` WHERE `clerk_user_id` = :where_clerk_user_id_0
[16-Mar-2026 11:03:11 UTC] MySQL select params: {"where_clerk_user_id_0":"user_3AhnQJV5XslRK9dMtMXyCieGbiA"}
[16-Mar-2026 11:03:11 UTC] MySQL select returned 1 rows
[16-Mar-2026 11:03:11 UTC] getUserIdFromClerkId - Query result: [{"id":2}]
[16-Mar-2026 11:03:11 UTC] Pages API - User ID from database: 2
[16-Mar-2026 11:03:11 UTC] Pages API - Success! User ID: 2
[16-Mar-2026 11:03:11 UTC] Pages API POST - action='create', input_keys=action,title,data,clerk_user_id, raw_snippet={"action":"create","title":"footer","data":{"fullHtml":"","theme":"theme-light-minimal","fullpageEnabled":false,"animati
[16-Mar-2026 11:03:11 UTC] MySQL select query: SELECT * FROM `user_pages` WHERE `id` = :where_id_0
[16-Mar-2026 11:03:11 UTC] MySQL select params: {"where_id_0":"b8ec8c71-2127-11f1-bfcb-d85ed359730c"}
[16-Mar-2026 11:03:11 UTC] MySQL select returned 1 rows
[16-Mar-2026 11:03:11 UTC] Pages API - Incoming request - Method: GET, Payload size: 0 bytes (0 KB)
[16-Mar-2026 11:03:11 UTC] Pages API - Method: GET
[16-Mar-2026 11:03:11 UTC] Pages API - clerk_user_id from request: null
[16-Mar-2026 11:03:11 UTC] Pages API - clerk_user_id from session: user_3AhnQJV5XslRK9dMtMXyCieGbiA
[16-Mar-2026 11:03:11 UTC] Pages API - Using clerk_user_id: user_3AhnQJV5XslRK9dMtMXyCieGbiA
[16-Mar-2026 11:03:11 UTC] Pages API - Using clerk_user_id: user_3AhnQJV5XslRK9dMtMXyCieGbiA
[16-Mar-2026 11:03:11 UTC] MySQL select query: SELECT `id` FROM `users` WHERE `clerk_user_id` = :where_clerk_user_id_0
[16-Mar-2026 11:03:11 UTC] MySQL select params: {"where_clerk_user_id_0":"user_3AhnQJV5XslRK9dMtMXyCieGbiA"}
[16-Mar-2026 11:03:11 UTC] MySQL select returned 1 rows
[16-Mar-2026 11:03:11 UTC] getUserIdFromClerkId - Query result: [{"id":2}]
[16-Mar-2026 11:03:11 UTC] Pages API - User ID from database: 2
[16-Mar-2026 11:03:11 UTC] Pages API - Success! User ID: 2
[16-Mar-2026 11:03:11 UTC] MySQL select query: SELECT `id`, `title`, `thumbnail_url`, `is_favorite`, `is_public`, `share_token`, `share_slug`, `last_accessed`, `created_at`, `updated_at` FROM `user_pages` WHERE `user_id` = :where_user_id_0 ORDER BY COALESCE(`last_accessed`, '1970-01-01 00:00:00') DESC
[16-Mar-2026 11:03:11 UTC] MySQL select params: {"where_user_id_0":2}
[16-Mar-2026 11:03:11 UTC] MySQL select returned 5 rows
[16-Mar-2026 11:03:12 UTC] Pages API - Incoming request - Method: GET, Payload size: 0 bytes (0 KB)
[16-Mar-2026 11:03:12 UTC] Pages API - Method: GET
[16-Mar-2026 11:03:12 UTC] Pages API - clerk_user_id from request: null
[16-Mar-2026 11:03:12 UTC] Pages API - clerk_user_id from session: user_3AhnQJV5XslRK9dMtMXyCieGbiA
[16-Mar-2026 11:03:12 UTC] Pages API - Using clerk_user_id: user_3AhnQJV5XslRK9dMtMXyCieGbiA
[16-Mar-2026 11:03:12 UTC] Pages API - Using clerk_user_id: user_3AhnQJV5XslRK9dMtMXyCieGbiA
[16-Mar-2026 11:03:12 UTC] MySQL select query: SELECT `id` FROM `users` WHERE `clerk_user_id` = :where_clerk_user_id_0
[16-Mar-2026 11:03:12 UTC] MySQL select params: {"where_clerk_user_id_0":"user_3AhnQJV5XslRK9dMtMXyCieGbiA"}
[16-Mar-2026 11:03:12 UTC] MySQL select returned 1 rows
[16-Mar-2026 11:03:12 UTC] getUserIdFromClerkId - Query result: [{"id":2}]
[16-Mar-2026 11:03:12 UTC] Pages API - User ID from database: 2
[16-Mar-2026 11:03:12 UTC] Pages API - Success! User ID: 2
[16-Mar-2026 11:03:12 UTC] MySQL select query: SELECT `id`, `title`, `thumbnail_url`, `is_favorite`, `is_public`, `share_token`, `share_slug`, `last_accessed`, `created_at`, `updated_at` FROM `user_pages` WHERE `user_id` = :where_user_id_0 ORDER BY COALESCE(`last_accessed`, '1970-01-01 00:00:00') DESC
[16-Mar-2026 11:03:12 UTC] MySQL select params: {"where_user_id_0":2}
[16-Mar-2026 11:03:12 UTC] MySQL select returned 5 rows
[16-Mar-2026 11:03:13 UTC] Pages API - Incoming request - Method: PUT, Payload size: 48,404 bytes (47.27 KB)
[16-Mar-2026 11:03:13 UTC] Pages API - Method: PUT
[16-Mar-2026 11:03:13 UTC] Pages API - clerk_user_id from request: user_3AhnQJV5XslRK9dMtMXyCieGbiA
[16-Mar-2026 11:03:13 UTC] Pages API - clerk_user_id from session: user_3AhnQJV5XslRK9dMtMXyCieGbiA
[16-Mar-2026 11:03:13 UTC] Pages API - Using clerk_user_id: user_3AhnQJV5XslRK9dMtMXyCieGbiA
[16-Mar-2026 11:03:13 UTC] Pages API - Using clerk_user_id: user_3AhnQJV5XslRK9dMtMXyCieGbiA
[16-Mar-2026 11:03:13 UTC] MySQL select query: SELECT `id` FROM `users` WHERE `clerk_user_id` = :where_clerk_user_id_0
[16-Mar-2026 11:03:13 UTC] MySQL select params: {"where_clerk_user_id_0":"user_3AhnQJV5XslRK9dMtMXyCieGbiA"}
[16-Mar-2026 11:03:13 UTC] MySQL select returned 1 rows
[16-Mar-2026 11:03:13 UTC] getUserIdFromClerkId - Query result: [{"id":2}]
[16-Mar-2026 11:03:13 UTC] Pages API - User ID from database: 2
[16-Mar-2026 11:03:13 UTC] Pages API - Success! User ID: 2
[16-Mar-2026 11:03:13 UTC] MySQL select query: SELECT `id`, `updated_at` FROM `user_pages` WHERE `id` = :where_id_0 AND `user_id` = :where_user_id_1
[16-Mar-2026 11:03:13 UTC] MySQL select params: {"where_id_0":"b8ec8c71-2127-11f1-bfcb-d85ed359730c","where_user_id_1":2}
[16-Mar-2026 11:03:13 UTC] MySQL select returned 1 rows
[16-Mar-2026 11:03:13 UTC] MySQL update query: UPDATE `user_pages` SET `title` = :title, `data` = :data, `last_accessed` = :last_accessed, `updated_at` = :updated_at WHERE `id` = :where_id_0 AND `user_id` = :where_user_id_1
[16-Mar-2026 11:03:13 UTC] MySQL update params: {"title":"footer","data":"{\"fullHtml\":\"\\n                <!-- NAV -->\\n    <...[truncated]","last_accessed":"2026-03-16 11:03:13","updated_at":"2026-03-16 11:03:13","where_id_0":"b8ec8c71-2127-11f1-bfcb-d85ed359730c","where_user_id_1":2}
[16-Mar-2026 11:03:13 UTC] MySQL update affected rows: 1
[16-Mar-2026 11:03:13 UTC] MySQL select query: SELECT * FROM `user_pages` WHERE `id` = :where_id_0 AND `user_id` = :where_user_id_1
[16-Mar-2026 11:03:13 UTC] MySQL select params: {"where_id_0":"b8ec8c71-2127-11f1-bfcb-d85ed359730c","where_user_id_1":2}
[16-Mar-2026 11:03:13 UTC] MySQL select returned 1 rows
[16-Mar-2026 11:04:18 UTC] Pages API - Incoming request - Method: GET, Payload size: 0 bytes (0 KB)
[16-Mar-2026 11:04:18 UTC] Pages API - Method: GET
[16-Mar-2026 11:04:18 UTC] Pages API - clerk_user_id from request: null
[16-Mar-2026 11:04:18 UTC] Pages API - clerk_user_id from session: user_3AhnQJV5XslRK9dMtMXyCieGbiA
[16-Mar-2026 11:04:18 UTC] Pages API - Using clerk_user_id: user_3AhnQJV5XslRK9dMtMXyCieGbiA
[16-Mar-2026 11:04:18 UTC] Pages API - Using clerk_user_id: user_3AhnQJV5XslRK9dMtMXyCieGbiA
[16-Mar-2026 11:04:18 UTC] MySQL select query: SELECT `id` FROM `users` WHERE `clerk_user_id` = :where_clerk_user_id_0
[16-Mar-2026 11:04:18 UTC] MySQL select params: {"where_clerk_user_id_0":"user_3AhnQJV5XslRK9dMtMXyCieGbiA"}
[16-Mar-2026 11:04:18 UTC] MySQL select returned 1 rows
[16-Mar-2026 11:04:18 UTC] getUserIdFromClerkId - Query result: [{"id":2}]
[16-Mar-2026 11:04:18 UTC] Pages API - User ID from database: 2
[16-Mar-2026 11:04:18 UTC] Pages API - Success! User ID: 2
[16-Mar-2026 11:04:18 UTC] MySQL select query: SELECT `id`, `title`, `thumbnail_url`, `is_favorite`, `is_public`, `share_token`, `share_slug`, `last_accessed`, `created_at`, `updated_at` FROM `user_pages` WHERE `user_id` = :where_user_id_0 ORDER BY COALESCE(`last_accessed`, '1970-01-01 00:00:00') DESC
[16-Mar-2026 11:04:18 UTC] MySQL select params: {"where_user_id_0":2}
[16-Mar-2026 11:04:18 UTC] MySQL select returned 5 rows
[16-Mar-2026 11:04:21 UTC] Pages API - Incoming request - Method: DELETE, Payload size: 96 bytes (0.09 KB)
[16-Mar-2026 11:04:21 UTC] Pages API - Method: DELETE
[16-Mar-2026 11:04:21 UTC] Pages API - clerk_user_id from request: user_3AhnQJV5XslRK9dMtMXyCieGbiA
[16-Mar-2026 11:04:21 UTC] Pages API - clerk_user_id from session: user_3AhnQJV5XslRK9dMtMXyCieGbiA
[16-Mar-2026 11:04:21 UTC] Pages API - Using clerk_user_id: user_3AhnQJV5XslRK9dMtMXyCieGbiA
[16-Mar-2026 11:04:21 UTC] Pages API - Using clerk_user_id: user_3AhnQJV5XslRK9dMtMXyCieGbiA
[16-Mar-2026 11:04:21 UTC] MySQL select query: SELECT `id` FROM `users` WHERE `clerk_user_id` = :where_clerk_user_id_0
[16-Mar-2026 11:04:21 UTC] MySQL select params: {"where_clerk_user_id_0":"user_3AhnQJV5XslRK9dMtMXyCieGbiA"}
[16-Mar-2026 11:04:21 UTC] MySQL select returned 1 rows
[16-Mar-2026 11:04:21 UTC] getUserIdFromClerkId - Query result: [{"id":2}]
[16-Mar-2026 11:04:21 UTC] Pages API - User ID from database: 2
[16-Mar-2026 11:04:21 UTC] Pages API - Success! User ID: 2
[16-Mar-2026 11:04:21 UTC] MySQL select query: SELECT `id` FROM `user_pages` WHERE `id` = :where_id_0 AND `user_id` = :where_user_id_1
[16-Mar-2026 11:04:21 UTC] MySQL select params: {"where_id_0":"3b7ef1b2-2121-11f1-bfcb-d85ed359730c","where_user_id_1":2}
[16-Mar-2026 11:04:21 UTC] MySQL select returned 1 rows
[16-Mar-2026 11:04:21 UTC] Pages API - Incoming request - Method: GET, Payload size: 0 bytes (0 KB)
[16-Mar-2026 11:04:21 UTC] Pages API - Method: GET
[16-Mar-2026 11:04:21 UTC] Pages API - clerk_user_id from request: null
[16-Mar-2026 11:04:21 UTC] Pages API - clerk_user_id from session: user_3AhnQJV5XslRK9dMtMXyCieGbiA
[16-Mar-2026 11:04:21 UTC] Pages API - Using clerk_user_id: user_3AhnQJV5XslRK9dMtMXyCieGbiA
[16-Mar-2026 11:04:21 UTC] Pages API - Using clerk_user_id: user_3AhnQJV5XslRK9dMtMXyCieGbiA
[16-Mar-2026 11:04:21 UTC] MySQL select query: SELECT `id` FROM `users` WHERE `clerk_user_id` = :where_clerk_user_id_0
[16-Mar-2026 11:04:21 UTC] MySQL select params: {"where_clerk_user_id_0":"user_3AhnQJV5XslRK9dMtMXyCieGbiA"}
[16-Mar-2026 11:04:21 UTC] MySQL select returned 1 rows
[16-Mar-2026 11:04:21 UTC] getUserIdFromClerkId - Query result: [{"id":2}]
[16-Mar-2026 11:04:21 UTC] Pages API - User ID from database: 2
[16-Mar-2026 11:04:21 UTC] Pages API - Success! User ID: 2
[16-Mar-2026 11:04:21 UTC] MySQL select query: SELECT `id`, `title`, `thumbnail_url`, `is_favorite`, `is_public`, `share_token`, `share_slug`, `last_accessed`, `created_at`, `updated_at` FROM `user_pages` WHERE `user_id` = :where_user_id_0 ORDER BY COALESCE(`last_accessed`, '1970-01-01 00:00:00') DESC
[16-Mar-2026 11:04:21 UTC] MySQL select params: {"where_user_id_0":2}
[16-Mar-2026 11:04:21 UTC] MySQL select returned 4 rows
[16-Mar-2026 11:04:22 UTC] Pages API - Incoming request - Method: GET, Payload size: 0 bytes (0 KB)
[16-Mar-2026 11:04:22 UTC] Pages API - Method: GET
[16-Mar-2026 11:04:22 UTC] Pages API - clerk_user_id from request: null
[16-Mar-2026 11:04:22 UTC] Pages API - clerk_user_id from session: user_3AhnQJV5XslRK9dMtMXyCieGbiA
[16-Mar-2026 11:04:22 UTC] Pages API - Using clerk_user_id: user_3AhnQJV5XslRK9dMtMXyCieGbiA
[16-Mar-2026 11:04:22 UTC] Pages API - Using clerk_user_id: user_3AhnQJV5XslRK9dMtMXyCieGbiA
[16-Mar-2026 11:04:22 UTC] MySQL select query: SELECT `id` FROM `users` WHERE `clerk_user_id` = :where_clerk_user_id_0
[16-Mar-2026 11:04:22 UTC] MySQL select params: {"where_clerk_user_id_0":"user_3AhnQJV5XslRK9dMtMXyCieGbiA"}
[16-Mar-2026 11:04:22 UTC] MySQL select returned 1 rows
[16-Mar-2026 11:04:22 UTC] getUserIdFromClerkId - Query result: [{"id":2}]
[16-Mar-2026 11:04:22 UTC] Pages API - User ID from database: 2
[16-Mar-2026 11:04:22 UTC] Pages API - Success! User ID: 2
[16-Mar-2026 11:04:22 UTC] MySQL select query: SELECT `id`, `title`, `thumbnail_url`, `is_favorite`, `is_public`, `share_token`, `share_slug`, `last_accessed`, `created_at`, `updated_at` FROM `user_pages` WHERE `user_id` = :where_user_id_0 ORDER BY COALESCE(`last_accessed`, '1970-01-01 00:00:00') DESC
[16-Mar-2026 11:04:22 UTC] MySQL select params: {"where_user_id_0":2}
[16-Mar-2026 11:04:22 UTC] MySQL select returned 4 rows
[16-Mar-2026 11:04:24 UTC] Pages API - Incoming request - Method: DELETE, Payload size: 96 bytes (0.09 KB)
[16-Mar-2026 11:04:24 UTC] Pages API - Method: DELETE
[16-Mar-2026 11:04:24 UTC] Pages API - clerk_user_id from request: user_3AhnQJV5XslRK9dMtMXyCieGbiA
[16-Mar-2026 11:04:24 UTC] Pages API - clerk_user_id from session: user_3AhnQJV5XslRK9dMtMXyCieGbiA
[16-Mar-2026 11:04:24 UTC] Pages API - Using clerk_user_id: user_3AhnQJV5XslRK9dMtMXyCieGbiA
[16-Mar-2026 11:04:24 UTC] Pages API - Using clerk_user_id: user_3AhnQJV5XslRK9dMtMXyCieGbiA
[16-Mar-2026 11:04:24 UTC] MySQL select query: SELECT `id` FROM `users` WHERE `clerk_user_id` = :where_clerk_user_id_0
[16-Mar-2026 11:04:24 UTC] MySQL select params: {"where_clerk_user_id_0":"user_3AhnQJV5XslRK9dMtMXyCieGbiA"}
[16-Mar-2026 11:04:24 UTC] MySQL select returned 1 rows
[16-Mar-2026 11:04:24 UTC] getUserIdFromClerkId - Query result: [{"id":2}]
[16-Mar-2026 11:04:24 UTC] Pages API - User ID from database: 2
[16-Mar-2026 11:04:24 UTC] Pages API - Success! User ID: 2
[16-Mar-2026 11:04:24 UTC] MySQL select query: SELECT `id` FROM `user_pages` WHERE `id` = :where_id_0 AND `user_id` = :where_user_id_1
[16-Mar-2026 11:04:24 UTC] MySQL select params: {"where_id_0":"ceae5b27-211f-11f1-bfcb-d85ed359730c","where_user_id_1":2}
[16-Mar-2026 11:04:24 UTC] MySQL select returned 1 rows
[16-Mar-2026 11:04:24 UTC] Pages API - Incoming request - Method: GET, Payload size: 0 bytes (0 KB)
[16-Mar-2026 11:04:24 UTC] Pages API - Method: GET
[16-Mar-2026 11:04:24 UTC] Pages API - clerk_user_id from request: null
[16-Mar-2026 11:04:24 UTC] Pages API - clerk_user_id from session: user_3AhnQJV5XslRK9dMtMXyCieGbiA
[16-Mar-2026 11:04:24 UTC] Pages API - Using clerk_user_id: user_3AhnQJV5XslRK9dMtMXyCieGbiA
[16-Mar-2026 11:04:24 UTC] Pages API - Using clerk_user_id: user_3AhnQJV5XslRK9dMtMXyCieGbiA
[16-Mar-2026 11:04:24 UTC] MySQL select query: SELECT `id` FROM `users` WHERE `clerk_user_id` = :where_clerk_user_id_0
[16-Mar-2026 11:04:24 UTC] MySQL select params: {"where_clerk_user_id_0":"user_3AhnQJV5XslRK9dMtMXyCieGbiA"}
[16-Mar-2026 11:04:24 UTC] MySQL select returned 1 rows
[16-Mar-2026 11:04:24 UTC] getUserIdFromClerkId - Query result: [{"id":2}]
[16-Mar-2026 11:04:24 UTC] Pages API - User ID from database: 2
[16-Mar-2026 11:04:24 UTC] Pages API - Success! User ID: 2
[16-Mar-2026 11:04:24 UTC] MySQL select query: SELECT `id`, `title`, `thumbnail_url`, `is_favorite`, `is_public`, `share_token`, `share_slug`, `last_accessed`, `created_at`, `updated_at` FROM `user_pages` WHERE `user_id` = :where_user_id_0 ORDER BY COALESCE(`last_accessed`, '1970-01-01 00:00:00') DESC
[16-Mar-2026 11:04:24 UTC] MySQL select params: {"where_user_id_0":2}
[16-Mar-2026 11:04:24 UTC] MySQL select returned 3 rows
[16-Mar-2026 11:04:25 UTC] Pages API - Incoming request - Method: GET, Payload size: 0 bytes (0 KB)
[16-Mar-2026 11:04:25 UTC] Pages API - Method: GET
[16-Mar-2026 11:04:25 UTC] Pages API - clerk_user_id from request: null
[16-Mar-2026 11:04:25 UTC] Pages API - clerk_user_id from session: user_3AhnQJV5XslRK9dMtMXyCieGbiA
[16-Mar-2026 11:04:25 UTC] Pages API - Using clerk_user_id: user_3AhnQJV5XslRK9dMtMXyCieGbiA
[16-Mar-2026 11:04:25 UTC] Pages API - Using clerk_user_id: user_3AhnQJV5XslRK9dMtMXyCieGbiA
[16-Mar-2026 11:04:25 UTC] MySQL select query: SELECT `id` FROM `users` WHERE `clerk_user_id` = :where_clerk_user_id_0
[16-Mar-2026 11:04:25 UTC] MySQL select params: {"where_clerk_user_id_0":"user_3AhnQJV5XslRK9dMtMXyCieGbiA"}
[16-Mar-2026 11:04:25 UTC] MySQL select returned 1 rows
[16-Mar-2026 11:04:25 UTC] getUserIdFromClerkId - Query result: [{"id":2}]
[16-Mar-2026 11:04:25 UTC] Pages API - User ID from database: 2
[16-Mar-2026 11:04:25 UTC] Pages API - Success! User ID: 2
[16-Mar-2026 11:04:25 UTC] MySQL select query: SELECT `id`, `title`, `thumbnail_url`, `is_favorite`, `is_public`, `share_token`, `share_slug`, `last_accessed`, `created_at`, `updated_at` FROM `user_pages` WHERE `user_id` = :where_user_id_0 ORDER BY COALESCE(`last_accessed`, '1970-01-01 00:00:00') DESC
[16-Mar-2026 11:04:25 UTC] MySQL select params: {"where_user_id_0":2}
[16-Mar-2026 11:04:25 UTC] MySQL select returned 3 rows
[16-Mar-2026 11:04:33 UTC] Pages API - Incoming request - Method: GET, Payload size: 0 bytes (0 KB)
[16-Mar-2026 11:04:33 UTC] Pages API - Method: GET
[16-Mar-2026 11:04:33 UTC] Pages API - clerk_user_id from request: null
[16-Mar-2026 11:04:33 UTC] Pages API - clerk_user_id from session: user_3AhnQJV5XslRK9dMtMXyCieGbiA
[16-Mar-2026 11:04:33 UTC] Pages API - Using clerk_user_id: user_3AhnQJV5XslRK9dMtMXyCieGbiA
[16-Mar-2026 11:04:33 UTC] Pages API - Using clerk_user_id: user_3AhnQJV5XslRK9dMtMXyCieGbiA
[16-Mar-2026 11:04:33 UTC] MySQL select query: SELECT `id` FROM `users` WHERE `clerk_user_id` = :where_clerk_user_id_0
[16-Mar-2026 11:04:33 UTC] MySQL select params: {"where_clerk_user_id_0":"user_3AhnQJV5XslRK9dMtMXyCieGbiA"}
[16-Mar-2026 11:04:33 UTC] MySQL select returned 1 rows
[16-Mar-2026 11:04:33 UTC] getUserIdFromClerkId - Query result: [{"id":2}]
[16-Mar-2026 11:04:33 UTC] Pages API - User ID from database: 2
[16-Mar-2026 11:04:33 UTC] Pages API - Success! User ID: 2
[16-Mar-2026 11:04:33 UTC] MySQL select query: SELECT `id`, `title`, `thumbnail_url`, `is_favorite`, `is_public`, `share_token`, `share_slug`, `last_accessed`, `created_at`, `updated_at` FROM `user_pages` WHERE `user_id` = :where_user_id_0 ORDER BY COALESCE(`last_accessed`, '1970-01-01 00:00:00') DESC
[16-Mar-2026 11:04:33 UTC] MySQL select params: {"where_user_id_0":2}
[16-Mar-2026 11:04:33 UTC] MySQL select returned 3 rows
[16-Mar-2026 11:04:47 UTC] Pages API - Incoming request - Method: POST, Payload size: 230 bytes (0.22 KB)
[16-Mar-2026 11:04:47 UTC] Pages API - Method: POST
[16-Mar-2026 11:04:47 UTC] Pages API - clerk_user_id from request: user_3AhnQJV5XslRK9dMtMXyCieGbiA
[16-Mar-2026 11:04:47 UTC] Pages API - clerk_user_id from session: user_3AhnQJV5XslRK9dMtMXyCieGbiA
[16-Mar-2026 11:04:47 UTC] Pages API - Using clerk_user_id: user_3AhnQJV5XslRK9dMtMXyCieGbiA
[16-Mar-2026 11:04:47 UTC] Pages API - Using clerk_user_id: user_3AhnQJV5XslRK9dMtMXyCieGbiA
[16-Mar-2026 11:04:47 UTC] MySQL select query: SELECT `id` FROM `users` WHERE `clerk_user_id` = :where_clerk_user_id_0
[16-Mar-2026 11:04:47 UTC] MySQL select params: {"where_clerk_user_id_0":"user_3AhnQJV5XslRK9dMtMXyCieGbiA"}
[16-Mar-2026 11:04:47 UTC] MySQL select returned 1 rows
[16-Mar-2026 11:04:47 UTC] getUserIdFromClerkId - Query result: [{"id":2}]
[16-Mar-2026 11:04:47 UTC] Pages API - User ID from database: 2
[16-Mar-2026 11:04:47 UTC] Pages API - Success! User ID: 2
[16-Mar-2026 11:04:47 UTC] Pages API POST - action='create', input_keys=action,title,data,clerk_user_id, raw_snippet={"action":"create","title":"Fallo editor","data":{"fullHtml":"","theme":"theme-light-minimal","fullpageEnabled":false,"a
[16-Mar-2026 11:04:47 UTC] MySQL select query: SELECT * FROM `user_pages` WHERE `id` = :where_id_0
[16-Mar-2026 11:04:47 UTC] MySQL select params: {"where_id_0":"f2435a14-2127-11f1-bfcb-d85ed359730c"}
[16-Mar-2026 11:04:47 UTC] MySQL select returned 1 rows
[16-Mar-2026 11:04:47 UTC] Pages API - Incoming request - Method: GET, Payload size: 0 bytes (0 KB)
[16-Mar-2026 11:04:47 UTC] Pages API - Method: GET
[16-Mar-2026 11:04:47 UTC] Pages API - clerk_user_id from request: null
[16-Mar-2026 11:04:47 UTC] Pages API - clerk_user_id from session: user_3AhnQJV5XslRK9dMtMXyCieGbiA
[16-Mar-2026 11:04:47 UTC] Pages API - Using clerk_user_id: user_3AhnQJV5XslRK9dMtMXyCieGbiA
[16-Mar-2026 11:04:47 UTC] Pages API - Using clerk_user_id: user_3AhnQJV5XslRK9dMtMXyCieGbiA
[16-Mar-2026 11:04:47 UTC] MySQL select query: SELECT `id` FROM `users` WHERE `clerk_user_id` = :where_clerk_user_id_0
[16-Mar-2026 11:04:47 UTC] MySQL select params: {"where_clerk_user_id_0":"user_3AhnQJV5XslRK9dMtMXyCieGbiA"}
[16-Mar-2026 11:04:47 UTC] MySQL select returned 1 rows
[16-Mar-2026 11:04:47 UTC] getUserIdFromClerkId - Query result: [{"id":2}]
[16-Mar-2026 11:04:47 UTC] Pages API - User ID from database: 2
[16-Mar-2026 11:04:47 UTC] Pages API - Success! User ID: 2
[16-Mar-2026 11:04:47 UTC] MySQL select query: SELECT `id`, `title`, `thumbnail_url`, `is_favorite`, `is_public`, `share_token`, `share_slug`, `last_accessed`, `created_at`, `updated_at` FROM `user_pages` WHERE `user_id` = :where_user_id_0 ORDER BY COALESCE(`last_accessed`, '1970-01-01 00:00:00') DESC
[16-Mar-2026 11:04:47 UTC] MySQL select params: {"where_user_id_0":2}
[16-Mar-2026 11:04:47 UTC] MySQL select returned 4 rows
[16-Mar-2026 11:04:48 UTC] Pages API - Incoming request - Method: GET, Payload size: 0 bytes (0 KB)
[16-Mar-2026 11:04:48 UTC] Pages API - Method: GET
[16-Mar-2026 11:04:48 UTC] Pages API - clerk_user_id from request: null
[16-Mar-2026 11:04:48 UTC] Pages API - clerk_user_id from session: user_3AhnQJV5XslRK9dMtMXyCieGbiA
[16-Mar-2026 11:04:48 UTC] Pages API - Using clerk_user_id: user_3AhnQJV5XslRK9dMtMXyCieGbiA
[16-Mar-2026 11:04:48 UTC] Pages API - Using clerk_user_id: user_3AhnQJV5XslRK9dMtMXyCieGbiA
[16-Mar-2026 11:04:48 UTC] MySQL select query: SELECT `id` FROM `users` WHERE `clerk_user_id` = :where_clerk_user_id_0
[16-Mar-2026 11:04:48 UTC] MySQL select params: {"where_clerk_user_id_0":"user_3AhnQJV5XslRK9dMtMXyCieGbiA"}
[16-Mar-2026 11:04:48 UTC] MySQL select returned 1 rows
[16-Mar-2026 11:04:48 UTC] getUserIdFromClerkId - Query result: [{"id":2}]
[16-Mar-2026 11:04:48 UTC] Pages API - User ID from database: 2
[16-Mar-2026 11:04:48 UTC] Pages API - Success! User ID: 2
[16-Mar-2026 11:04:48 UTC] MySQL select query: SELECT `id`, `title`, `thumbnail_url`, `is_favorite`, `is_public`, `share_token`, `share_slug`, `last_accessed`, `created_at`, `updated_at` FROM `user_pages` WHERE `user_id` = :where_user_id_0 ORDER BY COALESCE(`last_accessed`, '1970-01-01 00:00:00') DESC
[16-Mar-2026 11:04:48 UTC] MySQL select params: {"where_user_id_0":2}
[16-Mar-2026 11:04:48 UTC] MySQL select returned 4 rows
[16-Mar-2026 11:04:49 UTC] Pages API - Incoming request - Method: PUT, Payload size: 43,870 bytes (42.84 KB)
[16-Mar-2026 11:04:49 UTC] Pages API - Method: PUT
[16-Mar-2026 11:04:49 UTC] Pages API - clerk_user_id from request: user_3AhnQJV5XslRK9dMtMXyCieGbiA
[16-Mar-2026 11:04:49 UTC] Pages API - clerk_user_id from session: user_3AhnQJV5XslRK9dMtMXyCieGbiA
[16-Mar-2026 11:04:49 UTC] Pages API - Using clerk_user_id: user_3AhnQJV5XslRK9dMtMXyCieGbiA
[16-Mar-2026 11:04:49 UTC] Pages API - Using clerk_user_id: user_3AhnQJV5XslRK9dMtMXyCieGbiA
[16-Mar-2026 11:04:49 UTC] MySQL select query: SELECT `id` FROM `users` WHERE `clerk_user_id` = :where_clerk_user_id_0
[16-Mar-2026 11:04:49 UTC] MySQL select params: {"where_clerk_user_id_0":"user_3AhnQJV5XslRK9dMtMXyCieGbiA"}
[16-Mar-2026 11:04:49 UTC] MySQL select returned 1 rows
[16-Mar-2026 11:04:49 UTC] getUserIdFromClerkId - Query result: [{"id":2}]
[16-Mar-2026 11:04:49 UTC] Pages API - User ID from database: 2
[16-Mar-2026 11:04:49 UTC] Pages API - Success! User ID: 2
[16-Mar-2026 11:04:49 UTC] MySQL select query: SELECT `id`, `updated_at` FROM `user_pages` WHERE `id` = :where_id_0 AND `user_id` = :where_user_id_1
[16-Mar-2026 11:04:49 UTC] MySQL select params: {"where_id_0":"f2435a14-2127-11f1-bfcb-d85ed359730c","where_user_id_1":2}
[16-Mar-2026 11:04:49 UTC] MySQL select returned 1 rows
[16-Mar-2026 11:04:49 UTC] MySQL update query: UPDATE `user_pages` SET `title` = :title, `data` = :data, `last_accessed` = :last_accessed, `updated_at` = :updated_at WHERE `id` = :where_id_0 AND `user_id` = :where_user_id_1
[16-Mar-2026 11:04:49 UTC] MySQL update params: {"title":"Fallo editor","data":"{\"fullHtml\":\"\\n                <!-- Preloader -->\\...[truncated]","last_accessed":"2026-03-16 11:04:49","updated_at":"2026-03-16 11:04:49","where_id_0":"f2435a14-2127-11f1-bfcb-d85ed359730c","where_user_id_1":2}
[16-Mar-2026 11:04:49 UTC] MySQL update affected rows: 1
[16-Mar-2026 11:04:49 UTC] MySQL select query: SELECT * FROM `user_pages` WHERE `id` = :where_id_0 AND `user_id` = :where_user_id_1
[16-Mar-2026 11:04:49 UTC] MySQL select params: {"where_id_0":"f2435a14-2127-11f1-bfcb-d85ed359730c","where_user_id_1":2}
[16-Mar-2026 11:04:49 UTC] MySQL select returned 1 rows
[16-Mar-2026 11:04:54 UTC] Pages API - Incoming request - Method: PUT, Payload size: 43,875 bytes (42.85 KB)
[16-Mar-2026 11:04:54 UTC] Pages API - Method: PUT
[16-Mar-2026 11:04:54 UTC] Pages API - clerk_user_id from request: user_3AhnQJV5XslRK9dMtMXyCieGbiA
[16-Mar-2026 11:04:54 UTC] Pages API - clerk_user_id from session: user_3AhnQJV5XslRK9dMtMXyCieGbiA
[16-Mar-2026 11:04:54 UTC] Pages API - Using clerk_user_id: user_3AhnQJV5XslRK9dMtMXyCieGbiA
[16-Mar-2026 11:04:54 UTC] Pages API - Using clerk_user_id: user_3AhnQJV5XslRK9dMtMXyCieGbiA
[16-Mar-2026 11:04:54 UTC] MySQL select query: SELECT `id` FROM `users` WHERE `clerk_user_id` = :where_clerk_user_id_0
[16-Mar-2026 11:04:54 UTC] MySQL select params: {"where_clerk_user_id_0":"user_3AhnQJV5XslRK9dMtMXyCieGbiA"}
[16-Mar-2026 11:04:54 UTC] MySQL select returned 1 rows
[16-Mar-2026 11:04:54 UTC] getUserIdFromClerkId - Query result: [{"id":2}]
[16-Mar-2026 11:04:54 UTC] Pages API - User ID from database: 2
[16-Mar-2026 11:04:54 UTC] Pages API - Success! User ID: 2
[16-Mar-2026 11:04:54 UTC] MySQL select query: SELECT `id`, `updated_at` FROM `user_pages` WHERE `id` = :where_id_0 AND `user_id` = :where_user_id_1
[16-Mar-2026 11:04:54 UTC] MySQL select params: {"where_id_0":"f2435a14-2127-11f1-bfcb-d85ed359730c","where_user_id_1":2}
[16-Mar-2026 11:04:54 UTC] MySQL select returned 1 rows
[16-Mar-2026 11:04:54 UTC] MySQL update query: UPDATE `user_pages` SET `title` = :title, `data` = :data, `last_accessed` = :last_accessed, `updated_at` = :updated_at WHERE `id` = :where_id_0 AND `user_id` = :where_user_id_1
[16-Mar-2026 11:04:54 UTC] MySQL update params: {"title":"Fallo editor","data":"{\"fullHtml\":\"\\n                <!-- Preloader -->\\...[truncated]","last_accessed":"2026-03-16 11:04:54","updated_at":"2026-03-16 11:04:54","where_id_0":"f2435a14-2127-11f1-bfcb-d85ed359730c","where_user_id_1":2}
[16-Mar-2026 11:04:54 UTC] MySQL update affected rows: 1
[16-Mar-2026 11:04:54 UTC] MySQL select query: SELECT * FROM `user_pages` WHERE `id` = :where_id_0 AND `user_id` = :where_user_id_1
[16-Mar-2026 11:04:54 UTC] MySQL select params: {"where_id_0":"f2435a14-2127-11f1-bfcb-d85ed359730c","where_user_id_1":2}
[16-Mar-2026 11:04:54 UTC] MySQL select returned 1 rows
[16-Mar-2026 11:04:57 UTC] Pages API - Incoming request - Method: PUT, Payload size: 43,910 bytes (42.88 KB)
[16-Mar-2026 11:04:57 UTC] Pages API - Method: PUT
[16-Mar-2026 11:04:57 UTC] Pages API - clerk_user_id from request: user_3AhnQJV5XslRK9dMtMXyCieGbiA
[16-Mar-2026 11:04:57 UTC] Pages API - clerk_user_id from session: user_3AhnQJV5XslRK9dMtMXyCieGbiA
[16-Mar-2026 11:04:57 UTC] Pages API - Using clerk_user_id: user_3AhnQJV5XslRK9dMtMXyCieGbiA
[16-Mar-2026 11:04:57 UTC] Pages API - Using clerk_user_id: user_3AhnQJV5XslRK9dMtMXyCieGbiA
[16-Mar-2026 11:04:57 UTC] MySQL select query: SELECT `id` FROM `users` WHERE `clerk_user_id` = :where_clerk_user_id_0
[16-Mar-2026 11:04:57 UTC] MySQL select params: {"where_clerk_user_id_0":"user_3AhnQJV5XslRK9dMtMXyCieGbiA"}
[16-Mar-2026 11:04:57 UTC] MySQL select returned 1 rows
[16-Mar-2026 11:04:57 UTC] getUserIdFromClerkId - Query result: [{"id":2}]
[16-Mar-2026 11:04:57 UTC] Pages API - User ID from database: 2
[16-Mar-2026 11:04:57 UTC] Pages API - Success! User ID: 2
[16-Mar-2026 11:04:57 UTC] MySQL select query: SELECT `id`, `updated_at` FROM `user_pages` WHERE `id` = :where_id_0 AND `user_id` = :where_user_id_1
[16-Mar-2026 11:04:57 UTC] MySQL select params: {"where_id_0":"f2435a14-2127-11f1-bfcb-d85ed359730c","where_user_id_1":2}
[16-Mar-2026 11:04:57 UTC] MySQL select returned 1 rows
[16-Mar-2026 11:04:57 UTC] MySQL update query: UPDATE `user_pages` SET `title` = :title, `data` = :data, `last_accessed` = :last_accessed, `updated_at` = :updated_at WHERE `id` = :where_id_0 AND `user_id` = :where_user_id_1
[16-Mar-2026 11:04:57 UTC] MySQL update params: {"title":"Fallo editor","data":"{\"fullHtml\":\"\\n                <!-- Preloader -->\\...[truncated]","last_accessed":"2026-03-16 11:04:57","updated_at":"2026-03-16 11:04:57","where_id_0":"f2435a14-2127-11f1-bfcb-d85ed359730c","where_user_id_1":2}
[16-Mar-2026 11:04:57 UTC] MySQL update affected rows: 1
[16-Mar-2026 11:04:57 UTC] MySQL select query: SELECT * FROM `user_pages` WHERE `id` = :where_id_0 AND `user_id` = :where_user_id_1
[16-Mar-2026 11:04:57 UTC] MySQL select params: {"where_id_0":"f2435a14-2127-11f1-bfcb-d85ed359730c","where_user_id_1":2}
[16-Mar-2026 11:04:57 UTC] MySQL select returned 1 rows
[16-Mar-2026 11:07:35 UTC] Pages API - Incoming request - Method: PUT, Payload size: 43,762 bytes (42.74 KB)
[16-Mar-2026 11:07:35 UTC] Pages API - Method: PUT
[16-Mar-2026 11:07:35 UTC] Pages API - clerk_user_id from request: user_3AhnQJV5XslRK9dMtMXyCieGbiA
[16-Mar-2026 11:07:35 UTC] Pages API - clerk_user_id from session: user_3AhnQJV5XslRK9dMtMXyCieGbiA
[16-Mar-2026 11:07:35 UTC] Pages API - Using clerk_user_id: user_3AhnQJV5XslRK9dMtMXyCieGbiA
[16-Mar-2026 11:07:35 UTC] Pages API - Using clerk_user_id: user_3AhnQJV5XslRK9dMtMXyCieGbiA
[16-Mar-2026 11:07:35 UTC] MySQL select query: SELECT `id` FROM `users` WHERE `clerk_user_id` = :where_clerk_user_id_0
[16-Mar-2026 11:07:35 UTC] MySQL select params: {"where_clerk_user_id_0":"user_3AhnQJV5XslRK9dMtMXyCieGbiA"}
[16-Mar-2026 11:07:35 UTC] MySQL select returned 1 rows
[16-Mar-2026 11:07:35 UTC] getUserIdFromClerkId - Query result: [{"id":2}]
[16-Mar-2026 11:07:35 UTC] Pages API - User ID from database: 2
[16-Mar-2026 11:07:35 UTC] Pages API - Success! User ID: 2
[16-Mar-2026 11:07:35 UTC] MySQL select query: SELECT `id`, `updated_at` FROM `user_pages` WHERE `id` = :where_id_0 AND `user_id` = :where_user_id_1
[16-Mar-2026 11:07:35 UTC] MySQL select params: {"where_id_0":"f2435a14-2127-11f1-bfcb-d85ed359730c","where_user_id_1":2}
[16-Mar-2026 11:07:35 UTC] MySQL select returned 1 rows
[16-Mar-2026 11:07:35 UTC] MySQL update query: UPDATE `user_pages` SET `title` = :title, `data` = :data, `last_accessed` = :last_accessed, `updated_at` = :updated_at WHERE `id` = :where_id_0 AND `user_id` = :where_user_id_1
[16-Mar-2026 11:07:35 UTC] MySQL update params: {"title":"Fallo editor","data":"{\"fullHtml\":\"\\n                <!-- Preloader -->\\...[truncated]","last_accessed":"2026-03-16 11:07:35","updated_at":"2026-03-16 11:07:35","where_id_0":"f2435a14-2127-11f1-bfcb-d85ed359730c","where_user_id_1":2}
[16-Mar-2026 11:07:35 UTC] MySQL update affected rows: 1
[16-Mar-2026 11:07:35 UTC] MySQL select query: SELECT * FROM `user_pages` WHERE `id` = :where_id_0 AND `user_id` = :where_user_id_1
[16-Mar-2026 11:07:35 UTC] MySQL select params: {"where_id_0":"f2435a14-2127-11f1-bfcb-d85ed359730c","where_user_id_1":2}
[16-Mar-2026 11:07:35 UTC] MySQL select returned 1 rows
[16-Mar-2026 11:07:37 UTC] Pages API - Incoming request - Method: PUT, Payload size: 42,712 bytes (41.71 KB)
[16-Mar-2026 11:07:37 UTC] Pages API - Method: PUT
[16-Mar-2026 11:07:37 UTC] Pages API - clerk_user_id from request: user_3AhnQJV5XslRK9dMtMXyCieGbiA
[16-Mar-2026 11:07:37 UTC] Pages API - clerk_user_id from session: user_3AhnQJV5XslRK9dMtMXyCieGbiA
[16-Mar-2026 11:07:37 UTC] Pages API - Using clerk_user_id: user_3AhnQJV5XslRK9dMtMXyCieGbiA
[16-Mar-2026 11:07:37 UTC] Pages API - Using clerk_user_id: user_3AhnQJV5XslRK9dMtMXyCieGbiA
[16-Mar-2026 11:07:37 UTC] MySQL select query: SELECT `id` FROM `users` WHERE `clerk_user_id` = :where_clerk_user_id_0
[16-Mar-2026 11:07:37 UTC] MySQL select params: {"where_clerk_user_id_0":"user_3AhnQJV5XslRK9dMtMXyCieGbiA"}
[16-Mar-2026 11:07:37 UTC] MySQL select returned 1 rows
[16-Mar-2026 11:07:37 UTC] getUserIdFromClerkId - Query result: [{"id":2}]
[16-Mar-2026 11:07:37 UTC] Pages API - User ID from database: 2
[16-Mar-2026 11:07:37 UTC] Pages API - Success! User ID: 2
[16-Mar-2026 11:07:37 UTC] MySQL select query: SELECT `id`, `updated_at` FROM `user_pages` WHERE `id` = :where_id_0 AND `user_id` = :where_user_id_1
[16-Mar-2026 11:07:37 UTC] MySQL select params: {"where_id_0":"f2435a14-2127-11f1-bfcb-d85ed359730c","where_user_id_1":2}
[16-Mar-2026 11:07:37 UTC] MySQL select returned 1 rows
[16-Mar-2026 11:07:37 UTC] MySQL update query: UPDATE `user_pages` SET `title` = :title, `data` = :data, `last_accessed` = :last_accessed, `updated_at` = :updated_at WHERE `id` = :where_id_0 AND `user_id` = :where_user_id_1
[16-Mar-2026 11:07:37 UTC] MySQL update params: {"title":"Fallo editor","data":"{\"fullHtml\":\"\\n                <!-- Preloader -->\\...[truncated]","last_accessed":"2026-03-16 11:07:37","updated_at":"2026-03-16 11:07:37","where_id_0":"f2435a14-2127-11f1-bfcb-d85ed359730c","where_user_id_1":2}
[16-Mar-2026 11:07:37 UTC] MySQL update affected rows: 1
[16-Mar-2026 11:07:37 UTC] MySQL select query: SELECT * FROM `user_pages` WHERE `id` = :where_id_0 AND `user_id` = :where_user_id_1
[16-Mar-2026 11:07:37 UTC] MySQL select params: {"where_id_0":"f2435a14-2127-11f1-bfcb-d85ed359730c","where_user_id_1":2}
[16-Mar-2026 11:07:37 UTC] MySQL select returned 1 rows
[16-Mar-2026 11:08:03 UTC] Pages API - Incoming request - Method: PUT, Payload size: 42,272 bytes (41.28 KB)
[16-Mar-2026 11:08:03 UTC] Pages API - Method: PUT
[16-Mar-2026 11:08:03 UTC] Pages API - clerk_user_id from request: user_3AhnQJV5XslRK9dMtMXyCieGbiA
[16-Mar-2026 11:08:03 UTC] Pages API - clerk_user_id from session: user_3AhnQJV5XslRK9dMtMXyCieGbiA
[16-Mar-2026 11:08:03 UTC] Pages API - Using clerk_user_id: user_3AhnQJV5XslRK9dMtMXyCieGbiA
[16-Mar-2026 11:08:03 UTC] Pages API - Using clerk_user_id: user_3AhnQJV5XslRK9dMtMXyCieGbiA
[16-Mar-2026 11:08:03 UTC] MySQL select query: SELECT `id` FROM `users` WHERE `clerk_user_id` = :where_clerk_user_id_0
[16-Mar-2026 11:08:03 UTC] MySQL select params: {"where_clerk_user_id_0":"user_3AhnQJV5XslRK9dMtMXyCieGbiA"}
[16-Mar-2026 11:08:03 UTC] MySQL select returned 1 rows
[16-Mar-2026 11:08:03 UTC] getUserIdFromClerkId - Query result: [{"id":2}]
[16-Mar-2026 11:08:03 UTC] Pages API - User ID from database: 2
[16-Mar-2026 11:08:03 UTC] Pages API - Success! User ID: 2
[16-Mar-2026 11:08:03 UTC] MySQL select query: SELECT `id`, `updated_at` FROM `user_pages` WHERE `id` = :where_id_0 AND `user_id` = :where_user_id_1
[16-Mar-2026 11:08:03 UTC] MySQL select params: {"where_id_0":"f2435a14-2127-11f1-bfcb-d85ed359730c","where_user_id_1":2}
[16-Mar-2026 11:08:03 UTC] MySQL select returned 1 rows
[16-Mar-2026 11:08:03 UTC] MySQL update query: UPDATE `user_pages` SET `title` = :title, `data` = :data, `last_accessed` = :last_accessed, `updated_at` = :updated_at WHERE `id` = :where_id_0 AND `user_id` = :where_user_id_1
[16-Mar-2026 11:08:03 UTC] MySQL update params: {"title":"Fallo editor","data":"{\"fullHtml\":\"\\n                <!-- Preloader -->\\...[truncated]","last_accessed":"2026-03-16 11:08:03","updated_at":"2026-03-16 11:08:03","where_id_0":"f2435a14-2127-11f1-bfcb-d85ed359730c","where_user_id_1":2}
[16-Mar-2026 11:08:03 UTC] MySQL update affected rows: 1
[16-Mar-2026 11:08:03 UTC] MySQL select query: SELECT * FROM `user_pages` WHERE `id` = :where_id_0 AND `user_id` = :where_user_id_1
[16-Mar-2026 11:08:03 UTC] MySQL select params: {"where_id_0":"f2435a14-2127-11f1-bfcb-d85ed359730c","where_user_id_1":2}
[16-Mar-2026 11:08:03 UTC] MySQL select returned 1 rows
[16-Mar-2026 11:08:10 UTC] Pages API - Incoming request - Method: PUT, Payload size: 42,722 bytes (41.72 KB)
[16-Mar-2026 11:08:10 UTC] Pages API - Method: PUT
[16-Mar-2026 11:08:10 UTC] Pages API - clerk_user_id from request: user_3AhnQJV5XslRK9dMtMXyCieGbiA
[16-Mar-2026 11:08:10 UTC] Pages API - clerk_user_id from session: user_3AhnQJV5XslRK9dMtMXyCieGbiA
[16-Mar-2026 11:08:10 UTC] Pages API - Using clerk_user_id: user_3AhnQJV5XslRK9dMtMXyCieGbiA
[16-Mar-2026 11:08:10 UTC] Pages API - Using clerk_user_id: user_3AhnQJV5XslRK9dMtMXyCieGbiA
[16-Mar-2026 11:08:10 UTC] MySQL select query: SELECT `id` FROM `users` WHERE `clerk_user_id` = :where_clerk_user_id_0
[16-Mar-2026 11:08:10 UTC] MySQL select params: {"where_clerk_user_id_0":"user_3AhnQJV5XslRK9dMtMXyCieGbiA"}
[16-Mar-2026 11:08:10 UTC] MySQL select returned 1 rows
[16-Mar-2026 11:08:10 UTC] getUserIdFromClerkId - Query result: [{"id":2}]
[16-Mar-2026 11:08:10 UTC] Pages API - User ID from database: 2
[16-Mar-2026 11:08:10 UTC] Pages API - Success! User ID: 2
[16-Mar-2026 11:08:10 UTC] MySQL select query: SELECT `id`, `updated_at` FROM `user_pages` WHERE `id` = :where_id_0 AND `user_id` = :where_user_id_1
[16-Mar-2026 11:08:10 UTC] MySQL select params: {"where_id_0":"f2435a14-2127-11f1-bfcb-d85ed359730c","where_user_id_1":2}
[16-Mar-2026 11:08:10 UTC] MySQL select returned 1 rows
[16-Mar-2026 11:08:10 UTC] MySQL update query: UPDATE `user_pages` SET `title` = :title, `data` = :data, `last_accessed` = :last_accessed, `updated_at` = :updated_at WHERE `id` = :where_id_0 AND `user_id` = :where_user_id_1
[16-Mar-2026 11:08:10 UTC] MySQL update params: {"title":"Fallo editor","data":"{\"fullHtml\":\"\\n                <!-- Preloader -->\\...[truncated]","last_accessed":"2026-03-16 11:08:10","updated_at":"2026-03-16 11:08:10","where_id_0":"f2435a14-2127-11f1-bfcb-d85ed359730c","where_user_id_1":2}
[16-Mar-2026 11:08:10 UTC] MySQL update affected rows: 1
[16-Mar-2026 11:08:10 UTC] MySQL select query: SELECT * FROM `user_pages` WHERE `id` = :where_id_0 AND `user_id` = :where_user_id_1
[16-Mar-2026 11:08:10 UTC] MySQL select params: {"where_id_0":"f2435a14-2127-11f1-bfcb-d85ed359730c","where_user_id_1":2}
[16-Mar-2026 11:08:10 UTC] MySQL select returned 1 rows
[16-Mar-2026 11:08:54 UTC] Successfully loaded .env from: C:\Users\Pablo\Documents\GitHub\nine-screen-canvas-flow/.env
[16-Mar-2026 11:08:54 UTC] syncClerkSession - Refreshing paid status for: ptrigol@gmail.com
[16-Mar-2026 11:08:54 UTC] Purchases database connection failed: SQLSTATE[HY000] [1045] Access denied for user 'alvarotrigo_alvarotrigo'@'79.117.116.182' (using password: YES)
[16-Mar-2026 11:08:54 UTC] Attempted connection to: host=nocn.noc-n.com, dbname=alvarotrigo_alvarotrigo, user=alvarotrigo_alvarotrigo
[16-Mar-2026 11:08:54 UTC] Error checking user paid status: Purchases database connection failed: SQLSTATE[HY000] [1045] Access denied for user 'alvarotrigo_alvarotrigo'@'79.117.116.182' (using password: YES)
[16-Mar-2026 11:08:54 UTC] MySQL select query: SELECT * FROM `users` WHERE `email` = :where_email_0 AND `pro_status_source` = :where_pro_status_source_1
[16-Mar-2026 11:08:54 UTC] MySQL select params: {"where_email_0":"ptrigol@gmail.com","where_pro_status_source_1":"polar"}
[16-Mar-2026 11:08:54 UTC] MySQL select returned 0 rows
[16-Mar-2026 11:08:54 UTC] MySQL select query: SELECT * FROM `subscriptions` WHERE `customer_email` = :where_customer_email_0 AND `status` = :where_status_1
[16-Mar-2026 11:08:54 UTC] MySQL select params: {"where_customer_email_0":"ptrigol@gmail.com","where_status_1":"active"}
[16-Mar-2026 11:08:54 UTC] MySQL select returned 0 rows
[16-Mar-2026 11:08:54 UTC] syncClerkSession - Paid status refreshed: is_paid=false
[16-Mar-2026 11:08:54 UTC] MySQL select query: SELECT `id` FROM `users` WHERE `clerk_user_id` = :where_clerk_user_id_0
[16-Mar-2026 11:08:54 UTC] MySQL select params: {"where_clerk_user_id_0":"user_3AhnQJV5XslRK9dMtMXyCieGbiA"}
[16-Mar-2026 11:08:54 UTC] MySQL select returned 1 rows
[16-Mar-2026 11:08:54 UTC] MySQL select query: SELECT * FROM `user_pages` WHERE `id` = :where_id_0 AND `user_id` = :where_user_id_1
[16-Mar-2026 11:08:54 UTC] MySQL select params: {"where_id_0":"f2435a14-2127-11f1-bfcb-d85ed359730c","where_user_id_1":2}
[16-Mar-2026 11:08:54 UTC] MySQL select returned 1 rows
[16-Mar-2026 11:08:55 UTC] Pages API - Incoming request - Method: GET, Payload size: 0 bytes (0 KB)
[16-Mar-2026 11:08:55 UTC] Pages API - Method: GET
[16-Mar-2026 11:08:55 UTC] Pages API - clerk_user_id from request: null
[16-Mar-2026 11:08:55 UTC] Pages API - clerk_user_id from session: user_3AhnQJV5XslRK9dMtMXyCieGbiA
[16-Mar-2026 11:08:55 UTC] Pages API - Using clerk_user_id: user_3AhnQJV5XslRK9dMtMXyCieGbiA
[16-Mar-2026 11:08:55 UTC] Pages API - Using clerk_user_id: user_3AhnQJV5XslRK9dMtMXyCieGbiA
[16-Mar-2026 11:08:55 UTC] MySQL select query: SELECT `id` FROM `users` WHERE `clerk_user_id` = :where_clerk_user_id_0
[16-Mar-2026 11:08:55 UTC] MySQL select params: {"where_clerk_user_id_0":"user_3AhnQJV5XslRK9dMtMXyCieGbiA"}
[16-Mar-2026 11:08:55 UTC] MySQL select returned 1 rows
[16-Mar-2026 11:08:55 UTC] getUserIdFromClerkId - Query result: [{"id":2}]
[16-Mar-2026 11:08:55 UTC] Pages API - User ID from database: 2
[16-Mar-2026 11:08:55 UTC] Pages API - Success! User ID: 2
[16-Mar-2026 11:08:55 UTC] MySQL select query: SELECT `id`, `title`, `thumbnail_url`, `is_favorite`, `is_public`, `share_token`, `share_slug`, `last_accessed`, `created_at`, `updated_at` FROM `user_pages` WHERE `user_id` = :where_user_id_0 ORDER BY COALESCE(`last_accessed`, '1970-01-01 00:00:00') DESC
[16-Mar-2026 11:08:55 UTC] MySQL select params: {"where_user_id_0":2}
[16-Mar-2026 11:08:55 UTC] MySQL select returned 4 rows
[16-Mar-2026 11:11:03 UTC] Successfully loaded .env from: C:\Users\Pablo\Documents\GitHub\nine-screen-canvas-flow/.env
[16-Mar-2026 11:11:03 UTC] MySQL select query: SELECT `id` FROM `users` WHERE `clerk_user_id` = :where_clerk_user_id_0
[16-Mar-2026 11:11:03 UTC] MySQL select params: {"where_clerk_user_id_0":"user_3AhnQJV5XslRK9dMtMXyCieGbiA"}
[16-Mar-2026 11:11:03 UTC] MySQL select returned 1 rows
[16-Mar-2026 11:11:03 UTC] MySQL select query: SELECT * FROM `user_pages` WHERE `id` = :where_id_0 AND `user_id` = :where_user_id_1
[16-Mar-2026 11:11:03 UTC] MySQL select params: {"where_id_0":"5af95f14-2120-11f1-bfcb-d85ed359730c","where_user_id_1":2}
[16-Mar-2026 11:11:03 UTC] MySQL select returned 0 rows
[16-Mar-2026 11:11:04 UTC] Pages API - Incoming request - Method: GET, Payload size: 0 bytes (0 KB)
[16-Mar-2026 11:11:04 UTC] Pages API - Method: GET
[16-Mar-2026 11:11:04 UTC] Pages API - clerk_user_id from request: null
[16-Mar-2026 11:11:04 UTC] Pages API - clerk_user_id from session: user_3AhnQJV5XslRK9dMtMXyCieGbiA
[16-Mar-2026 11:11:04 UTC] Pages API - Using clerk_user_id: user_3AhnQJV5XslRK9dMtMXyCieGbiA
[16-Mar-2026 11:11:04 UTC] Pages API - Using clerk_user_id: user_3AhnQJV5XslRK9dMtMXyCieGbiA
[16-Mar-2026 11:11:04 UTC] MySQL select query: SELECT `id` FROM `users` WHERE `clerk_user_id` = :where_clerk_user_id_0
[16-Mar-2026 11:11:04 UTC] MySQL select params: {"where_clerk_user_id_0":"user_3AhnQJV5XslRK9dMtMXyCieGbiA"}
[16-Mar-2026 11:11:04 UTC] MySQL select returned 1 rows
[16-Mar-2026 11:11:04 UTC] getUserIdFromClerkId - Query result: [{"id":2}]
[16-Mar-2026 11:11:04 UTC] Pages API - User ID from database: 2
[16-Mar-2026 11:11:04 UTC] Pages API - Success! User ID: 2
[16-Mar-2026 11:11:04 UTC] MySQL select query: SELECT * FROM `user_pages` WHERE `id` = :where_id_0 AND `user_id` = :where_user_id_1
[16-Mar-2026 11:11:04 UTC] MySQL select params: {"where_id_0":"5af95f14-2120-11f1-bfcb-d85ed359730c","where_user_id_1":2}
[16-Mar-2026 11:11:04 UTC] MySQL select returned 0 rows
[16-Mar-2026 11:11:04 UTC] Error getting page: Page not found or access denied
[16-Mar-2026 11:11:04 UTC] Pages API error: Page not found or access denied
[16-Mar-2026 11:11:05 UTC] Pages API - Incoming request - Method: GET, Payload size: 0 bytes (0 KB)
[16-Mar-2026 11:11:05 UTC] Pages API - Method: GET
[16-Mar-2026 11:11:05 UTC] Pages API - clerk_user_id from request: null
[16-Mar-2026 11:11:05 UTC] Pages API - clerk_user_id from session: user_3AhnQJV5XslRK9dMtMXyCieGbiA
[16-Mar-2026 11:11:05 UTC] Pages API - Using clerk_user_id: user_3AhnQJV5XslRK9dMtMXyCieGbiA
[16-Mar-2026 11:11:05 UTC] Pages API - Using clerk_user_id: user_3AhnQJV5XslRK9dMtMXyCieGbiA
[16-Mar-2026 11:11:05 UTC] MySQL select query: SELECT `id` FROM `users` WHERE `clerk_user_id` = :where_clerk_user_id_0
[16-Mar-2026 11:11:05 UTC] MySQL select params: {"where_clerk_user_id_0":"user_3AhnQJV5XslRK9dMtMXyCieGbiA"}
[16-Mar-2026 11:11:05 UTC] MySQL select returned 1 rows
[16-Mar-2026 11:11:05 UTC] getUserIdFromClerkId - Query result: [{"id":2}]
[16-Mar-2026 11:11:05 UTC] Pages API - User ID from database: 2
[16-Mar-2026 11:11:05 UTC] Pages API - Success! User ID: 2
[16-Mar-2026 11:11:05 UTC] MySQL select query: SELECT * FROM `user_pages` WHERE `id` = :where_id_0 AND `user_id` = :where_user_id_1
[16-Mar-2026 11:11:05 UTC] MySQL select params: {"where_id_0":"5af95f14-2120-11f1-bfcb-d85ed359730c","where_user_id_1":2}
[16-Mar-2026 11:11:05 UTC] MySQL select returned 0 rows
[16-Mar-2026 11:11:05 UTC] Error getting page: Page not found or access denied
[16-Mar-2026 11:11:05 UTC] Pages API error: Page not found or access denied
[16-Mar-2026 11:11:05 UTC] Pages API - Incoming request - Method: GET, Payload size: 0 bytes (0 KB)
[16-Mar-2026 11:11:05 UTC] Pages API - Method: GET
[16-Mar-2026 11:11:05 UTC] Pages API - clerk_user_id from request: null
[16-Mar-2026 11:11:05 UTC] Pages API - clerk_user_id from session: user_3AhnQJV5XslRK9dMtMXyCieGbiA
[16-Mar-2026 11:11:05 UTC] Pages API - Using clerk_user_id: user_3AhnQJV5XslRK9dMtMXyCieGbiA
[16-Mar-2026 11:11:05 UTC] Pages API - Using clerk_user_id: user_3AhnQJV5XslRK9dMtMXyCieGbiA
[16-Mar-2026 11:11:05 UTC] MySQL select query: SELECT `id` FROM `users` WHERE `clerk_user_id` = :where_clerk_user_id_0
[16-Mar-2026 11:11:05 UTC] MySQL select params: {"where_clerk_user_id_0":"user_3AhnQJV5XslRK9dMtMXyCieGbiA"}
[16-Mar-2026 11:11:05 UTC] MySQL select returned 1 rows
[16-Mar-2026 11:11:05 UTC] getUserIdFromClerkId - Query result: [{"id":2}]
[16-Mar-2026 11:11:05 UTC] Pages API - User ID from database: 2
[16-Mar-2026 11:11:05 UTC] Pages API - Success! User ID: 2
[16-Mar-2026 11:11:05 UTC] MySQL select query: SELECT `id`, `title`, `thumbnail_url`, `is_favorite`, `is_public`, `share_token`, `share_slug`, `last_accessed`, `created_at`, `updated_at` FROM `user_pages` WHERE `user_id` = :where_user_id_0 ORDER BY COALESCE(`last_accessed`, '1970-01-01 00:00:00') DESC
[16-Mar-2026 11:11:05 UTC] MySQL select params: {"where_user_id_0":2}
[16-Mar-2026 11:11:05 UTC] MySQL select returned 4 rows
[16-Mar-2026 11:11:34 UTC] Successfully loaded .env from: C:\Users\Pablo\Documents\GitHub\nine-screen-canvas-flow/.env
[16-Mar-2026 11:11:34 UTC] MySQL select query: SELECT `id` FROM `users` WHERE `clerk_user_id` = :where_clerk_user_id_0
[16-Mar-2026 11:11:34 UTC] MySQL select params: {"where_clerk_user_id_0":"user_3AhnQJV5XslRK9dMtMXyCieGbiA"}
[16-Mar-2026 11:11:34 UTC] MySQL select returned 1 rows
[16-Mar-2026 11:11:34 UTC] MySQL select query: SELECT * FROM `user_pages` WHERE `id` = :where_id_0 AND `user_id` = :where_user_id_1
[16-Mar-2026 11:11:34 UTC] MySQL select params: {"where_id_0":"f2435a14-2127-11f1-bfcb-d85ed359730c","where_user_id_1":2}
[16-Mar-2026 11:11:34 UTC] MySQL select returned 1 rows
[16-Mar-2026 11:11:35 UTC] Pages API - Incoming request - Method: GET, Payload size: 0 bytes (0 KB)
[16-Mar-2026 11:11:35 UTC] Pages API - Method: GET
[16-Mar-2026 11:11:35 UTC] Pages API - clerk_user_id from request: null
[16-Mar-2026 11:11:35 UTC] Pages API - clerk_user_id from session: user_3AhnQJV5XslRK9dMtMXyCieGbiA
[16-Mar-2026 11:11:35 UTC] Pages API - Using clerk_user_id: user_3AhnQJV5XslRK9dMtMXyCieGbiA
[16-Mar-2026 11:11:35 UTC] Pages API - Using clerk_user_id: user_3AhnQJV5XslRK9dMtMXyCieGbiA
[16-Mar-2026 11:11:35 UTC] MySQL select query: SELECT `id` FROM `users` WHERE `clerk_user_id` = :where_clerk_user_id_0
[16-Mar-2026 11:11:35 UTC] MySQL select params: {"where_clerk_user_id_0":"user_3AhnQJV5XslRK9dMtMXyCieGbiA"}
[16-Mar-2026 11:11:35 UTC] MySQL select returned 1 rows
[16-Mar-2026 11:11:35 UTC] getUserIdFromClerkId - Query result: [{"id":2}]
[16-Mar-2026 11:11:35 UTC] Pages API - User ID from database: 2
[16-Mar-2026 11:11:35 UTC] Pages API - Success! User ID: 2
[16-Mar-2026 11:11:35 UTC] MySQL select query: SELECT `id`, `title`, `thumbnail_url`, `is_favorite`, `is_public`, `share_token`, `share_slug`, `last_accessed`, `created_at`, `updated_at` FROM `user_pages` WHERE `user_id` = :where_user_id_0 ORDER BY COALESCE(`last_accessed`, '1970-01-01 00:00:00') DESC
[16-Mar-2026 11:11:35 UTC] MySQL select params: {"where_user_id_0":2}
[16-Mar-2026 11:11:35 UTC] MySQL select returned 4 rows
[16-Mar-2026 11:11:52 UTC] Successfully loaded .env from: C:\Users\Pablo\Documents\GitHub\nine-screen-canvas-flow/.env
[16-Mar-2026 11:11:52 UTC] MySQL select query: SELECT `id` FROM `users` WHERE `clerk_user_id` = :where_clerk_user_id_0
[16-Mar-2026 11:11:52 UTC] MySQL select params: {"where_clerk_user_id_0":"user_3AhnQJV5XslRK9dMtMXyCieGbiA"}
[16-Mar-2026 11:11:52 UTC] MySQL select returned 1 rows
[16-Mar-2026 11:11:52 UTC] MySQL select query: SELECT * FROM `user_pages` WHERE `id` = :where_id_0 AND `user_id` = :where_user_id_1
[16-Mar-2026 11:11:52 UTC] MySQL select params: {"where_id_0":"f2435a14-2127-11f1-bfcb-d85ed359730c","where_user_id_1":2}
[16-Mar-2026 11:11:52 UTC] MySQL select returned 1 rows
[16-Mar-2026 11:11:53 UTC] Pages API - Incoming request - Method: GET, Payload size: 0 bytes (0 KB)
[16-Mar-2026 11:11:53 UTC] Pages API - Method: GET
[16-Mar-2026 11:11:53 UTC] Pages API - clerk_user_id from request: null
[16-Mar-2026 11:11:53 UTC] Pages API - clerk_user_id from session: user_3AhnQJV5XslRK9dMtMXyCieGbiA
[16-Mar-2026 11:11:53 UTC] Pages API - Using clerk_user_id: user_3AhnQJV5XslRK9dMtMXyCieGbiA
[16-Mar-2026 11:11:53 UTC] Pages API - Using clerk_user_id: user_3AhnQJV5XslRK9dMtMXyCieGbiA
[16-Mar-2026 11:11:53 UTC] MySQL select query: SELECT `id` FROM `users` WHERE `clerk_user_id` = :where_clerk_user_id_0
[16-Mar-2026 11:11:53 UTC] MySQL select params: {"where_clerk_user_id_0":"user_3AhnQJV5XslRK9dMtMXyCieGbiA"}
[16-Mar-2026 11:11:53 UTC] MySQL select returned 1 rows
[16-Mar-2026 11:11:53 UTC] getUserIdFromClerkId - Query result: [{"id":2}]
[16-Mar-2026 11:11:53 UTC] Pages API - User ID from database: 2
[16-Mar-2026 11:11:53 UTC] Pages API - Success! User ID: 2
[16-Mar-2026 11:11:53 UTC] MySQL select query: SELECT `id`, `title`, `thumbnail_url`, `is_favorite`, `is_public`, `share_token`, `share_slug`, `last_accessed`, `created_at`, `updated_at` FROM `user_pages` WHERE `user_id` = :where_user_id_0 ORDER BY COALESCE(`last_accessed`, '1970-01-01 00:00:00') DESC
[16-Mar-2026 11:11:53 UTC] MySQL select params: {"where_user_id_0":2}
[16-Mar-2026 11:11:53 UTC] MySQL select returned 4 rows
[16-Mar-2026 11:14:19 UTC] Successfully loaded .env from: C:\Users\Pablo\Documents\GitHub\nine-screen-canvas-flow/.env
[16-Mar-2026 11:14:19 UTC] syncClerkSession - Refreshing paid status for: ptrigol@gmail.com
[16-Mar-2026 11:14:20 UTC] Purchases database connection failed: SQLSTATE[HY000] [1045] Access denied for user 'alvarotrigo_alvarotrigo'@'79.117.116.182' (using password: YES)
[16-Mar-2026 11:14:20 UTC] Attempted connection to: host=nocn.noc-n.com, dbname=alvarotrigo_alvarotrigo, user=alvarotrigo_alvarotrigo
[16-Mar-2026 11:14:20 UTC] Error checking user paid status: Purchases database connection failed: SQLSTATE[HY000] [1045] Access denied for user 'alvarotrigo_alvarotrigo'@'79.117.116.182' (using password: YES)
[16-Mar-2026 11:14:20 UTC] MySQL select query: SELECT * FROM `users` WHERE `email` = :where_email_0 AND `pro_status_source` = :where_pro_status_source_1
[16-Mar-2026 11:14:20 UTC] MySQL select params: {"where_email_0":"ptrigol@gmail.com","where_pro_status_source_1":"polar"}
[16-Mar-2026 11:14:20 UTC] MySQL select returned 0 rows
[16-Mar-2026 11:14:20 UTC] MySQL select query: SELECT * FROM `subscriptions` WHERE `customer_email` = :where_customer_email_0 AND `status` = :where_status_1
[16-Mar-2026 11:14:20 UTC] MySQL select params: {"where_customer_email_0":"ptrigol@gmail.com","where_status_1":"active"}
[16-Mar-2026 11:14:20 UTC] MySQL select returned 0 rows
[16-Mar-2026 11:14:20 UTC] syncClerkSession - Paid status refreshed: is_paid=false
[16-Mar-2026 11:14:20 UTC] MySQL select query: SELECT `id` FROM `users` WHERE `clerk_user_id` = :where_clerk_user_id_0
[16-Mar-2026 11:14:20 UTC] MySQL select params: {"where_clerk_user_id_0":"user_3AhnQJV5XslRK9dMtMXyCieGbiA"}
[16-Mar-2026 11:14:20 UTC] MySQL select returned 1 rows
[16-Mar-2026 11:14:20 UTC] MySQL select query: SELECT * FROM `user_pages` WHERE `id` = :where_id_0 AND `user_id` = :where_user_id_1
[16-Mar-2026 11:14:20 UTC] MySQL select params: {"where_id_0":"f2435a14-2127-11f1-bfcb-d85ed359730c","where_user_id_1":2}
[16-Mar-2026 11:14:20 UTC] MySQL select returned 1 rows
[16-Mar-2026 11:14:21 UTC] Pages API - Incoming request - Method: GET, Payload size: 0 bytes (0 KB)
[16-Mar-2026 11:14:21 UTC] Pages API - Method: GET
[16-Mar-2026 11:14:21 UTC] Pages API - clerk_user_id from request: null
[16-Mar-2026 11:14:21 UTC] Pages API - clerk_user_id from session: user_3AhnQJV5XslRK9dMtMXyCieGbiA
[16-Mar-2026 11:14:21 UTC] Pages API - Using clerk_user_id: user_3AhnQJV5XslRK9dMtMXyCieGbiA
[16-Mar-2026 11:14:21 UTC] Pages API - Using clerk_user_id: user_3AhnQJV5XslRK9dMtMXyCieGbiA
[16-Mar-2026 11:14:21 UTC] MySQL select query: SELECT `id` FROM `users` WHERE `clerk_user_id` = :where_clerk_user_id_0
[16-Mar-2026 11:14:21 UTC] MySQL select params: {"where_clerk_user_id_0":"user_3AhnQJV5XslRK9dMtMXyCieGbiA"}
[16-Mar-2026 11:14:21 UTC] MySQL select returned 1 rows
[16-Mar-2026 11:14:21 UTC] getUserIdFromClerkId - Query result: [{"id":2}]
[16-Mar-2026 11:14:21 UTC] Pages API - User ID from database: 2
[16-Mar-2026 11:14:21 UTC] Pages API - Success! User ID: 2
[16-Mar-2026 11:14:21 UTC] MySQL select query: SELECT `id`, `title`, `thumbnail_url`, `is_favorite`, `is_public`, `share_token`, `share_slug`, `last_accessed`, `created_at`, `updated_at` FROM `user_pages` WHERE `user_id` = :where_user_id_0 ORDER BY COALESCE(`last_accessed`, '1970-01-01 00:00:00') DESC
[16-Mar-2026 11:14:21 UTC] MySQL select params: {"where_user_id_0":2}
[16-Mar-2026 11:14:21 UTC] MySQL select returned 4 rows
[16-Mar-2026 11:14:47 UTC] Successfully loaded .env from: C:\Users\Pablo\Documents\GitHub\nine-screen-canvas-flow/.env
[16-Mar-2026 11:14:47 UTC] MySQL select query: SELECT `id` FROM `users` WHERE `clerk_user_id` = :where_clerk_user_id_0
[16-Mar-2026 11:14:47 UTC] MySQL select params: {"where_clerk_user_id_0":"user_3AhnQJV5XslRK9dMtMXyCieGbiA"}
[16-Mar-2026 11:14:47 UTC] MySQL select returned 1 rows
[16-Mar-2026 11:14:47 UTC] MySQL select query: SELECT * FROM `user_pages` WHERE `id` = :where_id_0 AND `user_id` = :where_user_id_1
[16-Mar-2026 11:14:47 UTC] MySQL select params: {"where_id_0":"f2435a14-2127-11f1-bfcb-d85ed359730c","where_user_id_1":2}
[16-Mar-2026 11:14:47 UTC] MySQL select returned 1 rows
[16-Mar-2026 11:14:48 UTC] Pages API - Incoming request - Method: GET, Payload size: 0 bytes (0 KB)
[16-Mar-2026 11:14:48 UTC] Pages API - Method: GET
[16-Mar-2026 11:14:48 UTC] Pages API - clerk_user_id from request: null
[16-Mar-2026 11:14:48 UTC] Pages API - clerk_user_id from session: user_3AhnQJV5XslRK9dMtMXyCieGbiA
[16-Mar-2026 11:14:48 UTC] Pages API - Using clerk_user_id: user_3AhnQJV5XslRK9dMtMXyCieGbiA
[16-Mar-2026 11:14:48 UTC] Pages API - Using clerk_user_id: user_3AhnQJV5XslRK9dMtMXyCieGbiA
[16-Mar-2026 11:14:48 UTC] MySQL select query: SELECT `id` FROM `users` WHERE `clerk_user_id` = :where_clerk_user_id_0
[16-Mar-2026 11:14:48 UTC] MySQL select params: {"where_clerk_user_id_0":"user_3AhnQJV5XslRK9dMtMXyCieGbiA"}
[16-Mar-2026 11:14:48 UTC] MySQL select returned 1 rows
[16-Mar-2026 11:14:48 UTC] getUserIdFromClerkId - Query result: [{"id":2}]
[16-Mar-2026 11:14:48 UTC] Pages API - User ID from database: 2
[16-Mar-2026 11:14:48 UTC] Pages API - Success! User ID: 2
[16-Mar-2026 11:14:48 UTC] MySQL select query: SELECT `id`, `title`, `thumbnail_url`, `is_favorite`, `is_public`, `share_token`, `share_slug`, `last_accessed`, `created_at`, `updated_at` FROM `user_pages` WHERE `user_id` = :where_user_id_0 ORDER BY COALESCE(`last_accessed`, '1970-01-01 00:00:00') DESC
[16-Mar-2026 11:14:48 UTC] MySQL select params: {"where_user_id_0":2}
[16-Mar-2026 11:14:48 UTC] MySQL select returned 4 rows
[16-Mar-2026 11:17:21 UTC] Successfully loaded .env from: C:\Users\Pablo\Documents\GitHub\nine-screen-canvas-flow/.env
[16-Mar-2026 11:17:21 UTC] MySQL select query: SELECT `id` FROM `users` WHERE `clerk_user_id` = :where_clerk_user_id_0
[16-Mar-2026 11:17:21 UTC] MySQL select params: {"where_clerk_user_id_0":"user_3AhnQJV5XslRK9dMtMXyCieGbiA"}
[16-Mar-2026 11:17:21 UTC] MySQL select returned 1 rows
[16-Mar-2026 11:17:21 UTC] MySQL select query: SELECT * FROM `user_pages` WHERE `id` = :where_id_0 AND `user_id` = :where_user_id_1
[16-Mar-2026 11:17:21 UTC] MySQL select params: {"where_id_0":"f2435a14-2127-11f1-bfcb-d85ed359730c","where_user_id_1":2}
[16-Mar-2026 11:17:21 UTC] MySQL select returned 1 rows
[16-Mar-2026 11:17:22 UTC] Pages API - Incoming request - Method: GET, Payload size: 0 bytes (0 KB)
[16-Mar-2026 11:17:22 UTC] Pages API - Method: GET
[16-Mar-2026 11:17:22 UTC] Pages API - clerk_user_id from request: null
[16-Mar-2026 11:17:22 UTC] Pages API - clerk_user_id from session: user_3AhnQJV5XslRK9dMtMXyCieGbiA
[16-Mar-2026 11:17:22 UTC] Pages API - Using clerk_user_id: user_3AhnQJV5XslRK9dMtMXyCieGbiA
[16-Mar-2026 11:17:22 UTC] Pages API - Using clerk_user_id: user_3AhnQJV5XslRK9dMtMXyCieGbiA
[16-Mar-2026 11:17:22 UTC] MySQL select query: SELECT `id` FROM `users` WHERE `clerk_user_id` = :where_clerk_user_id_0
[16-Mar-2026 11:17:22 UTC] MySQL select params: {"where_clerk_user_id_0":"user_3AhnQJV5XslRK9dMtMXyCieGbiA"}
[16-Mar-2026 11:17:22 UTC] MySQL select returned 1 rows
[16-Mar-2026 11:17:22 UTC] getUserIdFromClerkId - Query result: [{"id":2}]
[16-Mar-2026 11:17:22 UTC] Pages API - User ID from database: 2
[16-Mar-2026 11:17:22 UTC] Pages API - Success! User ID: 2
[16-Mar-2026 11:17:22 UTC] MySQL select query: SELECT `id`, `title`, `thumbnail_url`, `is_favorite`, `is_public`, `share_token`, `share_slug`, `last_accessed`, `created_at`, `updated_at` FROM `user_pages` WHERE `user_id` = :where_user_id_0 ORDER BY COALESCE(`last_accessed`, '1970-01-01 00:00:00') DESC
[16-Mar-2026 11:17:22 UTC] MySQL select params: {"where_user_id_0":2}
[16-Mar-2026 11:17:22 UTC] MySQL select returned 4 rows
[16-Mar-2026 11:18:50 UTC] Successfully loaded .env from: C:\Users\Pablo\Documents\GitHub\nine-screen-canvas-flow/.env
[16-Mar-2026 11:18:50 UTC] MySQL select query: SELECT `id` FROM `users` WHERE `clerk_user_id` = :where_clerk_user_id_0
[16-Mar-2026 11:18:50 UTC] MySQL select params: {"where_clerk_user_id_0":"user_3AhnQJV5XslRK9dMtMXyCieGbiA"}
[16-Mar-2026 11:18:50 UTC] MySQL select returned 1 rows
[16-Mar-2026 11:18:50 UTC] MySQL select query: SELECT * FROM `user_pages` WHERE `id` = :where_id_0 AND `user_id` = :where_user_id_1
[16-Mar-2026 11:18:50 UTC] MySQL select params: {"where_id_0":"f2435a14-2127-11f1-bfcb-d85ed359730c","where_user_id_1":2}
[16-Mar-2026 11:18:50 UTC] MySQL select returned 1 rows
[16-Mar-2026 11:18:51 UTC] Pages API - Incoming request - Method: GET, Payload size: 0 bytes (0 KB)
[16-Mar-2026 11:18:51 UTC] Pages API - Method: GET
[16-Mar-2026 11:18:51 UTC] Pages API - clerk_user_id from request: null
[16-Mar-2026 11:18:51 UTC] Pages API - clerk_user_id from session: user_3AhnQJV5XslRK9dMtMXyCieGbiA
[16-Mar-2026 11:18:51 UTC] Pages API - Using clerk_user_id: user_3AhnQJV5XslRK9dMtMXyCieGbiA
[16-Mar-2026 11:18:51 UTC] Pages API - Using clerk_user_id: user_3AhnQJV5XslRK9dMtMXyCieGbiA
[16-Mar-2026 11:18:51 UTC] MySQL select query: SELECT `id` FROM `users` WHERE `clerk_user_id` = :where_clerk_user_id_0
[16-Mar-2026 11:18:51 UTC] MySQL select params: {"where_clerk_user_id_0":"user_3AhnQJV5XslRK9dMtMXyCieGbiA"}
[16-Mar-2026 11:18:51 UTC] MySQL select returned 1 rows
[16-Mar-2026 11:18:51 UTC] getUserIdFromClerkId - Query result: [{"id":2}]
[16-Mar-2026 11:18:51 UTC] Pages API - User ID from database: 2
[16-Mar-2026 11:18:51 UTC] Pages API - Success! User ID: 2
[16-Mar-2026 11:18:51 UTC] MySQL select query: SELECT `id`, `title`, `thumbnail_url`, `is_favorite`, `is_public`, `share_token`, `share_slug`, `last_accessed`, `created_at`, `updated_at` FROM `user_pages` WHERE `user_id` = :where_user_id_0 ORDER BY COALESCE(`last_accessed`, '1970-01-01 00:00:00') DESC
[16-Mar-2026 11:18:51 UTC] MySQL select params: {"where_user_id_0":2}
[16-Mar-2026 11:18:51 UTC] MySQL select returned 4 rows
[16-Mar-2026 11:19:19 UTC] Successfully loaded .env from: C:\Users\Pablo\Documents\GitHub\nine-screen-canvas-flow/.env
[16-Mar-2026 11:19:19 UTC] MySQL select query: SELECT `id` FROM `users` WHERE `clerk_user_id` = :where_clerk_user_id_0
[16-Mar-2026 11:19:19 UTC] MySQL select params: {"where_clerk_user_id_0":"user_3AhnQJV5XslRK9dMtMXyCieGbiA"}
[16-Mar-2026 11:19:19 UTC] MySQL select returned 1 rows
[16-Mar-2026 11:19:19 UTC] MySQL select query: SELECT * FROM `user_pages` WHERE `id` = :where_id_0 AND `user_id` = :where_user_id_1
[16-Mar-2026 11:19:19 UTC] MySQL select params: {"where_id_0":"f2435a14-2127-11f1-bfcb-d85ed359730c","where_user_id_1":2}
[16-Mar-2026 11:19:19 UTC] MySQL select returned 1 rows
[16-Mar-2026 11:19:20 UTC] Pages API - Incoming request - Method: GET, Payload size: 0 bytes (0 KB)
[16-Mar-2026 11:19:20 UTC] Pages API - Method: GET
[16-Mar-2026 11:19:20 UTC] Pages API - clerk_user_id from request: null
[16-Mar-2026 11:19:20 UTC] Pages API - clerk_user_id from session: user_3AhnQJV5XslRK9dMtMXyCieGbiA
[16-Mar-2026 11:19:20 UTC] Pages API - Using clerk_user_id: user_3AhnQJV5XslRK9dMtMXyCieGbiA
[16-Mar-2026 11:19:20 UTC] Pages API - Using clerk_user_id: user_3AhnQJV5XslRK9dMtMXyCieGbiA
[16-Mar-2026 11:19:20 UTC] MySQL select query: SELECT `id` FROM `users` WHERE `clerk_user_id` = :where_clerk_user_id_0
[16-Mar-2026 11:19:20 UTC] MySQL select params: {"where_clerk_user_id_0":"user_3AhnQJV5XslRK9dMtMXyCieGbiA"}
[16-Mar-2026 11:19:20 UTC] MySQL select returned 1 rows
[16-Mar-2026 11:19:20 UTC] getUserIdFromClerkId - Query result: [{"id":2}]
[16-Mar-2026 11:19:20 UTC] Pages API - User ID from database: 2
[16-Mar-2026 11:19:20 UTC] Pages API - Success! User ID: 2
[16-Mar-2026 11:19:20 UTC] MySQL select query: SELECT `id`, `title`, `thumbnail_url`, `is_favorite`, `is_public`, `share_token`, `share_slug`, `last_accessed`, `created_at`, `updated_at` FROM `user_pages` WHERE `user_id` = :where_user_id_0 ORDER BY COALESCE(`last_accessed`, '1970-01-01 00:00:00') DESC
[16-Mar-2026 11:19:20 UTC] MySQL select params: {"where_user_id_0":2}
[16-Mar-2026 11:19:20 UTC] MySQL select returned 4 rows
[16-Mar-2026 11:19:29 UTC] Successfully loaded .env from: C:\Users\Pablo\Documents\GitHub\nine-screen-canvas-flow/.env
[16-Mar-2026 11:19:29 UTC] syncClerkSession - Refreshing paid status for: ptrigol@gmail.com
[16-Mar-2026 11:19:30 UTC] Purchases database connection failed: SQLSTATE[HY000] [1045] Access denied for user 'alvarotrigo_alvarotrigo'@'79.117.116.182' (using password: YES)
[16-Mar-2026 11:19:30 UTC] Attempted connection to: host=nocn.noc-n.com, dbname=alvarotrigo_alvarotrigo, user=alvarotrigo_alvarotrigo
[16-Mar-2026 11:19:30 UTC] Error checking user paid status: Purchases database connection failed: SQLSTATE[HY000] [1045] Access denied for user 'alvarotrigo_alvarotrigo'@'79.117.116.182' (using password: YES)
[16-Mar-2026 11:19:30 UTC] MySQL select query: SELECT * FROM `users` WHERE `email` = :where_email_0 AND `pro_status_source` = :where_pro_status_source_1
[16-Mar-2026 11:19:30 UTC] MySQL select params: {"where_email_0":"ptrigol@gmail.com","where_pro_status_source_1":"polar"}
[16-Mar-2026 11:19:30 UTC] MySQL select returned 0 rows
[16-Mar-2026 11:19:30 UTC] MySQL select query: SELECT * FROM `subscriptions` WHERE `customer_email` = :where_customer_email_0 AND `status` = :where_status_1
[16-Mar-2026 11:19:30 UTC] MySQL select params: {"where_customer_email_0":"ptrigol@gmail.com","where_status_1":"active"}
[16-Mar-2026 11:19:30 UTC] MySQL select returned 0 rows
[16-Mar-2026 11:19:30 UTC] syncClerkSession - Paid status refreshed: is_paid=false
[16-Mar-2026 11:19:30 UTC] MySQL select query: SELECT `id` FROM `users` WHERE `clerk_user_id` = :where_clerk_user_id_0
[16-Mar-2026 11:19:30 UTC] MySQL select params: {"where_clerk_user_id_0":"user_3AhnQJV5XslRK9dMtMXyCieGbiA"}
[16-Mar-2026 11:19:30 UTC] MySQL select returned 1 rows
[16-Mar-2026 11:19:30 UTC] MySQL select query: SELECT * FROM `user_pages` WHERE `id` = :where_id_0 AND `user_id` = :where_user_id_1
[16-Mar-2026 11:19:30 UTC] MySQL select params: {"where_id_0":"f2435a14-2127-11f1-bfcb-d85ed359730c","where_user_id_1":2}
[16-Mar-2026 11:19:30 UTC] MySQL select returned 1 rows
[16-Mar-2026 11:19:31 UTC] Pages API - Incoming request - Method: GET, Payload size: 0 bytes (0 KB)
[16-Mar-2026 11:19:31 UTC] Pages API - Method: GET
[16-Mar-2026 11:19:31 UTC] Pages API - clerk_user_id from request: null
[16-Mar-2026 11:19:31 UTC] Pages API - clerk_user_id from session: user_3AhnQJV5XslRK9dMtMXyCieGbiA
[16-Mar-2026 11:19:31 UTC] Pages API - Using clerk_user_id: user_3AhnQJV5XslRK9dMtMXyCieGbiA
[16-Mar-2026 11:19:31 UTC] Pages API - Using clerk_user_id: user_3AhnQJV5XslRK9dMtMXyCieGbiA
[16-Mar-2026 11:19:31 UTC] MySQL select query: SELECT `id` FROM `users` WHERE `clerk_user_id` = :where_clerk_user_id_0
[16-Mar-2026 11:19:31 UTC] MySQL select params: {"where_clerk_user_id_0":"user_3AhnQJV5XslRK9dMtMXyCieGbiA"}
[16-Mar-2026 11:19:31 UTC] MySQL select returned 1 rows
[16-Mar-2026 11:19:31 UTC] getUserIdFromClerkId - Query result: [{"id":2}]
[16-Mar-2026 11:19:31 UTC] Pages API - User ID from database: 2
[16-Mar-2026 11:19:31 UTC] Pages API - Success! User ID: 2
[16-Mar-2026 11:19:31 UTC] MySQL select query: SELECT `id`, `title`, `thumbnail_url`, `is_favorite`, `is_public`, `share_token`, `share_slug`, `last_accessed`, `created_at`, `updated_at` FROM `user_pages` WHERE `user_id` = :where_user_id_0 ORDER BY COALESCE(`last_accessed`, '1970-01-01 00:00:00') DESC
[16-Mar-2026 11:19:31 UTC] MySQL select params: {"where_user_id_0":2}
[16-Mar-2026 11:19:31 UTC] MySQL select returned 4 rows
[16-Mar-2026 11:19:37 UTC] Successfully loaded .env from: C:\Users\Pablo\Documents\GitHub\nine-screen-canvas-flow/.env
[16-Mar-2026 11:19:37 UTC] MySQL select query: SELECT `id` FROM `users` WHERE `clerk_user_id` = :where_clerk_user_id_0
[16-Mar-2026 11:19:37 UTC] MySQL select params: {"where_clerk_user_id_0":"user_3AhnQJV5XslRK9dMtMXyCieGbiA"}
[16-Mar-2026 11:19:37 UTC] MySQL select returned 1 rows
[16-Mar-2026 11:19:37 UTC] MySQL select query: SELECT * FROM `user_pages` WHERE `id` = :where_id_0 AND `user_id` = :where_user_id_1
[16-Mar-2026 11:19:37 UTC] MySQL select params: {"where_id_0":"f2435a14-2127-11f1-bfcb-d85ed359730c","where_user_id_1":2}
[16-Mar-2026 11:19:37 UTC] MySQL select returned 1 rows
[16-Mar-2026 11:19:38 UTC] Pages API - Incoming request - Method: GET, Payload size: 0 bytes (0 KB)
[16-Mar-2026 11:19:38 UTC] Pages API - Method: GET
[16-Mar-2026 11:19:38 UTC] Pages API - clerk_user_id from request: null
[16-Mar-2026 11:19:38 UTC] Pages API - clerk_user_id from session: user_3AhnQJV5XslRK9dMtMXyCieGbiA
[16-Mar-2026 11:19:38 UTC] Pages API - Using clerk_user_id: user_3AhnQJV5XslRK9dMtMXyCieGbiA
[16-Mar-2026 11:19:38 UTC] Pages API - Using clerk_user_id: user_3AhnQJV5XslRK9dMtMXyCieGbiA
[16-Mar-2026 11:19:38 UTC] MySQL select query: SELECT `id` FROM `users` WHERE `clerk_user_id` = :where_clerk_user_id_0
[16-Mar-2026 11:19:38 UTC] MySQL select params: {"where_clerk_user_id_0":"user_3AhnQJV5XslRK9dMtMXyCieGbiA"}
[16-Mar-2026 11:19:38 UTC] MySQL select returned 1 rows
[16-Mar-2026 11:19:38 UTC] getUserIdFromClerkId - Query result: [{"id":2}]
[16-Mar-2026 11:19:38 UTC] Pages API - User ID from database: 2
[16-Mar-2026 11:19:38 UTC] Pages API - Success! User ID: 2
[16-Mar-2026 11:19:38 UTC] MySQL select query: SELECT `id`, `title`, `thumbnail_url`, `is_favorite`, `is_public`, `share_token`, `share_slug`, `last_accessed`, `created_at`, `updated_at` FROM `user_pages` WHERE `user_id` = :where_user_id_0 ORDER BY COALESCE(`last_accessed`, '1970-01-01 00:00:00') DESC
[16-Mar-2026 11:19:38 UTC] MySQL select params: {"where_user_id_0":2}
[16-Mar-2026 11:19:38 UTC] MySQL select returned 4 rows
[16-Mar-2026 11:25:33 UTC] Successfully loaded .env from: C:\Users\Pablo\Documents\GitHub\nine-screen-canvas-flow/.env
[16-Mar-2026 11:25:33 UTC] syncClerkSession - Refreshing paid status for: ptrigol@gmail.com
[16-Mar-2026 11:25:34 UTC] Purchases database connection failed: SQLSTATE[HY000] [1045] Access denied for user 'alvarotrigo_alvarotrigo'@'79.117.116.182' (using password: YES)
[16-Mar-2026 11:25:34 UTC] Attempted connection to: host=nocn.noc-n.com, dbname=alvarotrigo_alvarotrigo, user=alvarotrigo_alvarotrigo
[16-Mar-2026 11:25:34 UTC] Error checking user paid status: Purchases database connection failed: SQLSTATE[HY000] [1045] Access denied for user 'alvarotrigo_alvarotrigo'@'79.117.116.182' (using password: YES)
[16-Mar-2026 11:25:34 UTC] MySQL select query: SELECT * FROM `users` WHERE `email` = :where_email_0 AND `pro_status_source` = :where_pro_status_source_1
[16-Mar-2026 11:25:34 UTC] MySQL select params: {"where_email_0":"ptrigol@gmail.com","where_pro_status_source_1":"polar"}
[16-Mar-2026 11:25:34 UTC] MySQL select returned 0 rows
[16-Mar-2026 11:25:34 UTC] MySQL select query: SELECT * FROM `subscriptions` WHERE `customer_email` = :where_customer_email_0 AND `status` = :where_status_1
[16-Mar-2026 11:25:34 UTC] MySQL select params: {"where_customer_email_0":"ptrigol@gmail.com","where_status_1":"active"}
[16-Mar-2026 11:25:34 UTC] MySQL select returned 0 rows
[16-Mar-2026 11:25:34 UTC] syncClerkSession - Paid status refreshed: is_paid=false
[16-Mar-2026 11:25:34 UTC] MySQL select query: SELECT `id` FROM `users` WHERE `clerk_user_id` = :where_clerk_user_id_0
[16-Mar-2026 11:25:34 UTC] MySQL select params: {"where_clerk_user_id_0":"user_3AhnQJV5XslRK9dMtMXyCieGbiA"}
[16-Mar-2026 11:25:34 UTC] MySQL select returned 1 rows
[16-Mar-2026 11:25:34 UTC] MySQL select query: SELECT * FROM `user_pages` WHERE `id` = :where_id_0 AND `user_id` = :where_user_id_1
[16-Mar-2026 11:25:34 UTC] MySQL select params: {"where_id_0":"f2435a14-2127-11f1-bfcb-d85ed359730c","where_user_id_1":2}
[16-Mar-2026 11:25:34 UTC] MySQL select returned 1 rows
[16-Mar-2026 11:25:35 UTC] Pages API - Incoming request - Method: GET, Payload size: 0 bytes (0 KB)
[16-Mar-2026 11:25:35 UTC] Pages API - Method: GET
[16-Mar-2026 11:25:35 UTC] Pages API - clerk_user_id from request: null
[16-Mar-2026 11:25:35 UTC] Pages API - clerk_user_id from session: user_3AhnQJV5XslRK9dMtMXyCieGbiA
[16-Mar-2026 11:25:35 UTC] Pages API - Using clerk_user_id: user_3AhnQJV5XslRK9dMtMXyCieGbiA
[16-Mar-2026 11:25:35 UTC] Pages API - Using clerk_user_id: user_3AhnQJV5XslRK9dMtMXyCieGbiA
[16-Mar-2026 11:25:35 UTC] MySQL select query: SELECT `id` FROM `users` WHERE `clerk_user_id` = :where_clerk_user_id_0
[16-Mar-2026 11:25:35 UTC] MySQL select params: {"where_clerk_user_id_0":"user_3AhnQJV5XslRK9dMtMXyCieGbiA"}
[16-Mar-2026 11:25:35 UTC] MySQL select returned 1 rows
[16-Mar-2026 11:25:35 UTC] getUserIdFromClerkId - Query result: [{"id":2}]
[16-Mar-2026 11:25:35 UTC] Pages API - User ID from database: 2
[16-Mar-2026 11:25:35 UTC] Pages API - Success! User ID: 2
[16-Mar-2026 11:25:35 UTC] MySQL select query: SELECT `id`, `title`, `thumbnail_url`, `is_favorite`, `is_public`, `share_token`, `share_slug`, `last_accessed`, `created_at`, `updated_at` FROM `user_pages` WHERE `user_id` = :where_user_id_0 ORDER BY COALESCE(`last_accessed`, '1970-01-01 00:00:00') DESC
[16-Mar-2026 11:25:35 UTC] MySQL select params: {"where_user_id_0":2}
[16-Mar-2026 11:25:35 UTC] MySQL select returned 4 rows
[16-Mar-2026 11:26:36 UTC] Pages API - Incoming request - Method: GET, Payload size: 0 bytes (0 KB)
[16-Mar-2026 11:26:36 UTC] Pages API - Method: GET
[16-Mar-2026 11:26:36 UTC] Pages API - clerk_user_id from request: null
[16-Mar-2026 11:26:36 UTC] Pages API - clerk_user_id from session: user_3AhnQJV5XslRK9dMtMXyCieGbiA
[16-Mar-2026 11:26:36 UTC] Pages API - Using clerk_user_id: user_3AhnQJV5XslRK9dMtMXyCieGbiA
[16-Mar-2026 11:26:36 UTC] Pages API - Using clerk_user_id: user_3AhnQJV5XslRK9dMtMXyCieGbiA
[16-Mar-2026 11:26:36 UTC] MySQL select query: SELECT `id` FROM `users` WHERE `clerk_user_id` = :where_clerk_user_id_0
[16-Mar-2026 11:26:36 UTC] MySQL select params: {"where_clerk_user_id_0":"user_3AhnQJV5XslRK9dMtMXyCieGbiA"}
[16-Mar-2026 11:26:36 UTC] MySQL select returned 1 rows
[16-Mar-2026 11:26:36 UTC] getUserIdFromClerkId - Query result: [{"id":2}]
[16-Mar-2026 11:26:36 UTC] Pages API - User ID from database: 2
[16-Mar-2026 11:26:36 UTC] Pages API - Success! User ID: 2
[16-Mar-2026 11:26:36 UTC] MySQL select query: SELECT `id`, `title`, `thumbnail_url`, `is_favorite`, `is_public`, `share_token`, `share_slug`, `last_accessed`, `created_at`, `updated_at` FROM `user_pages` WHERE `user_id` = :where_user_id_0 ORDER BY COALESCE(`last_accessed`, '1970-01-01 00:00:00') DESC
[16-Mar-2026 11:26:36 UTC] MySQL select params: {"where_user_id_0":2}
[16-Mar-2026 11:26:36 UTC] MySQL select returned 4 rows
[16-Mar-2026 11:26:37 UTC] Successfully loaded .env from: C:\Users\Pablo\Documents\GitHub\nine-screen-canvas-flow/.env
[16-Mar-2026 11:26:37 UTC] MySQL select query: SELECT `id` FROM `users` WHERE `clerk_user_id` = :where_clerk_user_id_0
[16-Mar-2026 11:26:37 UTC] MySQL select params: {"where_clerk_user_id_0":"user_3AhnQJV5XslRK9dMtMXyCieGbiA"}
[16-Mar-2026 11:26:37 UTC] MySQL select returned 1 rows
[16-Mar-2026 11:26:37 UTC] MySQL select query: SELECT * FROM `user_pages` WHERE `id` = :where_id_0 AND `user_id` = :where_user_id_1
[16-Mar-2026 11:26:37 UTC] MySQL select params: {"where_id_0":"b8ec8c71-2127-11f1-bfcb-d85ed359730c","where_user_id_1":2}
[16-Mar-2026 11:26:37 UTC] MySQL select returned 1 rows
[16-Mar-2026 11:26:38 UTC] Pages API - Incoming request - Method: GET, Payload size: 0 bytes (0 KB)
[16-Mar-2026 11:26:38 UTC] Pages API - Method: GET
[16-Mar-2026 11:26:38 UTC] Pages API - clerk_user_id from request: null
[16-Mar-2026 11:26:38 UTC] Pages API - clerk_user_id from session: user_3AhnQJV5XslRK9dMtMXyCieGbiA
[16-Mar-2026 11:26:38 UTC] Pages API - Using clerk_user_id: user_3AhnQJV5XslRK9dMtMXyCieGbiA
[16-Mar-2026 11:26:38 UTC] Pages API - Using clerk_user_id: user_3AhnQJV5XslRK9dMtMXyCieGbiA
[16-Mar-2026 11:26:38 UTC] MySQL select query: SELECT `id` FROM `users` WHERE `clerk_user_id` = :where_clerk_user_id_0
[16-Mar-2026 11:26:38 UTC] MySQL select params: {"where_clerk_user_id_0":"user_3AhnQJV5XslRK9dMtMXyCieGbiA"}
[16-Mar-2026 11:26:38 UTC] MySQL select returned 1 rows
[16-Mar-2026 11:26:38 UTC] getUserIdFromClerkId - Query result: [{"id":2}]
[16-Mar-2026 11:26:38 UTC] Pages API - User ID from database: 2
[16-Mar-2026 11:26:38 UTC] Pages API - Success! User ID: 2
[16-Mar-2026 11:26:38 UTC] MySQL select query: SELECT `id`, `title`, `thumbnail_url`, `is_favorite`, `is_public`, `share_token`, `share_slug`, `last_accessed`, `created_at`, `updated_at` FROM `user_pages` WHERE `user_id` = :where_user_id_0 ORDER BY COALESCE(`last_accessed`, '1970-01-01 00:00:00') DESC
[16-Mar-2026 11:26:38 UTC] MySQL select params: {"where_user_id_0":2}
[16-Mar-2026 11:26:38 UTC] MySQL select returned 4 rows
